host=gpu-4090-112 gpu=0 date=Fri Sep 18 15:28:57 HKT 2026
Command: python -u main.py --method ours --dataset cifar10 --backbone resnet --select ours --merge fedadam --device cuda

==================================================================
 Ours  
  Dataset=cifar10 | beta=0.1 | Backbone=resnet | Clients=10 | Experts=4
  Select=ours | Merge=fedadam
  Rounds=100 | LR=0.01
  Bandwidth: expert_bw=10 | bw=[10, 40] | Rayleigh-Shannon, SNR=10 dB | k=floor(bw/10)
==================================================================


[Partition] Dirichlet beta=0.1, 10 clients
  Client 0:   6071 samples | 3/10 classes
  Client 1:  18481 samples | 7/10 classes
  Client 2:    174 samples | 3/10 classes
  Client 3:    462 samples | 3/10 classes
  Client 4:   2759 samples | 3/10 classes
  Client 5:   5740 samples | 7/10 classes
  Client 6:   1703 samples | 4/10 classes
  Client 7:   3407 samples | 7/10 classes
  Client 8:   6483 samples | 7/10 classes
  Client 9:   4720 samples | 10/10 classes

[Upload] expert_bw=10 | available bw=[10, 40] | Rayleigh-Shannon, SNR=10 dB | upload k=floor(bw/10), cap=4 | probe gate scores, then train selected experts

[Model] Total params: 12,242,024

[Export] 本次实验目录: /userhome/cs3/duanty/FedMoE/results/20260918-152900-2

Round |      LR |  AvgLoss |  TestAcc |     Best |  RoundTime
--------------------------------------------------------------------------------
    1 | 0.00208 |   1.4689 |   18.38% |   18.38% |    0:51.97
      bandwidth/experts | c8:bw=31,experts=[0,1,2]; c1:bw=16,experts=[2]; c5:bw=25,experts=[1,2]; c0:bw=10,experts=[2]; c7:bw=11,experts=[2]; c2:bw=16,experts=[2]; c9:bw=25,experts=[1,2]; c4:bw=22,experts=[1,2]; c3:bw=28,experts=[1,2]; c6:bw=23,experts=[1,2]
    2 | 0.00406 |   1.3495 |   20.46% |   20.46% |    0:55.32
      bandwidth/experts | c0:bw=20,experts=[0,2]; c1:bw=23,experts=[0,2]; c8:bw=27,experts=[0,2]; c5:bw=38,experts=[0,1,2]; c3:bw=37,experts=[0,1,2]; c4:bw=17,experts=[0]; c7:bw=31,experts=[0,1,2]; c9:bw=26,experts=[0,2]; c6:bw=10,experts=[0]; c2:bw=12,experts=[2]
    3 | 0.00604 |   1.2147 |   26.27% |   26.27% |    0:54.86
      bandwidth/experts | c9:bw=26,experts=[1,2]; c2:bw=23,experts=[1,2]; c0:bw=28,experts=[1,2]; c6:bw=22,experts=[1,2]; c8:bw=17,experts=[1]; c5:bw=10,experts=[2]; c3:bw=14,experts=[1]; c7:bw=18,experts=[1]; c1:bw=10,experts=[2]; c4:bw=29,experts=[1,2]
    4 | 0.00802 |   1.1849 |   28.91% |   28.91% |    0:54.60
      bandwidth/experts | c1:bw=22,experts=[1,2]; c7:bw=25,experts=[1,2]; c6:bw=29,experts=[1,2]; c2:bw=33,experts=[0,1,2]; c8:bw=17,experts=[1]; c0:bw=33,experts=[0,1,2]; c3:bw=19,experts=[1]; c4:bw=31,experts=[0,1,2]; c5:bw=40,experts=[0,1,2,3]; c9:bw=12,experts=[2]
    5 | 0.01000 |   1.1530 |   20.81% |   28.91% |    0:53.48
      bandwidth/experts | c1:bw=11,experts=[2]; c5:bw=22,experts=[1,2]; c4:bw=27,experts=[1,2]; c8:bw=20,experts=[1,2]; c0:bw=28,experts=[1,2]; c7:bw=14,experts=[2]; c6:bw=29,experts=[1,2]; c3:bw=35,experts=[0,1,2]; c2:bw=10,experts=[1]; c9:bw=35,experts=[0,1,2]
    6 | 0.01000 |   1.2187 |   25.11% |   28.91% |    0:53.07
      bandwidth/experts | c8:bw=37,experts=[0,1,2]; c2:bw=23,experts=[1,2]; c5:bw=15,experts=[0]; c7:bw=32,experts=[0,1,2]; c3:bw=20,experts=[0,2]; c1:bw=18,experts=[2]; c9:bw=27,experts=[0,2]; c0:bw=17,experts=[0]; c4:bw=10,experts=[2]; c6:bw=11,experts=[0]
    7 | 0.01000 |   1.2199 |   26.47% |   28.91% |    0:53.03
      bandwidth/experts | c0:bw=20,experts=[0,2]; c5:bw=27,experts=[0,2]; c2:bw=22,experts=[0,1]; c6:bw=10,experts=[0]; c3:bw=15,experts=[0]; c7:bw=17,experts=[0]; c4:bw=10,experts=[0]; c1:bw=10,experts=[0]; c8:bw=32,experts=[0,1,2]; c9:bw=10,experts=[0]
    8 | 0.01000 |   1.1579 |   35.44% |   35.44% |    0:53.35
      bandwidth/experts | c4:bw=10,experts=[0]; c8:bw=20,experts=[0,1]; c1:bw=32,experts=[0,1,2]; c3:bw=21,experts=[0,1]; c0:bw=18,experts=[0]; c5:bw=16,experts=[0]; c2:bw=30,experts=[0,1,2]; c9:bw=33,experts=[0,1,2]; c7:bw=10,experts=[0]; c6:bw=23,experts=[0,1]
    9 | 0.01000 |   1.0845 |   42.70% |   42.70% |    0:52.50
      bandwidth/experts | c2:bw=12,experts=[0]; c0:bw=29,experts=[0,2]; c4:bw=33,experts=[0,1,2]; c9:bw=15,experts=[0]; c8:bw=10,experts=[0]; c6:bw=17,experts=[0]; c7:bw=25,experts=[0,1]; c5:bw=29,experts=[0,1]; c1:bw=10,experts=[0]; c3:bw=13,experts=[0]
   10 | 0.01000 |   1.0271 |   43.46% |   43.46% |    0:50.87
      bandwidth/experts | c4:bw=20,experts=[0,1]; c2:bw=19,experts=[0]; c7:bw=21,experts=[0,1]; c0:bw=33,experts=[0,1,2]; c6:bw=36,experts=[0,1,2]; c3:bw=26,experts=[0,1]; c5:bw=32,experts=[0,1,2]; c8:bw=20,experts=[0,1]; c9:bw=20,experts=[0,2]; c1:bw=23,experts=[0,2]
   11 | 0.01000 |   1.0019 |   49.04% |   49.04% |    0:50.84
      bandwidth/experts | c5:bw=15,experts=[0]; c2:bw=15,experts=[1]; c7:bw=24,experts=[0,1]; c3:bw=28,experts=[0,1]; c0:bw=16,experts=[0]; c8:bw=22,experts=[0,1]; c9:bw=18,experts=[0]; c6:bw=31,experts=[0,1,2]; c1:bw=22,experts=[0,1]; c4:bw=10,experts=[0]
   12 | 0.01000 |   0.9772 |   51.13% |   51.13% |    0:51.35
      bandwidth/experts | c1:bw=24,experts=[0,1]; c5:bw=31,experts=[0,1,2]; c2:bw=32,experts=[0,1,2]; c4:bw=16,experts=[1]; c3:bw=19,experts=[1]; c7:bw=16,experts=[1]; c9:bw=23,experts=[0,1]; c6:bw=16,experts=[0]; c8:bw=31,experts=[0,1,2]; c0:bw=27,experts=[0,2]
   13 | 0.01000 |   0.9494 |   52.61% |   52.61% |    0:50.94
      bandwidth/experts | c3:bw=17,experts=[1]; c1:bw=26,experts=[0,1]; c4:bw=10,experts=[1]; c5:bw=16,experts=[0]; c8:bw=10,experts=[0]; c6:bw=20,experts=[0,1]; c9:bw=10,experts=[0]; c7:bw=32,experts=[0,1,2]; c0:bw=14,experts=[0]; c2:bw=10,experts=[1]
   14 | 0.01000 |   0.9666 |   57.80% |   57.80% |    0:50.90
      bandwidth/experts | c2:bw=25,experts=[0,1]; c4:bw=10,experts=[0]; c5:bw=36,experts=[0,1,2]; c1:bw=21,experts=[0,1]; c7:bw=14,experts=[1]; c0:bw=14,experts=[0]; c9:bw=18,experts=[0]; c3:bw=25,experts=[0,1]; c8:bw=12,experts=[0]; c6:bw=37,experts=[0,1,2]
   15 | 0.01000 |   0.9501 |   60.47% |   60.47% |    0:50.40
      bandwidth/experts | c7:bw=33,experts=[0,1,2]; c0:bw=11,experts=[0]; c1:bw=10,experts=[0]; c8:bw=29,experts=[0,1]; c3:bw=10,experts=[1]; c2:bw=29,experts=[0,1]; c4:bw=26,experts=[0,1]; c5:bw=10,experts=[0]; c9:bw=11,experts=[0]; c6:bw=18,experts=[0]
   16 | 0.01000 |   0.9169 |   56.65% |   60.47% |    0:50.45
      bandwidth/experts | c6:bw=22,experts=[0,1]; c1:bw=16,experts=[0]; c3:bw=24,experts=[0,1]; c8:bw=27,experts=[0,1]; c7:bw=12,experts=[1]; c5:bw=22,experts=[0,2]; c4:bw=20,experts=[0,1]; c9:bw=13,experts=[0]; c0:bw=32,experts=[0,1,2]; c2:bw=29,experts=[0,1]
   17 | 0.01000 |   0.9042 |   60.72% |   60.72% |    0:50.76
      bandwidth/experts | c4:bw=32,experts=[0,1,2]; c7:bw=14,experts=[1]; c8:bw=10,experts=[0]; c3:bw=29,experts=[0,1]; c5:bw=10,experts=[0]; c1:bw=16,experts=[0]; c0:bw=10,experts=[0]; c2:bw=11,experts=[0]; c9:bw=21,experts=[0,1]; c6:bw=21,experts=[0,1]
   18 | 0.01000 |   0.9047 |   59.06% |   60.72% |    0:50.91
      bandwidth/experts | c1:bw=10,experts=[0]; c8:bw=10,experts=[0]; c5:bw=19,experts=[0]; c2:bw=21,experts=[0,1]; c9:bw=10,experts=[0]; c7:bw=30,experts=[0,1,2]; c4:bw=31,experts=[0,1,2]; c3:bw=21,experts=[0,1]; c0:bw=27,experts=[0,1]; c6:bw=17,experts=[0]
   19 | 0.01000 |   0.9230 |   61.05% |   61.05% |    0:51.16
      bandwidth/experts | c8:bw=31,experts=[0,1,2]; c0:bw=23,experts=[0,2]; c4:bw=28,experts=[0,1]; c1:bw=26,experts=[0,1]; c9:bw=21,experts=[0,1]; c5:bw=16,experts=[0]; c7:bw=12,experts=[0]; c2:bw=10,experts=[0]; c6:bw=36,experts=[0,1,2]; c3:bw=22,experts=[0,1]
   20 | 0.01000 |   0.9196 |   66.12% |   66.12% |    0:50.99
      bandwidth/experts | c0:bw=15,experts=[0]; c2:bw=23,experts=[0,1]; c1:bw=22,experts=[0,2]; c9:bw=10,experts=[0]; c7:bw=24,experts=[0,1]; c6:bw=38,experts=[0,1,2]; c3:bw=10,experts=[0]; c5:bw=10,experts=[0]; c4:bw=33,experts=[0,1,2]; c8:bw=28,experts=[0,1]
   21 | 0.01000 |   0.8949 |   66.14% |   66.14% |    0:51.09
      bandwidth/experts | c1:bw=23,experts=[0,1]; c2:bw=22,experts=[0,1]; c7:bw=10,experts=[0]; c4:bw=26,experts=[0,2]; c8:bw=10,experts=[0]; c5:bw=18,experts=[0]; c0:bw=37,experts=[0,1,2]; c3:bw=10,experts=[0]; c6:bw=10,experts=[0]; c9:bw=14,experts=[0]
   22 | 0.01000 |   0.8678 |   63.00% |   66.14% |    0:50.96
      bandwidth/experts | c7:bw=10,experts=[0]; c9:bw=18,experts=[0]; c1:bw=10,experts=[0]; c6:bw=34,experts=[0,1,2]; c5:bw=10,experts=[0]; c2:bw=37,experts=[0,1,2]; c0:bw=37,experts=[0,1,2]; c4:bw=20,experts=[0,2]; c3:bw=31,experts=[0,1,2]; c8:bw=18,experts=[0]
   23 | 0.01000 |   0.8727 |   66.02% |   66.14% |    0:51.61
      bandwidth/experts | c5:bw=29,experts=[0,1]; c7:bw=10,experts=[0]; c4:bw=31,experts=[0,1,2]; c6:bw=10,experts=[0]; c9:bw=28,experts=[0,1]; c8:bw=19,experts=[0]; c3:bw=10,experts=[0]; c1:bw=34,experts=[0,1,2]; c2:bw=18,experts=[0]; c0:bw=10,experts=[0]
   24 | 0.01000 |   0.8710 |   69.22% |   69.22% |    0:50.88
      bandwidth/experts | c6:bw=17,experts=[0]; c4:bw=10,experts=[0]; c7:bw=10,experts=[0]; c9:bw=28,experts=[0,1]; c2:bw=24,experts=[0,1]; c1:bw=10,experts=[0]; c5:bw=14,experts=[0]; c8:bw=10,experts=[0]; c3:bw=10,experts=[0]; c0:bw=17,experts=[0]
   25 | 0.01000 |   0.8644 |   71.13% |   71.13% |    0:51.32
      bandwidth/experts | c9:bw=22,experts=[0,1]; c6:bw=10,experts=[0]; c4:bw=32,experts=[0,1,2]; c3:bw=10,experts=[0]; c5:bw=35,experts=[0,1,2]; c1:bw=27,experts=[0,1]; c8:bw=30,experts=[0,1,2]; c2:bw=10,experts=[0]; c0:bw=31,experts=[0,1,2]; c7:bw=22,experts=[0,1]
   26 | 0.01000 |   0.8636 |   70.37% |   71.13% |    0:50.92
      bandwidth/experts | c3:bw=25,experts=[0,1]; c6:bw=19,experts=[0]; c9:bw=28,experts=[0,1]; c7:bw=17,experts=[0]; c1:bw=18,experts=[0]; c5:bw=11,experts=[0]; c2:bw=17,experts=[0]; c8:bw=30,experts=[0,1,2]; c0:bw=10,experts=[0]; c4:bw=26,experts=[0,2]
   27 | 0.01000 |   0.8398 |   72.89% |   72.89% |    0:51.18
      bandwidth/experts | c7:bw=29,experts=[0,1]; c1:bw=34,experts=[0,1,2]; c4:bw=10,experts=[0]; c0:bw=20,experts=[0,2]; c9:bw=10,experts=[0]; c2:bw=11,experts=[0]; c8:bw=31,experts=[0,1,2]; c3:bw=12,experts=[0]; c6:bw=35,experts=[0,1,2]; c5:bw=20,experts=[0,1]
   28 | 0.01000 |   0.8329 |   72.47% |   72.89% |    0:51.04
      bandwidth/experts | c6:bw=16,experts=[0]; c9:bw=27,experts=[0,1]; c0:bw=26,experts=[0,1]; c8:bw=16,experts=[0]; c2:bw=10,experts=[0]; c5:bw=18,experts=[0]; c1:bw=14,experts=[0]; c3:bw=10,experts=[0]; c4:bw=10,experts=[0]; c7:bw=10,experts=[0]
   29 | 0.01000 |   0.8321 |   70.62% |   72.89% |    0:51.10
      bandwidth/experts | c4:bw=21,experts=[0,2]; c0:bw=24,experts=[0,1]; c1:bw=18,experts=[0]; c9:bw=24,experts=[0,1]; c6:bw=24,experts=[0,1]; c8:bw=19,experts=[0]; c7:bw=12,experts=[0]; c3:bw=18,experts=[0]; c2:bw=10,experts=[0]; c5:bw=19,experts=[0]
   30 | 0.01000 |   0.8270 |   71.85% |   72.89% |    0:51.42
      bandwidth/experts | c5:bw=34,experts=[0,1,2]; c1:bw=20,experts=[0,1]; c9:bw=30,experts=[0,1,2]; c4:bw=29,experts=[0,2]; c0:bw=10,experts=[0]; c8:bw=23,experts=[0,1]; c6:bw=10,experts=[0]; c7:bw=10,experts=[0]; c3:bw=33,experts=[0,1,2]; c2:bw=15,experts=[0]
   31 | 0.01000 |   0.8189 |   71.49% |   72.89% |    0:51.29
      bandwidth/experts | c6:bw=16,experts=[0]; c4:bw=11,experts=[0]; c9:bw=25,experts=[0,1]; c1:bw=17,experts=[0]; c5:bw=34,experts=[0,1,2]; c8:bw=18,experts=[0]; c3:bw=13,experts=[0]; c2:bw=10,experts=[0]; c0:bw=26,experts=[0,1]; c7:bw=35,experts=[0,1,2]
   32 | 0.01000 |   0.8078 |   70.84% |   72.89% |    0:51.16
      bandwidth/experts | c8:bw=12,experts=[0]; c5:bw=20,experts=[0,1]; c4:bw=27,experts=[0,2]; c7:bw=26,experts=[0,1]; c0:bw=25,experts=[0,2]; c1:bw=12,experts=[0]; c3:bw=16,experts=[0]; c6:bw=15,experts=[0]; c2:bw=30,experts=[0,1,2]; c9:bw=17,experts=[0]
   33 | 0.01000 |   0.8007 |   72.12% |   72.89% |    0:51.29
      bandwidth/experts | c7:bw=29,experts=[0,1]; c1:bw=19,experts=[0]; c3:bw=39,experts=[0,1,2]; c6:bw=20,experts=[0,1]; c5:bw=16,experts=[0]; c9:bw=23,experts=[0,1]; c2:bw=13,experts=[0]; c8:bw=28,experts=[0,1]; c4:bw=25,experts=[0,2]; c0:bw=35,experts=[0,1,2]
   34 | 0.01000 |   0.7928 |   72.82% |   72.89% |    0:51.27
      bandwidth/experts | c4:bw=26,experts=[0,2]; c1:bw=26,experts=[0,1]; c6:bw=27,experts=[0,1]; c9:bw=38,experts=[0,1,2]; c8:bw=23,experts=[0,1]; c0:bw=12,experts=[0]; c5:bw=33,experts=[0,1,2]; c7:bw=18,experts=[0]; c3:bw=40,experts=[0,1,2,3]; c2:bw=30,experts=[0,1,2]
   35 | 0.01000 |   0.7909 |   73.01% |   73.01% |    0:51.41
      bandwidth/experts | c4:bw=18,experts=[0]; c0:bw=11,experts=[0]; c1:bw=17,experts=[0]; c6:bw=24,experts=[0,1]; c2:bw=25,experts=[0,1]; c8:bw=28,experts=[0,1]; c9:bw=15,experts=[0]; c7:bw=27,experts=[0,1]; c5:bw=23,experts=[0,1]; c3:bw=13,experts=[0]
   36 | 0.01000 |   0.7873 |   73.36% |   73.36% |    0:51.63
      bandwidth/experts | c9:bw=21,experts=[0,1]; c0:bw=20,experts=[0,1]; c3:bw=33,experts=[0,1,2]; c7:bw=15,experts=[0]; c6:bw=24,experts=[0,1]; c5:bw=27,experts=[0,1]; c1:bw=10,experts=[0]; c4:bw=40,experts=[0,1,2,3]; c8:bw=28,experts=[0,1]; c2:bw=28,experts=[0,1]
   37 | 0.01000 |   0.7821 |   74.20% |   74.20% |    0:51.57
      bandwidth/experts | c1:bw=10,experts=[0]; c5:bw=22,experts=[0,1]; c2:bw=20,experts=[0,1]; c6:bw=36,experts=[0,1,2]; c4:bw=22,experts=[0,1]; c7:bw=23,experts=[0,1]; c9:bw=22,experts=[0,1]; c0:bw=30,experts=[0,1,2]; c3:bw=20,experts=[0,1]; c8:bw=10,experts=[0]
   38 | 0.01000 |   0.7825 |   72.90% |   74.20% |    0:51.59
      bandwidth/experts | c8:bw=25,experts=[0,1]; c6:bw=10,experts=[0]; c4:bw=29,experts=[0,2]; c1:bw=17,experts=[0]; c5:bw=10,experts=[0]; c2:bw=10,experts=[0]; c3:bw=21,experts=[0,1]; c7:bw=28,experts=[0,1]; c9:bw=14,experts=[0]; c0:bw=22,experts=[0,2]
   39 | 0.01000 |   0.7712 |   72.71% |   74.20% |    0:52.86
      bandwidth/experts | c3:bw=14,experts=[0]; c0:bw=10,experts=[0]; c1:bw=25,experts=[0,1]; c7:bw=22,experts=[0,1]; c6:bw=17,experts=[0]; c8:bw=25,experts=[0,1]; c2:bw=20,experts=[0,1]; c4:bw=20,experts=[0,2]; c9:bw=13,experts=[0]; c5:bw=40,experts=[0,1,2,3]
   40 | 0.01000 |   0.7556 |   72.99% |   74.20% |    0:51.63
      bandwidth/experts | c8:bw=14,experts=[0]; c1:bw=23,experts=[0,1]; c5:bw=18,experts=[0]; c6:bw=26,experts=[0,1]; c2:bw=36,experts=[0,1,2]; c7:bw=37,experts=[0,1,2]; c3:bw=10,experts=[0]; c4:bw=11,experts=[0]; c9:bw=22,experts=[0,1]; c0:bw=20,experts=[0,2]
   41 | 0.01000 |   0.7529 |   74.32% |   74.32% |    0:51.32
      bandwidth/experts | c2:bw=30,experts=[0,1,2]; c6:bw=10,experts=[0]; c8:bw=31,experts=[0,1,2]; c1:bw=10,experts=[0]; c4:bw=28,experts=[0,1]; c5:bw=34,experts=[0,1,2]; c7:bw=38,experts=[0,1,2]; c3:bw=22,experts=[0,1]; c9:bw=30,experts=[0,1,2]; c0:bw=10,experts=[0]
   42 | 0.01000 |   0.7501 |   75.74% |   75.74% |    0:51.72
      bandwidth/experts | c5:bw=28,experts=[0,1]; c1:bw=27,experts=[0,1]; c3:bw=27,experts=[0,1]; c9:bw=28,experts=[0,1]; c6:bw=19,experts=[0]; c0:bw=10,experts=[0]; c7:bw=11,experts=[0]; c4:bw=30,experts=[0,1,2]; c8:bw=23,experts=[0,1]; c2:bw=22,experts=[0,1]
   43 | 0.01000 |   0.7413 |   74.91% |   75.74% |    0:52.78
      bandwidth/experts | c5:bw=29,experts=[0,1]; c1:bw=32,experts=[0,1,2]; c2:bw=28,experts=[0,1]; c8:bw=25,experts=[0,1]; c9:bw=18,experts=[0]; c7:bw=12,experts=[0]; c4:bw=19,experts=[0]; c6:bw=10,experts=[0]; c3:bw=36,experts=[0,1,2]; c0:bw=12,experts=[0]
   44 | 0.01000 |   0.7383 |   74.65% |   75.74% |    0:53.54
      bandwidth/experts | c0:bw=37,experts=[0,1,2]; c3:bw=26,experts=[0,1]; c4:bw=16,experts=[0]; c2:bw=20,experts=[0,1]; c7:bw=40,experts=[0,1,2,3]; c5:bw=13,experts=[0]; c6:bw=11,experts=[0]; c9:bw=21,experts=[0,1]; c8:bw=19,experts=[0]; c1:bw=25,experts=[0,1]
   45 | 0.01000 |   0.7362 |   74.74% |   75.74% |    0:53.46
      bandwidth/experts | c8:bw=31,experts=[0,1,2]; c0:bw=20,experts=[0,1]; c3:bw=37,experts=[0,1,2]; c4:bw=36,experts=[0,1,2]; c7:bw=20,experts=[0,1]; c2:bw=27,experts=[0,1]; c9:bw=14,experts=[0]; c6:bw=10,experts=[0]; c5:bw=25,experts=[0,1]; c1:bw=31,experts=[0,1,2]
   46 | 0.01000 |   0.7283 |   76.07% |   76.07% |    0:51.28
      bandwidth/experts | c9:bw=20,experts=[0,1]; c3:bw=15,experts=[0]; c6:bw=21,experts=[0,1]; c1:bw=23,experts=[0,1]; c4:bw=35,experts=[0,1,2]; c5:bw=23,experts=[0,1]; c2:bw=32,experts=[0,1,2]; c8:bw=22,experts=[0,1]; c0:bw=30,experts=[0,1,2]; c7:bw=16,experts=[0]
   47 | 0.01000 |   0.7257 |   76.20% |   76.20% |    0:51.13
      bandwidth/experts | c5:bw=29,experts=[0,1]; c6:bw=12,experts=[0]; c7:bw=29,experts=[0,1]; c9:bw=10,experts=[0]; c8:bw=22,experts=[0,1]; c3:bw=39,experts=[0,1,2]; c4:bw=10,experts=[0]; c0:bw=25,experts=[0,2]; c1:bw=17,experts=[0]; c2:bw=30,experts=[0,1,2]
   48 | 0.01000 |   0.7137 |   75.77% |   76.20% |    0:51.27
      bandwidth/experts | c1:bw=28,experts=[0,1]; c8:bw=28,experts=[0,1]; c4:bw=37,experts=[0,1,2]; c2:bw=31,experts=[0,1,2]; c9:bw=29,experts=[0,1]; c6:bw=25,experts=[0,1]; c5:bw=31,experts=[0,1,2]; c7:bw=35,experts=[0,1,2]; c0:bw=10,experts=[0]; c3:bw=10,experts=[0]
   49 | 0.01000 |   0.7089 |   75.00% |   76.20% |    0:51.20
      bandwidth/experts | c4:bw=27,experts=[0,2]; c3:bw=18,experts=[0]; c8:bw=15,experts=[0]; c0:bw=11,experts=[0]; c2:bw=32,experts=[0,1,2]; c5:bw=31,experts=[0,1,2]; c6:bw=10,experts=[0]; c7:bw=24,experts=[0,1]; c9:bw=29,experts=[0,1]; c1:bw=30,experts=[0,1,2]
   50 | 0.01000 |   0.7054 |   74.32% |   76.20% |    0:51.13
      bandwidth/experts | c8:bw=18,experts=[0]; c4:bw=10,experts=[0]; c7:bw=19,experts=[0]; c6:bw=38,experts=[0,1,2]; c2:bw=35,experts=[0,1,2]; c1:bw=36,experts=[0,1,2]; c3:bw=22,experts=[0,1]; c0:bw=16,experts=[0]; c9:bw=15,experts=[0]; c5:bw=17,experts=[0]
   51 | 0.01000 |   0.7116 |   73.66% |   76.20% |    0:51.22
      bandwidth/experts | c5:bw=26,experts=[0,1]; c0:bw=30,experts=[0,1,2]; c1:bw=12,experts=[0]; c2:bw=11,experts=[0]; c8:bw=26,experts=[0,1]; c6:bw=29,experts=[0,1]; c9:bw=10,experts=[0]; c3:bw=31,experts=[0,1,2]; c4:bw=10,experts=[0]; c7:bw=15,experts=[0]
   52 | 0.01000 |   0.6999 |   75.39% |   76.20% |    0:51.11
      bandwidth/experts | c0:bw=26,experts=[0,1]; c8:bw=10,experts=[0]; c5:bw=13,experts=[0]; c7:bw=19,experts=[0]; c1:bw=22,experts=[0,1]; c4:bw=18,experts=[0]; c9:bw=17,experts=[0]; c6:bw=28,experts=[0,1]; c2:bw=16,experts=[0]; c3:bw=24,experts=[0,1]
   53 | 0.01000 |   0.6976 |   75.72% |   76.20% |    0:51.15
      bandwidth/experts | c8:bw=12,experts=[0]; c4:bw=16,experts=[0]; c5:bw=24,experts=[0,1]; c1:bw=33,experts=[0,1,2]; c3:bw=26,experts=[0,1]; c9:bw=34,experts=[0,1,2]; c6:bw=20,experts=[0,1]; c7:bw=24,experts=[0,1]; c0:bw=21,experts=[0,2]; c2:bw=29,experts=[0,1]
   54 | 0.01000 |   0.6933 |   76.07% |   76.20% |    0:51.39
      bandwidth/experts | c2:bw=10,experts=[0]; c1:bw=29,experts=[0,1]; c8:bw=31,experts=[0,1,2]; c7:bw=34,experts=[0,1,2]; c3:bw=17,experts=[0]; c0:bw=20,experts=[0,2]; c6:bw=30,experts=[0,1,2]; c5:bw=10,experts=[0]; c9:bw=28,experts=[0,1]; c4:bw=18,experts=[0]
   55 | 0.01000 |   0.6910 |   75.74% |   76.20% |    0:51.16
      bandwidth/experts | c7:bw=30,experts=[0,1,2]; c2:bw=23,experts=[0,1]; c4:bw=10,experts=[0]; c3:bw=29,experts=[0,1]; c8:bw=10,experts=[0]; c5:bw=29,experts=[0,1]; c1:bw=33,experts=[0,1,2]; c6:bw=23,experts=[0,1]; c0:bw=15,experts=[0]; c9:bw=34,experts=[0,1,2]
   56 | 0.01000 |   0.6861 |   75.72% |   76.20% |    0:51.35
      bandwidth/experts | c9:bw=29,experts=[0,1]; c1:bw=31,experts=[0,1,2]; c3:bw=10,experts=[0]; c2:bw=29,experts=[0,1]; c5:bw=17,experts=[0]; c4:bw=10,experts=[0]; c8:bw=10,experts=[0]; c7:bw=10,experts=[0]; c6:bw=13,experts=[0]; c0:bw=39,experts=[0,1,2]
   57 | 0.01000 |   0.6934 |   74.87% |   76.20% |    0:51.34
      bandwidth/experts | c3:bw=35,experts=[0,1,2]; c8:bw=24,experts=[0,1]; c6:bw=27,experts=[0,1]; c1:bw=27,experts=[0,1]; c7:bw=38,experts=[0,1,2]; c0:bw=39,experts=[0,1,2]; c5:bw=24,experts=[0,1]; c4:bw=23,experts=[0,1]; c2:bw=18,experts=[0]; c9:bw=11,experts=[0]
   58 | 0.01000 |   0.6832 |   75.41% |   76.20% |    0:51.24
      bandwidth/experts | c7:bw=13,experts=[0]; c2:bw=10,experts=[0]; c9:bw=32,experts=[0,1,2]; c6:bw=30,experts=[0,1,2]; c5:bw=19,experts=[0]; c1:bw=17,experts=[0]; c8:bw=22,experts=[0,1]; c4:bw=21,experts=[0,1]; c3:bw=34,experts=[0,1,2]; c0:bw=26,experts=[0,1]
   59 | 0.01000 |   0.6826 |   73.93% |   76.20% |    0:51.13
      bandwidth/experts | c2:bw=20,experts=[0,1]; c8:bw=31,experts=[0,1,2]; c9:bw=15,experts=[0]; c6:bw=11,experts=[0]; c1:bw=36,experts=[0,1,2]; c4:bw=14,experts=[0]; c7:bw=15,experts=[0]; c5:bw=18,experts=[0]; c0:bw=29,experts=[0,2]; c3:bw=20,experts=[0,1]
   60 | 0.01000 |   0.6809 |   74.19% |   76.20% |    0:51.27
      bandwidth/experts | c0:bw=29,experts=[0,2]; c7:bw=26,experts=[0,1]; c4:bw=17,experts=[0]; c2:bw=17,experts=[0]; c5:bw=18,experts=[0]; c8:bw=14,experts=[0]; c6:bw=33,experts=[0,1,2]; c9:bw=10,experts=[0]; c1:bw=30,experts=[0,1,2]; c3:bw=24,experts=[0,1]
   61 | 0.01000 |   0.6754 |   74.62% |   76.20% |    0:51.17
      bandwidth/experts | c5:bw=27,experts=[0,1]; c6:bw=21,experts=[0,1]; c2:bw=16,experts=[0]; c9:bw=21,experts=[0,1]; c1:bw=19,experts=[0]; c3:bw=24,experts=[0,1]; c8:bw=31,experts=[0,1,2]; c4:bw=21,experts=[0,2]; c7:bw=24,experts=[0,1]; c0:bw=33,experts=[0,1,2]
   62 | 0.01000 |   0.6745 |   74.98% |   76.20% |    0:53.98
      bandwidth/experts | c8:bw=10,experts=[0]; c6:bw=35,experts=[0,1,2]; c9:bw=10,experts=[0]; c4:bw=33,experts=[0,1,2]; c5:bw=37,experts=[0,1,2]; c0:bw=16,experts=[0]; c3:bw=29,experts=[0,1]; c2:bw=23,experts=[0,1]; c1:bw=40,experts=[0,1,2,3]; c7:bw=25,experts=[0,1]
   63 | 0.01000 |   0.6694 |   74.69% |   76.20% |    0:58.51
      bandwidth/experts | c5:bw=10,experts=[0]; c9:bw=12,experts=[0]; c6:bw=19,experts=[0]; c3:bw=29,experts=[0,1]; c8:bw=18,experts=[0]; c1:bw=28,experts=[0,1]; c7:bw=38,experts=[0,1,2]; c0:bw=23,experts=[0,2]; c2:bw=15,experts=[0]; c4:bw=29,experts=[0,1]
   64 | 0.01000 |   0.6689 |   75.33% |   76.20% |    0:57.50
      bandwidth/experts | c6:bw=28,experts=[0,1]; c4:bw=21,experts=[0,1]; c5:bw=13,experts=[0]; c3:bw=21,experts=[0,1]; c7:bw=19,experts=[0]; c0:bw=18,experts=[0]; c8:bw=30,experts=[0,1,2]; c9:bw=33,experts=[0,1,2]; c2:bw=31,experts=[0,1,2]; c1:bw=16,experts=[0]
   65 | 0.01000 |   0.6746 |   76.43% |   76.43% |    0:57.12
      bandwidth/experts | c7:bw=10,experts=[0]; c5:bw=16,experts=[0]; c4:bw=32,experts=[0,1,2]; c6:bw=28,experts=[0,1]; c8:bw=37,experts=[0,1,2]; c3:bw=24,experts=[0,1]; c0:bw=23,experts=[0,2]; c2:bw=16,experts=[0]; c1:bw=32,experts=[0,1,2]; c9:bw=26,experts=[0,1]
   66 | 0.01000 |   0.6732 |   75.47% |   76.43% |    0:54.27
      bandwidth/experts | c2:bw=23,experts=[0,1]; c5:bw=10,experts=[0]; c1:bw=30,experts=[0,1,2]; c8:bw=13,experts=[0]; c9:bw=17,experts=[0]; c6:bw=16,experts=[0]; c4:bw=23,experts=[0,2]; c0:bw=21,experts=[0,2]; c3:bw=37,experts=[0,1,2]; c7:bw=28,experts=[0,1]
   67 | 0.01000 |   0.6719 |   73.73% |   76.43% |    0:53.42
      bandwidth/experts | c4:bw=28,experts=[0,2]; c5:bw=27,experts=[0,2]; c1:bw=20,experts=[0,1]; c3:bw=14,experts=[0]; c6:bw=29,experts=[0,1]; c0:bw=18,experts=[0]; c2:bw=24,experts=[0,1]; c9:bw=33,experts=[0,1,2]; c7:bw=33,experts=[0,1,2]; c8:bw=10,experts=[0]
   68 | 0.01000 |   0.6584 |   74.04% |   76.43% |    0:53.43
      bandwidth/experts | c1:bw=23,experts=[0,1]; c8:bw=17,experts=[0]; c2:bw=32,experts=[0,1,2]; c0:bw=17,experts=[0]; c3:bw=14,experts=[0]; c4:bw=27,experts=[0,2]; c5:bw=25,experts=[0,1]; c9:bw=10,experts=[0]; c7:bw=15,experts=[0]; c6:bw=18,experts=[0]
   69 | 0.01000 |   0.6553 |   75.57% |   76.43% |    0:53.01
      bandwidth/experts | c3:bw=23,experts=[0,1]; c7:bw=32,experts=[0,1,2]; c1:bw=17,experts=[0]; c4:bw=23,experts=[0,2]; c9:bw=20,experts=[0,1]; c5:bw=22,experts=[0,1]; c0:bw=29,experts=[0,1]; c2:bw=37,experts=[0,1,2]; c8:bw=23,experts=[0,1]; c6:bw=15,experts=[0]
   70 | 0.01000 |   0.6552 |   76.50% |   76.50% |    0:51.18
      bandwidth/experts | c1:bw=13,experts=[0]; c9:bw=10,experts=[0]; c7:bw=16,experts=[0]; c3:bw=18,experts=[0]; c0:bw=17,experts=[0]; c6:bw=14,experts=[0]; c2:bw=31,experts=[0,1,2]; c4:bw=32,experts=[0,1,2]; c5:bw=13,experts=[0]; c8:bw=27,experts=[0,1]
   71 | 0.01000 |   0.6540 |   78.33% |   78.33% |    0:51.25
      bandwidth/experts | c4:bw=24,experts=[0,1]; c0:bw=10,experts=[0]; c1:bw=29,experts=[0,1]; c9:bw=22,experts=[0,1]; c7:bw=11,experts=[0]; c5:bw=19,experts=[0]; c3:bw=34,experts=[0,1,2]; c6:bw=28,experts=[0,1]; c8:bw=21,experts=[0,1]; c2:bw=34,experts=[0,1,2]
   72 | 0.01000 |   0.6539 |   79.16% |   79.16% |    0:51.30
      bandwidth/experts | c8:bw=16,experts=[0]; c1:bw=22,experts=[0,1]; c5:bw=24,experts=[0,1]; c7:bw=27,experts=[0,1]; c6:bw=11,experts=[0]; c0:bw=29,experts=[0,2]; c3:bw=13,experts=[0]; c2:bw=13,experts=[0]; c9:bw=21,experts=[0,1]; c4:bw=22,experts=[0,2]
   73 | 0.01000 |   0.6489 |   75.93% |   79.16% |    0:51.33
      bandwidth/experts | c2:bw=26,experts=[0,1]; c8:bw=10,experts=[0]; c3:bw=22,experts=[0,1]; c1:bw=37,experts=[0,1,2]; c5:bw=10,experts=[0]; c9:bw=29,experts=[0,1]; c0:bw=16,experts=[0]; c7:bw=20,experts=[0,1]; c6:bw=11,experts=[0]; c4:bw=23,experts=[0,2]
   74 | 0.01000 |   0.6503 |   73.78% |   79.16% |    0:51.18
      bandwidth/experts | c3:bw=10,experts=[0]; c0:bw=22,experts=[0,2]; c1:bw=15,experts=[0]; c5:bw=28,experts=[0,1]; c7:bw=36,experts=[0,1,2]; c8:bw=16,experts=[0]; c6:bw=10,experts=[0]; c2:bw=10,experts=[0]; c4:bw=26,experts=[0,2]; c9:bw=18,experts=[0]
   75 | 0.01000 |   0.6547 |   71.88% |   79.16% |    0:51.26
      bandwidth/experts | c2:bw=22,experts=[0,1]; c9:bw=34,experts=[0,1,2]; c1:bw=30,experts=[0,1,2]; c3:bw=11,experts=[0]; c7:bw=16,experts=[0]; c6:bw=31,experts=[0,1,2]; c5:bw=17,experts=[0]; c4:bw=31,experts=[0,1,2]; c0:bw=34,experts=[0,1,2]; c8:bw=30,experts=[0,1,2]
   76 | 0.01000 |   0.6451 |   71.13% |   79.16% |    0:51.16
      bandwidth/experts | c8:bw=16,experts=[0]; c5:bw=21,experts=[0,1]; c0:bw=17,experts=[0]; c3:bw=10,experts=[0]; c2:bw=14,experts=[0]; c6:bw=13,experts=[0]; c7:bw=37,experts=[0,1,2]; c4:bw=34,experts=[0,1,2]; c9:bw=32,experts=[0,1,2]; c1:bw=30,experts=[0,1,2]
   77 | 0.01000 |   0.6479 |   73.65% |   79.16% |    0:51.27
      bandwidth/experts | c9:bw=16,experts=[0]; c2:bw=19,experts=[0]; c1:bw=35,experts=[0,1,2]; c8:bw=10,experts=[0]; c4:bw=10,experts=[0]; c7:bw=10,experts=[0]; c6:bw=32,experts=[0,1,2]; c0:bw=35,experts=[0,1,2]; c3:bw=22,experts=[0,1]; c5:bw=33,experts=[0,1,2]
   78 | 0.01000 |   0.6490 |   78.33% |   79.16% |    0:51.29
      bandwidth/experts | c0:bw=15,experts=[0]; c4:bw=13,experts=[0]; c3:bw=21,experts=[0,1]; c7:bw=20,experts=[0,1]; c8:bw=30,experts=[0,1,2]; c1:bw=23,experts=[0,1]; c9:bw=17,experts=[0]; c6:bw=32,experts=[0,1,2]; c5:bw=35,experts=[0,1,2]; c2:bw=19,experts=[0]
   79 | 0.01000 |   0.6517 |   78.42% |   79.16% |    0:51.09
      bandwidth/experts | c6:bw=12,experts=[0]; c9:bw=10,experts=[0]; c0:bw=20,experts=[0,2]; c4:bw=40,experts=[0,1,2,3]; c7:bw=25,experts=[0,1]; c8:bw=25,experts=[0,1]; c5:bw=29,experts=[0,1]; c3:bw=15,experts=[0]; c1:bw=21,experts=[0,1]; c2:bw=18,experts=[0]
   80 | 0.01000 |   0.6463 |   79.12% |   79.16% |    0:51.35
      bandwidth/experts | c5:bw=36,experts=[0,1,2]; c9:bw=29,experts=[0,1]; c7:bw=26,experts=[0,1]; c1:bw=17,experts=[0]; c3:bw=17,experts=[0]; c4:bw=32,experts=[0,1,2]; c2:bw=24,experts=[0,1]; c0:bw=26,experts=[0,2]; c6:bw=22,experts=[0,1]; c8:bw=28,experts=[0,1]
   81 | 0.01000 |   0.6401 |   78.14% |   79.16% |    0:51.36
      bandwidth/experts | c6:bw=29,experts=[0,1]; c2:bw=25,experts=[0,1]; c3:bw=37,experts=[0,1,2]; c1:bw=27,experts=[0,1]; c4:bw=23,experts=[0,2]; c5:bw=17,experts=[0]; c9:bw=15,experts=[0]; c7:bw=32,experts=[0,1,2]; c8:bw=26,experts=[0,1]; c0:bw=28,experts=[0,2]
   82 | 0.01000 |   0.6340 |   76.00% |   79.16% |    0:51.37
      bandwidth/experts | c1:bw=36,experts=[0,1,2]; c0:bw=17,experts=[0]; c6:bw=20,experts=[0,1]; c8:bw=32,experts=[0,1,2]; c7:bw=22,experts=[0,1]; c3:bw=22,experts=[0,1]; c2:bw=16,experts=[0]; c9:bw=31,experts=[0,1,2]; c5:bw=22,experts=[0,1]; c4:bw=16,experts=[0]
   83 | 0.01000 |   0.6395 |   71.40% |   79.16% |    0:51.23
      bandwidth/experts | c9:bw=29,experts=[0,1]; c4:bw=10,experts=[0]; c2:bw=23,experts=[0,1]; c7:bw=21,experts=[0,1]; c5:bw=10,experts=[0]; c0:bw=10,experts=[0]; c6:bw=29,experts=[0,1]; c1:bw=35,experts=[0,1,2]; c8:bw=22,experts=[0,1]; c3:bw=24,experts=[0,1]
   84 | 0.01000 |   0.6409 |   72.29% |   79.16% |    0:51.46
      bandwidth/experts | c8:bw=37,experts=[0,1,2]; c3:bw=18,experts=[0]; c1:bw=32,experts=[0,1,2]; c6:bw=10,experts=[0]; c9:bw=11,experts=[0]; c2:bw=20,experts=[0,1]; c7:bw=26,experts=[0,1]; c5:bw=11,experts=[0]; c4:bw=15,experts=[0]; c0:bw=10,experts=[0]
   85 | 0.01000 |   0.6400 |   75.46% |   79.16% |    0:51.16
      bandwidth/experts | c0:bw=21,experts=[0,2]; c2:bw=25,experts=[0,1]; c8:bw=39,experts=[0,1,2]; c6:bw=23,experts=[0,1]; c1:bw=31,experts=[0,1,2]; c4:bw=23,experts=[0,2]; c9:bw=32,experts=[0,1,2]; c3:bw=28,experts=[0,1]; c5:bw=10,experts=[0]; c7:bw=10,experts=[0]
   86 | 0.01000 |   0.6376 |   78.17% |   79.16% |    0:51.06
      bandwidth/experts | c5:bw=26,experts=[0,1]; c8:bw=15,experts=[0]; c2:bw=13,experts=[0]; c6:bw=31,experts=[0,1,2]; c0:bw=17,experts=[0]; c4:bw=10,experts=[0]; c7:bw=24,experts=[0,1]; c3:bw=15,experts=[0]; c1:bw=40,experts=[0,1,2,3]; c9:bw=24,experts=[0,1]
   87 | 0.01000 |   0.6372 |   79.06% |   79.16% |    0:51.09
      bandwidth/experts | c1:bw=16,experts=[0]; c2:bw=37,experts=[0,1,2]; c7:bw=12,experts=[0]; c5:bw=10,experts=[0]; c6:bw=33,experts=[0,1,2]; c3:bw=38,experts=[0,1,2]; c4:bw=19,experts=[0]; c9:bw=21,experts=[0,1]; c8:bw=26,experts=[0,1]; c0:bw=19,experts=[0]
   88 | 0.01000 |   0.6318 |   75.94% |   79.16% |    0:51.01
      bandwidth/experts | c8:bw=24,experts=[0,1]; c6:bw=15,experts=[0]; c3:bw=18,experts=[0]; c7:bw=23,experts=[0,1]; c0:bw=34,experts=[0,1,2]; c4:bw=21,experts=[0,2]; c9:bw=17,experts=[0]; c1:bw=16,experts=[0]; c5:bw=17,experts=[0]; c2:bw=25,experts=[0,1]
   89 | 0.01000 |   0.6344 |   75.98% |   79.16% |    0:51.11
      bandwidth/experts | c3:bw=17,experts=[0]; c8:bw=40,experts=[0,1,2,3]; c2:bw=25,experts=[0,1]; c9:bw=34,experts=[0,1,2]; c7:bw=12,experts=[0]; c5:bw=25,experts=[0,1]; c0:bw=10,experts=[0]; c6:bw=18,experts=[0]; c4:bw=17,experts=[0]; c1:bw=23,experts=[0,1]
   90 | 0.01000 |   0.6352 |   76.33% |   79.16% |    0:51.06
      bandwidth/experts | c7:bw=40,experts=[0,1,2,3]; c1:bw=17,experts=[0]; c3:bw=20,experts=[0,1]; c9:bw=35,experts=[0,1,2]; c0:bw=35,experts=[0,1,2]; c6:bw=14,experts=[0]; c2:bw=12,experts=[0]; c5:bw=15,experts=[0]; c8:bw=28,experts=[0,1]; c4:bw=20,experts=[0,2]
   91 | 0.01000 |   0.6352 |   76.23% |   79.16% |    0:51.24
      bandwidth/experts | c1:bw=28,experts=[0,1]; c9:bw=19,experts=[0]; c5:bw=29,experts=[0,1]; c7:bw=29,experts=[0,1]; c3:bw=22,experts=[0,1]; c4:bw=30,experts=[0,1,2]; c0:bw=12,experts=[0]; c6:bw=16,experts=[0]; c2:bw=10,experts=[0]; c8:bw=13,experts=[0]
   92 | 0.01000 |   0.6361 |   76.60% |   79.16% |    0:51.13
      bandwidth/experts | c3:bw=16,experts=[0]; c7:bw=19,experts=[0]; c1:bw=11,experts=[0]; c0:bw=16,experts=[0]; c8:bw=11,experts=[0]; c6:bw=25,experts=[0,1]; c9:bw=31,experts=[0,1,2]; c2:bw=14,experts=[0]; c5:bw=37,experts=[0,1,2]; c4:bw=15,experts=[0]
   93 | 0.01000 |   0.6279 |   75.93% |   79.16% |    0:51.17
      bandwidth/experts | c1:bw=26,experts=[0,1]; c3:bw=17,experts=[0]; c7:bw=12,experts=[0]; c9:bw=32,experts=[0,1,2]; c6:bw=12,experts=[0]; c8:bw=10,experts=[0]; c5:bw=10,experts=[0]; c4:bw=18,experts=[0]; c0:bw=10,experts=[0]; c2:bw=28,experts=[0,1]
   94 | 0.01000 |   0.6304 |   75.03% |   79.16% |    0:50.99
      bandwidth/experts | c7:bw=25,experts=[0,1]; c2:bw=36,experts=[0,1,2]; c5:bw=23,experts=[0,1]; c4:bw=17,experts=[0]; c6:bw=17,experts=[0]; c9:bw=28,experts=[0,1]; c1:bw=39,experts=[0,1,2]; c8:bw=10,experts=[0]; c0:bw=31,experts=[0,1,2]; c3:bw=19,experts=[0]
   95 | 0.01000 |   0.6309 |   75.32% |   79.16% |    0:50.98
      bandwidth/experts | c7:bw=33,experts=[0,1,2]; c9:bw=23,experts=[0,1]; c4:bw=10,experts=[0]; c6:bw=22,experts=[0,1]; c0:bw=19,experts=[0]; c3:bw=23,experts=[0,1]; c1:bw=17,experts=[0]; c8:bw=40,experts=[0,1,2,3]; c2:bw=13,experts=[0]; c5:bw=10,experts=[0]
   96 | 0.01000 |   0.6319 |   75.82% |   79.16% |    0:51.09
      bandwidth/experts | c2:bw=36,experts=[0,1,2]; c9:bw=25,experts=[0,1]; c3:bw=25,experts=[0,1]; c1:bw=20,experts=[0,1]; c5:bw=33,experts=[0,1,2]; c4:bw=27,experts=[0,2]; c6:bw=17,experts=[0]; c7:bw=28,experts=[0,1]; c0:bw=20,experts=[0,2]; c8:bw=36,experts=[0,1,2]
   97 | 0.01000 |   0.6272 |   77.08% |   79.16% |    0:51.30
      bandwidth/experts | c0:bw=23,experts=[0,2]; c9:bw=24,experts=[0,1]; c8:bw=24,experts=[0,1]; c4:bw=10,experts=[0]; c7:bw=17,experts=[0]; c1:bw=28,experts=[0,1]; c3:bw=19,experts=[0]; c5:bw=26,experts=[0,1]; c6:bw=28,experts=[0,1]; c2:bw=30,experts=[0,1,2]
   98 | 0.01000 |   0.6261 |   77.19% |   79.16% |    0:50.99
      bandwidth/experts | c4:bw=29,experts=[0,2]; c8:bw=30,experts=[0,1,2]; c9:bw=15,experts=[0]; c7:bw=13,experts=[0]; c6:bw=20,experts=[0,1]; c5:bw=27,experts=[0,1]; c0:bw=19,experts=[0]; c3:bw=14,experts=[0]; c1:bw=15,experts=[0]; c2:bw=13,experts=[0]
   99 | 0.01000 |   0.6246 |   76.98% |   79.16% |    0:51.20
      bandwidth/experts | c8:bw=19,experts=[0]; c5:bw=27,experts=[0,1]; c7:bw=25,experts=[0,1]; c1:bw=33,experts=[0,1,2]; c3:bw=21,experts=[0,1]; c9:bw=11,experts=[0]; c4:bw=14,experts=[0]; c0:bw=22,experts=[0,2]; c2:bw=17,experts=[0]; c6:bw=19,experts=[0]
  100 | 0.01000 |   0.6245 |   76.31% |   79.16% |    0:56.29
      bandwidth/experts | c2:bw=17,experts=[0]; c8:bw=25,experts=[0,1]; c9:bw=29,experts=[0,1]; c5:bw=10,experts=[0]; c6:bw=25,experts=[0,1]; c1:bw=10,experts=[0]; c4:bw=36,experts=[0,1,2]; c7:bw=10,experts=[0]; c3:bw=23,experts=[0,1]; c0:bw=36,experts=[0,1,2]

Done. Best Acc: 79.16% @ round 72
Total time: 1:26:27.45
[Export] 实验目录: /userhome/cs3/duanty/FedMoE/results/20260918-152900-2
[Export] 每轮明细: /userhome/cs3/duanty/FedMoE/results/20260918-152900-2/rounds.xlsx
[Export] 总体摘要: /userhome/cs3/duanty/FedMoE/results/20260918-152900-2/summary.xlsx
[Plot] result = /userhome/cs3/duanty/FedMoE/results/20260918-152900-2
[Plot] figures -> /userhome/cs3/duanty/FedMoE/results/20260918-152900-2/figure
  fig01_test_accuracy.pdf
  fig02_train_loss.pdf
  fig03_acc_and_loss.pdf
  fig04_bandwidth_and_k.pdf
  fig05_expert_round_heatmap.pdf
  fig06_client_expert_heatmap.pdf
  fig07_expert_frequency.pdf
  fig08_time_breakdown.pdf
  fig09_accuracy_vs_communication.pdf
  fig10_overview.pdf
[Export] 图片目录: /userhome/cs3/duanty/FedMoE/results/20260918-152900-2/figure
