========================================
Job    : c10-e8-w1-ours
Host   : gpu-4090-801
Date   : Sat Sep 19 07:32:19 HKT 2026
GPU    : 0
Python : /userhome/cs3/duanty/miniconda3/envs/moe/bin/python
Command: python -u main.py --method ours --dataset cifar10 --backbone resnet --select ours --merge ours --device cuda --num_experts 8 --width_mult 1 --bw_max -1 --output_dir ./results/c10-e8-w1-ours
========================================

==================================================================
 Ours  
  Dataset=cifar10 | beta=0.1 | Backbone=resnet | width_mult=1 | Clients=10 | Experts=8
  Select=ours | Merge=ours
  Expert refresh N_ref=8
  Rounds=100 | LR=0.01
  Bandwidth: expert_bw=10 | bw=[10, 80] | Rayleigh-Shannon, SNR=10 dB | k=floor(bw/10)
==================================================================


[Partition] Dirichlet beta=0.1, 10 clients
  Client 0:   6071 samples | 3/10 classes
  Client 1:  18481 samples | 7/10 classes
  Client 2:    174 samples | 3/10 classes
  Client 3:    462 samples | 3/10 classes
  Client 4:   2759 samples | 3/10 classes
  Client 5:   5740 samples | 7/10 classes
  Client 6:   1703 samples | 4/10 classes
  Client 7:   3407 samples | 7/10 classes
  Client 8:   6483 samples | 7/10 classes
  Client 9:   4720 samples | 10/10 classes

[Upload] expert_bw=10 | available bw=[10, 80] | Rayleigh-Shannon, SNR=10 dB | upload k=floor(bw/10), cap=8 | probe gate scores, refresh stale experts, then train selected

[Model] Total params: 13,315,216

[Export] 本次实验目录: /userhome/cs3/duanty/FedMoE/results/c10-e8-w1-ours/20260919-073223

Round |      LR |  AvgLoss |  TestAcc |     Best |  RoundTime
--------------------------------------------------------------------------------
    1 | 0.00208 |   1.5091 |   24.54% |   24.54% |    0:58.35
      bandwidth/experts | c8:bw=55,experts=[1,2,4,5,6]; c1:bw=29,experts=[2,4]; c5:bw=44,experts=[1,2,4,6]; c0:bw=10,experts=[2]; c7:bw=20,experts=[2,6]; c2:bw=29,experts=[2,4]; c9:bw=45,experts=[1,2,4,6]; c4:bw=40,experts=[1,2,4,6]; c3:bw=51,experts=[1,2,4,5,6]; c6:bw=41,experts=[1,2,4,6]
    2 | 0.00406 |   1.2727 |   36.20% |   36.20% |    0:54.35
      bandwidth/experts | c0:bw=36,experts=[0,4,6]; c1:bw=41,experts=[0,1,4,6]; c8:bw=48,experts=[0,1,4,6]; c5:bw=69,experts=[0,1,2,4,5,6]; c3:bw=67,experts=[0,1,2,4,5,6]; c4:bw=30,experts=[0,4,6]; c7:bw=55,experts=[0,1,4,5,6]; c9:bw=46,experts=[0,4,5,6]; c6:bw=17,experts=[4]; c2:bw=22,experts=[4,6]
    3 | 0.00604 |   1.1620 |   39.94% |   39.94% |    0:54.69
      bandwidth/experts | c9:bw=48,experts=[1,4,5,6]; c2:bw=42,experts=[0,1,4,6]; c0:bw=50,experts=[0,1,4,5,6]; c6:bw=40,experts=[0,1,4,6]; c8:bw=30,experts=[1,4,6]; c5:bw=13,experts=[4]; c3:bw=26,experts=[4,6]; c7:bw=33,experts=[1,4,6]; c1:bw=13,experts=[4]; c4:bw=52,experts=[0,1,4,5,6]
    4 | 0.00802 |   1.1196 |   43.24% |   43.24% |    0:55.23
      bandwidth/experts | c1:bw=40,experts=[0,1,4,6]; c7:bw=45,experts=[0,4,5,6]; c6:bw=53,experts=[0,1,4,5,6]; c2:bw=60,experts=[0,1,2,4,5,6]; c8:bw=31,experts=[0,4,6]; c0:bw=59,experts=[0,1,4,5,6]; c3:bw=34,experts=[0,4,6]; c4:bw=56,experts=[0,1,4,5,6]; c5:bw=73,experts=[0,1,2,4,5,6,7]; c9:bw=22,experts=[4,6]
    5 | 0.01000 |   1.0732 |   47.02% |   47.02% |    0:55.21
      bandwidth/experts | c1:bw=20,experts=[4,6]; c5:bw=40,experts=[1,4,5,6]; c4:bw=48,experts=[0,4,5,6]; c8:bw=37,experts=[1,4,6]; c0:bw=50,experts=[0,1,4,5,6]; c7:bw=24,experts=[4,6]; c6:bw=53,experts=[0,1,4,5,6]; c3:bw=63,experts=[0,1,2,4,5,6]; c2:bw=10,experts=[4]; c9:bw=62,experts=[0,1,2,4,5,6]
    6 | 0.01000 |   1.0608 |   49.06% |   49.06% |    0:56.54
      bandwidth/experts | c8:bw=67,experts=[0,1,2,4,5,6]; c2:bw=42,experts=[1,4,5,6]; c5:bw=27,experts=[4,6]; c7:bw=58,experts=[0,1,4,5,6]; c3:bw=36,experts=[4,5,6]; c1:bw=32,experts=[1,4,6]; c9:bw=48,experts=[1,4,5,6]; c0:bw=31,experts=[1,4,6]; c4:bw=17,experts=[4]; c6:bw=20,experts=[4,6]
    7 | 0.01000 |   1.0300 |   51.04% |   51.04% |    0:56.48
      bandwidth/experts | c0:bw=36,experts=[1,4,6]; c5:bw=49,experts=[1,4,5,6]; c2:bw=40,experts=[1,4,5,6]; c6:bw=13,experts=[4]; c3:bw=26,experts=[4,6]; c7:bw=31,experts=[4,5,6]; c4:bw=14,experts=[4]; c1:bw=10,experts=[4]; c8:bw=57,experts=[0,1,4,5,6]; c9:bw=10,experts=[4]
    8 | 0.01000 |   1.0802 |   53.42% |   53.42% |    0:56.22
      bandwidth/experts | c4:bw=10,experts=[3]; c8:bw=37,experts=[3,4,7]; c1:bw=58,experts=[3,4,5,6,7]; c3:bw=37,experts=[3,4,7]; c0:bw=32,experts=[3,4,7]; c5:bw=28,experts=[3,4]; c2:bw=54,experts=[1,3,4,6,7]; c9:bw=59,experts=[3,4,5,6,7]; c7:bw=15,experts=[3]; c6:bw=41,experts=[3,4,6,7]
    9 | 0.01000 |   0.9839 |   59.90% |   59.90% |    0:56.40
      bandwidth/experts | c2:bw=21,experts=[4,6]; c0:bw=52,experts=[1,2,4,5,6]; c4:bw=59,experts=[1,2,4,6,7]; c9:bw=26,experts=[4,6]; c8:bw=18,experts=[4]; c6:bw=31,experts=[2,4,6]; c7:bw=46,experts=[2,4,6,7]; c5:bw=52,experts=[0,1,4,5,6]; c1:bw=14,experts=[2]; c3:bw=23,experts=[4,6]
   10 | 0.01000 |   0.9153 |   53.66% |   59.90% |    0:57.00
      bandwidth/experts | c4:bw=37,experts=[4,5,6]; c2:bw=34,experts=[4,5,6]; c7:bw=37,experts=[4,5,6]; c0:bw=59,experts=[0,1,4,5,6]; c6:bw=65,experts=[0,1,2,4,5,6]; c3:bw=46,experts=[0,4,5,6]; c5:bw=58,experts=[0,1,4,5,6]; c8:bw=35,experts=[4,5,6]; c9:bw=35,experts=[4,5,6]; c1:bw=41,experts=[0,4,5,6]
   11 | 0.01000 |   0.9645 |   61.14% |   61.14% |    0:56.34
      bandwidth/experts | c5:bw=28,experts=[4,6]; c2:bw=27,experts=[4,6]; c7:bw=44,experts=[0,4,5,6]; c3:bw=50,experts=[0,1,4,5,6]; c0:bw=28,experts=[4,6]; c8:bw=39,experts=[4,5,6]; c9:bw=33,experts=[4,5,6]; c6:bw=55,experts=[0,1,4,5,6]; c1:bw=40,experts=[0,4,5,6]; c4:bw=16,experts=[4]
   12 | 0.01000 |   0.9317 |   59.18% |   61.14% |    0:55.64
      bandwidth/experts | c1:bw=42,experts=[0,4,5,6]; c5:bw=56,experts=[2,4,5,6,7]; c2:bw=57,experts=[0,2,4,5,6]; c4:bw=28,experts=[4,6]; c3:bw=35,experts=[4,5,6]; c7:bw=30,experts=[4,5,6]; c9:bw=42,experts=[0,4,5,6]; c6:bw=29,experts=[4,6]; c8:bw=55,experts=[0,1,4,5,6]; c0:bw=49,experts=[0,4,5,6]
   13 | 0.01000 |   0.9844 |   61.51% |   61.51% |    0:56.06
      bandwidth/experts | c3:bw=30,experts=[2,4,6]; c1:bw=47,experts=[0,4,5,6]; c4:bw=10,experts=[0]; c5:bw=29,experts=[4,6]; c8:bw=15,experts=[4]; c6:bw=36,experts=[4,5,6]; c9:bw=15,experts=[2]; c7:bw=58,experts=[0,1,4,5,6]; c0:bw=25,experts=[4,6]; c2:bw=16,experts=[4]
   14 | 0.01000 |   0.9097 |   63.75% |   63.75% |    0:56.36
      bandwidth/experts | c2:bw=45,experts=[1,4,5,6]; c4:bw=10,experts=[4]; c5:bw=64,experts=[0,1,2,4,5,6]; c1:bw=38,experts=[1,4,6]; c7:bw=25,experts=[4,6]; c0:bw=25,experts=[4,6]; c9:bw=32,experts=[1,4,6]; c3:bw=45,experts=[0,4,5,6]; c8:bw=21,experts=[2,4]; c6:bw=67,experts=[0,1,2,4,5,6]
   15 | 0.01000 |   0.9120 |   63.37% |   63.75% |    0:55.89
      bandwidth/experts | c7:bw=59,experts=[0,1,4,5,6]; c0:bw=20,experts=[4,6]; c1:bw=14,experts=[4]; c8:bw=52,experts=[0,1,4,5,6]; c3:bw=10,experts=[4]; c2:bw=53,experts=[0,1,4,5,6]; c4:bw=47,experts=[0,4,5,6]; c5:bw=18,experts=[4]; c9:bw=19,experts=[4]; c6:bw=33,experts=[4,5,6]
   16 | 0.01000 |   0.9109 |   68.88% |   68.88% |    0:57.75
      bandwidth/experts | c6:bw=40,experts=[3,4,6,7]; c1:bw=29,experts=[3,7]; c3:bw=43,experts=[3,4,6,7]; c8:bw=49,experts=[3,4,6,7]; c7:bw=22,experts=[3,4]; c5:bw=40,experts=[3,4,5,6]; c4:bw=35,experts=[3,4,6]; c9:bw=24,experts=[3,7]; c0:bw=57,experts=[3,4,5,6,7]; c2:bw=52,experts=[3,4,5,6,7]
   17 | 0.01000 |   0.8638 |   57.00% |   68.88% |    0:56.62
      bandwidth/experts | c4:bw=58,experts=[1,2,4,6,7]; c7:bw=25,experts=[2,7]; c8:bw=10,experts=[4]; c3:bw=52,experts=[0,1,4,5,6]; c5:bw=10,experts=[4]; c1:bw=29,experts=[2,4]; c0:bw=11,experts=[2]; c2:bw=19,experts=[4]; c9:bw=37,experts=[4,5,6]; c6:bw=39,experts=[4,5,6]
   18 | 0.01000 |   0.9172 |   69.64% |   69.64% |    0:56.36
      bandwidth/experts | c1:bw=10,experts=[4]; c8:bw=10,experts=[4]; c5:bw=35,experts=[4,5,6]; c2:bw=37,experts=[4,5,6]; c9:bw=19,experts=[4]; c7:bw=55,experts=[0,1,4,5,6]; c4:bw=56,experts=[0,1,4,5,6]; c3:bw=37,experts=[4,5,6]; c0:bw=49,experts=[1,4,5,6]; c6:bw=31,experts=[4,5,6]
   19 | 0.01000 |   0.8793 |   66.20% |   69.64% |    0:57.08
      bandwidth/experts | c8:bw=56,experts=[1,2,4,5,6]; c0:bw=42,experts=[0,4,5,6]; c4:bw=51,experts=[0,1,4,5,6]; c1:bw=46,experts=[0,4,5,6]; c9:bw=38,experts=[4,5,6]; c5:bw=29,experts=[4,6]; c7:bw=22,experts=[4,6]; c2:bw=14,experts=[4]; c6:bw=66,experts=[0,1,2,4,5,6]; c3:bw=40,experts=[2,4,5,6]
   20 | 0.01000 |   0.8986 |   69.89% |   69.89% |    0:57.61
      bandwidth/experts | c0:bw=28,experts=[4,6]; c2:bw=41,experts=[2,4,5,6]; c1:bw=40,experts=[0,4,5,6]; c9:bw=17,experts=[0]; c7:bw=43,experts=[0,4,5,6]; c6:bw=68,experts=[0,1,2,4,5,6]; c3:bw=18,experts=[4]; c5:bw=10,experts=[7]; c4:bw=59,experts=[0,1,4,5,6]; c8:bw=50,experts=[0,1,4,5,6]
   21 | 0.01000 |   0.8681 |   68.41% |   69.89% |    0:58.99
      bandwidth/experts | c1:bw=41,experts=[0,4,5,6]; c2:bw=39,experts=[4,5,6]; c7:bw=12,experts=[4]; c4:bw=48,experts=[1,4,5,6]; c8:bw=18,experts=[4]; c5:bw=32,experts=[4,5,6]; c0:bw=66,experts=[0,1,2,4,5,6]; c3:bw=10,experts=[4]; c6:bw=16,experts=[4]; c9:bw=25,experts=[2,4]
   22 | 0.01000 |   0.8786 |   71.84% |   71.84% |    0:58.45
      bandwidth/experts | c7:bw=16,experts=[4]; c9:bw=33,experts=[1,4,6]; c1:bw=10,experts=[1]; c6:bw=61,experts=[0,1,2,4,5,6]; c5:bw=17,experts=[0]; c2:bw=66,experts=[0,1,2,4,5,6]; c0:bw=67,experts=[0,1,2,4,5,6]; c4:bw=36,experts=[4,5,6]; c3:bw=56,experts=[0,1,4,5,6]; c8:bw=33,experts=[4,5,6]
   23 | 0.01000 |   0.8154 |   65.04% |   71.84% |    0:58.32
      bandwidth/experts | c5:bw=52,experts=[1,2,4,5,6]; c7:bw=15,experts=[4]; c4:bw=56,experts=[0,1,4,5,6]; c6:bw=10,experts=[4]; c9:bw=50,experts=[1,2,4,5,6]; c8:bw=35,experts=[4,5,6]; c3:bw=15,experts=[4]; c1:bw=62,experts=[0,1,2,4,5,6]; c2:bw=32,experts=[4,5,6]; c0:bw=11,experts=[4]
   24 | 0.01000 |   0.9786 |   59.84% |   71.84% |    0:57.42
      bandwidth/experts | c6:bw=30,experts=[3,4,7]; c4:bw=12,experts=[3]; c7:bw=10,experts=[3]; c9:bw=50,experts=[3,4,5,6,7]; c2:bw=43,experts=[3,4,6,7]; c1:bw=10,experts=[3]; c5:bw=25,experts=[3,4]; c8:bw=18,experts=[3]; c3:bw=10,experts=[3]; c0:bw=31,experts=[3,4,7]
   25 | 0.01000 |   0.8901 |   68.73% |   71.84% |    0:57.22
      bandwidth/experts | c9:bw=40,experts=[0,4,5,6]; c6:bw=16,experts=[4]; c4:bw=58,experts=[2,4,5,6,7]; c3:bw=14,experts=[7]; c5:bw=64,experts=[0,1,2,4,5,6]; c1:bw=49,experts=[4,5,6,7]; c8:bw=55,experts=[1,4,5,6,7]; c2:bw=12,experts=[4]; c0:bw=56,experts=[0,2,4,5,6]; c7:bw=40,experts=[2,4,6,7]
   26 | 0.01000 |   0.8657 |   70.46% |   71.84% |    0:57.10
      bandwidth/experts | c3:bw=44,experts=[0,4,5,6]; c6:bw=34,experts=[4,5,6]; c9:bw=50,experts=[0,2,4,5,6]; c7:bw=31,experts=[1,4,6]; c1:bw=33,experts=[4,5,6]; c5:bw=20,experts=[4,6]; c2:bw=30,experts=[4,5,6]; c8:bw=53,experts=[0,1,4,5,6]; c0:bw=11,experts=[4]; c4:bw=48,experts=[0,4,5,6]
   27 | 0.01000 |   0.8492 |   71.31% |   71.84% |    0:57.03
      bandwidth/experts | c7:bw=51,experts=[0,1,4,5,6]; c1:bw=62,experts=[0,1,2,4,5,6]; c4:bw=12,experts=[4]; c0:bw=36,experts=[4,5,6]; c9:bw=18,experts=[4]; c2:bw=20,experts=[4,6]; c8:bw=55,experts=[0,2,4,5,6]; c3:bw=21,experts=[2,4]; c6:bw=63,experts=[0,1,2,4,5,6]; c5:bw=37,experts=[4,5,6]
   28 | 0.01000 |   0.8457 |   71.33% |   71.84% |    0:57.19
      bandwidth/experts | c6:bw=29,experts=[4,6]; c9:bw=49,experts=[0,4,5,6]; c0:bw=47,experts=[0,4,5,6]; c8:bw=29,experts=[4,6]; c2:bw=10,experts=[4]; c5:bw=33,experts=[4,6,7]; c1:bw=25,experts=[4,6]; c3:bw=12,experts=[4]; c4:bw=10,experts=[4]; c7:bw=10,experts=[4]
   29 | 0.01000 |   0.8388 |   73.01% |   73.01% |    0:56.27
      bandwidth/experts | c4:bw=38,experts=[4,5,6]; c0:bw=44,experts=[0,4,5,6]; c1:bw=33,experts=[4,5,6]; c9:bw=44,experts=[0,4,5,6]; c6:bw=43,experts=[0,4,5,6]; c8:bw=34,experts=[4,5,6]; c7:bw=21,experts=[4,6]; c3:bw=32,experts=[4,5,6]; c2:bw=18,experts=[4]; c5:bw=33,experts=[4,5,6]
   30 | 0.01000 |   0.8832 |   68.44% |   73.01% |    0:54.38
      bandwidth/experts | c5:bw=62,experts=[0,1,2,4,5,6]; c1:bw=35,experts=[4,5,6]; c9:bw=54,experts=[0,2,4,5,6]; c4:bw=51,experts=[0,1,4,5,6]; c0:bw=17,experts=[1]; c8:bw=41,experts=[0,4,5,6]; c6:bw=11,experts=[4]; c7:bw=12,experts=[4]; c3:bw=59,experts=[0,1,4,5,6]; c2:bw=27,experts=[0,1]
   31 | 0.01000 |   0.8644 |   73.81% |   73.81% |    0:54.31
      bandwidth/experts | c6:bw=29,experts=[4,6]; c4:bw=19,experts=[4]; c9:bw=45,experts=[1,4,5,6]; c1:bw=30,experts=[0,4,6]; c5:bw=62,experts=[0,1,2,4,5,6]; c8:bw=33,experts=[0,4,6]; c3:bw=24,experts=[4,6]; c2:bw=15,experts=[2]; c0:bw=47,experts=[0,4,5,6]; c7:bw=63,experts=[0,1,2,4,5,6]
   32 | 0.01000 |   0.8532 |   71.03% |   73.81% |    0:54.39
      bandwidth/experts | c8:bw=21,experts=[3,4]; c5:bw=36,experts=[3,4,6]; c4:bw=49,experts=[3,4,5,6]; c7:bw=47,experts=[3,4,5,6]; c0:bw=46,experts=[3,4,6,7]; c1:bw=21,experts=[3,4]; c3:bw=28,experts=[3,4]; c6:bw=27,experts=[3,7]; c2:bw=54,experts=[3,4,5,6,7]; c9:bw=31,experts=[3,4,7]
   33 | 0.01000 |   0.8286 |   73.81% |   73.81% |    0:54.73
      bandwidth/experts | c7:bw=52,experts=[0,4,5,6,7]; c1:bw=34,experts=[4,6,7]; c3:bw=70,experts=[0,1,2,4,5,6,7]; c6:bw=37,experts=[4,5,6]; c5:bw=29,experts=[4,6]; c9:bw=42,experts=[0,4,5,6]; c2:bw=24,experts=[4,6]; c8:bw=50,experts=[1,4,5,6,7]; c4:bw=45,experts=[2,4,6,7]; c0:bw=62,experts=[0,1,2,4,5,6]
   34 | 0.01000 |   0.8235 |   74.56% |   74.56% |    0:54.39
      bandwidth/experts | c4:bw=46,experts=[0,4,5,6]; c1:bw=46,experts=[0,4,5,6]; c6:bw=48,experts=[0,4,5,6]; c9:bw=68,experts=[0,1,2,4,5,6]; c8:bw=42,experts=[1,4,5,6]; c0:bw=22,experts=[4,6]; c5:bw=60,experts=[0,1,4,5,6,7]; c7:bw=32,experts=[0,4,6]; c3:bw=72,experts=[0,1,2,4,5,6,7]; c2:bw=54,experts=[0,1,4,5,6]
   35 | 0.01000 |   0.8148 |   76.45% |   76.45% |    0:54.91
      bandwidth/experts | c4:bw=33,experts=[4,5,6]; c0:bw=20,experts=[4,6]; c1:bw=31,experts=[1,2,4]; c6:bw=44,experts=[1,2,4,6]; c2:bw=46,experts=[0,4,5,6]; c8:bw=50,experts=[1,2,4,5,6]; c9:bw=27,experts=[4,6]; c7:bw=48,experts=[0,4,5,6]; c5:bw=41,experts=[1,4,5,6]; c3:bw=24,experts=[4,6]
   36 | 0.01000 |   0.8091 |   73.63% |   76.45% |    0:54.44
      bandwidth/experts | c9:bw=37,experts=[0,4,6]; c0:bw=36,experts=[0,4,6]; c3:bw=60,experts=[0,1,2,4,5,6]; c7:bw=27,experts=[4,6]; c6:bw=43,experts=[0,4,5,6]; c5:bw=49,experts=[0,1,4,6]; c1:bw=10,experts=[4]; c4:bw=74,experts=[0,1,2,4,5,6,7]; c8:bw=51,experts=[0,1,4,5,6]; c2:bw=50,experts=[1,2,4,5,6]
   37 | 0.01000 |   0.8136 |   75.27% |   76.45% |    0:54.73
      bandwidth/experts | c1:bw=18,experts=[4]; c5:bw=39,experts=[4,5,6]; c2:bw=36,experts=[0,4,6]; c6:bw=65,experts=[0,1,2,4,5,6]; c4:bw=39,experts=[4,5,6]; c7:bw=42,experts=[0,4,5,6]; c9:bw=40,experts=[0,4,5,6]; c0:bw=54,experts=[0,2,4,5,6]; c3:bw=36,experts=[4,5,6]; c8:bw=10,experts=[4]
   38 | 0.01000 |   0.8107 |   75.40% |   76.45% |    0:54.68
      bandwidth/experts | c8:bw=46,experts=[0,4,5,6]; c6:bw=17,experts=[4]; c4:bw=52,experts=[0,1,4,5,6]; c1:bw=31,experts=[4,5,6]; c5:bw=10,experts=[4]; c2:bw=10,experts=[4]; c3:bw=38,experts=[4,5,6]; c7:bw=51,experts=[0,1,4,5,6]; c9:bw=26,experts=[4,6]; c0:bw=40,experts=[0,4,5,6]
   39 | 0.01000 |   0.8053 |   74.55% |   76.45% |    0:54.40
      bandwidth/experts | c3:bw=26,experts=[4,6]; c0:bw=10,experts=[4]; c1:bw=45,experts=[0,4,5,6]; c7:bw=40,experts=[2,4,5,6]; c6:bw=31,experts=[4,5,6]; c8:bw=45,experts=[1,4,5,6]; c2:bw=36,experts=[0,4,6]; c4:bw=36,experts=[4,5,6]; c9:bw=24,experts=[4,6]; c5:bw=75,experts=[0,1,2,4,5,6,7]
   40 | 0.01000 |   0.8553 |   74.10% |   76.45% |    0:54.88
      bandwidth/experts | c8:bw=26,experts=[3,4]; c1:bw=42,experts=[3,4,5,6]; c5:bw=32,experts=[3,4,6]; c6:bw=46,experts=[3,4,6,7]; c2:bw=65,experts=[0,3,4,5,6,7]; c7:bw=66,experts=[0,1,3,4,5,6]; c3:bw=10,experts=[3]; c4:bw=19,experts=[3]; c9:bw=40,experts=[3,4,6,7]; c0:bw=36,experts=[3,4,7]
   41 | 0.01000 |   0.8143 |   75.69% |   76.45% |    0:54.99
      bandwidth/experts | c2:bw=54,experts=[0,2,4,5,6]; c6:bw=10,experts=[4]; c8:bw=57,experts=[0,4,5,6,7]; c1:bw=10,experts=[7]; c4:bw=50,experts=[0,1,4,5,6]; c5:bw=61,experts=[0,1,4,5,6,7]; c7:bw=68,experts=[0,2,4,5,6,7]; c3:bw=40,experts=[0,4,5,6]; c9:bw=54,experts=[0,1,4,5,6]; c0:bw=10,experts=[1]
   42 | 0.01000 |   0.7561 |   76.23% |   76.45% |    0:54.83
      bandwidth/experts | c5:bw=50,experts=[0,4,5,6,7]; c1:bw=49,experts=[0,2,4,6]; c3:bw=48,experts=[0,4,6,7]; c9:bw=51,experts=[0,2,4,5,6]; c6:bw=34,experts=[0,4,6]; c0:bw=15,experts=[4]; c7:bw=20,experts=[4,6]; c4:bw=55,experts=[0,1,4,5,6]; c8:bw=42,experts=[0,4,5,6]; c2:bw=40,experts=[0,4,5,6]
   43 | 0.01000 |   0.7951 |   78.77% |   78.77% |    0:55.82
      bandwidth/experts | c5:bw=53,experts=[0,1,4,5,6]; c1:bw=58,experts=[0,1,2,4,6]; c2:bw=51,experts=[0,2,4,5,6]; c8:bw=45,experts=[2,4,5,6]; c9:bw=32,experts=[0,4,6]; c7:bw=21,experts=[4,6]; c4:bw=34,experts=[4,5,6]; c6:bw=12,experts=[4]; c3:bw=65,experts=[0,1,2,4,5,6]; c0:bw=21,experts=[4,6]
   44 | 0.01000 |   0.7993 |   74.76% |   78.77% |    0:55.77
      bandwidth/experts | c0:bw=66,experts=[0,2,4,5,6,7]; c3:bw=47,experts=[0,4,5,6]; c4:bw=29,experts=[2,7]; c2:bw=37,experts=[1,4,6]; c7:bw=75,experts=[0,1,2,4,5,6,7]; c5:bw=24,experts=[4,6]; c6:bw=20,experts=[4,6]; c9:bw=37,experts=[0,4,6]; c8:bw=34,experts=[0,4,6]; c1:bw=45,experts=[0,4,5,6]
   45 | 0.01000 |   0.8054 |   78.45% |   78.77% |    0:55.91
      bandwidth/experts | c8:bw=55,experts=[0,1,2,4,6]; c0:bw=36,experts=[4,5,6]; c3:bw=67,experts=[0,1,2,4,5,6]; c4:bw=64,experts=[0,1,4,5,6,7]; c7:bw=36,experts=[4,5,6]; c2:bw=49,experts=[2,4,5,6]; c9:bw=25,experts=[4,6]; c6:bw=10,experts=[1]; c5:bw=44,experts=[0,1,4,6]; c1:bw=56,experts=[0,4,5,6,7]
   46 | 0.01000 |   0.7825 |   76.69% |   78.77% |    0:58.50
      bandwidth/experts | c9:bw=37,experts=[0,4,6]; c3:bw=27,experts=[4,6]; c6:bw=39,experts=[2,4,6]; c1:bw=41,experts=[0,2,4,6]; c4:bw=64,experts=[0,1,4,5,6,7]; c5:bw=41,experts=[0,1,4,6]; c2:bw=57,experts=[0,2,4,5,6]; c8:bw=39,experts=[0,4,6]; c0:bw=55,experts=[0,2,4,5,6]; c7:bw=28,experts=[4,6]
   47 | 0.01000 |   0.7883 |   78.90% |   78.90% |    0:56.98
      bandwidth/experts | c5:bw=52,experts=[0,2,4,6,7]; c6:bw=22,experts=[4,5]; c7:bw=53,experts=[0,1,4,5,6]; c9:bw=17,experts=[4]; c8:bw=39,experts=[4,5,6]; c3:bw=70,experts=[0,1,2,4,5,6,7]; c4:bw=10,experts=[4]; c0:bw=46,experts=[4,5,6,7]; c1:bw=30,experts=[0,4,6]; c2:bw=54,experts=[0,2,4,5,6]
   48 | 0.01000 |   0.8214 |   75.09% |   78.90% |    0:56.94
      bandwidth/experts | c1:bw=50,experts=[0,3,4,6,7]; c8:bw=50,experts=[1,3,4,5,6]; c4:bw=67,experts=[1,3,4,5,6,7]; c2:bw=57,experts=[0,3,4,6,7]; c9:bw=52,experts=[0,3,4,6,7]; c6:bw=45,experts=[3,4,6,7]; c5:bw=55,experts=[1,3,4,6,7]; c7:bw=62,experts=[0,2,3,4,5,6]; c0:bw=16,experts=[3]; c3:bw=18,experts=[3]
   49 | 0.01000 |   0.7752 |   78.67% |   78.90% |    0:57.85
      bandwidth/experts | c4:bw=48,experts=[0,4,5,6]; c3:bw=32,experts=[0,4,6]; c8:bw=26,experts=[4,7]; c0:bw=20,experts=[1,4]; c2:bw=58,experts=[0,2,4,5,6]; c5:bw=56,experts=[0,1,2,4,6]; c6:bw=13,experts=[4]; c7:bw=44,experts=[0,4,5,6]; c9:bw=53,experts=[0,1,4,5,6]; c1:bw=54,experts=[0,2,4,6,7]
   50 | 0.01000 |   0.7794 |   77.68% |   78.90% |    0:57.94
      bandwidth/experts | c8:bw=32,experts=[1,4,6]; c4:bw=10,experts=[4]; c7:bw=34,experts=[4,5,6]; c6:bw=68,experts=[0,1,2,4,5,6]; c2:bw=63,experts=[0,1,2,4,5,6]; c1:bw=64,experts=[0,1,2,4,5,6]; c3:bw=39,experts=[4,5,6]; c0:bw=29,experts=[4,6]; c9:bw=27,experts=[2,4]; c5:bw=31,experts=[1,4,6]
   51 | 0.01000 |   0.7752 |   77.93% |   78.90% |    0:58.26
      bandwidth/experts | c5:bw=47,experts=[4,5,6,7]; c0:bw=53,experts=[0,4,5,6,7]; c1:bw=21,experts=[4,6]; c2:bw=20,experts=[4,6]; c8:bw=46,experts=[0,4,5,6]; c6:bw=52,experts=[2,4,5,6,7]; c9:bw=18,experts=[4]; c3:bw=55,experts=[0,2,4,5,6]; c4:bw=11,experts=[4]; c7:bw=27,experts=[4,6]
   52 | 0.01000 |   0.7740 |   78.51% |   78.90% |    0:59.34
      bandwidth/experts | c0:bw=46,experts=[0,4,5,6]; c8:bw=18,experts=[4]; c5:bw=24,experts=[4,6]; c7:bw=34,experts=[4,6,7]; c1:bw=40,experts=[0,4,6,7]; c4:bw=33,experts=[2,4,6]; c9:bw=31,experts=[0,4,6]; c6:bw=51,experts=[0,2,4,6,7]; c2:bw=29,experts=[4,6]; c3:bw=43,experts=[2,4,5,6]
   53 | 0.01000 |   0.7708 |   78.99% |   78.99% |    0:59.53
      bandwidth/experts | c8:bw=22,experts=[2,4]; c4:bw=28,experts=[4,6]; c5:bw=44,experts=[1,4,6,7]; c1:bw=59,experts=[0,4,5,6,7]; c3:bw=47,experts=[0,4,5,6]; c9:bw=61,experts=[0,1,2,4,5,6]; c6:bw=36,experts=[0,4,6]; c7:bw=44,experts=[0,4,5,6]; c0:bw=39,experts=[4,5,6]; c2:bw=51,experts=[0,2,4,5,6]
   54 | 0.01000 |   0.7708 |   79.19% |   79.19% |    0:59.01
      bandwidth/experts | c2:bw=10,experts=[4]; c1:bw=53,experts=[1,4,5,6,7]; c8:bw=55,experts=[0,1,4,5,6]; c7:bw=61,experts=[0,1,2,4,5,6]; c3:bw=30,experts=[0,4,6]; c0:bw=37,experts=[2,4,6]; c6:bw=54,experts=[0,4,5,6,7]; c5:bw=10,experts=[4]; c9:bw=50,experts=[0,1,4,5,6]; c4:bw=32,experts=[4,5,6]
   55 | 0.01000 |   0.7626 |   77.90% |   79.19% |    0:59.10
      bandwidth/experts | c7:bw=54,experts=[0,1,4,5,6]; c2:bw=41,experts=[0,4,5,6]; c4:bw=14,experts=[4]; c3:bw=52,experts=[1,4,5,6,7]; c8:bw=14,experts=[4]; c5:bw=53,experts=[0,1,4,5,6]; c1:bw=60,experts=[0,2,4,5,6,7]; c6:bw=42,experts=[2,4,6,7]; c0:bw=27,experts=[4,6]; c9:bw=62,experts=[0,1,2,4,5,6]
   56 | 0.01000 |   0.8157 |   76.10% |   79.19% |    0:59.69
      bandwidth/experts | c9:bw=52,experts=[1,3,4,6,7]; c1:bw=56,experts=[0,2,3,4,6]; c3:bw=10,experts=[3]; c2:bw=53,experts=[0,3,4,6,7]; c5:bw=31,experts=[3,4,6]; c4:bw=10,experts=[1]; c8:bw=13,experts=[3]; c7:bw=18,experts=[3]; c6:bw=23,experts=[3,4]; c0:bw=70,experts=[0,1,2,3,4,5,6]
   57 | 0.01000 |   0.7706 |   79.98% |   79.98% |    1:00.09
      bandwidth/experts | c3:bw=64,experts=[0,1,2,4,5,6]; c8:bw=43,experts=[4,5,6,7]; c6:bw=48,experts=[0,4,5,6]; c1:bw=49,experts=[0,1,4,6]; c7:bw=69,experts=[0,1,2,4,5,6]; c0:bw=70,experts=[0,1,2,4,5,6,7]; c5:bw=44,experts=[0,2,4,6]; c4:bw=41,experts=[0,3,4,7]; c2:bw=33,experts=[4,5,6]; c9:bw=19,experts=[4]
   58 | 0.01000 |   0.7864 |   77.59% |   79.98% |    1:00.45
      bandwidth/experts | c7:bw=24,experts=[4,6]; c2:bw=10,experts=[1]; c9:bw=57,experts=[0,1,4,5,6]; c6:bw=55,experts=[0,1,4,5,6]; c5:bw=35,experts=[0,4,6]; c1:bw=30,experts=[0,4,6]; c8:bw=40,experts=[0,4,5,6]; c4:bw=38,experts=[0,4,6]; c3:bw=61,experts=[0,2,4,5,6,7]; c0:bw=47,experts=[0,4,5,6]
   59 | 0.01000 |   0.7661 |   78.40% |   79.98% |    0:58.74
      bandwidth/experts | c2:bw=37,experts=[0,4,6]; c8:bw=56,experts=[0,1,4,5,6]; c9:bw=28,experts=[4,6]; c6:bw=19,experts=[4]; c1:bw=65,experts=[0,1,4,5,6,7]; c4:bw=26,experts=[4,6]; c7:bw=28,experts=[4,6]; c5:bw=32,experts=[1,4,6]; c0:bw=52,experts=[0,4,5,6,7]; c3:bw=35,experts=[4,5,6]
   60 | 0.01000 |   0.7560 |   79.72% |   79.98% |    0:58.16
      bandwidth/experts | c0:bw=53,experts=[0,4,5,6,7]; c7:bw=48,experts=[4,5,6,7]; c4:bw=30,experts=[2,4,6]; c2:bw=30,experts=[0,4,6]; c5:bw=33,experts=[4,6,7]; c8:bw=24,experts=[4,6]; c6:bw=59,experts=[0,4,5,6,7]; c9:bw=10,experts=[4]; c1:bw=54,experts=[0,1,4,6,7]; c3:bw=44,experts=[0,4,5,6]
   61 | 0.01000 |   0.7585 |   79.66% |   79.98% |    0:58.25
      bandwidth/experts | c5:bw=49,experts=[0,1,4,6]; c6:bw=37,experts=[4,6,7]; c2:bw=29,experts=[2,4]; c9:bw=38,experts=[0,4,6]; c1:bw=33,experts=[0,4,6]; c3:bw=43,experts=[0,1,4,6]; c8:bw=55,experts=[0,2,4,5,6]; c4:bw=38,experts=[4,5,6]; c7:bw=43,experts=[0,4,5,6]; c0:bw=60,experts=[0,2,4,5,6,7]
   62 | 0.01000 |   0.7589 |   79.59% |   79.98% |    0:57.87
      bandwidth/experts | c8:bw=13,experts=[4]; c6:bw=62,experts=[0,2,4,5,6,7]; c9:bw=16,experts=[4]; c4:bw=60,experts=[0,1,4,5,6,7]; c5:bw=67,experts=[0,1,4,5,6,7]; c0:bw=28,experts=[4,6]; c3:bw=53,experts=[0,2,4,5,6]; c2:bw=42,experts=[0,4,5,6]; c1:bw=75,experts=[0,1,2,4,5,6,7]; c7:bw=44,experts=[0,4,5,6]
   63 | 0.01000 |   0.7497 |   79.90% |   79.98% |    0:57.93
      bandwidth/experts | c5:bw=10,experts=[4]; c9:bw=21,experts=[2,4]; c6:bw=34,experts=[0,4,6]; c3:bw=52,experts=[0,2,4,5,6]; c8:bw=32,experts=[0,4,6]; c1:bw=50,experts=[0,4,5,6,7]; c7:bw=68,experts=[0,2,4,5,6,7]; c0:bw=41,experts=[0,4,5,6]; c2:bw=28,experts=[4,6]; c4:bw=52,experts=[0,4,5,6,7]
   64 | 0.01000 |   0.7473 |   78.37% |   79.98% |    0:54.97
      bandwidth/experts | c6:bw=50,experts=[0,3,4,6,7]; c4:bw=38,experts=[4,5,6]; c5:bw=24,experts=[3,4]; c3:bw=38,experts=[3,4,6]; c7:bw=34,experts=[3,4,6]; c0:bw=32,experts=[3,4,6]; c8:bw=53,experts=[0,3,4,5,6]; c9:bw=59,experts=[0,3,4,6,7]; c2:bw=56,experts=[0,3,4,6,7]; c1:bw=28,experts=[3,4]
   65 | 0.01000 |   0.7518 |   79.98% |   79.98% |    0:54.63
      bandwidth/experts | c7:bw=10,experts=[1]; c5:bw=29,experts=[2,4]; c4:bw=57,experts=[1,3,4,5,6]; c6:bw=50,experts=[0,1,4,6,7]; c8:bw=66,experts=[0,1,4,5,6,7]; c3:bw=42,experts=[4,5,6,7]; c0:bw=41,experts=[1,4,6,7]; c2:bw=28,experts=[4,6]; c1:bw=58,experts=[0,1,4,6,7]; c9:bw=47,experts=[0,4,5,6]
   66 | 0.01000 |   0.7429 |   80.30% |   80.30% |    0:53.81
      bandwidth/experts | c2:bw=41,experts=[0,1,4,6]; c5:bw=17,experts=[4]; c1:bw=54,experts=[0,1,4,6,7]; c8:bw=24,experts=[4,6]; c9:bw=31,experts=[1,4,6]; c6:bw=30,experts=[4,6,7]; c4:bw=41,experts=[4,5,6,7]; c0:bw=38,experts=[0,4,6]; c3:bw=66,experts=[0,1,2,4,5,6]; c7:bw=50,experts=[0,1,4,5,6]
   67 | 0.01000 |   0.7476 |   78.80% |   80.30% |    0:53.09
      bandwidth/experts | c4:bw=51,experts=[0,1,4,5,6]; c5:bw=48,experts=[0,1,4,6]; c1:bw=36,experts=[4,6,7]; c3:bw=25,experts=[4,6]; c6:bw=53,experts=[0,2,4,6,7]; c0:bw=32,experts=[4,6,7]; c2:bw=43,experts=[0,4,5,6]; c9:bw=60,experts=[0,1,2,4,5,6]; c7:bw=59,experts=[0,1,4,5,6]; c8:bw=10,experts=[4]
   68 | 0.01000 |   0.7507 |   81.11% |   81.11% |    0:53.01
      bandwidth/experts | c1:bw=42,experts=[0,4,6,7]; c8:bw=31,experts=[0,4,6]; c2:bw=58,experts=[0,1,4,5,6]; c0:bw=30,experts=[0,4,6]; c3:bw=26,experts=[4,6]; c4:bw=49,experts=[2,4,5,6]; c5:bw=45,experts=[1,4,6,7]; c9:bw=15,experts=[4]; c7:bw=28,experts=[4,6]; c6:bw=32,experts=[4,6,7]
   69 | 0.01000 |   0.7431 |   80.56% |   81.11% |    0:51.64
      bandwidth/experts | c3:bw=41,experts=[0,4,5,6]; c7:bw=58,experts=[0,2,4,5,6]; c1:bw=31,experts=[4,6,7]; c4:bw=41,experts=[0,4,5,6]; c9:bw=35,experts=[0,4,6]; c5:bw=39,experts=[4,6,7]; c0:bw=52,experts=[0,2,4,5,6]; c2:bw=66,experts=[0,1,2,4,5,6]; c8:bw=42,experts=[0,2,4,6]; c6:bw=26,experts=[4,6]
   70 | 0.01000 |   0.7459 |   80.80% |   81.11% |    0:51.33
      bandwidth/experts | c1:bw=24,experts=[2,4]; c9:bw=10,experts=[4]; c7:bw=28,experts=[4,6]; c3:bw=32,experts=[0,4,6]; c0:bw=30,experts=[4,5,6]; c6:bw=26,experts=[4,5]; c2:bw=55,experts=[0,1,4,5,6]; c4:bw=58,experts=[1,4,5,6,7]; c5:bw=23,experts=[4,5]; c8:bw=48,experts=[0,4,5,6]
   71 | 0.01000 |   0.7431 |   81.64% |   81.64% |    0:51.39
      bandwidth/experts | c4:bw=42,experts=[4,5,6,7]; c0:bw=16,experts=[4]; c1:bw=52,experts=[0,4,5,6,7]; c9:bw=40,experts=[0,4,5,6]; c7:bw=20,experts=[4,7]; c5:bw=33,experts=[4,6,7]; c3:bw=62,experts=[0,1,2,4,5,6]; c6:bw=50,experts=[0,4,5,6,7]; c8:bw=39,experts=[4,5,6]; c2:bw=61,experts=[0,1,2,4,5,6]
   72 | 0.01000 |   0.7822 |   79.23% |   81.64% |    0:51.41
      bandwidth/experts | c8:bw=30,experts=[3,4,6]; c1:bw=39,experts=[3,4,6]; c5:bw=43,experts=[0,3,4,6]; c7:bw=48,experts=[0,3,4,6]; c6:bw=19,experts=[3]; c0:bw=52,experts=[3,4,5,6,7]; c3:bw=23,experts=[3,4]; c2:bw=23,experts=[3,7]; c9:bw=38,experts=[3,4,7]; c4:bw=39,experts=[4,5,6]
   73 | 0.01000 |   0.7469 |   80.91% |   81.64% |    0:51.17
      bandwidth/experts | c2:bw=47,experts=[0,4,5,6]; c8:bw=11,experts=[1]; c3:bw=40,experts=[4,5,6,7]; c1:bw=66,experts=[0,1,4,5,6,7]; c5:bw=17,experts=[2]; c9:bw=52,experts=[0,1,4,5,6]; c0:bw=28,experts=[1,4]; c7:bw=37,experts=[4,5,6]; c6:bw=20,experts=[1,4]; c4:bw=41,experts=[3,4,5,6]
   74 | 0.01000 |   0.7368 |   80.82% |   81.64% |    0:51.21
      bandwidth/experts | c3:bw=10,experts=[4]; c0:bw=40,experts=[0,4,5,6]; c1:bw=28,experts=[4,6]; c5:bw=50,experts=[0,1,4,6,7]; c7:bw=65,experts=[0,1,4,5,6,7]; c8:bw=28,experts=[4,7]; c6:bw=10,experts=[4]; c2:bw=10,experts=[4]; c4:bw=47,experts=[1,4,5,6]; c9:bw=32,experts=[0,4,6]
   75 | 0.01000 |   0.7326 |   80.24% |   81.64% |    0:51.13
      bandwidth/experts | c2:bw=40,experts=[0,4,5,6]; c9:bw=61,experts=[0,1,2,4,5,6]; c1:bw=54,experts=[0,1,4,6,7]; c3:bw=20,experts=[4,6]; c7:bw=28,experts=[4,6]; c6:bw=56,experts=[0,2,4,6,7]; c5:bw=31,experts=[1,4,6]; c4:bw=56,experts=[1,4,5,6,7]; c0:bw=60,experts=[0,1,4,5,6,7]; c8:bw=53,experts=[0,1,4,5,6]
   76 | 0.01000 |   0.7399 |   79.82% |   81.64% |    0:51.14
      bandwidth/experts | c8:bw=29,experts=[4,6]; c5:bw=37,experts=[1,4,6]; c0:bw=31,experts=[4,6,7]; c3:bw=15,experts=[4]; c2:bw=25,experts=[4,6]; c6:bw=23,experts=[4,6]; c7:bw=66,experts=[0,2,4,5,6,7]; c4:bw=60,experts=[1,2,4,5,6,7]; c9:bw=57,experts=[0,1,4,6,7]; c1:bw=53,experts=[0,1,4,6,7]
   77 | 0.01000 |   0.7321 |   77.65% |   81.64% |    0:50.90
      bandwidth/experts | c9:bw=29,experts=[4,6]; c2:bw=34,experts=[4,5,6]; c1:bw=62,experts=[0,1,4,5,6,7]; c8:bw=10,experts=[2]; c4:bw=10,experts=[0]; c7:bw=10,experts=[4]; c6:bw=57,experts=[0,4,5,6,7]; c0:bw=63,experts=[0,2,4,5,6,7]; c3:bw=40,experts=[0,4,5,6]; c5:bw=59,experts=[0,1,4,6,7]
   78 | 0.01000 |   0.7289 |   80.88% |   81.64% |    0:51.27
      bandwidth/experts | c0:bw=26,experts=[4,6]; c4:bw=23,experts=[4,6]; c3:bw=38,experts=[0,4,6]; c7:bw=36,experts=[0,4,6]; c8:bw=54,experts=[0,1,4,5,6]; c1:bw=41,experts=[0,2,4,6]; c9:bw=31,experts=[0,4,6]; c6:bw=57,experts=[0,1,4,6,7]; c5:bw=63,experts=[0,1,4,5,6,7]; c2:bw=34,experts=[0,4,6]
   79 | 0.01000 |   0.7438 |   80.97% |   81.64% |    0:51.56
      bandwidth/experts | c6:bw=21,experts=[4,6]; c9:bw=10,experts=[4]; c0:bw=36,experts=[4,6,7]; c4:bw=80,experts=[0,1,2,3,4,5,6,7]; c7:bw=46,experts=[0,4,5,6]; c8:bw=44,experts=[0,4,5,6]; c5:bw=53,experts=[0,1,4,6,7]; c3:bw=26,experts=[1,2]; c1:bw=37,experts=[4,6,7]; c2:bw=33,experts=[1,2,4]
   80 | 0.01000 |   0.7295 |   80.70% |   81.64% |    0:53.55
      bandwidth/experts | c5:bw=65,experts=[0,1,3,4,6,7]; c9:bw=53,experts=[0,1,3,4,6]; c7:bw=48,experts=[0,3,4,6]; c1:bw=31,experts=[3,4,6]; c3:bw=31,experts=[3,4,6]; c4:bw=57,experts=[0,1,4,5,6]; c2:bw=44,experts=[3,4,6,7]; c0:bw=47,experts=[3,4,6,7]; c6:bw=39,experts=[3,4,6]; c8:bw=51,experts=[0,1,3,4,6]
   81 | 0.01000 |   0.7261 |   80.33% |   81.64% |    0:53.62
      bandwidth/experts | c6:bw=51,experts=[0,1,4,6,7]; c2:bw=45,experts=[0,4,5,6]; c3:bw=67,experts=[0,1,4,5,6,7]; c1:bw=49,experts=[0,4,6,7]; c4:bw=42,experts=[0,4,5,6]; c5:bw=30,experts=[2,4,6]; c9:bw=26,experts=[4,6]; c7:bw=58,experts=[0,1,4,5,6]; c8:bw=48,experts=[0,4,5,6]; c0:bw=50,experts=[0,4,5,6,7]
   82 | 0.01000 |   0.7238 |   82.19% |   82.19% |    0:53.26
      bandwidth/experts | c1:bw=64,experts=[0,1,4,5,6,7]; c0:bw=30,experts=[4,6,7]; c6:bw=36,experts=[4,6,7]; c8:bw=58,experts=[0,4,5,6,7]; c7:bw=40,experts=[0,4,5,6]; c3:bw=39,experts=[0,4,6]; c2:bw=30,experts=[4,5,6]; c9:bw=56,experts=[0,1,4,5,6]; c5:bw=40,experts=[0,4,6,7]; c4:bw=30,experts=[4,5,6]
   83 | 0.01000 |   0.7304 |   79.49% |   82.19% |    0:52.25
      bandwidth/experts | c9:bw=51,experts=[0,2,4,5,6]; c4:bw=10,experts=[4]; c2:bw=41,experts=[0,4,5,6]; c7:bw=37,experts=[0,4,6]; c5:bw=10,experts=[4]; c0:bw=10,experts=[1]; c6:bw=53,experts=[0,2,4,6,7]; c1:bw=63,experts=[0,1,4,5,6,7]; c8:bw=39,experts=[4,5,6]; c3:bw=42,experts=[0,1,4,6]
   84 | 0.01000 |   0.7160 |   82.48% |   82.48% |    0:52.45
      bandwidth/experts | c8:bw=67,experts=[0,1,2,4,5,6]; c3:bw=32,experts=[0,4,6]; c1:bw=58,experts=[0,1,4,6,7]; c6:bw=10,experts=[4]; c9:bw=20,experts=[4,7]; c2:bw=36,experts=[0,4,6]; c7:bw=47,experts=[2,4,6,7]; c5:bw=20,experts=[4,6]; c4:bw=27,experts=[4,6]; c0:bw=10,experts=[4]
   85 | 0.01000 |   0.7160 |   80.49% |   82.48% |    0:52.51
      bandwidth/experts | c0:bw=38,experts=[2,4,6]; c2:bw=45,experts=[0,4,5,6]; c8:bw=70,experts=[0,1,2,4,5,6,7]; c6:bw=42,experts=[4,5,6,7]; c1:bw=57,experts=[0,1,4,6,7]; c4:bw=42,experts=[1,4,5,6]; c9:bw=58,experts=[0,1,4,5,6]; c3:bw=51,experts=[0,1,4,5,6]; c5:bw=12,experts=[4]; c7:bw=11,experts=[4]
   86 | 0.01000 |   0.7204 |   81.34% |   82.48% |    0:52.05
      bandwidth/experts | c5:bw=47,experts=[4,5,6,7]; c8:bw=28,experts=[4,6]; c2:bw=24,experts=[4,6]; c6:bw=55,experts=[0,2,4,6,7]; c0:bw=30,experts=[4,6,7]; c4:bw=18,experts=[4]; c7:bw=44,experts=[1,4,5,6]; c3:bw=28,experts=[4,6]; c1:bw=72,experts=[0,1,2,4,5,6,7]; c9:bw=43,experts=[0,4,6,7]
   87 | 0.01000 |   0.7224 |   81.13% |   82.48% |    0:50.85
      bandwidth/experts | c1:bw=29,experts=[4,6]; c2:bw=67,experts=[0,1,2,4,5,6]; c7:bw=22,experts=[4,6]; c5:bw=10,experts=[4]; c6:bw=60,experts=[0,2,4,5,6,7]; c3:bw=68,experts=[0,1,2,4,5,6]; c4:bw=34,experts=[2,3,7]; c9:bw=37,experts=[0,4,6]; c8:bw=46,experts=[0,4,5,6]; c0:bw=35,experts=[4,6,7]
   88 | 0.01000 |   0.7140 |   81.04% |   82.48% |    0:50.66
      bandwidth/experts | c8:bw=43,experts=[0,3,4,6]; c6:bw=27,experts=[3,4]; c3:bw=33,experts=[3,4,6]; c7:bw=41,experts=[0,3,4,6]; c0:bw=62,experts=[0,3,4,5,6,7]; c4:bw=38,experts=[4,5,6]; c9:bw=31,experts=[3,4,6]; c1:bw=28,experts=[3,4]; c5:bw=30,experts=[1,3,4]; c2:bw=46,experts=[3,4,6,7]
   89 | 0.01000 |   0.7150 |   80.87% |   82.48% |    0:50.66
      bandwidth/experts | c3:bw=31,experts=[4,6,7]; c8:bw=74,experts=[0,1,2,4,5,6,7]; c2:bw=44,experts=[0,4,5,6]; c9:bw=60,experts=[0,1,2,4,6,7]; c7:bw=21,experts=[4,6]; c5:bw=46,experts=[2,4,6,7]; c0:bw=13,experts=[4]; c6:bw=32,experts=[1,4,6]; c4:bw=30,experts=[0,4,6]; c1:bw=41,experts=[0,4,6,7]
   90 | 0.01000 |   0.7103 |   81.87% |   82.48% |    0:50.95
      bandwidth/experts | c7:bw=72,experts=[0,1,2,4,5,6,7]; c1:bw=31,experts=[4,6,7]; c3:bw=36,experts=[4,6,7]; c9:bw=63,experts=[0,1,2,4,5,6]; c0:bw=64,experts=[0,1,4,5,6,7]; c6:bw=26,experts=[4,6]; c2:bw=21,experts=[4,6]; c5:bw=27,experts=[0,4]; c8:bw=50,experts=[0,1,4,5,6]; c4:bw=35,experts=[4,5,6]
   91 | 0.01000 |   0.7140 |   81.12% |   82.48% |    0:51.00
      bandwidth/experts | c1:bw=50,experts=[0,1,4,6,7]; c9:bw=35,experts=[0,4,6]; c5:bw=52,experts=[0,1,4,6,7]; c7:bw=51,experts=[0,1,4,5,6]; c3:bw=40,experts=[0,4,5,6]; c4:bw=54,experts=[0,1,4,5,6]; c0:bw=22,experts=[4,6]; c6:bw=29,experts=[4,6]; c2:bw=11,experts=[4]; c8:bw=23,experts=[4,6]
   92 | 0.01000 |   0.7030 |   81.39% |   82.48% |    0:50.92
      bandwidth/experts | c3:bw=28,experts=[4,6]; c7:bw=34,experts=[4,6,7]; c1:bw=20,experts=[4,6]; c0:bw=29,experts=[4,6]; c8:bw=19,experts=[4]; c6:bw=45,experts=[0,4,6,7]; c9:bw=56,experts=[0,1,4,6,7]; c2:bw=25,experts=[4,6]; c5:bw=66,experts=[0,1,2,4,6,7]; c4:bw=26,experts=[4,6]
   93 | 0.01000 |   0.7184 |   80.83% |   82.48% |    0:51.18
      bandwidth/experts | c1:bw=47,experts=[0,1,4,6]; c3:bw=31,experts=[4,6,7]; c7:bw=22,experts=[4,6]; c9:bw=58,experts=[0,1,4,6,7]; c6:bw=22,experts=[4,6]; c8:bw=10,experts=[4]; c5:bw=10,experts=[4]; c4:bw=32,experts=[4,5,6]; c0:bw=19,experts=[2]; c2:bw=51,experts=[0,1,4,5,6]
   94 | 0.01000 |   0.7059 |   82.16% |   82.48% |    0:50.75
      bandwidth/experts | c7:bw=45,experts=[0,4,5,6]; c2:bw=65,experts=[0,1,2,4,5,6]; c5:bw=41,experts=[4,5,6,7]; c4:bw=31,experts=[4,5,6]; c6:bw=30,experts=[0,4,6]; c9:bw=50,experts=[0,1,4,6,7]; c1:bw=70,experts=[0,1,2,4,5,6,7]; c8:bw=10,experts=[4]; c0:bw=55,experts=[0,4,5,6,7]; c3:bw=34,experts=[0,4,6]
   95 | 0.01000 |   0.7107 |   80.76% |   82.48% |    0:50.92
      bandwidth/experts | c7:bw=59,experts=[0,1,4,5,6]; c9:bw=42,experts=[0,4,6,7]; c4:bw=15,experts=[2]; c6:bw=40,experts=[2,4,5,6]; c0:bw=35,experts=[4,6,7]; c3:bw=41,experts=[1,2,4,6]; c1:bw=31,experts=[0,4,6]; c8:bw=76,experts=[0,1,2,4,5,6,7]; c2:bw=23,experts=[4,6]; c5:bw=10,experts=[4]
   96 | 0.01000 |   0.7060 |   82.53% |   82.53% |    0:51.07
      bandwidth/experts | c2:bw=65,experts=[0,3,4,5,6,7]; c9:bw=44,experts=[0,3,4,6]; c3:bw=46,experts=[0,3,4,6]; c1:bw=36,experts=[3,4,6]; c5:bw=60,experts=[0,1,3,4,6,7]; c4:bw=49,experts=[3,4,6,7]; c6:bw=31,experts=[3,4,6]; c7:bw=50,experts=[0,3,4,5,6]; c0:bw=36,experts=[3,4,6]; c8:bw=64,experts=[0,2,3,4,6,7]
   97 | 0.01000 |   0.7037 |   81.79% |   82.53% |    0:51.06
      bandwidth/experts | c0:bw=41,experts=[0,4,6,7]; c9:bw=43,experts=[0,1,4,6]; c8:bw=43,experts=[0,4,5,6]; c4:bw=16,experts=[4]; c7:bw=30,experts=[0,4,6]; c1:bw=50,experts=[0,1,4,5,6]; c3:bw=35,experts=[0,4,6]; c5:bw=46,experts=[0,4,6,7]; c6:bw=50,experts=[0,1,4,6,7]; c2:bw=54,experts=[0,1,4,5,6]
   98 | 0.01000 |   0.7027 |   82.88% |   82.88% |    0:50.84
      bandwidth/experts | c4:bw=52,experts=[1,4,5,6,7]; c8:bw=54,experts=[0,1,4,5,6]; c9:bw=27,experts=[2,5]; c7:bw=24,experts=[2,4]; c6:bw=36,experts=[0,4,6]; c5:bw=49,experts=[1,4,6,7]; c0:bw=33,experts=[1,4,6]; c3:bw=25,experts=[4,6]; c1:bw=26,experts=[4,6]; c2:bw=24,experts=[4,6]
   99 | 0.01000 |   0.6992 |   81.28% |   82.88% |    0:51.09
      bandwidth/experts | c8:bw=34,experts=[0,4,6]; c5:bw=49,experts=[1,4,6,7]; c7:bw=45,experts=[0,4,5,6]; c1:bw=59,experts=[0,1,4,6,7]; c3:bw=38,experts=[4,5,6]; c9:bw=20,experts=[4,6]; c4:bw=24,experts=[0,4]; c0:bw=40,experts=[0,4,6,7]; c2:bw=31,experts=[0,4,6]; c6:bw=35,experts=[4,6,7]
  100 | 0.01000 |   0.7105 |   81.10% |   82.88% |    0:51.01
      bandwidth/experts | c2:bw=30,experts=[0,4,6]; c8:bw=44,experts=[0,4,5,6]; c9:bw=53,experts=[0,1,4,6,7]; c5:bw=18,experts=[2]; c6:bw=44,experts=[0,4,6,7]; c1:bw=17,experts=[4]; c4:bw=65,experts=[0,1,4,5,6,7]; c7:bw=10,experts=[7]; c3:bw=42,experts=[0,4,6,7]; c0:bw=64,experts=[0,1,4,5,6,7]

Done. Best Acc: 82.88% @ round 98
Total time: 1:31:35.64
[Export] 实验目录: /userhome/cs3/duanty/FedMoE/results/c10-e8-w1-ours/20260919-073223
[Export] 每轮明细: /userhome/cs3/duanty/FedMoE/results/c10-e8-w1-ours/20260919-073223/rounds.xlsx
[Export] 总体摘要: /userhome/cs3/duanty/FedMoE/results/c10-e8-w1-ours/20260919-073223/summary.xlsx
[Plot] result = /userhome/cs3/duanty/FedMoE/results/c10-e8-w1-ours/20260919-073223
[Plot] figures -> /userhome/cs3/duanty/FedMoE/results/c10-e8-w1-ours/20260919-073223/figure
  fig01_test_accuracy.pdf
  fig02_train_loss.pdf
  fig03_acc_and_loss.pdf
  fig04_bandwidth_and_k.pdf
  fig05_expert_round_heatmap.pdf
  fig06_client_expert_heatmap.pdf
  fig07_expert_frequency.pdf
  fig08_time_breakdown.pdf
  fig09_accuracy_vs_communication.pdf
  fig10_overview.pdf
[Export] 图片目录: /userhome/cs3/duanty/FedMoE/results/c10-e8-w1-ours/20260919-073223/figure
