========================================
Job    : c10-vgg11-ours-zerofill
Host   : gpu-4090-114
Date   : Sat Sep 19 19:50:15 HKT 2026
GPU    : 0
Python : /userhome/cs3/duanty/miniconda3/envs/moe/bin/python
Command: python -u main.py --method ours --dataset cifar10 --backbone vgg11 --select ours --merge zerofill --device cuda
========================================

==================================================================
 Ours  
  Dataset=cifar10 | beta=0.1 | Backbone=vgg11 | width_mult=1 | Clients=10 | Experts=4
  Select=ours | Merge=zerofill
  Expert refresh N_ref=4
  Rounds=100 | LR=0.01
  Bandwidth: expert_bw=10 | bw=[10, 40] | Rayleigh-Shannon, SNR=10 dB | k=floor(bw/10)
==================================================================


[Partition] Dirichlet beta=0.1, 10 clients
  Client 0:   6071 samples | 3/10 classes
  Client 1:  18481 samples | 7/10 classes
  Client 2:    174 samples | 3/10 classes
  Client 3:    462 samples | 3/10 classes
  Client 4:   2759 samples | 3/10 classes
  Client 5:   5740 samples | 7/10 classes
  Client 6:   1703 samples | 4/10 classes
  Client 7:   3407 samples | 7/10 classes
  Client 8:   6483 samples | 7/10 classes
  Client 9:   4720 samples | 10/10 classes

[Upload] expert_bw=10 | available bw=[10, 40] | Rayleigh-Shannon, SNR=10 dB | upload k=floor(bw/10), cap=4 | probe gate scores, refresh stale experts, then train selected

[Model] Total params: 10,296,424

[Export] 本次实验目录: /userhome/cs3/duanty/FedMoE/results/20260919-195021-2

Round |      LR |  AvgLoss |  TestAcc |     Best |  RoundTime
--------------------------------------------------------------------------------
    1 | 0.00208 |   1.3902 |   29.56% |   29.56% |    0:41.57
      bandwidth/experts | c8:bw=31,experts=[0,2,3]; c1:bw=16,experts=[3]; c5:bw=25,experts=[2,3]; c0:bw=10,experts=[3]; c7:bw=11,experts=[3]; c2:bw=16,experts=[3]; c9:bw=25,experts=[2,3]; c4:bw=22,experts=[2,3]; c3:bw=28,experts=[2,3]; c6:bw=23,experts=[2,3]
    2 | 0.00406 |   1.2963 |   37.14% |   37.14% |    0:41.18
      bandwidth/experts | c0:bw=20,experts=[2,3]; c1:bw=23,experts=[2,3]; c8:bw=27,experts=[0,3]; c5:bw=38,experts=[0,2,3]; c3:bw=37,experts=[0,2,3]; c4:bw=17,experts=[3]; c7:bw=31,experts=[0,2,3]; c9:bw=26,experts=[2,3]; c6:bw=10,experts=[3]; c2:bw=12,experts=[3]
    3 | 0.00604 |   1.1568 |   40.84% |   40.84% |    0:41.33
      bandwidth/experts | c9:bw=26,experts=[2,3]; c2:bw=23,experts=[2,3]; c0:bw=28,experts=[2,3]; c6:bw=22,experts=[2,3]; c8:bw=17,experts=[3]; c5:bw=10,experts=[3]; c3:bw=14,experts=[3]; c7:bw=18,experts=[3]; c1:bw=10,experts=[3]; c4:bw=29,experts=[2,3]
    4 | 0.00802 |   1.1746 |   26.62% |   40.84% |    0:41.34
      bandwidth/experts | c1:bw=22,experts=[0,1]; c7:bw=25,experts=[1,3]; c6:bw=29,experts=[0,1]; c2:bw=33,experts=[0,1,3]; c8:bw=17,experts=[1]; c0:bw=33,experts=[0,1,3]; c3:bw=19,experts=[1]; c4:bw=31,experts=[0,1,3]; c5:bw=40,experts=[0,1,2,3]; c9:bw=12,experts=[0]
    5 | 0.01000 |   1.1923 |   39.13% |   40.84% |    0:41.55
      bandwidth/experts | c1:bw=11,experts=[3]; c5:bw=22,experts=[2,3]; c4:bw=27,experts=[2,3]; c8:bw=20,experts=[2,3]; c0:bw=28,experts=[2,3]; c7:bw=14,experts=[3]; c6:bw=29,experts=[2,3]; c3:bw=35,experts=[0,2,3]; c2:bw=10,experts=[3]; c9:bw=35,experts=[1,2,3]
    6 | 0.01000 |   1.1313 |   40.64% |   40.84% |    0:41.56
      bandwidth/experts | c8:bw=37,experts=[0,2,3]; c2:bw=23,experts=[2,3]; c5:bw=15,experts=[3]; c7:bw=32,experts=[0,2,3]; c3:bw=20,experts=[2,3]; c1:bw=18,experts=[2]; c9:bw=27,experts=[2,3]; c0:bw=17,experts=[3]; c4:bw=10,experts=[3]; c6:bw=11,experts=[3]
    7 | 0.01000 |   1.0792 |   42.31% |   42.31% |    0:41.57
      bandwidth/experts | c0:bw=20,experts=[2,3]; c5:bw=27,experts=[0,3]; c2:bw=22,experts=[2,3]; c6:bw=10,experts=[3]; c3:bw=15,experts=[3]; c7:bw=17,experts=[3]; c4:bw=10,experts=[3]; c1:bw=10,experts=[3]; c8:bw=32,experts=[0,2,3]; c9:bw=10,experts=[3]
    8 | 0.01000 |   1.5988 |   45.55% |   45.55% |    0:41.54
      bandwidth/experts | c4:bw=10,experts=[0]; c8:bw=20,experts=[1,3]; c1:bw=32,experts=[0,1,3]; c3:bw=21,experts=[1,3]; c0:bw=18,experts=[0]; c5:bw=16,experts=[1]; c2:bw=30,experts=[0,1,3]; c9:bw=33,experts=[0,2,3]; c7:bw=10,experts=[1]; c6:bw=23,experts=[0,1]
    9 | 0.01000 |   1.3518 |   48.14% |   48.14% |    0:41.58
      bandwidth/experts | c2:bw=12,experts=[3]; c0:bw=29,experts=[1,3]; c4:bw=33,experts=[1,2,3]; c9:bw=15,experts=[1]; c8:bw=10,experts=[3]; c6:bw=17,experts=[2]; c7:bw=25,experts=[2,3]; c5:bw=29,experts=[2,3]; c1:bw=10,experts=[3]; c3:bw=13,experts=[0]
   10 | 0.01000 |   1.0539 |   53.22% |   53.22% |    0:41.68
      bandwidth/experts | c4:bw=20,experts=[2,3]; c2:bw=19,experts=[3]; c7:bw=21,experts=[0,3]; c0:bw=33,experts=[0,2,3]; c6:bw=36,experts=[0,2,3]; c3:bw=26,experts=[2,3]; c5:bw=32,experts=[0,2,3]; c8:bw=20,experts=[2,3]; c9:bw=20,experts=[2,3]; c1:bw=23,experts=[2,3]
   11 | 0.01000 |   1.0662 |   53.96% |   53.96% |    0:41.64
      bandwidth/experts | c5:bw=15,experts=[3]; c2:bw=15,experts=[2]; c7:bw=24,experts=[2,3]; c3:bw=28,experts=[2,3]; c0:bw=16,experts=[3]; c8:bw=22,experts=[0,3]; c9:bw=18,experts=[3]; c6:bw=31,experts=[0,2,3]; c1:bw=22,experts=[2,3]; c4:bw=10,experts=[3]
   12 | 0.01000 |   1.3195 |   39.68% |   53.96% |    0:41.74
      bandwidth/experts | c1:bw=24,experts=[0,1]; c5:bw=31,experts=[1,2,3]; c2:bw=32,experts=[0,1,3]; c4:bw=16,experts=[0]; c3:bw=19,experts=[1]; c7:bw=16,experts=[1]; c9:bw=23,experts=[0,3]; c6:bw=16,experts=[1]; c8:bw=31,experts=[1,2,3]; c0:bw=27,experts=[2,3]
   13 | 0.01000 |   1.4748 |   49.42% |   53.96% |    0:41.73
      bandwidth/experts | c3:bw=17,experts=[0]; c1:bw=26,experts=[2,3]; c4:bw=10,experts=[1]; c5:bw=16,experts=[3]; c8:bw=10,experts=[3]; c6:bw=20,experts=[0,3]; c9:bw=10,experts=[1]; c7:bw=32,experts=[0,2,3]; c0:bw=14,experts=[1]; c2:bw=10,experts=[3]
   14 | 0.01000 |   1.4154 |   50.08% |   53.96% |    0:41.68
      bandwidth/experts | c2:bw=25,experts=[2,3]; c4:bw=10,experts=[2]; c5:bw=36,experts=[0,2,3]; c1:bw=21,experts=[2,3]; c7:bw=14,experts=[3]; c0:bw=14,experts=[0]; c9:bw=18,experts=[2]; c3:bw=25,experts=[2,3]; c8:bw=12,experts=[3]; c6:bw=37,experts=[0,2,3]
   15 | 0.01000 |   1.0519 |   52.91% |   53.96% |    0:41.65
      bandwidth/experts | c7:bw=33,experts=[0,2,3]; c0:bw=11,experts=[3]; c1:bw=10,experts=[3]; c8:bw=29,experts=[0,3]; c3:bw=10,experts=[3]; c2:bw=29,experts=[2,3]; c4:bw=26,experts=[2,3]; c5:bw=10,experts=[3]; c9:bw=11,experts=[3]; c6:bw=18,experts=[3]
   16 | 0.01000 |   1.2226 |   17.45% |   53.96% |    0:41.75
      bandwidth/experts | c6:bw=22,experts=[1,3]; c1:bw=16,experts=[0]; c3:bw=24,experts=[1,3]; c8:bw=27,experts=[1,2]; c7:bw=12,experts=[1]; c5:bw=22,experts=[1,3]; c4:bw=20,experts=[0,3]; c9:bw=13,experts=[0]; c0:bw=32,experts=[0,2,3]; c2:bw=29,experts=[0,1]
   17 | 0.01000 |   1.3411 |   43.09% |   53.96% |    0:41.68
      bandwidth/experts | c4:bw=32,experts=[0,1,3]; c7:bw=14,experts=[3]; c8:bw=10,experts=[3]; c3:bw=29,experts=[0,3]; c5:bw=10,experts=[3]; c1:bw=16,experts=[1]; c0:bw=10,experts=[1]; c2:bw=11,experts=[3]; c9:bw=21,experts=[1,3]; c6:bw=21,experts=[0,3]
   18 | 0.01000 |   1.4339 |   31.39% |   53.96% |    0:41.59
      bandwidth/experts | c1:bw=10,experts=[2]; c8:bw=10,experts=[3]; c5:bw=19,experts=[0]; c2:bw=21,experts=[1,3]; c9:bw=10,experts=[2]; c7:bw=30,experts=[1,2,3]; c4:bw=31,experts=[1,2,3]; c3:bw=21,experts=[2,3]; c0:bw=27,experts=[1,3]; c6:bw=17,experts=[2]
   19 | 0.01000 |   1.3340 |   48.79% |   53.96% |    0:41.68
      bandwidth/experts | c8:bw=31,experts=[0,1,3]; c0:bw=23,experts=[1,3]; c4:bw=28,experts=[1,3]; c1:bw=26,experts=[1,3]; c9:bw=21,experts=[1,3]; c5:bw=16,experts=[2]; c7:bw=12,experts=[0]; c2:bw=10,experts=[2]; c6:bw=36,experts=[0,1,3]; c3:bw=22,experts=[1,3]
   20 | 0.01000 |   1.3039 |   52.95% |   53.96% |    0:41.72
      bandwidth/experts | c0:bw=15,experts=[0]; c2:bw=23,experts=[0,3]; c1:bw=22,experts=[0,3]; c9:bw=10,experts=[0]; c7:bw=24,experts=[2,3]; c6:bw=38,experts=[0,1,3]; c3:bw=10,experts=[3]; c5:bw=10,experts=[1]; c4:bw=33,experts=[1,2,3]; c8:bw=28,experts=[2,3]
   21 | 0.01000 |   1.0840 |   51.80% |   53.96% |    0:41.80
      bandwidth/experts | c1:bw=23,experts=[1,3]; c2:bw=22,experts=[1,3]; c7:bw=10,experts=[3]; c4:bw=26,experts=[0,3]; c8:bw=10,experts=[3]; c5:bw=18,experts=[3]; c0:bw=37,experts=[1,2,3]; c3:bw=10,experts=[0]; c6:bw=10,experts=[3]; c9:bw=14,experts=[3]
   22 | 0.01000 |   1.1350 |   33.13% |   53.96% |    0:41.85
      bandwidth/experts | c7:bw=10,experts=[1]; c9:bw=18,experts=[2]; c1:bw=10,experts=[2]; c6:bw=34,experts=[1,2,3]; c5:bw=10,experts=[0]; c2:bw=37,experts=[0,1,3]; c0:bw=37,experts=[0,1,3]; c4:bw=20,experts=[0,3]; c3:bw=31,experts=[1,2,3]; c8:bw=18,experts=[3]
   23 | 0.01000 |   1.3110 |   50.30% |   53.96% |    0:41.88
      bandwidth/experts | c5:bw=29,experts=[2,3]; c7:bw=10,experts=[0]; c4:bw=31,experts=[0,1,3]; c6:bw=10,experts=[3]; c9:bw=28,experts=[1,3]; c8:bw=19,experts=[0]; c3:bw=10,experts=[3]; c1:bw=34,experts=[1,2,3]; c2:bw=18,experts=[2]; c0:bw=10,experts=[3]
   24 | 0.01000 |   1.6534 |   17.65% |   53.96% |    0:41.52
      bandwidth/experts | c6:bw=17,experts=[0]; c4:bw=10,experts=[2]; c7:bw=10,experts=[2]; c9:bw=28,experts=[0,3]; c2:bw=24,experts=[1,3]; c1:bw=10,experts=[0]; c5:bw=14,experts=[1]; c8:bw=10,experts=[1]; c3:bw=10,experts=[3]; c0:bw=17,experts=[3]
   25 | 0.01000 |   1.1685 |   51.30% |   53.96% |    0:41.76
      bandwidth/experts | c9:bw=22,experts=[0,3]; c6:bw=10,experts=[3]; c4:bw=32,experts=[0,1,3]; c3:bw=10,experts=[0]; c5:bw=35,experts=[0,1,3]; c1:bw=27,experts=[1,3]; c8:bw=30,experts=[1,2,3]; c2:bw=10,experts=[3]; c0:bw=31,experts=[1,2,3]; c7:bw=22,experts=[0,3]
   26 | 0.01000 |   1.4797 |   51.26% |   53.96% |    0:41.57
      bandwidth/experts | c3:bw=25,experts=[1,2]; c6:bw=19,experts=[1]; c9:bw=28,experts=[2,3]; c7:bw=17,experts=[1]; c1:bw=18,experts=[3]; c5:bw=11,experts=[3]; c2:bw=17,experts=[0]; c8:bw=30,experts=[0,1,3]; c0:bw=10,experts=[0]; c4:bw=26,experts=[0,3]
   27 | 0.01000 |   1.0837 |   53.76% |   53.96% |    0:42.00
      bandwidth/experts | c7:bw=29,experts=[0,3]; c1:bw=34,experts=[1,2,3]; c4:bw=10,experts=[3]; c0:bw=20,experts=[1,3]; c9:bw=10,experts=[1]; c2:bw=11,experts=[2]; c8:bw=31,experts=[0,2,3]; c3:bw=12,experts=[3]; c6:bw=35,experts=[1,2,3]; c5:bw=20,experts=[2,3]
   28 | 0.01000 |   1.3310 |   51.49% |   53.96% |    0:41.68
      bandwidth/experts | c6:bw=16,experts=[0]; c9:bw=27,experts=[1,3]; c0:bw=26,experts=[1,3]; c8:bw=16,experts=[3]; c2:bw=10,experts=[1]; c5:bw=18,experts=[3]; c1:bw=14,experts=[0]; c3:bw=10,experts=[3]; c4:bw=10,experts=[2]; c7:bw=10,experts=[2]
   29 | 0.01000 |   1.1736 |   52.29% |   53.96% |    0:41.69
      bandwidth/experts | c4:bw=21,experts=[1,3]; c0:bw=24,experts=[2,3]; c1:bw=18,experts=[3]; c9:bw=24,experts=[0,3]; c6:bw=24,experts=[1,3]; c8:bw=19,experts=[3]; c7:bw=12,experts=[3]; c3:bw=18,experts=[0]; c2:bw=10,experts=[3]; c5:bw=19,experts=[0]
   30 | 0.01000 |   1.2268 |   53.26% |   53.96% |    0:41.80
      bandwidth/experts | c5:bw=34,experts=[0,1,3]; c1:bw=20,experts=[1,3]; c9:bw=30,experts=[0,2,3]; c4:bw=29,experts=[0,3]; c0:bw=10,experts=[0]; c8:bw=23,experts=[1,3]; c6:bw=10,experts=[3]; c7:bw=10,experts=[1]; c3:bw=33,experts=[1,2,3]; c2:bw=15,experts=[0]
   31 | 0.01000 |   1.2304 |   43.34% |   53.96% |    0:41.61
      bandwidth/experts | c6:bw=16,experts=[2]; c4:bw=11,experts=[3]; c9:bw=25,experts=[1,3]; c1:bw=17,experts=[2]; c5:bw=34,experts=[0,2,3]; c8:bw=18,experts=[0]; c3:bw=13,experts=[3]; c2:bw=10,experts=[2]; c0:bw=26,experts=[1,3]; c7:bw=35,experts=[0,2,3]
   32 | 0.01000 |   1.3689 |   47.69% |   53.96% |    0:41.64
      bandwidth/experts | c8:bw=12,experts=[2]; c5:bw=20,experts=[1,3]; c4:bw=27,experts=[2,3]; c7:bw=26,experts=[2,3]; c0:bw=25,experts=[1,3]; c1:bw=12,experts=[0]; c3:bw=16,experts=[3]; c6:bw=15,experts=[0]; c2:bw=30,experts=[1,2,3]; c9:bw=17,experts=[3]
   33 | 0.01000 |   1.0064 |   52.40% |   53.96% |    0:41.67
      bandwidth/experts | c7:bw=29,experts=[1,3]; c1:bw=19,experts=[3]; c3:bw=39,experts=[0,2,3]; c6:bw=20,experts=[1,3]; c5:bw=16,experts=[3]; c9:bw=23,experts=[1,3]; c2:bw=13,experts=[3]; c8:bw=28,experts=[1,3]; c4:bw=25,experts=[1,3]; c0:bw=35,experts=[1,2,3]
   34 | 0.01000 |   1.0810 |   54.47% |   54.47% |    0:41.90
      bandwidth/experts | c4:bw=26,experts=[0,3]; c1:bw=26,experts=[1,3]; c6:bw=27,experts=[2,3]; c9:bw=38,experts=[0,2,3]; c8:bw=23,experts=[2,3]; c0:bw=12,experts=[0]; c5:bw=33,experts=[0,1,3]; c7:bw=18,experts=[3]; c3:bw=40,experts=[0,1,2,3]; c2:bw=30,experts=[0,2,3]
   35 | 0.01000 |   0.9683 |   58.26% |   58.26% |    0:41.66
      bandwidth/experts | c4:bw=18,experts=[3]; c0:bw=11,experts=[3]; c1:bw=17,experts=[2]; c6:bw=24,experts=[1,3]; c2:bw=25,experts=[2,3]; c8:bw=28,experts=[0,3]; c9:bw=15,experts=[3]; c7:bw=27,experts=[0,3]; c5:bw=23,experts=[2,3]; c3:bw=13,experts=[3]
   36 | 0.01000 |   1.1094 |   51.64% |   58.26% |    0:41.68
      bandwidth/experts | c9:bw=21,experts=[2,3]; c0:bw=20,experts=[1,3]; c3:bw=33,experts=[0,2,3]; c7:bw=15,experts=[2]; c6:bw=24,experts=[0,3]; c5:bw=27,experts=[1,3]; c1:bw=10,experts=[0]; c4:bw=40,experts=[0,1,2,3]; c8:bw=28,experts=[2,3]; c2:bw=28,experts=[1,3]
   37 | 0.01000 |   1.0480 |   53.32% |   58.26% |    0:41.71
      bandwidth/experts | c1:bw=10,experts=[3]; c5:bw=22,experts=[0,3]; c2:bw=20,experts=[1,3]; c6:bw=36,experts=[0,1,3]; c4:bw=22,experts=[2,3]; c7:bw=23,experts=[1,3]; c9:bw=22,experts=[1,3]; c0:bw=30,experts=[1,2,3]; c3:bw=20,experts=[1,3]; c8:bw=10,experts=[1]
   38 | 0.01000 |   1.2162 |   48.54% |   58.26% |    0:41.62
      bandwidth/experts | c8:bw=25,experts=[2,3]; c6:bw=10,experts=[2]; c4:bw=29,experts=[2,3]; c1:bw=17,experts=[1]; c5:bw=10,experts=[3]; c2:bw=10,experts=[0]; c3:bw=21,experts=[0,3]; c7:bw=28,experts=[2,3]; c9:bw=14,experts=[0]; c0:bw=22,experts=[0,3]
   39 | 0.01000 |   0.9559 |   53.42% |   58.26% |    0:41.72
      bandwidth/experts | c3:bw=14,experts=[3]; c0:bw=10,experts=[3]; c1:bw=25,experts=[2,3]; c7:bw=22,experts=[0,3]; c6:bw=17,experts=[3]; c8:bw=25,experts=[0,3]; c2:bw=20,experts=[2,3]; c4:bw=20,experts=[2,3]; c9:bw=13,experts=[3]; c5:bw=40,experts=[0,1,2,3]
   40 | 0.01000 |   1.1376 |   55.32% |   58.26% |    0:41.83
      bandwidth/experts | c8:bw=14,experts=[3]; c1:bw=23,experts=[0,3]; c5:bw=18,experts=[3]; c6:bw=26,experts=[0,3]; c2:bw=36,experts=[0,2,3]; c7:bw=37,experts=[0,2,3]; c3:bw=10,experts=[2]; c4:bw=11,experts=[0]; c9:bw=22,experts=[2,3]; c0:bw=20,experts=[1,3]
   41 | 0.01000 |   1.1447 |   57.91% |   58.26% |    0:41.56
      bandwidth/experts | c2:bw=30,experts=[1,2,3]; c6:bw=10,experts=[1]; c8:bw=31,experts=[1,2,3]; c1:bw=10,experts=[3]; c4:bw=28,experts=[1,3]; c5:bw=34,experts=[0,2,3]; c7:bw=38,experts=[1,2,3]; c3:bw=22,experts=[1,3]; c9:bw=30,experts=[0,1,3]; c0:bw=10,experts=[2]
   42 | 0.01000 |   1.1979 |   57.71% |   58.26% |    0:41.83
      bandwidth/experts | c5:bw=28,experts=[0,3]; c1:bw=27,experts=[1,3]; c3:bw=27,experts=[0,3]; c9:bw=28,experts=[2,3]; c6:bw=19,experts=[2]; c0:bw=10,experts=[0]; c7:bw=11,experts=[3]; c4:bw=30,experts=[0,2,3]; c8:bw=23,experts=[2,3]; c2:bw=22,experts=[2,3]
   43 | 0.01000 |   0.9360 |   59.49% |   59.49% |    0:41.89
      bandwidth/experts | c5:bw=29,experts=[1,3]; c1:bw=32,experts=[0,2,3]; c2:bw=28,experts=[2,3]; c8:bw=25,experts=[0,3]; c9:bw=18,experts=[3]; c7:bw=12,experts=[3]; c4:bw=19,experts=[3]; c6:bw=10,experts=[3]; c3:bw=36,experts=[0,2,3]; c0:bw=12,experts=[3]
   44 | 0.01000 |   0.9890 |   61.21% |   61.21% |    0:41.77
      bandwidth/experts | c0:bw=37,experts=[0,1,3]; c3:bw=26,experts=[2,3]; c4:bw=16,experts=[3]; c2:bw=20,experts=[0,3]; c7:bw=40,experts=[0,1,2,3]; c5:bw=13,experts=[3]; c6:bw=11,experts=[0]; c9:bw=21,experts=[0,3]; c8:bw=19,experts=[3]; c1:bw=25,experts=[2,3]
   45 | 0.01000 |   1.0122 |   60.69% |   61.21% |    0:41.82
      bandwidth/experts | c8:bw=31,experts=[1,2,3]; c0:bw=20,experts=[2,3]; c3:bw=37,experts=[1,2,3]; c4:bw=36,experts=[1,2,3]; c7:bw=20,experts=[2,3]; c2:bw=27,experts=[1,3]; c9:bw=14,experts=[1]; c6:bw=10,experts=[1]; c5:bw=25,experts=[2,3]; c1:bw=31,experts=[0,1,3]
   46 | 0.01000 |   0.9142 |   62.73% |   62.73% |    0:41.87
      bandwidth/experts | c9:bw=20,experts=[2,3]; c3:bw=15,experts=[3]; c6:bw=21,experts=[2,3]; c1:bw=23,experts=[1,3]; c4:bw=35,experts=[0,2,3]; c5:bw=23,experts=[0,3]; c2:bw=32,experts=[0,2,3]; c8:bw=22,experts=[2,3]; c0:bw=30,experts=[0,2,3]; c7:bw=16,experts=[3]
   47 | 0.01000 |   0.8853 |   63.25% |   63.25% |    0:41.71
      bandwidth/experts | c5:bw=29,experts=[1,3]; c6:bw=12,experts=[3]; c7:bw=29,experts=[2,3]; c9:bw=10,experts=[3]; c8:bw=22,experts=[0,3]; c3:bw=39,experts=[0,2,3]; c4:bw=10,experts=[3]; c0:bw=25,experts=[2,3]; c1:bw=17,experts=[3]; c2:bw=30,experts=[0,2,3]
   48 | 0.01000 |   0.9737 |   61.95% |   63.25% |    0:41.84
      bandwidth/experts | c1:bw=28,experts=[2,3]; c8:bw=28,experts=[2,3]; c4:bw=37,experts=[0,2,3]; c2:bw=31,experts=[0,2,3]; c9:bw=29,experts=[0,3]; c6:bw=25,experts=[0,3]; c5:bw=31,experts=[0,2,3]; c7:bw=35,experts=[0,1,3]; c0:bw=10,experts=[1]; c3:bw=10,experts=[3]
   49 | 0.01000 |   1.0904 |   61.61% |   63.25% |    0:41.87
      bandwidth/experts | c4:bw=27,experts=[1,3]; c3:bw=18,experts=[1]; c8:bw=15,experts=[1]; c0:bw=11,experts=[3]; c2:bw=32,experts=[1,2,3]; c5:bw=31,experts=[0,2,3]; c6:bw=10,experts=[1]; c7:bw=24,experts=[0,3]; c9:bw=29,experts=[1,3]; c1:bw=30,experts=[0,1,3]
   50 | 0.01000 |   1.0688 |   60.59% |   63.25% |    0:41.82
      bandwidth/experts | c8:bw=18,experts=[3]; c4:bw=10,experts=[3]; c7:bw=19,experts=[3]; c6:bw=38,experts=[0,2,3]; c2:bw=35,experts=[0,2,3]; c1:bw=36,experts=[0,1,3]; c3:bw=22,experts=[2,3]; c0:bw=16,experts=[0]; c9:bw=15,experts=[2]; c5:bw=17,experts=[3]
   51 | 0.01000 |   0.9851 |   60.38% |   63.25% |    0:41.95
      bandwidth/experts | c5:bw=26,experts=[1,3]; c0:bw=30,experts=[0,2,3]; c1:bw=12,experts=[3]; c2:bw=11,experts=[3]; c8:bw=26,experts=[0,3]; c6:bw=29,experts=[0,3]; c9:bw=10,experts=[3]; c3:bw=31,experts=[0,2,3]; c4:bw=10,experts=[3]; c7:bw=15,experts=[2]
   52 | 0.01000 |   1.1647 |   53.25% |   63.25% |    0:41.79
      bandwidth/experts | c0:bw=26,experts=[1,3]; c8:bw=10,experts=[2]; c5:bw=13,experts=[3]; c7:bw=19,experts=[1]; c1:bw=22,experts=[2,3]; c4:bw=18,experts=[0]; c9:bw=17,experts=[0]; c6:bw=28,experts=[0,3]; c2:bw=16,experts=[3]; c3:bw=24,experts=[2,3]
   53 | 0.01000 |   1.2851 |   54.14% |   63.25% |    0:41.79
      bandwidth/experts | c8:bw=12,experts=[1]; c4:bw=16,experts=[2]; c5:bw=24,experts=[0,2]; c1:bw=33,experts=[0,1,3]; c3:bw=26,experts=[1,3]; c9:bw=34,experts=[0,1,3]; c6:bw=20,experts=[1,3]; c7:bw=24,experts=[0,3]; c0:bw=21,experts=[0,3]; c2:bw=29,experts=[1,3]
   54 | 0.01000 |   1.1197 |   57.65% |   63.25% |    0:41.88
      bandwidth/experts | c2:bw=10,experts=[0]; c1:bw=29,experts=[1,3]; c8:bw=31,experts=[0,2,3]; c7:bw=34,experts=[0,2,3]; c3:bw=17,experts=[3]; c0:bw=20,experts=[0,3]; c6:bw=30,experts=[0,2,3]; c5:bw=10,experts=[3]; c9:bw=28,experts=[2,3]; c4:bw=18,experts=[1]
   55 | 0.01000 |   1.0194 |   62.85% |   63.25% |    0:41.70
      bandwidth/experts | c7:bw=30,experts=[0,2,3]; c2:bw=23,experts=[2,3]; c4:bw=10,experts=[3]; c3:bw=29,experts=[0,3]; c8:bw=10,experts=[3]; c5:bw=29,experts=[1,3]; c1:bw=33,experts=[0,2,3]; c6:bw=23,experts=[0,3]; c0:bw=15,experts=[2]; c9:bw=34,experts=[0,2,3]
   56 | 0.01000 |   1.1258 |   57.13% |   63.25% |    0:41.74
      bandwidth/experts | c9:bw=29,experts=[0,3]; c1:bw=31,experts=[0,1,3]; c3:bw=10,experts=[2]; c2:bw=29,experts=[2,3]; c5:bw=17,experts=[3]; c4:bw=10,experts=[0]; c8:bw=10,experts=[3]; c7:bw=10,experts=[1]; c6:bw=13,experts=[3]; c0:bw=39,experts=[0,1,3]
   57 | 0.01000 |   1.0053 |   64.35% |   64.35% |    0:41.75
      bandwidth/experts | c3:bw=35,experts=[1,2,3]; c8:bw=24,experts=[1,3]; c6:bw=27,experts=[1,3]; c1:bw=27,experts=[1,3]; c7:bw=38,experts=[0,2,3]; c0:bw=39,experts=[0,1,3]; c5:bw=24,experts=[0,2]; c4:bw=23,experts=[2,3]; c2:bw=18,experts=[1]; c9:bw=11,experts=[1]
   58 | 0.01000 |   1.0337 |   59.69% |   64.35% |    0:41.69
      bandwidth/experts | c7:bw=13,experts=[3]; c2:bw=10,experts=[0]; c9:bw=32,experts=[0,2,3]; c6:bw=30,experts=[0,2,3]; c5:bw=19,experts=[3]; c1:bw=17,experts=[3]; c8:bw=22,experts=[0,2]; c4:bw=21,experts=[1,3]; c3:bw=34,experts=[0,2,3]; c0:bw=26,experts=[0,3]
   59 | 0.01000 |   0.9496 |   63.77% |   64.35% |    0:41.57
      bandwidth/experts | c2:bw=20,experts=[2,3]; c8:bw=31,experts=[0,2,3]; c9:bw=15,experts=[3]; c6:bw=11,experts=[3]; c1:bw=36,experts=[1,2,3]; c4:bw=14,experts=[3]; c7:bw=15,experts=[3]; c5:bw=18,experts=[1]; c0:bw=29,experts=[2,3]; c3:bw=20,experts=[0,3]
   60 | 0.01000 |   0.9739 |   63.80% |   64.35% |    0:41.61
      bandwidth/experts | c0:bw=29,experts=[0,3]; c7:bw=26,experts=[1,3]; c4:bw=17,experts=[0]; c2:bw=17,experts=[3]; c5:bw=18,experts=[3]; c8:bw=14,experts=[3]; c6:bw=33,experts=[0,2,3]; c9:bw=10,experts=[3]; c1:bw=30,experts=[0,1,3]; c3:bw=24,experts=[2,3]
   61 | 0.01000 |   1.0045 |   63.05% |   64.35% |    0:41.77
      bandwidth/experts | c5:bw=27,experts=[0,2]; c6:bw=21,experts=[1,3]; c2:bw=16,experts=[1]; c9:bw=21,experts=[1,3]; c1:bw=19,experts=[3]; c3:bw=24,experts=[1,3]; c8:bw=31,experts=[1,2,3]; c4:bw=21,experts=[2,3]; c7:bw=24,experts=[0,2]; c0:bw=33,experts=[0,1,3]
   62 | 0.01000 |   0.9222 |   63.36% |   64.35% |    0:41.88
      bandwidth/experts | c8:bw=10,experts=[3]; c6:bw=35,experts=[0,2,3]; c9:bw=10,experts=[0]; c4:bw=33,experts=[1,2,3]; c5:bw=37,experts=[0,2,3]; c0:bw=16,experts=[3]; c3:bw=29,experts=[2,3]; c2:bw=23,experts=[0,3]; c1:bw=40,experts=[0,1,2,3]; c7:bw=25,experts=[2,3]
   63 | 0.01000 |   1.0707 |   61.03% |   64.35% |    0:41.72
      bandwidth/experts | c5:bw=10,experts=[1]; c9:bw=12,experts=[2]; c6:bw=19,experts=[3]; c3:bw=29,experts=[0,3]; c8:bw=18,experts=[0]; c1:bw=28,experts=[1,3]; c7:bw=38,experts=[0,2,3]; c0:bw=23,experts=[2,3]; c2:bw=15,experts=[2]; c4:bw=29,experts=[0,3]
   64 | 0.01000 |   1.0339 |   60.34% |   64.35% |    0:41.61
      bandwidth/experts | c6:bw=28,experts=[0,3]; c4:bw=21,experts=[0,3]; c5:bw=13,experts=[3]; c3:bw=21,experts=[0,3]; c7:bw=19,experts=[1]; c0:bw=18,experts=[3]; c8:bw=30,experts=[0,2,3]; c9:bw=33,experts=[0,2,3]; c2:bw=31,experts=[0,2,3]; c1:bw=16,experts=[3]
   65 | 0.01000 |   1.0605 |   63.87% |   64.35% |    0:41.83
      bandwidth/experts | c7:bw=10,experts=[3]; c5:bw=16,experts=[3]; c4:bw=32,experts=[0,2,3]; c6:bw=28,experts=[1,3]; c8:bw=37,experts=[0,1,3]; c3:bw=24,experts=[1,3]; c0:bw=23,experts=[0,1]; c2:bw=16,experts=[1]; c1:bw=32,experts=[0,1,3]; c9:bw=26,experts=[1,3]
   66 | 0.01000 |   0.9978 |   66.64% |   66.64% |    0:41.90
      bandwidth/experts | c2:bw=23,experts=[0,3]; c5:bw=10,experts=[0]; c1:bw=30,experts=[0,2,3]; c8:bw=13,experts=[3]; c9:bw=17,experts=[3]; c6:bw=16,experts=[2]; c4:bw=23,experts=[1,3]; c0:bw=21,experts=[0,3]; c3:bw=37,experts=[0,2,3]; c7:bw=28,experts=[0,3]
   67 | 0.01000 |   1.0255 |   61.62% |   66.64% |    0:41.80
      bandwidth/experts | c4:bw=28,experts=[2,3]; c5:bw=27,experts=[1,2]; c1:bw=20,experts=[1,3]; c3:bw=14,experts=[3]; c6:bw=29,experts=[0,3]; c0:bw=18,experts=[2]; c2:bw=24,experts=[0,3]; c9:bw=33,experts=[0,2,3]; c7:bw=33,experts=[0,2,3]; c8:bw=10,experts=[3]
   68 | 0.01000 |   1.0361 |   58.30% |   66.64% |    0:41.97
      bandwidth/experts | c1:bw=23,experts=[0,3]; c8:bw=17,experts=[2]; c2:bw=32,experts=[0,2,3]; c0:bw=17,experts=[3]; c3:bw=14,experts=[3]; c4:bw=27,experts=[0,3]; c5:bw=25,experts=[0,3]; c9:bw=10,experts=[3]; c7:bw=15,experts=[1]; c6:bw=18,experts=[3]
   69 | 0.01000 |   1.1015 |   60.27% |   66.64% |    0:41.75
      bandwidth/experts | c3:bw=23,experts=[1,3]; c7:bw=32,experts=[0,2,3]; c1:bw=17,experts=[3]; c4:bw=23,experts=[0,3]; c9:bw=20,experts=[1,3]; c5:bw=22,experts=[0,3]; c0:bw=29,experts=[1,3]; c2:bw=37,experts=[1,2,3]; c8:bw=23,experts=[0,1]; c6:bw=15,experts=[1]
   70 | 0.01000 |   1.2126 |   59.36% |   66.64% |    0:41.85
      bandwidth/experts | c1:bw=13,experts=[2]; c9:bw=10,experts=[3]; c7:bw=16,experts=[3]; c3:bw=18,experts=[0]; c0:bw=17,experts=[0]; c6:bw=14,experts=[2]; c2:bw=31,experts=[0,2,3]; c4:bw=32,experts=[1,2,3]; c5:bw=13,experts=[3]; c8:bw=27,experts=[2,3]
   71 | 0.01000 |   1.2284 |   53.34% |   66.64% |    0:41.85
      bandwidth/experts | c4:bw=24,experts=[2,3]; c0:bw=10,experts=[2]; c1:bw=29,experts=[1,3]; c9:bw=22,experts=[0,2]; c7:bw=11,experts=[3]; c5:bw=19,experts=[1]; c3:bw=34,experts=[0,2,3]; c6:bw=28,experts=[0,3]; c8:bw=21,experts=[2,3]; c2:bw=34,experts=[0,2,3]
   72 | 0.01000 |   0.9301 |   61.60% |   66.64% |    0:41.85
      bandwidth/experts | c8:bw=16,experts=[3]; c1:bw=22,experts=[0,3]; c5:bw=24,experts=[2,3]; c7:bw=27,experts=[1,3]; c6:bw=11,experts=[3]; c0:bw=29,experts=[0,3]; c3:bw=13,experts=[3]; c2:bw=13,experts=[3]; c9:bw=21,experts=[2,3]; c4:bw=22,experts=[2,3]
   73 | 0.01000 |   1.2460 |   53.47% |   66.64% |    0:41.87
      bandwidth/experts | c2:bw=26,experts=[1,3]; c8:bw=10,experts=[0]; c3:bw=22,experts=[1,3]; c1:bw=37,experts=[1,2,3]; c5:bw=10,experts=[0]; c9:bw=29,experts=[1,3]; c0:bw=16,experts=[1]; c7:bw=20,experts=[0,2]; c6:bw=11,experts=[1]; c4:bw=23,experts=[0,3]
   74 | 0.01000 |   1.2104 |   54.54% |   66.64% |    0:41.86
      bandwidth/experts | c3:bw=10,experts=[3]; c0:bw=22,experts=[0,3]; c1:bw=15,experts=[3]; c5:bw=28,experts=[0,3]; c7:bw=36,experts=[0,2,3]; c8:bw=16,experts=[1]; c6:bw=10,experts=[2]; c2:bw=10,experts=[3]; c4:bw=26,experts=[1,3]; c9:bw=18,experts=[3]
   75 | 0.01000 |   1.0947 |   60.95% |   66.64% |    0:42.02
      bandwidth/experts | c2:bw=22,experts=[0,2]; c9:bw=34,experts=[0,2,3]; c1:bw=30,experts=[0,1,3]; c3:bw=11,experts=[0]; c7:bw=16,experts=[3]; c6:bw=31,experts=[0,1,3]; c5:bw=17,experts=[1]; c4:bw=31,experts=[0,2,3]; c0:bw=34,experts=[0,2,3]; c8:bw=30,experts=[0,2,3]
   76 | 0.01000 |   0.9387 |   63.78% |   66.64% |    0:42.05
      bandwidth/experts | c8:bw=16,experts=[3]; c5:bw=21,experts=[2,3]; c0:bw=17,experts=[3]; c3:bw=10,experts=[2]; c2:bw=14,experts=[3]; c6:bw=13,experts=[3]; c7:bw=37,experts=[1,2,3]; c4:bw=34,experts=[0,2,3]; c9:bw=32,experts=[0,2,3]; c1:bw=30,experts=[0,1,3]
   77 | 0.01000 |   0.9228 |   65.64% |   66.64% |    0:41.88
      bandwidth/experts | c9:bw=16,experts=[1]; c2:bw=19,experts=[1]; c1:bw=35,experts=[1,2,3]; c8:bw=10,experts=[3]; c4:bw=10,experts=[3]; c7:bw=10,experts=[3]; c6:bw=32,experts=[0,1,3]; c0:bw=35,experts=[0,1,3]; c3:bw=22,experts=[1,3]; c5:bw=33,experts=[0,2,3]
   78 | 0.01000 |   0.9393 |   64.44% |   66.64% |    0:41.87
      bandwidth/experts | c0:bw=15,experts=[3]; c4:bw=13,experts=[1]; c3:bw=21,experts=[2,3]; c7:bw=20,experts=[0,3]; c8:bw=30,experts=[1,2,3]; c1:bw=23,experts=[1,3]; c9:bw=17,experts=[3]; c6:bw=32,experts=[0,2,3]; c5:bw=35,experts=[0,2,3]; c2:bw=19,experts=[3]
   79 | 0.01000 |   0.9598 |   68.42% |   68.42% |    0:41.87
      bandwidth/experts | c6:bw=12,experts=[3]; c9:bw=10,experts=[3]; c0:bw=20,experts=[2,3]; c4:bw=40,experts=[0,1,2,3]; c7:bw=25,experts=[2,3]; c8:bw=25,experts=[0,3]; c5:bw=29,experts=[1,3]; c3:bw=15,experts=[0]; c1:bw=21,experts=[1,3]; c2:bw=18,experts=[0]
   80 | 0.01000 |   0.8640 |   68.33% |   68.42% |    0:41.91
      bandwidth/experts | c5:bw=36,experts=[0,2,3]; c9:bw=29,experts=[0,2]; c7:bw=26,experts=[1,3]; c1:bw=17,experts=[0]; c3:bw=17,experts=[3]; c4:bw=32,experts=[0,2,3]; c2:bw=24,experts=[2,3]; c0:bw=26,experts=[0,3]; c6:bw=22,experts=[0,3]; c8:bw=28,experts=[2,3]
   81 | 0.01000 |   0.9767 |   60.50% |   68.42% |    0:41.85
      bandwidth/experts | c6:bw=29,experts=[1,3]; c2:bw=25,experts=[1,3]; c3:bw=37,experts=[1,2,3]; c1:bw=27,experts=[2,3]; c4:bw=23,experts=[2,3]; c5:bw=17,experts=[3]; c9:bw=15,experts=[1]; c7:bw=32,experts=[0,2,3]; c8:bw=26,experts=[2,3]; c0:bw=28,experts=[1,3]
   82 | 0.01000 |   0.8765 |   67.38% |   68.42% |    0:42.04
      bandwidth/experts | c1:bw=36,experts=[0,1,3]; c0:bw=17,experts=[3]; c6:bw=20,experts=[2,3]; c8:bw=32,experts=[1,2,3]; c7:bw=22,experts=[0,3]; c3:bw=22,experts=[2,3]; c2:bw=16,experts=[3]; c9:bw=31,experts=[0,2,3]; c5:bw=22,experts=[0,3]; c4:bw=16,experts=[3]
   83 | 0.01000 |   1.0586 |   62.29% |   68.42% |    0:41.81
      bandwidth/experts | c9:bw=29,experts=[0,3]; c4:bw=10,experts=[1]; c2:bw=23,experts=[0,3]; c7:bw=21,experts=[2,3]; c5:bw=10,experts=[1]; c0:bw=10,experts=[2]; c6:bw=29,experts=[0,3]; c1:bw=35,experts=[0,1,3]; c8:bw=22,experts=[0,3]; c3:bw=24,experts=[0,3]
   84 | 0.01000 |   1.1911 |   60.62% |   68.42% |    0:41.96
      bandwidth/experts | c8:bw=37,experts=[0,2,3]; c3:bw=18,experts=[3]; c1:bw=32,experts=[0,1,3]; c6:bw=10,experts=[3]; c9:bw=11,experts=[3]; c2:bw=20,experts=[2,3]; c7:bw=26,experts=[1,3]; c5:bw=11,experts=[2]; c4:bw=15,experts=[0]; c0:bw=10,experts=[0]
   85 | 0.01000 |   0.8751 |   64.32% |   68.42% |    0:41.96
      bandwidth/experts | c0:bw=21,experts=[1,3]; c2:bw=25,experts=[1,3]; c8:bw=39,experts=[0,2,3]; c6:bw=23,experts=[1,3]; c1:bw=31,experts=[0,2,3]; c4:bw=23,experts=[2,3]; c9:bw=32,experts=[0,1,3]; c3:bw=28,experts=[1,3]; c5:bw=10,experts=[3]; c7:bw=10,experts=[3]
   86 | 0.01000 |   0.9667 |   64.61% |   68.42% |    0:41.86
      bandwidth/experts | c5:bw=26,experts=[0,3]; c8:bw=15,experts=[1]; c2:bw=13,experts=[3]; c6:bw=31,experts=[0,2,3]; c0:bw=17,experts=[3]; c4:bw=10,experts=[3]; c7:bw=24,experts=[0,3]; c3:bw=15,experts=[2]; c1:bw=40,experts=[0,1,2,3]; c9:bw=24,experts=[2,3]
   87 | 0.01000 |   1.1773 |   57.50% |   68.42% |    0:41.81
      bandwidth/experts | c1:bw=16,experts=[3]; c2:bw=37,experts=[0,2,3]; c7:bw=12,experts=[2]; c5:bw=10,experts=[1]; c6:bw=33,experts=[0,1,3]; c3:bw=38,experts=[0,2,3]; c4:bw=19,experts=[1]; c9:bw=21,experts=[0,3]; c8:bw=26,experts=[2,3]; c0:bw=19,experts=[2]
   88 | 0.01000 |   0.9525 |   65.07% |   68.42% |    0:41.61
      bandwidth/experts | c8:bw=24,experts=[2,3]; c6:bw=15,experts=[3]; c3:bw=18,experts=[3]; c7:bw=23,experts=[1,3]; c0:bw=34,experts=[0,2,3]; c4:bw=21,experts=[0,3]; c9:bw=17,experts=[3]; c1:bw=16,experts=[3]; c5:bw=17,experts=[2]; c2:bw=25,experts=[2,3]
   89 | 0.01000 |   1.1176 |   63.97% |   68.42% |    0:41.76
      bandwidth/experts | c3:bw=17,experts=[1]; c8:bw=40,experts=[0,1,2,3]; c2:bw=25,experts=[1,3]; c9:bw=34,experts=[0,1,3]; c7:bw=12,experts=[3]; c5:bw=25,experts=[0,3]; c0:bw=10,experts=[1]; c6:bw=18,experts=[3]; c4:bw=17,experts=[2]; c1:bw=23,experts=[0,3]
   90 | 0.01000 |   0.9647 |   76.43% |   76.43% |    0:41.78
      bandwidth/experts | c7:bw=40,experts=[0,1,2,3]; c1:bw=17,experts=[1]; c3:bw=20,experts=[2,3]; c9:bw=35,experts=[0,2,3]; c0:bw=35,experts=[0,2,3]; c6:bw=14,experts=[2]; c2:bw=12,experts=[3]; c5:bw=15,experts=[3]; c8:bw=28,experts=[2,3]; c4:bw=20,experts=[2,3]
   91 | 0.01000 |   0.9968 |   61.96% |   76.43% |    0:41.94
      bandwidth/experts | c1:bw=28,experts=[2,3]; c9:bw=19,experts=[3]; c5:bw=29,experts=[1,3]; c7:bw=29,experts=[2,3]; c3:bw=22,experts=[0,3]; c4:bw=30,experts=[1,2,3]; c0:bw=12,experts=[3]; c6:bw=16,experts=[0]; c2:bw=10,experts=[0]; c8:bw=13,experts=[3]
   92 | 0.01000 |   1.0190 |   65.80% |   76.43% |    0:41.76
      bandwidth/experts | c3:bw=16,experts=[3]; c7:bw=19,experts=[3]; c1:bw=11,experts=[3]; c0:bw=16,experts=[3]; c8:bw=11,experts=[3]; c6:bw=25,experts=[1,3]; c9:bw=31,experts=[0,2,3]; c2:bw=14,experts=[2]; c5:bw=37,experts=[0,2,3]; c4:bw=15,experts=[0]
   93 | 0.01000 |   1.0571 |   62.34% |   76.43% |    0:41.90
      bandwidth/experts | c1:bw=26,experts=[0,3]; c3:bw=17,experts=[1]; c7:bw=12,experts=[3]; c9:bw=32,experts=[0,1,3]; c6:bw=12,experts=[3]; c8:bw=10,experts=[0]; c5:bw=10,experts=[3]; c4:bw=18,experts=[3]; c0:bw=10,experts=[1]; c2:bw=28,experts=[1,3]
   94 | 0.01000 |   1.2225 |   55.50% |   76.43% |    0:41.83
      bandwidth/experts | c7:bw=25,experts=[0,1]; c2:bw=36,experts=[0,2,3]; c5:bw=23,experts=[0,3]; c4:bw=17,experts=[3]; c6:bw=17,experts=[2]; c9:bw=28,experts=[0,3]; c1:bw=39,experts=[0,1,3]; c8:bw=10,experts=[1]; c0:bw=31,experts=[0,2,3]; c3:bw=19,experts=[2]
   95 | 0.01000 |   1.0839 |   54.02% |   76.43% |    0:41.69
      bandwidth/experts | c7:bw=33,experts=[1,2,3]; c9:bw=23,experts=[0,3]; c4:bw=10,experts=[1]; c6:bw=22,experts=[0,3]; c0:bw=19,experts=[3]; c3:bw=23,experts=[0,3]; c1:bw=17,experts=[2]; c8:bw=40,experts=[0,1,2,3]; c2:bw=13,experts=[3]; c5:bw=10,experts=[1]
   96 | 0.01000 |   1.1063 |   56.74% |   76.43% |    0:41.91
      bandwidth/experts | c2:bw=36,experts=[0,2,3]; c9:bw=25,experts=[2,3]; c3:bw=25,experts=[2,3]; c1:bw=20,experts=[2,3]; c5:bw=33,experts=[0,2,3]; c4:bw=27,experts=[0,2]; c6:bw=17,experts=[1]; c7:bw=28,experts=[2,3]; c0:bw=20,experts=[2,3]; c8:bw=36,experts=[0,2,3]
   97 | 0.01000 |   0.9348 |   68.46% |   76.43% |    0:41.87
      bandwidth/experts | c0:bw=23,experts=[1,3]; c9:bw=24,experts=[1,3]; c8:bw=24,experts=[2,3]; c4:bw=10,experts=[3]; c7:bw=17,experts=[3]; c1:bw=28,experts=[1,3]; c3:bw=19,experts=[1]; c5:bw=26,experts=[0,3]; c6:bw=28,experts=[0,3]; c2:bw=30,experts=[1,2,3]
   98 | 0.01000 |   0.9885 |   63.63% |   76.43% |    0:41.86
      bandwidth/experts | c4:bw=29,experts=[0,3]; c8:bw=30,experts=[1,2,3]; c9:bw=15,experts=[3]; c7:bw=13,experts=[0]; c6:bw=20,experts=[2,3]; c5:bw=27,experts=[0,3]; c0:bw=19,experts=[0]; c3:bw=14,experts=[3]; c1:bw=15,experts=[0]; c2:bw=13,experts=[3]
   99 | 0.01000 |   1.1088 |   54.15% |   76.43% |    0:41.86
      bandwidth/experts | c8:bw=19,experts=[3]; c5:bw=27,experts=[1,3]; c7:bw=25,experts=[1,3]; c1:bw=33,experts=[0,2,3]; c3:bw=21,experts=[0,3]; c9:bw=11,experts=[0]; c4:bw=14,experts=[1]; c0:bw=22,experts=[0,3]; c2:bw=17,experts=[3]; c6:bw=19,experts=[3]
  100 | 0.01000 |   1.0855 |   61.02% |   76.43% |    0:41.72
      bandwidth/experts | c2:bw=17,experts=[0]; c8:bw=25,experts=[0,3]; c9:bw=29,experts=[2,3]; c5:bw=10,experts=[2]; c6:bw=25,experts=[1,3]; c1:bw=10,experts=[3]; c4:bw=36,experts=[0,2,3]; c7:bw=10,experts=[2]; c3:bw=23,experts=[2,3]; c0:bw=36,experts=[0,2,3]

Done. Best Acc: 76.43% @ round 90
Total time: 1:09:38.12
[Export] 实验目录: /userhome/cs3/duanty/FedMoE/results/20260919-195021-2
[Export] 每轮明细: /userhome/cs3/duanty/FedMoE/results/20260919-195021-2/rounds.xlsx
[Export] 总体摘要: /userhome/cs3/duanty/FedMoE/results/20260919-195021-2/summary.xlsx
[Plot] result = /userhome/cs3/duanty/FedMoE/results/20260919-195021-2
[Plot] figures -> /userhome/cs3/duanty/FedMoE/results/20260919-195021-2/figure
  fig01_test_accuracy.pdf
  fig02_train_loss.pdf
  fig03_acc_and_loss.pdf
  fig04_bandwidth_and_k.pdf
  fig05_expert_round_heatmap.pdf
  fig06_client_expert_heatmap.pdf
  fig07_expert_frequency.pdf
  fig08_time_breakdown.pdf
  fig09_accuracy_vs_communication.pdf
  fig10_overview.pdf
[Export] 图片目录: /userhome/cs3/duanty/FedMoE/results/20260919-195021-2/figure
