========================================
Job    : c10-resnet-posthoc-ours
Host   : gpu-4090-112
Date   : Fri Sep 18 07:09:30 HKT 2026
GPU    : 0
Python : /userhome/cs3/duanty/miniconda3/envs/moe/bin/python
Command: python -u main.py --method ours --dataset cifar10 --backbone resnet --select posthoc --merge ours --device cuda
========================================

==================================================================
 Ours  
  Dataset=cifar10 | beta=0.1 | Backbone=resnet | Clients=10 | Experts=4
  Select=posthoc | Merge=ours
  Rounds=100 | LR=0.01
  Bandwidth: expert_bw=10 | bw=[10, 40] | Rayleigh-Shannon, SNR=10 dB | k=floor(bw/10)
==================================================================


[Partition] Dirichlet beta=0.1, 10 clients
  Client 0:   6071 samples | 3/10 classes
  Client 1:  18481 samples | 7/10 classes
  Client 2:    174 samples | 3/10 classes
  Client 3:    462 samples | 3/10 classes
  Client 4:   2759 samples | 3/10 classes
  Client 5:   5740 samples | 7/10 classes
  Client 6:   1703 samples | 4/10 classes
  Client 7:   3407 samples | 7/10 classes
  Client 8:   6483 samples | 7/10 classes
  Client 9:   4720 samples | 10/10 classes

[Upload] expert_bw=10 | available bw=[10, 40] | Rayleigh-Shannon, SNR=10 dB | upload k=floor(bw/10), cap=4 | train all experts, then upload top-k by gate scores

[Model] Total params: 12,242,024

[Export] 本次实验目录: /userhome/cs3/duanty/FedMoE/results/20260918-070936

Round |      LR |  AvgLoss |  TestAcc |     Best |  RoundTime
--------------------------------------------------------------------------------
    1 | 0.00208 |   1.4374 |   26.00% |   26.00% |    0:51.75
      bandwidth/experts | c8:bw=31,experts=[0,1,3]; c1:bw=16,experts=[1]; c5:bw=25,experts=[0,2]; c0:bw=10,experts=[1]; c7:bw=11,experts=[1]; c2:bw=16,experts=[1]; c9:bw=25,experts=[0,2]; c4:bw=22,experts=[1,2]; c3:bw=28,experts=[1,2]; c6:bw=23,experts=[0,2]
    2 | 0.00406 |   1.2653 |   35.50% |   35.50% |    0:50.24
      bandwidth/experts | c0:bw=20,experts=[1,2]; c1:bw=23,experts=[0,1]; c8:bw=27,experts=[1,2]; c5:bw=38,experts=[0,2,3]; c3:bw=37,experts=[0,1,2]; c4:bw=17,experts=[1]; c7:bw=31,experts=[0,1,2]; c9:bw=26,experts=[1,2]; c6:bw=10,experts=[1]; c2:bw=12,experts=[1]
    3 | 0.00604 |   1.1700 |   37.52% |   37.52% |    0:50.74
      bandwidth/experts | c9:bw=26,experts=[1,2]; c2:bw=23,experts=[1,2]; c0:bw=28,experts=[0,1]; c6:bw=22,experts=[1,2]; c8:bw=17,experts=[1]; c5:bw=10,experts=[2]; c3:bw=14,experts=[1]; c7:bw=18,experts=[2]; c1:bw=10,experts=[1]; c4:bw=29,experts=[1,2]
    4 | 0.00802 |   1.1247 |   40.17% |   40.17% |    0:50.51
      bandwidth/experts | c1:bw=22,experts=[0,1]; c7:bw=25,experts=[1,2]; c6:bw=29,experts=[1,2]; c2:bw=33,experts=[0,1,2]; c8:bw=17,experts=[1]; c0:bw=33,experts=[0,1,3]; c3:bw=19,experts=[1]; c4:bw=31,experts=[0,1,2]; c5:bw=40,experts=[0,1,2,3]; c9:bw=12,experts=[2]
    5 | 0.01000 |   1.0623 |   41.16% |   41.16% |    0:50.60
      bandwidth/experts | c1:bw=11,experts=[1]; c5:bw=22,experts=[0,2]; c4:bw=27,experts=[1,2]; c8:bw=20,experts=[1,2]; c0:bw=28,experts=[0,1]; c7:bw=14,experts=[2]; c6:bw=29,experts=[1,2]; c3:bw=35,experts=[0,1,2]; c2:bw=10,experts=[1]; c9:bw=35,experts=[0,2,3]
    6 | 0.01000 |   1.0564 |   43.84% |   43.84% |    0:50.87
      bandwidth/experts | c8:bw=37,experts=[0,1,2]; c2:bw=23,experts=[1,2]; c5:bw=15,experts=[2]; c7:bw=32,experts=[0,1,2]; c3:bw=20,experts=[1,2]; c1:bw=18,experts=[1]; c9:bw=27,experts=[0,2]; c0:bw=17,experts=[1]; c4:bw=10,experts=[1]; c6:bw=11,experts=[1]
    7 | 0.01000 |   0.9768 |   45.88% |   45.88% |    0:50.58
      bandwidth/experts | c0:bw=20,experts=[0,1]; c5:bw=27,experts=[0,2]; c2:bw=22,experts=[1,2]; c6:bw=10,experts=[1]; c3:bw=15,experts=[1]; c7:bw=17,experts=[2]; c4:bw=10,experts=[1]; c1:bw=10,experts=[1]; c8:bw=32,experts=[0,1,2]; c9:bw=10,experts=[2]
    8 | 0.01000 |   1.0210 |   56.31% |   56.31% |    0:49.96
      bandwidth/experts | c4:bw=10,experts=[1]; c8:bw=20,experts=[1,2]; c1:bw=32,experts=[0,1,2]; c3:bw=21,experts=[1,2]; c0:bw=18,experts=[1]; c5:bw=16,experts=[1]; c2:bw=30,experts=[0,1,2]; c9:bw=33,experts=[0,1,2]; c7:bw=10,experts=[1]; c6:bw=23,experts=[1,2]
    9 | 0.01000 |   0.9747 |   54.66% |   56.31% |    0:49.95
      bandwidth/experts | c2:bw=12,experts=[1]; c0:bw=29,experts=[1,2]; c4:bw=33,experts=[0,1,2]; c9:bw=15,experts=[1]; c8:bw=10,experts=[1]; c6:bw=17,experts=[1]; c7:bw=25,experts=[1,2]; c5:bw=29,experts=[1,2]; c1:bw=10,experts=[1]; c3:bw=13,experts=[1]
   10 | 0.01000 |   0.9673 |   59.07% |   59.07% |    0:49.91
      bandwidth/experts | c4:bw=20,experts=[1,2]; c2:bw=19,experts=[1]; c7:bw=21,experts=[1,2]; c0:bw=33,experts=[0,1,2]; c6:bw=36,experts=[0,1,2]; c3:bw=26,experts=[1,2]; c5:bw=32,experts=[0,1,2]; c8:bw=20,experts=[1,2]; c9:bw=20,experts=[1,2]; c1:bw=23,experts=[1,2]
   11 | 0.01000 |   0.9327 |   59.26% |   59.26% |    0:50.17
      bandwidth/experts | c5:bw=15,experts=[2]; c2:bw=15,experts=[1]; c7:bw=24,experts=[1,2]; c3:bw=28,experts=[1,2]; c0:bw=16,experts=[1]; c8:bw=22,experts=[1,2]; c9:bw=18,experts=[2]; c6:bw=31,experts=[0,1,2]; c1:bw=22,experts=[1,2]; c4:bw=10,experts=[1]
   12 | 0.01000 |   0.9340 |   61.75% |   61.75% |    0:49.73
      bandwidth/experts | c1:bw=24,experts=[1,2]; c5:bw=31,experts=[0,2,3]; c2:bw=32,experts=[0,1,2]; c4:bw=16,experts=[1]; c3:bw=19,experts=[1]; c7:bw=16,experts=[1]; c9:bw=23,experts=[1,2]; c6:bw=16,experts=[1]; c8:bw=31,experts=[0,1,2]; c0:bw=27,experts=[1,2]
   13 | 0.01000 |   0.9093 |   59.77% |   61.75% |    0:50.96
      bandwidth/experts | c3:bw=17,experts=[1]; c1:bw=26,experts=[0,1]; c4:bw=10,experts=[1]; c5:bw=16,experts=[2]; c8:bw=10,experts=[2]; c6:bw=20,experts=[0,1]; c9:bw=10,experts=[2]; c7:bw=32,experts=[0,1,2]; c0:bw=14,experts=[1]; c2:bw=10,experts=[2]
   14 | 0.01000 |   0.9342 |   67.21% |   67.21% |    0:49.97
      bandwidth/experts | c2:bw=25,experts=[1,2]; c4:bw=10,experts=[1]; c5:bw=36,experts=[0,1,2]; c1:bw=21,experts=[1,2]; c7:bw=14,experts=[1]; c0:bw=14,experts=[1]; c9:bw=18,experts=[2]; c3:bw=25,experts=[1,2]; c8:bw=12,experts=[2]; c6:bw=37,experts=[0,1,2]
   15 | 0.01000 |   0.8885 |   61.00% |   67.21% |    0:51.18
      bandwidth/experts | c7:bw=33,experts=[0,1,2]; c0:bw=11,experts=[1]; c1:bw=10,experts=[1]; c8:bw=29,experts=[1,2]; c3:bw=10,experts=[1]; c2:bw=29,experts=[1,2]; c4:bw=26,experts=[0,1]; c5:bw=10,experts=[2]; c9:bw=11,experts=[2]; c6:bw=18,experts=[1]
   16 | 0.01000 |   0.9169 |   64.11% |   67.21% |    0:50.11
      bandwidth/experts | c6:bw=22,experts=[1,2]; c1:bw=16,experts=[1]; c3:bw=24,experts=[1,2]; c8:bw=27,experts=[1,2]; c7:bw=12,experts=[1]; c5:bw=22,experts=[1,2]; c4:bw=20,experts=[1,2]; c9:bw=13,experts=[2]; c0:bw=32,experts=[0,1,2]; c2:bw=29,experts=[1,2]
   17 | 0.01000 |   0.8557 |   57.85% |   67.21% |    0:51.02
      bandwidth/experts | c4:bw=32,experts=[0,1,3]; c7:bw=14,experts=[2]; c8:bw=10,experts=[2]; c3:bw=29,experts=[1,2]; c5:bw=10,experts=[2]; c1:bw=16,experts=[1]; c0:bw=10,experts=[1]; c2:bw=11,experts=[2]; c9:bw=21,experts=[0,2]; c6:bw=21,experts=[1,2]
   18 | 0.01000 |   0.9640 |   72.60% |   72.60% |    0:49.94
      bandwidth/experts | c1:bw=10,experts=[1]; c8:bw=10,experts=[2]; c5:bw=19,experts=[2]; c2:bw=21,experts=[1,2]; c9:bw=10,experts=[2]; c7:bw=30,experts=[0,1,2]; c4:bw=31,experts=[0,1,2]; c3:bw=21,experts=[1,2]; c0:bw=27,experts=[1,2]; c6:bw=17,experts=[1]
   19 | 0.01000 |   0.8470 |   67.95% |   72.60% |    0:50.86
      bandwidth/experts | c8:bw=31,experts=[0,2,3]; c0:bw=23,experts=[0,1]; c4:bw=28,experts=[1,2]; c1:bw=26,experts=[0,1]; c9:bw=21,experts=[0,2]; c5:bw=16,experts=[2]; c7:bw=12,experts=[2]; c2:bw=10,experts=[2]; c6:bw=36,experts=[0,1,2]; c3:bw=22,experts=[1,2]
   20 | 0.01000 |   0.8361 |   62.58% |   72.60% |    0:50.52
      bandwidth/experts | c0:bw=15,experts=[1]; c2:bw=23,experts=[1,2]; c1:bw=22,experts=[0,1]; c9:bw=10,experts=[2]; c7:bw=24,experts=[1,2]; c6:bw=38,experts=[0,1,2]; c3:bw=10,experts=[2]; c5:bw=10,experts=[2]; c4:bw=33,experts=[0,1,2]; c8:bw=28,experts=[0,2]
   21 | 0.01000 |   0.8937 |   65.22% |   72.60% |    0:50.25
      bandwidth/experts | c1:bw=23,experts=[1,2]; c2:bw=22,experts=[1,2]; c7:bw=10,experts=[2]; c4:bw=26,experts=[1,2]; c8:bw=10,experts=[2]; c5:bw=18,experts=[2]; c0:bw=37,experts=[0,1,2]; c3:bw=10,experts=[2]; c6:bw=10,experts=[1]; c9:bw=14,experts=[2]
   22 | 0.01000 |   0.8117 |   59.55% |   72.60% |    0:50.91
      bandwidth/experts | c7:bw=10,experts=[2]; c9:bw=18,experts=[2]; c1:bw=10,experts=[1]; c6:bw=34,experts=[0,1,2]; c5:bw=10,experts=[2]; c2:bw=37,experts=[0,1,2]; c0:bw=37,experts=[0,1,2]; c4:bw=20,experts=[1,2]; c3:bw=31,experts=[0,1,2]; c8:bw=18,experts=[2]
   23 | 0.01000 |   0.9520 |   65.39% |   72.60% |    0:49.38
      bandwidth/experts | c5:bw=29,experts=[1,2]; c7:bw=10,experts=[2]; c4:bw=31,experts=[0,1,2]; c6:bw=10,experts=[1]; c9:bw=28,experts=[1,2]; c8:bw=19,experts=[2]; c3:bw=10,experts=[2]; c1:bw=34,experts=[0,1,2]; c2:bw=18,experts=[1]; c0:bw=10,experts=[1]
   24 | 0.01000 |   0.8749 |   72.67% |   72.67% |    0:50.55
      bandwidth/experts | c6:bw=17,experts=[1]; c4:bw=10,experts=[1]; c7:bw=10,experts=[2]; c9:bw=28,experts=[1,2]; c2:bw=24,experts=[1,2]; c1:bw=10,experts=[1]; c5:bw=14,experts=[2]; c8:bw=10,experts=[2]; c3:bw=10,experts=[2]; c0:bw=17,experts=[1]
   25 | 0.01000 |   0.8386 |   71.85% |   72.67% |    0:50.75
      bandwidth/experts | c9:bw=22,experts=[1,2]; c6:bw=10,experts=[1]; c4:bw=32,experts=[0,1,2]; c3:bw=10,experts=[2]; c5:bw=35,experts=[0,2,3]; c1:bw=27,experts=[0,1]; c8:bw=30,experts=[0,2,3]; c2:bw=10,experts=[2]; c0:bw=31,experts=[0,1,3]; c7:bw=22,experts=[1,2]
   26 | 0.01000 |   0.8149 |   63.48% |   72.67% |    0:50.85
      bandwidth/experts | c3:bw=25,experts=[1,2]; c6:bw=19,experts=[1]; c9:bw=28,experts=[1,2]; c7:bw=17,experts=[2]; c1:bw=18,experts=[1]; c5:bw=11,experts=[2]; c2:bw=17,experts=[2]; c8:bw=30,experts=[0,1,2]; c0:bw=10,experts=[1]; c4:bw=26,experts=[1,2]
   27 | 0.01000 |   0.8682 |   66.69% |   72.67% |    0:50.31
      bandwidth/experts | c7:bw=29,experts=[1,2]; c1:bw=34,experts=[0,1,2]; c4:bw=10,experts=[1]; c0:bw=20,experts=[1,2]; c9:bw=10,experts=[2]; c2:bw=11,experts=[2]; c8:bw=31,experts=[0,2,3]; c3:bw=12,experts=[2]; c6:bw=35,experts=[0,1,2]; c5:bw=20,experts=[0,2]
   28 | 0.01000 |   0.7869 |   63.53% |   72.67% |    0:50.93
      bandwidth/experts | c6:bw=16,experts=[1]; c9:bw=27,experts=[1,2]; c0:bw=26,experts=[1,2]; c8:bw=16,experts=[2]; c2:bw=10,experts=[2]; c5:bw=18,experts=[2]; c1:bw=14,experts=[1]; c3:bw=10,experts=[2]; c4:bw=10,experts=[1]; c7:bw=10,experts=[2]
   29 | 0.01000 |   0.9051 |   74.10% |   74.10% |    0:50.06
      bandwidth/experts | c4:bw=21,experts=[1,2]; c0:bw=24,experts=[1,2]; c1:bw=18,experts=[1]; c9:bw=24,experts=[1,2]; c6:bw=24,experts=[1,2]; c8:bw=19,experts=[2]; c7:bw=12,experts=[2]; c3:bw=18,experts=[2]; c2:bw=10,experts=[2]; c5:bw=19,experts=[2]
   30 | 0.01000 |   0.7952 |   67.15% |   74.10% |    0:50.97
      bandwidth/experts | c5:bw=34,experts=[0,2,3]; c1:bw=20,experts=[0,1]; c9:bw=30,experts=[0,1,2]; c4:bw=29,experts=[1,2]; c0:bw=10,experts=[1]; c8:bw=23,experts=[0,2]; c6:bw=10,experts=[1]; c7:bw=10,experts=[2]; c3:bw=33,experts=[0,1,2]; c2:bw=15,experts=[2]
   31 | 0.01000 |   0.8512 |   72.76% |   74.10% |    0:50.34
      bandwidth/experts | c6:bw=16,experts=[1]; c4:bw=11,experts=[1]; c9:bw=25,experts=[1,2]; c1:bw=17,experts=[1]; c5:bw=34,experts=[0,1,2]; c8:bw=18,experts=[2]; c3:bw=13,experts=[2]; c2:bw=10,experts=[2]; c0:bw=26,experts=[0,1]; c7:bw=35,experts=[0,1,2]
   32 | 0.01000 |   0.7921 |   66.61% |   74.10% |    0:50.92
      bandwidth/experts | c8:bw=12,experts=[2]; c5:bw=20,experts=[1,2]; c4:bw=27,experts=[1,2]; c7:bw=26,experts=[1,2]; c0:bw=25,experts=[0,1]; c1:bw=12,experts=[1]; c3:bw=16,experts=[2]; c6:bw=15,experts=[1]; c2:bw=30,experts=[0,1,2]; c9:bw=17,experts=[2]
   33 | 0.01000 |   0.8631 |   69.99% |   74.10% |    0:50.31
      bandwidth/experts | c7:bw=29,experts=[1,2]; c1:bw=19,experts=[1]; c3:bw=39,experts=[0,1,2]; c6:bw=20,experts=[1,2]; c5:bw=16,experts=[2]; c9:bw=23,experts=[1,2]; c2:bw=13,experts=[2]; c8:bw=28,experts=[0,2]; c4:bw=25,experts=[1,2]; c0:bw=35,experts=[0,1,2]
   34 | 0.01000 |   0.7749 |   68.13% |   74.10% |    0:51.04
      bandwidth/experts | c4:bw=26,experts=[1,2]; c1:bw=26,experts=[0,1]; c6:bw=27,experts=[1,2]; c9:bw=38,experts=[0,1,2]; c8:bw=23,experts=[1,2]; c0:bw=12,experts=[1]; c5:bw=33,experts=[0,1,2]; c7:bw=18,experts=[2]; c3:bw=40,experts=[0,1,2,3]; c2:bw=30,experts=[0,1,2]
   35 | 0.01000 |   0.8601 |   75.72% |   75.72% |    0:50.39
      bandwidth/experts | c4:bw=18,experts=[1]; c0:bw=11,experts=[1]; c1:bw=17,experts=[1]; c6:bw=24,experts=[1,2]; c2:bw=25,experts=[1,2]; c8:bw=28,experts=[0,2]; c9:bw=15,experts=[2]; c7:bw=27,experts=[1,2]; c5:bw=23,experts=[1,2]; c3:bw=13,experts=[2]
   36 | 0.01000 |   0.7729 |   72.46% |   75.72% |    0:51.07
      bandwidth/experts | c9:bw=21,experts=[1,2]; c0:bw=20,experts=[1,2]; c3:bw=33,experts=[0,1,2]; c7:bw=15,experts=[2]; c6:bw=24,experts=[1,2]; c5:bw=27,experts=[1,2]; c1:bw=10,experts=[1]; c4:bw=40,experts=[0,1,2,3]; c8:bw=28,experts=[0,2]; c2:bw=28,experts=[1,2]
   37 | 0.01000 |   0.8146 |   74.44% |   75.72% |    0:50.19
      bandwidth/experts | c1:bw=10,experts=[1]; c5:bw=22,experts=[1,2]; c2:bw=20,experts=[1,2]; c6:bw=36,experts=[0,1,2]; c4:bw=22,experts=[1,2]; c7:bw=23,experts=[1,2]; c9:bw=22,experts=[1,2]; c0:bw=30,experts=[0,1,2]; c3:bw=20,experts=[1,2]; c8:bw=10,experts=[2]
   38 | 0.01000 |   0.7746 |   65.19% |   75.72% |    0:50.71
      bandwidth/experts | c8:bw=25,experts=[2,3]; c6:bw=10,experts=[1]; c4:bw=29,experts=[1,2]; c1:bw=17,experts=[1]; c5:bw=10,experts=[2]; c2:bw=10,experts=[2]; c3:bw=21,experts=[1,2]; c7:bw=28,experts=[1,2]; c9:bw=14,experts=[2]; c0:bw=22,experts=[1,2]
   39 | 0.01000 |   0.8562 |   71.44% |   75.72% |    0:50.12
      bandwidth/experts | c3:bw=14,experts=[2]; c0:bw=10,experts=[1]; c1:bw=25,experts=[1,2]; c7:bw=22,experts=[1,2]; c6:bw=17,experts=[1]; c8:bw=25,experts=[2,3]; c2:bw=20,experts=[1,2]; c4:bw=20,experts=[1,2]; c9:bw=13,experts=[2]; c5:bw=40,experts=[0,1,2,3]
   40 | 0.01000 |   0.7532 |   69.42% |   75.72% |    0:51.02
      bandwidth/experts | c8:bw=14,experts=[2]; c1:bw=23,experts=[1,2]; c5:bw=18,experts=[2]; c6:bw=26,experts=[1,2]; c2:bw=36,experts=[0,1,2]; c7:bw=37,experts=[0,1,2]; c3:bw=10,experts=[2]; c4:bw=11,experts=[1]; c9:bw=22,experts=[1,2]; c0:bw=20,experts=[1,2]
   41 | 0.01000 |   0.8586 |   72.77% |   75.72% |    0:50.13
      bandwidth/experts | c2:bw=30,experts=[0,1,2]; c6:bw=10,experts=[1]; c8:bw=31,experts=[0,2,3]; c1:bw=10,experts=[1]; c4:bw=28,experts=[1,2]; c5:bw=34,experts=[0,1,2]; c7:bw=38,experts=[0,1,2]; c3:bw=22,experts=[1,2]; c9:bw=30,experts=[0,1,2]; c0:bw=10,experts=[1]
   42 | 0.01000 |   0.7547 |   71.34% |   75.72% |    0:50.42
      bandwidth/experts | c5:bw=28,experts=[1,2]; c1:bw=27,experts=[1,2]; c3:bw=27,experts=[1,2]; c9:bw=28,experts=[1,2]; c6:bw=19,experts=[1]; c0:bw=10,experts=[1]; c7:bw=11,experts=[2]; c4:bw=30,experts=[0,1,2]; c8:bw=23,experts=[1,2]; c2:bw=22,experts=[1,2]
   43 | 0.01000 |   0.8268 |   76.32% |   76.32% |    0:50.14
      bandwidth/experts | c5:bw=29,experts=[1,2]; c1:bw=32,experts=[0,1,2]; c2:bw=28,experts=[1,2]; c8:bw=25,experts=[0,2]; c9:bw=18,experts=[2]; c7:bw=12,experts=[2]; c4:bw=19,experts=[1]; c6:bw=10,experts=[1]; c3:bw=36,experts=[0,1,2]; c0:bw=12,experts=[1]
   44 | 0.01000 |   0.7666 |   74.26% |   76.32% |    0:49.97
      bandwidth/experts | c0:bw=37,experts=[0,1,3]; c3:bw=26,experts=[1,2]; c4:bw=16,experts=[1]; c2:bw=20,experts=[1,2]; c7:bw=40,experts=[0,1,2,3]; c5:bw=13,experts=[2]; c6:bw=11,experts=[1]; c9:bw=21,experts=[1,2]; c8:bw=19,experts=[2]; c1:bw=25,experts=[1,2]
   45 | 0.01000 |   0.7975 |   75.57% |   76.32% |    0:50.26
      bandwidth/experts | c8:bw=31,experts=[0,2,3]; c0:bw=20,experts=[0,1]; c3:bw=37,experts=[1,2,3]; c4:bw=36,experts=[0,1,2]; c7:bw=20,experts=[1,2]; c2:bw=27,experts=[1,2]; c9:bw=14,experts=[2]; c6:bw=10,experts=[1]; c5:bw=25,experts=[0,2]; c1:bw=31,experts=[0,1,2]
   46 | 0.01000 |   0.7533 |   74.81% |   76.32% |    0:50.37
      bandwidth/experts | c9:bw=20,experts=[1,2]; c3:bw=15,experts=[2]; c6:bw=21,experts=[1,2]; c1:bw=23,experts=[1,2]; c4:bw=35,experts=[1,2,3]; c5:bw=23,experts=[1,2]; c2:bw=32,experts=[0,1,2]; c8:bw=22,experts=[1,2]; c0:bw=30,experts=[0,1,3]; c7:bw=16,experts=[2]
   47 | 0.01000 |   0.7872 |   71.40% |   76.32% |    0:50.11
      bandwidth/experts | c5:bw=29,experts=[0,2]; c6:bw=12,experts=[1]; c7:bw=29,experts=[1,2]; c9:bw=10,experts=[2]; c8:bw=22,experts=[0,2]; c3:bw=39,experts=[1,2,3]; c4:bw=10,experts=[1]; c0:bw=25,experts=[0,1]; c1:bw=17,experts=[1]; c2:bw=30,experts=[0,1,2]
   48 | 0.01000 |   0.7375 |   69.52% |   76.32% |    0:50.18
      bandwidth/experts | c1:bw=28,experts=[1,2]; c8:bw=28,experts=[1,2]; c4:bw=37,experts=[0,1,2]; c2:bw=31,experts=[0,1,2]; c9:bw=29,experts=[1,2]; c6:bw=25,experts=[1,2]; c5:bw=31,experts=[0,1,2]; c7:bw=35,experts=[0,1,2]; c0:bw=10,experts=[1]; c3:bw=10,experts=[2]
   49 | 0.01000 |   0.8233 |   71.91% |   76.32% |    0:50.28
      bandwidth/experts | c4:bw=27,experts=[1,2]; c3:bw=18,experts=[2]; c8:bw=15,experts=[2]; c0:bw=11,experts=[1]; c2:bw=32,experts=[0,1,2]; c5:bw=31,experts=[0,1,2]; c6:bw=10,experts=[1]; c7:bw=24,experts=[1,2]; c9:bw=29,experts=[1,2]; c1:bw=30,experts=[0,1,2]
   50 | 0.01000 |   0.7529 |   74.92% |   76.32% |    0:50.04
      bandwidth/experts | c8:bw=18,experts=[2]; c4:bw=10,experts=[1]; c7:bw=19,experts=[2]; c6:bw=38,experts=[0,1,2]; c2:bw=35,experts=[0,1,2]; c1:bw=36,experts=[0,1,2]; c3:bw=22,experts=[1,2]; c0:bw=16,experts=[1]; c9:bw=15,experts=[2]; c5:bw=17,experts=[2]
   51 | 0.01000 |   0.7903 |   75.17% |   76.32% |    0:50.14
      bandwidth/experts | c5:bw=26,experts=[1,2]; c0:bw=30,experts=[0,1,3]; c1:bw=12,experts=[1]; c2:bw=11,experts=[2]; c8:bw=26,experts=[2,3]; c6:bw=29,experts=[1,2]; c9:bw=10,experts=[2]; c3:bw=31,experts=[0,1,2]; c4:bw=10,experts=[1]; c7:bw=15,experts=[2]
   52 | 0.01000 |   0.7343 |   72.15% |   76.32% |    0:49.95
      bandwidth/experts | c0:bw=26,experts=[1,2]; c8:bw=10,experts=[2]; c5:bw=13,experts=[2]; c7:bw=19,experts=[2]; c1:bw=22,experts=[1,2]; c4:bw=18,experts=[1]; c9:bw=17,experts=[2]; c6:bw=28,experts=[1,2]; c2:bw=16,experts=[2]; c3:bw=24,experts=[1,2]
   53 | 0.01000 |   0.7965 |   74.40% |   76.32% |    0:50.29
      bandwidth/experts | c8:bw=12,experts=[2]; c4:bw=16,experts=[1]; c5:bw=24,experts=[1,2]; c1:bw=33,experts=[0,1,2]; c3:bw=26,experts=[1,2]; c9:bw=34,experts=[0,1,2]; c6:bw=20,experts=[1,2]; c7:bw=24,experts=[1,2]; c0:bw=21,experts=[1,2]; c2:bw=29,experts=[1,2]
   54 | 0.01000 |   0.7304 |   74.60% |   76.32% |    0:50.06
      bandwidth/experts | c2:bw=10,experts=[2]; c1:bw=29,experts=[1,2]; c8:bw=31,experts=[1,2,3]; c7:bw=34,experts=[0,1,2]; c3:bw=17,experts=[2]; c0:bw=20,experts=[1,2]; c6:bw=30,experts=[1,2,3]; c5:bw=10,experts=[2]; c9:bw=28,experts=[1,2]; c4:bw=18,experts=[1]
   55 | 0.01000 |   0.7854 |   75.21% |   76.32% |    0:49.93
      bandwidth/experts | c7:bw=30,experts=[0,1,2]; c2:bw=23,experts=[1,2]; c4:bw=10,experts=[1]; c3:bw=29,experts=[1,2]; c8:bw=10,experts=[2]; c5:bw=29,experts=[1,2]; c1:bw=33,experts=[0,1,2]; c6:bw=23,experts=[1,2]; c0:bw=15,experts=[1]; c9:bw=34,experts=[0,1,2]
   56 | 0.01000 |   0.7353 |   76.54% |   76.54% |    0:50.13
      bandwidth/experts | c9:bw=29,experts=[1,2]; c1:bw=31,experts=[0,1,2]; c3:bw=10,experts=[2]; c2:bw=29,experts=[1,2]; c5:bw=17,experts=[2]; c4:bw=10,experts=[1]; c8:bw=10,experts=[2]; c7:bw=10,experts=[2]; c6:bw=13,experts=[1]; c0:bw=39,experts=[0,1,2]
   57 | 0.01000 |   0.7806 |   79.08% |   79.08% |    0:50.08
      bandwidth/experts | c3:bw=35,experts=[1,2,3]; c8:bw=24,experts=[0,2]; c6:bw=27,experts=[1,2]; c1:bw=27,experts=[1,2]; c7:bw=38,experts=[0,1,2]; c0:bw=39,experts=[1,2,3]; c5:bw=24,experts=[1,2]; c4:bw=23,experts=[1,2]; c2:bw=18,experts=[2]; c9:bw=11,experts=[2]
   58 | 0.01000 |   0.7275 |   82.78% |   82.78% |    0:55.50
      bandwidth/experts | c7:bw=13,experts=[2]; c2:bw=10,experts=[2]; c9:bw=32,experts=[0,1,2]; c6:bw=30,experts=[1,2,3]; c5:bw=19,experts=[2]; c1:bw=17,experts=[1]; c8:bw=22,experts=[1,2]; c4:bw=21,experts=[1,2]; c3:bw=34,experts=[1,2,3]; c0:bw=26,experts=[1,2]
   59 | 0.01000 |   0.7435 |   78.88% |   82.78% |    0:57.48
      bandwidth/experts | c2:bw=20,experts=[1,2]; c8:bw=31,experts=[1,2,3]; c9:bw=15,experts=[2]; c6:bw=11,experts=[2]; c1:bw=36,experts=[0,1,2]; c4:bw=14,experts=[1]; c7:bw=15,experts=[2]; c5:bw=18,experts=[2]; c0:bw=29,experts=[1,2]; c3:bw=20,experts=[1,2]
   60 | 0.01000 |   0.7461 |   81.34% |   82.78% |    0:57.55
      bandwidth/experts | c0:bw=29,experts=[1,2]; c7:bw=26,experts=[1,2]; c4:bw=17,experts=[1]; c2:bw=17,experts=[2]; c5:bw=18,experts=[2]; c8:bw=14,experts=[2]; c6:bw=33,experts=[1,2,3]; c9:bw=10,experts=[2]; c1:bw=30,experts=[0,1,2]; c3:bw=24,experts=[1,2]
   61 | 0.01000 |   0.7277 |   81.58% |   82.78% |    0:54.41
      bandwidth/experts | c5:bw=27,experts=[1,2]; c6:bw=21,experts=[1,2]; c2:bw=16,experts=[2]; c9:bw=21,experts=[1,2]; c1:bw=19,experts=[1]; c3:bw=24,experts=[1,2]; c8:bw=31,experts=[1,2,3]; c4:bw=21,experts=[1,2]; c7:bw=24,experts=[1,2]; c0:bw=33,experts=[0,1,2]
   62 | 0.01000 |   0.7304 |   79.90% |   82.78% |    0:51.92
      bandwidth/experts | c8:bw=10,experts=[2]; c6:bw=35,experts=[1,2,3]; c9:bw=10,experts=[2]; c4:bw=33,experts=[0,1,2]; c5:bw=37,experts=[0,2,3]; c0:bw=16,experts=[1]; c3:bw=29,experts=[1,2]; c2:bw=23,experts=[1,2]; c1:bw=40,experts=[0,1,2,3]; c7:bw=25,experts=[1,2]
   63 | 0.01000 |   0.7289 |   80.99% |   82.78% |    0:52.34
      bandwidth/experts | c5:bw=10,experts=[2]; c9:bw=12,experts=[2]; c6:bw=19,experts=[1]; c3:bw=29,experts=[1,2]; c8:bw=18,experts=[2]; c1:bw=28,experts=[1,2]; c7:bw=38,experts=[1,2,3]; c0:bw=23,experts=[1,2]; c2:bw=15,experts=[2]; c4:bw=29,experts=[1,2]
   64 | 0.01000 |   0.7213 |   80.09% |   82.78% |    0:52.28
      bandwidth/experts | c6:bw=28,experts=[1,2]; c4:bw=21,experts=[1,2]; c5:bw=13,experts=[2]; c3:bw=21,experts=[1,2]; c7:bw=19,experts=[2]; c0:bw=18,experts=[1]; c8:bw=30,experts=[1,2,3]; c9:bw=33,experts=[0,1,2]; c2:bw=31,experts=[1,2,3]; c1:bw=16,experts=[1]
   65 | 0.01000 |   0.7268 |   79.68% |   82.78% |    0:52.35
      bandwidth/experts | c7:bw=10,experts=[2]; c5:bw=16,experts=[2]; c4:bw=32,experts=[0,1,2]; c6:bw=28,experts=[1,2]; c8:bw=37,experts=[1,2,3]; c3:bw=24,experts=[1,2]; c0:bw=23,experts=[1,2]; c2:bw=16,experts=[2]; c1:bw=32,experts=[0,1,2]; c9:bw=26,experts=[1,2]
   66 | 0.01000 |   0.7166 |   80.03% |   82.78% |    0:52.51
      bandwidth/experts | c2:bw=23,experts=[1,2]; c5:bw=10,experts=[2]; c1:bw=30,experts=[0,1,2]; c8:bw=13,experts=[2]; c9:bw=17,experts=[2]; c6:bw=16,experts=[1]; c4:bw=23,experts=[1,2]; c0:bw=21,experts=[1,2]; c3:bw=37,experts=[1,2,3]; c7:bw=28,experts=[1,2]
   67 | 0.01000 |   0.7280 |   74.82% |   82.78% |    0:52.14
      bandwidth/experts | c4:bw=28,experts=[1,2]; c5:bw=27,experts=[0,2]; c1:bw=20,experts=[1,2]; c3:bw=14,experts=[2]; c6:bw=29,experts=[1,2]; c0:bw=18,experts=[1]; c2:bw=24,experts=[1,2]; c9:bw=33,experts=[0,1,2]; c7:bw=33,experts=[0,1,2]; c8:bw=10,experts=[2]
   68 | 0.01000 |   0.7102 |   73.98% |   82.78% |    0:52.34
      bandwidth/experts | c1:bw=23,experts=[1,2]; c8:bw=17,experts=[2]; c2:bw=32,experts=[0,1,2]; c0:bw=17,experts=[1]; c3:bw=14,experts=[2]; c4:bw=27,experts=[1,2]; c5:bw=25,experts=[1,2]; c9:bw=10,experts=[2]; c7:bw=15,experts=[2]; c6:bw=18,experts=[1]
   69 | 0.01000 |   0.7566 |   74.39% |   82.78% |    0:52.36
      bandwidth/experts | c3:bw=23,experts=[1,2]; c7:bw=32,experts=[0,1,2]; c1:bw=17,experts=[1]; c4:bw=23,experts=[1,2]; c9:bw=20,experts=[1,2]; c5:bw=22,experts=[0,2]; c0:bw=29,experts=[1,2]; c2:bw=37,experts=[0,1,2]; c8:bw=23,experts=[2,3]; c6:bw=15,experts=[1]
   70 | 0.01000 |   0.7048 |   74.72% |   82.78% |    0:52.03
      bandwidth/experts | c1:bw=13,experts=[1]; c9:bw=10,experts=[2]; c7:bw=16,experts=[2]; c3:bw=18,experts=[2]; c0:bw=17,experts=[1]; c6:bw=14,experts=[1]; c2:bw=31,experts=[0,1,2]; c4:bw=32,experts=[1,2,3]; c5:bw=13,experts=[2]; c8:bw=27,experts=[1,2]
   71 | 0.01000 |   0.7560 |   76.50% |   82.78% |    0:52.22
      bandwidth/experts | c4:bw=24,experts=[1,2]; c0:bw=10,experts=[1]; c1:bw=29,experts=[1,2]; c9:bw=22,experts=[1,2]; c7:bw=11,experts=[2]; c5:bw=19,experts=[2]; c3:bw=34,experts=[1,2,3]; c6:bw=28,experts=[1,2]; c8:bw=21,experts=[2,3]; c2:bw=34,experts=[0,1,2]
   72 | 0.01000 |   0.6988 |   75.01% |   82.78% |    0:51.43
      bandwidth/experts | c8:bw=16,experts=[2]; c1:bw=22,experts=[1,2]; c5:bw=24,experts=[1,2]; c7:bw=27,experts=[1,2]; c6:bw=11,experts=[1]; c0:bw=29,experts=[1,2]; c3:bw=13,experts=[2]; c2:bw=13,experts=[2]; c9:bw=21,experts=[1,2]; c4:bw=22,experts=[1,2]
   73 | 0.01000 |   0.7624 |   78.25% |   82.78% |    0:50.96
      bandwidth/experts | c2:bw=26,experts=[1,2]; c8:bw=10,experts=[2]; c3:bw=22,experts=[1,2]; c1:bw=37,experts=[0,1,2]; c5:bw=10,experts=[2]; c9:bw=29,experts=[1,2]; c0:bw=16,experts=[1]; c7:bw=20,experts=[1,2]; c6:bw=11,experts=[1]; c4:bw=23,experts=[1,2]
   74 | 0.01000 |   0.7061 |   81.90% |   82.78% |    0:50.74
      bandwidth/experts | c3:bw=10,experts=[2]; c0:bw=22,experts=[1,2]; c1:bw=15,experts=[1]; c5:bw=28,experts=[1,2]; c7:bw=36,experts=[0,1,2]; c8:bw=16,experts=[2]; c6:bw=10,experts=[1]; c2:bw=10,experts=[2]; c4:bw=26,experts=[1,2]; c9:bw=18,experts=[2]
   75 | 0.01000 |   0.7227 |   81.17% |   82.78% |    0:52.56
      bandwidth/experts | c2:bw=22,experts=[1,2]; c9:bw=34,experts=[0,1,2]; c1:bw=30,experts=[0,1,2]; c3:bw=11,experts=[2]; c7:bw=16,experts=[2]; c6:bw=31,experts=[1,2,3]; c5:bw=17,experts=[2]; c4:bw=31,experts=[1,2,3]; c0:bw=34,experts=[0,1,2]; c8:bw=30,experts=[1,2,3]
   76 | 0.01000 |   0.6993 |   75.86% |   82.78% |    0:54.96
      bandwidth/experts | c8:bw=16,experts=[2]; c5:bw=21,experts=[1,2]; c0:bw=17,experts=[1]; c3:bw=10,experts=[2]; c2:bw=14,experts=[2]; c6:bw=13,experts=[1]; c7:bw=37,experts=[1,2,3]; c4:bw=34,experts=[0,1,2]; c9:bw=32,experts=[0,1,2]; c1:bw=30,experts=[0,1,2]
   77 | 0.01000 |   0.7324 |   80.98% |   82.78% |    0:59.94
      bandwidth/experts | c9:bw=16,experts=[2]; c2:bw=19,experts=[2]; c1:bw=35,experts=[0,1,2]; c8:bw=10,experts=[2]; c4:bw=10,experts=[1]; c7:bw=10,experts=[2]; c6:bw=32,experts=[1,2,3]; c0:bw=35,experts=[1,2,3]; c3:bw=22,experts=[1,2]; c5:bw=33,experts=[1,2,3]
   78 | 0.01000 |   0.6918 |   77.81% |   82.78% |    0:54.69
      bandwidth/experts | c0:bw=15,experts=[1]; c4:bw=13,experts=[1]; c3:bw=21,experts=[1,2]; c7:bw=20,experts=[1,2]; c8:bw=30,experts=[1,2,3]; c1:bw=23,experts=[1,2]; c9:bw=17,experts=[2]; c6:bw=32,experts=[1,2,3]; c5:bw=35,experts=[0,1,2]; c2:bw=19,experts=[2]
   79 | 0.01000 |   0.7356 |   78.66% |   82.78% |    0:51.99
      bandwidth/experts | c6:bw=12,experts=[1]; c9:bw=10,experts=[2]; c0:bw=20,experts=[1,2]; c4:bw=40,experts=[0,1,2,3]; c7:bw=25,experts=[1,2]; c8:bw=25,experts=[2,3]; c5:bw=29,experts=[1,2]; c3:bw=15,experts=[2]; c1:bw=21,experts=[1,2]; c2:bw=18,experts=[2]
   80 | 0.01000 |   0.6897 |   81.63% |   82.78% |    0:51.71
      bandwidth/experts | c5:bw=36,experts=[1,2,3]; c9:bw=29,experts=[1,2]; c7:bw=26,experts=[1,2]; c1:bw=17,experts=[1]; c3:bw=17,experts=[2]; c4:bw=32,experts=[0,1,2]; c2:bw=24,experts=[1,2]; c0:bw=26,experts=[1,2]; c6:bw=22,experts=[1,2]; c8:bw=28,experts=[1,2]
   81 | 0.01000 |   0.7117 |   82.14% |   82.78% |    0:55.52
      bandwidth/experts | c6:bw=29,experts=[1,2]; c2:bw=25,experts=[1,2]; c3:bw=37,experts=[1,2,3]; c1:bw=27,experts=[1,2]; c4:bw=23,experts=[1,2]; c5:bw=17,experts=[2]; c9:bw=15,experts=[2]; c7:bw=32,experts=[0,1,2]; c8:bw=26,experts=[1,2]; c0:bw=28,experts=[1,2]
   82 | 0.01000 |   0.6952 |   80.90% |   82.78% |    0:57.12
      bandwidth/experts | c1:bw=36,experts=[0,1,2]; c0:bw=17,experts=[1]; c6:bw=20,experts=[1,2]; c8:bw=32,experts=[1,2,3]; c7:bw=22,experts=[1,2]; c3:bw=22,experts=[1,2]; c2:bw=16,experts=[2]; c9:bw=31,experts=[0,1,2]; c5:bw=22,experts=[1,2]; c4:bw=16,experts=[1]
   83 | 0.01000 |   0.7025 |   80.47% |   82.78% |    1:00.28
      bandwidth/experts | c9:bw=29,experts=[1,2]; c4:bw=10,experts=[1]; c2:bw=23,experts=[1,2]; c7:bw=21,experts=[1,2]; c5:bw=10,experts=[2]; c0:bw=10,experts=[1]; c6:bw=29,experts=[1,2]; c1:bw=35,experts=[0,1,2]; c8:bw=22,experts=[1,2]; c3:bw=24,experts=[1,2]
   84 | 0.01000 |   0.6879 |   79.66% |   82.78% |    1:01.82
      bandwidth/experts | c8:bw=37,experts=[1,2,3]; c3:bw=18,experts=[2]; c1:bw=32,experts=[0,1,2]; c6:bw=10,experts=[1]; c9:bw=11,experts=[2]; c2:bw=20,experts=[1,2]; c7:bw=26,experts=[1,2]; c5:bw=11,experts=[2]; c4:bw=15,experts=[1]; c0:bw=10,experts=[1]
   85 | 0.01000 |   0.7112 |   81.67% |   82.78% |    1:00.80
      bandwidth/experts | c0:bw=21,experts=[1,2]; c2:bw=25,experts=[1,2]; c8:bw=39,experts=[1,2,3]; c6:bw=23,experts=[1,2]; c1:bw=31,experts=[0,1,2]; c4:bw=23,experts=[1,2]; c9:bw=32,experts=[0,1,2]; c3:bw=28,experts=[1,2]; c5:bw=10,experts=[2]; c7:bw=10,experts=[2]
   86 | 0.01000 |   0.6860 |   78.44% |   82.78% |    1:01.55
      bandwidth/experts | c5:bw=26,experts=[1,2]; c8:bw=15,experts=[2]; c2:bw=13,experts=[2]; c6:bw=31,experts=[1,2,3]; c0:bw=17,experts=[1]; c4:bw=10,experts=[1]; c7:bw=24,experts=[1,2]; c3:bw=15,experts=[2]; c1:bw=40,experts=[0,1,2,3]; c9:bw=24,experts=[1,2]
   87 | 0.01000 |   0.7109 |   78.73% |   82.78% |    1:01.49
      bandwidth/experts | c1:bw=16,experts=[1]; c2:bw=37,experts=[1,2,3]; c7:bw=12,experts=[2]; c5:bw=10,experts=[2]; c6:bw=33,experts=[1,2,3]; c3:bw=38,experts=[1,2,3]; c4:bw=19,experts=[1]; c9:bw=21,experts=[1,2]; c8:bw=26,experts=[1,2]; c0:bw=19,experts=[1]
   88 | 0.01000 |   0.6754 |   76.01% |   82.78% |    1:02.20
      bandwidth/experts | c8:bw=24,experts=[1,2]; c6:bw=15,experts=[1]; c3:bw=18,experts=[2]; c7:bw=23,experts=[1,2]; c0:bw=34,experts=[1,2,3]; c4:bw=21,experts=[1,2]; c9:bw=17,experts=[2]; c1:bw=16,experts=[1]; c5:bw=17,experts=[2]; c2:bw=25,experts=[1,2]
   89 | 0.01000 |   0.7252 |   77.07% |   82.78% |    1:01.56
      bandwidth/experts | c3:bw=17,experts=[2]; c8:bw=40,experts=[0,1,2,3]; c2:bw=25,experts=[1,2]; c9:bw=34,experts=[0,1,2]; c7:bw=12,experts=[2]; c5:bw=25,experts=[0,2]; c0:bw=10,experts=[1]; c6:bw=18,experts=[1]; c4:bw=17,experts=[1]; c1:bw=23,experts=[1,2]
   90 | 0.01000 |   0.6754 |   79.45% |   82.78% |    0:57.46
      bandwidth/experts | c7:bw=40,experts=[0,1,2,3]; c1:bw=17,experts=[1]; c3:bw=20,experts=[1,2]; c9:bw=35,experts=[0,1,2]; c0:bw=35,experts=[1,2,3]; c6:bw=14,experts=[1]; c2:bw=12,experts=[2]; c5:bw=15,experts=[2]; c8:bw=28,experts=[1,2]; c4:bw=20,experts=[1,2]
   91 | 0.01000 |   0.7164 |   79.76% |   82.78% |    0:56.51
      bandwidth/experts | c1:bw=28,experts=[1,2]; c9:bw=19,experts=[2]; c5:bw=29,experts=[1,2]; c7:bw=29,experts=[1,2]; c3:bw=22,experts=[1,2]; c4:bw=30,experts=[0,1,2]; c0:bw=12,experts=[1]; c6:bw=16,experts=[1]; c2:bw=10,experts=[2]; c8:bw=13,experts=[2]
   92 | 0.01000 |   0.6771 |   79.88% |   82.78% |    0:56.13
      bandwidth/experts | c3:bw=16,experts=[2]; c7:bw=19,experts=[2]; c1:bw=11,experts=[1]; c0:bw=16,experts=[1]; c8:bw=11,experts=[2]; c6:bw=25,experts=[1,2]; c9:bw=31,experts=[0,1,2]; c2:bw=14,experts=[2]; c5:bw=37,experts=[1,2,3]; c4:bw=15,experts=[1]
   93 | 0.01000 |   0.7057 |   78.94% |   82.78% |    0:56.11
      bandwidth/experts | c1:bw=26,experts=[1,2]; c3:bw=17,experts=[2]; c7:bw=12,experts=[2]; c9:bw=32,experts=[0,1,2]; c6:bw=12,experts=[1]; c8:bw=10,experts=[2]; c5:bw=10,experts=[2]; c4:bw=18,experts=[1]; c0:bw=10,experts=[1]; c2:bw=28,experts=[1,2]
   94 | 0.01000 |   0.6664 |   76.48% |   82.78% |    1:00.13
      bandwidth/experts | c7:bw=25,experts=[1,2]; c2:bw=36,experts=[0,1,2]; c5:bw=23,experts=[1,2]; c4:bw=17,experts=[1]; c6:bw=17,experts=[1]; c9:bw=28,experts=[1,2]; c1:bw=39,experts=[0,1,2]; c8:bw=10,experts=[2]; c0:bw=31,experts=[1,2,3]; c3:bw=19,experts=[2]
   95 | 0.01000 |   0.7175 |   78.46% |   82.78% |    1:00.45
      bandwidth/experts | c7:bw=33,experts=[0,1,2]; c9:bw=23,experts=[1,2]; c4:bw=10,experts=[1]; c6:bw=22,experts=[1,2]; c0:bw=19,experts=[1]; c3:bw=23,experts=[1,2]; c1:bw=17,experts=[1]; c8:bw=40,experts=[0,1,2,3]; c2:bw=13,experts=[2]; c5:bw=10,experts=[2]
   96 | 0.01000 |   0.6649 |   76.38% |   82.78% |    1:00.19
      bandwidth/experts | c2:bw=36,experts=[0,1,2]; c9:bw=25,experts=[1,2]; c3:bw=25,experts=[1,2]; c1:bw=20,experts=[1,2]; c5:bw=33,experts=[0,1,2]; c4:bw=27,experts=[1,2]; c6:bw=17,experts=[1]; c7:bw=28,experts=[1,2]; c0:bw=20,experts=[1,2]; c8:bw=36,experts=[1,2,3]
   97 | 0.01000 |   0.7244 |   80.95% |   82.78% |    1:00.32
      bandwidth/experts | c0:bw=23,experts=[1,2]; c9:bw=24,experts=[1,2]; c8:bw=24,experts=[1,2]; c4:bw=10,experts=[1]; c7:bw=17,experts=[2]; c1:bw=28,experts=[1,2]; c3:bw=19,experts=[2]; c5:bw=26,experts=[1,2]; c6:bw=28,experts=[1,2]; c2:bw=30,experts=[0,1,2]
   98 | 0.01000 |   0.6707 |   80.72% |   82.78% |    1:00.05
      bandwidth/experts | c4:bw=29,experts=[1,2]; c8:bw=30,experts=[1,2,3]; c9:bw=15,experts=[2]; c7:bw=13,experts=[2]; c6:bw=20,experts=[1,2]; c5:bw=27,experts=[1,2]; c0:bw=19,experts=[1]; c3:bw=14,experts=[2]; c1:bw=15,experts=[1]; c2:bw=13,experts=[2]
   99 | 0.01000 |   0.6936 |   80.96% |   82.78% |    0:59.81
      bandwidth/experts | c8:bw=19,experts=[2]; c5:bw=27,experts=[1,2]; c7:bw=25,experts=[1,2]; c1:bw=33,experts=[0,1,2]; c3:bw=21,experts=[1,2]; c9:bw=11,experts=[2]; c4:bw=14,experts=[1]; c0:bw=22,experts=[1,2]; c2:bw=17,experts=[2]; c6:bw=19,experts=[1]
  100 | 0.01000 |   0.6681 |   79.22% |   82.78% |    0:59.75
      bandwidth/experts | c2:bw=17,experts=[2]; c8:bw=25,experts=[1,2]; c9:bw=29,experts=[1,2]; c5:bw=10,experts=[2]; c6:bw=25,experts=[1,2]; c1:bw=10,experts=[1]; c4:bw=36,experts=[0,1,2]; c7:bw=10,experts=[2]; c3:bw=23,experts=[1,2]; c0:bw=36,experts=[1,2,3]

Done. Best Acc: 82.78% @ round 58
Total time: 1:28:11.91
[Export] 实验目录: /userhome/cs3/duanty/FedMoE/results/20260918-070936
[Export] 每轮明细: /userhome/cs3/duanty/FedMoE/results/20260918-070936/rounds.xlsx
[Export] 总体摘要: /userhome/cs3/duanty/FedMoE/results/20260918-070936/summary.xlsx
[Plot] result = /userhome/cs3/duanty/FedMoE/results/20260918-070936
[Plot] figures -> /userhome/cs3/duanty/FedMoE/results/20260918-070936/figure
  fig01_test_accuracy.pdf
  fig02_train_loss.pdf
  fig03_acc_and_loss.pdf
  fig04_bandwidth_and_k.pdf
  fig05_expert_round_heatmap.pdf
  fig06_client_expert_heatmap.pdf
  fig07_expert_frequency.pdf
  fig08_time_breakdown.pdf
  fig09_accuracy_vs_communication.pdf
  fig10_overview.pdf
[Export] 图片目录: /userhome/cs3/duanty/FedMoE/results/20260918-070936/figure
