========================================
Job    : c10-resnet-e8-fedrolex
Host   : gpu-4090-104
Date   : Sun Sep 20 02:37:55 HKT 2026
GPU    : 0
Python : /userhome/cs3/duanty/miniconda3/envs/moe/bin/python
Command: python -u main.py --method ours --dataset cifar10 --backbone resnet --select fedrolex --merge ours --device cuda --num_experts 8
========================================

==================================================================
 Ours  
  Dataset=cifar10 | beta=0.1 | Backbone=resnet | width_mult=1 | Clients=10 | Experts=8
  Select=fedrolex | Merge=ours
  Rounds=100 | LR=0.01
  Bandwidth: expert_bw=10 | bw=[10, 40] | Rayleigh-Shannon, SNR=10 dB | k=floor(bw/10)
==================================================================


[Partition] Dirichlet beta=0.1, 10 clients
  Client 0:   6071 samples | 3/10 classes
  Client 1:  18481 samples | 7/10 classes
  Client 2:    174 samples | 3/10 classes
  Client 3:    462 samples | 3/10 classes
  Client 4:   2759 samples | 3/10 classes
  Client 5:   5740 samples | 7/10 classes
  Client 6:   1703 samples | 4/10 classes
  Client 7:   3407 samples | 7/10 classes
  Client 8:   6483 samples | 7/10 classes
  Client 9:   4720 samples | 10/10 classes

[Upload] expert_bw=10 | available bw=[10, 40] | Rayleigh-Shannon, SNR=10 dB | upload k=floor(bw/10), cap=8 | rolling-window expert selection

[Model] Total params: 13,315,216

[Export] 本次实验目录: /userhome/cs3/duanty/FedMoE/results/20260920-023802-2

Round |      LR |  AvgLoss |  TestAcc |     Best |  RoundTime
--------------------------------------------------------------------------------
    1 | 0.00208 |   1.6136 |   18.07% |   18.07% |    1:09.78
      bandwidth/experts | c8:bw=31,experts=[0,1,2]; c1:bw=16,experts=[1]; c5:bw=25,experts=[5,6]; c0:bw=10,experts=[0]; c7:bw=11,experts=[7]; c2:bw=16,experts=[2]; c9:bw=25,experts=[1,2]; c4:bw=22,experts=[4,5]; c3:bw=28,experts=[3,4]; c6:bw=23,experts=[6,7]
    2 | 0.00406 |   1.4562 |   19.35% |   19.35% |    1:09.86
      bandwidth/experts | c0:bw=20,experts=[1,2]; c1:bw=23,experts=[2,3]; c8:bw=27,experts=[3,4]; c5:bw=38,experts=[0,1,7]; c3:bw=37,experts=[5,6,7]; c4:bw=17,experts=[6]; c7:bw=31,experts=[0,1,2]; c9:bw=26,experts=[3,4]; c6:bw=10,experts=[0]; c2:bw=12,experts=[3]
    3 | 0.00604 |   1.2950 |   31.85% |   31.85% |    1:05.78
      bandwidth/experts | c9:bw=26,experts=[5,6]; c2:bw=23,experts=[4,5]; c0:bw=28,experts=[3,4]; c6:bw=22,experts=[1,2]; c8:bw=17,experts=[5]; c5:bw=10,experts=[2]; c3:bw=14,experts=[0]; c7:bw=18,experts=[3]; c1:bw=10,experts=[4]; c4:bw=29,experts=[0,7]
    4 | 0.00802 |   1.5103 |   16.36% |   31.85% |    1:05.72
      bandwidth/experts | c1:bw=22,experts=[5,6]; c7:bw=25,experts=[4,5]; c6:bw=29,experts=[3,4]; c2:bw=33,experts=[0,6,7]; c8:bw=17,experts=[6]; c0:bw=33,experts=[5,6,7]; c3:bw=19,experts=[1]; c4:bw=31,experts=[1,2,3]; c5:bw=40,experts=[3,4,5,6]; c9:bw=12,experts=[7]
    5 | 0.01000 |   1.1606 |   20.13% |   31.85% |    1:07.67
      bandwidth/experts | c1:bw=11,experts=[7]; c5:bw=22,experts=[0,7]; c4:bw=27,experts=[4,5]; c8:bw=20,experts=[0,7]; c0:bw=28,experts=[0,1]; c7:bw=14,experts=[6]; c6:bw=29,experts=[5,6]; c3:bw=35,experts=[2,3,4]; c2:bw=10,experts=[1]; c9:bw=35,experts=[0,1,2]
    6 | 0.01000 |   1.2088 |    9.65% |   31.85% |    1:07.97
      bandwidth/experts | c8:bw=37,experts=[1,2,3]; c2:bw=23,experts=[2,3]; c5:bw=15,experts=[1]; c7:bw=32,experts=[0,1,7]; c3:bw=20,experts=[5,6]; c1:bw=18,experts=[0]; c9:bw=27,experts=[3,4]; c0:bw=17,experts=[2]; c4:bw=10,experts=[6]; c6:bw=11,experts=[7]
    7 | 0.01000 |   1.3281 |   38.45% |   38.45% |    1:08.59
      bandwidth/experts | c0:bw=20,experts=[3,4]; c5:bw=27,experts=[2,3]; c2:bw=22,experts=[4,5]; c6:bw=10,experts=[0]; c3:bw=15,experts=[7]; c7:bw=17,experts=[2]; c4:bw=10,experts=[7]; c1:bw=10,experts=[1]; c8:bw=32,experts=[4,5,6]; c9:bw=10,experts=[5]
    8 | 0.01000 |   1.3208 |   19.55% |   38.45% |    1:06.04
      bandwidth/experts | c4:bw=10,experts=[0]; c8:bw=20,experts=[0,7]; c1:bw=32,experts=[2,3,4]; c3:bw=21,experts=[0,1]; c0:bw=18,experts=[5]; c5:bw=16,experts=[4]; c2:bw=30,experts=[0,6,7]; c9:bw=33,experts=[0,6,7]; c7:bw=10,experts=[3]; c6:bw=23,experts=[1,2]
    9 | 0.01000 |   1.0918 |   29.15% |   38.45% |    1:14.06
      bandwidth/experts | c2:bw=12,experts=[1]; c0:bw=29,experts=[6,7]; c4:bw=33,experts=[1,2,3]; c9:bw=15,experts=[1]; c8:bw=10,experts=[1]; c6:bw=17,experts=[3]; c7:bw=25,experts=[4,5]; c5:bw=29,experts=[5,6]; c1:bw=10,experts=[5]; c3:bw=13,experts=[2]
   10 | 0.01000 |   1.2867 |   40.45% |   40.45% |    1:09.04
      bandwidth/experts | c4:bw=20,experts=[4,5]; c2:bw=19,experts=[2]; c7:bw=21,experts=[6,7]; c0:bw=33,experts=[0,1,2]; c6:bw=36,experts=[4,5,6]; c3:bw=26,experts=[3,4]; c5:bw=32,experts=[0,1,7]; c8:bw=20,experts=[2,3]; c9:bw=20,experts=[2,3]; c1:bw=23,experts=[6,7]
   11 | 0.01000 |   1.1756 |   22.03% |   40.45% |    1:06.97
      bandwidth/experts | c5:bw=15,experts=[2]; c2:bw=15,experts=[3]; c7:bw=24,experts=[0,1]; c3:bw=28,experts=[5,6]; c0:bw=16,experts=[3]; c8:bw=22,experts=[4,5]; c9:bw=18,experts=[4]; c6:bw=31,experts=[0,1,7]; c1:bw=22,experts=[0,1]; c4:bw=10,experts=[6]
   12 | 0.01000 |   1.1265 |   46.73% |   46.73% |    1:08.45
      bandwidth/experts | c1:bw=24,experts=[2,3]; c5:bw=31,experts=[3,4,5]; c2:bw=32,experts=[4,5,6]; c4:bw=16,experts=[7]; c3:bw=19,experts=[7]; c7:bw=16,experts=[2]; c9:bw=23,experts=[5,6]; c6:bw=16,experts=[2]; c8:bw=31,experts=[0,6,7]; c0:bw=27,experts=[4,5]
   13 | 0.01000 |   1.0618 |   44.36% |   46.73% |    1:05.18
      bandwidth/experts | c3:bw=17,experts=[0]; c1:bw=26,experts=[4,5]; c4:bw=10,experts=[0]; c5:bw=16,experts=[6]; c8:bw=10,experts=[1]; c6:bw=20,experts=[3,4]; c9:bw=10,experts=[7]; c7:bw=32,experts=[3,4,5]; c0:bw=14,experts=[6]; c2:bw=10,experts=[7]
   14 | 0.01000 |   1.0545 |   46.54% |   46.73% |    1:08.60
      bandwidth/experts | c2:bw=25,experts=[0,1]; c4:bw=10,experts=[1]; c5:bw=36,experts=[0,1,7]; c1:bw=21,experts=[6,7]; c7:bw=14,experts=[6]; c0:bw=14,experts=[7]; c9:bw=18,experts=[0]; c3:bw=25,experts=[1,2]; c8:bw=12,experts=[2]; c6:bw=37,experts=[5,6,7]
   15 | 0.01000 |   1.1514 |   53.97% |   53.97% |    1:05.92
      bandwidth/experts | c7:bw=33,experts=[0,1,7]; c0:bw=11,experts=[0]; c1:bw=10,experts=[0]; c8:bw=29,experts=[3,4]; c3:bw=10,experts=[3]; c2:bw=29,experts=[2,3]; c4:bw=26,experts=[2,3]; c5:bw=10,experts=[2]; c9:bw=11,experts=[1]; c6:bw=18,experts=[0]
   16 | 0.01000 |   0.8978 |   56.01% |   56.01% |    1:09.49
      bandwidth/experts | c6:bw=22,experts=[1,2]; c1:bw=16,experts=[1]; c3:bw=24,experts=[4,5]; c8:bw=27,experts=[5,6]; c7:bw=12,experts=[2]; c5:bw=22,experts=[3,4]; c4:bw=20,experts=[4,5]; c9:bw=13,experts=[2]; c0:bw=32,experts=[1,2,3]; c2:bw=29,experts=[4,5]
   17 | 0.01000 |   0.9304 |   22.42% |   56.01% |    1:06.24
      bandwidth/experts | c4:bw=32,experts=[0,6,7]; c7:bw=14,experts=[3]; c8:bw=10,experts=[7]; c3:bw=29,experts=[6,7]; c5:bw=10,experts=[5]; c1:bw=16,experts=[2]; c0:bw=10,experts=[4]; c2:bw=11,experts=[6]; c9:bw=21,experts=[3,4]; c6:bw=21,experts=[3,4]
   18 | 0.01000 |   1.1981 |   51.44% |   56.01% |    1:07.93
      bandwidth/experts | c1:bw=10,experts=[3]; c8:bw=10,experts=[0]; c5:bw=19,experts=[6]; c2:bw=21,experts=[0,7]; c9:bw=10,experts=[5]; c7:bw=30,experts=[4,5,6]; c4:bw=31,experts=[1,2,3]; c3:bw=21,experts=[0,1]; c0:bw=27,experts=[5,6]; c6:bw=17,experts=[5]
   19 | 0.01000 |   1.0055 |   31.37% |   56.01% |    1:06.45
      bandwidth/experts | c8:bw=31,experts=[1,2,3]; c0:bw=23,experts=[0,7]; c4:bw=28,experts=[4,5]; c1:bw=26,experts=[4,5]; c9:bw=21,experts=[6,7]; c5:bw=16,experts=[7]; c7:bw=12,experts=[7]; c2:bw=10,experts=[1]; c6:bw=36,experts=[0,6,7]; c3:bw=22,experts=[2,3]
   20 | 0.01000 |   0.9284 |   47.65% |   56.01% |    1:08.15
      bandwidth/experts | c0:bw=15,experts=[1]; c2:bw=23,experts=[2,3]; c1:bw=22,experts=[6,7]; c9:bw=10,experts=[0]; c7:bw=24,experts=[0,1]; c6:bw=38,experts=[1,2,3]; c3:bw=10,experts=[4]; c5:bw=10,experts=[0]; c4:bw=33,experts=[0,6,7]; c8:bw=28,experts=[4,5]
   21 | 0.01000 |   1.0766 |   40.16% |   56.01% |    1:09.69
      bandwidth/experts | c1:bw=23,experts=[0,1]; c2:bw=22,experts=[4,5]; c7:bw=10,experts=[2]; c4:bw=26,experts=[1,2]; c8:bw=10,experts=[6]; c5:bw=18,experts=[1]; c0:bw=37,experts=[2,3,4]; c3:bw=10,experts=[5]; c6:bw=10,experts=[4]; c9:bw=14,experts=[1]
   22 | 0.01000 |   0.9351 |   48.56% |   56.01% |    1:07.74
      bandwidth/experts | c7:bw=10,experts=[3]; c9:bw=18,experts=[2]; c1:bw=10,experts=[2]; c6:bw=34,experts=[5,6,7]; c5:bw=10,experts=[2]; c2:bw=37,experts=[0,6,7]; c0:bw=37,experts=[5,6,7]; c4:bw=20,experts=[3,4]; c3:bw=31,experts=[0,6,7]; c8:bw=18,experts=[7]
   23 | 0.01000 |   1.1080 |   36.40% |   56.01% |    1:04.37
      bandwidth/experts | c5:bw=29,experts=[3,4]; c7:bw=10,experts=[4]; c4:bw=31,experts=[5,6,7]; c6:bw=10,experts=[0]; c9:bw=28,experts=[3,4]; c8:bw=19,experts=[0]; c3:bw=10,experts=[1]; c1:bw=34,experts=[3,4,5]; c2:bw=18,experts=[1]; c0:bw=10,experts=[0]
   24 | 0.01000 |   1.0180 |   49.55% |   56.01% |    1:06.25
      bandwidth/experts | c6:bw=17,experts=[1]; c4:bw=10,experts=[0]; c7:bw=10,experts=[5]; c9:bw=28,experts=[5,6]; c2:bw=24,experts=[2,3]; c1:bw=10,experts=[6]; c5:bw=14,experts=[5]; c8:bw=10,experts=[1]; c3:bw=10,experts=[2]; c0:bw=17,experts=[1]
   25 | 0.01000 |   1.0370 |   46.30% |   56.01% |    1:08.18
      bandwidth/experts | c9:bw=22,experts=[0,7]; c6:bw=10,experts=[2]; c4:bw=32,experts=[1,2,3]; c3:bw=10,experts=[3]; c5:bw=35,experts=[0,6,7]; c1:bw=27,experts=[0,7]; c8:bw=30,experts=[2,3,4]; c2:bw=10,experts=[4]; c0:bw=31,experts=[2,3,4]; c7:bw=22,experts=[6,7]
   26 | 0.01000 |   1.0001 |   35.76% |   56.01% |    1:06.92
      bandwidth/experts | c3:bw=25,experts=[4,5]; c6:bw=19,experts=[3]; c9:bw=28,experts=[1,2]; c7:bw=17,experts=[0]; c1:bw=18,experts=[1]; c5:bw=11,experts=[1]; c2:bw=17,experts=[5]; c8:bw=30,experts=[5,6,7]; c0:bw=10,experts=[5]; c4:bw=26,experts=[4,5]
   27 | 0.01000 |   0.9370 |   39.67% |   56.01% |    0:54.40
      bandwidth/experts | c7:bw=29,experts=[1,2]; c1:bw=34,experts=[2,3,4]; c4:bw=10,experts=[6]; c0:bw=20,experts=[6,7]; c9:bw=10,experts=[3]; c2:bw=11,experts=[6]; c8:bw=31,experts=[0,1,2]; c3:bw=12,experts=[6]; c6:bw=35,experts=[4,5,6]; c5:bw=20,experts=[2,3]
   28 | 0.01000 |   1.1496 |   51.50% |   56.01% |    0:49.96
      bandwidth/experts | c6:bw=16,experts=[7]; c9:bw=27,experts=[4,5]; c0:bw=26,experts=[0,1]; c8:bw=16,experts=[3]; c2:bw=10,experts=[7]; c5:bw=18,experts=[4]; c1:bw=14,experts=[5]; c3:bw=10,experts=[7]; c4:bw=10,experts=[7]; c7:bw=10,experts=[3]
   29 | 0.01000 |   1.0176 |   56.10% |   56.10% |    0:49.01
      bandwidth/experts | c4:bw=21,experts=[0,1]; c0:bw=24,experts=[2,3]; c1:bw=18,experts=[6]; c9:bw=24,experts=[6,7]; c6:bw=24,experts=[0,1]; c8:bw=19,experts=[4]; c7:bw=12,experts=[4]; c3:bw=18,experts=[0]; c2:bw=10,experts=[0]; c5:bw=19,experts=[5]
   30 | 0.01000 |   0.9917 |   47.83% |   56.10% |    0:49.10
      bandwidth/experts | c5:bw=34,experts=[0,6,7]; c1:bw=20,experts=[0,7]; c9:bw=30,experts=[0,1,2]; c4:bw=29,experts=[2,3]; c0:bw=10,experts=[4]; c8:bw=23,experts=[5,6]; c6:bw=10,experts=[2]; c7:bw=10,experts=[5]; c3:bw=33,experts=[1,2,3]; c2:bw=15,experts=[1]
   31 | 0.01000 |   0.8909 |   55.60% |   56.10% |    0:49.64
      bandwidth/experts | c6:bw=16,experts=[3]; c4:bw=11,experts=[4]; c9:bw=25,experts=[3,4]; c1:bw=17,experts=[1]; c5:bw=34,experts=[1,2,3]; c8:bw=18,experts=[7]; c3:bw=13,experts=[4]; c2:bw=10,experts=[2]; c0:bw=26,experts=[5,6]; c7:bw=35,experts=[0,6,7]
   32 | 0.01000 |   1.0159 |   47.77% |   56.10% |    0:49.15
      bandwidth/experts | c8:bw=12,experts=[0]; c5:bw=20,experts=[4,5]; c4:bw=27,experts=[5,6]; c7:bw=26,experts=[1,2]; c0:bw=25,experts=[0,7]; c1:bw=12,experts=[2]; c3:bw=16,experts=[5]; c6:bw=15,experts=[4]; c2:bw=30,experts=[3,4,5]; c9:bw=17,experts=[5]
   33 | 0.01000 |   0.9897 |   41.45% |   56.10% |    0:50.85
      bandwidth/experts | c7:bw=29,experts=[3,4]; c1:bw=19,experts=[3]; c3:bw=39,experts=[0,6,7]; c6:bw=20,experts=[5,6]; c5:bw=16,experts=[6]; c9:bw=23,experts=[6,7]; c2:bw=13,experts=[6]; c8:bw=28,experts=[1,2]; c4:bw=25,experts=[0,7]; c0:bw=35,experts=[1,2,3]
   34 | 0.01000 |   0.9040 |   60.20% |   60.20% |    0:49.63
      bandwidth/experts | c4:bw=26,experts=[1,2]; c1:bw=26,experts=[4,5]; c6:bw=27,experts=[0,7]; c9:bw=38,experts=[0,1,2]; c8:bw=23,experts=[3,4]; c0:bw=12,experts=[4]; c5:bw=33,experts=[0,1,7]; c7:bw=18,experts=[5]; c3:bw=40,experts=[1,2,3,4]; c2:bw=30,experts=[0,1,7]
   35 | 0.01000 |   0.9795 |   36.74% |   60.20% |    0:49.39
      bandwidth/experts | c4:bw=18,experts=[3]; c0:bw=11,experts=[5]; c1:bw=17,experts=[6]; c6:bw=24,experts=[1,2]; c2:bw=25,experts=[2,3]; c8:bw=28,experts=[5,6]; c9:bw=15,experts=[3]; c7:bw=27,experts=[6,7]; c5:bw=23,experts=[2,3]; c3:bw=13,experts=[5]
   36 | 0.01000 |   0.9835 |   53.65% |   60.20% |    0:51.13
      bandwidth/experts | c9:bw=21,experts=[4,5]; c0:bw=20,experts=[6,7]; c3:bw=33,experts=[0,6,7]; c7:bw=15,experts=[0]; c6:bw=24,experts=[3,4]; c5:bw=27,experts=[4,5]; c1:bw=10,experts=[7]; c4:bw=40,experts=[4,5,6,7]; c8:bw=28,experts=[0,7]; c2:bw=28,experts=[4,5]
   37 | 0.01000 |   0.8875 |   54.92% |   60.20% |    0:49.01
      bandwidth/experts | c1:bw=10,experts=[0]; c5:bw=22,experts=[6,7]; c2:bw=20,experts=[6,7]; c6:bw=36,experts=[5,6,7]; c4:bw=22,experts=[0,1]; c7:bw=23,experts=[1,2]; c9:bw=22,experts=[6,7]; c0:bw=30,experts=[0,1,2]; c3:bw=20,experts=[1,2]; c8:bw=10,experts=[1]
   38 | 0.01000 |   0.9632 |   51.12% |   60.20% |    0:49.26
      bandwidth/experts | c8:bw=25,experts=[2,3]; c6:bw=10,experts=[0]; c4:bw=29,experts=[2,3]; c1:bw=17,experts=[1]; c5:bw=10,experts=[0]; c2:bw=10,experts=[0]; c3:bw=21,experts=[3,4]; c7:bw=28,experts=[3,4]; c9:bw=14,experts=[0]; c0:bw=22,experts=[3,4]
   39 | 0.01000 |   0.8727 |   45.35% |   60.20% |    0:49.36
      bandwidth/experts | c3:bw=14,experts=[5]; c0:bw=10,experts=[5]; c1:bw=25,experts=[2,3]; c7:bw=22,experts=[5,6]; c6:bw=17,experts=[1]; c8:bw=25,experts=[4,5]; c2:bw=20,experts=[1,2]; c4:bw=20,experts=[4,5]; c9:bw=13,experts=[1]; c5:bw=40,experts=[1,2,3,4]
   40 | 0.01000 |   0.8783 |   48.36% |   60.20% |    0:48.93
      bandwidth/experts | c8:bw=14,experts=[6]; c1:bw=23,experts=[4,5]; c5:bw=18,experts=[5]; c6:bw=26,experts=[2,3]; c2:bw=36,experts=[3,4,5]; c7:bw=37,experts=[0,1,7]; c3:bw=10,experts=[6]; c4:bw=11,experts=[6]; c9:bw=22,experts=[2,3]; c0:bw=20,experts=[6,7]
   41 | 0.01000 |   1.0122 |   55.41% |   60.20% |    0:48.85
      bandwidth/experts | c2:bw=30,experts=[0,6,7]; c6:bw=10,experts=[4]; c8:bw=31,experts=[0,1,7]; c1:bw=10,experts=[6]; c4:bw=28,experts=[0,7]; c5:bw=34,experts=[0,6,7]; c7:bw=38,experts=[2,3,4]; c3:bw=22,experts=[0,7]; c9:bw=30,experts=[4,5,6]; c0:bw=10,experts=[0]
   42 | 0.01000 |   0.9716 |   63.77% |   63.77% |    0:49.30
      bandwidth/experts | c5:bw=28,experts=[1,2]; c1:bw=27,experts=[0,7]; c3:bw=27,experts=[1,2]; c9:bw=28,experts=[0,7]; c6:bw=19,experts=[5]; c0:bw=10,experts=[1]; c7:bw=11,experts=[5]; c4:bw=30,experts=[1,2,3]; c8:bw=23,experts=[2,3]; c2:bw=22,experts=[1,2]
   43 | 0.01000 |   0.8560 |   64.23% |   64.23% |    0:51.04
      bandwidth/experts | c5:bw=29,experts=[3,4]; c1:bw=32,experts=[1,2,3]; c2:bw=28,experts=[3,4]; c8:bw=25,experts=[4,5]; c9:bw=18,experts=[1]; c7:bw=12,experts=[6]; c4:bw=19,experts=[4]; c6:bw=10,experts=[6]; c3:bw=36,experts=[3,4,5]; c0:bw=12,experts=[2]
   44 | 0.01000 |   0.8686 |   44.07% |   64.23% |    0:48.87
      bandwidth/experts | c0:bw=37,experts=[3,4,5]; c3:bw=26,experts=[6,7]; c4:bw=16,experts=[5]; c2:bw=20,experts=[5,6]; c7:bw=40,experts=[0,1,2,7]; c5:bw=13,experts=[5]; c6:bw=11,experts=[7]; c9:bw=21,experts=[2,3]; c8:bw=19,experts=[6]; c1:bw=25,experts=[4,5]
   45 | 0.01000 |   0.8155 |   62.58% |   64.23% |    0:49.25
      bandwidth/experts | c8:bw=31,experts=[0,1,7]; c0:bw=20,experts=[6,7]; c3:bw=37,experts=[0,1,2]; c4:bw=36,experts=[0,6,7]; c7:bw=20,experts=[3,4]; c2:bw=27,experts=[0,7]; c9:bw=14,experts=[4]; c6:bw=10,experts=[0]; c5:bw=25,experts=[6,7]; c1:bw=31,experts=[0,6,7]
   46 | 0.01000 |   0.9079 |   61.52% |   64.23% |    0:49.82
      bandwidth/experts | c9:bw=20,experts=[5,6]; c3:bw=15,experts=[3]; c6:bw=21,experts=[1,2]; c1:bw=23,experts=[1,2]; c4:bw=35,experts=[1,2,3]; c5:bw=23,experts=[0,1]; c2:bw=32,experts=[1,2,3]; c8:bw=22,experts=[2,3]; c0:bw=30,experts=[0,1,2]; c7:bw=16,experts=[5]
   47 | 0.01000 |   0.8331 |   46.96% |   64.23% |    0:49.24
      bandwidth/experts | c5:bw=29,experts=[2,3]; c6:bw=12,experts=[3]; c7:bw=29,experts=[6,7]; c9:bw=10,experts=[7]; c8:bw=22,experts=[4,5]; c3:bw=39,experts=[4,5,6]; c4:bw=10,experts=[4]; c0:bw=25,experts=[3,4]; c1:bw=17,experts=[3]; c2:bw=30,experts=[4,5,6]
   48 | 0.01000 |   0.8077 |   68.63% |   68.63% |    0:49.45
      bandwidth/experts | c1:bw=28,experts=[4,5]; c8:bw=28,experts=[6,7]; c4:bw=37,experts=[5,6,7]; c2:bw=31,experts=[0,1,7]; c9:bw=29,experts=[0,1]; c6:bw=25,experts=[4,5]; c5:bw=31,experts=[4,5,6]; c7:bw=35,experts=[0,1,2]; c0:bw=10,experts=[5]; c3:bw=10,experts=[7]
   49 | 0.01000 |   0.8422 |   70.49% |   70.49% |    0:49.04
      bandwidth/experts | c4:bw=27,experts=[0,1]; c3:bw=18,experts=[0]; c8:bw=15,experts=[0]; c0:bw=11,experts=[6]; c2:bw=32,experts=[2,3,4]; c5:bw=31,experts=[0,1,7]; c6:bw=10,experts=[6]; c7:bw=24,experts=[3,4]; c9:bw=29,experts=[2,3]; c1:bw=30,experts=[0,6,7]
   50 | 0.01000 |   0.7945 |   68.68% |   70.49% |    0:49.15
      bandwidth/experts | c8:bw=18,experts=[1]; c4:bw=10,experts=[2]; c7:bw=19,experts=[5]; c6:bw=38,experts=[0,1,7]; c2:bw=35,experts=[5,6,7]; c1:bw=36,experts=[1,2,3]; c3:bw=22,experts=[1,2]; c0:bw=16,experts=[7]; c9:bw=15,experts=[4]; c5:bw=17,experts=[2]
   51 | 0.01000 |   0.7905 |   66.47% |   70.49% |    0:49.58
      bandwidth/experts | c5:bw=26,experts=[3,4]; c0:bw=30,experts=[0,1,2]; c1:bw=12,experts=[4]; c2:bw=11,experts=[0]; c8:bw=26,experts=[2,3]; c6:bw=29,experts=[2,3]; c9:bw=10,experts=[5]; c3:bw=31,experts=[3,4,5]; c4:bw=10,experts=[3]; c7:bw=15,experts=[6]
   52 | 0.01000 |   0.8635 |   62.37% |   70.49% |    0:49.82
      bandwidth/experts | c0:bw=26,experts=[3,4]; c8:bw=10,experts=[4]; c5:bw=13,experts=[5]; c7:bw=19,experts=[7]; c1:bw=22,experts=[5,6]; c4:bw=18,experts=[4]; c9:bw=17,experts=[6]; c6:bw=28,experts=[4,5]; c2:bw=16,experts=[1]; c3:bw=24,experts=[6,7]
   53 | 0.01000 |   0.8460 |   56.58% |   70.49% |    0:49.32
      bandwidth/experts | c8:bw=12,experts=[5]; c4:bw=16,experts=[5]; c5:bw=24,experts=[6,7]; c1:bw=33,experts=[0,1,7]; c3:bw=26,experts=[0,1]; c9:bw=34,experts=[0,1,7]; c6:bw=20,experts=[6,7]; c7:bw=24,experts=[0,1]; c0:bw=21,experts=[5,6]; c2:bw=29,experts=[2,3]
   54 | 0.01000 |   0.8359 |   69.97% |   70.49% |    0:48.97
      bandwidth/experts | c2:bw=10,experts=[4]; c1:bw=29,experts=[2,3]; c8:bw=31,experts=[0,6,7]; c7:bw=34,experts=[2,3,4]; c3:bw=17,experts=[2]; c0:bw=20,experts=[0,7]; c6:bw=30,experts=[0,1,2]; c5:bw=10,experts=[0]; c9:bw=28,experts=[2,3]; c4:bw=18,experts=[6]
   55 | 0.01000 |   0.7622 |   67.29% |   70.49% |    0:49.43
      bandwidth/experts | c7:bw=30,experts=[5,6,7]; c2:bw=23,experts=[5,6]; c4:bw=10,experts=[7]; c3:bw=29,experts=[3,4]; c8:bw=10,experts=[1]; c5:bw=29,experts=[1,2]; c1:bw=33,experts=[4,5,6]; c6:bw=23,experts=[3,4]; c0:bw=15,experts=[1]; c9:bw=34,experts=[4,5,6]
   56 | 0.01000 |   0.7944 |   69.96% |   70.49% |    0:49.57
      bandwidth/experts | c9:bw=29,experts=[0,7]; c1:bw=31,experts=[0,1,7]; c3:bw=10,experts=[5]; c2:bw=29,experts=[0,7]; c5:bw=17,experts=[3]; c4:bw=10,experts=[0]; c8:bw=10,experts=[2]; c7:bw=10,experts=[0]; c6:bw=13,experts=[5]; c0:bw=39,experts=[2,3,4]
   57 | 0.01000 |   0.7554 |   65.87% |   70.49% |    0:49.36
      bandwidth/experts | c3:bw=35,experts=[0,6,7]; c8:bw=24,experts=[3,4]; c6:bw=27,experts=[6,7]; c1:bw=27,experts=[2,3]; c7:bw=38,experts=[1,2,3]; c0:bw=39,experts=[5,6,7]; c5:bw=24,experts=[4,5]; c4:bw=23,experts=[1,2]; c2:bw=18,experts=[1]; c9:bw=11,experts=[1]
   58 | 0.01000 |   0.7606 |   67.10% |   70.49% |    0:50.65
      bandwidth/experts | c7:bw=13,experts=[4]; c2:bw=10,experts=[2]; c9:bw=32,experts=[2,3,4]; c6:bw=30,experts=[0,1,2]; c5:bw=19,experts=[6]; c1:bw=17,experts=[4]; c8:bw=22,experts=[5,6]; c4:bw=21,experts=[3,4]; c3:bw=34,experts=[1,2,3]; c0:bw=26,experts=[0,1]
   59 | 0.01000 |   0.8169 |   69.76% |   70.49% |    0:49.19
      bandwidth/experts | c2:bw=20,experts=[3,4]; c8:bw=31,experts=[0,1,7]; c9:bw=15,experts=[5]; c6:bw=11,experts=[3]; c1:bw=36,experts=[5,6,7]; c4:bw=14,experts=[5]; c7:bw=15,experts=[5]; c5:bw=18,experts=[7]; c0:bw=29,experts=[2,3]; c3:bw=20,experts=[4,5]
   60 | 0.01000 |   0.7497 |   67.84% |   70.49% |    0:49.63
      bandwidth/experts | c0:bw=29,experts=[4,5]; c7:bw=26,experts=[6,7]; c4:bw=17,experts=[6]; c2:bw=17,experts=[5]; c5:bw=18,experts=[0]; c8:bw=14,experts=[2]; c6:bw=33,experts=[4,5,6]; c9:bw=10,experts=[6]; c1:bw=30,experts=[0,1,2]; c3:bw=24,experts=[6,7]
   61 | 0.01000 |   0.7600 |   71.46% |   71.46% |    0:49.27
      bandwidth/experts | c5:bw=27,experts=[1,2]; c6:bw=21,experts=[0,7]; c2:bw=16,experts=[6]; c9:bw=21,experts=[0,7]; c1:bw=19,experts=[3]; c3:bw=24,experts=[0,1]; c8:bw=31,experts=[3,4,5]; c4:bw=21,experts=[0,7]; c7:bw=24,experts=[0,1]; c0:bw=33,experts=[0,6,7]
   62 | 0.01000 |   0.7712 |   67.77% |   71.46% |    0:49.20
      bandwidth/experts | c8:bw=10,experts=[6]; c6:bw=35,experts=[1,2,3]; c9:bw=10,experts=[1]; c4:bw=33,experts=[1,2,3]; c5:bw=37,experts=[3,4,5]; c0:bw=16,experts=[1]; c3:bw=29,experts=[2,3]; c2:bw=23,experts=[0,7]; c1:bw=40,experts=[4,5,6,7]; c7:bw=25,experts=[2,3]
   63 | 0.01000 |   0.7722 |   73.18% |   73.18% |    0:49.33
      bandwidth/experts | c5:bw=10,experts=[6]; c9:bw=12,experts=[2]; c6:bw=19,experts=[4]; c3:bw=29,experts=[4,5]; c8:bw=18,experts=[7]; c1:bw=28,experts=[0,1]; c7:bw=38,experts=[4,5,6]; c0:bw=23,experts=[2,3]; c2:bw=15,experts=[1]; c4:bw=29,experts=[4,5]
   64 | 0.01000 |   0.7399 |   69.08% |   73.18% |    0:49.59
      bandwidth/experts | c6:bw=28,experts=[5,6]; c4:bw=21,experts=[6,7]; c5:bw=13,experts=[7]; c3:bw=21,experts=[6,7]; c7:bw=19,experts=[7]; c0:bw=18,experts=[4]; c8:bw=30,experts=[0,1,2]; c9:bw=33,experts=[3,4,5]; c2:bw=31,experts=[2,3,4]; c1:bw=16,experts=[2]
   65 | 0.01000 |   0.7723 |   69.88% |   73.18% |    0:49.12
      bandwidth/experts | c7:bw=10,experts=[0]; c5:bw=16,experts=[0]; c4:bw=32,experts=[0,1,2]; c6:bw=28,experts=[0,7]; c8:bw=37,experts=[3,4,5]; c3:bw=24,experts=[0,1]; c0:bw=23,experts=[5,6]; c2:bw=16,experts=[5]; c1:bw=32,experts=[3,4,5]; c9:bw=26,experts=[6,7]
   66 | 0.01000 |   0.7123 |   68.17% |   73.18% |    0:49.11
      bandwidth/experts | c2:bw=23,experts=[6,7]; c5:bw=10,experts=[1]; c1:bw=30,experts=[0,6,7]; c8:bw=13,experts=[6]; c9:bw=17,experts=[0]; c6:bw=16,experts=[1]; c4:bw=23,experts=[3,4]; c0:bw=21,experts=[0,7]; c3:bw=37,experts=[2,3,4]; c7:bw=28,experts=[1,2]
   67 | 0.01000 |   0.7423 |   58.00% |   73.18% |    0:49.26
      bandwidth/experts | c4:bw=28,experts=[5,6]; c5:bw=27,experts=[2,3]; c1:bw=20,experts=[1,2]; c3:bw=14,experts=[5]; c6:bw=29,experts=[2,3]; c0:bw=18,experts=[1]; c2:bw=24,experts=[0,1]; c9:bw=33,experts=[1,2,3]; c7:bw=33,experts=[3,4,5]; c8:bw=10,experts=[7]
   68 | 0.01000 |   0.7618 |   66.94% |   73.18% |    0:49.00
      bandwidth/experts | c1:bw=23,experts=[3,4]; c8:bw=17,experts=[0]; c2:bw=32,experts=[2,3,4]; c0:bw=17,experts=[2]; c3:bw=14,experts=[6]; c4:bw=27,experts=[0,7]; c5:bw=25,experts=[4,5]; c9:bw=10,experts=[4]; c7:bw=15,experts=[6]; c6:bw=18,experts=[4]
   69 | 0.01000 |   0.7308 |   68.34% |   73.18% |    0:49.53
      bandwidth/experts | c3:bw=23,experts=[0,7]; c7:bw=32,experts=[0,1,7]; c1:bw=17,experts=[5]; c4:bw=23,experts=[1,2]; c9:bw=20,experts=[5,6]; c5:bw=22,experts=[6,7]; c0:bw=29,experts=[3,4]; c2:bw=37,experts=[5,6,7]; c8:bw=23,experts=[1,2]; c6:bw=15,experts=[5]
   70 | 0.01000 |   0.7201 |   70.25% |   73.18% |    0:49.02
      bandwidth/experts | c1:bw=13,experts=[6]; c9:bw=10,experts=[7]; c7:bw=16,experts=[2]; c3:bw=18,experts=[1]; c0:bw=17,experts=[5]; c6:bw=14,experts=[6]; c2:bw=31,experts=[0,1,2]; c4:bw=32,experts=[3,4,5]; c5:bw=13,experts=[0]; c8:bw=27,experts=[3,4]
   71 | 0.01000 |   0.7085 |   76.03% |   76.03% |    0:48.98
      bandwidth/experts | c4:bw=24,experts=[6,7]; c0:bw=10,experts=[6]; c1:bw=29,experts=[0,7]; c9:bw=22,experts=[0,1]; c7:bw=11,experts=[3]; c5:bw=19,experts=[1]; c3:bw=34,experts=[2,3,4]; c6:bw=28,experts=[0,7]; c8:bw=21,experts=[5,6]; c2:bw=34,experts=[3,4,5]
   72 | 0.01000 |   0.6983 |   75.36% |   76.03% |    0:48.99
      bandwidth/experts | c8:bw=16,experts=[7]; c1:bw=22,experts=[1,2]; c5:bw=24,experts=[2,3]; c7:bw=27,experts=[4,5]; c6:bw=11,experts=[1]; c0:bw=29,experts=[0,7]; c3:bw=13,experts=[5]; c2:bw=13,experts=[6]; c9:bw=21,experts=[2,3]; c4:bw=22,experts=[0,1]
   73 | 0.01000 |   0.6892 |   72.51% |   76.03% |    0:49.32
      bandwidth/experts | c2:bw=26,experts=[0,7]; c8:bw=10,experts=[0]; c3:bw=22,experts=[6,7]; c1:bw=37,experts=[3,4,5]; c5:bw=10,experts=[4]; c9:bw=29,experts=[4,5]; c0:bw=16,experts=[1]; c7:bw=20,experts=[6,7]; c6:bw=11,experts=[2]; c4:bw=23,experts=[2,3]
   74 | 0.01000 |   0.7069 |   69.19% |   76.03% |    0:49.11
      bandwidth/experts | c3:bw=10,experts=[0]; c0:bw=22,experts=[2,3]; c1:bw=15,experts=[6]; c5:bw=28,experts=[5,6]; c7:bw=36,experts=[0,1,2]; c8:bw=16,experts=[1]; c6:bw=10,experts=[3]; c2:bw=10,experts=[1]; c4:bw=26,experts=[4,5]; c9:bw=18,experts=[6]
   75 | 0.01000 |   0.7214 |   62.95% |   76.03% |    0:49.37
      bandwidth/experts | c2:bw=22,experts=[2,3]; c9:bw=34,experts=[0,1,7]; c1:bw=30,experts=[0,1,7]; c3:bw=11,experts=[1]; c7:bw=16,experts=[3]; c6:bw=31,experts=[4,5,6]; c5:bw=17,experts=[7]; c4:bw=31,experts=[0,6,7]; c0:bw=34,experts=[4,5,6]; c8:bw=30,experts=[2,3,4]
   76 | 0.01000 |   0.7433 |   69.35% |   76.03% |    0:48.92
      bandwidth/experts | c8:bw=16,experts=[5]; c5:bw=21,experts=[0,1]; c0:bw=17,experts=[7]; c3:bw=10,experts=[2]; c2:bw=14,experts=[4]; c6:bw=13,experts=[7]; c7:bw=37,experts=[4,5,6]; c4:bw=34,experts=[1,2,3]; c9:bw=32,experts=[2,3,4]; c1:bw=30,experts=[2,3,4]
   77 | 0.01000 |   0.7423 |   74.43% |   76.03% |    0:49.23
      bandwidth/experts | c9:bw=16,experts=[5]; c2:bw=19,experts=[5]; c1:bw=35,experts=[5,6,7]; c8:bw=10,experts=[6]; c4:bw=10,experts=[4]; c7:bw=10,experts=[7]; c6:bw=32,experts=[0,1,2]; c0:bw=35,experts=[0,1,2]; c3:bw=22,experts=[3,4]; c5:bw=33,experts=[2,3,4]
   78 | 0.01000 |   0.7029 |   70.23% |   76.03% |    0:49.08
      bandwidth/experts | c0:bw=15,experts=[3]; c4:bw=13,experts=[5]; c3:bw=21,experts=[5,6]; c7:bw=20,experts=[0,1]; c8:bw=30,experts=[0,1,7]; c1:bw=23,experts=[0,1]; c9:bw=17,experts=[6]; c6:bw=32,experts=[3,4,5]; c5:bw=35,experts=[5,6,7]; c2:bw=19,experts=[6]
   79 | 0.01000 |   0.7206 |   62.35% |   76.03% |    0:48.99
      bandwidth/experts | c6:bw=12,experts=[6]; c9:bw=10,experts=[7]; c0:bw=20,experts=[4,5]; c4:bw=40,experts=[0,1,6,7]; c7:bw=25,experts=[2,3]; c8:bw=25,experts=[2,3]; c5:bw=29,experts=[0,1]; c3:bw=15,experts=[7]; c1:bw=21,experts=[2,3]; c2:bw=18,experts=[7]
   80 | 0.01000 |   0.7440 |   72.25% |   76.03% |    0:48.98
      bandwidth/experts | c5:bw=36,experts=[2,3,4]; c9:bw=29,experts=[0,1]; c7:bw=26,experts=[4,5]; c1:bw=17,experts=[4]; c3:bw=17,experts=[0]; c4:bw=32,experts=[2,3,4]; c2:bw=24,experts=[0,1]; c0:bw=26,experts=[6,7]; c6:bw=22,experts=[0,7]; c8:bw=28,experts=[4,5]
   81 | 0.01000 |   0.7199 |   73.91% |   76.03% |    0:48.98
      bandwidth/experts | c6:bw=29,experts=[1,2]; c2:bw=25,experts=[2,3]; c3:bw=37,experts=[1,2,3]; c1:bw=27,experts=[5,6]; c4:bw=23,experts=[5,6]; c5:bw=17,experts=[5]; c9:bw=15,experts=[2]; c7:bw=32,experts=[0,6,7]; c8:bw=26,experts=[6,7]; c0:bw=28,experts=[0,1]
   82 | 0.01000 |   0.7079 |   69.18% |   76.03% |    0:49.03
      bandwidth/experts | c1:bw=36,experts=[0,1,7]; c0:bw=17,experts=[2]; c6:bw=20,experts=[3,4]; c8:bw=32,experts=[0,1,2]; c7:bw=22,experts=[1,2]; c3:bw=22,experts=[4,5]; c2:bw=16,experts=[4]; c9:bw=31,experts=[3,4,5]; c5:bw=22,experts=[6,7]; c4:bw=16,experts=[7]
   83 | 0.01000 |   0.7135 |   72.78% |   76.03% |    0:49.09
      bandwidth/experts | c9:bw=29,experts=[6,7]; c4:bw=10,experts=[0]; c2:bw=23,experts=[5,6]; c7:bw=21,experts=[3,4]; c5:bw=10,experts=[0]; c0:bw=10,experts=[3]; c6:bw=29,experts=[5,6]; c1:bw=35,experts=[2,3,4]; c8:bw=22,experts=[3,4]; c3:bw=24,experts=[6,7]
   84 | 0.01000 |   0.6885 |   73.85% |   76.03% |    0:49.29
      bandwidth/experts | c8:bw=37,experts=[5,6,7]; c3:bw=18,experts=[0]; c1:bw=32,experts=[5,6,7]; c6:bw=10,experts=[7]; c9:bw=11,experts=[0]; c2:bw=20,experts=[0,7]; c7:bw=26,experts=[5,6]; c5:bw=11,experts=[1]; c4:bw=15,experts=[1]; c0:bw=10,experts=[4]
   85 | 0.01000 |   0.6982 |   81.74% |   81.74% |    0:49.32
      bandwidth/experts | c0:bw=21,experts=[5,6]; c2:bw=25,experts=[1,2]; c8:bw=39,experts=[0,1,2]; c6:bw=23,experts=[0,1]; c1:bw=31,experts=[0,1,2]; c4:bw=23,experts=[2,3]; c9:bw=32,experts=[1,2,3]; c3:bw=28,experts=[1,2]; c5:bw=10,experts=[2]; c7:bw=10,experts=[7]
   86 | 0.01000 |   0.6968 |   67.73% |   81.74% |    0:48.71
      bandwidth/experts | c5:bw=26,experts=[3,4]; c8:bw=15,experts=[3]; c2:bw=13,experts=[3]; c6:bw=31,experts=[2,3,4]; c0:bw=17,experts=[7]; c4:bw=10,experts=[4]; c7:bw=24,experts=[0,1]; c3:bw=15,experts=[3]; c1:bw=40,experts=[3,4,5,6]; c9:bw=24,experts=[4,5]
   87 | 0.01000 |   0.7045 |   78.16% |   81.74% |    0:48.69
      bandwidth/experts | c1:bw=16,experts=[7]; c2:bw=37,experts=[4,5,6]; c7:bw=12,experts=[2]; c5:bw=10,experts=[5]; c6:bw=33,experts=[5,6,7]; c3:bw=38,experts=[4,5,6]; c4:bw=19,experts=[5]; c9:bw=21,experts=[6,7]; c8:bw=26,experts=[4,5]; c0:bw=19,experts=[0]
   88 | 0.01000 |   0.6851 |   72.55% |   81.74% |    0:48.81
      bandwidth/experts | c8:bw=24,experts=[6,7]; c6:bw=15,experts=[0]; c3:bw=18,experts=[7]; c7:bw=23,experts=[3,4]; c0:bw=34,experts=[1,2,3]; c4:bw=21,experts=[6,7]; c9:bw=17,experts=[0]; c1:bw=16,experts=[0]; c5:bw=17,experts=[6]; c2:bw=25,experts=[0,7]
   89 | 0.01000 |   0.6963 |   77.14% |   81.74% |    0:49.24
      bandwidth/experts | c3:bw=17,experts=[0]; c8:bw=40,experts=[0,1,2,3]; c2:bw=25,experts=[1,2]; c9:bw=34,experts=[1,2,3]; c7:bw=12,experts=[5]; c5:bw=25,experts=[0,7]; c0:bw=10,experts=[4]; c6:bw=18,experts=[1]; c4:bw=17,experts=[0]; c1:bw=23,experts=[1,2]
   90 | 0.01000 |   0.6652 |   74.73% |   81.74% |    0:48.93
      bandwidth/experts | c7:bw=40,experts=[0,1,6,7]; c1:bw=17,experts=[3]; c3:bw=20,experts=[1,2]; c9:bw=35,experts=[4,5,6]; c0:bw=35,experts=[5,6,7]; c6:bw=14,experts=[2]; c2:bw=12,experts=[3]; c5:bw=15,experts=[1]; c8:bw=28,experts=[4,5]; c4:bw=20,experts=[1,2]
   91 | 0.01000 |   0.6697 |   76.65% |   81.74% |    0:49.32
      bandwidth/experts | c1:bw=28,experts=[4,5]; c9:bw=19,experts=[7]; c5:bw=29,experts=[2,3]; c7:bw=29,experts=[2,3]; c3:bw=22,experts=[3,4]; c4:bw=30,experts=[3,4,5]; c0:bw=12,experts=[0]; c6:bw=16,experts=[3]; c2:bw=10,experts=[4]; c8:bw=13,experts=[6]
   92 | 0.01000 |   0.6565 |   71.35% |   81.74% |    0:48.93
      bandwidth/experts | c3:bw=16,experts=[5]; c7:bw=19,experts=[4]; c1:bw=11,experts=[6]; c0:bw=16,experts=[1]; c8:bw=11,experts=[7]; c6:bw=25,experts=[4,5]; c9:bw=31,experts=[0,1,2]; c2:bw=14,experts=[5]; c5:bw=37,experts=[4,5,6]; c4:bw=15,experts=[6]
   93 | 0.01000 |   0.6960 |   75.55% |   81.74% |    0:49.12
      bandwidth/experts | c1:bw=26,experts=[0,7]; c3:bw=17,experts=[6]; c7:bw=12,experts=[5]; c9:bw=32,experts=[3,4,5]; c6:bw=12,experts=[6]; c8:bw=10,experts=[0]; c5:bw=10,experts=[7]; c4:bw=18,experts=[7]; c0:bw=10,experts=[2]; c2:bw=28,experts=[6,7]
   94 | 0.01000 |   0.6662 |   67.15% |   81.74% |    0:48.71
      bandwidth/experts | c7:bw=25,experts=[6,7]; c2:bw=36,experts=[0,1,2]; c5:bw=23,experts=[0,1]; c4:bw=17,experts=[0]; c6:bw=17,experts=[7]; c9:bw=28,experts=[6,7]; c1:bw=39,experts=[1,2,3]; c8:bw=10,experts=[1]; c0:bw=31,experts=[3,4,5]; c3:bw=19,experts=[7]
   95 | 0.01000 |   0.7006 |   79.74% |   81.74% |    0:49.14
      bandwidth/experts | c7:bw=33,experts=[0,1,2]; c9:bw=23,experts=[0,1]; c4:bw=10,experts=[1]; c6:bw=22,experts=[0,1]; c0:bw=19,experts=[6]; c3:bw=23,experts=[0,1]; c1:bw=17,experts=[4]; c8:bw=40,experts=[2,3,4,5]; c2:bw=13,experts=[3]; c5:bw=10,experts=[2]
   96 | 0.01000 |   0.6752 |   71.28% |   81.74% |    0:48.85
      bandwidth/experts | c2:bw=36,experts=[4,5,6]; c9:bw=25,experts=[2,3]; c3:bw=25,experts=[2,3]; c1:bw=20,experts=[5,6]; c5:bw=33,experts=[3,4,5]; c4:bw=27,experts=[2,3]; c6:bw=17,experts=[2]; c7:bw=28,experts=[3,4]; c0:bw=20,experts=[0,7]; c8:bw=36,experts=[0,6,7]
   97 | 0.01000 |   0.6869 |   73.09% |   81.74% |    0:49.20
      bandwidth/experts | c0:bw=23,experts=[1,2]; c9:bw=24,experts=[4,5]; c8:bw=24,experts=[1,2]; c4:bw=10,experts=[4]; c7:bw=17,experts=[5]; c1:bw=28,experts=[0,7]; c3:bw=19,experts=[4]; c5:bw=26,experts=[6,7]; c6:bw=28,experts=[3,4]; c2:bw=30,experts=[0,1,7]
   98 | 0.01000 |   0.6914 |   73.49% |   81.74% |    0:49.07
      bandwidth/experts | c4:bw=29,experts=[5,6]; c8:bw=30,experts=[3,4,5]; c9:bw=15,experts=[6]; c7:bw=13,experts=[6]; c6:bw=20,experts=[5,6]; c5:bw=27,experts=[0,1]; c0:bw=19,experts=[3]; c3:bw=14,experts=[5]; c1:bw=15,experts=[1]; c2:bw=13,experts=[2]
   99 | 0.01000 |   0.6796 |   73.11% |   81.74% |    0:49.16
      bandwidth/experts | c8:bw=19,experts=[6]; c5:bw=27,experts=[2,3]; c7:bw=25,experts=[0,7]; c1:bw=33,experts=[2,3,4]; c3:bw=21,experts=[6,7]; c9:bw=11,experts=[7]; c4:bw=14,experts=[7]; c0:bw=22,experts=[4,5]; c2:bw=17,experts=[3]; c6:bw=19,experts=[7]
  100 | 0.01000 |   0.6507 |   76.66% |   81.74% |    0:48.95
      bandwidth/experts | c2:bw=17,experts=[4]; c8:bw=25,experts=[0,7]; c9:bw=29,experts=[0,1]; c5:bw=10,experts=[4]; c6:bw=25,experts=[0,1]; c1:bw=10,experts=[5]; c4:bw=36,experts=[0,1,2]; c7:bw=10,experts=[1]; c3:bw=23,experts=[0,1]; c0:bw=36,experts=[0,6,7]

Done. Best Acc: 81.74% @ round 85
Total time: 1:30:16.14
[Export] 实验目录: /userhome/cs3/duanty/FedMoE/results/20260920-023802-2
[Export] 每轮明细: /userhome/cs3/duanty/FedMoE/results/20260920-023802-2/rounds.xlsx
[Export] 总体摘要: /userhome/cs3/duanty/FedMoE/results/20260920-023802-2/summary.xlsx
[Plot] result = /userhome/cs3/duanty/FedMoE/results/20260920-023802-2
[Plot] figures -> /userhome/cs3/duanty/FedMoE/results/20260920-023802-2/figure
  fig01_test_accuracy.pdf
  fig02_train_loss.pdf
  fig03_acc_and_loss.pdf
  fig04_bandwidth_and_k.pdf
  fig05_expert_round_heatmap.pdf
  fig06_client_expert_heatmap.pdf
  fig07_expert_frequency.pdf
  fig08_time_breakdown.pdf
  fig09_accuracy_vs_communication.pdf
  fig10_overview.pdf
[Export] 图片目录: /userhome/cs3/duanty/FedMoE/results/20260920-023802-2/figure
