host=gpu-4090-111 gpu=0 date=Fri Sep 18 15:28:57 HKT 2026
Command: python -u main.py --method ours --dataset cifar10 --backbone resnet --select ours --merge fedavgm --device cuda

==================================================================
 Ours  
  Dataset=cifar10 | beta=0.1 | Backbone=resnet | Clients=10 | Experts=4
  Select=ours | Merge=fedavgm
  Rounds=100 | LR=0.01
  Bandwidth: expert_bw=10 | bw=[10, 40] | Rayleigh-Shannon, SNR=10 dB | k=floor(bw/10)
==================================================================


[Partition] Dirichlet beta=0.1, 10 clients
  Client 0:   6071 samples | 3/10 classes
  Client 1:  18481 samples | 7/10 classes
  Client 2:    174 samples | 3/10 classes
  Client 3:    462 samples | 3/10 classes
  Client 4:   2759 samples | 3/10 classes
  Client 5:   5740 samples | 7/10 classes
  Client 6:   1703 samples | 4/10 classes
  Client 7:   3407 samples | 7/10 classes
  Client 8:   6483 samples | 7/10 classes
  Client 9:   4720 samples | 10/10 classes

[Upload] expert_bw=10 | available bw=[10, 40] | Rayleigh-Shannon, SNR=10 dB | upload k=floor(bw/10), cap=4 | probe gate scores, then train selected experts

[Model] Total params: 12,242,024

[Export] 本次实验目录: /userhome/cs3/duanty/FedMoE/results/20260918-152900

Round |      LR |  AvgLoss |  TestAcc |     Best |  RoundTime
--------------------------------------------------------------------------------
    1 | 0.00208 |   1.4680 |   10.54% |   10.54% |    0:50.57
      bandwidth/experts | c8:bw=31,experts=[0,1,2]; c1:bw=16,experts=[2]; c5:bw=25,experts=[1,2]; c0:bw=10,experts=[2]; c7:bw=11,experts=[2]; c2:bw=16,experts=[2]; c9:bw=25,experts=[1,2]; c4:bw=22,experts=[1,2]; c3:bw=28,experts=[1,2]; c6:bw=23,experts=[1,2]
    2 | 0.00406 |   1.3309 |   19.71% |   19.71% |    0:50.16
      bandwidth/experts | c0:bw=20,experts=[0,2]; c1:bw=23,experts=[0,2]; c8:bw=27,experts=[0,2]; c5:bw=38,experts=[0,1,2]; c3:bw=37,experts=[0,1,2]; c4:bw=17,experts=[0]; c7:bw=31,experts=[0,1,2]; c9:bw=26,experts=[0,2]; c6:bw=10,experts=[0]; c2:bw=12,experts=[2]
    3 | 0.00604 |   1.1998 |   28.27% |   28.27% |    0:50.09
      bandwidth/experts | c9:bw=26,experts=[1,2]; c2:bw=23,experts=[1,2]; c0:bw=28,experts=[0,2]; c6:bw=22,experts=[1,2]; c8:bw=17,experts=[1]; c5:bw=10,experts=[2]; c3:bw=14,experts=[1]; c7:bw=18,experts=[2]; c1:bw=10,experts=[2]; c4:bw=29,experts=[1,2]
    4 | 0.00802 |   1.2515 |   28.08% |   28.27% |    0:50.37
      bandwidth/experts | c1:bw=22,experts=[1,2]; c7:bw=25,experts=[1,2]; c6:bw=29,experts=[0,2]; c2:bw=33,experts=[0,1,2]; c8:bw=17,experts=[2]; c0:bw=33,experts=[0,1,2]; c3:bw=19,experts=[2]; c4:bw=31,experts=[0,1,2]; c5:bw=40,experts=[0,1,2,3]; c9:bw=12,experts=[2]
    5 | 0.01000 |   1.1395 |   25.46% |   28.27% |    0:50.34
      bandwidth/experts | c1:bw=11,experts=[2]; c5:bw=22,experts=[0,2]; c4:bw=27,experts=[0,2]; c8:bw=20,experts=[1,2]; c0:bw=28,experts=[0,2]; c7:bw=14,experts=[2]; c6:bw=29,experts=[0,2]; c3:bw=35,experts=[0,1,2]; c2:bw=10,experts=[2]; c9:bw=35,experts=[0,1,2]
    6 | 0.01000 |   1.0913 |   29.50% |   29.50% |    0:50.23
      bandwidth/experts | c8:bw=37,experts=[0,1,2]; c2:bw=23,experts=[1,2]; c5:bw=15,experts=[2]; c7:bw=32,experts=[0,1,2]; c3:bw=20,experts=[1,2]; c1:bw=18,experts=[2]; c9:bw=27,experts=[0,2]; c0:bw=17,experts=[2]; c4:bw=10,experts=[2]; c6:bw=11,experts=[2]
    7 | 0.01000 |   1.0664 |   36.77% |   36.77% |    0:50.16
      bandwidth/experts | c0:bw=20,experts=[0,2]; c5:bw=27,experts=[0,2]; c2:bw=22,experts=[0,2]; c6:bw=10,experts=[2]; c3:bw=15,experts=[2]; c7:bw=17,experts=[2]; c4:bw=10,experts=[2]; c1:bw=10,experts=[2]; c8:bw=32,experts=[0,1,2]; c9:bw=10,experts=[2]
    8 | 0.01000 |   1.0430 |   40.57% |   40.57% |    0:50.44
      bandwidth/experts | c4:bw=10,experts=[2]; c8:bw=20,experts=[0,2]; c1:bw=32,experts=[0,1,2]; c3:bw=21,experts=[0,2]; c0:bw=18,experts=[2]; c5:bw=16,experts=[2]; c2:bw=30,experts=[0,1,2]; c9:bw=33,experts=[0,1,2]; c7:bw=10,experts=[2]; c6:bw=23,experts=[0,2]
    9 | 0.01000 |   1.0220 |   48.24% |   48.24% |    0:51.84
      bandwidth/experts | c2:bw=12,experts=[2]; c0:bw=29,experts=[0,2]; c4:bw=33,experts=[0,1,2]; c9:bw=15,experts=[2]; c8:bw=10,experts=[2]; c6:bw=17,experts=[2]; c7:bw=25,experts=[1,2]; c5:bw=29,experts=[0,2]; c1:bw=10,experts=[2]; c3:bw=13,experts=[2]
   10 | 0.01000 |   0.9816 |   40.79% |   48.24% |    0:51.73
      bandwidth/experts | c4:bw=20,experts=[1,2]; c2:bw=19,experts=[2]; c7:bw=21,experts=[1,2]; c0:bw=33,experts=[0,1,2]; c6:bw=36,experts=[0,1,2]; c3:bw=26,experts=[1,2]; c5:bw=32,experts=[0,1,2]; c8:bw=20,experts=[1,2]; c9:bw=20,experts=[1,2]; c1:bw=23,experts=[1,2]
   11 | 0.01000 |   0.9704 |   47.31% |   48.24% |    0:51.70
      bandwidth/experts | c5:bw=15,experts=[2]; c2:bw=15,experts=[2]; c7:bw=24,experts=[1,2]; c3:bw=28,experts=[1,2]; c0:bw=16,experts=[2]; c8:bw=22,experts=[1,2]; c9:bw=18,experts=[2]; c6:bw=31,experts=[0,1,2]; c1:bw=22,experts=[1,2]; c4:bw=10,experts=[2]
   12 | 0.01000 |   0.9737 |   51.71% |   51.71% |    0:51.95
      bandwidth/experts | c1:bw=24,experts=[1,2]; c5:bw=31,experts=[0,1,2]; c2:bw=32,experts=[0,1,2]; c4:bw=16,experts=[2]; c3:bw=19,experts=[2]; c7:bw=16,experts=[2]; c9:bw=23,experts=[1,2]; c6:bw=16,experts=[2]; c8:bw=31,experts=[0,1,2]; c0:bw=27,experts=[1,2]
   13 | 0.01000 |   0.9639 |   57.53% |   57.53% |    0:51.81
      bandwidth/experts | c3:bw=17,experts=[2]; c1:bw=26,experts=[1,2]; c4:bw=10,experts=[2]; c5:bw=16,experts=[2]; c8:bw=10,experts=[2]; c6:bw=20,experts=[1,2]; c9:bw=10,experts=[2]; c7:bw=32,experts=[0,1,2]; c0:bw=14,experts=[2]; c2:bw=10,experts=[2]
   14 | 0.01000 |   0.9659 |   60.29% |   60.29% |    0:51.77
      bandwidth/experts | c2:bw=25,experts=[1,2]; c4:bw=10,experts=[2]; c5:bw=36,experts=[0,1,2]; c1:bw=21,experts=[1,2]; c7:bw=14,experts=[2]; c0:bw=14,experts=[2]; c9:bw=18,experts=[2]; c3:bw=25,experts=[1,2]; c8:bw=12,experts=[2]; c6:bw=37,experts=[0,1,2]
   15 | 0.01000 |   0.9478 |   62.68% |   62.68% |    0:51.81
      bandwidth/experts | c7:bw=33,experts=[0,1,2]; c0:bw=11,experts=[2]; c1:bw=10,experts=[2]; c8:bw=29,experts=[1,2]; c3:bw=10,experts=[2]; c2:bw=29,experts=[1,2]; c4:bw=26,experts=[1,2]; c5:bw=10,experts=[2]; c9:bw=11,experts=[2]; c6:bw=18,experts=[2]
   16 | 0.01000 |   0.9288 |   65.89% |   65.89% |    0:51.85
      bandwidth/experts | c6:bw=22,experts=[1,2]; c1:bw=16,experts=[2]; c3:bw=24,experts=[1,2]; c8:bw=27,experts=[1,2]; c7:bw=12,experts=[2]; c5:bw=22,experts=[1,2]; c4:bw=20,experts=[1,2]; c9:bw=13,experts=[2]; c0:bw=32,experts=[0,1,2]; c2:bw=29,experts=[1,2]
   17 | 0.01000 |   0.9262 |   64.60% |   65.89% |    0:51.66
      bandwidth/experts | c4:bw=32,experts=[0,1,2]; c7:bw=14,experts=[2]; c8:bw=10,experts=[2]; c3:bw=29,experts=[1,2]; c5:bw=10,experts=[2]; c1:bw=16,experts=[2]; c0:bw=10,experts=[2]; c2:bw=11,experts=[2]; c9:bw=21,experts=[0,2]; c6:bw=21,experts=[1,2]
   18 | 0.01000 |   0.9311 |   61.32% |   65.89% |    0:51.82
      bandwidth/experts | c1:bw=10,experts=[2]; c8:bw=10,experts=[2]; c5:bw=19,experts=[2]; c2:bw=21,experts=[1,2]; c9:bw=10,experts=[2]; c7:bw=30,experts=[0,1,2]; c4:bw=31,experts=[0,1,2]; c3:bw=21,experts=[1,2]; c0:bw=27,experts=[1,2]; c6:bw=17,experts=[2]
   19 | 0.01000 |   0.9331 |   64.94% |   65.89% |    0:51.18
      bandwidth/experts | c8:bw=31,experts=[0,1,2]; c0:bw=23,experts=[1,2]; c4:bw=28,experts=[1,2]; c1:bw=26,experts=[1,2]; c9:bw=21,experts=[0,2]; c5:bw=16,experts=[2]; c7:bw=12,experts=[2]; c2:bw=10,experts=[2]; c6:bw=36,experts=[0,1,2]; c3:bw=22,experts=[1,2]
   20 | 0.01000 |   0.9064 |   64.84% |   65.89% |    0:50.29
      bandwidth/experts | c0:bw=15,experts=[2]; c2:bw=23,experts=[1,2]; c1:bw=22,experts=[1,2]; c9:bw=10,experts=[2]; c7:bw=24,experts=[1,2]; c6:bw=38,experts=[0,1,2]; c3:bw=10,experts=[2]; c5:bw=10,experts=[2]; c4:bw=33,experts=[0,1,2]; c8:bw=28,experts=[1,2]
   21 | 0.01000 |   0.8922 |   61.53% |   65.89% |    0:50.40
      bandwidth/experts | c1:bw=23,experts=[1,2]; c2:bw=22,experts=[1,2]; c7:bw=10,experts=[2]; c4:bw=26,experts=[1,2]; c8:bw=10,experts=[2]; c5:bw=18,experts=[2]; c0:bw=37,experts=[0,1,2]; c3:bw=10,experts=[2]; c6:bw=10,experts=[2]; c9:bw=14,experts=[2]
   22 | 0.01000 |   0.8869 |   63.00% |   65.89% |    0:50.32
      bandwidth/experts | c7:bw=10,experts=[2]; c9:bw=18,experts=[2]; c1:bw=10,experts=[2]; c6:bw=34,experts=[0,1,2]; c5:bw=10,experts=[2]; c2:bw=37,experts=[0,1,2]; c0:bw=37,experts=[0,1,2]; c4:bw=20,experts=[1,2]; c3:bw=31,experts=[0,1,2]; c8:bw=18,experts=[2]
   23 | 0.01000 |   0.8761 |   65.55% |   65.89% |    0:50.43
      bandwidth/experts | c5:bw=29,experts=[1,2]; c7:bw=10,experts=[2]; c4:bw=31,experts=[0,1,2]; c6:bw=10,experts=[2]; c9:bw=28,experts=[0,2]; c8:bw=19,experts=[2]; c3:bw=10,experts=[2]; c1:bw=34,experts=[0,1,2]; c2:bw=18,experts=[2]; c0:bw=10,experts=[2]
   24 | 0.01000 |   0.8604 |   69.87% |   69.87% |    0:50.19
      bandwidth/experts | c6:bw=17,experts=[2]; c4:bw=10,experts=[2]; c7:bw=10,experts=[2]; c9:bw=28,experts=[0,2]; c2:bw=24,experts=[1,2]; c1:bw=10,experts=[2]; c5:bw=14,experts=[2]; c8:bw=10,experts=[2]; c3:bw=10,experts=[2]; c0:bw=17,experts=[2]
   25 | 0.01000 |   0.8480 |   67.72% |   69.87% |    0:50.51
      bandwidth/experts | c9:bw=22,experts=[0,2]; c6:bw=10,experts=[2]; c4:bw=32,experts=[0,1,2]; c3:bw=10,experts=[2]; c5:bw=35,experts=[0,1,2]; c1:bw=27,experts=[1,2]; c8:bw=30,experts=[0,1,2]; c2:bw=10,experts=[2]; c0:bw=31,experts=[0,1,2]; c7:bw=22,experts=[1,2]
   26 | 0.01000 |   0.8516 |   65.36% |   69.87% |    0:50.21
      bandwidth/experts | c3:bw=25,experts=[1,2]; c6:bw=19,experts=[2]; c9:bw=28,experts=[0,2]; c7:bw=17,experts=[2]; c1:bw=18,experts=[2]; c5:bw=11,experts=[2]; c2:bw=17,experts=[2]; c8:bw=30,experts=[0,1,2]; c0:bw=10,experts=[2]; c4:bw=26,experts=[1,2]
   27 | 0.01000 |   0.8452 |   62.70% |   69.87% |    0:51.02
      bandwidth/experts | c7:bw=29,experts=[1,2]; c1:bw=34,experts=[0,1,2]; c4:bw=10,experts=[2]; c0:bw=20,experts=[1,2]; c9:bw=10,experts=[2]; c2:bw=11,experts=[2]; c8:bw=31,experts=[0,1,2]; c3:bw=12,experts=[2]; c6:bw=35,experts=[0,1,2]; c5:bw=20,experts=[1,2]
   28 | 0.01000 |   0.8404 |   63.65% |   69.87% |    0:50.29
      bandwidth/experts | c6:bw=16,experts=[2]; c9:bw=27,experts=[1,2]; c0:bw=26,experts=[1,2]; c8:bw=16,experts=[2]; c2:bw=10,experts=[2]; c5:bw=18,experts=[2]; c1:bw=14,experts=[2]; c3:bw=10,experts=[2]; c4:bw=10,experts=[2]; c7:bw=10,experts=[2]
   29 | 0.01000 |   0.8245 |   64.95% |   69.87% |    0:50.36
      bandwidth/experts | c4:bw=21,experts=[1,2]; c0:bw=24,experts=[1,2]; c1:bw=18,experts=[2]; c9:bw=24,experts=[0,2]; c6:bw=24,experts=[1,2]; c8:bw=19,experts=[2]; c7:bw=12,experts=[2]; c3:bw=18,experts=[2]; c2:bw=10,experts=[2]; c5:bw=19,experts=[2]
   30 | 0.01000 |   0.8125 |   68.83% |   69.87% |    0:50.46
      bandwidth/experts | c5:bw=34,experts=[0,1,2]; c1:bw=20,experts=[1,2]; c9:bw=30,experts=[0,1,2]; c4:bw=29,experts=[1,2]; c0:bw=10,experts=[2]; c8:bw=23,experts=[1,2]; c6:bw=10,experts=[2]; c7:bw=10,experts=[2]; c3:bw=33,experts=[0,1,2]; c2:bw=15,experts=[2]
   31 | 0.01000 |   0.8082 |   67.84% |   69.87% |    0:50.55
      bandwidth/experts | c6:bw=16,experts=[2]; c4:bw=11,experts=[2]; c9:bw=25,experts=[0,2]; c1:bw=17,experts=[2]; c5:bw=34,experts=[0,1,2]; c8:bw=18,experts=[2]; c3:bw=13,experts=[2]; c2:bw=10,experts=[2]; c0:bw=26,experts=[0,2]; c7:bw=35,experts=[0,1,2]
   32 | 0.01000 |   0.8045 |   66.34% |   69.87% |    0:50.30
      bandwidth/experts | c8:bw=12,experts=[2]; c5:bw=20,experts=[1,2]; c4:bw=27,experts=[1,2]; c7:bw=26,experts=[1,2]; c0:bw=25,experts=[1,2]; c1:bw=12,experts=[2]; c3:bw=16,experts=[2]; c6:bw=15,experts=[2]; c2:bw=30,experts=[0,1,2]; c9:bw=17,experts=[2]
   33 | 0.01000 |   0.8029 |   67.47% |   69.87% |    0:50.57
      bandwidth/experts | c7:bw=29,experts=[1,2]; c1:bw=19,experts=[2]; c3:bw=39,experts=[0,1,2]; c6:bw=20,experts=[1,2]; c5:bw=16,experts=[2]; c9:bw=23,experts=[0,2]; c2:bw=13,experts=[2]; c8:bw=28,experts=[1,2]; c4:bw=25,experts=[1,2]; c0:bw=35,experts=[0,1,2]
   34 | 0.01000 |   0.7990 |   67.97% |   69.87% |    0:50.41
      bandwidth/experts | c4:bw=26,experts=[1,2]; c1:bw=26,experts=[1,2]; c6:bw=27,experts=[1,2]; c9:bw=38,experts=[0,1,2]; c8:bw=23,experts=[1,2]; c0:bw=12,experts=[2]; c5:bw=33,experts=[0,1,2]; c7:bw=18,experts=[2]; c3:bw=40,experts=[0,1,2,3]; c2:bw=30,experts=[0,1,2]
   35 | 0.01000 |   0.7884 |   67.00% |   69.87% |    0:50.51
      bandwidth/experts | c4:bw=18,experts=[2]; c0:bw=11,experts=[2]; c1:bw=17,experts=[2]; c6:bw=24,experts=[1,2]; c2:bw=25,experts=[1,2]; c8:bw=28,experts=[1,2]; c9:bw=15,experts=[2]; c7:bw=27,experts=[1,2]; c5:bw=23,experts=[1,2]; c3:bw=13,experts=[2]
   36 | 0.01000 |   0.7772 |   66.47% |   69.87% |    0:50.41
      bandwidth/experts | c9:bw=21,experts=[0,2]; c0:bw=20,experts=[1,2]; c3:bw=33,experts=[0,1,2]; c7:bw=15,experts=[2]; c6:bw=24,experts=[1,2]; c5:bw=27,experts=[0,2]; c1:bw=10,experts=[2]; c4:bw=40,experts=[0,1,2,3]; c8:bw=28,experts=[1,2]; c2:bw=28,experts=[1,2]
   37 | 0.01000 |   0.7616 |   68.20% |   69.87% |    0:50.49
      bandwidth/experts | c1:bw=10,experts=[2]; c5:bw=22,experts=[1,2]; c2:bw=20,experts=[1,2]; c6:bw=36,experts=[0,1,2]; c4:bw=22,experts=[1,2]; c7:bw=23,experts=[1,2]; c9:bw=22,experts=[0,2]; c0:bw=30,experts=[0,1,2]; c3:bw=20,experts=[1,2]; c8:bw=10,experts=[2]
   38 | 0.01000 |   0.7586 |   63.87% |   69.87% |    0:50.64
      bandwidth/experts | c8:bw=25,experts=[1,2]; c6:bw=10,experts=[2]; c4:bw=29,experts=[1,2]; c1:bw=17,experts=[2]; c5:bw=10,experts=[2]; c2:bw=10,experts=[2]; c3:bw=21,experts=[1,2]; c7:bw=28,experts=[1,2]; c9:bw=14,experts=[2]; c0:bw=22,experts=[1,2]
   39 | 0.01000 |   0.7565 |   66.49% |   69.87% |    0:50.44
      bandwidth/experts | c3:bw=14,experts=[2]; c0:bw=10,experts=[2]; c1:bw=25,experts=[1,2]; c7:bw=22,experts=[1,2]; c6:bw=17,experts=[2]; c8:bw=25,experts=[1,2]; c2:bw=20,experts=[1,2]; c4:bw=20,experts=[1,2]; c9:bw=13,experts=[2]; c5:bw=40,experts=[0,1,2,3]
   40 | 0.01000 |   0.7453 |   67.13% |   69.87% |    0:50.52
      bandwidth/experts | c8:bw=14,experts=[2]; c1:bw=23,experts=[1,2]; c5:bw=18,experts=[2]; c6:bw=26,experts=[1,2]; c2:bw=36,experts=[1,2,3]; c7:bw=37,experts=[0,1,2]; c3:bw=10,experts=[2]; c4:bw=11,experts=[2]; c9:bw=22,experts=[0,2]; c0:bw=20,experts=[1,2]
   41 | 0.01000 |   0.7407 |   67.39% |   69.87% |    0:50.36
      bandwidth/experts | c2:bw=30,experts=[1,2,3]; c6:bw=10,experts=[2]; c8:bw=31,experts=[0,1,2]; c1:bw=10,experts=[2]; c4:bw=28,experts=[1,2]; c5:bw=34,experts=[0,1,2]; c7:bw=38,experts=[0,1,2]; c3:bw=22,experts=[1,2]; c9:bw=30,experts=[0,1,2]; c0:bw=10,experts=[2]
   42 | 0.01000 |   0.7383 |   67.49% |   69.87% |    0:50.65
      bandwidth/experts | c5:bw=28,experts=[1,2]; c1:bw=27,experts=[1,2]; c3:bw=27,experts=[1,2]; c9:bw=28,experts=[0,2]; c6:bw=19,experts=[2]; c0:bw=10,experts=[2]; c7:bw=11,experts=[2]; c4:bw=30,experts=[0,1,2]; c8:bw=23,experts=[1,2]; c2:bw=22,experts=[1,2]
   43 | 0.01000 |   0.7318 |   66.15% |   69.87% |    0:50.59
      bandwidth/experts | c5:bw=29,experts=[0,2]; c1:bw=32,experts=[0,1,2]; c2:bw=28,experts=[1,2]; c8:bw=25,experts=[1,2]; c9:bw=18,experts=[2]; c7:bw=12,experts=[2]; c4:bw=19,experts=[2]; c6:bw=10,experts=[2]; c3:bw=36,experts=[0,1,2]; c0:bw=12,experts=[2]
   44 | 0.01000 |   0.7276 |   67.19% |   69.87% |    0:50.38
      bandwidth/experts | c0:bw=37,experts=[0,1,2]; c3:bw=26,experts=[1,2]; c4:bw=16,experts=[2]; c2:bw=20,experts=[1,2]; c7:bw=40,experts=[0,1,2,3]; c5:bw=13,experts=[2]; c6:bw=11,experts=[2]; c9:bw=21,experts=[0,2]; c8:bw=19,experts=[2]; c1:bw=25,experts=[1,2]
   45 | 0.01000 |   0.7196 |   65.89% |   69.87% |    0:50.68
      bandwidth/experts | c8:bw=31,experts=[0,1,2]; c0:bw=20,experts=[0,2]; c3:bw=37,experts=[0,1,2]; c4:bw=36,experts=[0,1,2]; c7:bw=20,experts=[1,2]; c2:bw=27,experts=[1,2]; c9:bw=14,experts=[2]; c6:bw=10,experts=[2]; c5:bw=25,experts=[1,2]; c1:bw=31,experts=[0,1,2]
   46 | 0.01000 |   0.7146 |   64.33% |   69.87% |    0:50.63
      bandwidth/experts | c9:bw=20,experts=[0,2]; c3:bw=15,experts=[2]; c6:bw=21,experts=[1,2]; c1:bw=23,experts=[1,2]; c4:bw=35,experts=[0,1,2]; c5:bw=23,experts=[0,2]; c2:bw=32,experts=[0,1,2]; c8:bw=22,experts=[1,2]; c0:bw=30,experts=[0,1,2]; c7:bw=16,experts=[2]
   47 | 0.01000 |   0.7117 |   65.11% |   69.87% |    0:50.46
      bandwidth/experts | c5:bw=29,experts=[0,2]; c6:bw=12,experts=[2]; c7:bw=29,experts=[1,2]; c9:bw=10,experts=[2]; c8:bw=22,experts=[1,2]; c3:bw=39,experts=[0,1,2]; c4:bw=10,experts=[2]; c0:bw=25,experts=[0,2]; c1:bw=17,experts=[2]; c2:bw=30,experts=[0,1,2]
   48 | 0.01000 |   0.7073 |   66.65% |   69.87% |    0:50.70
      bandwidth/experts | c1:bw=28,experts=[1,2]; c8:bw=28,experts=[1,2]; c4:bw=37,experts=[0,1,2]; c2:bw=31,experts=[1,2,3]; c9:bw=29,experts=[0,2]; c6:bw=25,experts=[1,2]; c5:bw=31,experts=[0,1,2]; c7:bw=35,experts=[0,1,2]; c0:bw=10,experts=[2]; c3:bw=10,experts=[2]
   49 | 0.01000 |   0.7069 |   69.47% |   69.87% |    0:50.55
      bandwidth/experts | c4:bw=27,experts=[1,2]; c3:bw=18,experts=[2]; c8:bw=15,experts=[2]; c0:bw=11,experts=[2]; c2:bw=32,experts=[0,1,2]; c5:bw=31,experts=[0,1,2]; c6:bw=10,experts=[2]; c7:bw=24,experts=[1,2]; c9:bw=29,experts=[0,2]; c1:bw=30,experts=[0,1,2]
   50 | 0.01000 |   0.7017 |   71.76% |   71.76% |    0:50.68
      bandwidth/experts | c8:bw=18,experts=[2]; c4:bw=10,experts=[2]; c7:bw=19,experts=[2]; c6:bw=38,experts=[0,1,2]; c2:bw=35,experts=[0,1,2]; c1:bw=36,experts=[0,1,2]; c3:bw=22,experts=[1,2]; c0:bw=16,experts=[2]; c9:bw=15,experts=[2]; c5:bw=17,experts=[2]
   51 | 0.01000 |   0.6993 |   71.03% |   71.76% |    0:50.59
      bandwidth/experts | c5:bw=26,experts=[0,2]; c0:bw=30,experts=[0,1,2]; c1:bw=12,experts=[2]; c2:bw=11,experts=[2]; c8:bw=26,experts=[1,2]; c6:bw=29,experts=[1,2]; c9:bw=10,experts=[2]; c3:bw=31,experts=[0,1,2]; c4:bw=10,experts=[2]; c7:bw=15,experts=[2]
   52 | 0.01000 |   0.6950 |   68.30% |   71.76% |    0:50.54
      bandwidth/experts | c0:bw=26,experts=[1,2]; c8:bw=10,experts=[2]; c5:bw=13,experts=[2]; c7:bw=19,experts=[2]; c1:bw=22,experts=[1,2]; c4:bw=18,experts=[2]; c9:bw=17,experts=[2]; c6:bw=28,experts=[1,2]; c2:bw=16,experts=[2]; c3:bw=24,experts=[1,2]
   53 | 0.01000 |   0.6949 |   65.86% |   71.76% |    0:50.72
      bandwidth/experts | c8:bw=12,experts=[2]; c4:bw=16,experts=[2]; c5:bw=24,experts=[0,2]; c1:bw=33,experts=[0,1,2]; c3:bw=26,experts=[1,2]; c9:bw=34,experts=[0,1,2]; c6:bw=20,experts=[1,2]; c7:bw=24,experts=[1,2]; c0:bw=21,experts=[1,2]; c2:bw=29,experts=[1,2]
   54 | 0.01000 |   0.6934 |   65.84% |   71.76% |    0:50.58
      bandwidth/experts | c2:bw=10,experts=[2]; c1:bw=29,experts=[1,2]; c8:bw=31,experts=[0,1,2]; c7:bw=34,experts=[0,1,2]; c3:bw=17,experts=[2]; c0:bw=20,experts=[0,2]; c6:bw=30,experts=[0,1,2]; c5:bw=10,experts=[2]; c9:bw=28,experts=[0,2]; c4:bw=18,experts=[2]
   55 | 0.01000 |   0.6902 |   67.23% |   71.76% |    0:50.54
      bandwidth/experts | c7:bw=30,experts=[0,1,2]; c2:bw=23,experts=[1,2]; c4:bw=10,experts=[2]; c3:bw=29,experts=[1,2]; c8:bw=10,experts=[2]; c5:bw=29,experts=[1,2]; c1:bw=33,experts=[0,1,2]; c6:bw=23,experts=[1,2]; c0:bw=15,experts=[2]; c9:bw=34,experts=[0,1,2]
   56 | 0.01000 |   0.6813 |   69.98% |   71.76% |    0:50.54
      bandwidth/experts | c9:bw=29,experts=[0,2]; c1:bw=31,experts=[0,1,2]; c3:bw=10,experts=[2]; c2:bw=29,experts=[1,2]; c5:bw=17,experts=[2]; c4:bw=10,experts=[2]; c8:bw=10,experts=[2]; c7:bw=10,experts=[2]; c6:bw=13,experts=[2]; c0:bw=39,experts=[0,1,2]
   57 | 0.01000 |   0.6784 |   69.74% |   71.76% |    0:50.72
      bandwidth/experts | c3:bw=35,experts=[0,1,2]; c8:bw=24,experts=[1,2]; c6:bw=27,experts=[1,2]; c1:bw=27,experts=[1,2]; c7:bw=38,experts=[0,1,2]; c0:bw=39,experts=[0,1,2]; c5:bw=24,experts=[0,2]; c4:bw=23,experts=[1,2]; c2:bw=18,experts=[2]; c9:bw=11,experts=[2]
   58 | 0.01000 |   0.6805 |   71.19% |   71.76% |    0:50.52
      bandwidth/experts | c7:bw=13,experts=[2]; c2:bw=10,experts=[2]; c9:bw=32,experts=[0,1,2]; c6:bw=30,experts=[0,1,2]; c5:bw=19,experts=[2]; c1:bw=17,experts=[2]; c8:bw=22,experts=[1,2]; c4:bw=21,experts=[0,2]; c3:bw=34,experts=[0,1,2]; c0:bw=26,experts=[0,2]
   59 | 0.01000 |   0.6853 |   69.20% |   71.76% |    0:50.63
      bandwidth/experts | c2:bw=20,experts=[1,2]; c8:bw=31,experts=[0,1,2]; c9:bw=15,experts=[2]; c6:bw=11,experts=[2]; c1:bw=36,experts=[0,1,2]; c4:bw=14,experts=[2]; c7:bw=15,experts=[2]; c5:bw=18,experts=[2]; c0:bw=29,experts=[0,2]; c3:bw=20,experts=[1,2]
   60 | 0.01000 |   0.6838 |   67.35% |   71.76% |    0:50.57
      bandwidth/experts | c0:bw=29,experts=[0,2]; c7:bw=26,experts=[1,2]; c4:bw=17,experts=[2]; c2:bw=17,experts=[2]; c5:bw=18,experts=[2]; c8:bw=14,experts=[2]; c6:bw=33,experts=[0,1,2]; c9:bw=10,experts=[2]; c1:bw=30,experts=[0,1,2]; c3:bw=24,experts=[1,2]
   61 | 0.01000 |   0.6776 |   70.59% |   71.76% |    0:50.45
      bandwidth/experts | c5:bw=27,experts=[0,2]; c6:bw=21,experts=[1,2]; c2:bw=16,experts=[2]; c9:bw=21,experts=[0,2]; c1:bw=19,experts=[2]; c3:bw=24,experts=[1,2]; c8:bw=31,experts=[0,1,2]; c4:bw=21,experts=[0,2]; c7:bw=24,experts=[1,2]; c0:bw=33,experts=[0,1,2]
   62 | 0.01000 |   0.6699 |   70.91% |   71.76% |    0:50.49
      bandwidth/experts | c8:bw=10,experts=[2]; c6:bw=35,experts=[0,1,2]; c9:bw=10,experts=[2]; c4:bw=33,experts=[0,1,2]; c5:bw=37,experts=[0,1,2]; c0:bw=16,experts=[2]; c3:bw=29,experts=[1,2]; c2:bw=23,experts=[1,2]; c1:bw=40,experts=[0,1,2,3]; c7:bw=25,experts=[1,2]
   63 | 0.01000 |   0.6758 |   70.77% |   71.76% |    0:50.59
      bandwidth/experts | c5:bw=10,experts=[2]; c9:bw=12,experts=[2]; c6:bw=19,experts=[2]; c3:bw=29,experts=[1,2]; c8:bw=18,experts=[2]; c1:bw=28,experts=[1,2]; c7:bw=38,experts=[0,1,2]; c0:bw=23,experts=[1,2]; c2:bw=15,experts=[2]; c4:bw=29,experts=[1,2]
   64 | 0.01000 |   0.6769 |   70.77% |   71.76% |    0:50.45
      bandwidth/experts | c6:bw=28,experts=[1,2]; c4:bw=21,experts=[1,2]; c5:bw=13,experts=[2]; c3:bw=21,experts=[1,2]; c7:bw=19,experts=[2]; c0:bw=18,experts=[2]; c8:bw=30,experts=[0,1,2]; c9:bw=33,experts=[0,1,2]; c2:bw=31,experts=[0,1,2]; c1:bw=16,experts=[2]
   65 | 0.01000 |   0.6679 |   71.97% |   71.97% |    0:50.68
      bandwidth/experts | c7:bw=10,experts=[2]; c5:bw=16,experts=[2]; c4:bw=32,experts=[0,1,2]; c6:bw=28,experts=[1,2]; c8:bw=37,experts=[0,1,2]; c3:bw=24,experts=[1,2]; c0:bw=23,experts=[0,2]; c2:bw=16,experts=[2]; c1:bw=32,experts=[0,1,2]; c9:bw=26,experts=[0,2]
   66 | 0.01000 |   0.6767 |   73.83% |   73.83% |    0:50.60
      bandwidth/experts | c2:bw=23,experts=[1,2]; c5:bw=10,experts=[2]; c1:bw=30,experts=[0,1,2]; c8:bw=13,experts=[2]; c9:bw=17,experts=[2]; c6:bw=16,experts=[2]; c4:bw=23,experts=[1,2]; c0:bw=21,experts=[0,2]; c3:bw=37,experts=[0,1,2]; c7:bw=28,experts=[1,2]
   67 | 0.01000 |   0.6711 |   70.73% |   73.83% |    0:50.92
      bandwidth/experts | c4:bw=28,experts=[0,2]; c5:bw=27,experts=[0,2]; c1:bw=20,experts=[1,2]; c3:bw=14,experts=[2]; c6:bw=29,experts=[1,2]; c0:bw=18,experts=[2]; c2:bw=24,experts=[1,2]; c9:bw=33,experts=[0,1,2]; c7:bw=33,experts=[0,1,2]; c8:bw=10,experts=[2]
   68 | 0.01000 |   0.6698 |   70.89% |   73.83% |    0:52.74
      bandwidth/experts | c1:bw=23,experts=[1,2]; c8:bw=17,experts=[2]; c2:bw=32,experts=[0,1,2]; c0:bw=17,experts=[2]; c3:bw=14,experts=[2]; c4:bw=27,experts=[0,2]; c5:bw=25,experts=[0,2]; c9:bw=10,experts=[2]; c7:bw=15,experts=[2]; c6:bw=18,experts=[2]
   69 | 0.01000 |   0.6668 |   70.21% |   73.83% |    0:54.66
      bandwidth/experts | c3:bw=23,experts=[1,2]; c7:bw=32,experts=[0,1,2]; c1:bw=17,experts=[2]; c4:bw=23,experts=[1,2]; c9:bw=20,experts=[0,2]; c5:bw=22,experts=[0,2]; c0:bw=29,experts=[0,2]; c2:bw=37,experts=[0,1,2]; c8:bw=23,experts=[1,2]; c6:bw=15,experts=[2]
   70 | 0.01000 |   0.6662 |   72.11% |   73.83% |    0:53.59
      bandwidth/experts | c1:bw=13,experts=[2]; c9:bw=10,experts=[2]; c7:bw=16,experts=[2]; c3:bw=18,experts=[2]; c0:bw=17,experts=[2]; c6:bw=14,experts=[2]; c2:bw=31,experts=[0,1,2]; c4:bw=32,experts=[0,1,2]; c5:bw=13,experts=[2]; c8:bw=27,experts=[1,2]
   71 | 0.01000 |   0.6601 |   71.48% |   73.83% |    0:54.92
      bandwidth/experts | c4:bw=24,experts=[1,2]; c0:bw=10,experts=[2]; c1:bw=29,experts=[1,2]; c9:bw=22,experts=[0,2]; c7:bw=11,experts=[2]; c5:bw=19,experts=[2]; c3:bw=34,experts=[0,1,2]; c6:bw=28,experts=[1,2]; c8:bw=21,experts=[1,2]; c2:bw=34,experts=[0,1,2]
   72 | 0.01000 |   0.6558 |   71.79% |   73.83% |    0:56.23
      bandwidth/experts | c8:bw=16,experts=[2]; c1:bw=22,experts=[1,2]; c5:bw=24,experts=[0,2]; c7:bw=27,experts=[1,2]; c6:bw=11,experts=[2]; c0:bw=29,experts=[0,2]; c3:bw=13,experts=[2]; c2:bw=13,experts=[2]; c9:bw=21,experts=[0,2]; c4:bw=22,experts=[0,2]
   73 | 0.01000 |   0.6517 |   68.65% |   73.83% |    0:56.47
      bandwidth/experts | c2:bw=26,experts=[1,2]; c8:bw=10,experts=[2]; c3:bw=22,experts=[1,2]; c1:bw=37,experts=[0,1,2]; c5:bw=10,experts=[2]; c9:bw=29,experts=[0,2]; c0:bw=16,experts=[2]; c7:bw=20,experts=[1,2]; c6:bw=11,experts=[2]; c4:bw=23,experts=[0,2]
   74 | 0.01000 |   0.6539 |   68.40% |   73.83% |    0:54.90
      bandwidth/experts | c3:bw=10,experts=[2]; c0:bw=22,experts=[1,2]; c1:bw=15,experts=[2]; c5:bw=28,experts=[0,2]; c7:bw=36,experts=[0,1,2]; c8:bw=16,experts=[2]; c6:bw=10,experts=[2]; c2:bw=10,experts=[2]; c4:bw=26,experts=[1,2]; c9:bw=18,experts=[2]
   75 | 0.01000 |   0.6583 |   73.18% |   73.83% |    0:54.73
      bandwidth/experts | c2:bw=22,experts=[1,2]; c9:bw=34,experts=[0,1,2]; c1:bw=30,experts=[0,1,2]; c3:bw=11,experts=[2]; c7:bw=16,experts=[2]; c6:bw=31,experts=[0,1,2]; c5:bw=17,experts=[2]; c4:bw=31,experts=[0,1,2]; c0:bw=34,experts=[0,1,2]; c8:bw=30,experts=[0,1,2]
   76 | 0.01000 |   0.6585 |   72.63% |   73.83% |    0:56.62
      bandwidth/experts | c8:bw=16,experts=[2]; c5:bw=21,experts=[0,2]; c0:bw=17,experts=[2]; c3:bw=10,experts=[2]; c2:bw=14,experts=[2]; c6:bw=13,experts=[2]; c7:bw=37,experts=[0,1,2]; c4:bw=34,experts=[0,1,2]; c9:bw=32,experts=[0,1,2]; c1:bw=30,experts=[0,1,2]
   77 | 0.01000 |   0.6569 |   72.57% |   73.83% |    0:55.04
      bandwidth/experts | c9:bw=16,experts=[2]; c2:bw=19,experts=[2]; c1:bw=35,experts=[0,1,2]; c8:bw=10,experts=[2]; c4:bw=10,experts=[2]; c7:bw=10,experts=[2]; c6:bw=32,experts=[0,1,2]; c0:bw=35,experts=[0,1,2]; c3:bw=22,experts=[1,2]; c5:bw=33,experts=[0,1,2]
   78 | 0.01000 |   0.6524 |   72.20% |   73.83% |    0:54.78
      bandwidth/experts | c0:bw=15,experts=[2]; c4:bw=13,experts=[2]; c3:bw=21,experts=[1,2]; c7:bw=20,experts=[1,2]; c8:bw=30,experts=[0,1,2]; c1:bw=23,experts=[1,2]; c9:bw=17,experts=[2]; c6:bw=32,experts=[0,1,2]; c5:bw=35,experts=[0,1,2]; c2:bw=19,experts=[2]
   79 | 0.01000 |   0.6534 |   69.66% |   73.83% |    0:54.88
      bandwidth/experts | c6:bw=12,experts=[2]; c9:bw=10,experts=[2]; c0:bw=20,experts=[0,2]; c4:bw=40,experts=[0,1,2,3]; c7:bw=25,experts=[1,2]; c8:bw=25,experts=[1,2]; c5:bw=29,experts=[0,2]; c3:bw=15,experts=[2]; c1:bw=21,experts=[1,2]; c2:bw=18,experts=[2]
   80 | 0.01000 |   0.6499 |   71.93% |   73.83% |    0:56.09
      bandwidth/experts | c5:bw=36,experts=[0,1,2]; c9:bw=29,experts=[0,2]; c7:bw=26,experts=[1,2]; c1:bw=17,experts=[2]; c3:bw=17,experts=[2]; c4:bw=32,experts=[0,1,2]; c2:bw=24,experts=[1,2]; c0:bw=26,experts=[0,2]; c6:bw=22,experts=[1,2]; c8:bw=28,experts=[1,2]
   81 | 0.01000 |   0.6476 |   73.80% |   73.83% |    0:55.69
      bandwidth/experts | c6:bw=29,experts=[1,2]; c2:bw=25,experts=[1,2]; c3:bw=37,experts=[0,1,2]; c1:bw=27,experts=[1,2]; c4:bw=23,experts=[1,2]; c5:bw=17,experts=[2]; c9:bw=15,experts=[2]; c7:bw=32,experts=[0,1,2]; c8:bw=26,experts=[1,2]; c0:bw=28,experts=[0,2]
   82 | 0.01000 |   0.6483 |   74.49% |   74.49% |    0:54.78
      bandwidth/experts | c1:bw=36,experts=[0,1,2]; c0:bw=17,experts=[2]; c6:bw=20,experts=[1,2]; c8:bw=32,experts=[0,1,2]; c7:bw=22,experts=[1,2]; c3:bw=22,experts=[1,2]; c2:bw=16,experts=[2]; c9:bw=31,experts=[0,1,2]; c5:bw=22,experts=[0,2]; c4:bw=16,experts=[2]
   83 | 0.01000 |   0.6591 |   74.18% |   74.49% |    0:55.73
      bandwidth/experts | c9:bw=29,experts=[0,2]; c4:bw=10,experts=[2]; c2:bw=23,experts=[1,2]; c7:bw=21,experts=[1,2]; c5:bw=10,experts=[2]; c0:bw=10,experts=[2]; c6:bw=29,experts=[1,2]; c1:bw=35,experts=[0,1,2]; c8:bw=22,experts=[1,2]; c3:bw=24,experts=[1,2]
   84 | 0.01000 |   0.6523 |   74.77% |   74.77% |    0:56.65
      bandwidth/experts | c8:bw=37,experts=[0,1,2]; c3:bw=18,experts=[2]; c1:bw=32,experts=[0,1,2]; c6:bw=10,experts=[2]; c9:bw=11,experts=[2]; c2:bw=20,experts=[1,2]; c7:bw=26,experts=[1,2]; c5:bw=11,experts=[2]; c4:bw=15,experts=[2]; c0:bw=10,experts=[2]
   85 | 0.01000 |   0.6461 |   73.17% |   74.77% |    0:55.85
      bandwidth/experts | c0:bw=21,experts=[0,2]; c2:bw=25,experts=[1,2]; c8:bw=39,experts=[0,1,2]; c6:bw=23,experts=[1,2]; c1:bw=31,experts=[0,1,2]; c4:bw=23,experts=[0,2]; c9:bw=32,experts=[0,1,2]; c3:bw=28,experts=[1,2]; c5:bw=10,experts=[2]; c7:bw=10,experts=[2]
   86 | 0.01000 |   0.6464 |   72.83% |   74.77% |    0:55.41
      bandwidth/experts | c5:bw=26,experts=[1,2]; c8:bw=15,experts=[2]; c2:bw=13,experts=[2]; c6:bw=31,experts=[0,1,2]; c0:bw=17,experts=[2]; c4:bw=10,experts=[2]; c7:bw=24,experts=[1,2]; c3:bw=15,experts=[2]; c1:bw=40,experts=[0,1,2,3]; c9:bw=24,experts=[0,2]
   87 | 0.01000 |   0.6455 |   69.54% |   74.77% |    0:55.13
      bandwidth/experts | c1:bw=16,experts=[2]; c2:bw=37,experts=[0,1,2]; c7:bw=12,experts=[2]; c5:bw=10,experts=[2]; c6:bw=33,experts=[0,1,2]; c3:bw=38,experts=[0,1,2]; c4:bw=19,experts=[2]; c9:bw=21,experts=[0,2]; c8:bw=26,experts=[1,2]; c0:bw=19,experts=[2]
   88 | 0.01000 |   0.6495 |   70.67% |   74.77% |    0:56.74
      bandwidth/experts | c8:bw=24,experts=[1,2]; c6:bw=15,experts=[2]; c3:bw=18,experts=[2]; c7:bw=23,experts=[1,2]; c0:bw=34,experts=[0,1,2]; c4:bw=21,experts=[0,2]; c9:bw=17,experts=[2]; c1:bw=16,experts=[2]; c5:bw=17,experts=[2]; c2:bw=25,experts=[1,2]
   89 | 0.01000 |   0.6451 |   71.48% |   74.77% |    0:55.74
      bandwidth/experts | c3:bw=17,experts=[2]; c8:bw=40,experts=[0,1,2,3]; c2:bw=25,experts=[1,2]; c9:bw=34,experts=[0,1,2]; c7:bw=12,experts=[2]; c5:bw=25,experts=[0,2]; c0:bw=10,experts=[2]; c6:bw=18,experts=[2]; c4:bw=17,experts=[2]; c1:bw=23,experts=[1,2]
   90 | 0.01000 |   0.6414 |   73.76% |   74.77% |    0:55.07
      bandwidth/experts | c7:bw=40,experts=[0,1,2,3]; c1:bw=17,experts=[2]; c3:bw=20,experts=[1,2]; c9:bw=35,experts=[0,1,2]; c0:bw=35,experts=[0,1,2]; c6:bw=14,experts=[2]; c2:bw=12,experts=[2]; c5:bw=15,experts=[2]; c8:bw=28,experts=[1,2]; c4:bw=20,experts=[0,2]
   91 | 0.01000 |   0.6430 |   72.90% |   74.77% |    0:55.48
      bandwidth/experts | c1:bw=28,experts=[1,2]; c9:bw=19,experts=[2]; c5:bw=29,experts=[0,2]; c7:bw=29,experts=[1,2]; c3:bw=22,experts=[1,2]; c4:bw=30,experts=[0,1,2]; c0:bw=12,experts=[2]; c6:bw=16,experts=[2]; c2:bw=10,experts=[2]; c8:bw=13,experts=[2]
   92 | 0.01000 |   0.6430 |   65.88% |   74.77% |    0:57.02
      bandwidth/experts | c3:bw=16,experts=[2]; c7:bw=19,experts=[2]; c1:bw=11,experts=[2]; c0:bw=16,experts=[2]; c8:bw=11,experts=[2]; c6:bw=25,experts=[1,2]; c9:bw=31,experts=[0,1,2]; c2:bw=14,experts=[2]; c5:bw=37,experts=[0,1,2]; c4:bw=15,experts=[2]
   93 | 0.01000 |   0.6389 |   69.83% |   74.77% |    0:55.26
      bandwidth/experts | c1:bw=26,experts=[1,2]; c3:bw=17,experts=[2]; c7:bw=12,experts=[2]; c9:bw=32,experts=[0,1,2]; c6:bw=12,experts=[2]; c8:bw=10,experts=[2]; c5:bw=10,experts=[2]; c4:bw=18,experts=[2]; c0:bw=10,experts=[2]; c2:bw=28,experts=[1,2]
   94 | 0.01000 |   0.6377 |   71.94% |   74.77% |    0:55.67
      bandwidth/experts | c7:bw=25,experts=[1,2]; c2:bw=36,experts=[0,1,2]; c5:bw=23,experts=[0,2]; c4:bw=17,experts=[2]; c6:bw=17,experts=[2]; c9:bw=28,experts=[0,2]; c1:bw=39,experts=[0,1,2]; c8:bw=10,experts=[2]; c0:bw=31,experts=[0,1,2]; c3:bw=19,experts=[2]
   95 | 0.01000 |   0.6390 |   74.69% |   74.77% |    0:55.42
      bandwidth/experts | c7:bw=33,experts=[0,1,2]; c9:bw=23,experts=[0,2]; c4:bw=10,experts=[2]; c6:bw=22,experts=[1,2]; c0:bw=19,experts=[2]; c3:bw=23,experts=[1,2]; c1:bw=17,experts=[2]; c8:bw=40,experts=[0,1,2,3]; c2:bw=13,experts=[2]; c5:bw=10,experts=[2]
   96 | 0.01000 |   0.6352 |   75.89% |   75.89% |    0:57.45
      bandwidth/experts | c2:bw=36,experts=[0,1,2]; c9:bw=25,experts=[0,2]; c3:bw=25,experts=[1,2]; c1:bw=20,experts=[1,2]; c5:bw=33,experts=[0,1,2]; c4:bw=27,experts=[1,2]; c6:bw=17,experts=[2]; c7:bw=28,experts=[1,2]; c0:bw=20,experts=[1,2]; c8:bw=36,experts=[0,1,2]
   97 | 0.01000 |   0.6375 |   74.10% |   75.89% |    0:55.43
      bandwidth/experts | c0:bw=23,experts=[1,2]; c9:bw=24,experts=[0,2]; c8:bw=24,experts=[1,2]; c4:bw=10,experts=[2]; c7:bw=17,experts=[2]; c1:bw=28,experts=[1,2]; c3:bw=19,experts=[2]; c5:bw=26,experts=[1,2]; c6:bw=28,experts=[1,2]; c2:bw=30,experts=[0,1,2]
   98 | 0.01000 |   0.6427 |   71.47% |   75.89% |    0:55.09
      bandwidth/experts | c4:bw=29,experts=[1,2]; c8:bw=30,experts=[0,1,2]; c9:bw=15,experts=[2]; c7:bw=13,experts=[2]; c6:bw=20,experts=[1,2]; c5:bw=27,experts=[0,2]; c0:bw=19,experts=[2]; c3:bw=14,experts=[2]; c1:bw=15,experts=[2]; c2:bw=13,experts=[2]
   99 | 0.01000 |   0.6382 |   66.30% |   75.89% |    0:56.24
      bandwidth/experts | c8:bw=19,experts=[2]; c5:bw=27,experts=[1,2]; c7:bw=25,experts=[1,2]; c1:bw=33,experts=[0,1,2]; c3:bw=21,experts=[1,2]; c9:bw=11,experts=[2]; c4:bw=14,experts=[2]; c0:bw=22,experts=[0,2]; c2:bw=17,experts=[2]; c6:bw=19,experts=[2]
  100 | 0.01000 |   0.6374 |   67.80% |   75.89% |    0:55.44
      bandwidth/experts | c2:bw=17,experts=[2]; c8:bw=25,experts=[1,2]; c9:bw=29,experts=[0,2]; c5:bw=10,experts=[2]; c6:bw=25,experts=[1,2]; c1:bw=10,experts=[2]; c4:bw=36,experts=[0,1,2]; c7:bw=10,experts=[2]; c3:bw=23,experts=[1,2]; c0:bw=36,experts=[0,1,2]

Done. Best Acc: 75.89% @ round 96
Total time: 1:27:10.47
[Export] 实验目录: /userhome/cs3/duanty/FedMoE/results/20260918-152900
[Export] 每轮明细: /userhome/cs3/duanty/FedMoE/results/20260918-152900/rounds.xlsx
[Export] 总体摘要: /userhome/cs3/duanty/FedMoE/results/20260918-152900/summary.xlsx
[Plot] result = /userhome/cs3/duanty/FedMoE/results/20260918-152900
[Plot] figures -> /userhome/cs3/duanty/FedMoE/results/20260918-152900/figure
  fig01_test_accuracy.pdf
  fig02_train_loss.pdf
  fig03_acc_and_loss.pdf
  fig04_bandwidth_and_k.pdf
  fig05_expert_round_heatmap.pdf
  fig06_client_expert_heatmap.pdf
  fig07_expert_frequency.pdf
  fig08_time_breakdown.pdf
  fig09_accuracy_vs_communication.pdf
  fig10_overview.pdf
[Export] 图片目录: /userhome/cs3/duanty/FedMoE/results/20260918-152900/figure
