========================================
Job    : c10-resnet-e8-fedadam
Host   : gpu-4090-102
Date   : Sun Sep 20 04:01:54 HKT 2026
GPU    : 0
Python : /userhome/cs3/duanty/miniconda3/envs/moe/bin/python
Command: python -u main.py --method ours --dataset cifar10 --backbone resnet --select ours --merge fedadam --device cuda --num_experts 8
========================================

==================================================================
 Ours  
  Dataset=cifar10 | beta=0.1 | Backbone=resnet | width_mult=1 | Clients=10 | Experts=8
  Select=ours | Merge=fedadam
  Expert refresh N_ref=8
  Rounds=100 | LR=0.01
  Bandwidth: expert_bw=10 | bw=[10, 40] | Rayleigh-Shannon, SNR=10 dB | k=floor(bw/10)
==================================================================


[Partition] Dirichlet beta=0.1, 10 clients
  Client 0:   6071 samples | 3/10 classes
  Client 1:  18481 samples | 7/10 classes
  Client 2:    174 samples | 3/10 classes
  Client 3:    462 samples | 3/10 classes
  Client 4:   2759 samples | 3/10 classes
  Client 5:   5740 samples | 7/10 classes
  Client 6:   1703 samples | 4/10 classes
  Client 7:   3407 samples | 7/10 classes
  Client 8:   6483 samples | 7/10 classes
  Client 9:   4720 samples | 10/10 classes

[Upload] expert_bw=10 | available bw=[10, 40] | Rayleigh-Shannon, SNR=10 dB | upload k=floor(bw/10), cap=8 | probe gate scores, refresh stale experts, then train selected

[Model] Total params: 13,315,216

[Export] 本次实验目录: /userhome/cs3/duanty/FedMoE/results/20260920-040157

Round |      LR |  AvgLoss |  TestAcc |     Best |  RoundTime
--------------------------------------------------------------------------------
    1 | 0.00208 |   1.6248 |   10.17% |   10.17% |    0:51.94
      bandwidth/experts | c8:bw=31,experts=[2,4,6]; c1:bw=16,experts=[2]; c5:bw=25,experts=[2,6]; c0:bw=10,experts=[2]; c7:bw=11,experts=[2]; c2:bw=16,experts=[2]; c9:bw=25,experts=[2,6]; c4:bw=22,experts=[2,6]; c3:bw=28,experts=[2,6]; c6:bw=23,experts=[2,6]
    2 | 0.00406 |   1.2839 |   14.51% |   14.51% |    0:51.36
      bandwidth/experts | c0:bw=20,experts=[4,6]; c1:bw=23,experts=[4,6]; c8:bw=27,experts=[4,6]; c5:bw=38,experts=[1,4,6]; c3:bw=37,experts=[1,4,6]; c4:bw=17,experts=[4]; c7:bw=31,experts=[1,4,6]; c9:bw=26,experts=[4,6]; c6:bw=10,experts=[4]; c2:bw=12,experts=[4]
    3 | 0.00604 |   1.1583 |   28.94% |   28.94% |    0:50.37
      bandwidth/experts | c9:bw=26,experts=[4,6]; c2:bw=23,experts=[4,6]; c0:bw=28,experts=[4,6]; c6:bw=22,experts=[4,6]; c8:bw=17,experts=[6]; c5:bw=10,experts=[6]; c3:bw=14,experts=[6]; c7:bw=18,experts=[6]; c1:bw=10,experts=[6]; c4:bw=29,experts=[4,6]
    4 | 0.00802 |   1.1543 |   32.77% |   32.77% |    0:50.80
      bandwidth/experts | c1:bw=22,experts=[4,6]; c7:bw=25,experts=[1,6]; c6:bw=29,experts=[4,6]; c2:bw=33,experts=[1,4,6]; c8:bw=17,experts=[6]; c0:bw=33,experts=[1,4,6]; c3:bw=19,experts=[6]; c4:bw=31,experts=[1,4,6]; c5:bw=40,experts=[1,4,6,7]; c9:bw=12,experts=[6]
    5 | 0.01000 |   1.1507 |   31.23% |   32.77% |    0:50.66
      bandwidth/experts | c1:bw=11,experts=[6]; c5:bw=22,experts=[1,6]; c4:bw=27,experts=[1,6]; c8:bw=20,experts=[1,6]; c0:bw=28,experts=[4,6]; c7:bw=14,experts=[6]; c6:bw=29,experts=[1,6]; c3:bw=35,experts=[1,4,6]; c2:bw=10,experts=[6]; c9:bw=35,experts=[1,4,6]
    6 | 0.01000 |   1.1341 |   28.29% |   32.77% |    0:50.85
      bandwidth/experts | c8:bw=37,experts=[1,4,6]; c2:bw=23,experts=[1,6]; c5:bw=15,experts=[6]; c7:bw=32,experts=[1,4,6]; c3:bw=20,experts=[1,6]; c1:bw=18,experts=[6]; c9:bw=27,experts=[4,6]; c0:bw=17,experts=[6]; c4:bw=10,experts=[6]; c6:bw=11,experts=[6]
    7 | 0.01000 |   1.0989 |   33.52% |   33.52% |    0:50.92
      bandwidth/experts | c0:bw=20,experts=[4,6]; c5:bw=27,experts=[4,6]; c2:bw=22,experts=[1,6]; c6:bw=10,experts=[6]; c3:bw=15,experts=[6]; c7:bw=17,experts=[6]; c4:bw=10,experts=[6]; c1:bw=10,experts=[6]; c8:bw=32,experts=[1,4,6]; c9:bw=10,experts=[6]
    8 | 0.01000 |   1.5657 |   34.79% |   34.79% |    0:50.61
      bandwidth/experts | c4:bw=10,experts=[0]; c8:bw=20,experts=[0,3]; c1:bw=32,experts=[0,1,3]; c3:bw=21,experts=[0,3]; c0:bw=18,experts=[0]; c5:bw=16,experts=[0]; c2:bw=30,experts=[0,3,5]; c9:bw=33,experts=[0,3,5]; c7:bw=10,experts=[0]; c6:bw=23,experts=[0,3]
    9 | 0.01000 |   1.5323 |   43.28% |   43.28% |    0:50.36
      bandwidth/experts | c2:bw=12,experts=[7]; c0:bw=29,experts=[3,5]; c4:bw=33,experts=[3,5,7]; c9:bw=15,experts=[7]; c8:bw=10,experts=[5]; c6:bw=17,experts=[5]; c7:bw=25,experts=[3,5]; c5:bw=29,experts=[3,5]; c1:bw=10,experts=[5]; c3:bw=13,experts=[5]
   10 | 0.01000 |   1.2100 |   39.80% |   43.28% |    0:50.34
      bandwidth/experts | c4:bw=20,experts=[2,6]; c2:bw=19,experts=[2]; c7:bw=21,experts=[2,7]; c0:bw=33,experts=[2,6,7]; c6:bw=36,experts=[2,6,7]; c3:bw=26,experts=[2,7]; c5:bw=32,experts=[1,2,6]; c8:bw=20,experts=[2,7]; c9:bw=20,experts=[2,6]; c1:bw=23,experts=[2,7]
   11 | 0.01000 |   0.9990 |   35.30% |   43.28% |    0:50.47
      bandwidth/experts | c5:bw=15,experts=[6]; c2:bw=15,experts=[6]; c7:bw=24,experts=[4,6]; c3:bw=28,experts=[1,6]; c0:bw=16,experts=[6]; c8:bw=22,experts=[1,6]; c9:bw=18,experts=[6]; c6:bw=31,experts=[1,4,6]; c1:bw=22,experts=[4,6]; c4:bw=10,experts=[6]
   12 | 0.01000 |   1.1812 |   46.05% |   46.05% |    0:50.43
      bandwidth/experts | c1:bw=24,experts=[4,6]; c5:bw=31,experts=[4,6,7]; c2:bw=32,experts=[1,4,6]; c4:bw=16,experts=[4]; c3:bw=19,experts=[4]; c7:bw=16,experts=[4]; c9:bw=23,experts=[4,6]; c6:bw=16,experts=[4]; c8:bw=31,experts=[1,4,6]; c0:bw=27,experts=[1,6]
   13 | 0.01000 |   1.1218 |   54.96% |   54.96% |    0:50.44
      bandwidth/experts | c3:bw=17,experts=[6]; c1:bw=26,experts=[4,6]; c4:bw=10,experts=[1]; c5:bw=16,experts=[4]; c8:bw=10,experts=[1]; c6:bw=20,experts=[4,6]; c9:bw=10,experts=[1]; c7:bw=32,experts=[1,4,6]; c0:bw=14,experts=[4]; c2:bw=10,experts=[4]
   14 | 0.01000 |   0.9019 |   53.34% |   54.96% |    0:50.19
      bandwidth/experts | c2:bw=25,experts=[1,6]; c4:bw=10,experts=[6]; c5:bw=36,experts=[1,4,6]; c1:bw=21,experts=[1,6]; c7:bw=14,experts=[6]; c0:bw=14,experts=[6]; c9:bw=18,experts=[6]; c3:bw=25,experts=[1,6]; c8:bw=12,experts=[1]; c6:bw=37,experts=[1,4,6]
   15 | 0.01000 |   0.9065 |   58.50% |   58.50% |    0:50.66
      bandwidth/experts | c7:bw=33,experts=[1,4,6]; c0:bw=11,experts=[6]; c1:bw=10,experts=[6]; c8:bw=29,experts=[4,6]; c3:bw=10,experts=[6]; c2:bw=29,experts=[1,6]; c4:bw=26,experts=[4,6]; c5:bw=10,experts=[6]; c9:bw=11,experts=[6]; c6:bw=18,experts=[6]
   16 | 0.01000 |   1.0569 |   58.07% |   58.50% |    0:50.58
      bandwidth/experts | c6:bw=22,experts=[0,3]; c1:bw=16,experts=[0]; c3:bw=24,experts=[0,3]; c8:bw=27,experts=[0,3]; c7:bw=12,experts=[0]; c5:bw=22,experts=[0,6]; c4:bw=20,experts=[0,6]; c9:bw=13,experts=[0]; c0:bw=32,experts=[0,4,6]; c2:bw=29,experts=[0,3]
   17 | 0.01000 |   1.0423 |   55.18% |   58.50% |    0:50.50
      bandwidth/experts | c4:bw=32,experts=[3,5,7]; c7:bw=14,experts=[3]; c8:bw=10,experts=[5]; c3:bw=29,experts=[1,5]; c5:bw=10,experts=[3]; c1:bw=16,experts=[3]; c0:bw=10,experts=[3]; c2:bw=11,experts=[5]; c9:bw=21,experts=[3,5]; c6:bw=21,experts=[5,6]
   18 | 0.01000 |   1.0168 |   42.98% |   58.50% |    0:50.69
      bandwidth/experts | c1:bw=10,experts=[5]; c8:bw=10,experts=[2]; c5:bw=19,experts=[5]; c2:bw=21,experts=[2,7]; c9:bw=10,experts=[7]; c7:bw=30,experts=[2,5,7]; c4:bw=31,experts=[1,2,4]; c3:bw=21,experts=[2,7]; c0:bw=27,experts=[2,5]; c6:bw=17,experts=[2]
   19 | 0.01000 |   0.9516 |   33.62% |   58.50% |    0:50.81
      bandwidth/experts | c8:bw=31,experts=[1,4,7]; c0:bw=23,experts=[4,7]; c4:bw=28,experts=[1,4]; c1:bw=26,experts=[2,7]; c9:bw=21,experts=[2,4]; c5:bw=16,experts=[2]; c7:bw=12,experts=[4]; c2:bw=10,experts=[4]; c6:bw=36,experts=[1,4,7]; c3:bw=22,experts=[1,4]
   20 | 0.01000 |   0.9422 |   49.20% |   58.50% |    0:51.02
      bandwidth/experts | c0:bw=15,experts=[1]; c2:bw=23,experts=[1,4]; c1:bw=22,experts=[1,4]; c9:bw=10,experts=[4]; c7:bw=24,experts=[1,4]; c6:bw=38,experts=[1,4,6]; c3:bw=10,experts=[4]; c5:bw=10,experts=[7]; c4:bw=33,experts=[1,4,6]; c8:bw=28,experts=[1,4]
   21 | 0.01000 |   0.9623 |   59.61% |   59.61% |    0:51.03
      bandwidth/experts | c1:bw=23,experts=[1,4]; c2:bw=22,experts=[1,4]; c7:bw=10,experts=[4]; c4:bw=26,experts=[1,4]; c8:bw=10,experts=[4]; c5:bw=18,experts=[4]; c0:bw=37,experts=[1,4,6]; c3:bw=10,experts=[4]; c6:bw=10,experts=[4]; c9:bw=14,experts=[1]
   22 | 0.01000 |   0.9483 |   61.02% |   61.02% |    0:50.99
      bandwidth/experts | c7:bw=10,experts=[4]; c9:bw=18,experts=[4]; c1:bw=10,experts=[4]; c6:bw=34,experts=[1,4,6]; c5:bw=10,experts=[1]; c2:bw=37,experts=[1,4,6]; c0:bw=37,experts=[1,4,6]; c4:bw=20,experts=[1,4]; c3:bw=31,experts=[1,4,6]; c8:bw=18,experts=[4]
   23 | 0.01000 |   0.9819 |   60.18% |   61.02% |    0:51.03
      bandwidth/experts | c5:bw=29,experts=[4,6]; c7:bw=10,experts=[6]; c4:bw=31,experts=[1,4,6]; c6:bw=10,experts=[4]; c9:bw=28,experts=[4,6]; c8:bw=19,experts=[6]; c3:bw=10,experts=[4]; c1:bw=34,experts=[1,4,6]; c2:bw=18,experts=[4]; c0:bw=10,experts=[4]
   24 | 0.01000 |   1.1665 |   56.50% |   61.02% |    0:52.13
      bandwidth/experts | c6:bw=17,experts=[0]; c4:bw=10,experts=[0]; c7:bw=10,experts=[0]; c9:bw=28,experts=[0,4]; c2:bw=24,experts=[0,3]; c1:bw=10,experts=[0]; c5:bw=14,experts=[0]; c8:bw=10,experts=[0]; c3:bw=10,experts=[0]; c0:bw=17,experts=[0]
   25 | 0.01000 |   1.0481 |   56.82% |   61.02% |    0:52.21
      bandwidth/experts | c9:bw=22,experts=[3,5]; c6:bw=10,experts=[3]; c4:bw=32,experts=[3,5,7]; c3:bw=10,experts=[3]; c5:bw=35,experts=[3,4,6]; c1:bw=27,experts=[3,4]; c8:bw=30,experts=[3,4,5]; c2:bw=10,experts=[5]; c0:bw=31,experts=[3,4,6]; c7:bw=22,experts=[3,4]
   26 | 0.01000 |   0.9818 |   64.45% |   64.45% |    0:53.36
      bandwidth/experts | c3:bw=25,experts=[2,5]; c6:bw=19,experts=[5]; c9:bw=28,experts=[4,7]; c7:bw=17,experts=[2]; c1:bw=18,experts=[5]; c5:bw=11,experts=[5]; c2:bw=17,experts=[2]; c8:bw=30,experts=[1,2,4]; c0:bw=10,experts=[2]; c4:bw=26,experts=[2,4]
   27 | 0.01000 |   0.8992 |   67.22% |   67.22% |    0:52.99
      bandwidth/experts | c7:bw=29,experts=[5,7]; c1:bw=34,experts=[2,4,7]; c4:bw=10,experts=[4]; c0:bw=20,experts=[5,7]; c9:bw=10,experts=[2]; c2:bw=11,experts=[7]; c8:bw=31,experts=[1,4,7]; c3:bw=12,experts=[7]; c6:bw=35,experts=[2,4,7]; c5:bw=20,experts=[2,4]
   28 | 0.01000 |   0.8489 |   68.23% |   68.23% |    0:51.69
      bandwidth/experts | c6:bw=16,experts=[4]; c9:bw=27,experts=[1,4]; c0:bw=26,experts=[4,6]; c8:bw=16,experts=[4]; c2:bw=10,experts=[4]; c5:bw=18,experts=[7]; c1:bw=14,experts=[4]; c3:bw=10,experts=[1]; c4:bw=10,experts=[4]; c7:bw=10,experts=[1]
   29 | 0.01000 |   0.8424 |   59.99% |   68.23% |    0:53.00
      bandwidth/experts | c4:bw=21,experts=[1,4]; c0:bw=24,experts=[4,6]; c1:bw=18,experts=[4]; c9:bw=24,experts=[1,4]; c6:bw=24,experts=[1,4]; c8:bw=19,experts=[4]; c7:bw=12,experts=[1]; c3:bw=18,experts=[1]; c2:bw=10,experts=[4]; c5:bw=19,experts=[4]
   30 | 0.01000 |   0.8637 |   63.14% |   68.23% |    0:56.29
      bandwidth/experts | c5:bw=34,experts=[1,4,6]; c1:bw=20,experts=[1,4]; c9:bw=30,experts=[1,4,6]; c4:bw=29,experts=[1,4]; c0:bw=10,experts=[1]; c8:bw=23,experts=[1,4]; c6:bw=10,experts=[6]; c7:bw=10,experts=[1]; c3:bw=33,experts=[1,4,6]; c2:bw=15,experts=[1]
   31 | 0.01000 |   0.9005 |   66.63% |   68.23% |    0:53.97
      bandwidth/experts | c6:bw=16,experts=[4]; c4:bw=11,experts=[6]; c9:bw=25,experts=[1,4]; c1:bw=17,experts=[6]; c5:bw=34,experts=[1,4,6]; c8:bw=18,experts=[6]; c3:bw=13,experts=[1]; c2:bw=10,experts=[6]; c0:bw=26,experts=[4,6]; c7:bw=35,experts=[1,4,6]
   32 | 0.01000 |   0.8966 |   70.21% |   70.21% |    0:57.76
      bandwidth/experts | c8:bw=12,experts=[0]; c5:bw=20,experts=[0,4]; c4:bw=27,experts=[0,4]; c7:bw=26,experts=[0,4]; c0:bw=25,experts=[0,4]; c1:bw=12,experts=[0]; c3:bw=16,experts=[0]; c6:bw=15,experts=[0]; c2:bw=30,experts=[0,3,4]; c9:bw=17,experts=[0]
   33 | 0.01000 |   0.8688 |   71.62% |   71.62% |    1:11.95
      bandwidth/experts | c7:bw=29,experts=[3,4]; c1:bw=19,experts=[3]; c3:bw=39,experts=[1,3,4]; c6:bw=20,experts=[3,4]; c5:bw=16,experts=[3]; c9:bw=23,experts=[3,5]; c2:bw=13,experts=[5]; c8:bw=28,experts=[3,5]; c4:bw=25,experts=[3,5]; c0:bw=35,experts=[3,4,6]
   34 | 0.01000 |   0.7871 |   69.83% |   71.62% |    1:10.62
      bandwidth/experts | c4:bw=26,experts=[2,7]; c1:bw=26,experts=[4,5]; c6:bw=27,experts=[4,5]; c9:bw=38,experts=[1,4,7]; c8:bw=23,experts=[2,4]; c0:bw=12,experts=[2]; c5:bw=33,experts=[4,5,6]; c7:bw=18,experts=[2]; c3:bw=40,experts=[1,2,4,5]; c2:bw=30,experts=[1,2,4]
   35 | 0.01000 |   0.7835 |   68.65% |   71.62% |    1:13.06
      bandwidth/experts | c4:bw=18,experts=[4]; c0:bw=11,experts=[5]; c1:bw=17,experts=[2]; c6:bw=24,experts=[2,7]; c2:bw=25,experts=[4,7]; c8:bw=28,experts=[4,7]; c9:bw=15,experts=[2]; c7:bw=27,experts=[5,7]; c5:bw=23,experts=[2,4]; c3:bw=13,experts=[7]
   36 | 0.01000 |   0.7695 |   69.47% |   71.62% |    1:12.29
      bandwidth/experts | c9:bw=21,experts=[1,4]; c0:bw=20,experts=[4,7]; c3:bw=33,experts=[1,4,6]; c7:bw=15,experts=[4]; c6:bw=24,experts=[1,4]; c5:bw=27,experts=[4,7]; c1:bw=10,experts=[7]; c4:bw=40,experts=[1,3,4,6]; c8:bw=28,experts=[1,4]; c2:bw=28,experts=[1,4]
   37 | 0.01000 |   0.7797 |   69.40% |   71.62% |    1:09.14
      bandwidth/experts | c1:bw=10,experts=[4]; c5:bw=22,experts=[4,6]; c2:bw=20,experts=[1,4]; c6:bw=36,experts=[1,4,6]; c4:bw=22,experts=[1,4]; c7:bw=23,experts=[1,4]; c9:bw=22,experts=[1,4]; c0:bw=30,experts=[1,4,6]; c3:bw=20,experts=[1,4]; c8:bw=10,experts=[4]
   38 | 0.01000 |   0.8032 |   74.57% |   74.57% |    1:13.17
      bandwidth/experts | c8:bw=25,experts=[1,4]; c6:bw=10,experts=[4]; c4:bw=29,experts=[1,4]; c1:bw=17,experts=[1]; c5:bw=10,experts=[4]; c2:bw=10,experts=[4]; c3:bw=21,experts=[1,4]; c7:bw=28,experts=[1,4]; c9:bw=14,experts=[6]; c0:bw=22,experts=[4,6]
   39 | 0.01000 |   0.7914 |   71.69% |   74.57% |    1:10.10
      bandwidth/experts | c3:bw=14,experts=[4]; c0:bw=10,experts=[4]; c1:bw=25,experts=[4,6]; c7:bw=22,experts=[4,6]; c6:bw=17,experts=[4]; c8:bw=25,experts=[4,6]; c2:bw=20,experts=[4,6]; c4:bw=20,experts=[1,4]; c9:bw=13,experts=[4]; c5:bw=40,experts=[1,3,4,6]
   40 | 0.01000 |   0.8421 |   75.93% |   75.93% |    0:54.10
      bandwidth/experts | c8:bw=14,experts=[0]; c1:bw=23,experts=[0,4]; c5:bw=18,experts=[0]; c6:bw=26,experts=[0,4]; c2:bw=36,experts=[0,3,4]; c7:bw=37,experts=[0,1,4]; c3:bw=10,experts=[0]; c4:bw=11,experts=[0]; c9:bw=22,experts=[0,4]; c0:bw=20,experts=[0,4]
   41 | 0.01000 |   0.8281 |   72.30% |   75.93% |    0:51.11
      bandwidth/experts | c2:bw=30,experts=[1,4,5]; c6:bw=10,experts=[3]; c8:bw=31,experts=[3,4,5]; c1:bw=10,experts=[3]; c4:bw=28,experts=[4,5]; c5:bw=34,experts=[1,4,6]; c7:bw=38,experts=[1,3,4]; c3:bw=22,experts=[3,4]; c9:bw=30,experts=[3,4,5]; c0:bw=10,experts=[3]
   42 | 0.01000 |   0.8384 |   70.46% |   75.93% |    0:50.94
      bandwidth/experts | c5:bw=28,experts=[4,5]; c1:bw=27,experts=[4,5]; c3:bw=27,experts=[2,5]; c9:bw=28,experts=[4,7]; c6:bw=19,experts=[5]; c0:bw=10,experts=[2]; c7:bw=11,experts=[2]; c4:bw=30,experts=[2,4,7]; c8:bw=23,experts=[2,4]; c2:bw=22,experts=[2,4]
   43 | 0.01000 |   0.8060 |   69.33% |   75.93% |    0:50.90
      bandwidth/experts | c5:bw=29,experts=[2,4]; c1:bw=32,experts=[1,2,4]; c2:bw=28,experts=[4,7]; c8:bw=25,experts=[4,7]; c9:bw=18,experts=[2]; c7:bw=12,experts=[5]; c4:bw=19,experts=[4]; c6:bw=10,experts=[2]; c3:bw=36,experts=[1,4,7]; c0:bw=12,experts=[5]
   44 | 0.01000 |   0.7896 |   70.10% |   75.93% |    0:50.61
      bandwidth/experts | c0:bw=37,experts=[4,6,7]; c3:bw=26,experts=[4,6]; c4:bw=16,experts=[3]; c2:bw=20,experts=[1,4]; c7:bw=40,experts=[1,4,6,7]; c5:bw=13,experts=[7]; c6:bw=11,experts=[7]; c9:bw=21,experts=[4,6]; c8:bw=19,experts=[4]; c1:bw=25,experts=[4,7]
   45 | 0.01000 |   0.7705 |   71.43% |   75.93% |    0:50.86
      bandwidth/experts | c8:bw=31,experts=[1,4,6]; c0:bw=20,experts=[1,4]; c3:bw=37,experts=[1,4,6]; c4:bw=36,experts=[1,4,6]; c7:bw=20,experts=[1,4]; c2:bw=27,experts=[1,4]; c9:bw=14,experts=[1]; c6:bw=10,experts=[1]; c5:bw=25,experts=[4,6]; c1:bw=31,experts=[1,4,6]
   46 | 0.01000 |   0.7581 |   71.93% |   75.93% |    0:51.06
      bandwidth/experts | c9:bw=20,experts=[4,6]; c3:bw=15,experts=[1]; c6:bw=21,experts=[4,6]; c1:bw=23,experts=[1,4]; c4:bw=35,experts=[1,4,6]; c5:bw=23,experts=[4,6]; c2:bw=32,experts=[1,4,6]; c8:bw=22,experts=[1,4]; c0:bw=30,experts=[1,4,6]; c7:bw=16,experts=[1]
   47 | 0.01000 |   0.7608 |   71.32% |   75.93% |    0:51.56
      bandwidth/experts | c5:bw=29,experts=[3,4]; c6:bw=12,experts=[4]; c7:bw=29,experts=[1,4]; c9:bw=10,experts=[4]; c8:bw=22,experts=[1,4]; c3:bw=39,experts=[1,4,6]; c4:bw=10,experts=[4]; c0:bw=25,experts=[4,6]; c1:bw=17,experts=[4]; c2:bw=30,experts=[1,4,6]
   48 | 0.01000 |   0.7697 |   71.91% |   75.93% |    0:50.99
      bandwidth/experts | c1:bw=28,experts=[0,4]; c8:bw=28,experts=[0,4]; c4:bw=37,experts=[0,1,4]; c2:bw=31,experts=[0,3,4]; c9:bw=29,experts=[0,4]; c6:bw=25,experts=[0,4]; c5:bw=31,experts=[0,4,6]; c7:bw=35,experts=[0,1,4]; c0:bw=10,experts=[0]; c3:bw=10,experts=[0]
   49 | 0.01000 |   0.7667 |   72.70% |   75.93% |    0:50.67
      bandwidth/experts | c4:bw=27,experts=[4,5]; c3:bw=18,experts=[3]; c8:bw=15,experts=[3]; c0:bw=11,experts=[3]; c2:bw=32,experts=[1,4,5]; c5:bw=31,experts=[1,4,6]; c6:bw=10,experts=[3]; c7:bw=24,experts=[3,4]; c9:bw=29,experts=[3,5]; c1:bw=30,experts=[1,3,4]
   50 | 0.01000 |   0.7671 |   75.07% |   75.93% |    0:50.79
      bandwidth/experts | c8:bw=18,experts=[5]; c4:bw=10,experts=[2]; c7:bw=19,experts=[2]; c6:bw=38,experts=[1,4,5]; c2:bw=35,experts=[1,2,4]; c1:bw=36,experts=[1,4,5]; c3:bw=22,experts=[2,5]; c0:bw=16,experts=[2]; c9:bw=15,experts=[7]; c5:bw=17,experts=[5]
   51 | 0.01000 |   0.7771 |   75.05% |   75.93% |    0:50.77
      bandwidth/experts | c5:bw=26,experts=[2,4]; c0:bw=30,experts=[4,5,6]; c1:bw=12,experts=[2]; c2:bw=11,experts=[7]; c8:bw=26,experts=[2,7]; c6:bw=29,experts=[2,4]; c9:bw=10,experts=[2]; c3:bw=31,experts=[1,4,7]; c4:bw=10,experts=[7]; c7:bw=15,experts=[5]
   52 | 0.01000 |   0.7385 |   76.24% |   76.24% |    0:50.86
      bandwidth/experts | c0:bw=26,experts=[4,7]; c8:bw=10,experts=[4]; c5:bw=13,experts=[7]; c7:bw=19,experts=[6]; c1:bw=22,experts=[4,7]; c4:bw=18,experts=[3]; c9:bw=17,experts=[4]; c6:bw=28,experts=[4,7]; c2:bw=16,experts=[4]; c3:bw=24,experts=[1,4]
   53 | 0.01000 |   0.7239 |   76.15% |   76.24% |    0:51.19
      bandwidth/experts | c8:bw=12,experts=[6]; c4:bw=16,experts=[4]; c5:bw=24,experts=[4,6]; c1:bw=33,experts=[1,4,6]; c3:bw=26,experts=[1,4]; c9:bw=34,experts=[1,4,6]; c6:bw=20,experts=[1,4]; c7:bw=24,experts=[1,7]; c0:bw=21,experts=[4,6]; c2:bw=29,experts=[1,4]
   54 | 0.01000 |   0.7087 |   73.32% |   76.24% |    0:51.10
      bandwidth/experts | c2:bw=10,experts=[4]; c1:bw=29,experts=[1,4]; c8:bw=31,experts=[1,4,6]; c7:bw=34,experts=[1,4,6]; c3:bw=17,experts=[1]; c0:bw=20,experts=[1,4]; c6:bw=30,experts=[1,4,6]; c5:bw=10,experts=[4]; c9:bw=28,experts=[1,4]; c4:bw=18,experts=[6]
   55 | 0.01000 |   0.7076 |   72.55% |   76.24% |    0:51.12
      bandwidth/experts | c7:bw=30,experts=[1,4,6]; c2:bw=23,experts=[4,6]; c4:bw=10,experts=[4]; c3:bw=29,experts=[1,6]; c8:bw=10,experts=[4]; c5:bw=29,experts=[3,4]; c1:bw=33,experts=[1,4,6]; c6:bw=23,experts=[1,4]; c0:bw=15,experts=[4]; c9:bw=34,experts=[1,4,6]
   56 | 0.01000 |   0.7797 |   72.27% |   76.24% |    0:50.89
      bandwidth/experts | c9:bw=29,experts=[0,4]; c1:bw=31,experts=[0,1,4]; c3:bw=10,experts=[0]; c2:bw=29,experts=[0,3]; c5:bw=17,experts=[0]; c4:bw=10,experts=[0]; c8:bw=10,experts=[0]; c7:bw=10,experts=[0]; c6:bw=13,experts=[0]; c0:bw=39,experts=[0,4,6]
   57 | 0.01000 |   0.7516 |   73.77% |   76.24% |    0:51.17
      bandwidth/experts | c3:bw=35,experts=[1,3,4]; c8:bw=24,experts=[3,4]; c6:bw=27,experts=[3,4]; c1:bw=27,experts=[3,4]; c7:bw=38,experts=[1,3,4]; c0:bw=39,experts=[3,4,6]; c5:bw=24,experts=[1,4]; c4:bw=23,experts=[1,5]; c2:bw=18,experts=[5]; c9:bw=11,experts=[3]
   58 | 0.01000 |   0.7533 |   75.89% |   76.24% |    0:50.82
      bandwidth/experts | c7:bw=13,experts=[2]; c2:bw=10,experts=[2]; c9:bw=32,experts=[4,5,7]; c6:bw=30,experts=[1,4,5]; c5:bw=19,experts=[5]; c1:bw=17,experts=[5]; c8:bw=22,experts=[4,5]; c4:bw=21,experts=[2,4]; c3:bw=34,experts=[1,2,5]; c0:bw=26,experts=[2,4]
   59 | 0.01000 |   0.7294 |   78.75% |   78.75% |    0:50.98
      bandwidth/experts | c2:bw=20,experts=[4,7]; c8:bw=31,experts=[2,4,7]; c9:bw=15,experts=[2]; c6:bw=11,experts=[2]; c1:bw=36,experts=[1,2,4]; c4:bw=14,experts=[7]; c7:bw=15,experts=[5]; c5:bw=18,experts=[2]; c0:bw=29,experts=[4,5]; c3:bw=20,experts=[1,7]
   60 | 0.01000 |   0.7126 |   77.30% |   78.75% |    0:51.06
      bandwidth/experts | c0:bw=29,experts=[4,7]; c7:bw=26,experts=[1,4]; c4:bw=17,experts=[3]; c2:bw=17,experts=[4]; c5:bw=18,experts=[7]; c8:bw=14,experts=[4]; c6:bw=33,experts=[1,4,7]; c9:bw=10,experts=[4]; c1:bw=30,experts=[1,4,7]; c3:bw=24,experts=[1,4]
   61 | 0.01000 |   0.7181 |   76.02% |   78.75% |    0:50.91
      bandwidth/experts | c5:bw=27,experts=[4,6]; c6:bw=21,experts=[1,4]; c2:bw=16,experts=[1]; c9:bw=21,experts=[1,4]; c1:bw=19,experts=[4]; c3:bw=24,experts=[1,4]; c8:bw=31,experts=[1,4,6]; c4:bw=21,experts=[1,4]; c7:bw=24,experts=[4,7]; c0:bw=33,experts=[1,4,6]
   62 | 0.01000 |   0.7020 |   73.06% |   78.75% |    0:51.03
      bandwidth/experts | c8:bw=10,experts=[4]; c6:bw=35,experts=[1,4,6]; c9:bw=10,experts=[4]; c4:bw=33,experts=[1,4,6]; c5:bw=37,experts=[1,4,6]; c0:bw=16,experts=[4]; c3:bw=29,experts=[1,4]; c2:bw=23,experts=[1,4]; c1:bw=40,experts=[1,4,5,6]; c7:bw=25,experts=[1,4]
   63 | 0.01000 |   0.7301 |   72.71% |   78.75% |    0:50.98
      bandwidth/experts | c5:bw=10,experts=[3]; c9:bw=12,experts=[6]; c6:bw=19,experts=[4]; c3:bw=29,experts=[4,6]; c8:bw=18,experts=[4]; c1:bw=28,experts=[1,4]; c7:bw=38,experts=[1,4,6]; c0:bw=23,experts=[4,6]; c2:bw=15,experts=[6]; c4:bw=29,experts=[1,4]
   64 | 0.01000 |   0.7206 |   75.67% |   78.75% |    0:50.78
      bandwidth/experts | c6:bw=28,experts=[0,4]; c4:bw=21,experts=[0,4]; c5:bw=13,experts=[0]; c3:bw=21,experts=[0,1]; c7:bw=19,experts=[0]; c0:bw=18,experts=[0]; c8:bw=30,experts=[0,1,4]; c9:bw=33,experts=[0,4,6]; c2:bw=31,experts=[0,3,4]; c1:bw=16,experts=[0]
   65 | 0.01000 |   0.7229 |   78.06% |   78.75% |    0:50.89
      bandwidth/experts | c7:bw=10,experts=[3]; c5:bw=16,experts=[4]; c4:bw=32,experts=[1,4,5]; c6:bw=28,experts=[3,4]; c8:bw=37,experts=[1,3,4]; c3:bw=24,experts=[1,3]; c0:bw=23,experts=[3,4]; c2:bw=16,experts=[5]; c1:bw=32,experts=[1,3,4]; c9:bw=26,experts=[3,4]
   66 | 0.01000 |   0.7147 |   77.86% |   78.75% |    0:51.02
      bandwidth/experts | c2:bw=23,experts=[2,4]; c5:bw=10,experts=[5]; c1:bw=30,experts=[1,4,6]; c8:bw=13,experts=[5]; c9:bw=17,experts=[5]; c6:bw=16,experts=[5]; c4:bw=23,experts=[2,4]; c0:bw=21,experts=[2,4]; c3:bw=37,experts=[1,2,5]; c7:bw=28,experts=[2,4]
   67 | 0.01000 |   0.7012 |   77.90% |   78.75% |    0:50.92
      bandwidth/experts | c4:bw=28,experts=[4,7]; c5:bw=27,experts=[2,4]; c1:bw=20,experts=[2,4]; c3:bw=14,experts=[7]; c6:bw=29,experts=[2,4]; c0:bw=18,experts=[5]; c2:bw=24,experts=[4,7]; c9:bw=33,experts=[2,4,7]; c7:bw=33,experts=[1,4,5]; c8:bw=10,experts=[2]
   68 | 0.01000 |   0.6968 |   75.39% |   78.75% |    0:50.93
      bandwidth/experts | c1:bw=23,experts=[4,7]; c8:bw=17,experts=[7]; c2:bw=32,experts=[1,4,6]; c0:bw=17,experts=[7]; c3:bw=14,experts=[1]; c4:bw=27,experts=[3,4]; c5:bw=25,experts=[4,7]; c9:bw=10,experts=[4]; c7:bw=15,experts=[4]; c6:bw=18,experts=[7]
   69 | 0.01000 |   0.6790 |   72.98% |   78.75% |    0:51.04
      bandwidth/experts | c3:bw=23,experts=[1,4]; c7:bw=32,experts=[1,4,7]; c1:bw=17,experts=[4]; c4:bw=23,experts=[1,4]; c9:bw=20,experts=[1,4]; c5:bw=22,experts=[4,6]; c0:bw=29,experts=[1,4]; c2:bw=37,experts=[1,4,6]; c8:bw=23,experts=[4,6]; c6:bw=15,experts=[4]
   70 | 0.01000 |   0.6890 |   72.28% |   78.75% |    0:51.01
      bandwidth/experts | c1:bw=13,experts=[5]; c9:bw=10,experts=[4]; c7:bw=16,experts=[4]; c3:bw=18,experts=[1]; c0:bw=17,experts=[4]; c6:bw=14,experts=[1]; c2:bw=31,experts=[1,4,6]; c4:bw=32,experts=[1,4,6]; c5:bw=13,experts=[1]; c8:bw=27,experts=[1,4]
   71 | 0.01000 |   0.6809 |   71.83% |   78.75% |    0:51.03
      bandwidth/experts | c4:bw=24,experts=[1,4]; c0:bw=10,experts=[6]; c1:bw=29,experts=[1,4]; c9:bw=22,experts=[1,4]; c7:bw=11,experts=[6]; c5:bw=19,experts=[3]; c3:bw=34,experts=[1,4,6]; c6:bw=28,experts=[4,6]; c8:bw=21,experts=[1,4]; c2:bw=34,experts=[1,4,6]
   72 | 0.01000 |   0.7202 |   75.38% |   78.75% |    0:51.03
      bandwidth/experts | c8:bw=16,experts=[0]; c1:bw=22,experts=[0,4]; c5:bw=24,experts=[0,4]; c7:bw=27,experts=[0,4]; c6:bw=11,experts=[0]; c0:bw=29,experts=[0,4]; c3:bw=13,experts=[0]; c2:bw=13,experts=[0]; c9:bw=21,experts=[0,6]; c4:bw=22,experts=[0,4]
   73 | 0.01000 |   0.7084 |   77.10% |   78.75% |    0:51.00
      bandwidth/experts | c2:bw=26,experts=[3,5]; c8:bw=10,experts=[3]; c3:bw=22,experts=[3,4]; c1:bw=37,experts=[1,3,4]; c5:bw=10,experts=[4]; c9:bw=29,experts=[3,4]; c0:bw=16,experts=[3]; c7:bw=20,experts=[3,4]; c6:bw=11,experts=[3]; c4:bw=23,experts=[4,5]
   74 | 0.01000 |   0.7019 |   75.08% |   78.75% |    0:50.91
      bandwidth/experts | c3:bw=10,experts=[2]; c0:bw=22,experts=[2,4]; c1:bw=15,experts=[6]; c5:bw=28,experts=[4,5]; c7:bw=36,experts=[1,2,4]; c8:bw=16,experts=[5]; c6:bw=10,experts=[5]; c2:bw=10,experts=[2]; c4:bw=26,experts=[2,4]; c9:bw=18,experts=[5]
   75 | 0.01000 |   0.6739 |   74.46% |   78.75% |    0:50.98
      bandwidth/experts | c2:bw=22,experts=[4,7]; c9:bw=34,experts=[2,4,7]; c1:bw=30,experts=[1,2,4]; c3:bw=11,experts=[5]; c7:bw=16,experts=[5]; c6:bw=31,experts=[1,2,4]; c5:bw=17,experts=[2]; c4:bw=31,experts=[1,4,7]; c0:bw=34,experts=[4,5,6]; c8:bw=30,experts=[1,2,4]
   76 | 0.01000 |   0.6795 |   72.66% |   78.75% |    0:50.83
      bandwidth/experts | c8:bw=16,experts=[7]; c5:bw=21,experts=[4,7]; c0:bw=17,experts=[7]; c3:bw=10,experts=[7]; c2:bw=14,experts=[4]; c6:bw=13,experts=[7]; c7:bw=37,experts=[1,4,6]; c4:bw=34,experts=[1,3,4]; c9:bw=32,experts=[1,4,6]; c1:bw=30,experts=[1,4,7]
   77 | 0.01000 |   0.6625 |   71.81% |   78.75% |    0:51.08
      bandwidth/experts | c9:bw=16,experts=[4]; c2:bw=19,experts=[4]; c1:bw=35,experts=[1,4,6]; c8:bw=10,experts=[6]; c4:bw=10,experts=[4]; c7:bw=10,experts=[7]; c6:bw=32,experts=[1,4,6]; c0:bw=35,experts=[1,4,6]; c3:bw=22,experts=[1,4]; c5:bw=33,experts=[1,4,6]
   78 | 0.01000 |   0.6644 |   72.90% |   78.75% |    0:50.90
      bandwidth/experts | c0:bw=15,experts=[4]; c4:bw=13,experts=[6]; c3:bw=21,experts=[1,4]; c7:bw=20,experts=[1,4]; c8:bw=30,experts=[1,4,6]; c1:bw=23,experts=[4,5]; c9:bw=17,experts=[4]; c6:bw=32,experts=[1,4,6]; c5:bw=35,experts=[1,4,6]; c2:bw=19,experts=[4]
   79 | 0.01000 |   0.6854 |   73.98% |   78.75% |    0:51.05
      bandwidth/experts | c6:bw=12,experts=[4]; c9:bw=10,experts=[4]; c0:bw=20,experts=[4,6]; c4:bw=40,experts=[1,2,4,6]; c7:bw=25,experts=[1,4]; c8:bw=25,experts=[1,4]; c5:bw=29,experts=[3,4]; c3:bw=15,experts=[6]; c1:bw=21,experts=[1,4]; c2:bw=18,experts=[1]
   80 | 0.01000 |   0.6922 |   75.97% |   78.75% |    0:50.99
      bandwidth/experts | c5:bw=36,experts=[0,4,6]; c9:bw=29,experts=[0,4]; c7:bw=26,experts=[0,4]; c1:bw=17,experts=[0]; c3:bw=17,experts=[0]; c4:bw=32,experts=[0,1,4]; c2:bw=24,experts=[0,6]; c0:bw=26,experts=[0,4]; c6:bw=22,experts=[0,4]; c8:bw=28,experts=[0,4]
   81 | 0.01000 |   0.6864 |   76.69% |   78.75% |    0:50.91
      bandwidth/experts | c6:bw=29,experts=[3,4]; c2:bw=25,experts=[3,5]; c3:bw=37,experts=[1,3,4]; c1:bw=27,experts=[3,4]; c4:bw=23,experts=[4,5]; c5:bw=17,experts=[4]; c9:bw=15,experts=[3]; c7:bw=32,experts=[1,3,4]; c8:bw=26,experts=[3,4]; c0:bw=28,experts=[3,4]
   82 | 0.01000 |   0.6859 |   78.98% |   78.98% |    0:51.22
      bandwidth/experts | c1:bw=36,experts=[1,4,6]; c0:bw=17,experts=[2]; c6:bw=20,experts=[4,5]; c8:bw=32,experts=[1,4,5]; c7:bw=22,experts=[1,2]; c3:bw=22,experts=[1,2]; c2:bw=16,experts=[2]; c9:bw=31,experts=[1,4,5]; c5:bw=22,experts=[4,5]; c4:bw=16,experts=[4]
   83 | 0.01000 |   0.6743 |   76.58% |   78.98% |    0:50.83
      bandwidth/experts | c9:bw=29,experts=[2,7]; c4:bw=10,experts=[7]; c2:bw=23,experts=[4,7]; c7:bw=21,experts=[4,5]; c5:bw=10,experts=[2]; c0:bw=10,experts=[5]; c6:bw=29,experts=[2,4]; c1:bw=35,experts=[1,2,4]; c8:bw=22,experts=[2,4]; c3:bw=24,experts=[1,5]
   84 | 0.01000 |   0.6671 |   75.86% |   78.98% |    0:51.08
      bandwidth/experts | c8:bw=37,experts=[1,4,7]; c3:bw=18,experts=[7]; c1:bw=32,experts=[1,4,7]; c6:bw=10,experts=[7]; c9:bw=11,experts=[6]; c2:bw=20,experts=[1,4]; c7:bw=26,experts=[1,6]; c5:bw=11,experts=[7]; c4:bw=15,experts=[3]; c0:bw=10,experts=[7]
   85 | 0.01000 |   0.6534 |   73.31% |   78.98% |    0:51.24
      bandwidth/experts | c0:bw=21,experts=[1,4]; c2:bw=25,experts=[1,4]; c8:bw=39,experts=[1,4,6]; c6:bw=23,experts=[1,4]; c1:bw=31,experts=[1,4,6]; c4:bw=23,experts=[1,4]; c9:bw=32,experts=[1,4,6]; c3:bw=28,experts=[1,4]; c5:bw=10,experts=[4]; c7:bw=10,experts=[7]
   86 | 0.01000 |   0.6577 |   71.13% |   78.98% |    0:50.91
      bandwidth/experts | c5:bw=26,experts=[1,4]; c8:bw=15,experts=[4]; c2:bw=13,experts=[4]; c6:bw=31,experts=[1,4,6]; c0:bw=17,experts=[4]; c4:bw=10,experts=[4]; c7:bw=24,experts=[1,4]; c3:bw=15,experts=[4]; c1:bw=40,experts=[1,4,5,6]; c9:bw=24,experts=[1,4]
   87 | 0.01000 |   0.6558 |   74.48% |   78.98% |    0:50.86
      bandwidth/experts | c1:bw=16,experts=[4]; c2:bw=37,experts=[1,4,6]; c7:bw=12,experts=[4]; c5:bw=10,experts=[3]; c6:bw=33,experts=[1,4,6]; c3:bw=38,experts=[1,4,6]; c4:bw=19,experts=[2]; c9:bw=21,experts=[1,4]; c8:bw=26,experts=[1,4]; c0:bw=19,experts=[6]
   88 | 0.01000 |   0.6615 |   78.58% |   78.98% |    0:50.75
      bandwidth/experts | c8:bw=24,experts=[0,4]; c6:bw=15,experts=[0]; c3:bw=18,experts=[0]; c7:bw=23,experts=[0,4]; c0:bw=34,experts=[0,4,6]; c4:bw=21,experts=[0,6]; c9:bw=17,experts=[0]; c1:bw=16,experts=[0]; c5:bw=17,experts=[0]; c2:bw=25,experts=[0,4]
   89 | 0.01000 |   0.6698 |   74.52% |   78.98% |    0:50.68
      bandwidth/experts | c3:bw=17,experts=[3]; c8:bw=40,experts=[1,3,4,6]; c2:bw=25,experts=[3,5]; c9:bw=34,experts=[1,3,4]; c7:bw=12,experts=[3]; c5:bw=25,experts=[4,6]; c0:bw=10,experts=[3]; c6:bw=18,experts=[3]; c4:bw=17,experts=[5]; c1:bw=23,experts=[3,4]
   90 | 0.01000 |   0.6663 |   73.53% |   78.98% |    0:51.07
      bandwidth/experts | c7:bw=40,experts=[1,2,4,6]; c1:bw=17,experts=[4]; c3:bw=20,experts=[1,2]; c9:bw=35,experts=[1,4,5]; c0:bw=35,experts=[2,4,6]; c6:bw=14,experts=[5]; c2:bw=12,experts=[2]; c5:bw=15,experts=[5]; c8:bw=28,experts=[4,5]; c4:bw=20,experts=[1,4]
   91 | 0.01000 |   0.6695 |   74.09% |   78.98% |    0:50.69
      bandwidth/experts | c1:bw=28,experts=[2,4]; c9:bw=19,experts=[2]; c5:bw=29,experts=[2,4]; c7:bw=29,experts=[1,5]; c3:bw=22,experts=[1,5]; c4:bw=30,experts=[1,4,7]; c0:bw=12,experts=[5]; c6:bw=16,experts=[2]; c2:bw=10,experts=[7]; c8:bw=13,experts=[2]
   92 | 0.01000 |   0.6520 |   75.53% |   78.98% |    0:50.95
      bandwidth/experts | c3:bw=16,experts=[7]; c7:bw=19,experts=[4]; c1:bw=11,experts=[7]; c0:bw=16,experts=[7]; c8:bw=11,experts=[7]; c6:bw=25,experts=[4,7]; c9:bw=31,experts=[1,4,7]; c2:bw=14,experts=[4]; c5:bw=37,experts=[4,6,7]; c4:bw=15,experts=[3]
   93 | 0.01000 |   0.6527 |   75.39% |   78.98% |    0:51.01
      bandwidth/experts | c1:bw=26,experts=[1,4]; c3:bw=17,experts=[1]; c7:bw=12,experts=[7]; c9:bw=32,experts=[1,4,6]; c6:bw=12,experts=[4]; c8:bw=10,experts=[4]; c5:bw=10,experts=[4]; c4:bw=18,experts=[4]; c0:bw=10,experts=[1]; c2:bw=28,experts=[1,4]
   94 | 0.01000 |   0.6486 |   75.22% |   78.98% |    0:51.03
      bandwidth/experts | c7:bw=25,experts=[1,4]; c2:bw=36,experts=[1,4,6]; c5:bw=23,experts=[1,4]; c4:bw=17,experts=[4]; c6:bw=17,experts=[4]; c9:bw=28,experts=[1,4]; c1:bw=39,experts=[4,5,6]; c8:bw=10,experts=[4]; c0:bw=31,experts=[1,4,6]; c3:bw=19,experts=[1]
   95 | 0.01000 |   0.6469 |   75.06% |   78.98% |    0:50.98
      bandwidth/experts | c7:bw=33,experts=[1,4,6]; c9:bw=23,experts=[1,4]; c4:bw=10,experts=[2]; c6:bw=22,experts=[1,6]; c0:bw=19,experts=[4]; c3:bw=23,experts=[4,6]; c1:bw=17,experts=[4]; c8:bw=40,experts=[1,4,5,6]; c2:bw=13,experts=[4]; c5:bw=10,experts=[3]
   96 | 0.01000 |   0.6433 |   75.34% |   78.98% |    0:50.88
      bandwidth/experts | c2:bw=36,experts=[0,1,4]; c9:bw=25,experts=[0,4]; c3:bw=25,experts=[0,1]; c1:bw=20,experts=[0,4]; c5:bw=33,experts=[0,4,6]; c4:bw=27,experts=[0,6]; c6:bw=17,experts=[0]; c7:bw=28,experts=[0,4]; c0:bw=20,experts=[0,4]; c8:bw=36,experts=[0,1,4]
   97 | 0.01000 |   0.6397 |   75.95% |   78.98% |    0:50.79
      bandwidth/experts | c0:bw=23,experts=[3,4]; c9:bw=24,experts=[3,4]; c8:bw=24,experts=[3,4]; c4:bw=10,experts=[5]; c7:bw=17,experts=[3]; c1:bw=28,experts=[3,4]; c3:bw=19,experts=[3]; c5:bw=26,experts=[4,6]; c6:bw=28,experts=[3,4]; c2:bw=30,experts=[3,4,5]
   98 | 0.01000 |   0.6482 |   77.43% |   78.98% |    0:50.80
      bandwidth/experts | c4:bw=29,experts=[1,4]; c8:bw=30,experts=[1,4,6]; c9:bw=15,experts=[5]; c7:bw=13,experts=[2]; c6:bw=20,experts=[4,5]; c5:bw=27,experts=[4,5]; c0:bw=19,experts=[2]; c3:bw=14,experts=[2]; c1:bw=15,experts=[4]; c2:bw=13,experts=[2]
   99 | 0.01000 |   0.6564 |   78.26% |   78.98% |    0:50.79
      bandwidth/experts | c8:bw=19,experts=[2]; c5:bw=27,experts=[2,4]; c7:bw=25,experts=[1,5]; c1:bw=33,experts=[1,2,4]; c3:bw=21,experts=[1,5]; c9:bw=11,experts=[2]; c4:bw=14,experts=[7]; c0:bw=22,experts=[4,5]; c2:bw=17,experts=[7]; c6:bw=19,experts=[2]
  100 | 0.01000 |   0.6489 |   78.14% |   78.98% |    0:50.85
      bandwidth/experts | c2:bw=17,experts=[4]; c8:bw=25,experts=[4,7]; c9:bw=29,experts=[4,7]; c5:bw=10,experts=[7]; c6:bw=25,experts=[4,7]; c1:bw=10,experts=[7]; c4:bw=36,experts=[1,3,4]; c7:bw=10,experts=[4]; c3:bw=23,experts=[1,7]; c0:bw=36,experts=[4,6,7]

Done. Best Acc: 78.98% @ round 82
Total time: 1:27:44.58
[Export] 实验目录: /userhome/cs3/duanty/FedMoE/results/20260920-040157
[Export] 每轮明细: /userhome/cs3/duanty/FedMoE/results/20260920-040157/rounds.xlsx
[Export] 总体摘要: /userhome/cs3/duanty/FedMoE/results/20260920-040157/summary.xlsx
[Plot] result = /userhome/cs3/duanty/FedMoE/results/20260920-040157
[Plot] figures -> /userhome/cs3/duanty/FedMoE/results/20260920-040157/figure
  fig01_test_accuracy.pdf
  fig02_train_loss.pdf
  fig03_acc_and_loss.pdf
  fig04_bandwidth_and_k.pdf
  fig05_expert_round_heatmap.pdf
  fig06_client_expert_heatmap.pdf
  fig07_expert_frequency.pdf
  fig08_time_breakdown.pdf
  fig09_accuracy_vs_communication.pdf
  fig10_overview.pdf
[Export] 图片目录: /userhome/cs3/duanty/FedMoE/results/20260920-040157/figure
