========================================
Job    : c10-resnet-ours-zerofill
Host   : gpu-4090-113
Date   : Sat Sep 19 19:50:15 HKT 2026
GPU    : 0
Python : /userhome/cs3/duanty/miniconda3/envs/moe/bin/python
Command: python -u main.py --method ours --dataset cifar10 --backbone resnet --select ours --merge zerofill --device cuda
========================================

==================================================================
 Ours  
  Dataset=cifar10 | beta=0.1 | Backbone=resnet | width_mult=1 | Clients=10 | Experts=4
  Select=ours | Merge=zerofill
  Expert refresh N_ref=4
  Rounds=100 | LR=0.01
  Bandwidth: expert_bw=10 | bw=[10, 40] | Rayleigh-Shannon, SNR=10 dB | k=floor(bw/10)
==================================================================


[Partition] Dirichlet beta=0.1, 10 clients
  Client 0:   6071 samples | 3/10 classes
  Client 1:  18481 samples | 7/10 classes
  Client 2:    174 samples | 3/10 classes
  Client 3:    462 samples | 3/10 classes
  Client 4:   2759 samples | 3/10 classes
  Client 5:   5740 samples | 7/10 classes
  Client 6:   1703 samples | 4/10 classes
  Client 7:   3407 samples | 7/10 classes
  Client 8:   6483 samples | 7/10 classes
  Client 9:   4720 samples | 10/10 classes

[Upload] expert_bw=10 | available bw=[10, 40] | Rayleigh-Shannon, SNR=10 dB | upload k=floor(bw/10), cap=4 | probe gate scores, refresh stale experts, then train selected

[Model] Total params: 12,242,024

[Export] 本次实验目录: /userhome/cs3/duanty/FedMoE/results/20260919-195021

Round |      LR |  AvgLoss |  TestAcc |     Best |  RoundTime
--------------------------------------------------------------------------------
    1 | 0.00208 |   1.4682 |   12.25% |   12.25% |    0:51.80
      bandwidth/experts | c8:bw=31,experts=[0,1,2]; c1:bw=16,experts=[2]; c5:bw=25,experts=[1,2]; c0:bw=10,experts=[2]; c7:bw=11,experts=[2]; c2:bw=16,experts=[2]; c9:bw=25,experts=[1,2]; c4:bw=22,experts=[1,2]; c3:bw=28,experts=[1,2]; c6:bw=23,experts=[1,2]
    2 | 0.00406 |   1.3596 |   32.19% |   32.19% |    0:50.90
      bandwidth/experts | c0:bw=20,experts=[0,2]; c1:bw=23,experts=[0,2]; c8:bw=27,experts=[1,2]; c5:bw=38,experts=[0,1,2]; c3:bw=37,experts=[0,1,2]; c4:bw=17,experts=[0]; c7:bw=31,experts=[0,1,2]; c9:bw=26,experts=[0,2]; c6:bw=10,experts=[0]; c2:bw=12,experts=[2]
    3 | 0.00604 |   1.1952 |   36.88% |   36.88% |    0:51.19
      bandwidth/experts | c9:bw=26,experts=[1,2]; c2:bw=23,experts=[1,2]; c0:bw=28,experts=[1,2]; c6:bw=22,experts=[1,2]; c8:bw=17,experts=[2]; c5:bw=10,experts=[2]; c3:bw=14,experts=[2]; c7:bw=18,experts=[2]; c1:bw=10,experts=[2]; c4:bw=29,experts=[1,2]
    4 | 0.00802 |   1.2468 |   28.03% |   36.88% |    0:51.28
      bandwidth/experts | c1:bw=22,experts=[1,3]; c7:bw=25,experts=[2,3]; c6:bw=29,experts=[2,3]; c2:bw=33,experts=[0,2,3]; c8:bw=17,experts=[3]; c0:bw=33,experts=[1,2,3]; c3:bw=19,experts=[3]; c4:bw=31,experts=[0,2,3]; c5:bw=40,experts=[0,1,2,3]; c9:bw=12,experts=[3]
    5 | 0.01000 |   1.2047 |   37.29% |   37.29% |    0:51.30
      bandwidth/experts | c1:bw=11,experts=[2]; c5:bw=22,experts=[1,2]; c4:bw=27,experts=[2,3]; c8:bw=20,experts=[0,2]; c0:bw=28,experts=[1,2]; c7:bw=14,experts=[2]; c6:bw=29,experts=[1,2]; c3:bw=35,experts=[1,2,3]; c2:bw=10,experts=[2]; c9:bw=35,experts=[1,2,3]
    6 | 0.01000 |   1.3662 |   35.12% |   37.29% |    0:51.23
      bandwidth/experts | c8:bw=37,experts=[0,1,2]; c2:bw=23,experts=[1,2]; c5:bw=15,experts=[2]; c7:bw=32,experts=[0,1,2]; c3:bw=20,experts=[0,2]; c1:bw=18,experts=[0]; c9:bw=27,experts=[0,2]; c0:bw=17,experts=[0]; c4:bw=10,experts=[2]; c6:bw=11,experts=[0]
    7 | 0.01000 |   1.2508 |   38.39% |   38.39% |    0:51.26
      bandwidth/experts | c0:bw=20,experts=[1,2]; c5:bw=27,experts=[1,2]; c2:bw=22,experts=[1,2]; c6:bw=10,experts=[2]; c3:bw=15,experts=[2]; c7:bw=17,experts=[2]; c4:bw=10,experts=[1]; c1:bw=10,experts=[2]; c8:bw=32,experts=[1,2,3]; c9:bw=10,experts=[2]
    8 | 0.01000 |   1.5631 |   40.83% |   40.83% |    0:51.36
      bandwidth/experts | c4:bw=10,experts=[0]; c8:bw=20,experts=[1,2]; c1:bw=32,experts=[1,2,3]; c3:bw=21,experts=[1,2]; c0:bw=18,experts=[3]; c5:bw=16,experts=[0]; c2:bw=30,experts=[0,2,3]; c9:bw=33,experts=[1,2,3]; c7:bw=10,experts=[3]; c6:bw=23,experts=[2,3]
    9 | 0.01000 |   1.2969 |   42.48% |   42.48% |    0:51.09
      bandwidth/experts | c2:bw=12,experts=[2]; c0:bw=29,experts=[1,2]; c4:bw=33,experts=[1,2,3]; c9:bw=15,experts=[2]; c8:bw=10,experts=[2]; c6:bw=17,experts=[1]; c7:bw=25,experts=[2,3]; c5:bw=29,experts=[2,3]; c1:bw=10,experts=[2]; c3:bw=13,experts=[3]
   10 | 0.01000 |   1.1320 |   50.11% |   50.11% |    0:51.42
      bandwidth/experts | c4:bw=20,experts=[2,3]; c2:bw=19,experts=[2]; c7:bw=21,experts=[0,1]; c0:bw=33,experts=[0,1,2]; c6:bw=36,experts=[0,1,2]; c3:bw=26,experts=[0,2]; c5:bw=32,experts=[1,2,3]; c8:bw=20,experts=[0,2]; c9:bw=20,experts=[0,2]; c1:bw=23,experts=[0,2]
   11 | 0.01000 |   1.0640 |   52.84% |   52.84% |    0:51.46
      bandwidth/experts | c5:bw=15,experts=[2]; c2:bw=15,experts=[1]; c7:bw=24,experts=[1,2]; c3:bw=28,experts=[2,3]; c0:bw=16,experts=[2]; c8:bw=22,experts=[2,3]; c9:bw=18,experts=[2]; c6:bw=31,experts=[1,2,3]; c1:bw=22,experts=[1,2]; c4:bw=10,experts=[2]
   12 | 0.01000 |   1.2068 |   52.17% |   52.84% |    0:51.62
      bandwidth/experts | c1:bw=24,experts=[2,3]; c5:bw=31,experts=[0,1,2]; c2:bw=32,experts=[0,2,3]; c4:bw=16,experts=[0]; c3:bw=19,experts=[1]; c7:bw=16,experts=[2]; c9:bw=23,experts=[1,3]; c6:bw=16,experts=[2]; c8:bw=31,experts=[1,2,3]; c0:bw=27,experts=[2,3]
   13 | 0.01000 |   1.1326 |   55.10% |   55.10% |    0:51.34
      bandwidth/experts | c3:bw=17,experts=[2]; c1:bw=26,experts=[1,2]; c4:bw=10,experts=[1]; c5:bw=16,experts=[2]; c8:bw=10,experts=[2]; c6:bw=20,experts=[1,2]; c9:bw=10,experts=[2]; c7:bw=32,experts=[1,2,3]; c0:bw=14,experts=[2]; c2:bw=10,experts=[2]
   14 | 0.01000 |   1.4165 |   47.12% |   55.10% |    0:51.15
      bandwidth/experts | c2:bw=25,experts=[1,2]; c4:bw=10,experts=[3]; c5:bw=36,experts=[1,2,3]; c1:bw=21,experts=[0,2]; c7:bw=14,experts=[0]; c0:bw=14,experts=[0]; c9:bw=18,experts=[0]; c3:bw=25,experts=[0,2]; c8:bw=12,experts=[0]; c6:bw=37,experts=[0,1,2]
   15 | 0.01000 |   1.4326 |   52.70% |   55.10% |    0:51.34
      bandwidth/experts | c7:bw=33,experts=[1,2,3]; c0:bw=11,experts=[1]; c1:bw=10,experts=[2]; c8:bw=29,experts=[1,2]; c3:bw=10,experts=[3]; c2:bw=29,experts=[1,2]; c4:bw=26,experts=[0,2]; c5:bw=10,experts=[2]; c9:bw=11,experts=[2]; c6:bw=18,experts=[3]
   16 | 0.01000 |   1.0876 |   53.87% |   55.10% |    0:51.43
      bandwidth/experts | c6:bw=22,experts=[1,2]; c1:bw=16,experts=[3]; c3:bw=24,experts=[1,2]; c8:bw=27,experts=[2,3]; c7:bw=12,experts=[2]; c5:bw=22,experts=[0,2]; c4:bw=20,experts=[2,3]; c9:bw=13,experts=[1]; c0:bw=32,experts=[1,2,3]; c2:bw=29,experts=[0,3]
   17 | 0.01000 |   1.0906 |   49.58% |   55.10% |    0:51.25
      bandwidth/experts | c4:bw=32,experts=[0,1,2]; c7:bw=14,experts=[2]; c8:bw=10,experts=[2]; c3:bw=29,experts=[1,2]; c5:bw=10,experts=[2]; c1:bw=16,experts=[1]; c0:bw=10,experts=[2]; c2:bw=11,experts=[2]; c9:bw=21,experts=[2,3]; c6:bw=21,experts=[1,2]
   18 | 0.01000 |   1.4540 |   20.49% |   55.10% |    0:50.94
      bandwidth/experts | c1:bw=10,experts=[0]; c8:bw=10,experts=[0]; c5:bw=19,experts=[1]; c2:bw=21,experts=[1,2]; c9:bw=10,experts=[0]; c7:bw=30,experts=[0,1,2]; c4:bw=31,experts=[1,2,3]; c3:bw=21,experts=[0,2]; c0:bw=27,experts=[0,2]; c6:bw=17,experts=[0]
   19 | 0.01000 |   1.3812 |   49.76% |   55.10% |    0:50.82
      bandwidth/experts | c8:bw=31,experts=[0,1,2]; c0:bw=23,experts=[1,2]; c4:bw=28,experts=[1,2]; c1:bw=26,experts=[1,2]; c9:bw=21,experts=[1,2]; c5:bw=16,experts=[3]; c7:bw=12,experts=[3]; c2:bw=10,experts=[2]; c6:bw=36,experts=[1,2,3]; c3:bw=22,experts=[2,3]
   20 | 0.01000 |   1.2811 |   56.60% |   56.60% |    0:50.88
      bandwidth/experts | c0:bw=15,experts=[3]; c2:bw=23,experts=[0,3]; c1:bw=22,experts=[2,3]; c9:bw=10,experts=[2]; c7:bw=24,experts=[1,2]; c6:bw=38,experts=[1,2,3]; c3:bw=10,experts=[2]; c5:bw=10,experts=[0]; c4:bw=33,experts=[0,1,2]; c8:bw=28,experts=[2,3]
   21 | 0.01000 |   1.1184 |   54.13% |   56.60% |    0:51.23
      bandwidth/experts | c1:bw=23,experts=[1,2]; c2:bw=22,experts=[1,2]; c7:bw=10,experts=[2]; c4:bw=26,experts=[1,2]; c8:bw=10,experts=[2]; c5:bw=18,experts=[2]; c0:bw=37,experts=[1,2,3]; c3:bw=10,experts=[1]; c6:bw=10,experts=[2]; c9:bw=14,experts=[3]
   22 | 0.01000 |   1.1955 |   35.38% |   56.60% |    0:51.05
      bandwidth/experts | c7:bw=10,experts=[0]; c9:bw=18,experts=[0]; c1:bw=10,experts=[0]; c6:bw=34,experts=[0,1,2]; c5:bw=10,experts=[1]; c2:bw=37,experts=[1,2,3]; c0:bw=37,experts=[0,1,2]; c4:bw=20,experts=[2,3]; c3:bw=31,experts=[0,1,2]; c8:bw=18,experts=[2]
   23 | 0.01000 |   1.3467 |   52.47% |   56.60% |    0:52.16
      bandwidth/experts | c5:bw=29,experts=[2,3]; c7:bw=10,experts=[3]; c4:bw=31,experts=[1,2,3]; c6:bw=10,experts=[2]; c9:bw=28,experts=[1,2]; c8:bw=19,experts=[0]; c3:bw=10,experts=[3]; c1:bw=34,experts=[0,1,2]; c2:bw=18,experts=[2]; c0:bw=10,experts=[2]
   24 | 0.01000 |   1.6387 |   19.10% |   56.60% |    0:51.05
      bandwidth/experts | c6:bw=17,experts=[3]; c4:bw=10,experts=[0]; c7:bw=10,experts=[1]; c9:bw=28,experts=[1,2]; c2:bw=24,experts=[0,2]; c1:bw=10,experts=[3]; c5:bw=14,experts=[0]; c8:bw=10,experts=[1]; c3:bw=10,experts=[2]; c0:bw=17,experts=[2]
   25 | 0.01000 |   1.0892 |   53.75% |   56.60% |    0:51.44
      bandwidth/experts | c9:bw=22,experts=[2,3]; c6:bw=10,experts=[2]; c4:bw=32,experts=[0,1,2]; c3:bw=10,experts=[2]; c5:bw=35,experts=[0,1,2]; c1:bw=27,experts=[1,2]; c8:bw=30,experts=[1,2,3]; c2:bw=10,experts=[2]; c0:bw=31,experts=[1,2,3]; c7:bw=22,experts=[1,2]
   26 | 0.01000 |   1.4636 |   53.21% |   56.60% |    0:51.21
      bandwidth/experts | c3:bw=25,experts=[0,1]; c6:bw=19,experts=[0]; c9:bw=28,experts=[0,2]; c7:bw=17,experts=[0]; c1:bw=18,experts=[2]; c5:bw=11,experts=[2]; c2:bw=17,experts=[1]; c8:bw=30,experts=[0,1,2]; c0:bw=10,experts=[0]; c4:bw=26,experts=[1,2]
   27 | 0.01000 |   1.2470 |   55.67% |   56.60% |    0:51.43
      bandwidth/experts | c7:bw=29,experts=[2,3]; c1:bw=34,experts=[0,1,2]; c4:bw=10,experts=[3]; c0:bw=20,experts=[1,2]; c9:bw=10,experts=[2]; c2:bw=11,experts=[3]; c8:bw=31,experts=[1,2,3]; c3:bw=12,experts=[3]; c6:bw=35,experts=[1,2,3]; c5:bw=20,experts=[2,3]
   28 | 0.01000 |   1.0029 |   58.09% |   58.09% |    0:51.13
      bandwidth/experts | c6:bw=16,experts=[2]; c9:bw=27,experts=[1,2]; c0:bw=26,experts=[1,2]; c8:bw=16,experts=[2]; c2:bw=10,experts=[0]; c5:bw=18,experts=[2]; c1:bw=14,experts=[3]; c3:bw=10,experts=[2]; c4:bw=10,experts=[2]; c7:bw=10,experts=[2]
   29 | 0.01000 |   1.1035 |   53.10% |   58.09% |    0:51.34
      bandwidth/experts | c4:bw=21,experts=[0,2]; c0:bw=24,experts=[2,3]; c1:bw=18,experts=[2]; c9:bw=24,experts=[2,3]; c6:bw=24,experts=[1,2]; c8:bw=19,experts=[2]; c7:bw=12,experts=[1]; c3:bw=18,experts=[2]; c2:bw=10,experts=[2]; c5:bw=19,experts=[0]
   30 | 0.01000 |   1.3613 |   55.33% |   58.09% |    0:51.41
      bandwidth/experts | c5:bw=34,experts=[0,1,2]; c1:bw=20,experts=[1,2]; c9:bw=30,experts=[0,1,2]; c4:bw=29,experts=[1,2]; c0:bw=10,experts=[0]; c8:bw=23,experts=[0,2]; c6:bw=10,experts=[0]; c7:bw=10,experts=[0]; c3:bw=33,experts=[0,1,2]; c2:bw=15,experts=[1]
   31 | 0.01000 |   1.4503 |   49.46% |   58.09% |    0:51.27
      bandwidth/experts | c6:bw=16,experts=[3]; c4:bw=11,experts=[3]; c9:bw=25,experts=[1,2]; c1:bw=17,experts=[0]; c5:bw=34,experts=[1,2,3]; c8:bw=18,experts=[1]; c3:bw=13,experts=[3]; c2:bw=10,experts=[3]; c0:bw=26,experts=[1,2]; c7:bw=35,experts=[1,2,3]
   32 | 0.01000 |   1.2760 |   46.52% |   58.09% |    0:51.33
      bandwidth/experts | c8:bw=12,experts=[3]; c5:bw=20,experts=[1,2]; c4:bw=27,experts=[1,2]; c7:bw=26,experts=[1,2]; c0:bw=25,experts=[1,2]; c1:bw=12,experts=[3]; c3:bw=16,experts=[2]; c6:bw=15,experts=[2]; c2:bw=30,experts=[0,1,2]; c9:bw=17,experts=[2]
   33 | 0.01000 |   0.9813 |   52.87% |   58.09% |    0:51.50
      bandwidth/experts | c7:bw=29,experts=[1,2]; c1:bw=19,experts=[2]; c3:bw=39,experts=[1,2,3]; c6:bw=20,experts=[1,2]; c5:bw=16,experts=[2]; c9:bw=23,experts=[2,3]; c2:bw=13,experts=[2]; c8:bw=28,experts=[1,2]; c4:bw=25,experts=[0,2]; c0:bw=35,experts=[1,2,3]
   34 | 0.01000 |   1.1765 |   53.81% |   58.09% |    0:51.48
      bandwidth/experts | c4:bw=26,experts=[1,2]; c1:bw=26,experts=[1,2]; c6:bw=27,experts=[0,2]; c9:bw=38,experts=[0,1,2]; c8:bw=23,experts=[0,2]; c0:bw=12,experts=[0]; c5:bw=33,experts=[0,1,2]; c7:bw=18,experts=[0]; c3:bw=40,experts=[0,1,2,3]; c2:bw=30,experts=[0,1,2]
   35 | 0.01000 |   1.1078 |   63.21% |   63.21% |    0:51.41
      bandwidth/experts | c4:bw=18,experts=[3]; c0:bw=11,experts=[2]; c1:bw=17,experts=[0]; c6:bw=24,experts=[2,3]; c2:bw=25,experts=[2,3]; c8:bw=28,experts=[1,2]; c9:bw=15,experts=[2]; c7:bw=27,experts=[2,3]; c5:bw=23,experts=[2,3]; c3:bw=13,experts=[2]
   36 | 0.01000 |   1.0258 |   55.93% |   63.21% |    0:51.15
      bandwidth/experts | c9:bw=21,experts=[1,2]; c0:bw=20,experts=[1,2]; c3:bw=33,experts=[1,2,3]; c7:bw=15,experts=[2]; c6:bw=24,experts=[1,2]; c5:bw=27,experts=[1,2]; c1:bw=10,experts=[3]; c4:bw=40,experts=[0,1,2,3]; c8:bw=28,experts=[2,3]; c2:bw=28,experts=[1,2]
   37 | 0.01000 |   0.9051 |   56.26% |   63.21% |    0:51.33
      bandwidth/experts | c1:bw=10,experts=[2]; c5:bw=22,experts=[1,2]; c2:bw=20,experts=[1,2]; c6:bw=36,experts=[0,1,2]; c4:bw=22,experts=[1,2]; c7:bw=23,experts=[1,2]; c9:bw=22,experts=[2,3]; c0:bw=30,experts=[1,2,3]; c3:bw=20,experts=[1,2]; c8:bw=10,experts=[2]
   38 | 0.01000 |   1.0612 |   39.86% |   63.21% |    0:51.30
      bandwidth/experts | c8:bw=25,experts=[0,2]; c6:bw=10,experts=[2]; c4:bw=29,experts=[1,2]; c1:bw=17,experts=[1]; c5:bw=10,experts=[0]; c2:bw=10,experts=[0]; c3:bw=21,experts=[0,2]; c7:bw=28,experts=[0,2]; c9:bw=14,experts=[0]; c0:bw=22,experts=[0,2]
   39 | 0.01000 |   1.0645 |   54.00% |   63.21% |    0:51.36
      bandwidth/experts | c3:bw=14,experts=[2]; c0:bw=10,experts=[2]; c1:bw=25,experts=[0,2]; c7:bw=22,experts=[2,3]; c6:bw=17,experts=[3]; c8:bw=25,experts=[1,2]; c2:bw=20,experts=[2,3]; c4:bw=20,experts=[1,2]; c9:bw=13,experts=[2]; c5:bw=40,experts=[0,1,2,3]
   40 | 0.01000 |   1.2290 |   57.89% |   63.21% |    0:51.48
      bandwidth/experts | c8:bw=14,experts=[3]; c1:bw=23,experts=[2,3]; c5:bw=18,experts=[2]; c6:bw=26,experts=[1,2]; c2:bw=36,experts=[1,2,3]; c7:bw=37,experts=[1,2,3]; c3:bw=10,experts=[3]; c4:bw=11,experts=[0]; c9:bw=22,experts=[1,2]; c0:bw=20,experts=[1,2]
   41 | 0.01000 |   1.1953 |   56.33% |   63.21% |    0:51.44
      bandwidth/experts | c2:bw=30,experts=[1,2,3]; c6:bw=10,experts=[0]; c8:bw=31,experts=[1,2,3]; c1:bw=10,experts=[2]; c4:bw=28,experts=[2,3]; c5:bw=34,experts=[1,2,3]; c7:bw=38,experts=[0,1,2]; c3:bw=22,experts=[1,2]; c9:bw=30,experts=[1,2,3]; c0:bw=10,experts=[3]
   42 | 0.01000 |   1.0818 |   61.10% |   63.21% |    0:51.39
      bandwidth/experts | c5:bw=28,experts=[1,2]; c1:bw=27,experts=[1,2]; c3:bw=27,experts=[0,2]; c9:bw=28,experts=[0,2]; c6:bw=19,experts=[2]; c0:bw=10,experts=[0]; c7:bw=11,experts=[2]; c4:bw=30,experts=[1,2,3]; c8:bw=23,experts=[0,2]; c2:bw=22,experts=[0,2]
   43 | 0.01000 |   1.0115 |   61.31% |   63.21% |    0:51.49
      bandwidth/experts | c5:bw=29,experts=[0,2]; c1:bw=32,experts=[0,1,2]; c2:bw=28,experts=[1,2]; c8:bw=25,experts=[1,2]; c9:bw=18,experts=[2]; c7:bw=12,experts=[2]; c4:bw=19,experts=[2]; c6:bw=10,experts=[3]; c3:bw=36,experts=[1,2,3]; c0:bw=12,experts=[2]
   44 | 0.01000 |   1.0921 |   62.14% |   63.21% |    0:51.34
      bandwidth/experts | c0:bw=37,experts=[1,2,3]; c3:bw=26,experts=[1,2]; c4:bw=16,experts=[0]; c2:bw=20,experts=[1,2]; c7:bw=40,experts=[0,1,2,3]; c5:bw=13,experts=[2]; c6:bw=11,experts=[1]; c9:bw=21,experts=[1,2]; c8:bw=19,experts=[2]; c1:bw=25,experts=[2,3]
   45 | 0.01000 |   1.0030 |   61.22% |   63.21% |    0:51.51
      bandwidth/experts | c8:bw=31,experts=[1,2,3]; c0:bw=20,experts=[1,2]; c3:bw=37,experts=[1,2,3]; c4:bw=36,experts=[1,2,3]; c7:bw=20,experts=[1,2]; c2:bw=27,experts=[2,3]; c9:bw=14,experts=[3]; c6:bw=10,experts=[0]; c5:bw=25,experts=[2,3]; c1:bw=31,experts=[1,2,3]
   46 | 0.01000 |   0.9632 |   63.49% |   63.49% |    0:51.42
      bandwidth/experts | c9:bw=20,experts=[0,2]; c3:bw=15,experts=[0]; c6:bw=21,experts=[1,2]; c1:bw=23,experts=[1,2]; c4:bw=35,experts=[1,2,3]; c5:bw=23,experts=[1,2]; c2:bw=32,experts=[0,1,2]; c8:bw=22,experts=[0,2]; c0:bw=30,experts=[0,1,2]; c7:bw=16,experts=[2]
   47 | 0.01000 |   0.9707 |   68.53% |   68.53% |    0:51.39
      bandwidth/experts | c5:bw=29,experts=[0,2]; c6:bw=12,experts=[3]; c7:bw=29,experts=[1,2]; c9:bw=10,experts=[2]; c8:bw=22,experts=[1,2]; c3:bw=39,experts=[1,2,3]; c4:bw=10,experts=[2]; c0:bw=25,experts=[1,2]; c1:bw=17,experts=[0]; c2:bw=30,experts=[1,2,3]
   48 | 0.01000 |   1.0021 |   60.18% |   68.53% |    0:51.67
      bandwidth/experts | c1:bw=28,experts=[1,2]; c8:bw=28,experts=[1,2]; c4:bw=37,experts=[0,1,2]; c2:bw=31,experts=[1,2,3]; c9:bw=29,experts=[1,2]; c6:bw=25,experts=[1,2]; c5:bw=31,experts=[0,1,2]; c7:bw=35,experts=[0,2,3]; c0:bw=10,experts=[3]; c3:bw=10,experts=[2]
   49 | 0.01000 |   1.0952 |   61.80% |   68.53% |    0:51.35
      bandwidth/experts | c4:bw=27,experts=[1,2]; c3:bw=18,experts=[2]; c8:bw=15,experts=[3]; c0:bw=11,experts=[2]; c2:bw=32,experts=[1,2,3]; c5:bw=31,experts=[1,2,3]; c6:bw=10,experts=[0]; c7:bw=24,experts=[1,2]; c9:bw=29,experts=[2,3]; c1:bw=30,experts=[1,2,3]
   50 | 0.01000 |   1.2941 |   53.79% |   68.53% |    0:51.28
      bandwidth/experts | c8:bw=18,experts=[0]; c4:bw=10,experts=[3]; c7:bw=19,experts=[2]; c6:bw=38,experts=[0,1,2]; c2:bw=35,experts=[0,1,2]; c1:bw=36,experts=[0,1,2]; c3:bw=22,experts=[0,2]; c0:bw=16,experts=[0]; c9:bw=15,experts=[0]; c5:bw=17,experts=[2]
   51 | 0.01000 |   0.9704 |   62.12% |   68.53% |    0:51.43
      bandwidth/experts | c5:bw=26,experts=[1,2]; c0:bw=30,experts=[0,1,2]; c1:bw=12,experts=[2]; c2:bw=11,experts=[2]; c8:bw=26,experts=[1,2]; c6:bw=29,experts=[2,3]; c9:bw=10,experts=[2]; c3:bw=31,experts=[1,2,3]; c4:bw=10,experts=[2]; c7:bw=15,experts=[2]
   52 | 0.01000 |   1.1334 |   55.49% |   68.53% |    0:51.45
      bandwidth/experts | c0:bw=26,experts=[2,3]; c8:bw=10,experts=[2]; c5:bw=13,experts=[0]; c7:bw=19,experts=[0]; c1:bw=22,experts=[1,2]; c4:bw=18,experts=[0]; c9:bw=17,experts=[1]; c6:bw=28,experts=[1,2]; c2:bw=16,experts=[2]; c3:bw=24,experts=[1,2]
   53 | 0.01000 |   1.2883 |   54.94% |   68.53% |    0:51.58
      bandwidth/experts | c8:bw=12,experts=[3]; c4:bw=16,experts=[1]; c5:bw=24,experts=[2,3]; c1:bw=33,experts=[1,2,3]; c3:bw=26,experts=[1,2]; c9:bw=34,experts=[1,2,3]; c6:bw=20,experts=[1,2]; c7:bw=24,experts=[1,3]; c0:bw=21,experts=[1,2]; c2:bw=29,experts=[2,3]
   54 | 0.01000 |   1.2086 |   61.28% |   68.53% |    0:51.33
      bandwidth/experts | c2:bw=10,experts=[0]; c1:bw=29,experts=[0,2]; c8:bw=31,experts=[0,1,2]; c7:bw=34,experts=[0,1,2]; c3:bw=17,experts=[0]; c0:bw=20,experts=[1,2]; c6:bw=30,experts=[0,1,2]; c5:bw=10,experts=[2]; c9:bw=28,experts=[0,2]; c4:bw=18,experts=[3]
   55 | 0.01000 |   1.0096 |   64.63% |   68.53% |    0:51.41
      bandwidth/experts | c7:bw=30,experts=[0,1,2]; c2:bw=23,experts=[1,2]; c4:bw=10,experts=[2]; c3:bw=29,experts=[2,3]; c8:bw=10,experts=[2]; c5:bw=29,experts=[1,2]; c1:bw=33,experts=[0,1,2]; c6:bw=23,experts=[2,3]; c0:bw=15,experts=[0]; c9:bw=34,experts=[1,2,3]
   56 | 0.01000 |   1.0268 |   63.00% |   68.53% |    0:51.41
      bandwidth/experts | c9:bw=29,experts=[1,2]; c1:bw=31,experts=[0,1,2]; c3:bw=10,experts=[2]; c2:bw=29,experts=[1,2]; c5:bw=17,experts=[0]; c4:bw=10,experts=[0]; c8:bw=10,experts=[2]; c7:bw=10,experts=[2]; c6:bw=13,experts=[2]; c0:bw=39,experts=[1,2,3]
   57 | 0.01000 |   0.9188 |   64.29% |   68.53% |    0:51.54
      bandwidth/experts | c3:bw=35,experts=[0,1,2]; c8:bw=24,experts=[2,3]; c6:bw=27,experts=[1,2]; c1:bw=27,experts=[2,3]; c7:bw=38,experts=[1,2,3]; c0:bw=39,experts=[0,1,2]; c5:bw=24,experts=[2,3]; c4:bw=23,experts=[1,2]; c2:bw=18,experts=[3]; c9:bw=11,experts=[2]
   58 | 0.01000 |   0.9769 |   64.92% |   68.53% |    0:51.45
      bandwidth/experts | c7:bw=13,experts=[2]; c2:bw=10,experts=[0]; c9:bw=32,experts=[0,1,2]; c6:bw=30,experts=[0,1,2]; c5:bw=19,experts=[2]; c1:bw=17,experts=[2]; c8:bw=22,experts=[0,1]; c4:bw=21,experts=[2,3]; c3:bw=34,experts=[1,2,3]; c0:bw=26,experts=[1,2]
   59 | 0.01000 |   1.1236 |   58.42% |   68.53% |    0:51.31
      bandwidth/experts | c2:bw=20,experts=[1,2]; c8:bw=31,experts=[1,2,3]; c9:bw=15,experts=[3]; c6:bw=11,experts=[3]; c1:bw=36,experts=[0,1,2]; c4:bw=14,experts=[2]; c7:bw=15,experts=[0]; c5:bw=18,experts=[1]; c0:bw=29,experts=[1,2]; c3:bw=20,experts=[1,2]
   60 | 0.01000 |   1.1093 |   62.81% |   68.53% |    0:51.47
      bandwidth/experts | c0:bw=29,experts=[2,3]; c7:bw=26,experts=[1,2]; c4:bw=17,experts=[0]; c2:bw=17,experts=[2]; c5:bw=18,experts=[0]; c8:bw=14,experts=[2]; c6:bw=33,experts=[0,1,2]; c9:bw=10,experts=[2]; c1:bw=30,experts=[0,1,2]; c3:bw=24,experts=[1,2]
   61 | 0.01000 |   0.9258 |   70.17% |   70.17% |    0:51.36
      bandwidth/experts | c5:bw=27,experts=[2,3]; c6:bw=21,experts=[1,2]; c2:bw=16,experts=[3]; c9:bw=21,experts=[1,2]; c1:bw=19,experts=[3]; c3:bw=24,experts=[0,2]; c8:bw=31,experts=[1,2,3]; c4:bw=21,experts=[1,2]; c7:bw=24,experts=[2,3]; c0:bw=33,experts=[0,1,2]
   62 | 0.01000 |   1.0394 |   57.30% |   70.17% |    0:51.40
      bandwidth/experts | c8:bw=10,experts=[0]; c6:bw=35,experts=[0,1,2]; c9:bw=10,experts=[0]; c4:bw=33,experts=[1,2,3]; c5:bw=37,experts=[0,1,2]; c0:bw=16,experts=[2]; c3:bw=29,experts=[2,3]; c2:bw=23,experts=[0,2]; c1:bw=40,experts=[0,1,2,3]; c7:bw=25,experts=[1,2]
   63 | 0.01000 |   1.1349 |   63.06% |   70.17% |    0:51.40
      bandwidth/experts | c5:bw=10,experts=[2]; c9:bw=12,experts=[3]; c6:bw=19,experts=[3]; c3:bw=29,experts=[1,2]; c8:bw=18,experts=[2]; c1:bw=28,experts=[1,2]; c7:bw=38,experts=[0,1,2]; c0:bw=23,experts=[1,2]; c2:bw=15,experts=[1]; c4:bw=29,experts=[1,2]
   64 | 0.01000 |   0.9930 |   64.58% |   70.17% |    0:51.38
      bandwidth/experts | c6:bw=28,experts=[1,2]; c4:bw=21,experts=[0,2]; c5:bw=13,experts=[2]; c3:bw=21,experts=[1,2]; c7:bw=19,experts=[2]; c0:bw=18,experts=[3]; c8:bw=30,experts=[1,2,3]; c9:bw=33,experts=[1,2,3]; c2:bw=31,experts=[0,1,2]; c1:bw=16,experts=[2]
   65 | 0.01000 |   1.0238 |   64.39% |   70.17% |    0:51.66
      bandwidth/experts | c7:bw=10,experts=[3]; c5:bw=16,experts=[3]; c4:bw=32,experts=[0,1,2]; c6:bw=28,experts=[1,2]; c8:bw=37,experts=[1,2,3]; c3:bw=24,experts=[0,2]; c0:bw=23,experts=[0,2]; c2:bw=16,experts=[3]; c1:bw=32,experts=[0,1,2]; c9:bw=26,experts=[1,2]
   66 | 0.01000 |   1.1962 |   63.63% |   70.17% |    0:51.47
      bandwidth/experts | c2:bw=23,experts=[1,2]; c5:bw=10,experts=[0]; c1:bw=30,experts=[1,2,3]; c8:bw=13,experts=[0]; c9:bw=17,experts=[0]; c6:bw=16,experts=[0]; c4:bw=23,experts=[2,3]; c0:bw=21,experts=[1,2]; c3:bw=37,experts=[1,2,3]; c7:bw=28,experts=[1,2]
   67 | 0.01000 |   0.9369 |   63.57% |   70.17% |    0:51.28
      bandwidth/experts | c4:bw=28,experts=[1,2]; c5:bw=27,experts=[1,2]; c1:bw=20,experts=[1,2]; c3:bw=14,experts=[2]; c6:bw=29,experts=[2,3]; c0:bw=18,experts=[2]; c2:bw=24,experts=[1,2]; c9:bw=33,experts=[0,1,2]; c7:bw=33,experts=[0,1,2]; c8:bw=10,experts=[2]
   68 | 0.01000 |   0.9951 |   65.95% |   70.17% |    0:51.57
      bandwidth/experts | c1:bw=23,experts=[1,2]; c8:bw=17,experts=[2]; c2:bw=32,experts=[0,1,2]; c0:bw=17,experts=[3]; c3:bw=14,experts=[2]; c4:bw=27,experts=[1,2]; c5:bw=25,experts=[1,2]; c9:bw=10,experts=[3]; c7:bw=15,experts=[2]; c6:bw=18,experts=[2]
   69 | 0.01000 |   1.0624 |   69.19% |   70.17% |    0:51.27
      bandwidth/experts | c3:bw=23,experts=[0,2]; c7:bw=32,experts=[1,2,3]; c1:bw=17,experts=[0]; c4:bw=23,experts=[0,2]; c9:bw=20,experts=[1,2]; c5:bw=22,experts=[2,3]; c0:bw=29,experts=[0,2]; c2:bw=37,experts=[1,2,3]; c8:bw=23,experts=[1,3]; c6:bw=15,experts=[1]
   70 | 0.01000 |   1.4821 |   54.05% |   70.17% |    0:51.50
      bandwidth/experts | c1:bw=13,experts=[3]; c9:bw=10,experts=[2]; c7:bw=16,experts=[2]; c3:bw=18,experts=[1]; c0:bw=17,experts=[1]; c6:bw=14,experts=[0]; c2:bw=31,experts=[0,1,2]; c4:bw=32,experts=[1,2,3]; c5:bw=13,experts=[0]; c8:bw=27,experts=[0,2]
   71 | 0.01000 |   1.0560 |   55.76% |   70.17% |    0:51.60
      bandwidth/experts | c4:bw=24,experts=[1,2]; c0:bw=10,experts=[2]; c1:bw=29,experts=[1,2]; c9:bw=22,experts=[0,2]; c7:bw=11,experts=[0]; c5:bw=19,experts=[2]; c3:bw=34,experts=[1,2,3]; c6:bw=28,experts=[2,3]; c8:bw=21,experts=[1,2]; c2:bw=34,experts=[0,1,2]
   72 | 0.01000 |   0.8724 |   64.32% |   70.17% |    0:51.54
      bandwidth/experts | c8:bw=16,experts=[2]; c1:bw=22,experts=[1,2]; c5:bw=24,experts=[1,2]; c7:bw=27,experts=[1,2]; c6:bw=11,experts=[2]; c0:bw=29,experts=[2,3]; c3:bw=13,experts=[2]; c2:bw=13,experts=[2]; c9:bw=21,experts=[2,3]; c4:bw=22,experts=[1,2]
   73 | 0.01000 |   1.1823 |   59.78% |   70.17% |    0:51.54
      bandwidth/experts | c2:bw=26,experts=[2,3]; c8:bw=10,experts=[3]; c3:bw=22,experts=[0,2]; c1:bw=37,experts=[0,1,2]; c5:bw=10,experts=[3]; c9:bw=29,experts=[1,2]; c0:bw=16,experts=[0]; c7:bw=20,experts=[2,3]; c6:bw=11,experts=[1]; c4:bw=23,experts=[0,2]
   74 | 0.01000 |   1.1907 |   64.10% |   70.17% |    0:51.50
      bandwidth/experts | c3:bw=10,experts=[2]; c0:bw=22,experts=[1,2]; c1:bw=15,experts=[3]; c5:bw=28,experts=[0,2]; c7:bw=36,experts=[0,1,2]; c8:bw=16,experts=[0]; c6:bw=10,experts=[0]; c2:bw=10,experts=[2]; c4:bw=26,experts=[2,3]; c9:bw=18,experts=[2]
   75 | 0.01000 |   1.0336 |   60.23% |   70.17% |    0:51.60
      bandwidth/experts | c2:bw=22,experts=[0,1]; c9:bw=34,experts=[0,1,2]; c1:bw=30,experts=[0,1,2]; c3:bw=11,experts=[1]; c7:bw=16,experts=[2]; c6:bw=31,experts=[1,2,3]; c5:bw=17,experts=[2]; c4:bw=31,experts=[0,1,2]; c0:bw=34,experts=[0,1,2]; c8:bw=30,experts=[0,1,2]
   76 | 0.01000 |   1.0804 |   64.94% |   70.17% |    0:51.44
      bandwidth/experts | c8:bw=16,experts=[2]; c5:bw=21,experts=[1,2]; c0:bw=17,experts=[3]; c3:bw=10,experts=[3]; c2:bw=14,experts=[2]; c6:bw=13,experts=[2]; c7:bw=37,experts=[0,2,3]; c4:bw=34,experts=[0,1,2]; c9:bw=32,experts=[1,2,3]; c1:bw=30,experts=[0,1,2]
   77 | 0.01000 |   0.9779 |   63.71% |   70.17% |    0:51.54
      bandwidth/experts | c9:bw=16,experts=[2]; c2:bw=19,experts=[3]; c1:bw=35,experts=[0,1,2]; c8:bw=10,experts=[3]; c4:bw=10,experts=[2]; c7:bw=10,experts=[2]; c6:bw=32,experts=[0,1,2]; c0:bw=35,experts=[0,1,2]; c3:bw=22,experts=[0,2]; c5:bw=33,experts=[1,2,3]
   78 | 0.01000 |   0.9742 |   66.46% |   70.17% |    0:51.59
      bandwidth/experts | c0:bw=15,experts=[2]; c4:bw=13,experts=[3]; c3:bw=21,experts=[1,2]; c7:bw=20,experts=[1,2]; c8:bw=30,experts=[0,1,2]; c1:bw=23,experts=[2,3]; c9:bw=17,experts=[2]; c6:bw=32,experts=[0,1,2]; c5:bw=35,experts=[0,1,2]; c2:bw=19,experts=[2]
   79 | 0.01000 |   1.0061 |   67.36% |   70.17% |    0:51.45
      bandwidth/experts | c6:bw=12,experts=[3]; c9:bw=10,experts=[0]; c0:bw=20,experts=[1,2]; c4:bw=40,experts=[0,1,2,3]; c7:bw=25,experts=[1,2]; c8:bw=25,experts=[1,2]; c5:bw=29,experts=[1,2]; c3:bw=15,experts=[2]; c1:bw=21,experts=[1,2]; c2:bw=18,experts=[0]
   80 | 0.01000 |   1.0430 |   65.66% |   70.17% |    0:51.63
      bandwidth/experts | c5:bw=36,experts=[0,1,2]; c9:bw=29,experts=[1,3]; c7:bw=26,experts=[0,3]; c1:bw=17,experts=[2]; c3:bw=17,experts=[3]; c4:bw=32,experts=[0,1,2]; c2:bw=24,experts=[1,2]; c0:bw=26,experts=[2,3]; c6:bw=22,experts=[1,2]; c8:bw=28,experts=[1,2]
   81 | 0.01000 |   0.9008 |   67.34% |   70.17% |    0:51.60
      bandwidth/experts | c6:bw=29,experts=[1,2]; c2:bw=25,experts=[2,3]; c3:bw=37,experts=[0,1,2]; c1:bw=27,experts=[0,2]; c4:bw=23,experts=[1,2]; c5:bw=17,experts=[3]; c9:bw=15,experts=[2]; c7:bw=32,experts=[0,1,2]; c8:bw=26,experts=[2,3]; c0:bw=28,experts=[0,2]
   82 | 0.01000 |   0.8353 |   66.57% |   70.17% |    0:51.54
      bandwidth/experts | c1:bw=36,experts=[1,2,3]; c0:bw=17,experts=[2]; c6:bw=20,experts=[0,2]; c8:bw=32,experts=[0,1,2]; c7:bw=22,experts=[0,2]; c3:bw=22,experts=[1,2]; c2:bw=16,experts=[2]; c9:bw=31,experts=[1,2,3]; c5:bw=22,experts=[1,2]; c4:bw=16,experts=[2]
   83 | 0.01000 |   1.0344 |   68.68% |   70.17% |    0:51.53
      bandwidth/experts | c9:bw=29,experts=[0,2]; c4:bw=10,experts=[3]; c2:bw=23,experts=[0,2]; c7:bw=21,experts=[1,2]; c5:bw=10,experts=[2]; c0:bw=10,experts=[1]; c6:bw=29,experts=[2,3]; c1:bw=35,experts=[0,1,2]; c8:bw=22,experts=[1,2]; c3:bw=24,experts=[1,2]
   84 | 0.01000 |   1.1995 |   65.50% |   70.17% |    0:51.65
      bandwidth/experts | c8:bw=37,experts=[1,2,3]; c3:bw=18,experts=[3]; c1:bw=32,experts=[0,1,2]; c6:bw=10,experts=[2]; c9:bw=11,experts=[2]; c2:bw=20,experts=[1,2]; c7:bw=26,experts=[2,3]; c5:bw=11,experts=[0]; c4:bw=15,experts=[0]; c0:bw=10,experts=[3]
   85 | 0.01000 |   0.9244 |   67.06% |   70.17% |    0:51.60
      bandwidth/experts | c0:bw=21,experts=[0,2]; c2:bw=25,experts=[2,3]; c8:bw=39,experts=[1,2,3]; c6:bw=23,experts=[1,2]; c1:bw=31,experts=[0,1,2]; c4:bw=23,experts=[1,2]; c9:bw=32,experts=[0,1,2]; c3:bw=28,experts=[0,2]; c5:bw=10,experts=[3]; c7:bw=10,experts=[2]
   86 | 0.01000 |   0.9238 |   64.93% |   70.17% |    0:51.56
      bandwidth/experts | c5:bw=26,experts=[1,2]; c8:bw=15,experts=[0]; c2:bw=13,experts=[2]; c6:bw=31,experts=[0,1,2]; c0:bw=17,experts=[2]; c4:bw=10,experts=[2]; c7:bw=24,experts=[0,2]; c3:bw=15,experts=[2]; c1:bw=40,experts=[0,1,2,3]; c9:bw=24,experts=[2,3]
   87 | 0.01000 |   1.1565 |   63.27% |   70.17% |    0:51.52
      bandwidth/experts | c1:bw=16,experts=[2]; c2:bw=37,experts=[0,1,2]; c7:bw=12,experts=[1]; c5:bw=10,experts=[2]; c6:bw=33,experts=[1,2,3]; c3:bw=38,experts=[0,1,2]; c4:bw=19,experts=[3]; c9:bw=21,experts=[1,2]; c8:bw=26,experts=[1,2]; c0:bw=19,experts=[1]
   88 | 0.01000 |   0.9730 |   68.78% |   70.17% |    0:51.46
      bandwidth/experts | c8:bw=24,experts=[1,2]; c6:bw=15,experts=[2]; c3:bw=18,experts=[3]; c7:bw=23,experts=[2,3]; c0:bw=34,experts=[1,2,3]; c4:bw=21,experts=[0,2]; c9:bw=17,experts=[2]; c1:bw=16,experts=[2]; c5:bw=17,experts=[0]; c2:bw=25,experts=[1,2]
   89 | 0.01000 |   1.0434 |   66.22% |   70.17% |    0:51.37
      bandwidth/experts | c3:bw=17,experts=[2]; c8:bw=40,experts=[0,1,2,3]; c2:bw=25,experts=[2,3]; c9:bw=34,experts=[0,1,2]; c7:bw=12,experts=[2]; c5:bw=25,experts=[2,3]; c0:bw=10,experts=[0]; c6:bw=18,experts=[2]; c4:bw=17,experts=[1]; c1:bw=23,experts=[1,2]
   90 | 0.01000 |   0.9814 |   66.30% |   70.17% |    0:51.49
      bandwidth/experts | c7:bw=40,experts=[0,1,2,3]; c1:bw=17,experts=[0]; c3:bw=20,experts=[0,2]; c9:bw=35,experts=[1,2,3]; c0:bw=35,experts=[0,1,2]; c6:bw=14,experts=[0]; c2:bw=12,experts=[2]; c5:bw=15,experts=[1]; c8:bw=28,experts=[1,2]; c4:bw=20,experts=[1,2]
   91 | 0.01000 |   1.0145 |   63.23% |   70.17% |    0:51.59
      bandwidth/experts | c1:bw=28,experts=[2,3]; c9:bw=19,experts=[2]; c5:bw=29,experts=[1,2]; c7:bw=29,experts=[0,2]; c3:bw=22,experts=[1,2]; c4:bw=30,experts=[1,2,3]; c0:bw=12,experts=[2]; c6:bw=16,experts=[1]; c2:bw=10,experts=[0]; c8:bw=13,experts=[2]
   92 | 0.01000 |   1.2209 |   66.82% |   70.17% |    0:51.55
      bandwidth/experts | c3:bw=16,experts=[3]; c7:bw=19,experts=[2]; c1:bw=11,experts=[2]; c0:bw=16,experts=[3]; c8:bw=11,experts=[2]; c6:bw=25,experts=[2,3]; c9:bw=31,experts=[0,1,2]; c2:bw=14,experts=[1]; c5:bw=37,experts=[0,1,2]; c4:bw=15,experts=[0]
   93 | 0.01000 |   0.9538 |   66.76% |   70.17% |    0:51.43
      bandwidth/experts | c1:bw=26,experts=[1,2]; c3:bw=17,experts=[2]; c7:bw=12,experts=[2]; c9:bw=32,experts=[1,2,3]; c6:bw=12,experts=[2]; c8:bw=10,experts=[0]; c5:bw=10,experts=[3]; c4:bw=18,experts=[2]; c0:bw=10,experts=[2]; c2:bw=28,experts=[2,3]
   94 | 0.01000 |   1.2540 |   55.54% |   70.17% |    0:51.73
      bandwidth/experts | c7:bw=25,experts=[1,3]; c2:bw=36,experts=[0,1,2]; c5:bw=23,experts=[1,2]; c4:bw=17,experts=[2]; c6:bw=17,experts=[0]; c9:bw=28,experts=[2,3]; c1:bw=39,experts=[0,1,2]; c8:bw=10,experts=[3]; c0:bw=31,experts=[0,1,2]; c3:bw=19,experts=[0]
   95 | 0.01000 |   1.0432 |   64.82% |   70.17% |    0:51.28
      bandwidth/experts | c7:bw=33,experts=[0,2,3]; c9:bw=23,experts=[1,2]; c4:bw=10,experts=[1]; c6:bw=22,experts=[1,2]; c0:bw=19,experts=[2]; c3:bw=23,experts=[1,2]; c1:bw=17,experts=[3]; c8:bw=40,experts=[0,1,2,3]; c2:bw=13,experts=[2]; c5:bw=10,experts=[2]
   96 | 0.01000 |   1.0648 |   60.61% |   70.17% |    0:51.56
      bandwidth/experts | c2:bw=36,experts=[1,2,3]; c9:bw=25,experts=[0,2]; c3:bw=25,experts=[2,3]; c1:bw=20,experts=[1,2]; c5:bw=33,experts=[0,1,2]; c4:bw=27,experts=[0,3]; c6:bw=17,experts=[3]; c7:bw=28,experts=[1,2]; c0:bw=20,experts=[2,3]; c8:bw=36,experts=[0,1,2]
   97 | 0.01000 |   0.8501 |   68.46% |   70.17% |    0:51.62
      bandwidth/experts | c0:bw=23,experts=[1,2]; c9:bw=24,experts=[1,2]; c8:bw=24,experts=[1,2]; c4:bw=10,experts=[2]; c7:bw=17,experts=[2]; c1:bw=28,experts=[1,2]; c3:bw=19,experts=[2]; c5:bw=26,experts=[2,3]; c6:bw=28,experts=[1,2]; c2:bw=30,experts=[1,2,3]
   98 | 0.01000 |   1.0739 |   67.50% |   70.17% |    0:51.56
      bandwidth/experts | c4:bw=29,experts=[1,2]; c8:bw=30,experts=[1,2,3]; c9:bw=15,experts=[3]; c7:bw=13,experts=[2]; c6:bw=20,experts=[0,2]; c5:bw=27,experts=[1,2]; c0:bw=19,experts=[0]; c3:bw=14,experts=[0]; c1:bw=15,experts=[0]; c2:bw=13,experts=[0]
   99 | 0.01000 |   1.0172 |   59.19% |   70.17% |    0:51.53
      bandwidth/experts | c8:bw=19,experts=[2]; c5:bw=27,experts=[1,2]; c7:bw=25,experts=[0,3]; c1:bw=33,experts=[1,2,3]; c3:bw=21,experts=[1,2]; c9:bw=11,experts=[2]; c4:bw=14,experts=[2]; c0:bw=22,experts=[1,2]; c2:bw=17,experts=[2]; c6:bw=19,experts=[2]
  100 | 0.01000 |   0.9898 |   66.51% |   70.17% |    0:51.44
      bandwidth/experts | c2:bw=17,experts=[2]; c8:bw=25,experts=[0,2]; c9:bw=29,experts=[0,2]; c5:bw=10,experts=[0]; c6:bw=25,experts=[2,3]; c1:bw=10,experts=[2]; c4:bw=36,experts=[0,2,3]; c7:bw=10,experts=[1]; c3:bw=23,experts=[2,3]; c0:bw=36,experts=[1,2,3]

Done. Best Acc: 70.17% @ round 61
Total time: 1:25:43.69
[Export] 实验目录: /userhome/cs3/duanty/FedMoE/results/20260919-195021
[Export] 每轮明细: /userhome/cs3/duanty/FedMoE/results/20260919-195021/rounds.xlsx
[Export] 总体摘要: /userhome/cs3/duanty/FedMoE/results/20260919-195021/summary.xlsx
[Plot] result = /userhome/cs3/duanty/FedMoE/results/20260919-195021
[Plot] figures -> /userhome/cs3/duanty/FedMoE/results/20260919-195021/figure
  fig01_test_accuracy.pdf
  fig02_train_loss.pdf
  fig03_acc_and_loss.pdf
  fig04_bandwidth_and_k.pdf
  fig05_expert_round_heatmap.pdf
  fig06_client_expert_heatmap.pdf
  fig07_expert_frequency.pdf
  fig08_time_breakdown.pdf
  fig09_accuracy_vs_communication.pdf
  fig10_overview.pdf
[Export] 图片目录: /userhome/cs3/duanty/FedMoE/results/20260919-195021/figure
