========================================
Job    : c10-e16-w1-posthoc
Host   : gpu-4090-801
Date   : Sat Sep 19 09:10:52 HKT 2026
GPU    : 0
Python : /userhome/cs3/duanty/miniconda3/envs/moe/bin/python
Command: python -u main.py --method ours --dataset cifar10 --backbone resnet --select posthoc --merge ours --device cuda --num_experts 16 --width_mult 1 --bw_max -1 --output_dir ./results/c10-e16-w1-posthoc
========================================

==================================================================
 Ours  
  Dataset=cifar10 | beta=0.1 | Backbone=resnet | width_mult=1 | Clients=10 | Experts=16
  Select=posthoc | Merge=ours
  Rounds=100 | LR=0.01
  Bandwidth: expert_bw=10 | bw=[10, 160] | Rayleigh-Shannon, SNR=10 dB | k=floor(bw/10)
==================================================================


[Partition] Dirichlet beta=0.1, 10 clients
  Client 0:   6071 samples | 3/10 classes
  Client 1:  18481 samples | 7/10 classes
  Client 2:    174 samples | 3/10 classes
  Client 3:    462 samples | 3/10 classes
  Client 4:   2759 samples | 3/10 classes
  Client 5:   5740 samples | 7/10 classes
  Client 6:   1703 samples | 4/10 classes
  Client 7:   3407 samples | 7/10 classes
  Client 8:   6483 samples | 7/10 classes
  Client 9:   4720 samples | 10/10 classes

[Upload] expert_bw=10 | available bw=[10, 160] | Rayleigh-Shannon, SNR=10 dB | upload k=floor(bw/10), cap=16 | train all experts, then upload top-k by gate scores

[Model] Total params: 15,461,600

[Export] 本次实验目录: /userhome/cs3/duanty/FedMoE/results/c10-e16-w1-posthoc/20260919-091056

Round |      LR |  AvgLoss |  TestAcc |     Best |  RoundTime
--------------------------------------------------------------------------------
    1 | 0.00208 |   1.5167 |   11.30% |   11.30% |    1:05.53
      bandwidth/experts | c8:bw=104,experts=[0,1,2,4,5,6,9,10,11,13]; c1:bw=55,experts=[2,4,5,6,13]; c5:bw=84,experts=[0,1,2,4,5,6,12,13]; c0:bw=10,experts=[4]; c7:bw=38,experts=[4,6,13]; c2:bw=55,experts=[0,4,8,9,10]; c9:bw=86,experts=[0,1,2,4,5,6,10,13]; c4:bw=75,experts=[0,1,2,4,6,10,13]; c3:bw=96,experts=[0,4,6,8,9,10,11,12,13]; c6:bw=77,experts=[0,1,4,5,6,10,13]
    2 | 0.00406 |   1.2350 |   33.49% |   33.49% |    1:02.49
      bandwidth/experts | c0:bw=67,experts=[0,1,4,6,10,13]; c1:bw=78,experts=[0,2,4,5,6,13,14]; c8:bw=91,experts=[0,1,2,4,5,6,10,11,13]; c5:bw=130,experts=[0,1,2,4,5,6,8,9,10,11,12,13,15]; c3:bw=127,experts=[0,1,2,4,5,6,8,9,10,11,12,13]; c4:bw=56,experts=[2,4,6,10,13]; c7:bw=104,experts=[0,1,2,4,5,6,9,11,12,13]; c9:bw=88,experts=[0,1,2,4,5,6,12,13]; c6:bw=32,experts=[4,6,13]; c2:bw=41,experts=[0,4,6,13]
    3 | 0.00604 |   1.2029 |   39.42% |   39.42% |    1:03.54
      bandwidth/experts | c9:bw=90,experts=[0,1,2,4,5,6,10,12,13]; c2:bw=78,experts=[0,2,4,6,10,12,13]; c0:bw=94,experts=[0,1,2,4,5,6,10,11,13]; c6:bw=75,experts=[1,2,3,4,6,10,13]; c8:bw=56,experts=[4,5,6,10,13]; c5:bw=25,experts=[4,6]; c3:bw=48,experts=[2,4,6,13]; c7:bw=62,experts=[1,2,4,6,10,13]; c1:bw=25,experts=[4,6]; c4:bw=98,experts=[0,1,2,4,5,6,10,12,13]
    4 | 0.00802 |   1.1033 |   39.83% |   39.83% |    1:03.87
      bandwidth/experts | c1:bw=75,experts=[0,1,2,4,6,13,14]; c7:bw=84,experts=[0,1,2,4,5,6,10,13]; c6:bw=100,experts=[0,1,2,4,5,6,10,11,12,13]; c2:bw=113,experts=[0,1,2,4,5,6,8,10,11,12,13]; c8:bw=59,experts=[1,2,4,6,13]; c0:bw=111,experts=[0,1,2,4,5,6,9,10,11,12,13]; c3:bw=64,experts=[2,4,6,10,11,13]; c4:bw=105,experts=[1,2,3,4,5,6,10,13,14,15]; c5:bw=138,experts=[0,1,2,3,4,5,6,8,10,11,13,14,15]; c9:bw=41,experts=[4,5,6,13]
    5 | 0.01000 |   1.0880 |   46.47% |   46.47% |    1:04.73
      bandwidth/experts | c1:bw=37,experts=[4,6,14]; c5:bw=75,experts=[0,1,2,4,5,6,13]; c4:bw=91,experts=[0,1,2,4,5,6,13,14,15]; c8:bw=69,experts=[2,4,5,6,13,14]; c0:bw=94,experts=[0,1,2,4,5,6,11,13,14]; c7:bw=46,experts=[2,4,6,13]; c6:bw=100,experts=[1,2,3,4,5,6,10,13,14,15]; c3:bw=119,experts=[0,1,2,4,5,6,8,10,11,12,13]; c2:bw=13,experts=[4]; c9:bw=118,experts=[0,1,2,4,5,6,8,11,12,13,14]
    6 | 0.01000 |   1.0533 |   43.97% |   46.47% |    1:03.71
      bandwidth/experts | c8:bw=126,experts=[0,1,2,4,5,6,10,11,12,13,14,15]; c2:bw=79,experts=[1,2,4,5,6,12,13]; c5:bw=51,experts=[1,2,4,6,13]; c7:bw=110,experts=[0,1,2,3,4,6,8,10,13,14,15]; c3:bw=68,experts=[0,2,4,6,11,13]; c1:bw=61,experts=[0,2,4,6,13,14]; c9:bw=91,experts=[1,2,3,4,5,6,8,13,14]; c0:bw=59,experts=[0,2,4,6,13]; c4:bw=33,experts=[2,4,6]; c6:bw=38,experts=[2,4,6]
    7 | 0.01000 |   1.0400 |   45.05% |   46.47% |    1:05.60
      bandwidth/experts | c0:bw=68,experts=[1,2,4,5,6,13]; c5:bw=92,experts=[0,1,2,4,5,6,8,13,14]; c2:bw=75,experts=[0,1,2,4,5,6,13]; c6:bw=25,experts=[2,4]; c3:bw=50,experts=[0,2,4,6,13]; c7:bw=58,experts=[2,4,6,8,13]; c4:bw=26,experts=[4,6]; c1:bw=18,experts=[6]; c8:bw=108,experts=[0,1,2,3,4,5,6,10,11,13]; c9:bw=10,experts=[4]
    8 | 0.01000 |   0.9707 |   44.94% |   46.47% |    1:08.54
      bandwidth/experts | c4:bw=10,experts=[4]; c8:bw=70,experts=[1,2,4,5,6,12,13]; c1:bw=110,experts=[0,1,2,4,5,6,8,9,10,12,13]; c3:bw=70,experts=[0,2,4,5,6,11,13]; c0:bw=61,experts=[1,2,4,5,6,13]; c5:bw=53,experts=[1,2,4,6,13]; c2:bw=102,experts=[0,1,2,4,5,6,10,11,12,13]; c9:bw=111,experts=[1,2,3,4,5,6,8,12,13,14,15]; c7:bw=28,experts=[4,6]; c6:bw=78,experts=[1,2,4,6,13,14,15]
    9 | 0.01000 |   1.0884 |   60.70% |   60.70% |    1:08.92
      bandwidth/experts | c2:bw=40,experts=[4,5,6,13]; c0:bw=99,experts=[0,1,2,4,5,9,10,14,15]; c4:bw=112,experts=[0,1,2,4,5,8,11,12,13,14,15]; c9:bw=49,experts=[2,4,6,13]; c8:bw=34,experts=[0,4,5]; c6:bw=59,experts=[1,2,4,13,14]; c7:bw=87,experts=[0,1,2,4,5,8,13,15]; c5:bw=99,experts=[0,1,2,4,5,6,10,11,13]; c1:bw=27,experts=[4,6]; c3:bw=43,experts=[4,5,6,13]
   10 | 0.01000 |   0.9206 |   51.14% |   60.70% |    1:04.27
      bandwidth/experts | c4:bw=69,experts=[1,2,4,6,14,15]; c2:bw=64,experts=[0,2,4,5,6,12]; c7:bw=71,experts=[1,2,4,6,8,13,14]; c0:bw=111,experts=[0,1,2,4,5,6,10,11,13,14,15]; c6:bw=123,experts=[0,1,2,4,5,6,8,10,11,13,14,15]; c3:bw=87,experts=[0,1,2,4,5,6,11,13]; c5:bw=109,experts=[0,1,2,4,6,10,11,13,14,15]; c8:bw=67,experts=[1,2,4,6,13,14]; c9:bw=66,experts=[2,4,6,13,14,15]; c1:bw=77,experts=[1,2,4,6,7,13,14]
   11 | 0.01000 |   0.9882 |   61.01% |   61.01% |    1:03.93
      bandwidth/experts | c5:bw=52,experts=[2,4,6,13,14]; c2:bw=52,experts=[2,4,5,6,13]; c7:bw=83,experts=[1,2,4,6,8,13,14,15]; c3:bw=95,experts=[0,1,4,5,6,9,10,11,13]; c0:bw=53,experts=[1,4,5,6,13]; c8:bw=74,experts=[2,4,5,6,10,12,13]; c9:bw=62,experts=[1,2,4,6,14,15]; c6:bw=105,experts=[1,2,4,5,6,10,11,13,14,15]; c1:bw=76,experts=[1,2,4,5,6,13,14]; c4:bw=30,experts=[2,4,6]
   12 | 0.01000 |   0.9401 |   57.57% |   61.01% |    1:03.79
      bandwidth/experts | c1:bw=80,experts=[0,1,2,4,6,8,13,14]; c5:bw=106,experts=[0,1,2,4,5,6,10,11,13,14]; c2:bw=108,experts=[0,1,2,4,5,6,8,12,13,14]; c4:bw=53,experts=[1,2,4,6,15]; c3:bw=66,experts=[4,5,6,9,10,11]; c7:bw=56,experts=[4,6,8,10,13]; c9:bw=79,experts=[1,2,4,6,8,13,14]; c6:bw=54,experts=[2,4,6,14,15]; c8:bw=104,experts=[0,1,2,4,5,6,11,12,13,15]; c0:bw=93,experts=[0,1,2,4,5,6,11,13,14]
   13 | 0.01000 |   0.9286 |   63.18% |   63.18% |    1:03.70
      bandwidth/experts | c3:bw=57,experts=[2,4,5,6,13]; c1:bw=90,experts=[0,1,2,4,6,7,8,13,14]; c4:bw=10,experts=[4]; c5:bw=55,experts=[2,4,6,13,14]; c8:bw=29,experts=[4,6]; c6:bw=69,experts=[1,2,4,6,14,15]; c9:bw=28,experts=[4,6]; c7:bw=110,experts=[0,1,2,4,5,6,8,10,13,14,15]; c0:bw=48,experts=[1,4,5,6]; c2:bw=31,experts=[2,4,6]
   14 | 0.01000 |   0.9121 |   60.91% |   63.18% |    1:02.84
      bandwidth/experts | c2:bw=85,experts=[0,1,2,4,5,6,12,13]; c4:bw=11,experts=[4]; c5:bw=121,experts=[0,1,2,4,5,6,10,11,12,13,14,15]; c1:bw=73,experts=[1,2,4,6,7,13,14]; c7:bw=47,experts=[2,4,6,13]; c0:bw=48,experts=[0,4,5,6]; c9:bw=60,experts=[1,2,4,6,13,14]; c3:bw=86,experts=[0,2,4,6,9,10,11,13]; c8:bw=39,experts=[2,4,6]; c6:bw=127,experts=[0,1,2,4,5,6,10,11,12,13,14,15]
   15 | 0.01000 |   0.9079 |   61.49% |   63.18% |    1:03.09
      bandwidth/experts | c7:bw=111,experts=[0,1,2,4,6,8,10,12,13,14,15]; c0:bw=39,experts=[4,6,13]; c1:bw=27,experts=[4,6]; c8:bw=98,experts=[0,1,2,4,5,6,10,11,13]; c3:bw=20,experts=[4,6]; c2:bw=99,experts=[0,1,2,4,5,6,12,13,14]; c4:bw=88,experts=[1,2,4,5,6,12,13,14]; c5:bw=34,experts=[4,6,14]; c9:bw=37,experts=[4,6,14]; c6:bw=62,experts=[1,2,4,5,6,14]
   16 | 0.01000 |   0.9023 |   68.36% |   68.36% |    1:07.34
      bandwidth/experts | c6:bw=76,experts=[1,2,4,7,9,13,14]; c1:bw=54,experts=[3,4,6,11,15]; c3:bw=82,experts=[0,3,4,5,6,7,14,15]; c8:bw=93,experts=[1,2,4,5,6,7,8,13,14]; c7:bw=42,experts=[0,4,5,7]; c5:bw=75,experts=[1,4,5,6,7,13,14]; c4:bw=67,experts=[2,4,5,7,9,14]; c9:bw=45,experts=[4,6,7,9]; c0:bw=107,experts=[0,1,2,3,4,5,7,8,13,14]; c2:bw=97,experts=[0,2,3,4,5,6,7,12,15]
   17 | 0.01000 |   0.8700 |   59.99% |   68.36% |    1:08.80
      bandwidth/experts | c4:bw=109,experts=[0,1,2,4,5,6,8,12,13,14]; c7:bw=47,experts=[4,6,8,13]; c8:bw=15,experts=[9]; c3:bw=99,experts=[0,2,4,5,6,9,10,11,13]; c5:bw=10,experts=[6]; c1:bw=55,experts=[0,4,5,6,8]; c0:bw=20,experts=[4,5]; c2:bw=36,experts=[4,6,9]; c9:bw=70,experts=[1,4,6,7,8,13,14]; c6:bw=73,experts=[0,1,4,5,6,13,14]
   18 | 0.01000 |   0.9226 |   68.44% |   68.44% |    1:09.23
      bandwidth/experts | c1:bw=12,experts=[6]; c8:bw=10,experts=[4]; c5:bw=66,experts=[4,5,6,9,13,14]; c2:bw=71,experts=[1,2,4,5,6,12,14]; c9:bw=35,experts=[4,6,14]; c7:bw=103,experts=[0,4,5,6,8,9,10,11,12,13]; c4:bw=105,experts=[0,1,2,4,5,7,8,13,14,15]; c3:bw=70,experts=[4,5,6,9,10,11,13]; c0:bw=92,experts=[0,1,2,4,5,8,11,12,14]; c6:bw=59,experts=[1,2,4,5,14]
   19 | 0.01000 |   0.8323 |   52.54% |   68.44% |    1:07.05
      bandwidth/experts | c8:bw=105,experts=[0,1,2,4,5,6,8,11,13,14]; c0:bw=79,experts=[0,1,2,4,5,12,13]; c4:bw=97,experts=[0,1,2,4,5,8,12,13,14]; c1:bw=87,experts=[0,1,2,5,6,8,13,14]; c9:bw=72,experts=[1,4,6,8,10,13,14]; c5:bw=55,experts=[0,4,5,6,14]; c7:bw=42,experts=[4,6,8,13]; c2:bw=27,experts=[4,6]; c6:bw=124,experts=[0,1,2,4,5,6,8,11,12,13,14,15]; c3:bw=75,experts=[0,4,5,6,9,11,13]
   20 | 0.01000 |   0.9887 |   69.28% |   69.28% |    1:04.43
      bandwidth/experts | c0:bw=52,experts=[0,4,5,12,13]; c2:bw=78,experts=[0,2,4,5,6,12,13]; c1:bw=76,experts=[1,2,4,6,8,13,14]; c9:bw=31,experts=[4,6,14]; c7:bw=81,experts=[0,1,4,5,6,8,12,13]; c6:bw=128,experts=[0,1,2,4,5,8,9,10,11,12,13,14]; c3:bw=34,experts=[4,5,6]; c5:bw=10,experts=[3]; c4:bw=112,experts=[0,1,2,3,4,5,8,10,11,12,13]; c8:bw=95,experts=[0,4,5,6,8,9,11,12,13]
   21 | 0.01000 |   0.8143 |   62.69% |   69.28% |    1:01.23
      bandwidth/experts | c1:bw=77,experts=[1,2,4,6,7,13,14]; c2:bw=75,experts=[0,2,4,5,6,12,13]; c7:bw=24,experts=[4,6]; c4:bw=90,experts=[1,2,4,5,6,8,12,14,15]; c8:bw=34,experts=[4,6,14]; c5:bw=61,experts=[1,4,5,6,13,14]; c0:bw=125,experts=[0,1,2,4,5,6,7,8,11,12,13,14]; c3:bw=14,experts=[8]; c6:bw=29,experts=[3,4]; c9:bw=48,experts=[0,4,6,11]
   22 | 0.01000 |   0.9018 |   72.39% |   72.39% |    1:00.76
      bandwidth/experts | c7:bw=31,experts=[3,4,6]; c9:bw=62,experts=[1,2,4,6,7,14]; c1:bw=12,experts=[6]; c6:bw=116,experts=[0,1,2,4,5,6,9,10,12,13,14]; c5:bw=31,experts=[4,6,14]; c2:bw=125,experts=[0,1,2,4,5,6,8,9,11,12,13,14]; c0:bw=126,experts=[0,1,2,4,5,6,8,9,11,12,13,14]; c4:bw=69,experts=[1,2,4,5,6,14]; c3:bw=105,experts=[0,2,4,5,6,8,9,11,12,13]; c8:bw=62,experts=[4,5,6,11,12,13]
   23 | 0.01000 |   0.8333 |   51.57% |   72.39% |    1:05.44
      bandwidth/experts | c5:bw=98,experts=[1,2,4,6,7,8,13,14,15]; c7:bw=28,experts=[4,6]; c4:bw=106,experts=[0,1,2,4,5,6,7,12,14,15]; c6:bw=19,experts=[4]; c9:bw=95,experts=[1,2,3,4,6,7,8,13,14]; c8:bw=66,experts=[2,3,4,5,6,14]; c3:bw=29,experts=[4,6]; c1:bw=117,experts=[0,1,2,5,6,8,9,11,12,13,14]; c2:bw=61,experts=[2,4,5,6,13,14]; c0:bw=21,experts=[4,6]
   24 | 0.01000 |   1.0172 |   69.52% |   72.39% |    1:03.18
      bandwidth/experts | c6:bw=57,experts=[1,2,4,6,14]; c4:bw=24,experts=[4,6]; c7:bw=10,experts=[4]; c9:bw=94,experts=[1,4,5,6,7,8,12,13,14]; c2:bw=81,experts=[2,4,5,6,10,12,13,14]; c1:bw=10,experts=[10]; c5:bw=46,experts=[2,4,6,14]; c8:bw=34,experts=[4,5,6]; c3:bw=10,experts=[4]; c0:bw=59,experts=[2,4,5,6,14]
   25 | 0.01000 |   0.8135 |   65.02% |   72.39% |    1:02.46
      bandwidth/experts | c9:bw=76,experts=[1,4,6,7,8,13,14]; c6:bw=30,experts=[4,6,14]; c4:bw=110,experts=[1,2,4,5,6,7,8,12,13,14,15]; c3:bw=26,experts=[4,6]; c5:bw=120,experts=[0,1,2,4,5,6,8,9,11,12,13,14]; c1:bw=92,experts=[0,1,4,5,6,10,12,13,14]; c8:bw=103,experts=[0,1,4,5,6,8,11,12,13,14]; c2:bw=24,experts=[4,6]; c0:bw=106,experts=[0,1,2,4,5,6,11,12,13,14]; c7:bw=75,experts=[0,4,5,6,12,13,14]
   26 | 0.01000 |   0.8675 |   67.90% |   72.39% |    1:02.69
      bandwidth/experts | c3:bw=84,experts=[0,4,5,6,9,11,13,14]; c6:bw=63,experts=[0,4,5,6,13,14]; c9:bw=95,experts=[1,2,4,5,6,7,8,13,14]; c7:bw=59,experts=[0,4,5,6,12]; c1:bw=63,experts=[1,2,4,5,6,14]; c5:bw=39,experts=[4,6,14]; c2:bw=56,experts=[0,4,5,6,12]; c8:bw=101,experts=[0,1,4,5,6,8,11,12,13,14]; c0:bw=20,experts=[10,15]; c4:bw=90,experts=[0,1,2,4,5,6,12,14,15]
   27 | 0.01000 |   0.8465 |   73.06% |   73.06% |    1:03.22
      bandwidth/experts | c7:bw=97,experts=[0,1,4,5,6,8,9,12,13]; c1:bw=117,experts=[0,1,2,4,5,6,7,8,12,13,14]; c4:bw=23,experts=[4,6]; c0:bw=68,experts=[1,2,4,6,13,14]; c9:bw=34,experts=[4,6,15]; c2:bw=37,experts=[4,5,6]; c8:bw=104,experts=[0,1,4,5,6,8,9,11,12,13]; c3:bw=40,experts=[1,4,5,6]; c6:bw=119,experts=[1,2,4,5,6,7,11,12,13,14,15]; c5:bw=69,experts=[0,4,5,6,13,14]
   28 | 0.01000 |   0.8508 |   70.58% |   73.06% |    1:03.48
      bandwidth/experts | c6:bw=56,experts=[0,4,5,6,13]; c9:bw=92,experts=[0,1,2,4,5,6,12,13,14]; c0:bw=89,experts=[0,1,2,4,5,6,13,14]; c8:bw=56,experts=[0,4,5,6,15]; c2:bw=10,experts=[4]; c5:bw=63,experts=[2,4,5,6,13,14]; c1:bw=47,experts=[2,4,6,14]; c3:bw=22,experts=[4,6]; c4:bw=14,experts=[4]; c7:bw=10,experts=[4]
   29 | 0.01000 |   0.8429 |   70.00% |   73.06% |    1:03.21
      bandwidth/experts | c4:bw=72,experts=[1,2,4,5,6,14,15]; c0:bw=83,experts=[0,1,2,4,5,6,12,13]; c1:bw=63,experts=[1,2,4,6,7,14]; c9:bw=82,experts=[1,2,4,6,7,8,13,14]; c6:bw=81,experts=[0,1,4,5,6,12,13,14]; c8:bw=63,experts=[0,4,5,6,12,13]; c7:bw=40,experts=[0,4,5,6]; c3:bw=60,experts=[0,4,5,6,9,11]; c2:bw=34,experts=[4,5,6]; c5:bw=63,experts=[1,2,4,6,13,14]
   30 | 0.01000 |   0.8410 |   72.93% |   73.06% |    1:03.33
      bandwidth/experts | c5:bw=116,experts=[0,1,2,4,5,6,10,11,12,13,14]; c1:bw=67,experts=[1,2,4,6,13,14]; c9:bw=103,experts=[1,2,4,5,6,7,8,12,13,14]; c4:bw=97,experts=[1,2,4,5,6,7,13,14,15]; c0:bw=33,experts=[4,5,6]; c8:bw=78,experts=[2,4,5,6,12,13,14]; c6:bw=20,experts=[4,6]; c7:bw=23,experts=[4,6]; c3:bw=111,experts=[0,1,4,5,6,9,10,11,12,13,14]; c2:bw=51,experts=[0,4,5,6,12]
   31 | 0.01000 |   0.8337 |   73.15% |   73.15% |    1:04.82
      bandwidth/experts | c6:bw=55,experts=[0,4,5,6,13]; c4:bw=36,experts=[4,6,14]; c9:bw=85,experts=[1,2,4,6,7,8,13,14]; c1:bw=57,experts=[2,4,5,6,14]; c5:bw=116,experts=[0,1,2,4,5,6,11,12,13,14,15]; c8:bw=62,experts=[2,4,5,6,10,14]; c3:bw=45,experts=[0,4,6,9]; c2:bw=29,experts=[4,6]; c0:bw=89,experts=[0,2,4,5,6,12,13,14]; c7:bw=119,experts=[0,1,2,4,5,6,8,12,13,14,15]
   32 | 0.01000 |   0.8405 |   73.47% |   73.47% |    1:03.13
      bandwidth/experts | c8:bw=40,experts=[4,5,6,7]; c5:bw=67,experts=[0,2,4,6,13,14]; c4:bw=92,experts=[1,2,4,5,6,7,9,14,15]; c7:bw=88,experts=[0,1,4,5,6,7,13,14]; c0:bw=86,experts=[1,2,3,4,5,6,13,14]; c1:bw=40,experts=[3,4,6,15]; c3:bw=53,experts=[3,4,6,7,15]; c6:bw=51,experts=[1,2,4,6,14]; c2:bw=102,experts=[0,3,4,5,6,7,12,13,14,15]; c9:bw=59,experts=[1,4,6,9,14]
   33 | 0.01000 |   0.8274 |   74.38% |   74.38% |    1:03.39
      bandwidth/experts | c7:bw=99,experts=[0,1,2,4,5,6,12,13,14]; c1:bw=65,experts=[1,2,4,6,7,14]; c3:bw=132,experts=[0,1,2,4,5,6,8,9,10,11,12,13,14]; c6:bw=69,experts=[1,2,4,6,13,14]; c5:bw=55,experts=[2,4,6,13,14]; c9:bw=79,experts=[1,2,4,6,7,13,14]; c2:bw=44,experts=[4,5,6,12]; c8:bw=94,experts=[1,2,4,5,6,11,12,13,14]; c4:bw=85,experts=[1,2,4,5,6,7,14,15]; c0:bw=118,experts=[0,1,2,4,5,6,9,12,13,14,15]
   34 | 0.01000 |   0.8275 |   74.85% |   74.85% |    1:04.12
      bandwidth/experts | c4:bw=87,experts=[1,2,4,5,6,7,14,15]; c1:bw=88,experts=[1,2,4,6,7,12,13,14]; c6:bw=91,experts=[1,2,4,5,6,12,13,14,15]; c9:bw=128,experts=[0,1,2,4,5,6,7,8,12,13,14,15]; c8:bw=79,experts=[2,4,5,6,12,13,14]; c0:bw=42,experts=[0,4,5,6]; c5:bw=113,experts=[0,1,2,4,5,6,9,12,13,14,15]; c7:bw=61,experts=[0,4,5,6,10,11]; c3:bw=137,experts=[0,1,2,4,5,6,8,9,10,11,12,13,14]; c2:bw=101,experts=[0,1,4,5,6,9,11,12,13,14]
   35 | 0.01000 |   0.8198 |   73.30% |   74.85% |    1:03.84
      bandwidth/experts | c4:bw=62,experts=[1,2,4,6,14,15]; c0:bw=38,experts=[4,5,6]; c1:bw=58,experts=[1,2,4,6,14]; c6:bw=83,experts=[0,1,2,4,6,13,14,15]; c2:bw=86,experts=[1,2,4,5,6,12,13,14]; c8:bw=94,experts=[0,1,2,4,5,6,12,13,14]; c9:bw=51,experts=[1,4,6,10,14]; c7:bw=90,experts=[0,1,2,4,5,6,12,13,14]; c5:bw=77,experts=[0,2,4,5,6,13,14]; c3:bw=45,experts=[0,4,5,6]
   36 | 0.01000 |   0.8252 |   74.51% |   74.85% |    1:03.37
      bandwidth/experts | c9:bw=70,experts=[1,2,4,6,7,13,14]; c0:bw=68,experts=[1,2,4,6,13,14]; c3:bw=113,experts=[0,1,2,4,5,6,9,10,11,13,14]; c7:bw=51,experts=[0,4,5,6,14]; c6:bw=82,experts=[1,2,4,6,8,13,14,15]; c5:bw=93,experts=[0,2,3,4,5,6,12,13,14]; c1:bw=16,experts=[4]; c4:bw=140,experts=[0,1,2,3,4,5,6,7,10,11,12,13,14,15]; c8:bw=97,experts=[1,2,4,5,6,12,13,14,15]; c2:bw=95,experts=[0,2,4,5,6,9,12,13,14]
   37 | 0.01000 |   0.8203 |   75.70% |   75.70% |    1:02.80
      bandwidth/experts | c1:bw=34,experts=[4,6,14]; c5:bw=74,experts=[1,2,4,6,13,14,15]; c2:bw=68,experts=[2,4,5,6,12,14]; c6:bw=123,experts=[1,2,3,4,5,6,7,10,11,13,14,15]; c4:bw=74,experts=[1,2,4,6,7,14,15]; c7:bw=79,experts=[0,4,5,6,12,13,14]; c9:bw=75,experts=[1,4,6,7,11,13,14]; c0:bw=103,experts=[0,1,2,4,5,6,7,12,13,14]; c3:bw=68,experts=[0,4,5,6,9,13]; c8:bw=11,experts=[4]
   38 | 0.01000 |   0.8161 |   75.18% |   75.70% |    1:03.38
      bandwidth/experts | c8:bw=87,experts=[1,2,4,5,6,12,13,14]; c6:bw=32,experts=[4,6,9]; c4:bw=98,experts=[1,2,4,5,6,7,12,14,15]; c1:bw=58,experts=[1,2,4,6,14]; c5:bw=10,experts=[4]; c2:bw=10,experts=[8]; c3:bw=72,experts=[0,4,5,6,9,12,13]; c7:bw=96,experts=[0,1,3,4,5,6,12,13,14]; c9:bw=49,experts=[1,4,6,14]; c0:bw=76,experts=[0,1,4,5,6,8,14]
   39 | 0.01000 |   0.8107 |   76.02% |   76.02% |    1:03.31
      bandwidth/experts | c3:bw=49,experts=[4,6,9,14]; c0:bw=10,experts=[4]; c1:bw=84,experts=[1,2,4,6,7,9,11,14]; c7:bw=75,experts=[0,1,4,5,6,13,14]; c6:bw=58,experts=[1,2,4,6,14]; c8:bw=84,experts=[1,2,3,4,5,6,12,14]; c2:bw=68,experts=[2,4,5,6,12,14]; c4:bw=67,experts=[1,2,4,6,14,15]; c9:bw=45,experts=[3,4,6,14]; c5:bw=141,experts=[0,1,2,3,4,5,6,7,10,11,12,13,14,15]
   40 | 0.01000 |   0.8045 |   76.28% |   76.28% |    1:03.51
      bandwidth/experts | c8:bw=49,experts=[2,4,6,14]; c1:bw=79,experts=[1,2,4,5,6,13,14]; c5:bw=60,experts=[1,2,4,6,13,14]; c6:bw=88,experts=[1,2,4,5,6,13,14,15]; c2:bw=123,experts=[0,1,2,4,5,6,8,9,10,12,13,14]; c7:bw=125,experts=[0,1,2,4,5,6,8,9,11,12,13,14]; c3:bw=13,experts=[4]; c4:bw=36,experts=[4,6,14]; c9:bw=75,experts=[1,2,4,6,7,13,14]; c0:bw=67,experts=[0,1,4,5,6,14]
   41 | 0.01000 |   0.8091 |   73.21% |   76.28% |    1:02.79
      bandwidth/experts | c2:bw=101,experts=[0,1,2,4,5,6,8,12,13,14]; c6:bw=10,experts=[4]; c8:bw=107,experts=[1,2,4,5,6,8,12,13,14,15]; c1:bw=15,experts=[10]; c4:bw=95,experts=[1,2,4,6,7,8,12,14,15]; c5:bw=116,experts=[0,1,2,4,5,6,8,9,13,14,15]; c7:bw=129,experts=[0,1,2,4,5,6,8,9,11,12,13,14]; c3:bw=75,experts=[0,4,5,6,9,13,14]; c9:bw=101,experts=[1,2,4,5,6,7,8,12,13,14]; c0:bw=10,experts=[11]
   42 | 0.01000 |   0.7561 |   75.57% |   76.28% |    1:02.29
      bandwidth/experts | c5:bw=95,experts=[0,1,2,4,5,6,7,13,14]; c1:bw=92,experts=[0,1,2,4,5,6,12,13,14]; c3:bw=91,experts=[0,2,4,5,6,9,12,13,14]; c9:bw=96,experts=[1,2,4,6,7,8,12,13,14]; c6:bw=64,experts=[1,2,4,6,13,14]; c0:bw=28,experts=[4,10]; c7:bw=37,experts=[0,4,6]; c4:bw=103,experts=[1,2,4,5,6,7,12,13,14,15]; c8:bw=79,experts=[1,2,4,6,8,13,14]; c2:bw=76,experts=[2,4,5,6,12,13,14]
   43 | 0.01000 |   0.8100 |   76.49% |   76.49% |    1:02.79
      bandwidth/experts | c5:bw=100,experts=[0,1,2,4,5,6,9,12,13,14]; c1:bw=110,experts=[0,1,2,4,5,6,7,8,12,13,14]; c2:bw=96,experts=[0,1,2,4,5,6,12,13,14]; c8:bw=85,experts=[1,2,4,5,6,9,12,14]; c9:bw=60,experts=[1,4,6,7,13,14]; c7:bw=40,experts=[0,4,5,6]; c4:bw=65,experts=[1,2,4,6,14,15]; c6:bw=23,experts=[4,6]; c3:bw=122,experts=[0,1,2,4,5,6,8,9,11,12,13,14]; c0:bw=40,experts=[4,5,6,14]
   44 | 0.01000 |   0.7931 |   75.54% |   76.49% |    1:01.95
      bandwidth/experts | c0:bw=125,experts=[0,1,2,4,5,6,9,11,12,13,14,15]; c3:bw=88,experts=[0,2,4,5,6,9,13,14]; c4:bw=54,experts=[2,4,6,14,15]; c2:bw=69,experts=[0,2,4,5,6,12]; c7:bw=142,experts=[0,1,2,4,5,6,8,9,10,11,12,13,14,15]; c5:bw=46,experts=[2,4,6,14]; c6:bw=39,experts=[4,6,14]; c9:bw=70,experts=[1,4,5,6,12,13,14]; c8:bw=65,experts=[2,4,5,6,12,14]; c1:bw=84,experts=[1,2,4,5,6,7,12,14]
   45 | 0.01000 |   0.7962 |   76.18% |   76.49% |    1:02.36
      bandwidth/experts | c8:bw=104,experts=[1,2,4,5,6,7,12,13,14,15]; c0:bw=68,experts=[0,2,4,5,6,12]; c3:bw=126,experts=[0,1,2,4,5,6,8,9,11,12,13,14]; c4:bw=121,experts=[0,1,2,4,5,6,7,8,12,13,14,15]; c7:bw=67,experts=[0,4,5,6,12,13]; c2:bw=93,experts=[0,1,2,4,5,6,12,13,14]; c9:bw=47,experts=[1,4,6,14]; c6:bw=10,experts=[4]; c5:bw=84,experts=[0,1,2,4,5,6,13,14]; c1:bw=105,experts=[1,2,4,5,6,7,8,12,13,14]
   46 | 0.01000 |   0.7916 |   76.50% |   76.50% |    1:02.62
      bandwidth/experts | c9:bw=69,experts=[1,2,4,6,13,14]; c3:bw=50,experts=[0,4,6,9,14]; c6:bw=73,experts=[1,2,4,6,13,14,15]; c1:bw=77,experts=[1,2,4,6,8,13,14]; c4:bw=121,experts=[1,2,3,4,5,6,7,8,12,13,14,15]; c5:bw=77,experts=[0,2,4,5,6,13,14]; c2:bw=107,experts=[0,1,2,4,5,6,9,12,13,14]; c8:bw=73,experts=[1,2,4,5,6,12,13]; c0:bw=103,experts=[0,1,2,4,5,6,12,13,14,15]; c7:bw=53,experts=[0,4,5,6,13]
   47 | 0.01000 |   0.7923 |   77.74% |   77.74% |    1:01.43
      bandwidth/experts | c5:bw=97,experts=[0,1,2,4,5,6,12,13,14]; c6:bw=42,experts=[2,4,6,14]; c7:bw=100,experts=[0,1,4,5,6,9,11,12,13,14]; c9:bw=32,experts=[4,6,14]; c8:bw=74,experts=[2,4,5,6,10,12,14]; c3:bw=132,experts=[0,1,2,4,5,6,7,8,9,11,12,13,14]; c4:bw=18,experts=[4]; c0:bw=86,experts=[0,1,4,5,6,12,13,14]; c1:bw=57,experts=[1,2,4,6,14]; c2:bw=102,experts=[0,1,2,4,5,6,8,12,13,14]
   48 | 0.01000 |   0.7832 |   76.55% |   77.74% |    1:01.66
      bandwidth/experts | c1:bw=94,experts=[1,2,3,4,5,6,7,14,15]; c8:bw=94,experts=[1,2,4,5,6,11,12,13,14]; c4:bw=127,experts=[0,1,2,4,5,6,7,9,12,13,14,15]; c2:bw=107,experts=[0,2,3,4,5,6,7,12,13,15]; c9:bw=99,experts=[1,2,4,6,7,9,12,13,14]; c6:bw=85,experts=[1,2,4,5,6,13,14,15]; c5:bw=104,experts=[0,1,2,4,5,6,7,12,13,14]; c7:bw=118,experts=[0,1,4,5,6,7,9,11,12,13,14]; c0:bw=29,experts=[3,4]; c3:bw=34,experts=[3,4,15]
   49 | 0.01000 |   0.7852 |   76.98% |   77.74% |    1:01.06
      bandwidth/experts | c4:bw=91,experts=[1,2,4,5,6,7,12,14,15]; c3:bw=60,experts=[0,4,6,9,13,14]; c8:bw=50,experts=[2,4,6,12,14]; c0:bw=37,experts=[2,4,6]; c2:bw=110,experts=[0,1,2,4,5,6,9,11,12,13,14]; c5:bw=106,experts=[0,1,2,4,5,6,9,13,14,15]; c6:bw=24,experts=[4,6]; c7:bw=83,experts=[0,1,4,5,6,12,13,14]; c9:bw=100,experts=[1,2,4,5,6,7,8,12,13,14]; c1:bw=102,experts=[0,1,2,4,5,6,8,12,13,14]
   50 | 0.01000 |   0.7830 |   77.83% |   77.83% |    1:01.67
      bandwidth/experts | c8:bw=61,experts=[1,2,4,6,12,14]; c4:bw=14,experts=[4]; c7:bw=65,experts=[0,4,5,6,13,14]; c6:bw=128,experts=[0,1,2,4,5,6,7,11,12,13,14,15]; c2:bw=119,experts=[0,1,2,4,5,6,8,12,13,14,15]; c1:bw=122,experts=[0,1,2,4,5,6,7,8,9,12,13,14]; c3:bw=73,experts=[0,4,5,6,9,13,14]; c0:bw=55,experts=[1,4,5,6,14]; c9:bw=51,experts=[0,4,6,14,15]; c5:bw=59,experts=[2,4,6,13,14]
   51 | 0.01000 |   0.7819 |   75.98% |   77.83% |    1:03.13
      bandwidth/experts | c5:bw=89,experts=[0,1,2,4,6,13,14,15]; c0:bw=101,experts=[0,1,2,4,5,6,8,12,13,14]; c1:bw=40,experts=[2,4,6,14]; c2:bw=38,experts=[4,5,6]; c8:bw=87,experts=[0,2,4,5,6,12,13,14]; c6:bw=98,experts=[1,2,4,5,6,11,13,14,15]; c9:bw=34,experts=[4,6,10]; c3:bw=104,experts=[0,1,2,4,5,6,9,11,13,14]; c4:bw=21,experts=[4,6]; c7:bw=51,experts=[0,4,5,6,13]
   52 | 0.01000 |   0.7830 |   77.85% |   77.85% |    1:01.33
      bandwidth/experts | c0:bw=87,experts=[0,1,4,5,6,12,13,14]; c8:bw=33,experts=[2,4,6]; c5:bw=46,experts=[4,6,13,14]; c7:bw=64,experts=[0,4,5,6,9,13]; c1:bw=76,experts=[1,2,4,5,6,12,14]; c4:bw=63,experts=[4,6,10,11,14,15]; c9:bw=58,experts=[1,4,6,13,14]; c6:bw=96,experts=[1,2,4,5,6,8,13,14,15]; c2:bw=55,experts=[2,4,5,6,12]; c3:bw=81,experts=[0,4,5,6,9,10,13,14]
   53 | 0.01000 |   0.7782 |   77.35% |   77.85% |    1:01.54
      bandwidth/experts | c8:bw=41,experts=[4,6,12,14]; c4:bw=53,experts=[1,4,6,14,15]; c5:bw=83,experts=[0,1,2,4,5,6,13,14]; c1:bw=111,experts=[0,1,2,4,5,6,7,8,12,13,14]; c3:bw=89,experts=[0,2,4,5,6,9,13,14]; c9:bw=115,experts=[1,2,4,5,6,7,8,11,12,13,14]; c6:bw=67,experts=[3,4,6,10,13,14]; c7:bw=82,experts=[0,4,5,6,9,12,13,14]; c0:bw=73,experts=[1,4,5,6,7,13,14]; c2:bw=97,experts=[0,1,2,4,5,6,12,13,14]
   54 | 0.01000 |   0.7792 |   78.17% |   78.17% |    1:01.83
      bandwidth/experts | c2:bw=15,experts=[4]; c1:bw=99,experts=[0,1,2,4,5,6,12,13,14]; c8:bw=105,experts=[1,2,4,5,6,7,12,13,14,15]; c7:bw=115,experts=[0,1,3,4,5,6,9,11,12,13,14]; c3:bw=57,experts=[0,4,5,6,9]; c0:bw=70,experts=[1,2,4,5,6,12,14]; c6:bw=102,experts=[1,2,4,6,7,9,12,13,14,15]; c5:bw=10,experts=[4]; c9:bw=95,experts=[1,4,5,6,7,8,12,13,14]; c4:bw=60,experts=[1,2,4,6,14,15]
   55 | 0.01000 |   0.7699 |   78.52% |   78.52% |    1:01.61
      bandwidth/experts | c7:bw=103,experts=[0,1,2,4,5,6,9,12,13,14]; c2:bw=77,experts=[1,2,4,5,6,12,13]; c4:bw=27,experts=[4,6]; c3:bw=99,experts=[0,2,4,5,6,8,9,13,14]; c8:bw=26,experts=[3,4]; c5:bw=100,experts=[0,1,3,4,5,6,10,11,13,14]; c1:bw=113,experts=[1,2,4,5,6,7,8,11,12,13,14]; c6:bw=79,experts=[1,2,4,5,6,13,14]; c0:bw=52,experts=[1,2,4,6,14]; c9:bw=117,experts=[1,2,3,4,5,6,7,8,12,13,14]
   56 | 0.01000 |   0.7686 |   77.74% |   78.52% |    1:01.94
      bandwidth/experts | c9:bw=98,experts=[1,2,4,5,6,7,12,13,14]; c1:bw=106,experts=[1,2,4,5,6,7,8,12,13,14]; c3:bw=16,experts=[4]; c2:bw=100,experts=[0,1,2,4,5,6,10,12,13,14]; c5:bw=58,experts=[1,2,4,6,14]; c4:bw=18,experts=[4]; c8:bw=25,experts=[4,6]; c7:bw=34,experts=[4,5,6]; c6:bw=44,experts=[4,5,6,14]; c0:bw=132,experts=[0,1,2,4,5,6,7,8,9,11,12,13,14]
   57 | 0.01000 |   0.7729 |   78.21% |   78.52% |    1:03.40
      bandwidth/experts | c3:bw=121,experts=[0,1,2,4,5,6,8,9,11,12,13,14]; c8:bw=81,experts=[1,2,4,5,6,12,13,14]; c6:bw=91,experts=[1,2,4,5,6,12,13,14,15]; c1:bw=93,experts=[1,2,4,5,6,7,10,12,14]; c7:bw=130,experts=[0,1,2,4,5,6,7,8,9,11,12,13,14]; c0:bw=132,experts=[0,1,2,4,5,6,8,9,11,12,13,14,15]; c5:bw=83,experts=[0,1,2,4,6,8,13,14]; c4:bw=78,experts=[1,2,4,6,7,14,15]; c2:bw=62,experts=[1,2,4,5,6,12]; c9:bw=36,experts=[4,6,14]
   58 | 0.01000 |   0.7679 |   78.60% |   78.60% |    1:02.11
      bandwidth/experts | c7:bw=45,experts=[0,4,5,6]; c2:bw=10,experts=[4]; c9:bw=108,experts=[1,2,4,5,6,7,8,12,13,14]; c6:bw=104,experts=[1,2,4,5,6,11,12,13,14,15]; c5:bw=66,experts=[0,2,4,6,13,14]; c1:bw=56,experts=[1,2,4,6,14]; c8:bw=75,experts=[4,5,6,8,11,12,13]; c4:bw=72,experts=[1,2,4,6,7,14,15]; c3:bw=116,experts=[0,1,2,4,5,6,8,9,12,13,14]; c0:bw=89,experts=[1,2,4,5,6,10,13,14]
   59 | 0.01000 |   0.7669 |   78.52% |   78.60% |    1:02.24
      bandwidth/experts | c2:bw=69,experts=[1,2,4,5,6,12]; c8:bw=105,experts=[1,2,4,5,6,7,9,12,13,14]; c9:bw=52,experts=[1,4,6,13,14]; c6:bw=36,experts=[4,6,14]; c1:bw=123,experts=[0,1,2,4,5,6,7,8,10,12,13,14]; c4:bw=48,experts=[1,4,6,14]; c7:bw=53,experts=[0,4,5,6,13]; c5:bw=60,experts=[1,2,4,6,13,14]; c0:bw=98,experts=[0,1,2,4,5,6,12,13,14]; c3:bw=67,experts=[0,4,5,6,9,13]
   60 | 0.01000 |   0.7671 |   79.97% |   79.97% |    1:02.54
      bandwidth/experts | c0:bw=100,experts=[0,1,2,4,5,6,7,12,13,14]; c7:bw=90,experts=[0,1,4,5,6,10,13,14,15]; c4:bw=57,experts=[1,2,4,6,14]; c2:bw=57,experts=[1,2,4,6,12]; c5:bw=63,experts=[1,2,4,6,13,14]; c8:bw=46,experts=[4,5,6,12]; c6:bw=112,experts=[0,1,2,4,5,6,11,12,13,14,15]; c9:bw=14,experts=[4]; c1:bw=102,experts=[1,2,4,5,6,7,8,12,13,14]; c3:bw=83,experts=[0,1,4,5,6,9,13,14]
   61 | 0.01000 |   0.7611 |   79.63% |   79.97% |    1:02.64
      bandwidth/experts | c5:bw=92,experts=[0,1,2,4,5,6,13,14,15]; c6:bw=70,experts=[1,2,4,6,13,14,15]; c2:bw=55,experts=[2,4,5,6,12]; c9:bw=71,experts=[1,4,6,7,12,13,14]; c1:bw=63,experts=[1,2,4,6,7,14]; c3:bw=81,experts=[0,4,5,6,9,12,13,14]; c8:bw=104,experts=[1,2,4,5,6,7,12,13,14,15]; c4:bw=72,experts=[1,2,4,5,6,14,15]; c7:bw=82,experts=[0,4,5,6,9,12,13,14]; c0:bw=114,experts=[0,1,2,4,5,6,8,12,13,14,15]
   62 | 0.01000 |   0.7591 |   79.09% |   79.97% |    1:03.13
      bandwidth/experts | c8:bw=25,experts=[4,6]; c6:bw=118,experts=[0,1,2,4,5,6,11,12,13,14,15]; c9:bw=31,experts=[4,6,14]; c4:bw=114,experts=[1,2,3,4,5,6,7,8,12,14,15]; c5:bw=127,experts=[0,1,2,4,5,6,9,11,12,13,14,15]; c0:bw=53,experts=[1,4,5,6,14]; c3:bw=100,experts=[0,1,4,5,6,8,9,11,12,13]; c2:bw=79,experts=[1,2,4,5,6,12,14]; c1:bw=141,experts=[0,1,2,4,5,6,7,8,9,10,11,12,13,14]; c7:bw=84,experts=[0,1,4,5,6,9,12,13]
   63 | 0.01000 |   0.7629 |   79.21% |   79.97% |    1:01.09
      bandwidth/experts | c5:bw=17,experts=[4]; c9:bw=39,experts=[4,6,14]; c6:bw=64,experts=[1,2,4,6,13,14]; c3:bw=99,experts=[0,4,5,6,7,9,12,13,14]; c8:bw=60,experts=[2,4,6,10,12,14]; c1:bw=94,experts=[1,2,4,5,6,7,12,13,14]; c7:bw=129,experts=[0,1,4,5,6,8,9,10,11,12,13,14]; c0:bw=78,experts=[1,4,5,6,12,13,14]; c2:bw=53,experts=[1,2,4,6,12]; c4:bw=99,experts=[1,2,4,5,6,7,12,14,15]
   64 | 0.01000 |   0.7581 |   79.62% |   79.97% |    1:00.84
      bandwidth/experts | c6:bw=94,experts=[1,2,4,6,11,12,13,14,15]; c4:bw=71,experts=[0,1,4,6,9,13,14]; c5:bw=45,experts=[4,6,7,14]; c3:bw=71,experts=[0,3,4,5,6,9,15]; c7:bw=64,experts=[0,4,5,6,13,14]; c0:bw=60,experts=[1,2,3,4,6,14]; c8:bw=101,experts=[1,2,4,5,6,7,12,13,14,15]; c9:bw=112,experts=[1,2,4,5,6,7,8,9,12,13,14]; c2:bw=106,experts=[0,1,2,3,4,5,6,7,12,13]; c1:bw=54,experts=[3,4,6,14,15]
   65 | 0.01000 |   0.7546 |   79.05% |   79.97% |    1:01.46
      bandwidth/experts | c7:bw=17,experts=[4]; c5:bw=54,experts=[0,4,6,13,14]; c4:bw=108,experts=[1,2,4,5,6,7,11,12,14,15]; c6:bw=94,experts=[1,2,4,5,6,11,13,14,15]; c8:bw=124,experts=[1,2,4,5,6,7,8,11,12,13,14,15]; c3:bw=80,experts=[0,2,4,5,6,9,13,14]; c0:bw=78,experts=[1,2,4,5,6,13,14]; c2:bw=53,experts=[4,5,6,9,11]; c1:bw=109,experts=[1,2,4,5,6,7,8,12,13,14]; c9:bw=88,experts=[1,4,6,7,8,12,13,14]
   66 | 0.01000 |   0.7511 |   78.29% |   79.97% |    1:01.14
      bandwidth/experts | c2:bw=77,experts=[2,4,5,6,8,12,15]; c5:bw=32,experts=[4,6,14]; c1:bw=102,experts=[1,2,4,5,6,7,8,12,13,14]; c8:bw=46,experts=[1,4,6,14]; c9:bw=59,experts=[0,4,6,14,15]; c6:bw=56,experts=[1,2,4,6,14]; c4:bw=78,experts=[1,2,4,6,7,14,15]; c0:bw=72,experts=[1,2,4,5,6,13,14]; c3:bw=126,experts=[0,1,2,4,5,6,8,9,11,12,13,14]; c7:bw=95,experts=[0,1,4,5,6,9,11,12,13]
   67 | 0.01000 |   0.7519 |   78.38% |   79.97% |    1:01.27
      bandwidth/experts | c4:bw=97,experts=[1,2,4,5,6,7,12,14,15]; c5:bw=91,experts=[0,1,2,4,5,6,13,14,15]; c1:bw=69,experts=[2,4,5,6,12,14]; c3:bw=48,experts=[0,4,6,9]; c6:bw=100,experts=[1,2,4,5,6,11,12,13,14,15]; c0:bw=61,experts=[1,2,4,6,13,14]; c2:bw=81,experts=[0,1,2,4,5,6,12,13]; c9:bw=113,experts=[1,2,4,5,6,7,8,10,12,13,14]; c7:bw=111,experts=[0,1,2,4,5,6,9,11,12,13,14]; c8:bw=17,experts=[0]
   68 | 0.01000 |   0.7703 |   80.57% |   80.57% |    1:00.93
      bandwidth/experts | c1:bw=79,experts=[1,2,4,5,6,12,14]; c8:bw=59,experts=[4,5,6,12,14]; c2:bw=110,experts=[0,1,2,4,5,6,8,12,13,14,15]; c0:bw=57,experts=[1,4,5,6,14]; c3:bw=49,experts=[4,5,6,10]; c4:bw=93,experts=[1,2,4,5,6,7,10,14,15]; c5:bw=84,experts=[0,1,2,4,6,12,13,14]; c9:bw=29,experts=[4,6]; c7:bw=53,experts=[0,4,5,6,13]; c6:bw=60,experts=[4,5,6,8,13,14]
   69 | 0.01000 |   0.7488 |   79.20% |   80.57% |    1:01.30
      bandwidth/experts | c3:bw=78,experts=[0,4,5,6,9,13,14]; c7:bw=110,experts=[0,1,4,5,6,8,9,11,12,13,14]; c1:bw=59,experts=[1,2,4,6,14]; c4:bw=78,experts=[1,2,4,6,7,14,15]; c9:bw=67,experts=[1,4,6,7,11,14]; c5:bw=74,experts=[0,1,4,5,6,13,14]; c0:bw=99,experts=[0,1,2,4,5,6,12,13,14]; c2:bw=125,experts=[0,1,2,4,5,6,8,9,11,12,13,14]; c8:bw=79,experts=[1,2,4,5,6,12,14]; c6:bw=49,experts=[3,4,6,10]
   70 | 0.01000 |   0.7499 |   80.15% |   80.57% |    1:00.46
      bandwidth/experts | c1:bw=46,experts=[1,4,6,14]; c9:bw=10,experts=[4]; c7:bw=53,experts=[0,3,4,5,6]; c3:bw=60,experts=[0,4,6,9,13,14]; c0:bw=57,experts=[1,4,5,6,13]; c6:bw=49,experts=[4,6,7,9]; c2:bw=104,experts=[0,1,2,4,5,6,8,12,13,14]; c4:bw=109,experts=[1,2,3,4,5,6,7,12,14,15]; c5:bw=43,experts=[0,4,6,14]; c8:bw=91,experts=[1,2,4,5,6,7,12,14,15]
   71 | 0.01000 |   0.7464 |   79.80% |   80.57% |    1:00.59
      bandwidth/experts | c4:bw=80,experts=[1,2,4,5,6,7,14,15]; c0:bw=31,experts=[4,5,6]; c1:bw=99,experts=[0,1,2,4,5,6,12,13,14]; c9:bw=75,experts=[1,3,4,6,7,13,14]; c7:bw=39,experts=[0,4,6]; c5:bw=63,experts=[2,3,4,6,10,14]; c3:bw=116,experts=[0,2,4,5,6,8,9,11,12,13,14]; c6:bw=94,experts=[1,2,4,6,11,12,13,14,15]; c8:bw=73,experts=[1,3,4,5,6,12,14]; c2:bw=115,experts=[0,1,2,4,5,6,8,9,12,13,14]
   72 | 0.01000 |   0.7490 |   78.74% |   80.57% |    1:01.54
      bandwidth/experts | c8:bw=56,experts=[2,4,6,12,14]; c1:bw=75,experts=[1,2,4,5,6,12,14]; c5:bw=82,experts=[0,1,2,4,5,6,13,14]; c7:bw=91,experts=[0,1,4,5,6,9,12,13,14]; c6:bw=36,experts=[1,4,6]; c0:bw=99,experts=[0,1,2,4,5,6,12,13,14]; c3:bw=43,experts=[0,4,6,9]; c2:bw=43,experts=[4,6,10,12]; c9:bw=71,experts=[1,4,6,7,12,13,14]; c4:bw=74,experts=[1,2,4,6,7,14,15]
   73 | 0.01000 |   0.7484 |   80.31% |   80.57% |    1:01.70
      bandwidth/experts | c2:bw=89,experts=[0,1,2,4,5,6,12,13]; c8:bw=20,experts=[4,6]; c3:bw=75,experts=[0,4,5,6,9,12,13]; c1:bw=124,experts=[0,1,2,4,5,6,7,8,9,12,13,14]; c5:bw=32,experts=[4,6,8]; c9:bw=98,experts=[1,2,4,5,6,7,12,13,14]; c0:bw=53,experts=[4,5,6,9,11]; c7:bw=70,experts=[0,4,5,6,7,9,13]; c6:bw=37,experts=[4,6,14]; c4:bw=77,experts=[1,2,4,5,6,14,15]
   74 | 0.01000 |   0.7518 |   80.14% |   80.57% |    1:01.70
      bandwidth/experts | c3:bw=13,experts=[4]; c0:bw=75,experts=[1,4,5,6,10,13,14]; c1:bw=52,experts=[2,4,6,12,14]; c5:bw=95,experts=[0,1,2,4,5,6,13,14,15]; c7:bw=123,experts=[0,1,2,4,5,6,8,9,11,12,13,14]; c8:bw=53,experts=[1,2,4,6,14]; c6:bw=15,experts=[4]; c2:bw=11,experts=[4]; c4:bw=89,experts=[1,2,4,5,6,7,14,15]; c9:bw=60,experts=[1,4,6,7,13,14]
   75 | 0.01000 |   0.7359 |   81.51% |   81.51% |    1:02.35
      bandwidth/experts | c2:bw=75,experts=[0,1,4,5,6,12,13]; c9:bw=115,experts=[0,1,2,4,5,6,7,8,12,13,14]; c1:bw=102,experts=[0,1,2,4,5,6,8,12,13,14]; c3:bw=37,experts=[0,4,6]; c7:bw=54,experts=[0,4,5,6,9]; c6:bw=105,experts=[1,2,4,5,6,9,11,13,14,15]; c5:bw=59,experts=[0,4,6,13,14]; c4:bw=106,experts=[1,2,3,4,5,6,7,12,14,15]; c0:bw=114,experts=[0,1,2,4,5,6,8,11,12,13,14]; c8:bw=101,experts=[1,2,4,5,6,8,9,12,13,14]
   76 | 0.01000 |   0.7343 |   80.05% |   81.51% |    1:01.99
      bandwidth/experts | c8:bw=54,experts=[1,4,5,6,12]; c5:bw=70,experts=[0,1,2,4,6,13,14]; c0:bw=59,experts=[1,4,6,7,13]; c3:bw=28,experts=[4,6]; c2:bw=47,experts=[1,4,6,12]; c6:bw=44,experts=[1,4,6,14]; c7:bw=126,experts=[0,1,4,5,6,8,9,11,12,13,14,15]; c4:bw=114,experts=[0,1,2,3,4,5,6,7,12,14,15]; c9:bw=108,experts=[1,2,4,5,6,7,8,12,13,14]; c1:bw=101,experts=[1,2,4,5,6,7,8,12,13,14]
   77 | 0.01000 |   0.7385 |   80.39% |   81.51% |    1:00.85
      bandwidth/experts | c9:bw=55,experts=[1,4,6,7,14]; c2:bw=65,experts=[0,1,4,5,6,12]; c1:bw=118,experts=[0,1,2,4,5,6,7,8,12,13,14]; c8:bw=10,experts=[4]; c4:bw=10,experts=[4]; c7:bw=16,experts=[4]; c6:bw=107,experts=[1,2,4,5,6,11,12,13,14,15]; c0:bw=120,experts=[0,1,2,4,5,6,9,11,12,13,14,15]; c3:bw=76,experts=[0,4,5,6,9,13,14]; c5:bw=112,experts=[0,1,2,4,5,6,9,12,13,14,15]
   78 | 0.01000 |   0.7370 |   80.93% |   81.51% |    1:00.73
      bandwidth/experts | c0:bw=50,experts=[1,4,5,6,13]; c4:bw=43,experts=[4,6,8,14]; c3:bw=71,experts=[0,4,5,6,8,9,12]; c7:bw=68,experts=[0,4,5,6,9,13]; c8:bw=102,experts=[1,2,4,5,6,7,12,13,14,15]; c1:bw=77,experts=[4,5,6,10,11,12,14]; c9:bw=58,experts=[1,4,6,7,14]; c6:bw=109,experts=[0,1,4,5,6,9,11,12,13,14]; c5:bw=119,experts=[0,1,2,4,5,6,9,11,13,14,15]; c2:bw=65,experts=[1,2,4,5,6,12]
   79 | 0.01000 |   0.7312 |   79.09% |   81.51% |    1:01.15
      bandwidth/experts | c6:bw=40,experts=[1,4,6,14]; c9:bw=17,experts=[4]; c0:bw=68,experts=[1,2,4,6,13,14]; c4:bw=160,experts=[0,1,2,3,4,5,6,7,8,9,10,11,12,13,14,15]; c7:bw=86,experts=[0,4,5,6,9,10,12,13]; c8:bw=84,experts=[1,2,4,5,6,10,12,14]; c5:bw=100,experts=[0,1,2,4,5,6,9,13,14,15]; c3:bw=50,experts=[0,4,6,7,9]; c1:bw=70,experts=[0,2,4,5,6,12,13]; c2:bw=63,experts=[1,2,4,5,6,12]
   80 | 0.01000 |   0.7328 |   81.31% |   81.51% |    1:01.14
      bandwidth/experts | c5:bw=124,experts=[0,1,2,4,5,6,7,9,12,13,14,15]; c9:bw=99,experts=[1,4,5,6,7,9,12,13,14]; c7:bw=90,experts=[0,1,4,5,6,9,11,12,14]; c1:bw=58,experts=[3,4,6,14,15]; c3:bw=59,experts=[0,3,4,6,15]; c4:bw=108,experts=[0,1,2,4,5,6,7,12,14,15]; c2:bw=82,experts=[0,1,3,4,5,6,7,12]; c0:bw=90,experts=[0,1,2,3,4,5,6,13,14]; c6:bw=74,experts=[1,2,4,6,13,14,15]; c8:bw=97,experts=[1,2,4,6,7,12,13,14,15]
   81 | 0.01000 |   0.7302 |   81.04% |   81.51% |    1:01.21
      bandwidth/experts | c6:bw=97,experts=[1,2,4,5,6,11,13,14,15]; c2:bw=85,experts=[1,2,4,5,6,12,13,14]; c3:bw=126,experts=[0,1,2,4,5,6,9,10,11,12,13,14]; c1:bw=93,experts=[1,2,4,5,6,8,12,13,14]; c4:bw=79,experts=[1,2,4,5,6,14,15]; c5:bw=57,experts=[1,2,4,6,14]; c9:bw=50,experts=[1,4,6,13,14]; c7:bw=109,experts=[0,1,4,5,6,9,11,12,13,14]; c8:bw=90,experts=[1,2,4,5,6,7,11,12,14]; c0:bw=95,experts=[0,1,2,4,5,6,12,13,14]
   82 | 0.01000 |   0.7311 |   80.17% |   81.51% |    1:00.32
      bandwidth/experts | c1:bw=121,experts=[0,1,2,4,5,6,7,8,9,12,13,14]; c0:bw=57,experts=[1,4,6,13,14]; c6:bw=69,experts=[1,2,4,6,13,14]; c8:bw=109,experts=[1,2,4,5,6,11,12,13,14,15]; c7:bw=75,experts=[0,4,5,6,9,12,13]; c3:bw=74,experts=[0,4,5,6,9,12,14]; c2:bw=56,experts=[1,4,5,6,12]; c9:bw=105,experts=[1,2,4,5,6,7,12,13,14,15]; c5:bw=76,experts=[0,1,2,4,5,6,14]; c4:bw=56,experts=[1,2,4,6,14]
   83 | 0.01000 |   0.7293 |   82.02% |   82.02% |    1:00.44
      bandwidth/experts | c9:bw=97,experts=[1,4,5,6,7,10,12,13,14]; c4:bw=19,experts=[4]; c2:bw=77,experts=[0,1,4,5,6,12,13]; c7:bw=70,experts=[0,1,4,5,6,9,14]; c5:bw=10,experts=[4]; c0:bw=10,experts=[4]; c6:bw=100,experts=[1,2,4,5,6,9,11,13,14,15]; c1:bw=119,experts=[0,1,2,4,5,6,7,8,12,13,14]; c8:bw=74,experts=[0,1,4,5,6,12,14]; c3:bw=80,experts=[0,1,4,5,6,9,13,14]
   84 | 0.01000 |   0.7283 |   80.63% |   82.02% |    1:00.28
      bandwidth/experts | c8:bw=126,experts=[1,2,4,5,6,7,8,11,12,13,14,15]; c3:bw=61,experts=[0,4,6,9,13,14]; c1:bw=110,experts=[0,1,2,4,5,6,7,8,12,13,14]; c6:bw=10,experts=[8]; c9:bw=39,experts=[4,6,14]; c2:bw=69,experts=[0,4,5,6,12,15]; c7:bw=89,experts=[0,1,4,5,6,9,13,14]; c5:bw=38,experts=[4,6,14]; c4:bw=52,experts=[1,4,6,14,15]; c0:bw=19,experts=[4]
   85 | 0.01000 |   0.7340 |   82.21% |   82.21% |    1:00.92
      bandwidth/experts | c0:bw=72,experts=[1,4,5,6,9,13,14]; c2:bw=86,experts=[0,1,4,5,6,11,12,13]; c8:bw=132,experts=[1,2,4,5,6,7,8,9,11,12,13,14,15]; c6:bw=79,experts=[1,3,4,6,10,13,14]; c1:bw=107,experts=[0,1,2,4,5,6,7,12,13,14]; c4:bw=79,experts=[1,2,4,5,6,14,15]; c9:bw=109,experts=[1,2,4,5,6,7,11,12,13,14]; c3:bw=97,experts=[0,4,5,6,8,9,12,13,14]; c5:bw=23,experts=[4,6]; c7:bw=21,experts=[4,6]
   86 | 0.01000 |   0.7249 |   80.83% |   82.21% |    1:00.78
      bandwidth/experts | c5:bw=90,experts=[0,1,2,4,5,6,13,14,15]; c8:bw=53,experts=[1,2,4,6,14]; c2:bw=45,experts=[4,5,6,12]; c6:bw=104,experts=[1,2,4,5,6,7,11,13,14,15]; c0:bw=56,experts=[1,4,6,13,14]; c4:bw=35,experts=[4,6,14]; c7:bw=83,experts=[0,3,4,5,6,9,12,13]; c3:bw=52,experts=[0,4,5,6,9]; c1:bw=136,experts=[0,1,2,4,5,6,7,8,9,10,12,13,14]; c9:bw=81,experts=[1,2,4,6,7,12,13,14]
   87 | 0.01000 |   0.7252 |   81.92% |   82.21% |    1:00.64
      bandwidth/experts | c1:bw=55,experts=[2,4,6,13,14]; c2:bw=127,experts=[0,1,2,4,5,6,8,9,11,12,13,14]; c7:bw=42,experts=[0,4,5,6]; c5:bw=10,experts=[3]; c6:bw=113,experts=[0,1,2,4,5,6,11,12,13,14,15]; c3:bw=128,experts=[0,1,4,5,6,8,9,10,11,12,13,14]; c4:bw=64,experts=[1,2,4,6,14,15]; c9:bw=71,experts=[1,3,4,6,7,13,14]; c8:bw=87,experts=[1,2,3,4,6,12,14,15]; c0:bw=66,experts=[1,4,5,6,13,14]
   88 | 0.01000 |   0.7229 |   81.64% |   82.21% |    1:00.50
      bandwidth/experts | c8:bw=81,experts=[1,2,4,5,6,12,13,14]; c6:bw=51,experts=[1,4,6,13,14]; c3:bw=62,experts=[0,4,5,6,9,13]; c7:bw=78,experts=[0,1,4,5,6,9,13]; c0:bw=117,experts=[0,1,2,4,5,6,8,9,11,13,14]; c4:bw=71,experts=[1,2,4,5,6,14,15]; c9:bw=58,experts=[1,4,6,7,14]; c1:bw=53,experts=[1,2,4,6,14]; c5:bw=57,experts=[2,4,6,10,14]; c2:bw=86,experts=[0,1,4,5,6,10,12,13]
   89 | 0.01000 |   0.7220 |   80.98% |   82.21% |    1:00.27
      bandwidth/experts | c3:bw=58,experts=[0,4,5,6,9]; c8:bw=139,experts=[1,2,4,5,6,7,8,10,11,12,13,14,15]; c2:bw=84,experts=[0,1,2,4,5,6,12,13]; c9:bw=114,experts=[1,2,4,5,6,7,8,12,13,14,15]; c7:bw=40,experts=[4,6,7,13]; c5:bw=86,experts=[0,1,2,4,6,8,13,14]; c0:bw=24,experts=[4,6]; c6:bw=60,experts=[1,4,5,6,13,14]; c4:bw=58,experts=[1,4,6,14,15]; c1:bw=77,experts=[1,2,4,5,6,7,14]
   90 | 0.01000 |   0.7225 |   81.12% |   82.21% |    0:59.81
      bandwidth/experts | c7:bw=135,experts=[0,1,2,4,5,6,8,9,10,11,12,13,14]; c1:bw=58,experts=[2,4,5,6,14]; c3:bw=68,experts=[0,4,5,6,9,13]; c9:bw=120,experts=[0,1,2,4,5,6,7,8,12,13,14,15]; c0:bw=121,experts=[0,1,2,4,5,6,9,10,11,12,13,14]; c6:bw=49,experts=[4,6,13,14]; c2:bw=40,experts=[1,4,5,6]; c5:bw=51,experts=[0,4,6,13,14]; c8:bw=95,experts=[1,2,4,6,7,12,13,14,15]; c4:bw=67,experts=[1,2,4,6,14,15]
   91 | 0.01000 |   0.7201 |   82.07% |   82.21% |    1:00.72
      bandwidth/experts | c1:bw=94,experts=[1,2,4,5,6,7,12,13,14]; c9:bw=66,experts=[1,4,6,7,13,14]; c5:bw=98,experts=[0,1,2,4,5,6,13,14,15]; c7:bw=97,experts=[0,1,4,5,6,9,12,13,14]; c3:bw=75,experts=[0,4,5,6,9,12,13]; c4:bw=102,experts=[0,1,2,4,5,6,7,12,14,15]; c0:bw=42,experts=[1,4,5,6]; c6:bw=55,experts=[1,4,6,13,14]; c2:bw=21,experts=[4,6]; c8:bw=43,experts=[2,4,6,14]
   92 | 0.01000 |   0.7181 |   81.85% |   82.21% |    1:01.71
      bandwidth/experts | c3:bw=54,experts=[0,4,5,6,9]; c7:bw=64,experts=[0,4,5,6,13,15]; c1:bw=37,experts=[2,4,6]; c0:bw=56,experts=[1,4,6,7,13]; c8:bw=36,experts=[2,4,6]; c6:bw=86,experts=[1,2,4,6,11,13,14,15]; c9:bw=105,experts=[1,2,4,5,6,7,12,13,14,15]; c2:bw=47,experts=[4,5,6,12]; c5:bw=124,experts=[0,1,2,4,5,6,7,9,12,13,14,15]; c4:bw=50,experts=[1,4,6,14,15]
   93 | 0.01000 |   0.7190 |   80.45% |   82.21% |    1:01.10
      bandwidth/experts | c1:bw=89,experts=[1,2,4,5,6,12,13,14]; c3:bw=59,experts=[0,4,6,9,13]; c7:bw=42,experts=[0,4,6,13]; c9:bw=109,experts=[1,2,4,5,6,7,8,12,13,14]; c6:bw=42,experts=[4,6,13,14]; c8:bw=10,experts=[4]; c5:bw=15,experts=[4]; c4:bw=60,experts=[1,2,4,6,14,15]; c0:bw=35,experts=[4,6,15]; c2:bw=96,experts=[0,1,2,4,5,6,12,13,14]
   94 | 0.01000 |   0.7170 |   82.43% |   82.43% |    1:01.15
      bandwidth/experts | c7:bw=84,experts=[0,1,4,5,6,9,12,13]; c2:bw=122,experts=[0,1,2,4,5,6,9,11,12,13,14,15]; c5:bw=77,experts=[0,2,4,6,11,13,14]; c4:bw=59,experts=[2,4,6,14,15]; c6:bw=57,experts=[1,4,6,13,14]; c9:bw=95,experts=[1,2,4,5,6,7,12,13,14]; c1:bw=133,experts=[0,1,2,4,5,6,7,8,9,11,12,13,14]; c8:bw=14,experts=[4]; c0:bw=105,experts=[1,2,4,5,6,9,11,12,13,14]; c3:bw=64,experts=[0,4,5,6,9,12]
   95 | 0.01000 |   0.7129 |   80.03% |   82.43% |    1:00.87
      bandwidth/experts | c7:bw=112,experts=[0,1,4,5,6,8,9,11,12,13,14]; c9:bw=80,experts=[1,2,4,6,7,12,13,14]; c4:bw=29,experts=[3,8]; c6:bw=76,experts=[1,2,4,6,13,14,15]; c0:bw=66,experts=[1,4,5,6,13,14]; c3:bw=77,experts=[0,4,5,6,7,9,13]; c1:bw=59,experts=[1,2,4,6,14]; c8:bw=143,experts=[1,2,4,5,6,7,8,9,10,11,12,13,14,15]; c2:bw=43,experts=[4,5,6,12]; c5:bw=16,experts=[4]
   96 | 0.01000 |   0.7110 |   83.04% |   83.04% |    1:01.40
      bandwidth/experts | c2:bw=122,experts=[0,1,2,3,4,5,6,7,8,12,13,14]; c9:bw=83,experts=[1,4,6,7,9,12,13,14]; c3:bw=86,experts=[0,3,4,6,9,13,14,15]; c1:bw=68,experts=[2,3,4,6,14,15]; c5:bw=113,experts=[0,1,2,4,5,6,9,12,13,14,15]; c4:bw=92,experts=[1,2,4,6,9,10,11,13,14]; c6:bw=59,experts=[1,4,6,14,15]; c7:bw=95,experts=[0,1,4,5,6,8,9,12,13]; c0:bw=68,experts=[1,3,4,6,13,14]; c8:bw=122,experts=[1,2,4,5,6,8,9,11,12,13,14,15]
   97 | 0.01000 |   0.7142 |   81.72% |   83.04% |    1:00.39
      bandwidth/experts | c0:bw=77,experts=[1,2,4,5,6,13,14]; c9:bw=82,experts=[1,4,5,6,7,12,13,14]; c8:bw=81,experts=[1,2,4,5,6,11,12,14]; c4:bw=31,experts=[4,6,14]; c7:bw=57,experts=[0,4,6,9,13]; c1:bw=95,experts=[1,2,4,5,6,7,12,13,14]; c3:bw=66,experts=[0,2,4,5,6,9]; c5:bw=88,experts=[0,1,2,4,6,13,14,15]; c6:bw=95,experts=[1,2,4,5,6,11,13,14,15]; c2:bw=102,experts=[0,1,2,4,5,6,9,12,13,14]
   98 | 0.01000 |   0.7058 |   82.34% |   83.04% |    1:00.51
      bandwidth/experts | c4:bw=98,experts=[1,2,4,5,6,7,12,14,15]; c8:bw=101,experts=[1,2,4,5,6,8,12,13,14,15]; c9:bw=51,experts=[1,4,6,13,14]; c7:bw=45,experts=[0,4,6,13]; c6:bw=69,experts=[0,1,4,6,13,14]; c5:bw=93,experts=[0,1,2,4,6,9,13,14,15]; c0:bw=63,experts=[1,4,5,6,9,13]; c3:bw=48,experts=[0,4,6,9]; c1:bw=49,experts=[1,2,4,6]; c2:bw=46,experts=[4,5,6,12]
   99 | 0.01000 |   0.7060 |   82.27% |   83.04% |    1:00.71
      bandwidth/experts | c8:bw=64,experts=[0,1,2,4,6,14]; c5:bw=93,experts=[0,1,2,4,5,6,12,13,14]; c7:bw=86,experts=[0,1,4,5,6,9,12,13]; c1:bw=112,experts=[0,1,2,4,5,6,7,8,12,13,14]; c3:bw=71,experts=[0,4,5,6,9,13,14]; c9:bw=39,experts=[4,6,10]; c4:bw=46,experts=[4,6,14,15]; c0:bw=76,experts=[1,2,4,5,6,13,14]; c2:bw=58,experts=[0,4,5,6,12]; c6:bw=66,experts=[1,4,6,9,13,14]
  100 | 0.01000 |   0.7080 |   82.17% |   83.04% |    0:59.70
      bandwidth/experts | c2:bw=57,experts=[2,4,5,6,12]; c8:bw=84,experts=[1,2,4,5,6,7,12,14]; c9:bw=100,experts=[1,2,4,5,6,7,8,12,13,14]; c5:bw=35,experts=[0,4,6]; c6:bw=83,experts=[1,4,5,6,8,9,13,14]; c1:bw=33,experts=[2,4,6]; c4:bw=123,experts=[0,1,2,3,4,5,6,7,11,12,14,15]; c7:bw=13,experts=[4]; c3:bw=78,experts=[0,4,5,6,8,9,12]; c0:bw=122,experts=[0,1,2,4,5,6,9,11,12,13,14,15]

Done. Best Acc: 83.04% @ round 96
Total time: 1:44:31.87
[Export] 实验目录: /userhome/cs3/duanty/FedMoE/results/c10-e16-w1-posthoc/20260919-091056
[Export] 每轮明细: /userhome/cs3/duanty/FedMoE/results/c10-e16-w1-posthoc/20260919-091056/rounds.xlsx
[Export] 总体摘要: /userhome/cs3/duanty/FedMoE/results/c10-e16-w1-posthoc/20260919-091056/summary.xlsx
[Plot] result = /userhome/cs3/duanty/FedMoE/results/c10-e16-w1-posthoc/20260919-091056
[Plot] figures -> /userhome/cs3/duanty/FedMoE/results/c10-e16-w1-posthoc/20260919-091056/figure
  fig01_test_accuracy.pdf
  fig02_train_loss.pdf
  fig03_acc_and_loss.pdf
  fig04_bandwidth_and_k.pdf
  fig05_expert_round_heatmap.pdf
  fig06_client_expert_heatmap.pdf
  fig07_expert_frequency.pdf
  fig08_time_breakdown.pdf
  fig09_accuracy_vs_communication.pdf
  fig10_overview.pdf
[Export] 图片目录: /userhome/cs3/duanty/FedMoE/results/c10-e16-w1-posthoc/20260919-091056/figure
