host=gpu-4090-802 gpu=0 date=Fri Sep 18 15:28:58 HKT 2026
Command: python -u main.py --method ours --dataset cifar10 --backbone vgg11 --select ours --merge fedadam --device cuda

==================================================================
 Ours  
  Dataset=cifar10 | beta=0.1 | Backbone=vgg11 | Clients=10 | Experts=4
  Select=ours | Merge=fedadam
  Rounds=100 | LR=0.01
  Bandwidth: expert_bw=10 | bw=[10, 40] | Rayleigh-Shannon, SNR=10 dB | k=floor(bw/10)
==================================================================


[Partition] Dirichlet beta=0.1, 10 clients
  Client 0:   6071 samples | 3/10 classes
  Client 1:  18481 samples | 7/10 classes
  Client 2:    174 samples | 3/10 classes
  Client 3:    462 samples | 3/10 classes
  Client 4:   2759 samples | 3/10 classes
  Client 5:   5740 samples | 7/10 classes
  Client 6:   1703 samples | 4/10 classes
  Client 7:   3407 samples | 7/10 classes
  Client 8:   6483 samples | 7/10 classes
  Client 9:   4720 samples | 10/10 classes

[Upload] expert_bw=10 | available bw=[10, 40] | Rayleigh-Shannon, SNR=10 dB | upload k=floor(bw/10), cap=4 | probe gate scores, then train selected experts

[Model] Total params: 10,296,424

[Export] 本次实验目录: /userhome/cs3/duanty/FedMoE/results/20260918-152906

Round |      LR |  AvgLoss |  TestAcc |     Best |  RoundTime
--------------------------------------------------------------------------------
    1 | 0.00208 |   1.3903 |   27.33% |   27.33% |    0:43.20
      bandwidth/experts | c8:bw=31,experts=[0,2,3]; c1:bw=16,experts=[3]; c5:bw=25,experts=[2,3]; c0:bw=10,experts=[3]; c7:bw=11,experts=[3]; c2:bw=16,experts=[3]; c9:bw=25,experts=[2,3]; c4:bw=22,experts=[2,3]; c3:bw=28,experts=[2,3]; c6:bw=23,experts=[2,3]
    2 | 0.00406 |   1.2316 |   35.00% |   35.00% |    0:45.07
      bandwidth/experts | c0:bw=20,experts=[2,3]; c1:bw=23,experts=[2,3]; c8:bw=27,experts=[2,3]; c5:bw=38,experts=[0,2,3]; c3:bw=37,experts=[0,2,3]; c4:bw=17,experts=[3]; c7:bw=31,experts=[0,2,3]; c9:bw=26,experts=[2,3]; c6:bw=10,experts=[3]; c2:bw=12,experts=[3]
    3 | 0.00604 |   1.2243 |   33.56% |   35.00% |    0:44.76
      bandwidth/experts | c9:bw=26,experts=[0,3]; c2:bw=23,experts=[0,3]; c0:bw=28,experts=[0,3]; c6:bw=22,experts=[0,3]; c8:bw=17,experts=[3]; c5:bw=10,experts=[3]; c3:bw=14,experts=[3]; c7:bw=18,experts=[3]; c1:bw=10,experts=[3]; c4:bw=29,experts=[0,3]
    4 | 0.00802 |   1.1545 |   39.74% |   39.74% |    0:44.60
      bandwidth/experts | c1:bw=22,experts=[0,3]; c7:bw=25,experts=[0,3]; c6:bw=29,experts=[0,3]; c2:bw=33,experts=[0,2,3]; c8:bw=17,experts=[3]; c0:bw=33,experts=[0,2,3]; c3:bw=19,experts=[3]; c4:bw=31,experts=[0,2,3]; c5:bw=40,experts=[0,1,2,3]; c9:bw=12,experts=[3]
    5 | 0.01000 |   1.1255 |   38.03% |   39.74% |    0:44.93
      bandwidth/experts | c1:bw=11,experts=[3]; c5:bw=22,experts=[0,3]; c4:bw=27,experts=[0,3]; c8:bw=20,experts=[0,3]; c0:bw=28,experts=[0,3]; c7:bw=14,experts=[3]; c6:bw=29,experts=[0,3]; c3:bw=35,experts=[0,2,3]; c2:bw=10,experts=[3]; c9:bw=35,experts=[0,2,3]
    6 | 0.01000 |   1.1250 |   39.79% |   39.79% |    0:43.80
      bandwidth/experts | c8:bw=37,experts=[0,2,3]; c2:bw=23,experts=[0,3]; c5:bw=15,experts=[3]; c7:bw=32,experts=[0,2,3]; c3:bw=20,experts=[0,3]; c1:bw=18,experts=[3]; c9:bw=27,experts=[0,3]; c0:bw=17,experts=[3]; c4:bw=10,experts=[3]; c6:bw=11,experts=[3]
    7 | 0.01000 |   1.1054 |   47.08% |   47.08% |    0:43.33
      bandwidth/experts | c0:bw=20,experts=[0,3]; c5:bw=27,experts=[0,3]; c2:bw=22,experts=[0,3]; c6:bw=10,experts=[3]; c3:bw=15,experts=[3]; c7:bw=17,experts=[3]; c4:bw=10,experts=[3]; c1:bw=10,experts=[3]; c8:bw=32,experts=[0,2,3]; c9:bw=10,experts=[3]
    8 | 0.01000 |   1.0808 |   48.79% |   48.79% |    0:43.59
      bandwidth/experts | c4:bw=10,experts=[3]; c8:bw=20,experts=[0,3]; c1:bw=32,experts=[0,2,3]; c3:bw=21,experts=[0,3]; c0:bw=18,experts=[3]; c5:bw=16,experts=[3]; c2:bw=30,experts=[0,2,3]; c9:bw=33,experts=[0,2,3]; c7:bw=10,experts=[3]; c6:bw=23,experts=[0,3]
    9 | 0.01000 |   1.0424 |   51.04% |   51.04% |    0:43.44
      bandwidth/experts | c2:bw=12,experts=[3]; c0:bw=29,experts=[2,3]; c4:bw=33,experts=[0,2,3]; c9:bw=15,experts=[3]; c8:bw=10,experts=[3]; c6:bw=17,experts=[3]; c7:bw=25,experts=[0,3]; c5:bw=29,experts=[0,3]; c1:bw=10,experts=[3]; c3:bw=13,experts=[3]
   10 | 0.01000 |   1.0100 |   54.11% |   54.11% |    0:43.46
      bandwidth/experts | c4:bw=20,experts=[0,3]; c2:bw=19,experts=[3]; c7:bw=21,experts=[0,3]; c0:bw=33,experts=[0,2,3]; c6:bw=36,experts=[0,2,3]; c3:bw=26,experts=[0,3]; c5:bw=32,experts=[0,2,3]; c8:bw=20,experts=[0,3]; c9:bw=20,experts=[0,3]; c1:bw=23,experts=[0,3]
   11 | 0.01000 |   1.0039 |   56.07% |   56.07% |    0:41.92
      bandwidth/experts | c5:bw=15,experts=[3]; c2:bw=15,experts=[3]; c7:bw=24,experts=[0,3]; c3:bw=28,experts=[0,3]; c0:bw=16,experts=[3]; c8:bw=22,experts=[0,3]; c9:bw=18,experts=[3]; c6:bw=31,experts=[0,2,3]; c1:bw=22,experts=[0,3]; c4:bw=10,experts=[3]
   12 | 0.01000 |   1.0069 |   58.51% |   58.51% |    0:41.13
      bandwidth/experts | c1:bw=24,experts=[0,3]; c5:bw=31,experts=[0,2,3]; c2:bw=32,experts=[0,2,3]; c4:bw=16,experts=[3]; c3:bw=19,experts=[3]; c7:bw=16,experts=[3]; c9:bw=23,experts=[2,3]; c6:bw=16,experts=[3]; c8:bw=31,experts=[0,2,3]; c0:bw=27,experts=[0,3]
   13 | 0.01000 |   1.0037 |   61.42% |   61.42% |    0:41.09
      bandwidth/experts | c3:bw=17,experts=[3]; c1:bw=26,experts=[0,3]; c4:bw=10,experts=[3]; c5:bw=16,experts=[3]; c8:bw=10,experts=[3]; c6:bw=20,experts=[0,3]; c9:bw=10,experts=[3]; c7:bw=32,experts=[0,2,3]; c0:bw=14,experts=[3]; c2:bw=10,experts=[3]
   14 | 0.01000 |   0.9881 |   64.19% |   64.19% |    0:40.99
      bandwidth/experts | c2:bw=25,experts=[0,3]; c4:bw=10,experts=[3]; c5:bw=36,experts=[0,2,3]; c1:bw=21,experts=[0,3]; c7:bw=14,experts=[3]; c0:bw=14,experts=[3]; c9:bw=18,experts=[3]; c3:bw=25,experts=[0,3]; c8:bw=12,experts=[3]; c6:bw=37,experts=[0,2,3]
   15 | 0.01000 |   0.9696 |   65.96% |   65.96% |    0:41.05
      bandwidth/experts | c7:bw=33,experts=[0,2,3]; c0:bw=11,experts=[3]; c1:bw=10,experts=[3]; c8:bw=29,experts=[0,3]; c3:bw=10,experts=[3]; c2:bw=29,experts=[0,3]; c4:bw=26,experts=[0,3]; c5:bw=10,experts=[3]; c9:bw=11,experts=[3]; c6:bw=18,experts=[3]
   16 | 0.01000 |   0.9592 |   65.17% |   65.96% |    0:41.06
      bandwidth/experts | c6:bw=22,experts=[0,3]; c1:bw=16,experts=[3]; c3:bw=24,experts=[0,3]; c8:bw=27,experts=[0,3]; c7:bw=12,experts=[3]; c5:bw=22,experts=[0,3]; c4:bw=20,experts=[0,3]; c9:bw=13,experts=[3]; c0:bw=32,experts=[0,2,3]; c2:bw=29,experts=[0,3]
   17 | 0.01000 |   0.9464 |   66.38% |   66.38% |    0:40.89
      bandwidth/experts | c4:bw=32,experts=[0,2,3]; c7:bw=14,experts=[3]; c8:bw=10,experts=[3]; c3:bw=29,experts=[0,3]; c5:bw=10,experts=[3]; c1:bw=16,experts=[3]; c0:bw=10,experts=[3]; c2:bw=11,experts=[3]; c9:bw=21,experts=[0,3]; c6:bw=21,experts=[0,3]
   18 | 0.01000 |   0.9424 |   67.70% |   67.70% |    0:41.02
      bandwidth/experts | c1:bw=10,experts=[3]; c8:bw=10,experts=[3]; c5:bw=19,experts=[3]; c2:bw=21,experts=[0,3]; c9:bw=10,experts=[3]; c7:bw=30,experts=[0,2,3]; c4:bw=31,experts=[0,2,3]; c3:bw=21,experts=[0,3]; c0:bw=27,experts=[0,3]; c6:bw=17,experts=[3]
   19 | 0.01000 |   0.9332 |   67.80% |   67.80% |    0:41.17
      bandwidth/experts | c8:bw=31,experts=[0,2,3]; c0:bw=23,experts=[0,3]; c4:bw=28,experts=[0,3]; c1:bw=26,experts=[0,3]; c9:bw=21,experts=[0,3]; c5:bw=16,experts=[3]; c7:bw=12,experts=[3]; c2:bw=10,experts=[3]; c6:bw=36,experts=[0,2,3]; c3:bw=22,experts=[0,3]
   20 | 0.01000 |   0.9279 |   68.45% |   68.45% |    0:40.95
      bandwidth/experts | c0:bw=15,experts=[3]; c2:bw=23,experts=[0,3]; c1:bw=22,experts=[0,3]; c9:bw=10,experts=[3]; c7:bw=24,experts=[0,3]; c6:bw=38,experts=[0,2,3]; c3:bw=10,experts=[3]; c5:bw=10,experts=[3]; c4:bw=33,experts=[0,2,3]; c8:bw=28,experts=[0,3]
   21 | 0.01000 |   0.9278 |   69.13% |   69.13% |    0:40.95
      bandwidth/experts | c1:bw=23,experts=[0,3]; c2:bw=22,experts=[0,3]; c7:bw=10,experts=[3]; c4:bw=26,experts=[0,3]; c8:bw=10,experts=[3]; c5:bw=18,experts=[3]; c0:bw=37,experts=[0,2,3]; c3:bw=10,experts=[3]; c6:bw=10,experts=[3]; c9:bw=14,experts=[3]
   22 | 0.01000 |   0.9123 |   68.73% |   69.13% |    0:41.01
      bandwidth/experts | c7:bw=10,experts=[3]; c9:bw=18,experts=[3]; c1:bw=10,experts=[3]; c6:bw=34,experts=[0,2,3]; c5:bw=10,experts=[3]; c2:bw=37,experts=[0,2,3]; c0:bw=37,experts=[0,2,3]; c4:bw=20,experts=[0,3]; c3:bw=31,experts=[0,2,3]; c8:bw=18,experts=[3]
   23 | 0.01000 |   0.9004 |   69.10% |   69.13% |    0:41.02
      bandwidth/experts | c5:bw=29,experts=[0,3]; c7:bw=10,experts=[3]; c4:bw=31,experts=[0,2,3]; c6:bw=10,experts=[3]; c9:bw=28,experts=[0,3]; c8:bw=19,experts=[3]; c3:bw=10,experts=[3]; c1:bw=34,experts=[0,2,3]; c2:bw=18,experts=[3]; c0:bw=10,experts=[3]
   24 | 0.01000 |   0.8889 |   69.11% |   69.13% |    0:40.81
      bandwidth/experts | c6:bw=17,experts=[3]; c4:bw=10,experts=[3]; c7:bw=10,experts=[3]; c9:bw=28,experts=[0,3]; c2:bw=24,experts=[0,3]; c1:bw=10,experts=[3]; c5:bw=14,experts=[3]; c8:bw=10,experts=[3]; c3:bw=10,experts=[3]; c0:bw=17,experts=[3]
   25 | 0.01000 |   0.8810 |   68.50% |   69.13% |    0:41.00
      bandwidth/experts | c9:bw=22,experts=[0,3]; c6:bw=10,experts=[3]; c4:bw=32,experts=[0,2,3]; c3:bw=10,experts=[3]; c5:bw=35,experts=[0,2,3]; c1:bw=27,experts=[0,3]; c8:bw=30,experts=[0,2,3]; c2:bw=10,experts=[3]; c0:bw=31,experts=[0,2,3]; c7:bw=22,experts=[0,3]
   26 | 0.01000 |   0.8747 |   68.28% |   69.13% |    0:41.00
      bandwidth/experts | c3:bw=25,experts=[0,3]; c6:bw=19,experts=[3]; c9:bw=28,experts=[0,3]; c7:bw=17,experts=[3]; c1:bw=18,experts=[3]; c5:bw=11,experts=[3]; c2:bw=17,experts=[3]; c8:bw=30,experts=[0,2,3]; c0:bw=10,experts=[3]; c4:bw=26,experts=[0,3]
   27 | 0.01000 |   0.8691 |   69.39% |   69.39% |    0:41.18
      bandwidth/experts | c7:bw=29,experts=[0,3]; c1:bw=34,experts=[0,2,3]; c4:bw=10,experts=[3]; c0:bw=20,experts=[0,3]; c9:bw=10,experts=[3]; c2:bw=11,experts=[3]; c8:bw=31,experts=[0,2,3]; c3:bw=12,experts=[3]; c6:bw=35,experts=[0,2,3]; c5:bw=20,experts=[0,3]
   28 | 0.01000 |   0.8712 |   70.21% |   70.21% |    0:41.46
      bandwidth/experts | c6:bw=16,experts=[3]; c9:bw=27,experts=[0,3]; c0:bw=26,experts=[0,3]; c8:bw=16,experts=[3]; c2:bw=10,experts=[3]; c5:bw=18,experts=[3]; c1:bw=14,experts=[3]; c3:bw=10,experts=[3]; c4:bw=10,experts=[3]; c7:bw=10,experts=[3]
   29 | 0.01000 |   0.8633 |   72.44% |   72.44% |    0:41.27
      bandwidth/experts | c4:bw=21,experts=[0,3]; c0:bw=24,experts=[0,3]; c1:bw=18,experts=[3]; c9:bw=24,experts=[0,3]; c6:bw=24,experts=[0,3]; c8:bw=19,experts=[3]; c7:bw=12,experts=[3]; c3:bw=18,experts=[3]; c2:bw=10,experts=[3]; c5:bw=19,experts=[3]
   30 | 0.01000 |   0.8569 |   72.50% |   72.50% |    0:41.11
      bandwidth/experts | c5:bw=34,experts=[0,2,3]; c1:bw=20,experts=[0,3]; c9:bw=30,experts=[0,2,3]; c4:bw=29,experts=[0,3]; c0:bw=10,experts=[3]; c8:bw=23,experts=[0,3]; c6:bw=10,experts=[3]; c7:bw=10,experts=[3]; c3:bw=33,experts=[0,2,3]; c2:bw=15,experts=[3]
   31 | 0.01000 |   0.8426 |   71.83% |   72.50% |    0:41.01
      bandwidth/experts | c6:bw=16,experts=[3]; c4:bw=11,experts=[3]; c9:bw=25,experts=[0,3]; c1:bw=17,experts=[3]; c5:bw=34,experts=[0,2,3]; c8:bw=18,experts=[3]; c3:bw=13,experts=[3]; c2:bw=10,experts=[3]; c0:bw=26,experts=[0,3]; c7:bw=35,experts=[0,2,3]
   32 | 0.01000 |   0.8348 |   70.44% |   72.50% |    0:41.04
      bandwidth/experts | c8:bw=12,experts=[3]; c5:bw=20,experts=[0,3]; c4:bw=27,experts=[0,3]; c7:bw=26,experts=[0,3]; c0:bw=25,experts=[0,3]; c1:bw=12,experts=[3]; c3:bw=16,experts=[3]; c6:bw=15,experts=[3]; c2:bw=30,experts=[0,2,3]; c9:bw=17,experts=[3]
   33 | 0.01000 |   0.8266 |   70.71% |   72.50% |    0:41.01
      bandwidth/experts | c7:bw=29,experts=[0,3]; c1:bw=19,experts=[3]; c3:bw=39,experts=[0,2,3]; c6:bw=20,experts=[0,3]; c5:bw=16,experts=[3]; c9:bw=23,experts=[0,3]; c2:bw=13,experts=[3]; c8:bw=28,experts=[0,3]; c4:bw=25,experts=[0,3]; c0:bw=35,experts=[0,2,3]
   34 | 0.01000 |   0.8208 |   71.48% |   72.50% |    0:41.17
      bandwidth/experts | c4:bw=26,experts=[0,3]; c1:bw=26,experts=[0,3]; c6:bw=27,experts=[0,3]; c9:bw=38,experts=[0,2,3]; c8:bw=23,experts=[0,3]; c0:bw=12,experts=[3]; c5:bw=33,experts=[0,2,3]; c7:bw=18,experts=[3]; c3:bw=40,experts=[0,1,2,3]; c2:bw=30,experts=[0,2,3]
   35 | 0.01000 |   0.8069 |   71.61% |   72.50% |    0:41.05
      bandwidth/experts | c4:bw=18,experts=[3]; c0:bw=11,experts=[3]; c1:bw=17,experts=[3]; c6:bw=24,experts=[0,3]; c2:bw=25,experts=[0,3]; c8:bw=28,experts=[0,3]; c9:bw=15,experts=[3]; c7:bw=27,experts=[0,3]; c5:bw=23,experts=[0,3]; c3:bw=13,experts=[3]
   36 | 0.01000 |   0.8027 |   72.02% |   72.50% |    0:40.96
      bandwidth/experts | c9:bw=21,experts=[0,3]; c0:bw=20,experts=[0,3]; c3:bw=33,experts=[0,2,3]; c7:bw=15,experts=[3]; c6:bw=24,experts=[0,3]; c5:bw=27,experts=[0,3]; c1:bw=10,experts=[3]; c4:bw=40,experts=[0,1,2,3]; c8:bw=28,experts=[0,3]; c2:bw=28,experts=[0,3]
   37 | 0.01000 |   0.8002 |   72.06% |   72.50% |    0:40.97
      bandwidth/experts | c1:bw=10,experts=[3]; c5:bw=22,experts=[0,3]; c2:bw=20,experts=[0,3]; c6:bw=36,experts=[0,2,3]; c4:bw=22,experts=[0,3]; c7:bw=23,experts=[0,3]; c9:bw=22,experts=[0,3]; c0:bw=30,experts=[0,2,3]; c3:bw=20,experts=[0,3]; c8:bw=10,experts=[3]
   38 | 0.01000 |   0.7982 |   71.21% |   72.50% |    0:40.82
      bandwidth/experts | c8:bw=25,experts=[0,3]; c6:bw=10,experts=[3]; c4:bw=29,experts=[0,3]; c1:bw=17,experts=[3]; c5:bw=10,experts=[3]; c2:bw=10,experts=[3]; c3:bw=21,experts=[0,3]; c7:bw=28,experts=[0,3]; c9:bw=14,experts=[3]; c0:bw=22,experts=[0,3]
   39 | 0.01000 |   0.7917 |   72.41% |   72.50% |    0:40.75
      bandwidth/experts | c3:bw=14,experts=[3]; c0:bw=10,experts=[3]; c1:bw=25,experts=[0,3]; c7:bw=22,experts=[0,3]; c6:bw=17,experts=[3]; c8:bw=25,experts=[0,3]; c2:bw=20,experts=[0,3]; c4:bw=20,experts=[0,3]; c9:bw=13,experts=[3]; c5:bw=40,experts=[0,1,2,3]
   40 | 0.01000 |   0.7793 |   75.06% |   75.06% |    0:40.77
      bandwidth/experts | c8:bw=14,experts=[3]; c1:bw=23,experts=[0,3]; c5:bw=18,experts=[3]; c6:bw=26,experts=[0,3]; c2:bw=36,experts=[0,2,3]; c7:bw=37,experts=[0,2,3]; c3:bw=10,experts=[3]; c4:bw=11,experts=[3]; c9:bw=22,experts=[0,3]; c0:bw=20,experts=[0,3]
   41 | 0.01000 |   0.7702 |   76.11% |   76.11% |    0:40.71
      bandwidth/experts | c2:bw=30,experts=[0,2,3]; c6:bw=10,experts=[3]; c8:bw=31,experts=[0,2,3]; c1:bw=10,experts=[3]; c4:bw=28,experts=[0,3]; c5:bw=34,experts=[0,2,3]; c7:bw=38,experts=[0,2,3]; c3:bw=22,experts=[0,3]; c9:bw=30,experts=[0,2,3]; c0:bw=10,experts=[3]
   42 | 0.01000 |   0.7656 |   73.25% |   76.11% |    0:40.73
      bandwidth/experts | c5:bw=28,experts=[0,3]; c1:bw=27,experts=[0,3]; c3:bw=27,experts=[0,3]; c9:bw=28,experts=[0,3]; c6:bw=19,experts=[3]; c0:bw=10,experts=[3]; c7:bw=11,experts=[3]; c4:bw=30,experts=[0,2,3]; c8:bw=23,experts=[0,3]; c2:bw=22,experts=[0,3]
   43 | 0.01000 |   0.7637 |   71.08% |   76.11% |    0:40.71
      bandwidth/experts | c5:bw=29,experts=[0,3]; c1:bw=32,experts=[0,2,3]; c2:bw=28,experts=[0,3]; c8:bw=25,experts=[0,3]; c9:bw=18,experts=[3]; c7:bw=12,experts=[3]; c4:bw=19,experts=[3]; c6:bw=10,experts=[3]; c3:bw=36,experts=[0,2,3]; c0:bw=12,experts=[3]
   44 | 0.01000 |   0.7643 |   70.21% |   76.11% |    0:41.08
      bandwidth/experts | c0:bw=37,experts=[0,2,3]; c3:bw=26,experts=[0,3]; c4:bw=16,experts=[3]; c2:bw=20,experts=[0,3]; c7:bw=40,experts=[0,1,2,3]; c5:bw=13,experts=[3]; c6:bw=11,experts=[3]; c9:bw=21,experts=[0,3]; c8:bw=19,experts=[3]; c1:bw=25,experts=[0,3]
   45 | 0.01000 |   0.7657 |   71.88% |   76.11% |    0:40.95
      bandwidth/experts | c8:bw=31,experts=[0,2,3]; c0:bw=20,experts=[0,3]; c3:bw=37,experts=[0,2,3]; c4:bw=36,experts=[0,2,3]; c7:bw=20,experts=[0,3]; c2:bw=27,experts=[0,3]; c9:bw=14,experts=[3]; c6:bw=10,experts=[3]; c5:bw=25,experts=[0,3]; c1:bw=31,experts=[0,2,3]
   46 | 0.01000 |   0.7539 |   75.10% |   76.11% |    0:40.92
      bandwidth/experts | c9:bw=20,experts=[0,3]; c3:bw=15,experts=[3]; c6:bw=21,experts=[0,3]; c1:bw=23,experts=[0,3]; c4:bw=35,experts=[0,2,3]; c5:bw=23,experts=[0,3]; c2:bw=32,experts=[0,2,3]; c8:bw=22,experts=[0,3]; c0:bw=30,experts=[0,2,3]; c7:bw=16,experts=[3]
   47 | 0.01000 |   0.7471 |   75.21% |   76.11% |    0:40.73
      bandwidth/experts | c5:bw=29,experts=[0,3]; c6:bw=12,experts=[3]; c7:bw=29,experts=[0,3]; c9:bw=10,experts=[3]; c8:bw=22,experts=[0,3]; c3:bw=39,experts=[0,2,3]; c4:bw=10,experts=[3]; c0:bw=25,experts=[0,3]; c1:bw=17,experts=[3]; c2:bw=30,experts=[0,2,3]
   48 | 0.01000 |   0.7394 |   73.99% |   76.11% |    0:41.15
      bandwidth/experts | c1:bw=28,experts=[0,3]; c8:bw=28,experts=[0,3]; c4:bw=37,experts=[0,2,3]; c2:bw=31,experts=[0,2,3]; c9:bw=29,experts=[0,3]; c6:bw=25,experts=[0,3]; c5:bw=31,experts=[0,2,3]; c7:bw=35,experts=[0,2,3]; c0:bw=10,experts=[3]; c3:bw=10,experts=[3]
   49 | 0.01000 |   0.7320 |   72.75% |   76.11% |    0:40.86
      bandwidth/experts | c4:bw=27,experts=[0,3]; c3:bw=18,experts=[3]; c8:bw=15,experts=[3]; c0:bw=11,experts=[3]; c2:bw=32,experts=[0,2,3]; c5:bw=31,experts=[0,2,3]; c6:bw=10,experts=[3]; c7:bw=24,experts=[0,3]; c9:bw=29,experts=[0,3]; c1:bw=30,experts=[0,2,3]
   50 | 0.01000 |   0.7347 |   71.55% |   76.11% |    0:40.78
      bandwidth/experts | c8:bw=18,experts=[3]; c4:bw=10,experts=[3]; c7:bw=19,experts=[3]; c6:bw=38,experts=[0,2,3]; c2:bw=35,experts=[0,2,3]; c1:bw=36,experts=[0,2,3]; c3:bw=22,experts=[0,3]; c0:bw=16,experts=[3]; c9:bw=15,experts=[3]; c5:bw=17,experts=[3]
   51 | 0.01000 |   0.7320 |   72.60% |   76.11% |    0:40.95
      bandwidth/experts | c5:bw=26,experts=[0,3]; c0:bw=30,experts=[0,1,3]; c1:bw=12,experts=[3]; c2:bw=11,experts=[3]; c8:bw=26,experts=[0,3]; c6:bw=29,experts=[0,3]; c9:bw=10,experts=[3]; c3:bw=31,experts=[0,1,3]; c4:bw=10,experts=[3]; c7:bw=15,experts=[3]
   52 | 0.01000 |   0.7287 |   73.80% |   76.11% |    0:41.02
      bandwidth/experts | c0:bw=26,experts=[0,3]; c8:bw=10,experts=[3]; c5:bw=13,experts=[3]; c7:bw=19,experts=[3]; c1:bw=22,experts=[0,3]; c4:bw=18,experts=[3]; c9:bw=17,experts=[3]; c6:bw=28,experts=[0,3]; c2:bw=16,experts=[3]; c3:bw=24,experts=[0,3]
   53 | 0.01000 |   0.7272 |   73.59% |   76.11% |    0:41.76
      bandwidth/experts | c8:bw=12,experts=[3]; c4:bw=16,experts=[3]; c5:bw=24,experts=[0,3]; c1:bw=33,experts=[0,1,3]; c3:bw=26,experts=[0,3]; c9:bw=34,experts=[0,1,3]; c6:bw=20,experts=[0,3]; c7:bw=24,experts=[0,3]; c0:bw=21,experts=[0,3]; c2:bw=29,experts=[0,3]
   54 | 0.01000 |   0.7200 |   73.92% |   76.11% |    0:43.26
      bandwidth/experts | c2:bw=10,experts=[3]; c1:bw=29,experts=[0,3]; c8:bw=31,experts=[0,1,3]; c7:bw=34,experts=[0,1,3]; c3:bw=17,experts=[3]; c0:bw=20,experts=[0,3]; c6:bw=30,experts=[0,1,3]; c5:bw=10,experts=[3]; c9:bw=28,experts=[0,3]; c4:bw=18,experts=[3]
   55 | 0.01000 |   0.7214 |   72.65% |   76.11% |    0:42.82
      bandwidth/experts | c7:bw=30,experts=[0,1,3]; c2:bw=23,experts=[0,3]; c4:bw=10,experts=[3]; c3:bw=29,experts=[0,3]; c8:bw=10,experts=[3]; c5:bw=29,experts=[0,3]; c1:bw=33,experts=[0,1,3]; c6:bw=23,experts=[0,3]; c0:bw=15,experts=[3]; c9:bw=34,experts=[0,1,3]
   56 | 0.01000 |   0.7186 |   69.39% |   76.11% |    0:42.37
      bandwidth/experts | c9:bw=29,experts=[0,3]; c1:bw=31,experts=[0,1,3]; c3:bw=10,experts=[3]; c2:bw=29,experts=[0,3]; c5:bw=17,experts=[3]; c4:bw=10,experts=[3]; c8:bw=10,experts=[3]; c7:bw=10,experts=[3]; c6:bw=13,experts=[3]; c0:bw=39,experts=[0,1,3]
   57 | 0.01000 |   0.7258 |   69.23% |   76.11% |    0:40.61
      bandwidth/experts | c3:bw=35,experts=[0,1,3]; c8:bw=24,experts=[0,3]; c6:bw=27,experts=[0,3]; c1:bw=27,experts=[0,3]; c7:bw=38,experts=[0,1,3]; c0:bw=39,experts=[0,1,3]; c5:bw=24,experts=[0,3]; c4:bw=23,experts=[0,3]; c2:bw=18,experts=[3]; c9:bw=11,experts=[3]
   58 | 0.01000 |   0.7122 |   72.06% |   76.11% |    0:40.56
      bandwidth/experts | c7:bw=13,experts=[3]; c2:bw=10,experts=[3]; c9:bw=32,experts=[0,1,3]; c6:bw=30,experts=[0,1,3]; c5:bw=19,experts=[3]; c1:bw=17,experts=[3]; c8:bw=22,experts=[0,3]; c4:bw=21,experts=[0,3]; c3:bw=34,experts=[0,1,3]; c0:bw=26,experts=[0,3]
   59 | 0.01000 |   0.7133 |   74.38% |   76.11% |    0:40.74
      bandwidth/experts | c2:bw=20,experts=[0,3]; c8:bw=31,experts=[0,1,3]; c9:bw=15,experts=[3]; c6:bw=11,experts=[3]; c1:bw=36,experts=[0,1,3]; c4:bw=14,experts=[3]; c7:bw=15,experts=[3]; c5:bw=18,experts=[3]; c0:bw=29,experts=[0,3]; c3:bw=20,experts=[0,3]
   60 | 0.01000 |   0.7038 |   75.00% |   76.11% |    0:40.53
      bandwidth/experts | c0:bw=29,experts=[0,3]; c7:bw=26,experts=[0,3]; c4:bw=17,experts=[3]; c2:bw=17,experts=[3]; c5:bw=18,experts=[3]; c8:bw=14,experts=[3]; c6:bw=33,experts=[0,1,3]; c9:bw=10,experts=[3]; c1:bw=30,experts=[0,1,3]; c3:bw=24,experts=[0,3]
   61 | 0.01000 |   0.7015 |   73.00% |   76.11% |    0:40.62
      bandwidth/experts | c5:bw=27,experts=[0,3]; c6:bw=21,experts=[0,3]; c2:bw=16,experts=[3]; c9:bw=21,experts=[0,3]; c1:bw=19,experts=[3]; c3:bw=24,experts=[0,3]; c8:bw=31,experts=[0,1,3]; c4:bw=21,experts=[0,3]; c7:bw=24,experts=[0,3]; c0:bw=33,experts=[0,1,3]
   62 | 0.01000 |   0.6957 |   71.85% |   76.11% |    0:40.50
      bandwidth/experts | c8:bw=10,experts=[3]; c6:bw=35,experts=[0,1,3]; c9:bw=10,experts=[3]; c4:bw=33,experts=[0,1,3]; c5:bw=37,experts=[0,1,3]; c0:bw=16,experts=[3]; c3:bw=29,experts=[0,3]; c2:bw=23,experts=[0,3]; c1:bw=40,experts=[0,1,2,3]; c7:bw=25,experts=[0,3]
   63 | 0.01000 |   0.7011 |   71.51% |   76.11% |    0:40.57
      bandwidth/experts | c5:bw=10,experts=[3]; c9:bw=12,experts=[3]; c6:bw=19,experts=[3]; c3:bw=29,experts=[0,3]; c8:bw=18,experts=[3]; c1:bw=28,experts=[0,3]; c7:bw=38,experts=[0,1,3]; c0:bw=23,experts=[0,3]; c2:bw=15,experts=[3]; c4:bw=29,experts=[0,3]
   64 | 0.01000 |   0.6976 |   73.05% |   76.11% |    0:40.32
      bandwidth/experts | c6:bw=28,experts=[0,3]; c4:bw=21,experts=[0,3]; c5:bw=13,experts=[3]; c3:bw=21,experts=[0,3]; c7:bw=19,experts=[3]; c0:bw=18,experts=[3]; c8:bw=30,experts=[0,1,3]; c9:bw=33,experts=[0,1,3]; c2:bw=31,experts=[0,1,3]; c1:bw=16,experts=[3]
   65 | 0.01000 |   0.6932 |   73.32% |   76.11% |    0:40.51
      bandwidth/experts | c7:bw=10,experts=[3]; c5:bw=16,experts=[3]; c4:bw=32,experts=[0,1,3]; c6:bw=28,experts=[0,3]; c8:bw=37,experts=[0,1,3]; c3:bw=24,experts=[0,3]; c0:bw=23,experts=[0,3]; c2:bw=16,experts=[3]; c1:bw=32,experts=[0,1,3]; c9:bw=26,experts=[0,3]
   66 | 0.01000 |   0.6887 |   74.35% |   76.11% |    0:40.63
      bandwidth/experts | c2:bw=23,experts=[0,3]; c5:bw=10,experts=[3]; c1:bw=30,experts=[0,1,3]; c8:bw=13,experts=[3]; c9:bw=17,experts=[3]; c6:bw=16,experts=[3]; c4:bw=23,experts=[0,3]; c0:bw=21,experts=[0,3]; c3:bw=37,experts=[0,1,3]; c7:bw=28,experts=[0,3]
   67 | 0.01000 |   0.6862 |   73.87% |   76.11% |    0:40.66
      bandwidth/experts | c4:bw=28,experts=[0,3]; c5:bw=27,experts=[0,3]; c1:bw=20,experts=[0,3]; c3:bw=14,experts=[3]; c6:bw=29,experts=[0,3]; c0:bw=18,experts=[3]; c2:bw=24,experts=[0,3]; c9:bw=33,experts=[0,1,3]; c7:bw=33,experts=[0,1,3]; c8:bw=10,experts=[3]
   68 | 0.01000 |   0.6889 |   72.01% |   76.11% |    0:40.59
      bandwidth/experts | c1:bw=23,experts=[0,3]; c8:bw=17,experts=[3]; c2:bw=32,experts=[0,1,3]; c0:bw=17,experts=[3]; c3:bw=14,experts=[3]; c4:bw=27,experts=[0,3]; c5:bw=25,experts=[0,3]; c9:bw=10,experts=[3]; c7:bw=15,experts=[3]; c6:bw=18,experts=[3]
   69 | 0.01000 |   0.6890 |   70.66% |   76.11% |    0:40.66
      bandwidth/experts | c3:bw=23,experts=[0,3]; c7:bw=32,experts=[0,1,3]; c1:bw=17,experts=[3]; c4:bw=23,experts=[0,3]; c9:bw=20,experts=[0,3]; c5:bw=22,experts=[0,3]; c0:bw=29,experts=[0,3]; c2:bw=37,experts=[0,1,3]; c8:bw=23,experts=[0,3]; c6:bw=15,experts=[3]
   70 | 0.01000 |   0.6905 |   73.87% |   76.11% |    0:40.70
      bandwidth/experts | c1:bw=13,experts=[3]; c9:bw=10,experts=[3]; c7:bw=16,experts=[3]; c3:bw=18,experts=[3]; c0:bw=17,experts=[3]; c6:bw=14,experts=[3]; c2:bw=31,experts=[0,1,3]; c4:bw=32,experts=[0,1,3]; c5:bw=13,experts=[3]; c8:bw=27,experts=[0,3]
   71 | 0.01000 |   0.6839 |   73.71% |   76.11% |    0:40.75
      bandwidth/experts | c4:bw=24,experts=[0,3]; c0:bw=10,experts=[3]; c1:bw=29,experts=[0,3]; c9:bw=22,experts=[0,3]; c7:bw=11,experts=[3]; c5:bw=19,experts=[3]; c3:bw=34,experts=[0,1,3]; c6:bw=28,experts=[0,3]; c8:bw=21,experts=[0,3]; c2:bw=34,experts=[0,1,3]
   72 | 0.01000 |   0.6794 |   73.67% |   76.11% |    0:40.86
      bandwidth/experts | c8:bw=16,experts=[3]; c1:bw=22,experts=[0,3]; c5:bw=24,experts=[0,3]; c7:bw=27,experts=[0,3]; c6:bw=11,experts=[3]; c0:bw=29,experts=[0,3]; c3:bw=13,experts=[3]; c2:bw=13,experts=[3]; c9:bw=21,experts=[0,3]; c4:bw=22,experts=[0,3]
   73 | 0.01000 |   0.6726 |   74.64% |   76.11% |    0:40.83
      bandwidth/experts | c2:bw=26,experts=[0,3]; c8:bw=10,experts=[3]; c3:bw=22,experts=[0,3]; c1:bw=37,experts=[0,1,3]; c5:bw=10,experts=[3]; c9:bw=29,experts=[0,3]; c0:bw=16,experts=[3]; c7:bw=20,experts=[0,3]; c6:bw=11,experts=[3]; c4:bw=23,experts=[0,3]
   74 | 0.01000 |   0.6819 |   71.73% |   76.11% |    0:40.75
      bandwidth/experts | c3:bw=10,experts=[3]; c0:bw=22,experts=[0,3]; c1:bw=15,experts=[3]; c5:bw=28,experts=[0,3]; c7:bw=36,experts=[0,1,3]; c8:bw=16,experts=[3]; c6:bw=10,experts=[3]; c2:bw=10,experts=[3]; c4:bw=26,experts=[0,3]; c9:bw=18,experts=[3]
   75 | 0.01000 |   0.6812 |   70.08% |   76.11% |    0:40.87
      bandwidth/experts | c2:bw=22,experts=[0,3]; c9:bw=34,experts=[0,1,3]; c1:bw=30,experts=[0,1,3]; c3:bw=11,experts=[3]; c7:bw=16,experts=[3]; c6:bw=31,experts=[0,1,3]; c5:bw=17,experts=[3]; c4:bw=31,experts=[0,1,3]; c0:bw=34,experts=[0,1,3]; c8:bw=30,experts=[0,1,3]
   76 | 0.01000 |   0.6819 |   71.41% |   76.11% |    0:40.75
      bandwidth/experts | c8:bw=16,experts=[3]; c5:bw=21,experts=[0,3]; c0:bw=17,experts=[3]; c3:bw=10,experts=[3]; c2:bw=14,experts=[3]; c6:bw=13,experts=[3]; c7:bw=37,experts=[0,1,3]; c4:bw=34,experts=[0,1,3]; c9:bw=32,experts=[0,1,3]; c1:bw=30,experts=[0,1,3]
   77 | 0.01000 |   0.6828 |   73.29% |   76.11% |    0:42.82
      bandwidth/experts | c9:bw=16,experts=[3]; c2:bw=19,experts=[3]; c1:bw=35,experts=[0,1,3]; c8:bw=10,experts=[3]; c4:bw=10,experts=[3]; c7:bw=10,experts=[3]; c6:bw=32,experts=[0,1,3]; c0:bw=35,experts=[0,1,3]; c3:bw=22,experts=[0,3]; c5:bw=33,experts=[0,1,3]
   78 | 0.01000 |   0.6731 |   74.14% |   76.11% |    0:47.05
      bandwidth/experts | c0:bw=15,experts=[3]; c4:bw=13,experts=[3]; c3:bw=21,experts=[0,3]; c7:bw=20,experts=[0,3]; c8:bw=30,experts=[0,1,3]; c1:bw=23,experts=[0,3]; c9:bw=17,experts=[3]; c6:bw=32,experts=[0,1,3]; c5:bw=35,experts=[0,1,3]; c2:bw=19,experts=[3]
   79 | 0.01000 |   0.6774 |   73.91% |   76.11% |    0:47.62
      bandwidth/experts | c6:bw=12,experts=[3]; c9:bw=10,experts=[3]; c0:bw=20,experts=[0,3]; c4:bw=40,experts=[0,1,2,3]; c7:bw=25,experts=[0,3]; c8:bw=25,experts=[0,3]; c5:bw=29,experts=[0,3]; c3:bw=15,experts=[3]; c1:bw=21,experts=[0,3]; c2:bw=18,experts=[3]
   80 | 0.01000 |   0.6713 |   75.05% |   76.11% |    0:47.34
      bandwidth/experts | c5:bw=36,experts=[0,1,3]; c9:bw=29,experts=[0,3]; c7:bw=26,experts=[0,3]; c1:bw=17,experts=[3]; c3:bw=17,experts=[3]; c4:bw=32,experts=[0,1,3]; c2:bw=24,experts=[0,3]; c0:bw=26,experts=[0,3]; c6:bw=22,experts=[0,3]; c8:bw=28,experts=[0,3]
   81 | 0.01000 |   0.6675 |   74.55% |   76.11% |    0:46.28
      bandwidth/experts | c6:bw=29,experts=[0,3]; c2:bw=25,experts=[0,3]; c3:bw=37,experts=[0,1,3]; c1:bw=27,experts=[0,3]; c4:bw=23,experts=[0,3]; c5:bw=17,experts=[3]; c9:bw=15,experts=[3]; c7:bw=32,experts=[0,1,3]; c8:bw=26,experts=[0,3]; c0:bw=28,experts=[0,3]
   82 | 0.01000 |   0.6703 |   73.14% |   76.11% |    0:44.03
      bandwidth/experts | c1:bw=36,experts=[0,1,3]; c0:bw=17,experts=[3]; c6:bw=20,experts=[0,3]; c8:bw=32,experts=[0,1,3]; c7:bw=22,experts=[0,3]; c3:bw=22,experts=[0,3]; c2:bw=16,experts=[3]; c9:bw=31,experts=[0,1,3]; c5:bw=22,experts=[0,3]; c4:bw=16,experts=[3]
   83 | 0.01000 |   0.6692 |   71.71% |   76.11% |    0:43.10
      bandwidth/experts | c9:bw=29,experts=[0,3]; c4:bw=10,experts=[3]; c2:bw=23,experts=[0,3]; c7:bw=21,experts=[0,3]; c5:bw=10,experts=[3]; c0:bw=10,experts=[3]; c6:bw=29,experts=[0,3]; c1:bw=35,experts=[0,1,3]; c8:bw=22,experts=[0,3]; c3:bw=24,experts=[0,3]
   84 | 0.01000 |   0.6663 |   72.57% |   76.11% |    0:43.08
      bandwidth/experts | c8:bw=37,experts=[0,1,3]; c3:bw=18,experts=[3]; c1:bw=32,experts=[0,1,3]; c6:bw=10,experts=[3]; c9:bw=11,experts=[3]; c2:bw=20,experts=[0,3]; c7:bw=26,experts=[0,3]; c5:bw=11,experts=[3]; c4:bw=15,experts=[3]; c0:bw=10,experts=[3]
   85 | 0.01000 |   0.6700 |   73.17% |   76.11% |    0:43.08
      bandwidth/experts | c0:bw=21,experts=[0,3]; c2:bw=25,experts=[0,3]; c8:bw=39,experts=[0,1,3]; c6:bw=23,experts=[0,3]; c1:bw=31,experts=[0,1,3]; c4:bw=23,experts=[0,3]; c9:bw=32,experts=[0,1,3]; c3:bw=28,experts=[0,3]; c5:bw=10,experts=[3]; c7:bw=10,experts=[3]
   86 | 0.01000 |   0.6665 |   72.38% |   76.11% |    0:42.18
      bandwidth/experts | c5:bw=26,experts=[0,3]; c8:bw=15,experts=[3]; c2:bw=13,experts=[3]; c6:bw=31,experts=[0,1,3]; c0:bw=17,experts=[3]; c4:bw=10,experts=[3]; c7:bw=24,experts=[0,3]; c3:bw=15,experts=[3]; c1:bw=40,experts=[0,1,2,3]; c9:bw=24,experts=[0,3]
   87 | 0.01000 |   0.6644 |   73.32% |   76.11% |    0:40.67
      bandwidth/experts | c1:bw=16,experts=[3]; c2:bw=37,experts=[0,1,3]; c7:bw=12,experts=[3]; c5:bw=10,experts=[3]; c6:bw=33,experts=[0,1,3]; c3:bw=38,experts=[0,1,3]; c4:bw=19,experts=[3]; c9:bw=21,experts=[0,3]; c8:bw=26,experts=[0,3]; c0:bw=19,experts=[3]
   88 | 0.01000 |   0.6605 |   74.22% |   76.11% |    0:40.79
      bandwidth/experts | c8:bw=24,experts=[0,3]; c6:bw=15,experts=[3]; c3:bw=18,experts=[3]; c7:bw=23,experts=[0,3]; c0:bw=34,experts=[0,1,3]; c4:bw=21,experts=[0,3]; c9:bw=17,experts=[3]; c1:bw=16,experts=[3]; c5:bw=17,experts=[3]; c2:bw=25,experts=[0,3]
   89 | 0.01000 |   0.6632 |   74.38% |   76.11% |    0:40.71
      bandwidth/experts | c3:bw=17,experts=[3]; c8:bw=40,experts=[0,1,2,3]; c2:bw=25,experts=[0,3]; c9:bw=34,experts=[0,1,3]; c7:bw=12,experts=[3]; c5:bw=25,experts=[0,3]; c0:bw=10,experts=[3]; c6:bw=18,experts=[3]; c4:bw=17,experts=[3]; c1:bw=23,experts=[0,3]
   90 | 0.01000 |   0.6606 |   75.79% |   76.11% |    0:40.74
      bandwidth/experts | c7:bw=40,experts=[0,1,2,3]; c1:bw=17,experts=[3]; c3:bw=20,experts=[0,3]; c9:bw=35,experts=[0,1,3]; c0:bw=35,experts=[0,1,3]; c6:bw=14,experts=[3]; c2:bw=12,experts=[3]; c5:bw=15,experts=[3]; c8:bw=28,experts=[0,3]; c4:bw=20,experts=[0,3]
   91 | 0.01000 |   0.6617 |   70.63% |   76.11% |    0:40.76
      bandwidth/experts | c1:bw=28,experts=[0,3]; c9:bw=19,experts=[3]; c5:bw=29,experts=[0,3]; c7:bw=29,experts=[0,3]; c3:bw=22,experts=[0,3]; c4:bw=30,experts=[0,2,3]; c0:bw=12,experts=[3]; c6:bw=16,experts=[3]; c2:bw=10,experts=[3]; c8:bw=13,experts=[3]
   92 | 0.01000 |   0.6576 |   69.81% |   76.11% |    0:40.64
      bandwidth/experts | c3:bw=16,experts=[3]; c7:bw=19,experts=[3]; c1:bw=11,experts=[3]; c0:bw=16,experts=[3]; c8:bw=11,experts=[3]; c6:bw=25,experts=[0,3]; c9:bw=31,experts=[0,2,3]; c2:bw=14,experts=[3]; c5:bw=37,experts=[0,1,3]; c4:bw=15,experts=[3]
   93 | 0.01000 |   0.6644 |   70.47% |   76.11% |    0:40.71
      bandwidth/experts | c1:bw=26,experts=[0,3]; c3:bw=17,experts=[3]; c7:bw=12,experts=[3]; c9:bw=32,experts=[0,2,3]; c6:bw=12,experts=[3]; c8:bw=10,experts=[3]; c5:bw=10,experts=[3]; c4:bw=18,experts=[3]; c0:bw=10,experts=[3]; c2:bw=28,experts=[0,3]
   94 | 0.01000 |   0.6685 |   71.56% |   76.11% |    0:40.76
      bandwidth/experts | c7:bw=25,experts=[0,3]; c2:bw=36,experts=[0,2,3]; c5:bw=23,experts=[0,3]; c4:bw=17,experts=[3]; c6:bw=17,experts=[3]; c9:bw=28,experts=[0,3]; c1:bw=39,experts=[0,2,3]; c8:bw=10,experts=[3]; c0:bw=31,experts=[0,2,3]; c3:bw=19,experts=[3]
   95 | 0.01000 |   0.6549 |   73.97% |   76.11% |    0:40.76
      bandwidth/experts | c7:bw=33,experts=[0,2,3]; c9:bw=23,experts=[0,3]; c4:bw=10,experts=[3]; c6:bw=22,experts=[0,3]; c0:bw=19,experts=[3]; c3:bw=23,experts=[0,3]; c1:bw=17,experts=[3]; c8:bw=40,experts=[0,1,2,3]; c2:bw=13,experts=[3]; c5:bw=10,experts=[3]
   96 | 0.01000 |   0.6573 |   74.62% |   76.11% |    0:40.72
      bandwidth/experts | c2:bw=36,experts=[0,2,3]; c9:bw=25,experts=[0,3]; c3:bw=25,experts=[0,3]; c1:bw=20,experts=[0,3]; c5:bw=33,experts=[0,2,3]; c4:bw=27,experts=[0,3]; c6:bw=17,experts=[3]; c7:bw=28,experts=[0,3]; c0:bw=20,experts=[0,3]; c8:bw=36,experts=[0,2,3]
   97 | 0.01000 |   0.6531 |   74.59% |   76.11% |    0:40.75
      bandwidth/experts | c0:bw=23,experts=[0,3]; c9:bw=24,experts=[0,3]; c8:bw=24,experts=[0,3]; c4:bw=10,experts=[3]; c7:bw=17,experts=[3]; c1:bw=28,experts=[0,3]; c3:bw=19,experts=[3]; c5:bw=26,experts=[0,3]; c6:bw=28,experts=[0,3]; c2:bw=30,experts=[0,2,3]
   98 | 0.01000 |   0.6562 |   75.72% |   76.11% |    0:40.69
      bandwidth/experts | c4:bw=29,experts=[0,3]; c8:bw=30,experts=[0,2,3]; c9:bw=15,experts=[3]; c7:bw=13,experts=[3]; c6:bw=20,experts=[0,3]; c5:bw=27,experts=[0,3]; c0:bw=19,experts=[3]; c3:bw=14,experts=[3]; c1:bw=15,experts=[3]; c2:bw=13,experts=[3]
   99 | 0.01000 |   0.6517 |   73.08% |   76.11% |    0:40.81
      bandwidth/experts | c8:bw=19,experts=[3]; c5:bw=27,experts=[0,3]; c7:bw=25,experts=[0,3]; c1:bw=33,experts=[0,2,3]; c3:bw=21,experts=[0,3]; c9:bw=11,experts=[3]; c4:bw=14,experts=[3]; c0:bw=22,experts=[0,3]; c2:bw=17,experts=[3]; c6:bw=19,experts=[3]
  100 | 0.01000 |   0.6584 |   71.04% |   76.11% |    0:40.64
      bandwidth/experts | c2:bw=17,experts=[3]; c8:bw=25,experts=[0,3]; c9:bw=29,experts=[0,3]; c5:bw=10,experts=[3]; c6:bw=25,experts=[0,3]; c1:bw=10,experts=[3]; c4:bw=36,experts=[0,2,3]; c7:bw=10,experts=[3]; c3:bw=23,experts=[0,3]; c0:bw=36,experts=[0,2,3]

Done. Best Acc: 76.11% @ round 41
Total time: 1:09:25.36
[Export] 实验目录: /userhome/cs3/duanty/FedMoE/results/20260918-152906
[Export] 每轮明细: /userhome/cs3/duanty/FedMoE/results/20260918-152906/rounds.xlsx
[Export] 总体摘要: /userhome/cs3/duanty/FedMoE/results/20260918-152906/summary.xlsx
[Plot] result = /userhome/cs3/duanty/FedMoE/results/20260918-152906
[Plot] figures -> /userhome/cs3/duanty/FedMoE/results/20260918-152906/figure
  fig01_test_accuracy.pdf
  fig02_train_loss.pdf
  fig03_acc_and_loss.pdf
  fig04_bandwidth_and_k.pdf
  fig05_expert_round_heatmap.pdf
  fig06_client_expert_heatmap.pdf
  fig07_expert_frequency.pdf
  fig08_time_breakdown.pdf
  fig09_accuracy_vs_communication.pdf
  fig10_overview.pdf
[Export] 图片目录: /userhome/cs3/duanty/FedMoE/results/20260918-152906/figure
