host=gpu-4090-802 gpu=0 date=Fri Sep 18 15:28:58 HKT 2026
Command: python -u main.py --method ours --dataset cifar10 --backbone vgg11 --select ours --merge fedavgm --device cuda

==================================================================
 Ours  
  Dataset=cifar10 | beta=0.1 | Backbone=vgg11 | Clients=10 | Experts=4
  Select=ours | Merge=fedavgm
  Rounds=100 | LR=0.01
  Bandwidth: expert_bw=10 | bw=[10, 40] | Rayleigh-Shannon, SNR=10 dB | k=floor(bw/10)
==================================================================


[Partition] Dirichlet beta=0.1, 10 clients
  Client 0:   6071 samples | 3/10 classes
  Client 1:  18481 samples | 7/10 classes
  Client 2:    174 samples | 3/10 classes
  Client 3:    462 samples | 3/10 classes
  Client 4:   2759 samples | 3/10 classes
  Client 5:   5740 samples | 7/10 classes
  Client 6:   1703 samples | 4/10 classes
  Client 7:   3407 samples | 7/10 classes
  Client 8:   6483 samples | 7/10 classes
  Client 9:   4720 samples | 10/10 classes

[Upload] expert_bw=10 | available bw=[10, 40] | Rayleigh-Shannon, SNR=10 dB | upload k=floor(bw/10), cap=4 | probe gate scores, then train selected experts

[Model] Total params: 10,296,424

[Export] 本次实验目录: /userhome/cs3/duanty/FedMoE/results/20260918-152906

Round |      LR |  AvgLoss |  TestAcc |     Best |  RoundTime
--------------------------------------------------------------------------------
    1 | 0.00208 |   1.3902 |   29.97% |   29.97% |    0:44.37
      bandwidth/experts | c8:bw=31,experts=[0,2,3]; c1:bw=16,experts=[3]; c5:bw=25,experts=[2,3]; c0:bw=10,experts=[3]; c7:bw=11,experts=[3]; c2:bw=16,experts=[3]; c9:bw=25,experts=[2,3]; c4:bw=22,experts=[2,3]; c3:bw=28,experts=[2,3]; c6:bw=23,experts=[2,3]
    2 | 0.00406 |   1.2340 |   33.21% |   33.21% |    0:48.23
      bandwidth/experts | c0:bw=20,experts=[2,3]; c1:bw=23,experts=[2,3]; c8:bw=27,experts=[0,3]; c5:bw=38,experts=[0,2,3]; c3:bw=37,experts=[0,2,3]; c4:bw=17,experts=[3]; c7:bw=31,experts=[0,2,3]; c9:bw=26,experts=[2,3]; c6:bw=10,experts=[3]; c2:bw=12,experts=[3]
    3 | 0.00604 |   1.2473 |   37.26% |   37.26% |    0:47.87
      bandwidth/experts | c9:bw=26,experts=[0,3]; c2:bw=23,experts=[0,3]; c0:bw=28,experts=[0,3]; c6:bw=22,experts=[0,3]; c8:bw=17,experts=[3]; c5:bw=10,experts=[3]; c3:bw=14,experts=[3]; c7:bw=18,experts=[3]; c1:bw=10,experts=[3]; c4:bw=29,experts=[0,3]
    4 | 0.00802 |   1.1295 |   37.49% |   37.49% |    0:48.18
      bandwidth/experts | c1:bw=22,experts=[0,3]; c7:bw=25,experts=[0,3]; c6:bw=29,experts=[0,3]; c2:bw=33,experts=[0,2,3]; c8:bw=17,experts=[3]; c0:bw=33,experts=[0,2,3]; c3:bw=19,experts=[3]; c4:bw=31,experts=[0,2,3]; c5:bw=40,experts=[0,1,2,3]; c9:bw=12,experts=[3]
    5 | 0.01000 |   1.1045 |   37.67% |   37.67% |    0:48.05
      bandwidth/experts | c1:bw=11,experts=[3]; c5:bw=22,experts=[2,3]; c4:bw=27,experts=[2,3]; c8:bw=20,experts=[2,3]; c0:bw=28,experts=[2,3]; c7:bw=14,experts=[3]; c6:bw=29,experts=[2,3]; c3:bw=35,experts=[0,2,3]; c2:bw=10,experts=[3]; c9:bw=35,experts=[0,2,3]
    6 | 0.01000 |   1.1155 |   42.57% |   42.57% |    0:45.55
      bandwidth/experts | c8:bw=37,experts=[0,2,3]; c2:bw=23,experts=[2,3]; c5:bw=15,experts=[3]; c7:bw=32,experts=[0,2,3]; c3:bw=20,experts=[2,3]; c1:bw=18,experts=[3]; c9:bw=27,experts=[2,3]; c0:bw=17,experts=[3]; c4:bw=10,experts=[3]; c6:bw=11,experts=[3]
    7 | 0.01000 |   1.0877 |   49.74% |   49.74% |    0:44.14
      bandwidth/experts | c0:bw=20,experts=[2,3]; c5:bw=27,experts=[2,3]; c2:bw=22,experts=[2,3]; c6:bw=10,experts=[3]; c3:bw=15,experts=[3]; c7:bw=17,experts=[3]; c4:bw=10,experts=[3]; c1:bw=10,experts=[3]; c8:bw=32,experts=[0,2,3]; c9:bw=10,experts=[3]
    8 | 0.01000 |   1.0405 |   56.97% |   56.97% |    0:44.14
      bandwidth/experts | c4:bw=10,experts=[3]; c8:bw=20,experts=[2,3]; c1:bw=32,experts=[0,2,3]; c3:bw=21,experts=[2,3]; c0:bw=18,experts=[3]; c5:bw=16,experts=[3]; c2:bw=30,experts=[0,2,3]; c9:bw=33,experts=[0,2,3]; c7:bw=10,experts=[3]; c6:bw=23,experts=[2,3]
    9 | 0.01000 |   0.9915 |   57.48% |   57.48% |    0:44.10
      bandwidth/experts | c2:bw=12,experts=[3]; c0:bw=29,experts=[2,3]; c4:bw=33,experts=[0,2,3]; c9:bw=15,experts=[3]; c8:bw=10,experts=[3]; c6:bw=17,experts=[3]; c7:bw=25,experts=[2,3]; c5:bw=29,experts=[2,3]; c1:bw=10,experts=[3]; c3:bw=13,experts=[3]
   10 | 0.01000 |   0.9748 |   56.71% |   57.48% |    0:43.54
      bandwidth/experts | c4:bw=20,experts=[2,3]; c2:bw=19,experts=[3]; c7:bw=21,experts=[2,3]; c0:bw=33,experts=[0,2,3]; c6:bw=36,experts=[0,2,3]; c3:bw=26,experts=[2,3]; c5:bw=32,experts=[0,2,3]; c8:bw=20,experts=[2,3]; c9:bw=20,experts=[2,3]; c1:bw=23,experts=[2,3]
   11 | 0.01000 |   0.9939 |   58.44% |   58.44% |    0:41.74
      bandwidth/experts | c5:bw=15,experts=[3]; c2:bw=15,experts=[3]; c7:bw=24,experts=[2,3]; c3:bw=28,experts=[2,3]; c0:bw=16,experts=[3]; c8:bw=22,experts=[2,3]; c9:bw=18,experts=[3]; c6:bw=31,experts=[0,2,3]; c1:bw=22,experts=[2,3]; c4:bw=10,experts=[3]
   12 | 0.01000 |   0.9966 |   62.97% |   62.97% |    0:41.67
      bandwidth/experts | c1:bw=24,experts=[2,3]; c5:bw=31,experts=[0,2,3]; c2:bw=32,experts=[0,2,3]; c4:bw=16,experts=[3]; c3:bw=19,experts=[3]; c7:bw=16,experts=[3]; c9:bw=23,experts=[2,3]; c6:bw=16,experts=[3]; c8:bw=31,experts=[0,2,3]; c0:bw=27,experts=[2,3]
   13 | 0.01000 |   0.9694 |   66.82% |   66.82% |    0:41.63
      bandwidth/experts | c3:bw=17,experts=[3]; c1:bw=26,experts=[2,3]; c4:bw=10,experts=[3]; c5:bw=16,experts=[3]; c8:bw=10,experts=[3]; c6:bw=20,experts=[2,3]; c9:bw=10,experts=[3]; c7:bw=32,experts=[0,2,3]; c0:bw=14,experts=[3]; c2:bw=10,experts=[3]
   14 | 0.01000 |   0.9404 |   66.71% |   66.82% |    0:41.78
      bandwidth/experts | c2:bw=25,experts=[2,3]; c4:bw=10,experts=[3]; c5:bw=36,experts=[0,2,3]; c1:bw=21,experts=[2,3]; c7:bw=14,experts=[3]; c0:bw=14,experts=[3]; c9:bw=18,experts=[3]; c3:bw=25,experts=[2,3]; c8:bw=12,experts=[3]; c6:bw=37,experts=[0,2,3]
   15 | 0.01000 |   0.9316 |   64.70% |   66.82% |    0:41.40
      bandwidth/experts | c7:bw=33,experts=[0,2,3]; c0:bw=11,experts=[3]; c1:bw=10,experts=[3]; c8:bw=29,experts=[2,3]; c3:bw=10,experts=[3]; c2:bw=29,experts=[2,3]; c4:bw=26,experts=[2,3]; c5:bw=10,experts=[3]; c9:bw=11,experts=[3]; c6:bw=18,experts=[3]
   16 | 0.01000 |   0.9376 |   62.41% |   66.82% |    0:42.04
      bandwidth/experts | c6:bw=22,experts=[2,3]; c1:bw=16,experts=[3]; c3:bw=24,experts=[2,3]; c8:bw=27,experts=[2,3]; c7:bw=12,experts=[3]; c5:bw=22,experts=[2,3]; c4:bw=20,experts=[2,3]; c9:bw=13,experts=[3]; c0:bw=32,experts=[0,2,3]; c2:bw=29,experts=[2,3]
   17 | 0.01000 |   0.9341 |   64.18% |   66.82% |    0:41.60
      bandwidth/experts | c4:bw=32,experts=[0,2,3]; c7:bw=14,experts=[3]; c8:bw=10,experts=[3]; c3:bw=29,experts=[2,3]; c5:bw=10,experts=[3]; c1:bw=16,experts=[3]; c0:bw=10,experts=[3]; c2:bw=11,experts=[3]; c9:bw=21,experts=[2,3]; c6:bw=21,experts=[2,3]
   18 | 0.01000 |   0.9221 |   64.99% |   66.82% |    0:41.61
      bandwidth/experts | c1:bw=10,experts=[3]; c8:bw=10,experts=[3]; c5:bw=19,experts=[3]; c2:bw=21,experts=[2,3]; c9:bw=10,experts=[3]; c7:bw=30,experts=[0,2,3]; c4:bw=31,experts=[0,2,3]; c3:bw=21,experts=[2,3]; c0:bw=27,experts=[2,3]; c6:bw=17,experts=[3]
   19 | 0.01000 |   0.9060 |   67.64% |   67.64% |    0:41.86
      bandwidth/experts | c8:bw=31,experts=[0,2,3]; c0:bw=23,experts=[2,3]; c4:bw=28,experts=[2,3]; c1:bw=26,experts=[2,3]; c9:bw=21,experts=[2,3]; c5:bw=16,experts=[3]; c7:bw=12,experts=[3]; c2:bw=10,experts=[3]; c6:bw=36,experts=[0,2,3]; c3:bw=22,experts=[2,3]
   20 | 0.01000 |   0.8977 |   68.04% |   68.04% |    0:41.42
      bandwidth/experts | c0:bw=15,experts=[3]; c2:bw=23,experts=[2,3]; c1:bw=22,experts=[2,3]; c9:bw=10,experts=[3]; c7:bw=24,experts=[2,3]; c6:bw=38,experts=[0,2,3]; c3:bw=10,experts=[3]; c5:bw=10,experts=[3]; c4:bw=33,experts=[0,2,3]; c8:bw=28,experts=[2,3]
   21 | 0.01000 |   0.9079 |   67.80% |   68.04% |    0:41.91
      bandwidth/experts | c1:bw=23,experts=[2,3]; c2:bw=22,experts=[2,3]; c7:bw=10,experts=[3]; c4:bw=26,experts=[2,3]; c8:bw=10,experts=[3]; c5:bw=18,experts=[3]; c0:bw=37,experts=[0,2,3]; c3:bw=10,experts=[3]; c6:bw=10,experts=[3]; c9:bw=14,experts=[3]
   22 | 0.01000 |   0.8991 |   68.17% |   68.17% |    0:41.44
      bandwidth/experts | c7:bw=10,experts=[3]; c9:bw=18,experts=[3]; c1:bw=10,experts=[3]; c6:bw=34,experts=[0,2,3]; c5:bw=10,experts=[3]; c2:bw=37,experts=[0,2,3]; c0:bw=37,experts=[0,2,3]; c4:bw=20,experts=[2,3]; c3:bw=31,experts=[0,2,3]; c8:bw=18,experts=[3]
   23 | 0.01000 |   0.8798 |   68.99% |   68.99% |    0:41.80
      bandwidth/experts | c5:bw=29,experts=[2,3]; c7:bw=10,experts=[3]; c4:bw=31,experts=[0,2,3]; c6:bw=10,experts=[3]; c9:bw=28,experts=[2,3]; c8:bw=19,experts=[3]; c3:bw=10,experts=[3]; c1:bw=34,experts=[0,2,3]; c2:bw=18,experts=[3]; c0:bw=10,experts=[3]
   24 | 0.01000 |   0.8614 |   66.95% |   68.99% |    0:41.43
      bandwidth/experts | c6:bw=17,experts=[3]; c4:bw=10,experts=[3]; c7:bw=10,experts=[3]; c9:bw=28,experts=[2,3]; c2:bw=24,experts=[2,3]; c1:bw=10,experts=[3]; c5:bw=14,experts=[3]; c8:bw=10,experts=[3]; c3:bw=10,experts=[3]; c0:bw=17,experts=[3]
   25 | 0.01000 |   0.8639 |   66.02% |   68.99% |    0:41.66
      bandwidth/experts | c9:bw=22,experts=[2,3]; c6:bw=10,experts=[3]; c4:bw=32,experts=[0,2,3]; c3:bw=10,experts=[3]; c5:bw=35,experts=[0,2,3]; c1:bw=27,experts=[2,3]; c8:bw=30,experts=[0,2,3]; c2:bw=10,experts=[3]; c0:bw=31,experts=[0,2,3]; c7:bw=22,experts=[2,3]
   26 | 0.01000 |   0.8581 |   65.51% |   68.99% |    0:41.67
      bandwidth/experts | c3:bw=25,experts=[2,3]; c6:bw=19,experts=[3]; c9:bw=28,experts=[2,3]; c7:bw=17,experts=[3]; c1:bw=18,experts=[3]; c5:bw=11,experts=[3]; c2:bw=17,experts=[3]; c8:bw=30,experts=[0,2,3]; c0:bw=10,experts=[3]; c4:bw=26,experts=[2,3]
   27 | 0.01000 |   0.8488 |   68.11% |   68.99% |    0:43.56
      bandwidth/experts | c7:bw=29,experts=[2,3]; c1:bw=34,experts=[0,2,3]; c4:bw=10,experts=[3]; c0:bw=20,experts=[2,3]; c9:bw=10,experts=[3]; c2:bw=11,experts=[3]; c8:bw=31,experts=[0,2,3]; c3:bw=12,experts=[3]; c6:bw=35,experts=[0,2,3]; c5:bw=20,experts=[2,3]
   28 | 0.01000 |   0.8429 |   68.45% |   68.99% |    0:43.12
      bandwidth/experts | c6:bw=16,experts=[3]; c9:bw=27,experts=[2,3]; c0:bw=26,experts=[2,3]; c8:bw=16,experts=[3]; c2:bw=10,experts=[3]; c5:bw=18,experts=[3]; c1:bw=14,experts=[3]; c3:bw=10,experts=[3]; c4:bw=10,experts=[3]; c7:bw=10,experts=[3]
   29 | 0.01000 |   0.8262 |   69.29% |   69.29% |    0:42.05
      bandwidth/experts | c4:bw=21,experts=[2,3]; c0:bw=24,experts=[2,3]; c1:bw=18,experts=[3]; c9:bw=24,experts=[2,3]; c6:bw=24,experts=[2,3]; c8:bw=19,experts=[3]; c7:bw=12,experts=[3]; c3:bw=18,experts=[3]; c2:bw=10,experts=[3]; c5:bw=19,experts=[3]
   30 | 0.01000 |   0.8179 |   68.50% |   69.29% |    0:42.93
      bandwidth/experts | c5:bw=34,experts=[0,2,3]; c1:bw=20,experts=[2,3]; c9:bw=30,experts=[0,2,3]; c4:bw=29,experts=[2,3]; c0:bw=10,experts=[3]; c8:bw=23,experts=[2,3]; c6:bw=10,experts=[3]; c7:bw=10,experts=[3]; c3:bw=33,experts=[0,2,3]; c2:bw=15,experts=[3]
   31 | 0.01000 |   0.8080 |   65.85% |   69.29% |    0:40.74
      bandwidth/experts | c6:bw=16,experts=[3]; c4:bw=11,experts=[3]; c9:bw=25,experts=[2,3]; c1:bw=17,experts=[3]; c5:bw=34,experts=[0,2,3]; c8:bw=18,experts=[3]; c3:bw=13,experts=[3]; c2:bw=10,experts=[3]; c0:bw=26,experts=[2,3]; c7:bw=35,experts=[0,2,3]
   32 | 0.01000 |   0.8089 |   65.82% |   69.29% |    0:41.00
      bandwidth/experts | c8:bw=12,experts=[3]; c5:bw=20,experts=[2,3]; c4:bw=27,experts=[2,3]; c7:bw=26,experts=[2,3]; c0:bw=25,experts=[2,3]; c1:bw=12,experts=[3]; c3:bw=16,experts=[3]; c6:bw=15,experts=[3]; c2:bw=30,experts=[0,2,3]; c9:bw=17,experts=[3]
   33 | 0.01000 |   0.8048 |   68.14% |   69.29% |    0:41.23
      bandwidth/experts | c7:bw=29,experts=[2,3]; c1:bw=19,experts=[3]; c3:bw=39,experts=[0,2,3]; c6:bw=20,experts=[2,3]; c5:bw=16,experts=[3]; c9:bw=23,experts=[2,3]; c2:bw=13,experts=[3]; c8:bw=28,experts=[2,3]; c4:bw=25,experts=[2,3]; c0:bw=35,experts=[0,2,3]
   34 | 0.01000 |   0.7917 |   70.90% |   70.90% |    0:41.42
      bandwidth/experts | c4:bw=26,experts=[2,3]; c1:bw=26,experts=[2,3]; c6:bw=27,experts=[2,3]; c9:bw=38,experts=[0,2,3]; c8:bw=23,experts=[2,3]; c0:bw=12,experts=[3]; c5:bw=33,experts=[0,2,3]; c7:bw=18,experts=[3]; c3:bw=40,experts=[0,1,2,3]; c2:bw=30,experts=[0,2,3]
   35 | 0.01000 |   0.7755 |   72.31% |   72.31% |    0:41.42
      bandwidth/experts | c4:bw=18,experts=[3]; c0:bw=11,experts=[3]; c1:bw=17,experts=[3]; c6:bw=24,experts=[2,3]; c2:bw=25,experts=[2,3]; c8:bw=28,experts=[2,3]; c9:bw=15,experts=[3]; c7:bw=27,experts=[2,3]; c5:bw=23,experts=[2,3]; c3:bw=13,experts=[3]
   36 | 0.01000 |   0.7673 |   69.77% |   72.31% |    0:41.54
      bandwidth/experts | c9:bw=21,experts=[2,3]; c0:bw=20,experts=[2,3]; c3:bw=33,experts=[0,2,3]; c7:bw=15,experts=[3]; c6:bw=24,experts=[0,3]; c5:bw=27,experts=[2,3]; c1:bw=10,experts=[3]; c4:bw=40,experts=[0,1,2,3]; c8:bw=28,experts=[0,3]; c2:bw=28,experts=[0,3]
   37 | 0.01000 |   0.7727 |   65.77% |   72.31% |    0:41.73
      bandwidth/experts | c1:bw=10,experts=[3]; c5:bw=22,experts=[0,3]; c2:bw=20,experts=[0,3]; c6:bw=36,experts=[0,2,3]; c4:bw=22,experts=[0,3]; c7:bw=23,experts=[0,3]; c9:bw=22,experts=[0,3]; c0:bw=30,experts=[0,2,3]; c3:bw=20,experts=[0,3]; c8:bw=10,experts=[3]
   38 | 0.01000 |   0.7728 |   64.78% |   72.31% |    0:41.95
      bandwidth/experts | c8:bw=25,experts=[0,3]; c6:bw=10,experts=[3]; c4:bw=29,experts=[0,3]; c1:bw=17,experts=[3]; c5:bw=10,experts=[3]; c2:bw=10,experts=[3]; c3:bw=21,experts=[0,3]; c7:bw=28,experts=[0,3]; c9:bw=14,experts=[3]; c0:bw=22,experts=[0,3]
   39 | 0.01000 |   0.7664 |   67.97% |   72.31% |    0:42.07
      bandwidth/experts | c3:bw=14,experts=[3]; c0:bw=10,experts=[3]; c1:bw=25,experts=[0,3]; c7:bw=22,experts=[0,3]; c6:bw=17,experts=[3]; c8:bw=25,experts=[0,3]; c2:bw=20,experts=[0,3]; c4:bw=20,experts=[0,3]; c9:bw=13,experts=[3]; c5:bw=40,experts=[0,1,2,3]
   40 | 0.01000 |   0.7537 |   68.38% |   72.31% |    0:42.37
      bandwidth/experts | c8:bw=14,experts=[3]; c1:bw=23,experts=[0,3]; c5:bw=18,experts=[3]; c6:bw=26,experts=[0,3]; c2:bw=36,experts=[0,1,3]; c7:bw=37,experts=[0,1,3]; c3:bw=10,experts=[3]; c4:bw=11,experts=[3]; c9:bw=22,experts=[0,3]; c0:bw=20,experts=[0,3]
   41 | 0.01000 |   0.7449 |   69.97% |   72.31% |    0:42.40
      bandwidth/experts | c2:bw=30,experts=[0,1,3]; c6:bw=10,experts=[3]; c8:bw=31,experts=[0,1,3]; c1:bw=10,experts=[3]; c4:bw=28,experts=[1,3]; c5:bw=34,experts=[0,1,3]; c7:bw=38,experts=[0,1,3]; c3:bw=22,experts=[0,3]; c9:bw=30,experts=[0,1,3]; c0:bw=10,experts=[3]
   42 | 0.01000 |   0.7450 |   66.73% |   72.31% |    0:42.67
      bandwidth/experts | c5:bw=28,experts=[1,3]; c1:bw=27,experts=[0,3]; c3:bw=27,experts=[0,3]; c9:bw=28,experts=[1,3]; c6:bw=19,experts=[3]; c0:bw=10,experts=[3]; c7:bw=11,experts=[3]; c4:bw=30,experts=[0,1,3]; c8:bw=23,experts=[0,3]; c2:bw=22,experts=[0,3]
   43 | 0.01000 |   0.7480 |   66.70% |   72.31% |    0:43.24
      bandwidth/experts | c5:bw=29,experts=[1,3]; c1:bw=32,experts=[0,1,3]; c2:bw=28,experts=[0,3]; c8:bw=25,experts=[0,3]; c9:bw=18,experts=[3]; c7:bw=12,experts=[3]; c4:bw=19,experts=[3]; c6:bw=10,experts=[3]; c3:bw=36,experts=[0,1,3]; c0:bw=12,experts=[3]
   44 | 0.01000 |   0.7475 |   67.08% |   72.31% |    0:42.63
      bandwidth/experts | c0:bw=37,experts=[0,1,3]; c3:bw=26,experts=[1,3]; c4:bw=16,experts=[3]; c2:bw=20,experts=[1,3]; c7:bw=40,experts=[0,1,2,3]; c5:bw=13,experts=[3]; c6:bw=11,experts=[3]; c9:bw=21,experts=[1,3]; c8:bw=19,experts=[3]; c1:bw=25,experts=[1,3]
   45 | 0.01000 |   0.7388 |   69.87% |   72.31% |    0:42.39
      bandwidth/experts | c8:bw=31,experts=[0,1,3]; c0:bw=20,experts=[1,3]; c3:bw=37,experts=[0,1,3]; c4:bw=36,experts=[0,1,3]; c7:bw=20,experts=[1,3]; c2:bw=27,experts=[1,3]; c9:bw=14,experts=[3]; c6:bw=10,experts=[3]; c5:bw=25,experts=[1,3]; c1:bw=31,experts=[0,1,3]
   46 | 0.01000 |   0.7307 |   72.44% |   72.44% |    0:42.39
      bandwidth/experts | c9:bw=20,experts=[1,3]; c3:bw=15,experts=[3]; c6:bw=21,experts=[1,3]; c1:bw=23,experts=[1,3]; c4:bw=35,experts=[0,1,3]; c5:bw=23,experts=[1,3]; c2:bw=32,experts=[0,1,3]; c8:bw=22,experts=[1,3]; c0:bw=30,experts=[0,1,3]; c7:bw=16,experts=[3]
   47 | 0.01000 |   0.7275 |   70.64% |   72.44% |    0:42.54
      bandwidth/experts | c5:bw=29,experts=[1,3]; c6:bw=12,experts=[3]; c7:bw=29,experts=[1,3]; c9:bw=10,experts=[3]; c8:bw=22,experts=[1,3]; c3:bw=39,experts=[0,1,3]; c4:bw=10,experts=[3]; c0:bw=25,experts=[1,3]; c1:bw=17,experts=[3]; c2:bw=30,experts=[0,1,3]
   48 | 0.01000 |   0.7313 |   68.98% |   72.44% |    0:42.18
      bandwidth/experts | c1:bw=28,experts=[1,3]; c8:bw=28,experts=[1,3]; c4:bw=37,experts=[0,1,3]; c2:bw=31,experts=[0,1,3]; c9:bw=29,experts=[1,3]; c6:bw=25,experts=[1,3]; c5:bw=31,experts=[0,1,3]; c7:bw=35,experts=[0,1,3]; c0:bw=10,experts=[3]; c3:bw=10,experts=[3]
   49 | 0.01000 |   0.7238 |   67.08% |   72.44% |    0:42.21
      bandwidth/experts | c4:bw=27,experts=[1,3]; c3:bw=18,experts=[3]; c8:bw=15,experts=[3]; c0:bw=11,experts=[3]; c2:bw=32,experts=[0,1,3]; c5:bw=31,experts=[0,1,3]; c6:bw=10,experts=[3]; c7:bw=24,experts=[1,3]; c9:bw=29,experts=[1,3]; c1:bw=30,experts=[0,1,3]
   50 | 0.01000 |   0.7212 |   67.05% |   72.44% |    0:42.15
      bandwidth/experts | c8:bw=18,experts=[3]; c4:bw=10,experts=[3]; c7:bw=19,experts=[3]; c6:bw=38,experts=[0,1,3]; c2:bw=35,experts=[0,1,3]; c1:bw=36,experts=[0,1,3]; c3:bw=22,experts=[1,3]; c0:bw=16,experts=[3]; c9:bw=15,experts=[3]; c5:bw=17,experts=[3]
   51 | 0.01000 |   0.7181 |   66.80% |   72.44% |    0:42.15
      bandwidth/experts | c5:bw=26,experts=[1,3]; c0:bw=30,experts=[0,1,3]; c1:bw=12,experts=[3]; c2:bw=11,experts=[3]; c8:bw=26,experts=[1,3]; c6:bw=29,experts=[1,3]; c9:bw=10,experts=[3]; c3:bw=31,experts=[0,1,3]; c4:bw=10,experts=[3]; c7:bw=15,experts=[3]
   52 | 0.01000 |   0.7219 |   67.66% |   72.44% |    0:43.62
      bandwidth/experts | c0:bw=26,experts=[1,3]; c8:bw=10,experts=[3]; c5:bw=13,experts=[3]; c7:bw=19,experts=[3]; c1:bw=22,experts=[1,3]; c4:bw=18,experts=[3]; c9:bw=17,experts=[3]; c6:bw=28,experts=[1,3]; c2:bw=16,experts=[3]; c3:bw=24,experts=[1,3]
   53 | 0.01000 |   0.7203 |   69.79% |   72.44% |    0:43.99
      bandwidth/experts | c8:bw=12,experts=[3]; c4:bw=16,experts=[3]; c5:bw=24,experts=[1,3]; c1:bw=33,experts=[0,1,3]; c3:bw=26,experts=[1,3]; c9:bw=34,experts=[0,1,3]; c6:bw=20,experts=[1,3]; c7:bw=24,experts=[1,3]; c0:bw=21,experts=[1,3]; c2:bw=29,experts=[1,3]
   54 | 0.01000 |   0.7091 |   72.36% |   72.44% |    0:44.75
      bandwidth/experts | c2:bw=10,experts=[3]; c1:bw=29,experts=[1,3]; c8:bw=31,experts=[0,1,3]; c7:bw=34,experts=[0,1,3]; c3:bw=17,experts=[3]; c0:bw=20,experts=[1,3]; c6:bw=30,experts=[0,1,3]; c5:bw=10,experts=[3]; c9:bw=28,experts=[1,3]; c4:bw=18,experts=[3]
   55 | 0.01000 |   0.7093 |   69.75% |   72.44% |    0:44.14
      bandwidth/experts | c7:bw=30,experts=[0,1,3]; c2:bw=23,experts=[1,3]; c4:bw=10,experts=[3]; c3:bw=29,experts=[1,3]; c8:bw=10,experts=[3]; c5:bw=29,experts=[1,3]; c1:bw=33,experts=[0,1,3]; c6:bw=23,experts=[1,3]; c0:bw=15,experts=[3]; c9:bw=34,experts=[0,1,3]
   56 | 0.01000 |   0.7092 |   66.45% |   72.44% |    0:42.96
      bandwidth/experts | c9:bw=29,experts=[1,3]; c1:bw=31,experts=[0,1,3]; c3:bw=10,experts=[3]; c2:bw=29,experts=[1,3]; c5:bw=17,experts=[3]; c4:bw=10,experts=[3]; c8:bw=10,experts=[3]; c7:bw=10,experts=[3]; c6:bw=13,experts=[3]; c0:bw=39,experts=[0,1,3]
   57 | 0.01000 |   0.7145 |   69.28% |   72.44% |    0:41.80
      bandwidth/experts | c3:bw=35,experts=[0,1,3]; c8:bw=24,experts=[1,3]; c6:bw=27,experts=[1,3]; c1:bw=27,experts=[1,3]; c7:bw=38,experts=[0,1,3]; c0:bw=39,experts=[0,1,3]; c5:bw=24,experts=[1,3]; c4:bw=23,experts=[1,3]; c2:bw=18,experts=[3]; c9:bw=11,experts=[3]
   58 | 0.01000 |   0.7137 |   72.72% |   72.72% |    0:41.73
      bandwidth/experts | c7:bw=13,experts=[3]; c2:bw=10,experts=[3]; c9:bw=32,experts=[0,1,3]; c6:bw=30,experts=[0,1,3]; c5:bw=19,experts=[3]; c1:bw=17,experts=[3]; c8:bw=22,experts=[1,3]; c4:bw=21,experts=[1,3]; c3:bw=34,experts=[0,1,3]; c0:bw=26,experts=[1,3]
   59 | 0.01000 |   0.7079 |   70.03% |   72.72% |    0:42.19
      bandwidth/experts | c2:bw=20,experts=[1,3]; c8:bw=31,experts=[0,1,3]; c9:bw=15,experts=[3]; c6:bw=11,experts=[3]; c1:bw=36,experts=[0,1,3]; c4:bw=14,experts=[3]; c7:bw=15,experts=[3]; c5:bw=18,experts=[3]; c0:bw=29,experts=[1,3]; c3:bw=20,experts=[1,3]
   60 | 0.01000 |   0.7067 |   69.89% |   72.72% |    0:41.65
      bandwidth/experts | c0:bw=29,experts=[1,3]; c7:bw=26,experts=[1,3]; c4:bw=17,experts=[3]; c2:bw=17,experts=[3]; c5:bw=18,experts=[3]; c8:bw=14,experts=[3]; c6:bw=33,experts=[0,1,3]; c9:bw=10,experts=[3]; c1:bw=30,experts=[0,1,3]; c3:bw=24,experts=[1,3]
   61 | 0.01000 |   0.6996 |   70.54% |   72.72% |    0:41.50
      bandwidth/experts | c5:bw=27,experts=[1,3]; c6:bw=21,experts=[1,3]; c2:bw=16,experts=[3]; c9:bw=21,experts=[1,3]; c1:bw=19,experts=[3]; c3:bw=24,experts=[1,3]; c8:bw=31,experts=[0,1,3]; c4:bw=21,experts=[1,3]; c7:bw=24,experts=[1,3]; c0:bw=33,experts=[0,1,3]
   62 | 0.01000 |   0.6993 |   71.03% |   72.72% |    0:41.77
      bandwidth/experts | c8:bw=10,experts=[3]; c6:bw=35,experts=[0,1,3]; c9:bw=10,experts=[3]; c4:bw=33,experts=[0,1,3]; c5:bw=37,experts=[0,1,3]; c0:bw=16,experts=[3]; c3:bw=29,experts=[1,3]; c2:bw=23,experts=[1,3]; c1:bw=40,experts=[0,1,2,3]; c7:bw=25,experts=[1,3]
   63 | 0.01000 |   0.7057 |   67.91% |   72.72% |    0:42.13
      bandwidth/experts | c5:bw=10,experts=[3]; c9:bw=12,experts=[3]; c6:bw=19,experts=[3]; c3:bw=29,experts=[1,3]; c8:bw=18,experts=[3]; c1:bw=28,experts=[1,3]; c7:bw=38,experts=[0,1,3]; c0:bw=23,experts=[1,3]; c2:bw=15,experts=[3]; c4:bw=29,experts=[1,3]
   64 | 0.01000 |   0.7068 |   68.16% |   72.72% |    0:41.57
      bandwidth/experts | c6:bw=28,experts=[1,3]; c4:bw=21,experts=[1,3]; c5:bw=13,experts=[3]; c3:bw=21,experts=[1,3]; c7:bw=19,experts=[3]; c0:bw=18,experts=[3]; c8:bw=30,experts=[0,1,3]; c9:bw=33,experts=[0,1,3]; c2:bw=31,experts=[0,1,3]; c1:bw=16,experts=[3]
   65 | 0.01000 |   0.7009 |   69.48% |   72.72% |    0:41.70
      bandwidth/experts | c7:bw=10,experts=[3]; c5:bw=16,experts=[3]; c4:bw=32,experts=[0,1,3]; c6:bw=28,experts=[1,3]; c8:bw=37,experts=[0,1,3]; c3:bw=24,experts=[1,3]; c0:bw=23,experts=[1,3]; c2:bw=16,experts=[3]; c1:bw=32,experts=[0,1,3]; c9:bw=26,experts=[1,3]
   66 | 0.01000 |   0.6952 |   71.27% |   72.72% |    0:41.55
      bandwidth/experts | c2:bw=23,experts=[1,3]; c5:bw=10,experts=[3]; c1:bw=30,experts=[0,1,3]; c8:bw=13,experts=[3]; c9:bw=17,experts=[3]; c6:bw=16,experts=[3]; c4:bw=23,experts=[1,3]; c0:bw=21,experts=[1,3]; c3:bw=37,experts=[0,1,3]; c7:bw=28,experts=[1,3]
   67 | 0.01000 |   0.6916 |   72.69% |   72.72% |    0:42.14
      bandwidth/experts | c4:bw=28,experts=[1,3]; c5:bw=27,experts=[1,3]; c1:bw=20,experts=[1,3]; c3:bw=14,experts=[3]; c6:bw=29,experts=[1,3]; c0:bw=18,experts=[3]; c2:bw=24,experts=[1,3]; c9:bw=33,experts=[0,1,3]; c7:bw=33,experts=[0,1,3]; c8:bw=10,experts=[3]
   68 | 0.01000 |   0.6990 |   71.38% |   72.72% |    0:41.92
      bandwidth/experts | c1:bw=23,experts=[1,3]; c8:bw=17,experts=[3]; c2:bw=32,experts=[0,1,3]; c0:bw=17,experts=[3]; c3:bw=14,experts=[3]; c4:bw=27,experts=[1,3]; c5:bw=25,experts=[1,3]; c9:bw=10,experts=[3]; c7:bw=15,experts=[3]; c6:bw=18,experts=[3]
   69 | 0.01000 |   0.6998 |   72.66% |   72.72% |    0:41.71
      bandwidth/experts | c3:bw=23,experts=[1,3]; c7:bw=32,experts=[0,1,3]; c1:bw=17,experts=[3]; c4:bw=23,experts=[1,3]; c9:bw=20,experts=[1,3]; c5:bw=22,experts=[1,3]; c0:bw=29,experts=[1,3]; c2:bw=37,experts=[0,1,3]; c8:bw=23,experts=[1,3]; c6:bw=15,experts=[3]
   70 | 0.01000 |   0.6966 |   71.45% |   72.72% |    0:42.04
      bandwidth/experts | c1:bw=13,experts=[3]; c9:bw=10,experts=[3]; c7:bw=16,experts=[3]; c3:bw=18,experts=[3]; c0:bw=17,experts=[3]; c6:bw=14,experts=[3]; c2:bw=31,experts=[0,1,3]; c4:bw=32,experts=[0,1,3]; c5:bw=13,experts=[3]; c8:bw=27,experts=[1,3]
   71 | 0.01000 |   0.6912 |   70.52% |   72.72% |    0:42.44
      bandwidth/experts | c4:bw=24,experts=[1,3]; c0:bw=10,experts=[3]; c1:bw=29,experts=[1,3]; c9:bw=22,experts=[1,3]; c7:bw=11,experts=[3]; c5:bw=19,experts=[3]; c3:bw=34,experts=[0,1,3]; c6:bw=28,experts=[1,3]; c8:bw=21,experts=[1,3]; c2:bw=34,experts=[0,1,3]
   72 | 0.01000 |   0.6875 |   71.10% |   72.72% |    0:41.74
      bandwidth/experts | c8:bw=16,experts=[3]; c1:bw=22,experts=[1,3]; c5:bw=24,experts=[1,3]; c7:bw=27,experts=[1,3]; c6:bw=11,experts=[3]; c0:bw=29,experts=[1,3]; c3:bw=13,experts=[3]; c2:bw=13,experts=[3]; c9:bw=21,experts=[1,3]; c4:bw=22,experts=[1,3]
   73 | 0.01000 |   0.6804 |   68.77% |   72.72% |    0:41.80
      bandwidth/experts | c2:bw=26,experts=[1,3]; c8:bw=10,experts=[3]; c3:bw=22,experts=[1,3]; c1:bw=37,experts=[0,1,3]; c5:bw=10,experts=[3]; c9:bw=29,experts=[1,3]; c0:bw=16,experts=[3]; c7:bw=20,experts=[1,3]; c6:bw=11,experts=[3]; c4:bw=23,experts=[1,3]
   74 | 0.01000 |   0.6911 |   70.81% |   72.72% |    0:42.46
      bandwidth/experts | c3:bw=10,experts=[3]; c0:bw=22,experts=[1,3]; c1:bw=15,experts=[3]; c5:bw=28,experts=[1,3]; c7:bw=36,experts=[0,1,3]; c8:bw=16,experts=[3]; c6:bw=10,experts=[3]; c2:bw=10,experts=[3]; c4:bw=26,experts=[1,3]; c9:bw=18,experts=[3]
   75 | 0.01000 |   0.6961 |   74.27% |   74.27% |    0:45.99
      bandwidth/experts | c2:bw=22,experts=[1,3]; c9:bw=34,experts=[0,1,3]; c1:bw=30,experts=[0,1,3]; c3:bw=11,experts=[3]; c7:bw=16,experts=[3]; c6:bw=31,experts=[0,1,3]; c5:bw=17,experts=[3]; c4:bw=31,experts=[0,1,3]; c0:bw=34,experts=[0,1,3]; c8:bw=30,experts=[0,1,3]
   76 | 0.01000 |   0.6911 |   74.34% |   74.34% |    0:50.75
      bandwidth/experts | c8:bw=16,experts=[3]; c5:bw=21,experts=[1,3]; c0:bw=17,experts=[3]; c3:bw=10,experts=[3]; c2:bw=14,experts=[3]; c6:bw=13,experts=[3]; c7:bw=37,experts=[0,1,3]; c4:bw=34,experts=[0,1,3]; c9:bw=32,experts=[0,1,3]; c1:bw=30,experts=[0,1,3]
   77 | 0.01000 |   0.6870 |   71.51% |   74.34% |    0:49.45
      bandwidth/experts | c9:bw=16,experts=[3]; c2:bw=19,experts=[3]; c1:bw=35,experts=[0,1,3]; c8:bw=10,experts=[3]; c4:bw=10,experts=[3]; c7:bw=10,experts=[3]; c6:bw=32,experts=[0,1,3]; c0:bw=35,experts=[0,1,3]; c3:bw=22,experts=[1,3]; c5:bw=33,experts=[0,1,3]
   78 | 0.01000 |   0.6812 |   70.06% |   74.34% |    0:48.43
      bandwidth/experts | c0:bw=15,experts=[3]; c4:bw=13,experts=[3]; c3:bw=21,experts=[1,3]; c7:bw=20,experts=[1,3]; c8:bw=30,experts=[0,1,3]; c1:bw=23,experts=[1,3]; c9:bw=17,experts=[3]; c6:bw=32,experts=[0,1,3]; c5:bw=35,experts=[0,1,3]; c2:bw=19,experts=[3]
   79 | 0.01000 |   0.6864 |   68.46% |   74.34% |    0:51.11
      bandwidth/experts | c6:bw=12,experts=[3]; c9:bw=10,experts=[3]; c0:bw=20,experts=[1,3]; c4:bw=40,experts=[0,1,2,3]; c7:bw=25,experts=[1,3]; c8:bw=25,experts=[1,3]; c5:bw=29,experts=[1,3]; c3:bw=15,experts=[3]; c1:bw=21,experts=[1,3]; c2:bw=18,experts=[3]
   80 | 0.01000 |   0.6951 |   71.68% |   74.34% |    0:46.29
      bandwidth/experts | c5:bw=36,experts=[0,1,3]; c9:bw=29,experts=[1,3]; c7:bw=26,experts=[1,3]; c1:bw=17,experts=[3]; c3:bw=17,experts=[3]; c4:bw=32,experts=[0,1,3]; c2:bw=24,experts=[1,3]; c0:bw=26,experts=[1,3]; c6:bw=22,experts=[1,3]; c8:bw=28,experts=[1,3]
   81 | 0.01000 |   0.6896 |   73.25% |   74.34% |    0:44.59
      bandwidth/experts | c6:bw=29,experts=[1,3]; c2:bw=25,experts=[1,3]; c3:bw=37,experts=[0,1,3]; c1:bw=27,experts=[1,3]; c4:bw=23,experts=[1,3]; c5:bw=17,experts=[3]; c9:bw=15,experts=[3]; c7:bw=32,experts=[0,1,3]; c8:bw=26,experts=[1,3]; c0:bw=28,experts=[1,3]
   82 | 0.01000 |   0.6839 |   73.47% |   74.34% |    0:44.70
      bandwidth/experts | c1:bw=36,experts=[0,1,3]; c0:bw=17,experts=[3]; c6:bw=20,experts=[1,3]; c8:bw=32,experts=[0,1,3]; c7:bw=22,experts=[1,3]; c3:bw=22,experts=[1,3]; c2:bw=16,experts=[3]; c9:bw=31,experts=[0,1,3]; c5:bw=22,experts=[1,3]; c4:bw=16,experts=[3]
   83 | 0.01000 |   0.6748 |   70.26% |   74.34% |    0:43.34
      bandwidth/experts | c9:bw=29,experts=[1,3]; c4:bw=10,experts=[3]; c2:bw=23,experts=[1,3]; c7:bw=21,experts=[1,3]; c5:bw=10,experts=[3]; c0:bw=10,experts=[3]; c6:bw=29,experts=[1,3]; c1:bw=35,experts=[0,1,3]; c8:bw=22,experts=[1,3]; c3:bw=24,experts=[1,3]
   84 | 0.01000 |   0.6771 |   66.11% |   74.34% |    0:41.15
      bandwidth/experts | c8:bw=37,experts=[0,1,3]; c3:bw=18,experts=[3]; c1:bw=32,experts=[0,1,3]; c6:bw=10,experts=[3]; c9:bw=11,experts=[3]; c2:bw=20,experts=[1,3]; c7:bw=26,experts=[1,3]; c5:bw=11,experts=[3]; c4:bw=15,experts=[3]; c0:bw=10,experts=[3]
   85 | 0.01000 |   0.6838 |   69.53% |   74.34% |    0:41.27
      bandwidth/experts | c0:bw=21,experts=[1,3]; c2:bw=25,experts=[1,3]; c8:bw=39,experts=[0,1,3]; c6:bw=23,experts=[1,3]; c1:bw=31,experts=[0,1,3]; c4:bw=23,experts=[1,3]; c9:bw=32,experts=[0,1,3]; c3:bw=28,experts=[1,3]; c5:bw=10,experts=[3]; c7:bw=10,experts=[3]
   86 | 0.01000 |   0.6803 |   72.82% |   74.34% |    0:41.55
      bandwidth/experts | c5:bw=26,experts=[1,3]; c8:bw=15,experts=[3]; c2:bw=13,experts=[3]; c6:bw=31,experts=[0,1,3]; c0:bw=17,experts=[3]; c4:bw=10,experts=[3]; c7:bw=24,experts=[1,3]; c3:bw=15,experts=[3]; c1:bw=40,experts=[0,1,2,3]; c9:bw=24,experts=[1,3]
   87 | 0.01000 |   0.6735 |   74.18% |   74.34% |    0:41.59
      bandwidth/experts | c1:bw=16,experts=[3]; c2:bw=37,experts=[0,1,3]; c7:bw=12,experts=[3]; c5:bw=10,experts=[3]; c6:bw=33,experts=[0,1,3]; c3:bw=38,experts=[0,1,3]; c4:bw=19,experts=[3]; c9:bw=21,experts=[1,3]; c8:bw=26,experts=[1,3]; c0:bw=19,experts=[3]
   88 | 0.01000 |   0.6735 |   71.21% |   74.34% |    0:42.03
      bandwidth/experts | c8:bw=24,experts=[1,3]; c6:bw=15,experts=[3]; c3:bw=18,experts=[3]; c7:bw=23,experts=[1,3]; c0:bw=34,experts=[0,1,3]; c4:bw=21,experts=[1,3]; c9:bw=17,experts=[3]; c1:bw=16,experts=[3]; c5:bw=17,experts=[3]; c2:bw=25,experts=[1,3]
   89 | 0.01000 |   0.6724 |   69.70% |   74.34% |    0:42.51
      bandwidth/experts | c3:bw=17,experts=[3]; c8:bw=40,experts=[0,1,2,3]; c2:bw=25,experts=[1,3]; c9:bw=34,experts=[0,1,3]; c7:bw=12,experts=[3]; c5:bw=25,experts=[1,3]; c0:bw=10,experts=[3]; c6:bw=18,experts=[3]; c4:bw=17,experts=[3]; c1:bw=23,experts=[1,3]
   90 | 0.01000 |   0.6771 |   69.91% |   74.34% |    0:42.71
      bandwidth/experts | c7:bw=40,experts=[0,1,2,3]; c1:bw=17,experts=[3]; c3:bw=20,experts=[1,3]; c9:bw=35,experts=[1,2,3]; c0:bw=35,experts=[1,2,3]; c6:bw=14,experts=[3]; c2:bw=12,experts=[3]; c5:bw=15,experts=[3]; c8:bw=28,experts=[1,3]; c4:bw=20,experts=[1,3]
   91 | 0.01000 |   0.6812 |   67.37% |   74.34% |    0:42.60
      bandwidth/experts | c1:bw=28,experts=[1,3]; c9:bw=19,experts=[3]; c5:bw=29,experts=[1,3]; c7:bw=29,experts=[1,3]; c3:bw=22,experts=[1,3]; c4:bw=30,experts=[1,2,3]; c0:bw=12,experts=[3]; c6:bw=16,experts=[3]; c2:bw=10,experts=[3]; c8:bw=13,experts=[3]
   92 | 0.01000 |   0.6832 |   71.64% |   74.34% |    0:42.44
      bandwidth/experts | c3:bw=16,experts=[3]; c7:bw=19,experts=[3]; c1:bw=11,experts=[3]; c0:bw=16,experts=[3]; c8:bw=11,experts=[3]; c6:bw=25,experts=[1,3]; c9:bw=31,experts=[1,2,3]; c2:bw=14,experts=[3]; c5:bw=37,experts=[1,2,3]; c4:bw=15,experts=[3]
   93 | 0.01000 |   0.6785 |   71.55% |   74.34% |    0:42.07
      bandwidth/experts | c1:bw=26,experts=[2,3]; c3:bw=17,experts=[3]; c7:bw=12,experts=[3]; c9:bw=32,experts=[1,2,3]; c6:bw=12,experts=[3]; c8:bw=10,experts=[3]; c5:bw=10,experts=[3]; c4:bw=18,experts=[3]; c0:bw=10,experts=[3]; c2:bw=28,experts=[2,3]
   94 | 0.01000 |   0.6704 |   70.06% |   74.34% |    0:41.89
      bandwidth/experts | c7:bw=25,experts=[2,3]; c2:bw=36,experts=[0,2,3]; c5:bw=23,experts=[2,3]; c4:bw=17,experts=[3]; c6:bw=17,experts=[3]; c9:bw=28,experts=[2,3]; c1:bw=39,experts=[0,2,3]; c8:bw=10,experts=[3]; c0:bw=31,experts=[0,2,3]; c3:bw=19,experts=[3]
   95 | 0.01000 |   0.6705 |   70.00% |   74.34% |    0:41.53
      bandwidth/experts | c7:bw=33,experts=[0,2,3]; c9:bw=23,experts=[2,3]; c4:bw=10,experts=[3]; c6:bw=22,experts=[2,3]; c0:bw=19,experts=[3]; c3:bw=23,experts=[2,3]; c1:bw=17,experts=[3]; c8:bw=40,experts=[0,1,2,3]; c2:bw=13,experts=[3]; c5:bw=10,experts=[3]
   96 | 0.01000 |   0.6716 |   67.18% |   74.34% |    0:41.55
      bandwidth/experts | c2:bw=36,experts=[0,2,3]; c9:bw=25,experts=[2,3]; c3:bw=25,experts=[2,3]; c1:bw=20,experts=[2,3]; c5:bw=33,experts=[0,2,3]; c4:bw=27,experts=[2,3]; c6:bw=17,experts=[3]; c7:bw=28,experts=[2,3]; c0:bw=20,experts=[2,3]; c8:bw=36,experts=[0,2,3]
   97 | 0.01000 |   0.6723 |   68.64% |   74.34% |    0:41.57
      bandwidth/experts | c0:bw=23,experts=[2,3]; c9:bw=24,experts=[2,3]; c8:bw=24,experts=[2,3]; c4:bw=10,experts=[3]; c7:bw=17,experts=[3]; c1:bw=28,experts=[2,3]; c3:bw=19,experts=[3]; c5:bw=26,experts=[2,3]; c6:bw=28,experts=[2,3]; c2:bw=30,experts=[0,2,3]
   98 | 0.01000 |   0.6759 |   71.86% |   74.34% |    0:41.59
      bandwidth/experts | c4:bw=29,experts=[2,3]; c8:bw=30,experts=[0,2,3]; c9:bw=15,experts=[3]; c7:bw=13,experts=[3]; c6:bw=20,experts=[2,3]; c5:bw=27,experts=[2,3]; c0:bw=19,experts=[3]; c3:bw=14,experts=[3]; c1:bw=15,experts=[3]; c2:bw=13,experts=[3]
   99 | 0.01000 |   0.6678 |   71.26% |   74.34% |    0:41.35
      bandwidth/experts | c8:bw=19,experts=[3]; c5:bw=27,experts=[2,3]; c7:bw=25,experts=[2,3]; c1:bw=33,experts=[0,2,3]; c3:bw=21,experts=[2,3]; c9:bw=11,experts=[3]; c4:bw=14,experts=[3]; c0:bw=22,experts=[2,3]; c2:bw=17,experts=[3]; c6:bw=19,experts=[3]
  100 | 0.01000 |   0.6814 |   72.15% |   74.34% |    0:41.07
      bandwidth/experts | c2:bw=17,experts=[3]; c8:bw=25,experts=[2,3]; c9:bw=29,experts=[2,3]; c5:bw=10,experts=[3]; c6:bw=25,experts=[2,3]; c1:bw=10,experts=[3]; c4:bw=36,experts=[0,2,3]; c7:bw=10,experts=[3]; c3:bw=23,experts=[2,3]; c0:bw=36,experts=[0,2,3]

Done. Best Acc: 74.34% @ round 76
Total time: 1:11:30.02
[Export] 实验目录: /userhome/cs3/duanty/FedMoE/results/20260918-152906
[Export] 每轮明细: /userhome/cs3/duanty/FedMoE/results/20260918-152906/rounds.xlsx
[Export] 总体摘要: /userhome/cs3/duanty/FedMoE/results/20260918-152906/summary.xlsx
[Plot] result = /userhome/cs3/duanty/FedMoE/results/20260918-152906
[Plot] figures -> /userhome/cs3/duanty/FedMoE/results/20260918-152906/figure
  fig01_test_accuracy.pdf
  fig02_train_loss.pdf
  fig03_acc_and_loss.pdf
  fig04_bandwidth_and_k.pdf
  fig05_expert_round_heatmap.pdf
  fig06_client_expert_heatmap.pdf
  fig07_expert_frequency.pdf
  fig08_time_breakdown.pdf
  fig09_accuracy_vs_communication.pdf
  fig10_overview.pdf
[Export] 图片目录: /userhome/cs3/duanty/FedMoE/results/20260918-152906/figure
