========================================
Job    : c10-resnet-ours-ours
Host   : gpu-4090-111
Date   : Fri Sep 18 07:09:30 HKT 2026
GPU    : 0
Python : /userhome/cs3/duanty/miniconda3/envs/moe/bin/python
Command: python -u main.py --method ours --dataset cifar10 --backbone resnet --select ours --merge ours --device cuda
========================================

==================================================================
 Ours  
  Dataset=cifar10 | beta=0.1 | Backbone=resnet | Clients=10 | Experts=4
  Select=ours | Merge=ours
  Rounds=100 | LR=0.01
  Bandwidth: expert_bw=10 | bw=[10, 40] | Rayleigh-Shannon, SNR=10 dB | k=floor(bw/10)
==================================================================


[Partition] Dirichlet beta=0.1, 10 clients
  Client 0:   6071 samples | 3/10 classes
  Client 1:  18481 samples | 7/10 classes
  Client 2:    174 samples | 3/10 classes
  Client 3:    462 samples | 3/10 classes
  Client 4:   2759 samples | 3/10 classes
  Client 5:   5740 samples | 7/10 classes
  Client 6:   1703 samples | 4/10 classes
  Client 7:   3407 samples | 7/10 classes
  Client 8:   6483 samples | 7/10 classes
  Client 9:   4720 samples | 10/10 classes

[Upload] expert_bw=10 | available bw=[10, 40] | Rayleigh-Shannon, SNR=10 dB | upload k=floor(bw/10), cap=4 | probe gate scores, then train selected experts

[Model] Total params: 12,242,024

[Export] 本次实验目录: /userhome/cs3/duanty/FedMoE/results/20260918-070936-3

Round |      LR |  AvgLoss |  TestAcc |     Best |  RoundTime
--------------------------------------------------------------------------------
    1 | 0.00208 |   1.4693 |   10.46% |   10.46% |    0:52.06
      bandwidth/experts | c8:bw=31,experts=[0,1,2]; c1:bw=16,experts=[2]; c5:bw=25,experts=[1,2]; c0:bw=10,experts=[2]; c7:bw=11,experts=[2]; c2:bw=16,experts=[2]; c9:bw=25,experts=[1,2]; c4:bw=22,experts=[1,2]; c3:bw=28,experts=[1,2]; c6:bw=23,experts=[1,2]
    2 | 0.00406 |   1.2894 |   23.99% |   23.99% |    0:49.75
      bandwidth/experts | c0:bw=20,experts=[0,2]; c1:bw=23,experts=[0,2]; c8:bw=27,experts=[0,2]; c5:bw=38,experts=[0,1,2]; c3:bw=37,experts=[0,1,2]; c4:bw=17,experts=[0]; c7:bw=31,experts=[0,1,2]; c9:bw=26,experts=[0,2]; c6:bw=10,experts=[0]; c2:bw=12,experts=[2]
    3 | 0.00604 |   1.2069 |   32.82% |   32.82% |    0:49.87
      bandwidth/experts | c9:bw=26,experts=[0,2]; c2:bw=23,experts=[0,2]; c0:bw=28,experts=[0,2]; c6:bw=22,experts=[0,2]; c8:bw=17,experts=[2]; c5:bw=10,experts=[2]; c3:bw=14,experts=[2]; c7:bw=18,experts=[2]; c1:bw=10,experts=[2]; c4:bw=29,experts=[0,2]
    4 | 0.00802 |   1.2237 |   28.73% |   32.82% |    0:50.24
      bandwidth/experts | c1:bw=22,experts=[0,2]; c7:bw=25,experts=[0,2]; c6:bw=29,experts=[0,2]; c2:bw=33,experts=[0,1,2]; c8:bw=17,experts=[0]; c0:bw=33,experts=[0,1,2]; c3:bw=19,experts=[0]; c4:bw=31,experts=[0,1,2]; c5:bw=40,experts=[0,1,2,3]; c9:bw=12,experts=[2]
    5 | 0.01000 |   1.0975 |   35.61% |   35.61% |    0:50.32
      bandwidth/experts | c1:bw=11,experts=[2]; c5:bw=22,experts=[0,2]; c4:bw=27,experts=[0,2]; c8:bw=20,experts=[0,2]; c0:bw=28,experts=[0,2]; c7:bw=14,experts=[2]; c6:bw=29,experts=[0,2]; c3:bw=35,experts=[0,1,2]; c2:bw=10,experts=[2]; c9:bw=35,experts=[0,1,2]
    6 | 0.01000 |   1.0580 |   47.10% |   47.10% |    0:49.88
      bandwidth/experts | c8:bw=37,experts=[0,1,2]; c2:bw=23,experts=[0,2]; c5:bw=15,experts=[0]; c7:bw=32,experts=[0,1,2]; c3:bw=20,experts=[0,2]; c1:bw=18,experts=[0]; c9:bw=27,experts=[0,2]; c0:bw=17,experts=[0]; c4:bw=10,experts=[0]; c6:bw=11,experts=[0]
    7 | 0.01000 |   1.0902 |   46.93% |   47.10% |    0:49.81
      bandwidth/experts | c0:bw=20,experts=[0,2]; c5:bw=27,experts=[0,2]; c2:bw=22,experts=[0,2]; c6:bw=10,experts=[0]; c3:bw=15,experts=[0]; c7:bw=17,experts=[0]; c4:bw=10,experts=[0]; c1:bw=10,experts=[0]; c8:bw=32,experts=[0,1,2]; c9:bw=10,experts=[0]
    8 | 0.01000 |   1.0542 |   54.51% |   54.51% |    0:49.89
      bandwidth/experts | c4:bw=10,experts=[0]; c8:bw=20,experts=[0,2]; c1:bw=32,experts=[0,1,2]; c3:bw=21,experts=[0,2]; c0:bw=18,experts=[0]; c5:bw=16,experts=[0]; c2:bw=30,experts=[0,1,2]; c9:bw=33,experts=[0,1,2]; c7:bw=10,experts=[0]; c6:bw=23,experts=[0,2]
    9 | 0.01000 |   1.0096 |   50.85% |   54.51% |    0:49.83
      bandwidth/experts | c2:bw=12,experts=[0]; c0:bw=29,experts=[0,2]; c4:bw=33,experts=[0,1,2]; c9:bw=15,experts=[0]; c8:bw=10,experts=[0]; c6:bw=17,experts=[0]; c7:bw=25,experts=[0,2]; c5:bw=29,experts=[0,2]; c1:bw=10,experts=[0]; c3:bw=13,experts=[0]
   10 | 0.01000 |   0.9986 |   57.08% |   57.08% |    0:49.79
      bandwidth/experts | c4:bw=20,experts=[0,2]; c2:bw=19,experts=[0]; c7:bw=21,experts=[0,2]; c0:bw=33,experts=[0,1,2]; c6:bw=36,experts=[0,1,2]; c3:bw=26,experts=[0,2]; c5:bw=32,experts=[0,1,2]; c8:bw=20,experts=[0,2]; c9:bw=20,experts=[0,2]; c1:bw=23,experts=[0,2]
   11 | 0.01000 |   0.9746 |   56.33% |   57.08% |    0:49.83
      bandwidth/experts | c5:bw=15,experts=[0]; c2:bw=15,experts=[0]; c7:bw=24,experts=[0,2]; c3:bw=28,experts=[0,2]; c0:bw=16,experts=[0]; c8:bw=22,experts=[0,2]; c9:bw=18,experts=[0]; c6:bw=31,experts=[0,1,2]; c1:bw=22,experts=[0,2]; c4:bw=10,experts=[0]
   12 | 0.01000 |   0.9640 |   59.07% |   59.07% |    0:49.91
      bandwidth/experts | c1:bw=24,experts=[0,2]; c5:bw=31,experts=[0,1,2]; c2:bw=32,experts=[0,1,2]; c4:bw=16,experts=[0]; c3:bw=19,experts=[0]; c7:bw=16,experts=[0]; c9:bw=23,experts=[0,2]; c6:bw=16,experts=[0]; c8:bw=31,experts=[0,1,2]; c0:bw=27,experts=[0,2]
   13 | 0.01000 |   0.9445 |   59.04% |   59.07% |    0:49.62
      bandwidth/experts | c3:bw=17,experts=[0]; c1:bw=26,experts=[0,2]; c4:bw=10,experts=[0]; c5:bw=16,experts=[0]; c8:bw=10,experts=[0]; c6:bw=20,experts=[0,2]; c9:bw=10,experts=[0]; c7:bw=32,experts=[0,1,2]; c0:bw=14,experts=[0]; c2:bw=10,experts=[0]
   14 | 0.01000 |   0.9346 |   63.81% |   63.81% |    0:49.59
      bandwidth/experts | c2:bw=25,experts=[0,2]; c4:bw=10,experts=[0]; c5:bw=36,experts=[0,1,2]; c1:bw=21,experts=[0,2]; c7:bw=14,experts=[0]; c0:bw=14,experts=[0]; c9:bw=18,experts=[0]; c3:bw=25,experts=[0,2]; c8:bw=12,experts=[0]; c6:bw=37,experts=[0,1,2]
   15 | 0.01000 |   0.9235 |   63.52% |   63.81% |    0:49.54
      bandwidth/experts | c7:bw=33,experts=[0,1,2]; c0:bw=11,experts=[0]; c1:bw=10,experts=[0]; c8:bw=29,experts=[0,2]; c3:bw=10,experts=[0]; c2:bw=29,experts=[0,2]; c4:bw=26,experts=[0,2]; c5:bw=10,experts=[0]; c9:bw=11,experts=[0]; c6:bw=18,experts=[0]
   16 | 0.01000 |   0.9129 |   62.68% |   63.81% |    0:49.66
      bandwidth/experts | c6:bw=22,experts=[0,2]; c1:bw=16,experts=[0]; c3:bw=24,experts=[0,2]; c8:bw=27,experts=[0,2]; c7:bw=12,experts=[0]; c5:bw=22,experts=[0,2]; c4:bw=20,experts=[0,2]; c9:bw=13,experts=[0]; c0:bw=32,experts=[0,1,2]; c2:bw=29,experts=[0,2]
   17 | 0.01000 |   0.9052 |   63.74% |   63.81% |    0:49.47
      bandwidth/experts | c4:bw=32,experts=[0,1,2]; c7:bw=14,experts=[0]; c8:bw=10,experts=[0]; c3:bw=29,experts=[0,2]; c5:bw=10,experts=[0]; c1:bw=16,experts=[0]; c0:bw=10,experts=[0]; c2:bw=11,experts=[0]; c9:bw=21,experts=[0,2]; c6:bw=21,experts=[0,2]
   18 | 0.01000 |   0.9061 |   66.11% |   66.11% |    0:49.53
      bandwidth/experts | c1:bw=10,experts=[0]; c8:bw=10,experts=[0]; c5:bw=19,experts=[0]; c2:bw=21,experts=[0,2]; c9:bw=10,experts=[0]; c7:bw=30,experts=[0,1,2]; c4:bw=31,experts=[0,1,2]; c3:bw=21,experts=[0,2]; c0:bw=27,experts=[0,2]; c6:bw=17,experts=[0]
   19 | 0.01000 |   0.8997 |   64.72% |   66.11% |    0:49.44
      bandwidth/experts | c8:bw=31,experts=[0,1,2]; c0:bw=23,experts=[0,2]; c4:bw=28,experts=[0,2]; c1:bw=26,experts=[0,2]; c9:bw=21,experts=[0,2]; c5:bw=16,experts=[0]; c7:bw=12,experts=[0]; c2:bw=10,experts=[0]; c6:bw=36,experts=[0,1,2]; c3:bw=22,experts=[0,2]
   20 | 0.01000 |   0.8836 |   66.36% |   66.36% |    0:49.31
      bandwidth/experts | c0:bw=15,experts=[0]; c2:bw=23,experts=[0,2]; c1:bw=22,experts=[0,2]; c9:bw=10,experts=[0]; c7:bw=24,experts=[0,2]; c6:bw=38,experts=[0,1,2]; c3:bw=10,experts=[0]; c5:bw=10,experts=[0]; c4:bw=33,experts=[0,1,2]; c8:bw=28,experts=[0,2]
   21 | 0.01000 |   0.8810 |   67.03% |   67.03% |    0:49.53
      bandwidth/experts | c1:bw=23,experts=[0,2]; c2:bw=22,experts=[0,2]; c7:bw=10,experts=[0]; c4:bw=26,experts=[0,2]; c8:bw=10,experts=[0]; c5:bw=18,experts=[0]; c0:bw=37,experts=[0,1,2]; c3:bw=10,experts=[0]; c6:bw=10,experts=[0]; c9:bw=14,experts=[0]
   22 | 0.01000 |   0.8751 |   66.90% |   67.03% |    0:49.55
      bandwidth/experts | c7:bw=10,experts=[0]; c9:bw=18,experts=[0]; c1:bw=10,experts=[0]; c6:bw=34,experts=[0,1,2]; c5:bw=10,experts=[0]; c2:bw=37,experts=[0,1,2]; c0:bw=37,experts=[0,1,2]; c4:bw=20,experts=[0,2]; c3:bw=31,experts=[0,1,2]; c8:bw=18,experts=[0]
   23 | 0.01000 |   0.8736 |   68.33% |   68.33% |    0:49.54
      bandwidth/experts | c5:bw=29,experts=[0,2]; c7:bw=10,experts=[0]; c4:bw=31,experts=[0,1,2]; c6:bw=10,experts=[0]; c9:bw=28,experts=[0,2]; c8:bw=19,experts=[0]; c3:bw=10,experts=[0]; c1:bw=34,experts=[0,1,2]; c2:bw=18,experts=[0]; c0:bw=10,experts=[0]
   24 | 0.01000 |   0.8689 |   66.22% |   68.33% |    0:49.25
      bandwidth/experts | c6:bw=17,experts=[0]; c4:bw=10,experts=[0]; c7:bw=10,experts=[0]; c9:bw=28,experts=[0,2]; c2:bw=24,experts=[0,2]; c1:bw=10,experts=[0]; c5:bw=14,experts=[0]; c8:bw=10,experts=[0]; c3:bw=10,experts=[0]; c0:bw=17,experts=[0]
   25 | 0.01000 |   0.8623 |   69.69% |   69.69% |    0:49.47
      bandwidth/experts | c9:bw=22,experts=[0,2]; c6:bw=10,experts=[0]; c4:bw=32,experts=[0,1,2]; c3:bw=10,experts=[0]; c5:bw=35,experts=[0,1,2]; c1:bw=27,experts=[0,2]; c8:bw=30,experts=[0,1,2]; c2:bw=10,experts=[0]; c0:bw=31,experts=[0,1,2]; c7:bw=22,experts=[0,2]
   26 | 0.01000 |   0.8611 |   69.43% |   69.69% |    0:49.26
      bandwidth/experts | c3:bw=25,experts=[0,2]; c6:bw=19,experts=[0]; c9:bw=28,experts=[0,2]; c7:bw=17,experts=[0]; c1:bw=18,experts=[0]; c5:bw=11,experts=[0]; c2:bw=17,experts=[0]; c8:bw=30,experts=[0,1,2]; c0:bw=10,experts=[0]; c4:bw=26,experts=[0,2]
   27 | 0.01000 |   0.8541 |   70.08% |   70.08% |    0:49.46
      bandwidth/experts | c7:bw=29,experts=[0,2]; c1:bw=34,experts=[0,1,2]; c4:bw=10,experts=[0]; c0:bw=20,experts=[0,2]; c9:bw=10,experts=[0]; c2:bw=11,experts=[0]; c8:bw=31,experts=[0,1,2]; c3:bw=12,experts=[0]; c6:bw=35,experts=[0,1,2]; c5:bw=20,experts=[0,2]
   28 | 0.01000 |   0.8517 |   70.60% |   70.60% |    0:49.23
      bandwidth/experts | c6:bw=16,experts=[0]; c9:bw=27,experts=[0,2]; c0:bw=26,experts=[0,2]; c8:bw=16,experts=[0]; c2:bw=10,experts=[0]; c5:bw=18,experts=[0]; c1:bw=14,experts=[0]; c3:bw=10,experts=[0]; c4:bw=10,experts=[0]; c7:bw=10,experts=[0]
   29 | 0.01000 |   0.8497 |   70.05% |   70.60% |    0:49.32
      bandwidth/experts | c4:bw=21,experts=[0,2]; c0:bw=24,experts=[0,2]; c1:bw=18,experts=[0]; c9:bw=24,experts=[0,2]; c6:bw=24,experts=[0,2]; c8:bw=19,experts=[0]; c7:bw=12,experts=[0]; c3:bw=18,experts=[0]; c2:bw=10,experts=[0]; c5:bw=19,experts=[0]
   30 | 0.01000 |   0.8424 |   69.12% |   70.60% |    0:49.35
      bandwidth/experts | c5:bw=34,experts=[0,1,2]; c1:bw=20,experts=[0,2]; c9:bw=30,experts=[0,2,3]; c4:bw=29,experts=[0,2]; c0:bw=10,experts=[0]; c8:bw=23,experts=[0,2]; c6:bw=10,experts=[0]; c7:bw=10,experts=[0]; c3:bw=33,experts=[0,1,2]; c2:bw=15,experts=[0]
   31 | 0.01000 |   0.8426 |   72.13% |   72.13% |    0:49.38
      bandwidth/experts | c6:bw=16,experts=[0]; c4:bw=11,experts=[0]; c9:bw=25,experts=[0,2]; c1:bw=17,experts=[0]; c5:bw=34,experts=[0,1,2]; c8:bw=18,experts=[0]; c3:bw=13,experts=[0]; c2:bw=10,experts=[0]; c0:bw=26,experts=[0,2]; c7:bw=35,experts=[0,1,2]
   32 | 0.01000 |   0.8363 |   72.35% |   72.35% |    0:49.24
      bandwidth/experts | c8:bw=12,experts=[0]; c5:bw=20,experts=[0,2]; c4:bw=27,experts=[0,2]; c7:bw=26,experts=[0,2]; c0:bw=25,experts=[0,2]; c1:bw=12,experts=[0]; c3:bw=16,experts=[0]; c6:bw=15,experts=[0]; c2:bw=30,experts=[0,1,2]; c9:bw=17,experts=[0]
   33 | 0.01000 |   0.8334 |   71.93% |   72.35% |    0:49.52
      bandwidth/experts | c7:bw=29,experts=[0,2]; c1:bw=19,experts=[0]; c3:bw=39,experts=[0,1,2]; c6:bw=20,experts=[0,2]; c5:bw=16,experts=[0]; c9:bw=23,experts=[0,2]; c2:bw=13,experts=[0]; c8:bw=28,experts=[0,2]; c4:bw=25,experts=[0,2]; c0:bw=35,experts=[0,1,2]
   34 | 0.01000 |   0.8310 |   73.52% |   73.52% |    0:49.59
      bandwidth/experts | c4:bw=26,experts=[0,2]; c1:bw=26,experts=[0,2]; c6:bw=27,experts=[0,2]; c9:bw=38,experts=[0,2,3]; c8:bw=23,experts=[0,2]; c0:bw=12,experts=[0]; c5:bw=33,experts=[0,1,2]; c7:bw=18,experts=[0]; c3:bw=40,experts=[0,1,2,3]; c2:bw=30,experts=[0,1,2]
   35 | 0.01000 |   0.8282 |   72.77% |   73.52% |    0:49.44
      bandwidth/experts | c4:bw=18,experts=[0]; c0:bw=11,experts=[0]; c1:bw=17,experts=[0]; c6:bw=24,experts=[0,2]; c2:bw=25,experts=[0,2]; c8:bw=28,experts=[0,2]; c9:bw=15,experts=[0]; c7:bw=27,experts=[0,2]; c5:bw=23,experts=[0,2]; c3:bw=13,experts=[0]
   36 | 0.01000 |   0.8195 |   73.27% |   73.52% |    0:49.57
      bandwidth/experts | c9:bw=21,experts=[0,2]; c0:bw=20,experts=[0,2]; c3:bw=33,experts=[0,1,2]; c7:bw=15,experts=[0]; c6:bw=24,experts=[0,2]; c5:bw=27,experts=[0,2]; c1:bw=10,experts=[0]; c4:bw=40,experts=[0,1,2,3]; c8:bw=28,experts=[0,2]; c2:bw=28,experts=[0,2]
   37 | 0.01000 |   0.8170 |   74.09% |   74.09% |    0:49.68
      bandwidth/experts | c1:bw=10,experts=[0]; c5:bw=22,experts=[0,2]; c2:bw=20,experts=[0,2]; c6:bw=36,experts=[0,1,2]; c4:bw=22,experts=[0,2]; c7:bw=23,experts=[0,2]; c9:bw=22,experts=[0,2]; c0:bw=30,experts=[0,1,2]; c3:bw=20,experts=[0,2]; c8:bw=10,experts=[0]
   38 | 0.01000 |   0.8205 |   74.40% |   74.40% |    0:49.84
      bandwidth/experts | c8:bw=25,experts=[0,2]; c6:bw=10,experts=[0]; c4:bw=29,experts=[0,2]; c1:bw=17,experts=[0]; c5:bw=10,experts=[0]; c2:bw=10,experts=[0]; c3:bw=21,experts=[0,2]; c7:bw=28,experts=[0,2]; c9:bw=14,experts=[0]; c0:bw=22,experts=[0,2]
   39 | 0.01000 |   0.8111 |   73.39% |   74.40% |    0:49.82
      bandwidth/experts | c3:bw=14,experts=[0]; c0:bw=10,experts=[0]; c1:bw=25,experts=[0,2]; c7:bw=22,experts=[0,2]; c6:bw=17,experts=[0]; c8:bw=25,experts=[0,2]; c2:bw=20,experts=[0,2]; c4:bw=20,experts=[0,2]; c9:bw=13,experts=[0]; c5:bw=40,experts=[0,1,2,3]
   40 | 0.01000 |   0.8103 |   74.58% |   74.58% |    0:49.73
      bandwidth/experts | c8:bw=14,experts=[0]; c1:bw=23,experts=[0,2]; c5:bw=18,experts=[0]; c6:bw=26,experts=[0,2]; c2:bw=36,experts=[0,1,2]; c7:bw=37,experts=[0,1,2]; c3:bw=10,experts=[0]; c4:bw=11,experts=[0]; c9:bw=22,experts=[0,2]; c0:bw=20,experts=[0,2]
   41 | 0.01000 |   0.8057 |   73.67% |   74.58% |    0:49.62
      bandwidth/experts | c2:bw=30,experts=[0,1,2]; c6:bw=10,experts=[0]; c8:bw=31,experts=[0,1,2]; c1:bw=10,experts=[0]; c4:bw=28,experts=[0,2]; c5:bw=34,experts=[0,1,2]; c7:bw=38,experts=[0,1,2]; c3:bw=22,experts=[0,2]; c9:bw=30,experts=[0,2,3]; c0:bw=10,experts=[0]
   42 | 0.01000 |   0.8112 |   74.99% |   74.99% |    0:49.86
      bandwidth/experts | c5:bw=28,experts=[0,2]; c1:bw=27,experts=[0,2]; c3:bw=27,experts=[0,2]; c9:bw=28,experts=[0,2]; c6:bw=19,experts=[0]; c0:bw=10,experts=[0]; c7:bw=11,experts=[0]; c4:bw=30,experts=[0,1,2]; c8:bw=23,experts=[0,2]; c2:bw=22,experts=[0,2]
   43 | 0.01000 |   0.7981 |   75.54% |   75.54% |    0:49.85
      bandwidth/experts | c5:bw=29,experts=[0,2]; c1:bw=32,experts=[0,1,2]; c2:bw=28,experts=[0,2]; c8:bw=25,experts=[0,2]; c9:bw=18,experts=[0]; c7:bw=12,experts=[0]; c4:bw=19,experts=[0]; c6:bw=10,experts=[0]; c3:bw=36,experts=[0,1,2]; c0:bw=12,experts=[0]
   44 | 0.01000 |   0.7962 |   76.07% |   76.07% |    0:49.81
      bandwidth/experts | c0:bw=37,experts=[0,1,2]; c3:bw=26,experts=[0,2]; c4:bw=16,experts=[0]; c2:bw=20,experts=[0,2]; c7:bw=40,experts=[0,1,2,3]; c5:bw=13,experts=[0]; c6:bw=11,experts=[0]; c9:bw=21,experts=[0,2]; c8:bw=19,experts=[0]; c1:bw=25,experts=[0,2]
   45 | 0.01000 |   0.7931 |   76.21% |   76.21% |    0:49.84
      bandwidth/experts | c8:bw=31,experts=[0,1,2]; c0:bw=20,experts=[0,2]; c3:bw=37,experts=[0,1,2]; c4:bw=36,experts=[0,1,2]; c7:bw=20,experts=[0,2]; c2:bw=27,experts=[0,2]; c9:bw=14,experts=[0]; c6:bw=10,experts=[0]; c5:bw=25,experts=[0,2]; c1:bw=31,experts=[0,1,2]
   46 | 0.01000 |   0.7908 |   76.84% |   76.84% |    0:49.89
      bandwidth/experts | c9:bw=20,experts=[0,2]; c3:bw=15,experts=[0]; c6:bw=21,experts=[0,2]; c1:bw=23,experts=[0,2]; c4:bw=35,experts=[0,1,2]; c5:bw=23,experts=[0,2]; c2:bw=32,experts=[0,1,2]; c8:bw=22,experts=[0,2]; c0:bw=30,experts=[0,1,2]; c7:bw=16,experts=[0]
   47 | 0.01000 |   0.7910 |   77.27% |   77.27% |    0:49.81
      bandwidth/experts | c5:bw=29,experts=[0,2]; c6:bw=12,experts=[0]; c7:bw=29,experts=[0,2]; c9:bw=10,experts=[0]; c8:bw=22,experts=[0,2]; c3:bw=39,experts=[0,1,2]; c4:bw=10,experts=[0]; c0:bw=25,experts=[0,2]; c1:bw=17,experts=[0]; c2:bw=30,experts=[0,1,2]
   48 | 0.01000 |   0.7873 |   75.72% |   77.27% |    0:50.04
      bandwidth/experts | c1:bw=28,experts=[0,2]; c8:bw=28,experts=[0,2]; c4:bw=37,experts=[0,1,2]; c2:bw=31,experts=[0,1,2]; c9:bw=29,experts=[0,2]; c6:bw=25,experts=[0,2]; c5:bw=31,experts=[0,1,2]; c7:bw=35,experts=[0,1,2]; c0:bw=10,experts=[0]; c3:bw=10,experts=[0]
   49 | 0.01000 |   0.7851 |   77.80% |   77.80% |    0:50.09
      bandwidth/experts | c4:bw=27,experts=[0,2]; c3:bw=18,experts=[0]; c8:bw=15,experts=[0]; c0:bw=11,experts=[0]; c2:bw=32,experts=[0,1,2]; c5:bw=31,experts=[0,1,2]; c6:bw=10,experts=[0]; c7:bw=24,experts=[0,2]; c9:bw=29,experts=[0,2]; c1:bw=30,experts=[0,1,2]
   50 | 0.01000 |   0.7827 |   76.57% |   77.80% |    0:50.06
      bandwidth/experts | c8:bw=18,experts=[0]; c4:bw=10,experts=[0]; c7:bw=19,experts=[0]; c6:bw=38,experts=[0,1,2]; c2:bw=35,experts=[0,1,2]; c1:bw=36,experts=[0,1,2]; c3:bw=22,experts=[0,2]; c0:bw=16,experts=[0]; c9:bw=15,experts=[0]; c5:bw=17,experts=[0]
   51 | 0.01000 |   0.7834 |   78.90% |   78.90% |    0:50.04
      bandwidth/experts | c5:bw=26,experts=[0,2]; c0:bw=30,experts=[0,1,2]; c1:bw=12,experts=[0]; c2:bw=11,experts=[0]; c8:bw=26,experts=[0,2]; c6:bw=29,experts=[0,2]; c9:bw=10,experts=[0]; c3:bw=31,experts=[0,1,2]; c4:bw=10,experts=[0]; c7:bw=15,experts=[0]
   52 | 0.01000 |   0.7785 |   78.00% |   78.90% |    0:50.09
      bandwidth/experts | c0:bw=26,experts=[0,2]; c8:bw=10,experts=[0]; c5:bw=13,experts=[0]; c7:bw=19,experts=[0]; c1:bw=22,experts=[0,2]; c4:bw=18,experts=[0]; c9:bw=17,experts=[0]; c6:bw=28,experts=[0,2]; c2:bw=16,experts=[0]; c3:bw=24,experts=[0,2]
   53 | 0.01000 |   0.7768 |   76.84% |   78.90% |    0:50.03
      bandwidth/experts | c8:bw=12,experts=[0]; c4:bw=16,experts=[0]; c5:bw=24,experts=[0,2]; c1:bw=33,experts=[0,1,2]; c3:bw=26,experts=[0,2]; c9:bw=34,experts=[0,2,3]; c6:bw=20,experts=[0,2]; c7:bw=24,experts=[0,2]; c0:bw=21,experts=[0,2]; c2:bw=29,experts=[0,2]
   54 | 0.01000 |   0.7737 |   77.27% |   78.90% |    0:50.07
      bandwidth/experts | c2:bw=10,experts=[0]; c1:bw=29,experts=[0,2]; c8:bw=31,experts=[0,1,2]; c7:bw=34,experts=[0,1,2]; c3:bw=17,experts=[0]; c0:bw=20,experts=[0,2]; c6:bw=30,experts=[0,1,2]; c5:bw=10,experts=[0]; c9:bw=28,experts=[0,2]; c4:bw=18,experts=[0]
   55 | 0.01000 |   0.7718 |   78.05% |   78.90% |    0:51.15
      bandwidth/experts | c7:bw=30,experts=[0,1,2]; c2:bw=23,experts=[0,2]; c4:bw=10,experts=[0]; c3:bw=29,experts=[0,2]; c8:bw=10,experts=[0]; c5:bw=29,experts=[0,2]; c1:bw=33,experts=[0,1,2]; c6:bw=23,experts=[0,2]; c0:bw=15,experts=[0]; c9:bw=34,experts=[0,1,2]
   56 | 0.01000 |   0.7690 |   78.28% |   78.90% |    0:56.30
      bandwidth/experts | c9:bw=29,experts=[0,2]; c1:bw=31,experts=[0,1,2]; c3:bw=10,experts=[0]; c2:bw=29,experts=[0,2]; c5:bw=17,experts=[0]; c4:bw=10,experts=[0]; c8:bw=10,experts=[0]; c7:bw=10,experts=[0]; c6:bw=13,experts=[0]; c0:bw=39,experts=[0,1,2]
   57 | 0.01000 |   0.7717 |   78.59% |   78.90% |    0:55.35
      bandwidth/experts | c3:bw=35,experts=[0,1,2]; c8:bw=24,experts=[0,2]; c6:bw=27,experts=[0,2]; c1:bw=27,experts=[0,2]; c7:bw=38,experts=[0,1,2]; c0:bw=39,experts=[0,1,2]; c5:bw=24,experts=[0,2]; c4:bw=23,experts=[0,2]; c2:bw=18,experts=[0]; c9:bw=11,experts=[0]
   58 | 0.01000 |   0.7700 |   78.26% |   78.90% |    0:53.58
      bandwidth/experts | c7:bw=13,experts=[0]; c2:bw=10,experts=[0]; c9:bw=32,experts=[0,2,3]; c6:bw=30,experts=[0,1,2]; c5:bw=19,experts=[0]; c1:bw=17,experts=[0]; c8:bw=22,experts=[0,2]; c4:bw=21,experts=[0,2]; c3:bw=34,experts=[0,1,2]; c0:bw=26,experts=[0,2]
   59 | 0.01000 |   0.7687 |   78.80% |   78.90% |    0:53.57
      bandwidth/experts | c2:bw=20,experts=[0,2]; c8:bw=31,experts=[0,1,2]; c9:bw=15,experts=[0]; c6:bw=11,experts=[0]; c1:bw=36,experts=[0,1,2]; c4:bw=14,experts=[0]; c7:bw=15,experts=[0]; c5:bw=18,experts=[0]; c0:bw=29,experts=[0,2]; c3:bw=20,experts=[0,2]
   60 | 0.01000 |   0.7671 |   78.92% |   78.92% |    0:53.60
      bandwidth/experts | c0:bw=29,experts=[0,2]; c7:bw=26,experts=[0,2]; c4:bw=17,experts=[0]; c2:bw=17,experts=[0]; c5:bw=18,experts=[0]; c8:bw=14,experts=[0]; c6:bw=33,experts=[0,1,2]; c9:bw=10,experts=[0]; c1:bw=30,experts=[0,1,2]; c3:bw=24,experts=[0,2]
   61 | 0.01000 |   0.7616 |   78.91% |   78.92% |    0:53.70
      bandwidth/experts | c5:bw=27,experts=[0,2]; c6:bw=21,experts=[0,2]; c2:bw=16,experts=[0]; c9:bw=21,experts=[0,2]; c1:bw=19,experts=[0]; c3:bw=24,experts=[0,2]; c8:bw=31,experts=[0,1,2]; c4:bw=21,experts=[0,2]; c7:bw=24,experts=[0,2]; c0:bw=33,experts=[0,2,3]
   62 | 0.01000 |   0.7603 |   77.46% |   78.92% |    0:54.15
      bandwidth/experts | c8:bw=10,experts=[0]; c6:bw=35,experts=[0,1,2]; c9:bw=10,experts=[0]; c4:bw=33,experts=[0,1,2]; c5:bw=37,experts=[0,1,2]; c0:bw=16,experts=[0]; c3:bw=29,experts=[0,2]; c2:bw=23,experts=[0,2]; c1:bw=40,experts=[0,1,2,3]; c7:bw=25,experts=[0,2]
   63 | 0.01000 |   0.7583 |   78.97% |   78.97% |    0:55.31
      bandwidth/experts | c5:bw=10,experts=[0]; c9:bw=12,experts=[0]; c6:bw=19,experts=[0]; c3:bw=29,experts=[0,2]; c8:bw=18,experts=[0]; c1:bw=28,experts=[0,2]; c7:bw=38,experts=[0,1,2]; c0:bw=23,experts=[0,2]; c2:bw=15,experts=[0]; c4:bw=29,experts=[0,2]
   64 | 0.01000 |   0.7533 |   78.37% |   78.97% |    0:54.33
      bandwidth/experts | c6:bw=28,experts=[0,2]; c4:bw=21,experts=[0,2]; c5:bw=13,experts=[0]; c3:bw=21,experts=[0,2]; c7:bw=19,experts=[0]; c0:bw=18,experts=[0]; c8:bw=30,experts=[0,1,2]; c9:bw=33,experts=[0,2,3]; c2:bw=31,experts=[0,1,2]; c1:bw=16,experts=[0]
   65 | 0.01000 |   0.7556 |   78.11% |   78.97% |    0:54.96
      bandwidth/experts | c7:bw=10,experts=[0]; c5:bw=16,experts=[0]; c4:bw=32,experts=[0,1,2]; c6:bw=28,experts=[0,2]; c8:bw=37,experts=[0,1,2]; c3:bw=24,experts=[0,2]; c0:bw=23,experts=[0,2]; c2:bw=16,experts=[0]; c1:bw=32,experts=[0,1,2]; c9:bw=26,experts=[0,2]
   66 | 0.01000 |   0.7594 |   78.74% |   78.97% |    0:59.16
      bandwidth/experts | c2:bw=23,experts=[0,2]; c5:bw=10,experts=[0]; c1:bw=30,experts=[0,1,2]; c8:bw=13,experts=[0]; c9:bw=17,experts=[0]; c6:bw=16,experts=[0]; c4:bw=23,experts=[0,2]; c0:bw=21,experts=[0,2]; c3:bw=37,experts=[0,1,2]; c7:bw=28,experts=[0,2]
   67 | 0.01000 |   0.7499 |   78.49% |   78.97% |    1:03.18
      bandwidth/experts | c4:bw=28,experts=[0,2]; c5:bw=27,experts=[0,2]; c1:bw=20,experts=[0,2]; c3:bw=14,experts=[0]; c6:bw=29,experts=[0,2]; c0:bw=18,experts=[0]; c2:bw=24,experts=[0,2]; c9:bw=33,experts=[0,2,3]; c7:bw=33,experts=[0,1,2]; c8:bw=10,experts=[0]
   68 | 0.01000 |   0.7493 |   79.41% |   79.41% |    0:59.00
      bandwidth/experts | c1:bw=23,experts=[0,2]; c8:bw=17,experts=[0]; c2:bw=32,experts=[0,1,2]; c0:bw=17,experts=[0]; c3:bw=14,experts=[0]; c4:bw=27,experts=[0,2]; c5:bw=25,experts=[0,2]; c9:bw=10,experts=[0]; c7:bw=15,experts=[0]; c6:bw=18,experts=[0]
   69 | 0.01000 |   0.7460 |   79.48% |   79.48% |    0:54.68
      bandwidth/experts | c3:bw=23,experts=[0,2]; c7:bw=32,experts=[0,1,2]; c1:bw=17,experts=[0]; c4:bw=23,experts=[0,2]; c9:bw=20,experts=[0,2]; c5:bw=22,experts=[0,2]; c0:bw=29,experts=[0,2]; c2:bw=37,experts=[0,1,2]; c8:bw=23,experts=[0,2]; c6:bw=15,experts=[0]
   70 | 0.01000 |   0.7471 |   78.80% |   79.48% |    0:55.41
      bandwidth/experts | c1:bw=13,experts=[0]; c9:bw=10,experts=[0]; c7:bw=16,experts=[0]; c3:bw=18,experts=[0]; c0:bw=17,experts=[0]; c6:bw=14,experts=[0]; c2:bw=31,experts=[0,1,2]; c4:bw=32,experts=[0,1,2]; c5:bw=13,experts=[0]; c8:bw=27,experts=[0,2]
   71 | 0.01000 |   0.7445 |   79.11% |   79.48% |    0:55.23
      bandwidth/experts | c4:bw=24,experts=[0,2]; c0:bw=10,experts=[0]; c1:bw=29,experts=[0,2]; c9:bw=22,experts=[0,2]; c7:bw=11,experts=[0]; c5:bw=19,experts=[0]; c3:bw=34,experts=[0,1,2]; c6:bw=28,experts=[0,2]; c8:bw=21,experts=[0,2]; c2:bw=34,experts=[0,1,2]
   72 | 0.01000 |   0.7442 |   78.73% |   79.48% |    0:54.67
      bandwidth/experts | c8:bw=16,experts=[0]; c1:bw=22,experts=[0,2]; c5:bw=24,experts=[0,2]; c7:bw=27,experts=[0,2]; c6:bw=11,experts=[0]; c0:bw=29,experts=[0,2]; c3:bw=13,experts=[0]; c2:bw=13,experts=[0]; c9:bw=21,experts=[0,2]; c4:bw=22,experts=[0,2]
   73 | 0.01000 |   0.7413 |   79.64% |   79.64% |    0:55.82
      bandwidth/experts | c2:bw=26,experts=[0,2]; c8:bw=10,experts=[0]; c3:bw=22,experts=[0,2]; c1:bw=37,experts=[0,1,2]; c5:bw=10,experts=[0]; c9:bw=29,experts=[0,2]; c0:bw=16,experts=[0]; c7:bw=20,experts=[0,2]; c6:bw=11,experts=[0]; c4:bw=23,experts=[0,2]
   74 | 0.01000 |   0.7366 |   79.75% |   79.75% |    0:56.63
      bandwidth/experts | c3:bw=10,experts=[0]; c0:bw=22,experts=[0,2]; c1:bw=15,experts=[0]; c5:bw=28,experts=[0,2]; c7:bw=36,experts=[0,1,2]; c8:bw=16,experts=[0]; c6:bw=10,experts=[0]; c2:bw=10,experts=[0]; c4:bw=26,experts=[0,2]; c9:bw=18,experts=[0]
   75 | 0.01000 |   0.7387 |   79.51% |   79.75% |    0:56.46
      bandwidth/experts | c2:bw=22,experts=[0,2]; c9:bw=34,experts=[0,1,2]; c1:bw=30,experts=[0,2,3]; c3:bw=11,experts=[0]; c7:bw=16,experts=[0]; c6:bw=31,experts=[0,1,2]; c5:bw=17,experts=[0]; c4:bw=31,experts=[0,1,2]; c0:bw=34,experts=[0,1,2]; c8:bw=30,experts=[0,1,2]
   76 | 0.01000 |   0.7328 |   79.64% |   79.75% |    0:54.07
      bandwidth/experts | c8:bw=16,experts=[0]; c5:bw=21,experts=[0,2]; c0:bw=17,experts=[0]; c3:bw=10,experts=[0]; c2:bw=14,experts=[0]; c6:bw=13,experts=[0]; c7:bw=37,experts=[0,1,2]; c4:bw=34,experts=[0,1,2]; c9:bw=32,experts=[0,2,3]; c1:bw=30,experts=[0,1,2]
   77 | 0.01000 |   0.7359 |   79.49% |   79.75% |    0:55.14
      bandwidth/experts | c9:bw=16,experts=[0]; c2:bw=19,experts=[0]; c1:bw=35,experts=[0,1,2]; c8:bw=10,experts=[0]; c4:bw=10,experts=[0]; c7:bw=10,experts=[0]; c6:bw=32,experts=[0,1,2]; c0:bw=35,experts=[0,1,2]; c3:bw=22,experts=[0,2]; c5:bw=33,experts=[0,1,2]
   78 | 0.01000 |   0.7325 |   80.02% |   80.02% |    0:55.23
      bandwidth/experts | c0:bw=15,experts=[0]; c4:bw=13,experts=[0]; c3:bw=21,experts=[0,2]; c7:bw=20,experts=[0,2]; c8:bw=30,experts=[0,1,2]; c1:bw=23,experts=[0,2]; c9:bw=17,experts=[0]; c6:bw=32,experts=[0,1,2]; c5:bw=35,experts=[0,1,2]; c2:bw=19,experts=[0]
   79 | 0.01000 |   0.7308 |   80.19% |   80.19% |    0:55.99
      bandwidth/experts | c6:bw=12,experts=[0]; c9:bw=10,experts=[0]; c0:bw=20,experts=[0,2]; c4:bw=40,experts=[0,1,2,3]; c7:bw=25,experts=[0,2]; c8:bw=25,experts=[0,2]; c5:bw=29,experts=[0,2]; c3:bw=15,experts=[0]; c1:bw=21,experts=[0,2]; c2:bw=18,experts=[0]
   80 | 0.01000 |   0.7310 |   80.44% |   80.44% |    0:56.05
      bandwidth/experts | c5:bw=36,experts=[0,1,2]; c9:bw=29,experts=[0,2]; c7:bw=26,experts=[0,2]; c1:bw=17,experts=[0]; c3:bw=17,experts=[0]; c4:bw=32,experts=[0,1,2]; c2:bw=24,experts=[0,2]; c0:bw=26,experts=[0,2]; c6:bw=22,experts=[0,2]; c8:bw=28,experts=[0,2]
   81 | 0.01000 |   0.7265 |   79.55% |   80.44% |    0:56.57
      bandwidth/experts | c6:bw=29,experts=[0,2]; c2:bw=25,experts=[0,2]; c3:bw=37,experts=[0,1,2]; c1:bw=27,experts=[0,2]; c4:bw=23,experts=[0,2]; c5:bw=17,experts=[0]; c9:bw=15,experts=[0]; c7:bw=32,experts=[0,1,2]; c8:bw=26,experts=[0,2]; c0:bw=28,experts=[0,2]
   82 | 0.01000 |   0.7235 |   79.93% |   80.44% |    0:54.56
      bandwidth/experts | c1:bw=36,experts=[0,1,2]; c0:bw=17,experts=[0]; c6:bw=20,experts=[0,2]; c8:bw=32,experts=[0,1,2]; c7:bw=22,experts=[0,2]; c3:bw=22,experts=[0,2]; c2:bw=16,experts=[0]; c9:bw=31,experts=[0,2,3]; c5:bw=22,experts=[0,2]; c4:bw=16,experts=[0]
   83 | 0.01000 |   0.7333 |   79.84% |   80.44% |    0:53.37
      bandwidth/experts | c9:bw=29,experts=[0,2]; c4:bw=10,experts=[0]; c2:bw=23,experts=[0,2]; c7:bw=21,experts=[0,2]; c5:bw=10,experts=[0]; c0:bw=10,experts=[0]; c6:bw=29,experts=[0,2]; c1:bw=35,experts=[0,1,2]; c8:bw=22,experts=[0,2]; c3:bw=24,experts=[0,2]
   84 | 0.01000 |   0.7240 |   79.86% |   80.44% |    0:53.72
      bandwidth/experts | c8:bw=37,experts=[0,1,2]; c3:bw=18,experts=[0]; c1:bw=32,experts=[0,1,2]; c6:bw=10,experts=[0]; c9:bw=11,experts=[0]; c2:bw=20,experts=[0,2]; c7:bw=26,experts=[0,2]; c5:bw=11,experts=[0]; c4:bw=15,experts=[0]; c0:bw=10,experts=[0]
   85 | 0.01000 |   0.7188 |   81.04% |   81.04% |    0:55.10
      bandwidth/experts | c0:bw=21,experts=[0,2]; c2:bw=25,experts=[0,2]; c8:bw=39,experts=[0,1,2]; c6:bw=23,experts=[0,2]; c1:bw=31,experts=[0,1,2]; c4:bw=23,experts=[0,2]; c9:bw=32,experts=[0,2,3]; c3:bw=28,experts=[0,2]; c5:bw=10,experts=[0]; c7:bw=10,experts=[0]
   86 | 0.01000 |   0.7168 |   81.04% |   81.04% |    0:55.27
      bandwidth/experts | c5:bw=26,experts=[0,2]; c8:bw=15,experts=[0]; c2:bw=13,experts=[0]; c6:bw=31,experts=[0,1,2]; c0:bw=17,experts=[0]; c4:bw=10,experts=[0]; c7:bw=24,experts=[0,2]; c3:bw=15,experts=[0]; c1:bw=40,experts=[0,1,2,3]; c9:bw=24,experts=[0,2]
   87 | 0.01000 |   0.7265 |   79.12% |   81.04% |    0:55.52
      bandwidth/experts | c1:bw=16,experts=[0]; c2:bw=37,experts=[0,1,2]; c7:bw=12,experts=[0]; c5:bw=10,experts=[0]; c6:bw=33,experts=[0,1,2]; c3:bw=38,experts=[0,1,2]; c4:bw=19,experts=[0]; c9:bw=21,experts=[0,2]; c8:bw=26,experts=[0,2]; c0:bw=19,experts=[0]
   88 | 0.01000 |   0.7169 |   80.43% |   81.04% |    0:55.60
      bandwidth/experts | c8:bw=24,experts=[0,2]; c6:bw=15,experts=[0]; c3:bw=18,experts=[0]; c7:bw=23,experts=[0,2]; c0:bw=34,experts=[0,1,2]; c4:bw=21,experts=[0,2]; c9:bw=17,experts=[0]; c1:bw=16,experts=[0]; c5:bw=17,experts=[0]; c2:bw=25,experts=[0,2]
   89 | 0.01000 |   0.7207 |   80.37% |   81.04% |    0:55.16
      bandwidth/experts | c3:bw=17,experts=[0]; c8:bw=40,experts=[0,1,2,3]; c2:bw=25,experts=[0,2]; c9:bw=34,experts=[0,2,3]; c7:bw=12,experts=[0]; c5:bw=25,experts=[0,2]; c0:bw=10,experts=[0]; c6:bw=18,experts=[0]; c4:bw=17,experts=[0]; c1:bw=23,experts=[0,2]
   90 | 0.01000 |   0.7121 |   80.88% |   81.04% |    0:54.49
      bandwidth/experts | c7:bw=40,experts=[0,1,2,3]; c1:bw=17,experts=[0]; c3:bw=20,experts=[0,2]; c9:bw=35,experts=[0,2,3]; c0:bw=35,experts=[0,1,2]; c6:bw=14,experts=[0]; c2:bw=12,experts=[0]; c5:bw=15,experts=[0]; c8:bw=28,experts=[0,2]; c4:bw=20,experts=[0,2]
   91 | 0.01000 |   0.7181 |   80.47% |   81.04% |    0:53.73
      bandwidth/experts | c1:bw=28,experts=[0,2]; c9:bw=19,experts=[0]; c5:bw=29,experts=[0,2]; c7:bw=29,experts=[0,2]; c3:bw=22,experts=[0,2]; c4:bw=30,experts=[0,1,2]; c0:bw=12,experts=[0]; c6:bw=16,experts=[0]; c2:bw=10,experts=[0]; c8:bw=13,experts=[0]
   92 | 0.01000 |   0.7159 |   80.40% |   81.04% |    0:52.90
      bandwidth/experts | c3:bw=16,experts=[0]; c7:bw=19,experts=[0]; c1:bw=11,experts=[0]; c0:bw=16,experts=[0]; c8:bw=11,experts=[0]; c6:bw=25,experts=[0,2]; c9:bw=31,experts=[0,1,2]; c2:bw=14,experts=[0]; c5:bw=37,experts=[0,1,2]; c4:bw=15,experts=[0]
   93 | 0.01000 |   0.7090 |   80.26% |   81.04% |    0:53.37
      bandwidth/experts | c1:bw=26,experts=[0,2]; c3:bw=17,experts=[0]; c7:bw=12,experts=[0]; c9:bw=32,experts=[0,2,3]; c6:bw=12,experts=[0]; c8:bw=10,experts=[0]; c5:bw=10,experts=[0]; c4:bw=18,experts=[0]; c0:bw=10,experts=[0]; c2:bw=28,experts=[0,2]
   94 | 0.01000 |   0.7073 |   80.15% |   81.04% |    0:54.01
      bandwidth/experts | c7:bw=25,experts=[0,2]; c2:bw=36,experts=[0,1,2]; c5:bw=23,experts=[0,2]; c4:bw=17,experts=[0]; c6:bw=17,experts=[0]; c9:bw=28,experts=[0,2]; c1:bw=39,experts=[0,1,2]; c8:bw=10,experts=[0]; c0:bw=31,experts=[0,1,2]; c3:bw=19,experts=[0]
   95 | 0.01000 |   0.7057 |   81.37% |   81.37% |    0:55.07
      bandwidth/experts | c7:bw=33,experts=[0,1,2]; c9:bw=23,experts=[0,2]; c4:bw=10,experts=[0]; c6:bw=22,experts=[0,2]; c0:bw=19,experts=[0]; c3:bw=23,experts=[0,2]; c1:bw=17,experts=[0]; c8:bw=40,experts=[0,1,2,3]; c2:bw=13,experts=[0]; c5:bw=10,experts=[0]
   96 | 0.01000 |   0.7011 |   80.96% |   81.37% |    0:55.59
      bandwidth/experts | c2:bw=36,experts=[0,1,2]; c9:bw=25,experts=[0,2]; c3:bw=25,experts=[0,2]; c1:bw=20,experts=[0,2]; c5:bw=33,experts=[0,1,2]; c4:bw=27,experts=[0,2]; c6:bw=17,experts=[0]; c7:bw=28,experts=[0,2]; c0:bw=20,experts=[0,2]; c8:bw=36,experts=[0,1,2]
   97 | 0.01000 |   0.7044 |   80.59% |   81.37% |    0:54.18
      bandwidth/experts | c0:bw=23,experts=[0,2]; c9:bw=24,experts=[0,2]; c8:bw=24,experts=[0,2]; c4:bw=10,experts=[0]; c7:bw=17,experts=[0]; c1:bw=28,experts=[0,2]; c3:bw=19,experts=[0]; c5:bw=26,experts=[0,2]; c6:bw=28,experts=[0,2]; c2:bw=30,experts=[0,1,2]
   98 | 0.01000 |   0.7062 |   81.23% |   81.37% |    0:53.76
      bandwidth/experts | c4:bw=29,experts=[0,2]; c8:bw=30,experts=[0,1,2]; c9:bw=15,experts=[0]; c7:bw=13,experts=[0]; c6:bw=20,experts=[0,2]; c5:bw=27,experts=[0,2]; c0:bw=19,experts=[0]; c3:bw=14,experts=[0]; c1:bw=15,experts=[0]; c2:bw=13,experts=[0]
   99 | 0.01000 |   0.7050 |   80.26% |   81.37% |    0:55.43
      bandwidth/experts | c8:bw=19,experts=[0]; c5:bw=27,experts=[0,2]; c7:bw=25,experts=[0,2]; c1:bw=33,experts=[0,1,2]; c3:bw=21,experts=[0,2]; c9:bw=11,experts=[0]; c4:bw=14,experts=[0]; c0:bw=22,experts=[0,2]; c2:bw=17,experts=[0]; c6:bw=19,experts=[0]
  100 | 0.01000 |   0.7017 |   80.17% |   81.37% |    0:54.03
      bandwidth/experts | c2:bw=17,experts=[0]; c8:bw=25,experts=[0,2]; c9:bw=29,experts=[0,2]; c5:bw=10,experts=[0]; c6:bw=25,experts=[0,2]; c1:bw=10,experts=[0]; c4:bw=36,experts=[0,1,2]; c7:bw=10,experts=[0]; c3:bw=23,experts=[0,2]; c0:bw=36,experts=[0,1,2]

Done. Best Acc: 81.37% @ round 95
Total time: 1:27:03.14
[Export] 实验目录: /userhome/cs3/duanty/FedMoE/results/20260918-070936-3
[Export] 每轮明细: /userhome/cs3/duanty/FedMoE/results/20260918-070936-3/rounds.xlsx
[Export] 总体摘要: /userhome/cs3/duanty/FedMoE/results/20260918-070936-3/summary.xlsx
[Plot] result = /userhome/cs3/duanty/FedMoE/results/20260918-070936-3
[Plot] figures -> /userhome/cs3/duanty/FedMoE/results/20260918-070936-3/figure
  fig01_test_accuracy.pdf
  fig02_train_loss.pdf
  fig03_acc_and_loss.pdf
  fig04_bandwidth_and_k.pdf
  fig05_expert_round_heatmap.pdf
  fig06_client_expert_heatmap.pdf
  fig07_expert_frequency.pdf
  fig08_time_breakdown.pdf
  fig09_accuracy_vs_communication.pdf
  fig10_overview.pdf
[Export] 图片目录: /userhome/cs3/duanty/FedMoE/results/20260918-070936-3/figure
