========================================
Job    : c10-e16-w0p5-posthoc
Host   : gpu-4090-104
Date   : Sat Sep 19 08:53:04 HKT 2026
GPU    : 0
Python : /userhome/cs3/duanty/miniconda3/envs/moe/bin/python
Command: python -u main.py --method ours --dataset cifar10 --backbone resnet --select posthoc --merge ours --device cuda --num_experts 16 --width_mult 0.5 --bw_max -1 --output_dir ./results/c10-e16-w0p5-posthoc
========================================

==================================================================
 Ours  
  Dataset=cifar10 | beta=0.1 | Backbone=resnet | width_mult=0.5 | Clients=10 | Experts=16
  Select=posthoc | Merge=ours
  Rounds=100 | LR=0.01
  Bandwidth: expert_bw=10 | bw=[10, 160] | Rayleigh-Shannon, SNR=10 dB | k=floor(bw/10)
==================================================================


[Partition] Dirichlet beta=0.1, 10 clients
  Client 0:   6071 samples | 3/10 classes
  Client 1:  18481 samples | 7/10 classes
  Client 2:    174 samples | 3/10 classes
  Client 3:    462 samples | 3/10 classes
  Client 4:   2759 samples | 3/10 classes
  Client 5:   5740 samples | 7/10 classes
  Client 6:   1703 samples | 4/10 classes
  Client 7:   3407 samples | 7/10 classes
  Client 8:   6483 samples | 7/10 classes
  Client 9:   4720 samples | 10/10 classes

[Upload] expert_bw=10 | available bw=[10, 160] | Rayleigh-Shannon, SNR=10 dB | upload k=floor(bw/10), cap=16 | train all experts, then upload top-k by gate scores

[Model] Total params: 4,986,560

[Export] 本次实验目录: /userhome/cs3/duanty/FedMoE/results/c10-e16-w0p5-posthoc/20260919-085311

Round |      LR |  AvgLoss |  TestAcc |     Best |  RoundTime
--------------------------------------------------------------------------------
    1 | 0.00208 |   1.5968 |   21.88% |   21.88% |    0:47.58
      bandwidth/experts | c8:bw=104,experts=[0,1,2,4,5,7,9,10,12,13]; c1:bw=55,experts=[0,1,5,9,13]; c5:bw=84,experts=[0,1,2,4,5,9,12,13]; c0:bw=10,experts=[13]; c7:bw=38,experts=[1,5,13]; c2:bw=55,experts=[4,5,9,11,13]; c9:bw=86,experts=[0,1,2,4,5,9,12,13]; c4:bw=75,experts=[0,2,4,5,9,12,13]; c3:bw=96,experts=[0,1,4,5,9,10,11,12,13]; c6:bw=77,experts=[0,1,2,4,5,9,13]
    2 | 0.00406 |   1.2886 |   31.32% |   31.32% |    0:42.57
      bandwidth/experts | c0:bw=67,experts=[1,4,5,9,10,13]; c1:bw=78,experts=[1,2,4,5,9,12,13]; c8:bw=91,experts=[0,1,2,3,4,5,9,12,13]; c5:bw=130,experts=[0,1,2,3,4,5,6,7,9,10,11,12,13]; c3:bw=127,experts=[0,1,2,3,4,5,7,9,10,11,12,13]; c4:bw=56,experts=[1,4,5,9,13]; c7:bw=104,experts=[0,1,2,4,5,9,10,11,12,13]; c9:bw=88,experts=[0,1,2,4,5,9,11,13]; c6:bw=32,experts=[1,5,13]; c2:bw=41,experts=[1,5,9,13]
    3 | 0.00604 |   1.1821 |   36.84% |   36.84% |    0:43.00
      bandwidth/experts | c9:bw=90,experts=[0,1,2,3,4,5,7,9,13]; c2:bw=78,experts=[0,1,2,4,5,9,13]; c0:bw=94,experts=[0,1,2,3,4,5,7,10,13]; c6:bw=75,experts=[0,1,2,3,5,9,13]; c8:bw=56,experts=[1,4,5,9,13]; c5:bw=25,experts=[1,13]; c3:bw=48,experts=[1,5,9,13]; c7:bw=62,experts=[0,1,2,7,12,13]; c1:bw=25,experts=[1,13]; c4:bw=98,experts=[0,1,2,4,5,7,9,11,13]
    4 | 0.00802 |   1.1399 |   41.53% |   41.53% |    0:43.19
      bandwidth/experts | c1:bw=75,experts=[1,2,4,5,9,10,13]; c7:bw=84,experts=[0,1,2,4,5,9,11,13]; c6:bw=100,experts=[0,1,2,3,4,5,9,11,12,13]; c2:bw=113,experts=[0,1,2,4,5,7,9,10,11,12,13]; c8:bw=59,experts=[1,2,5,9,13]; c0:bw=111,experts=[0,1,2,3,4,5,7,9,10,12,13]; c3:bw=64,experts=[0,1,2,5,9,13]; c4:bw=105,experts=[0,1,3,4,5,7,9,11,12,13]; c5:bw=138,experts=[0,1,2,3,4,5,7,9,10,11,12,13,15]; c9:bw=41,experts=[1,5,9,13]
    5 | 0.01000 |   1.1020 |   43.27% |   43.27% |    0:43.81
      bandwidth/experts | c1:bw=37,experts=[1,9,13]; c5:bw=75,experts=[0,1,2,4,5,9,13]; c4:bw=91,experts=[0,1,2,3,5,7,9,11,13]; c8:bw=69,experts=[0,1,2,5,9,13]; c0:bw=94,experts=[0,1,2,3,5,7,9,10,13]; c7:bw=46,experts=[1,2,5,13]; c6:bw=100,experts=[0,1,2,4,5,7,9,11,12,13]; c3:bw=119,experts=[0,1,2,4,5,7,9,10,11,12,13]; c2:bw=13,experts=[1]; c9:bw=118,experts=[0,1,2,3,4,5,7,9,10,11,13]
    6 | 0.01000 |   1.0866 |   47.16% |   47.16% |    0:43.89
      bandwidth/experts | c8:bw=126,experts=[0,1,2,3,4,5,7,9,10,11,12,13]; c2:bw=79,experts=[0,1,2,5,7,9,13]; c5:bw=51,experts=[1,5,7,9,13]; c7:bw=110,experts=[0,1,2,3,4,5,7,9,11,12,13]; c3:bw=68,experts=[0,1,2,5,9,13]; c1:bw=61,experts=[1,2,4,5,9,13]; c9:bw=91,experts=[0,1,2,3,4,5,9,10,13]; c0:bw=59,experts=[0,1,5,9,13]; c4:bw=33,experts=[1,9,13]; c6:bw=38,experts=[1,9,13]
    7 | 0.01000 |   1.0574 |   49.37% |   49.37% |    0:43.79
      bandwidth/experts | c0:bw=68,experts=[0,1,3,5,9,13]; c5:bw=92,experts=[0,1,2,5,9,10,12,13,15]; c2:bw=75,experts=[0,1,2,5,9,12,13]; c6:bw=25,experts=[1,13]; c3:bw=50,experts=[0,1,2,5,13]; c7:bw=58,experts=[0,1,2,5,13]; c4:bw=26,experts=[1,13]; c1:bw=18,experts=[1]; c8:bw=108,experts=[0,1,2,3,5,7,9,10,11,13]; c9:bw=10,experts=[1]
    8 | 0.01000 |   1.0342 |   51.54% |   51.54% |    0:44.05
      bandwidth/experts | c4:bw=10,experts=[1]; c8:bw=70,experts=[0,1,3,5,9,10,13]; c1:bw=110,experts=[0,1,2,4,5,7,9,10,11,12,13]; c3:bw=70,experts=[0,1,2,5,9,12,13]; c0:bw=61,experts=[0,1,5,9,12,13]; c5:bw=53,experts=[1,2,5,9,13]; c2:bw=102,experts=[0,1,2,4,5,7,9,10,12,13]; c9:bw=111,experts=[0,1,3,4,5,7,9,10,12,13,15]; c7:bw=28,experts=[1,13]; c6:bw=78,experts=[1,3,5,7,9,11,13]
    9 | 0.01000 |   1.0185 |   52.53% |   52.53% |    0:43.87
      bandwidth/experts | c2:bw=40,experts=[0,1,9,13]; c0:bw=99,experts=[0,1,2,3,4,5,9,12,13]; c4:bw=112,experts=[0,1,2,3,4,5,7,9,10,11,13]; c9:bw=49,experts=[1,4,5,13]; c8:bw=34,experts=[1,5,13]; c6:bw=59,experts=[1,3,5,9,13]; c7:bw=87,experts=[0,1,2,5,9,11,12,13]; c5:bw=99,experts=[0,1,2,4,5,7,9,11,13]; c1:bw=27,experts=[1,13]; c3:bw=43,experts=[0,1,2,13]
   10 | 0.01000 |   0.9948 |   55.47% |   55.47% |    0:44.01
      bandwidth/experts | c4:bw=69,experts=[1,3,4,5,9,13]; c2:bw=64,experts=[0,1,5,7,9,13]; c7:bw=71,experts=[0,1,2,5,9,11,13]; c0:bw=111,experts=[0,1,2,3,4,5,9,10,11,12,13]; c6:bw=123,experts=[0,1,2,3,4,5,7,9,10,11,12,13]; c3:bw=87,experts=[0,1,2,4,5,9,12,13]; c5:bw=109,experts=[1,2,4,5,7,9,10,11,12,13]; c8:bw=67,experts=[0,1,5,9,11,13]; c9:bw=66,experts=[1,4,5,9,10,13]; c1:bw=77,experts=[1,2,4,5,9,12,13]
   11 | 0.01000 |   0.9798 |   55.78% |   55.78% |    0:43.61
      bandwidth/experts | c5:bw=52,experts=[1,2,5,11,13]; c2:bw=52,experts=[0,1,5,9,13]; c7:bw=83,experts=[0,1,2,4,5,11,12,13]; c3:bw=95,experts=[0,1,2,3,4,5,9,12,13]; c0:bw=53,experts=[0,1,5,9,13]; c8:bw=74,experts=[0,1,2,5,9,12,13]; c9:bw=62,experts=[0,1,4,5,9,13]; c6:bw=105,experts=[0,1,2,3,5,6,7,9,11,13]; c1:bw=76,experts=[1,4,5,9,10,12,13]; c4:bw=30,experts=[1,9,13]
   12 | 0.01000 |   0.9717 |   58.65% |   58.65% |    0:43.77
      bandwidth/experts | c1:bw=80,experts=[1,3,4,5,9,10,12,13]; c5:bw=106,experts=[0,1,2,4,5,7,9,11,12,13]; c2:bw=108,experts=[0,1,2,3,5,7,9,10,12,13]; c4:bw=53,experts=[0,1,3,9,13]; c3:bw=66,experts=[0,1,2,9,12,13]; c7:bw=56,experts=[0,1,5,9,13]; c9:bw=79,experts=[0,1,3,4,5,9,13]; c6:bw=54,experts=[1,3,5,9,13]; c8:bw=104,experts=[0,1,2,3,5,7,9,10,11,13]; c0:bw=93,experts=[0,1,2,3,4,5,9,12,13]
   13 | 0.01000 |   0.9557 |   58.36% |   58.65% |    0:43.68
      bandwidth/experts | c3:bw=57,experts=[0,1,2,12,13]; c1:bw=90,experts=[0,1,3,4,5,9,10,12,13]; c4:bw=10,experts=[1]; c5:bw=55,experts=[1,2,5,9,13]; c8:bw=29,experts=[1,13]; c6:bw=69,experts=[0,1,3,5,9,13]; c9:bw=28,experts=[1,13]; c7:bw=110,experts=[0,1,2,3,4,5,7,9,11,12,13]; c0:bw=48,experts=[0,1,5,13]; c2:bw=31,experts=[1,9,13]
   14 | 0.01000 |   0.9514 |   59.38% |   59.38% |    0:43.41
      bandwidth/experts | c2:bw=85,experts=[0,1,2,7,9,10,12,13]; c4:bw=11,experts=[1]; c5:bw=121,experts=[0,1,2,3,4,5,6,7,9,11,12,13]; c1:bw=73,experts=[1,2,4,5,9,12,13]; c7:bw=47,experts=[0,1,9,13]; c0:bw=48,experts=[0,1,9,13]; c9:bw=60,experts=[1,3,4,5,9,13]; c3:bw=86,experts=[0,1,2,4,5,9,12,13]; c8:bw=39,experts=[1,5,13]; c6:bw=127,experts=[0,1,2,3,4,5,7,9,10,11,12,13]
   15 | 0.01000 |   0.9365 |   61.81% |   61.81% |    0:43.26
      bandwidth/experts | c7:bw=111,experts=[0,1,2,3,4,5,7,9,11,12,13]; c0:bw=39,experts=[1,9,13]; c1:bw=27,experts=[1,13]; c8:bw=98,experts=[0,1,3,4,5,7,9,10,13]; c3:bw=20,experts=[1,13]; c2:bw=99,experts=[0,1,2,3,5,7,9,10,13]; c4:bw=88,experts=[0,1,3,4,5,9,10,13]; c5:bw=34,experts=[1,9,13]; c9:bw=37,experts=[1,4,13]; c6:bw=62,experts=[0,1,3,5,9,13]
   16 | 0.01000 |   0.9248 |   60.69% |   61.81% |    0:43.16
      bandwidth/experts | c6:bw=76,experts=[1,3,8,9,13,14,15]; c1:bw=54,experts=[1,6,8,14,15]; c3:bw=82,experts=[0,1,2,6,8,13,14,15]; c8:bw=93,experts=[0,1,5,6,8,9,13,14,15]; c7:bw=42,experts=[6,8,14,15]; c5:bw=75,experts=[1,5,7,8,9,13,14]; c4:bw=67,experts=[1,6,8,13,14,15]; c9:bw=45,experts=[1,6,8,14]; c0:bw=107,experts=[0,1,3,5,6,8,9,13,14,15]; c2:bw=97,experts=[0,1,6,8,9,10,13,14,15]
   17 | 0.01000 |   0.9282 |   64.51% |   64.51% |    0:43.05
      bandwidth/experts | c4:bw=109,experts=[0,1,3,4,5,7,9,10,11,13]; c7:bw=47,experts=[1,5,9,13]; c8:bw=15,experts=[1]; c3:bw=99,experts=[0,1,2,3,5,9,10,12,13]; c5:bw=10,experts=[1]; c1:bw=55,experts=[1,4,5,9,13]; c0:bw=20,experts=[1,13]; c2:bw=36,experts=[1,9,13]; c9:bw=70,experts=[0,1,3,4,5,9,13]; c6:bw=73,experts=[0,1,3,5,7,9,13]
   18 | 0.01000 |   0.9135 |   64.27% |   64.51% |    0:43.13
      bandwidth/experts | c1:bw=12,experts=[1]; c8:bw=10,experts=[1]; c5:bw=66,experts=[1,2,5,7,9,13]; c2:bw=71,experts=[0,1,3,7,9,10,13]; c9:bw=35,experts=[1,5,13]; c7:bw=103,experts=[0,1,3,4,5,9,10,11,12,13]; c4:bw=105,experts=[0,1,3,4,5,7,9,10,11,13]; c3:bw=70,experts=[0,1,2,5,9,12,13]; c0:bw=92,experts=[0,1,3,4,5,7,9,10,13]; c6:bw=59,experts=[1,3,5,9,13]
   19 | 0.01000 |   0.9020 |   66.71% |   66.71% |    0:43.18
      bandwidth/experts | c8:bw=105,experts=[0,1,2,3,4,5,7,9,10,13]; c0:bw=79,experts=[0,1,3,5,9,10,13]; c4:bw=97,experts=[0,1,3,4,5,7,9,10,13]; c1:bw=87,experts=[1,3,4,5,9,10,12,13]; c9:bw=72,experts=[0,1,4,5,9,10,13]; c5:bw=55,experts=[1,5,7,9,13]; c7:bw=42,experts=[0,1,9,13]; c2:bw=27,experts=[1,13]; c6:bw=124,experts=[0,1,2,3,4,5,7,9,10,11,12,13]; c3:bw=75,experts=[0,1,2,5,9,12,13]
   20 | 0.01000 |   0.8984 |   65.96% |   66.71% |    0:42.98
      bandwidth/experts | c0:bw=52,experts=[0,1,5,9,13]; c2:bw=78,experts=[0,1,7,9,10,11,13]; c1:bw=76,experts=[1,3,4,5,9,12,13]; c9:bw=31,experts=[1,4,13]; c7:bw=81,experts=[0,1,4,5,9,10,11,13]; c6:bw=128,experts=[0,1,2,3,4,5,7,9,10,11,12,13]; c3:bw=34,experts=[0,1,13]; c5:bw=10,experts=[1]; c4:bw=112,experts=[0,1,2,3,4,5,7,9,10,12,13]; c8:bw=95,experts=[0,1,2,3,5,7,9,10,13]
   21 | 0.01000 |   0.8944 |   66.21% |   66.71% |    0:43.01
      bandwidth/experts | c1:bw=77,experts=[1,4,5,9,12,13,15]; c2:bw=75,experts=[0,1,7,9,10,12,13]; c7:bw=24,experts=[1,13]; c4:bw=90,experts=[0,1,3,4,5,7,9,11,13]; c8:bw=34,experts=[1,9,13]; c5:bw=61,experts=[1,2,5,7,9,13]; c0:bw=125,experts=[0,1,2,3,4,5,7,9,10,12,13,15]; c3:bw=14,experts=[7]; c6:bw=29,experts=[1,13]; c9:bw=48,experts=[1,9,11,13]
   22 | 0.01000 |   0.8957 |   68.20% |   68.20% |    0:42.85
      bandwidth/experts | c7:bw=31,experts=[1,9,13]; c9:bw=62,experts=[1,2,4,5,9,13]; c1:bw=12,experts=[1]; c6:bw=116,experts=[0,1,2,3,4,5,7,9,10,11,13]; c5:bw=31,experts=[1,9,13]; c2:bw=125,experts=[0,1,2,3,4,5,7,9,10,12,13,15]; c0:bw=126,experts=[0,1,2,3,4,5,7,9,10,11,12,13]; c4:bw=69,experts=[0,1,5,9,10,13]; c3:bw=105,experts=[0,1,2,3,4,5,9,11,12,13]; c8:bw=62,experts=[1,5,9,10,12,13]
   23 | 0.01000 |   0.8833 |   67.60% |   68.20% |    0:43.04
      bandwidth/experts | c5:bw=98,experts=[0,1,2,3,5,7,9,13,15]; c7:bw=28,experts=[1,13]; c4:bw=106,experts=[0,1,3,4,5,7,9,10,12,13]; c6:bw=19,experts=[1]; c9:bw=95,experts=[0,1,3,4,5,7,9,10,13]; c8:bw=66,experts=[0,1,5,9,10,13]; c3:bw=29,experts=[1,13]; c1:bw=117,experts=[0,1,2,3,4,5,9,10,12,13,15]; c2:bw=61,experts=[1,3,7,9,10,13]; c0:bw=21,experts=[1,13]
   24 | 0.01000 |   0.8898 |   72.18% |   72.18% |    0:43.14
      bandwidth/experts | c6:bw=57,experts=[1,5,7,9,13]; c4:bw=24,experts=[1,13]; c7:bw=10,experts=[1]; c9:bw=94,experts=[1,3,4,5,7,9,12,13,15]; c2:bw=81,experts=[0,1,3,7,9,10,12,13]; c1:bw=10,experts=[7]; c5:bw=46,experts=[1,5,7,13]; c8:bw=34,experts=[1,9,13]; c3:bw=10,experts=[1]; c0:bw=59,experts=[1,3,5,9,13]
   25 | 0.01000 |   0.8384 |   65.19% |   72.18% |    0:43.32
      bandwidth/experts | c9:bw=76,experts=[1,3,4,5,9,10,13]; c6:bw=30,experts=[1,9,13]; c4:bw=110,experts=[0,1,2,3,4,5,9,10,11,12,13]; c3:bw=26,experts=[1,13]; c5:bw=120,experts=[0,1,2,3,4,5,7,9,10,11,12,13]; c1:bw=92,experts=[1,3,4,5,9,10,11,12,13]; c8:bw=103,experts=[0,1,3,4,5,7,9,10,12,13]; c2:bw=24,experts=[1,13]; c0:bw=106,experts=[0,1,2,3,4,5,9,10,12,13]; c7:bw=75,experts=[0,1,5,9,11,12,13]
   26 | 0.01000 |   0.8895 |   71.78% |   72.18% |    0:43.21
      bandwidth/experts | c3:bw=84,experts=[0,1,2,5,9,10,12,13]; c6:bw=63,experts=[1,3,5,7,9,13]; c9:bw=95,experts=[0,1,2,3,4,5,9,10,13]; c7:bw=59,experts=[0,1,5,9,13]; c1:bw=63,experts=[1,4,5,9,10,13]; c5:bw=39,experts=[1,9,13]; c2:bw=56,experts=[1,7,9,10,13]; c8:bw=101,experts=[0,1,3,4,5,7,9,10,12,13]; c0:bw=20,experts=[1,13]; c4:bw=90,experts=[0,1,3,4,5,9,10,12,13]
   27 | 0.01000 |   0.8695 |   69.69% |   72.18% |    0:43.32
      bandwidth/experts | c7:bw=97,experts=[0,1,4,5,7,9,10,11,13]; c1:bw=117,experts=[0,1,3,4,5,9,10,11,12,13,15]; c4:bw=23,experts=[1,13]; c0:bw=68,experts=[0,1,5,9,10,13]; c9:bw=34,experts=[1,9,13]; c2:bw=37,experts=[1,9,13]; c8:bw=104,experts=[0,1,3,4,5,7,9,10,12,13]; c3:bw=40,experts=[0,1,9,13]; c6:bw=119,experts=[0,1,2,3,4,5,6,7,9,11,13]; c5:bw=69,experts=[1,3,5,7,9,13]
   28 | 0.01000 |   0.8755 |   69.74% |   72.18% |    0:43.19
      bandwidth/experts | c6:bw=56,experts=[1,5,7,9,13]; c9:bw=92,experts=[0,1,3,4,5,7,9,10,13]; c0:bw=89,experts=[0,1,2,3,5,9,10,13]; c8:bw=56,experts=[1,9,10,11,13]; c2:bw=10,experts=[1]; c5:bw=63,experts=[1,3,5,7,9,13]; c1:bw=47,experts=[1,5,9,13]; c3:bw=22,experts=[1,13]; c4:bw=14,experts=[13]; c7:bw=10,experts=[1]
   29 | 0.01000 |   0.8719 |   71.68% |   72.18% |    0:43.21
      bandwidth/experts | c4:bw=72,experts=[1,5,7,9,10,12,13]; c0:bw=83,experts=[0,1,3,5,7,9,10,13]; c1:bw=63,experts=[1,4,5,9,10,13]; c9:bw=82,experts=[0,1,3,4,5,9,10,13]; c6:bw=81,experts=[0,1,3,5,7,9,10,13]; c8:bw=63,experts=[0,1,7,9,10,13]; c7:bw=40,experts=[1,7,9,13]; c3:bw=60,experts=[0,1,5,9,10,13]; c2:bw=34,experts=[1,9,13]; c5:bw=63,experts=[0,1,5,7,9,13]
   30 | 0.01000 |   0.8631 |   70.92% |   72.18% |    0:43.17
      bandwidth/experts | c5:bw=116,experts=[0,1,2,3,4,5,6,7,9,12,13]; c1:bw=67,experts=[1,3,4,5,9,13]; c9:bw=103,experts=[0,1,3,4,5,7,9,10,12,13]; c4:bw=97,experts=[0,1,3,4,5,7,9,10,13]; c0:bw=33,experts=[1,9,13]; c8:bw=78,experts=[0,1,3,7,9,10,13]; c6:bw=20,experts=[1,13]; c7:bw=23,experts=[1,13]; c3:bw=111,experts=[0,1,2,3,5,9,10,11,12,13,15]; c2:bw=51,experts=[1,7,9,10,13]
   31 | 0.01000 |   0.8642 |   71.42% |   72.18% |    0:43.11
      bandwidth/experts | c6:bw=55,experts=[1,5,7,9,13]; c4:bw=36,experts=[1,9,13]; c9:bw=85,experts=[1,3,4,5,7,9,10,13]; c1:bw=57,experts=[1,4,5,9,13]; c5:bw=116,experts=[0,1,2,3,4,5,7,9,10,12,13]; c8:bw=62,experts=[0,1,7,9,10,13]; c3:bw=45,experts=[1,5,9,13]; c2:bw=29,experts=[1,13]; c0:bw=89,experts=[0,1,2,3,5,9,10,13]; c7:bw=119,experts=[0,1,2,3,4,5,7,9,10,12,13]
   32 | 0.01000 |   0.8565 |   70.95% |   72.18% |    0:43.06
      bandwidth/experts | c8:bw=40,experts=[6,8,14,15]; c5:bw=67,experts=[1,7,8,9,13,14]; c4:bw=92,experts=[1,5,6,8,9,10,13,14,15]; c7:bw=88,experts=[0,1,6,8,9,13,14,15]; c0:bw=86,experts=[1,3,5,6,8,9,13,14]; c1:bw=40,experts=[1,6,8,14]; c3:bw=53,experts=[1,6,8,13,14]; c6:bw=51,experts=[1,8,13,14,15]; c2:bw=102,experts=[0,1,3,6,7,8,9,10,13,14]; c9:bw=59,experts=[1,6,8,13,14]
   33 | 0.01000 |   0.8770 |   72.03% |   72.18% |    0:43.19
      bandwidth/experts | c7:bw=99,experts=[0,1,4,5,7,9,10,11,13]; c1:bw=65,experts=[1,4,5,9,10,13]; c3:bw=132,experts=[0,1,2,3,4,5,7,9,10,11,12,13,15]; c6:bw=69,experts=[0,1,3,5,9,13]; c5:bw=55,experts=[1,5,7,9,13]; c9:bw=79,experts=[0,1,3,4,5,9,13]; c2:bw=44,experts=[1,9,10,13]; c8:bw=94,experts=[0,1,3,5,7,9,10,12,13]; c4:bw=85,experts=[0,1,3,4,5,9,10,13]; c0:bw=118,experts=[0,1,2,3,4,5,7,9,10,12,13]
   34 | 0.01000 |   0.8462 |   72.65% |   72.65% |    0:42.94
      bandwidth/experts | c4:bw=87,experts=[0,1,3,4,5,9,10,13]; c1:bw=88,experts=[1,3,4,5,9,10,12,13]; c6:bw=91,experts=[0,1,2,3,4,5,7,9,13]; c9:bw=128,experts=[0,1,2,3,4,5,7,9,10,12,13,15]; c8:bw=79,experts=[0,1,3,7,9,10,13]; c0:bw=42,experts=[0,1,9,13]; c5:bw=113,experts=[0,1,2,3,4,5,7,9,10,12,13]; c7:bw=61,experts=[0,1,4,5,9,13]; c3:bw=137,experts=[0,1,2,3,4,5,7,9,10,11,12,13,15]; c2:bw=101,experts=[0,1,3,4,5,7,9,10,12,13]
   35 | 0.01000 |   0.8511 |   73.42% |   73.42% |    0:43.00
      bandwidth/experts | c4:bw=62,experts=[0,1,5,9,10,13]; c0:bw=38,experts=[1,9,13]; c1:bw=58,experts=[1,4,9,10,13]; c6:bw=83,experts=[0,1,3,4,5,7,9,13]; c2:bw=86,experts=[0,1,3,4,7,9,10,13]; c8:bw=94,experts=[0,1,3,5,7,9,10,12,13]; c9:bw=51,experts=[1,4,5,9,13]; c7:bw=90,experts=[0,1,4,5,9,10,11,12,13]; c5:bw=77,experts=[0,1,3,5,7,9,13]; c3:bw=45,experts=[1,5,9,13]
   36 | 0.01000 |   0.8436 |   73.61% |   73.61% |    0:42.99
      bandwidth/experts | c9:bw=70,experts=[1,3,4,5,9,10,13]; c0:bw=68,experts=[0,1,3,5,9,13]; c3:bw=113,experts=[0,1,2,3,4,5,7,9,10,12,13]; c7:bw=51,experts=[0,1,5,9,13]; c6:bw=82,experts=[0,1,3,5,7,9,12,13]; c5:bw=93,experts=[0,1,2,3,5,7,9,12,13]; c1:bw=16,experts=[1]; c4:bw=140,experts=[0,1,2,3,4,5,7,8,9,10,11,12,13,15]; c8:bw=97,experts=[0,1,2,3,4,7,9,10,13]; c2:bw=95,experts=[0,1,3,7,9,10,11,12,13]
   37 | 0.01000 |   0.8393 |   72.87% |   73.61% |    0:43.11
      bandwidth/experts | c1:bw=34,experts=[1,9,13]; c5:bw=74,experts=[0,1,3,5,7,9,13]; c2:bw=68,experts=[1,3,7,9,10,13]; c6:bw=123,experts=[0,1,2,3,4,5,7,9,10,11,12,13]; c4:bw=74,experts=[0,1,5,7,9,10,13]; c7:bw=79,experts=[0,1,4,5,9,11,13]; c9:bw=75,experts=[1,3,4,9,10,11,13]; c0:bw=103,experts=[0,1,3,4,5,7,9,10,13,15]; c3:bw=68,experts=[0,1,5,9,10,13]; c8:bw=11,experts=[1]
   38 | 0.01000 |   0.8371 |   72.84% |   73.61% |    0:43.21
      bandwidth/experts | c8:bw=87,experts=[0,1,3,5,7,9,10,13]; c6:bw=32,experts=[1,9,13]; c4:bw=98,experts=[0,1,3,5,7,9,10,12,13]; c1:bw=58,experts=[1,4,5,9,13]; c5:bw=10,experts=[1]; c2:bw=10,experts=[2]; c3:bw=72,experts=[0,1,2,5,9,10,13]; c7:bw=96,experts=[0,1,4,5,7,9,10,11,13]; c9:bw=49,experts=[1,4,9,13]; c0:bw=76,experts=[0,1,3,5,9,11,13]
   39 | 0.01000 |   0.8352 |   73.85% |   73.85% |    0:43.02
      bandwidth/experts | c3:bw=49,experts=[1,5,10,13]; c0:bw=10,experts=[1]; c1:bw=84,experts=[1,2,3,4,5,9,10,13]; c7:bw=75,experts=[0,1,4,5,9,10,13]; c6:bw=58,experts=[1,5,7,9,13]; c8:bw=84,experts=[0,1,3,4,7,9,10,13]; c2:bw=68,experts=[1,7,9,10,13,15]; c4:bw=67,experts=[0,1,5,9,10,13]; c9:bw=45,experts=[1,5,9,13]; c5:bw=141,experts=[0,1,2,3,4,5,6,7,9,10,11,12,13,15]
   40 | 0.01000 |   0.8367 |   73.98% |   73.98% |    0:43.14
      bandwidth/experts | c8:bw=49,experts=[1,9,10,13]; c1:bw=79,experts=[1,4,5,7,9,10,13]; c5:bw=60,experts=[1,3,5,7,9,13]; c6:bw=88,experts=[0,1,3,5,7,9,10,13]; c2:bw=123,experts=[0,1,2,3,4,5,7,9,10,12,13,15]; c7:bw=125,experts=[0,1,2,3,4,5,7,9,10,11,12,13]; c3:bw=13,experts=[1]; c4:bw=36,experts=[1,9,13]; c9:bw=75,experts=[0,1,3,4,5,9,13]; c0:bw=67,experts=[0,1,3,5,9,13]
   41 | 0.01000 |   0.8278 |   74.40% |   74.40% |    0:43.06
      bandwidth/experts | c2:bw=101,experts=[0,1,3,4,7,9,10,12,13,15]; c6:bw=10,experts=[1]; c8:bw=107,experts=[0,1,3,4,5,7,9,10,12,13]; c1:bw=15,experts=[1]; c4:bw=95,experts=[0,1,3,4,5,7,9,10,13]; c5:bw=116,experts=[0,1,2,3,4,5,7,9,10,12,13]; c7:bw=129,experts=[0,1,2,3,4,5,7,9,10,11,12,13]; c3:bw=75,experts=[0,1,2,5,9,10,13]; c9:bw=101,experts=[0,1,3,4,5,9,10,12,13,15]; c0:bw=10,experts=[1]
   42 | 0.01000 |   0.8288 |   74.88% |   74.88% |    0:43.14
      bandwidth/experts | c5:bw=95,experts=[0,1,2,3,4,5,7,9,13]; c1:bw=92,experts=[0,1,3,4,5,9,10,13,15]; c3:bw=91,experts=[0,1,2,3,5,9,10,12,13]; c9:bw=96,experts=[0,1,3,4,5,9,10,13,15]; c6:bw=64,experts=[1,3,5,7,9,13]; c0:bw=28,experts=[1,13]; c7:bw=37,experts=[1,9,13]; c4:bw=103,experts=[0,1,2,3,5,7,9,10,12,13]; c8:bw=79,experts=[0,1,3,7,9,10,13]; c2:bw=76,experts=[1,3,7,9,10,12,13]
   43 | 0.01000 |   0.8238 |   75.30% |   75.30% |    0:43.14
      bandwidth/experts | c5:bw=100,experts=[0,1,2,3,4,5,7,9,12,13]; c1:bw=110,experts=[0,1,3,4,5,8,9,10,11,13,15]; c2:bw=96,experts=[0,1,3,4,7,9,10,12,13]; c8:bw=85,experts=[0,1,3,4,7,9,10,13]; c9:bw=60,experts=[1,3,4,5,9,13]; c7:bw=40,experts=[1,9,10,13]; c4:bw=65,experts=[0,1,3,5,9,13]; c6:bw=23,experts=[1,6]; c3:bw=122,experts=[0,1,2,3,4,5,7,9,10,11,12,13]; c0:bw=40,experts=[1,5,9,13]
   44 | 0.01000 |   0.8218 |   75.68% |   75.68% |    0:43.37
      bandwidth/experts | c0:bw=125,experts=[0,1,2,3,4,5,7,9,10,12,13,15]; c3:bw=88,experts=[0,1,2,5,9,10,12,13]; c4:bw=54,experts=[0,1,5,9,13]; c2:bw=69,experts=[1,3,7,9,10,13]; c7:bw=142,experts=[0,1,2,3,4,5,7,8,9,10,11,12,13,15]; c5:bw=46,experts=[1,5,9,13]; c6:bw=39,experts=[1,9,13]; c9:bw=70,experts=[0,1,3,4,5,9,13]; c8:bw=65,experts=[0,1,9,10,11,13]; c1:bw=84,experts=[1,3,4,5,8,9,10,13]
   45 | 0.01000 |   0.8212 |   75.77% |   75.77% |    0:43.25
      bandwidth/experts | c8:bw=104,experts=[0,1,3,4,5,7,9,10,13,15]; c0:bw=68,experts=[1,3,5,9,10,13]; c3:bw=126,experts=[0,1,2,3,4,5,9,10,11,12,13,15]; c4:bw=121,experts=[0,1,2,3,4,5,7,9,10,12,13,15]; c7:bw=67,experts=[0,1,5,9,10,13]; c2:bw=93,experts=[0,1,3,4,7,9,10,12,13]; c9:bw=47,experts=[1,4,9,13]; c6:bw=10,experts=[1]; c5:bw=84,experts=[1,2,3,5,7,9,12,13]; c1:bw=105,experts=[1,3,4,5,8,9,10,12,13,15]
   46 | 0.01000 |   0.8178 |   75.16% |   75.77% |    0:43.11
      bandwidth/experts | c9:bw=69,experts=[1,3,4,9,10,13]; c3:bw=50,experts=[1,5,9,10,13]; c6:bw=73,experts=[0,1,3,5,7,9,13]; c1:bw=77,experts=[1,3,4,5,9,10,13]; c4:bw=121,experts=[0,1,2,3,4,5,7,9,10,12,13,15]; c5:bw=77,experts=[0,1,3,5,7,9,13]; c2:bw=107,experts=[0,1,3,4,5,7,9,10,12,13]; c8:bw=73,experts=[0,1,3,7,9,10,13]; c0:bw=103,experts=[0,1,2,3,5,7,9,10,12,13]; c7:bw=53,experts=[1,5,9,10,13]
   47 | 0.01000 |   0.8192 |   73.48% |   75.77% |    0:43.12
      bandwidth/experts | c5:bw=97,experts=[1,2,3,4,5,7,9,10,13]; c6:bw=42,experts=[1,3,9,13]; c7:bw=100,experts=[0,1,2,4,5,9,10,11,12,13]; c9:bw=32,experts=[1,4,13]; c8:bw=74,experts=[0,1,3,7,9,10,13]; c3:bw=132,experts=[0,1,2,3,4,5,7,9,10,11,12,13,15]; c4:bw=18,experts=[13]; c0:bw=86,experts=[0,1,3,4,5,9,10,13]; c1:bw=57,experts=[1,4,5,9,13]; c2:bw=102,experts=[0,1,3,4,5,7,9,10,12,13]
   48 | 0.01000 |   0.8225 |   74.20% |   75.77% |    0:43.21
      bandwidth/experts | c1:bw=94,experts=[0,1,3,4,6,9,10,13,14]; c8:bw=94,experts=[0,1,6,7,8,9,10,13,14]; c4:bw=127,experts=[0,1,2,3,4,5,6,7,9,10,13,14]; c2:bw=107,experts=[1,3,4,6,7,8,9,10,13,14]; c9:bw=99,experts=[1,3,4,5,6,8,9,13,14]; c6:bw=85,experts=[1,3,5,8,9,13,14,15]; c5:bw=104,experts=[1,3,4,5,7,8,9,10,13,14]; c7:bw=118,experts=[0,1,4,5,6,9,10,11,12,13,14]; c0:bw=29,experts=[6,8]; c3:bw=34,experts=[6,8,14]
   49 | 0.01000 |   0.8136 |   76.89% |   76.89% |    0:43.29
      bandwidth/experts | c4:bw=91,experts=[0,1,3,5,7,9,10,12,13]; c3:bw=60,experts=[1,2,5,9,10,13]; c8:bw=50,experts=[1,3,9,10,13]; c0:bw=37,experts=[1,13,14]; c2:bw=110,experts=[0,1,3,4,5,7,9,10,12,13,15]; c5:bw=106,experts=[0,1,3,4,5,7,9,10,12,13]; c6:bw=24,experts=[1,13]; c7:bw=83,experts=[0,1,3,4,5,9,10,13]; c9:bw=100,experts=[0,1,3,4,5,9,10,12,13,15]; c1:bw=102,experts=[0,1,3,4,5,9,10,12,13,15]
   50 | 0.01000 |   0.8107 |   74.44% |   76.89% |    0:43.31
      bandwidth/experts | c8:bw=61,experts=[0,1,3,9,10,13]; c4:bw=14,experts=[13]; c7:bw=65,experts=[0,1,5,9,10,13]; c6:bw=128,experts=[0,1,2,3,4,5,7,9,10,11,12,13]; c2:bw=119,experts=[0,1,3,4,5,7,9,10,12,13,15]; c1:bw=122,experts=[0,1,3,4,5,8,9,10,11,12,13,15]; c3:bw=73,experts=[0,1,2,5,9,10,13]; c0:bw=55,experts=[1,3,9,10,13]; c9:bw=51,experts=[1,2,7,9,13]; c5:bw=59,experts=[1,5,7,9,13]
   51 | 0.01000 |   0.8100 |   76.39% |   76.89% |    0:43.32
      bandwidth/experts | c5:bw=89,experts=[1,2,3,5,7,9,12,13]; c0:bw=101,experts=[0,1,2,3,4,5,7,9,10,13]; c1:bw=40,experts=[1,4,9,13]; c2:bw=38,experts=[1,10,13]; c8:bw=87,experts=[0,1,3,4,7,9,10,13]; c6:bw=98,experts=[0,1,3,4,5,7,9,10,13]; c9:bw=34,experts=[1,9,13]; c3:bw=104,experts=[0,1,2,4,5,7,9,10,12,13]; c4:bw=21,experts=[1,13]; c7:bw=51,experts=[0,1,9,10,13]
   52 | 0.01000 |   0.8076 |   75.31% |   76.89% |    0:43.11
      bandwidth/experts | c0:bw=87,experts=[0,1,3,5,7,9,10,13]; c8:bw=33,experts=[1,2,13]; c5:bw=46,experts=[1,3,9,13]; c7:bw=64,experts=[0,1,5,9,10,13]; c1:bw=76,experts=[1,3,4,5,9,10,13]; c4:bw=63,experts=[0,1,8,9,11,13]; c9:bw=58,experts=[1,3,4,9,13]; c6:bw=96,experts=[0,1,3,4,5,7,9,10,13]; c2:bw=55,experts=[1,9,10,11,13]; c3:bw=81,experts=[0,1,2,3,5,9,10,13]
   53 | 0.01000 |   0.8065 |   76.43% |   76.89% |    0:43.28
      bandwidth/experts | c8:bw=41,experts=[1,9,10,13]; c4:bw=53,experts=[1,5,9,10,13]; c5:bw=83,experts=[1,3,4,5,7,9,10,13]; c1:bw=111,experts=[0,1,3,4,5,7,8,9,10,13,15]; c3:bw=89,experts=[0,1,2,5,9,10,12,13]; c9:bw=115,experts=[0,1,3,4,5,9,10,11,12,13,15]; c6:bw=67,experts=[1,3,5,7,9,13]; c7:bw=82,experts=[0,1,3,4,5,9,10,13]; c0:bw=73,experts=[1,2,3,5,9,10,13]; c2:bw=97,experts=[0,1,3,4,7,9,10,13,15]
   54 | 0.01000 |   0.8069 |   76.85% |   76.89% |    0:43.24
      bandwidth/experts | c2:bw=15,experts=[1]; c1:bw=99,experts=[1,3,4,5,8,9,10,13,15]; c8:bw=105,experts=[0,1,3,5,7,9,10,12,13,15]; c7:bw=115,experts=[0,1,2,4,5,7,9,10,11,13,15]; c3:bw=57,experts=[1,5,9,10,13]; c0:bw=70,experts=[1,3,5,9,10,11,13]; c6:bw=102,experts=[0,1,2,3,4,5,7,9,10,13]; c5:bw=10,experts=[1]; c9:bw=95,experts=[0,1,3,4,5,9,10,13,15]; c4:bw=60,experts=[0,1,4,5,9,13]
   55 | 0.01000 |   0.8012 |   75.81% |   76.89% |    0:43.29
      bandwidth/experts | c7:bw=103,experts=[0,1,3,4,5,7,9,10,12,13]; c2:bw=77,experts=[0,1,3,7,9,10,13]; c4:bw=27,experts=[1,13]; c3:bw=99,experts=[0,1,2,3,4,5,9,10,13]; c8:bw=26,experts=[1,13]; c5:bw=100,experts=[1,3,4,5,6,7,9,11,13,15]; c1:bw=113,experts=[1,2,3,4,5,8,9,10,11,13,15]; c6:bw=79,experts=[1,3,4,5,9,10,13]; c0:bw=52,experts=[1,3,5,9,13]; c9:bw=117,experts=[0,1,2,3,4,5,9,10,12,13,15]
   56 | 0.01000 |   0.8046 |   75.68% |   76.89% |    0:43.31
      bandwidth/experts | c9:bw=98,experts=[0,1,3,4,5,8,9,10,13]; c1:bw=106,experts=[0,1,3,4,5,8,9,10,13,15]; c3:bw=16,experts=[1]; c2:bw=100,experts=[0,1,2,3,4,7,9,10,13,15]; c5:bw=58,experts=[1,3,7,9,13]; c4:bw=18,experts=[13]; c8:bw=25,experts=[1,13]; c7:bw=34,experts=[1,9,13]; c6:bw=44,experts=[1,3,9,13]; c0:bw=132,experts=[0,1,2,3,4,5,7,9,10,11,12,13,15]
   57 | 0.01000 |   0.8043 |   77.03% |   77.03% |    0:43.46
      bandwidth/experts | c3:bw=121,experts=[0,1,2,3,4,5,9,10,11,12,13,15]; c8:bw=81,experts=[0,1,3,4,7,9,10,13]; c6:bw=91,experts=[0,1,3,4,5,7,9,10,13]; c1:bw=93,experts=[1,3,4,5,8,9,10,13,15]; c7:bw=130,experts=[0,1,2,3,4,5,7,9,10,11,12,13,15]; c0:bw=132,experts=[0,1,2,3,4,5,7,9,10,11,12,13,15]; c5:bw=83,experts=[1,2,3,4,5,7,9,13]; c4:bw=78,experts=[0,1,3,4,5,9,13]; c2:bw=62,experts=[1,3,7,9,10,13]; c9:bw=36,experts=[1,9,13]
   58 | 0.01000 |   0.7934 |   76.42% |   77.03% |    0:43.34
      bandwidth/experts | c7:bw=45,experts=[1,9,10,13]; c2:bw=10,experts=[1]; c9:bw=108,experts=[0,1,3,4,5,8,9,10,13,15]; c6:bw=104,experts=[0,1,3,4,5,7,9,10,11,13]; c5:bw=66,experts=[1,3,5,7,9,13]; c1:bw=56,experts=[1,4,9,10,13]; c8:bw=75,experts=[0,1,3,7,9,10,13]; c4:bw=72,experts=[0,1,2,5,7,9,13]; c3:bw=116,experts=[0,1,2,3,4,5,9,10,12,13,15]; c0:bw=89,experts=[0,1,3,5,7,9,10,13]
   59 | 0.01000 |   0.7982 |   77.79% |   77.79% |    0:43.29
      bandwidth/experts | c2:bw=69,experts=[1,4,7,9,10,13]; c8:bw=105,experts=[0,1,3,4,7,9,10,12,13,15]; c9:bw=52,experts=[1,3,4,9,13]; c6:bw=36,experts=[1,6,13]; c1:bw=123,experts=[0,1,2,3,4,5,8,9,10,12,13,15]; c4:bw=48,experts=[1,5,9,13]; c7:bw=53,experts=[1,9,10,11,13]; c5:bw=60,experts=[1,3,5,7,9,13]; c0:bw=98,experts=[0,1,2,3,4,5,9,10,13]; c3:bw=67,experts=[0,1,5,9,10,13]
   60 | 0.01000 |   0.7979 |   77.02% |   77.79% |    0:43.23
      bandwidth/experts | c0:bw=100,experts=[0,1,2,3,4,5,7,9,10,13]; c7:bw=90,experts=[0,1,7,8,9,10,12,13,15]; c4:bw=57,experts=[0,1,5,9,13]; c2:bw=57,experts=[1,7,9,10,13]; c5:bw=63,experts=[1,3,5,7,9,13]; c8:bw=46,experts=[1,10,11,13]; c6:bw=112,experts=[0,1,2,3,4,5,7,9,10,11,13]; c9:bw=14,experts=[1]; c1:bw=102,experts=[0,1,3,4,5,8,9,10,13,15]; c3:bw=83,experts=[0,1,2,5,9,10,12,13]
   61 | 0.01000 |   0.7929 |   76.63% |   77.79% |    0:43.16
      bandwidth/experts | c5:bw=92,experts=[0,1,2,3,5,7,9,10,13]; c6:bw=70,experts=[1,3,5,7,9,10,13]; c2:bw=55,experts=[1,7,9,10,13]; c9:bw=71,experts=[0,1,3,4,9,10,13]; c1:bw=63,experts=[1,3,4,9,10,13]; c3:bw=81,experts=[0,1,2,4,5,9,10,13]; c8:bw=104,experts=[0,1,3,4,5,7,9,10,13,15]; c4:bw=72,experts=[0,1,3,4,5,9,13]; c7:bw=82,experts=[0,1,4,5,9,10,13,15]; c0:bw=114,experts=[0,1,2,3,4,5,7,9,10,12,13]
   62 | 0.01000 |   0.7884 |   77.51% |   77.79% |    0:43.21
      bandwidth/experts | c8:bw=25,experts=[1,13]; c6:bw=118,experts=[0,1,2,3,4,5,7,9,10,11,13]; c9:bw=31,experts=[1,9,13]; c4:bw=114,experts=[0,1,2,3,4,5,7,9,10,13,15]; c5:bw=127,experts=[0,1,2,3,4,5,7,9,10,12,13,15]; c0:bw=53,experts=[0,1,3,9,13]; c3:bw=100,experts=[0,1,2,3,4,5,9,10,12,13]; c2:bw=79,experts=[1,3,4,7,9,10,13]; c1:bw=141,experts=[0,1,2,3,4,5,7,8,9,10,11,12,13,15]; c7:bw=84,experts=[0,1,3,4,5,9,10,13]
   63 | 0.01000 |   0.7895 |   77.12% |   77.79% |    0:43.46
      bandwidth/experts | c5:bw=17,experts=[1]; c9:bw=39,experts=[1,9,13]; c6:bw=64,experts=[1,3,7,9,10,13]; c3:bw=99,experts=[0,1,2,4,5,9,10,12,13]; c8:bw=60,experts=[1,3,7,9,10,13]; c1:bw=94,experts=[1,3,4,5,9,10,12,13,15]; c7:bw=129,experts=[0,1,2,3,4,5,7,9,10,12,13,15]; c0:bw=78,experts=[0,1,3,5,9,10,13]; c2:bw=53,experts=[1,7,9,10,13]; c4:bw=99,experts=[0,1,2,3,4,5,9,10,13]
   64 | 0.01000 |   0.7873 |   77.64% |   77.79% |    0:43.29
      bandwidth/experts | c6:bw=94,experts=[1,3,5,7,8,9,13,14,15]; c4:bw=71,experts=[0,1,5,6,9,13,14]; c5:bw=45,experts=[1,8,13,14]; c3:bw=71,experts=[1,5,6,8,10,13,14]; c7:bw=64,experts=[1,6,9,10,13,14]; c0:bw=60,experts=[1,3,6,8,9,13]; c8:bw=101,experts=[1,3,4,6,7,8,9,10,13,14]; c9:bw=112,experts=[0,1,3,4,5,6,9,10,13,14,15]; c2:bw=106,experts=[1,3,4,6,7,8,9,10,13,14]; c1:bw=54,experts=[1,4,6,13,14]
   65 | 0.01000 |   0.7858 |   77.51% |   77.79% |    0:43.28
      bandwidth/experts | c7:bw=17,experts=[1]; c5:bw=54,experts=[1,3,5,9,13]; c4:bw=108,experts=[0,1,2,3,4,5,9,12,13,15]; c6:bw=94,experts=[0,1,3,4,5,7,9,10,13]; c8:bw=124,experts=[0,1,2,3,4,5,7,9,10,12,13,15]; c3:bw=80,experts=[0,1,2,5,9,10,12,13]; c0:bw=78,experts=[0,1,3,9,10,13,14]; c2:bw=53,experts=[1,7,9,10,13]; c1:bw=109,experts=[0,1,3,4,5,8,9,10,13,15]; c9:bw=88,experts=[0,1,3,4,9,10,13,15]
   66 | 0.01000 |   0.7857 |   77.31% |   77.79% |    0:43.33
      bandwidth/experts | c2:bw=77,experts=[1,5,7,9,10,12,13]; c5:bw=32,experts=[1,9,13]; c1:bw=102,experts=[0,1,3,4,5,8,9,10,13,15]; c8:bw=46,experts=[1,9,10,13]; c9:bw=59,experts=[1,4,7,9,13]; c6:bw=56,experts=[1,3,9,12,13]; c4:bw=78,experts=[0,1,2,3,4,9,13]; c0:bw=72,experts=[0,1,2,3,5,9,13]; c3:bw=126,experts=[0,1,2,3,5,7,9,10,11,12,13,15]; c7:bw=95,experts=[0,1,3,5,7,9,10,13,15]
   67 | 0.01000 |   0.7841 |   77.41% |   77.79% |    0:43.38
      bandwidth/experts | c4:bw=97,experts=[0,1,2,3,4,5,7,9,13]; c5:bw=91,experts=[1,2,3,4,5,7,9,10,13]; c1:bw=69,experts=[1,3,4,9,10,13]; c3:bw=48,experts=[1,5,10,13]; c6:bw=100,experts=[0,1,2,3,4,5,7,9,10,13]; c0:bw=61,experts=[0,1,3,9,10,13]; c2:bw=81,experts=[0,1,3,4,7,9,10,13]; c9:bw=113,experts=[0,1,3,4,5,8,9,10,12,13,15]; c7:bw=111,experts=[0,1,2,4,5,7,9,10,11,13,15]; c8:bw=17,experts=[1]
   68 | 0.01000 |   0.7855 |   77.45% |   77.79% |    0:43.32
      bandwidth/experts | c1:bw=79,experts=[1,3,4,5,9,10,13]; c8:bw=59,experts=[1,3,9,10,13]; c2:bw=110,experts=[0,1,3,4,7,9,10,11,12,13,15]; c0:bw=57,experts=[1,3,9,10,13]; c3:bw=49,experts=[1,5,10,13]; c4:bw=93,experts=[0,1,3,5,7,8,9,11,13]; c5:bw=84,experts=[1,3,4,5,7,9,10,13]; c9:bw=29,experts=[1,13]; c7:bw=53,experts=[0,1,9,10,13]; c6:bw=60,experts=[1,3,5,7,9,13]
   69 | 0.01000 |   0.7813 |   78.82% |   78.82% |    0:43.51
      bandwidth/experts | c3:bw=78,experts=[1,2,5,9,10,12,13]; c7:bw=110,experts=[0,1,2,3,4,5,7,9,10,11,13]; c1:bw=59,experts=[1,3,4,9,13]; c4:bw=78,experts=[0,1,3,4,5,9,13]; c9:bw=67,experts=[1,4,9,10,11,13]; c5:bw=74,experts=[1,2,3,5,7,9,13]; c0:bw=99,experts=[0,1,2,3,5,7,9,10,13]; c2:bw=125,experts=[0,1,2,3,4,5,7,9,10,12,13,15]; c8:bw=79,experts=[0,1,3,7,9,10,13]; c6:bw=49,experts=[1,3,9,13]
   70 | 0.01000 |   0.7785 |   77.07% |   78.82% |    0:43.49
      bandwidth/experts | c1:bw=46,experts=[1,4,10,13]; c9:bw=10,experts=[1]; c7:bw=53,experts=[0,1,9,10,13]; c3:bw=60,experts=[1,2,5,9,10,13]; c0:bw=57,experts=[1,3,9,10,13]; c6:bw=49,experts=[1,3,9,13]; c2:bw=104,experts=[0,1,3,4,7,9,10,12,13,15]; c4:bw=109,experts=[0,1,2,3,4,7,9,10,13,15]; c5:bw=43,experts=[1,5,9,13]; c8:bw=91,experts=[0,1,3,4,7,9,10,13,15]
   71 | 0.01000 |   0.7764 |   78.24% |   78.82% |    0:43.60
      bandwidth/experts | c4:bw=80,experts=[0,1,2,3,4,5,9,13]; c0:bw=31,experts=[1,9,13]; c1:bw=99,experts=[1,3,4,5,8,9,10,13,15]; c9:bw=75,experts=[1,2,3,4,9,10,13]; c7:bw=39,experts=[1,9,13]; c5:bw=63,experts=[1,6,7,9,11,13]; c3:bw=116,experts=[0,1,2,3,4,5,7,9,10,12,13]; c6:bw=94,experts=[0,1,3,4,5,7,9,10,13]; c8:bw=73,experts=[0,1,3,7,9,10,13]; c2:bw=115,experts=[0,1,2,3,4,7,9,10,12,13,15]
   72 | 0.01000 |   0.7754 |   79.14% |   79.14% |    0:43.62
      bandwidth/experts | c8:bw=56,experts=[1,7,9,10,13]; c1:bw=75,experts=[1,3,4,8,9,10,13]; c5:bw=82,experts=[1,2,3,4,5,7,9,13]; c7:bw=91,experts=[0,1,4,5,7,9,10,13,15]; c6:bw=36,experts=[1,9,13]; c0:bw=99,experts=[0,1,2,3,5,7,9,10,13]; c3:bw=43,experts=[1,5,10,13]; c2:bw=43,experts=[1,9,10,13]; c9:bw=71,experts=[1,3,4,5,9,10,13]; c4:bw=74,experts=[0,1,2,4,5,9,13]
   73 | 0.01000 |   0.7760 |   77.70% |   79.14% |    0:43.62
      bandwidth/experts | c2:bw=89,experts=[0,1,3,4,7,9,10,13]; c8:bw=20,experts=[1,13]; c3:bw=75,experts=[0,1,2,5,9,10,13]; c1:bw=124,experts=[0,1,3,4,5,7,8,9,10,12,13,15]; c5:bw=32,experts=[1,9,13]; c9:bw=98,experts=[0,1,3,4,5,9,10,13,15]; c0:bw=53,experts=[1,9,11,13,15]; c7:bw=70,experts=[0,1,4,5,9,10,13]; c6:bw=37,experts=[1,9,13]; c4:bw=77,experts=[0,1,2,3,4,9,13]
   74 | 0.01000 |   0.7746 |   78.27% |   79.14% |    0:43.49
      bandwidth/experts | c3:bw=13,experts=[1]; c0:bw=75,experts=[1,3,5,7,9,10,13]; c1:bw=52,experts=[1,4,9,10,13]; c5:bw=95,experts=[0,1,2,3,5,7,9,10,13]; c7:bw=123,experts=[0,1,2,3,4,5,7,9,10,12,13,15]; c8:bw=53,experts=[1,7,9,10,13]; c6:bw=15,experts=[1]; c2:bw=11,experts=[1]; c4:bw=89,experts=[0,1,2,3,4,5,9,13]; c9:bw=60,experts=[1,3,4,9,10,13]
   75 | 0.01000 |   0.7676 |   78.18% |   79.14% |    0:43.59
      bandwidth/experts | c2:bw=75,experts=[1,3,4,7,9,10,13]; c9:bw=115,experts=[0,1,3,4,5,8,9,10,12,13,15]; c1:bw=102,experts=[0,1,3,4,5,8,9,10,13,15]; c3:bw=37,experts=[1,5,13]; c7:bw=54,experts=[1,9,10,13,15]; c6:bw=105,experts=[0,1,3,4,5,6,7,9,10,13]; c5:bw=59,experts=[1,5,7,9,13]; c4:bw=106,experts=[0,1,2,3,4,5,7,9,13,15]; c0:bw=114,experts=[0,1,2,3,4,5,7,9,10,13,15]; c8:bw=101,experts=[0,1,3,4,7,9,10,12,13,15]
   76 | 0.01000 |   0.7723 |   77.97% |   79.14% |    0:43.53
      bandwidth/experts | c8:bw=54,experts=[1,9,10,11,13]; c5:bw=70,experts=[1,2,3,5,7,9,13]; c0:bw=59,experts=[1,3,9,10,13]; c3:bw=28,experts=[1,13]; c2:bw=47,experts=[1,9,10,13]; c6:bw=44,experts=[1,3,9,13]; c7:bw=126,experts=[0,1,2,3,4,5,8,9,10,11,13,15]; c4:bw=114,experts=[0,1,2,3,4,5,7,9,10,13,15]; c9:bw=108,experts=[0,1,3,4,5,8,9,10,13,15]; c1:bw=101,experts=[0,1,3,4,5,8,9,10,13,15]
   77 | 0.01000 |   0.7698 |   78.10% |   79.14% |    0:43.43
      bandwidth/experts | c9:bw=55,experts=[1,3,4,9,13]; c2:bw=65,experts=[1,3,7,9,10,13]; c1:bw=118,experts=[0,1,3,4,5,8,9,10,12,13,15]; c8:bw=10,experts=[1]; c4:bw=10,experts=[13]; c7:bw=16,experts=[1]; c6:bw=107,experts=[0,1,2,3,4,5,7,9,10,13]; c0:bw=120,experts=[0,1,2,3,4,5,7,9,10,12,13,15]; c3:bw=76,experts=[1,2,5,9,10,12,13]; c5:bw=112,experts=[0,1,2,3,4,5,7,9,10,13,15]
   78 | 0.01000 |   0.7656 |   77.84% |   79.14% |    0:43.35
      bandwidth/experts | c0:bw=50,experts=[1,3,9,10,13]; c4:bw=43,experts=[1,7,9,13]; c3:bw=71,experts=[1,2,5,9,10,12,13]; c7:bw=68,experts=[0,1,5,9,10,13]; c8:bw=102,experts=[0,1,3,4,7,9,10,12,13,15]; c1:bw=77,experts=[1,2,4,9,10,11,13]; c9:bw=58,experts=[1,4,9,10,13]; c6:bw=109,experts=[0,1,3,4,5,7,9,10,11,13]; c5:bw=119,experts=[1,2,3,4,5,7,9,10,12,13,15]; c2:bw=65,experts=[1,3,7,9,10,13]
   79 | 0.01000 |   0.7649 |   78.79% |   79.14% |    0:43.33
      bandwidth/experts | c6:bw=40,experts=[1,3,9,13]; c9:bw=17,experts=[1]; c0:bw=68,experts=[0,1,3,9,10,13]; c4:bw=160,experts=[0,1,2,3,4,5,6,7,8,9,10,11,12,13,14,15]; c7:bw=86,experts=[0,1,3,4,5,9,10,13]; c8:bw=84,experts=[0,1,3,4,7,9,10,13]; c5:bw=100,experts=[0,1,2,3,5,7,9,10,13,15]; c3:bw=50,experts=[1,2,5,10,13]; c1:bw=70,experts=[1,3,4,8,9,10,13]; c2:bw=63,experts=[1,3,7,9,10,13]
   80 | 0.01000 |   0.7598 |   78.23% |   79.14% |    0:43.54
      bandwidth/experts | c5:bw=124,experts=[0,1,2,3,4,5,7,8,9,10,13,14]; c9:bw=99,experts=[1,3,4,5,6,9,10,13,14]; c7:bw=90,experts=[0,1,5,6,7,9,10,13,14]; c1:bw=58,experts=[1,4,6,13,14]; c3:bw=59,experts=[1,6,8,13,14]; c4:bw=108,experts=[0,1,2,3,5,7,9,10,13,15]; c2:bw=82,experts=[1,6,7,8,9,10,13,14]; c0:bw=90,experts=[0,1,3,6,7,8,9,10,13]; c6:bw=74,experts=[1,3,8,9,13,14,15]; c8:bw=97,experts=[1,3,6,7,8,9,10,13,14]
   81 | 0.01000 |   0.7676 |   79.04% |   79.14% |    0:43.44
      bandwidth/experts | c6:bw=97,experts=[0,1,3,4,5,7,9,10,13]; c2:bw=85,experts=[0,1,3,4,7,9,10,13]; c3:bw=126,experts=[0,1,2,3,4,5,7,9,10,11,12,13]; c1:bw=93,experts=[0,1,3,4,8,9,10,13,15]; c4:bw=79,experts=[0,1,2,4,7,9,13]; c5:bw=57,experts=[1,3,7,9,13]; c9:bw=50,experts=[1,3,4,9,13]; c7:bw=109,experts=[0,1,3,4,5,9,10,11,13,15]; c8:bw=90,experts=[0,1,2,3,5,7,9,10,13]; c0:bw=95,experts=[0,1,2,3,5,9,10,13,14]
   82 | 0.01000 |   0.7644 |   78.85% |   79.14% |    0:43.68
      bandwidth/experts | c1:bw=121,experts=[0,1,3,4,5,7,8,9,10,12,13,15]; c0:bw=57,experts=[1,3,9,10,13]; c6:bw=69,experts=[1,3,7,9,12,13]; c8:bw=109,experts=[0,1,3,4,5,7,9,10,13,15]; c7:bw=75,experts=[0,1,4,7,9,10,13]; c3:bw=74,experts=[1,2,5,9,10,13,15]; c2:bw=56,experts=[1,7,9,10,13]; c9:bw=105,experts=[0,1,3,4,5,7,8,9,10,13]; c5:bw=76,experts=[1,2,3,5,7,9,13]; c4:bw=56,experts=[0,1,2,9,13]
   83 | 0.01000 |   0.7591 |   77.48% |   79.14% |    0:43.64
      bandwidth/experts | c9:bw=97,experts=[1,3,4,5,8,9,10,13,15]; c4:bw=19,experts=[13]; c2:bw=77,experts=[1,3,4,7,9,10,13]; c7:bw=70,experts=[0,1,4,5,9,10,13]; c5:bw=10,experts=[1]; c0:bw=10,experts=[1]; c6:bw=100,experts=[0,1,2,3,4,5,7,9,10,13]; c1:bw=119,experts=[0,1,3,4,5,8,9,10,12,13,15]; c8:bw=74,experts=[1,3,4,7,9,10,13]; c3:bw=80,experts=[1,2,5,7,9,10,12,13]
   84 | 0.01000 |   0.7610 |   79.72% |   79.72% |    0:43.66
      bandwidth/experts | c8:bw=126,experts=[0,1,2,3,4,5,7,9,10,12,13,15]; c3:bw=61,experts=[1,2,5,9,10,13]; c1:bw=110,experts=[0,1,2,3,4,5,7,9,10,13,15]; c6:bw=10,experts=[1]; c9:bw=39,experts=[1,4,13]; c2:bw=69,experts=[1,7,9,10,11,13]; c7:bw=89,experts=[0,1,3,5,7,9,10,13]; c5:bw=38,experts=[1,7,13]; c4:bw=52,experts=[1,2,5,9,13]; c0:bw=19,experts=[1]
   85 | 0.01000 |   0.7604 |   78.29% |   79.72% |    0:43.67
      bandwidth/experts | c0:bw=72,experts=[1,2,3,7,9,10,13]; c2:bw=86,experts=[1,3,4,5,7,9,10,13]; c8:bw=132,experts=[0,1,2,3,4,5,7,9,10,11,12,13,15]; c6:bw=79,experts=[1,3,5,7,9,10,13]; c1:bw=107,experts=[0,1,3,4,5,8,9,10,13,15]; c4:bw=79,experts=[0,1,2,4,7,9,13]; c9:bw=109,experts=[0,1,3,4,5,9,10,11,13,15]; c3:bw=97,experts=[0,1,2,5,7,9,10,12,13]; c5:bw=23,experts=[1,13]; c7:bw=21,experts=[1,13]
   86 | 0.01000 |   0.7554 |   78.00% |   79.72% |    0:43.64
      bandwidth/experts | c5:bw=90,experts=[0,1,2,3,5,7,9,10,13]; c8:bw=53,experts=[1,7,9,10,13]; c2:bw=45,experts=[1,9,10,13]; c6:bw=104,experts=[0,1,3,4,5,7,9,10,11,13]; c0:bw=56,experts=[1,3,9,10,13]; c4:bw=35,experts=[1,9,13]; c7:bw=83,experts=[0,1,4,5,9,10,11,13]; c3:bw=52,experts=[1,5,9,10,13]; c1:bw=136,experts=[0,1,2,3,4,5,8,9,10,11,12,13,15]; c9:bw=81,experts=[1,3,4,5,9,10,13,15]
   87 | 0.01000 |   0.7509 |   80.26% |   80.26% |    0:43.59
      bandwidth/experts | c1:bw=55,experts=[1,4,9,10,13]; c2:bw=127,experts=[0,1,2,3,4,5,7,9,10,12,13,15]; c7:bw=42,experts=[1,9,10,13]; c5:bw=10,experts=[6]; c6:bw=113,experts=[0,1,2,3,4,5,7,9,10,11,13]; c3:bw=128,experts=[0,1,2,4,5,7,8,9,10,11,12,13]; c4:bw=64,experts=[0,1,3,4,9,13]; c9:bw=71,experts=[1,2,3,4,9,10,13]; c8:bw=87,experts=[0,1,3,4,7,9,10,13]; c0:bw=66,experts=[1,2,3,9,10,13]
   88 | 0.01000 |   0.7490 |   78.32% |   80.26% |    0:43.66
      bandwidth/experts | c8:bw=81,experts=[0,1,3,7,9,10,13,15]; c6:bw=51,experts=[1,3,7,9,13]; c3:bw=62,experts=[1,2,5,9,10,13]; c7:bw=78,experts=[0,1,3,5,9,10,13]; c0:bw=117,experts=[0,1,2,3,5,7,9,10,12,13,15]; c4:bw=71,experts=[0,1,2,3,4,9,13]; c9:bw=58,experts=[1,3,4,9,13]; c1:bw=53,experts=[1,3,4,9,13]; c5:bw=57,experts=[1,7,9,11,13]; c2:bw=86,experts=[0,1,3,4,7,9,10,13]
   89 | 0.01000 |   0.7542 |   79.52% |   80.26% |    0:43.59
      bandwidth/experts | c3:bw=58,experts=[1,5,9,10,13]; c8:bw=139,experts=[0,1,2,3,4,5,7,9,10,11,12,13,15]; c2:bw=84,experts=[0,1,3,4,7,9,10,13]; c9:bw=114,experts=[0,1,2,3,4,5,8,9,10,13,15]; c7:bw=40,experts=[1,9,10,13]; c5:bw=86,experts=[1,2,3,5,7,9,10,13]; c0:bw=24,experts=[1,11]; c6:bw=60,experts=[1,3,5,7,9,13]; c4:bw=58,experts=[0,1,4,9,13]; c1:bw=77,experts=[1,3,4,5,9,10,13]
   90 | 0.01000 |   0.7512 |   79.48% |   80.26% |    0:43.68
      bandwidth/experts | c7:bw=135,experts=[0,1,2,3,4,5,7,9,10,11,12,13,15]; c1:bw=58,experts=[1,4,9,10,13]; c3:bw=68,experts=[1,2,5,9,10,13]; c9:bw=120,experts=[0,1,2,3,4,5,8,9,10,12,13,15]; c0:bw=121,experts=[0,1,2,3,4,5,7,9,10,12,13,15]; c6:bw=49,experts=[1,7,9,13]; c2:bw=40,experts=[1,7,9,13]; c5:bw=51,experts=[1,3,7,9,13]; c8:bw=95,experts=[0,1,3,4,7,9,10,13,15]; c4:bw=67,experts=[0,1,2,3,9,13]
   91 | 0.01000 |   0.7479 |   79.47% |   80.26% |    0:43.58
      bandwidth/experts | c1:bw=94,experts=[1,3,4,5,8,9,10,13,15]; c9:bw=66,experts=[1,3,4,9,10,13]; c5:bw=98,experts=[0,1,2,3,5,7,9,10,13]; c7:bw=97,experts=[0,1,2,3,5,7,9,10,13]; c3:bw=75,experts=[0,1,2,5,9,10,13]; c4:bw=102,experts=[0,1,2,3,4,5,7,9,13,15]; c0:bw=42,experts=[1,3,9,13]; c6:bw=55,experts=[1,3,6,9,13]; c2:bw=21,experts=[1,13]; c8:bw=43,experts=[1,3,10,13]
   92 | 0.01000 |   0.7512 |   79.17% |   80.26% |    0:43.85
      bandwidth/experts | c3:bw=54,experts=[1,5,9,10,13]; c7:bw=64,experts=[1,8,9,10,13,15]; c1:bw=37,experts=[1,4,13]; c0:bw=56,experts=[1,3,7,9,13]; c8:bw=36,experts=[1,10,13]; c6:bw=86,experts=[0,1,3,5,7,9,10,13]; c9:bw=105,experts=[0,1,3,4,5,8,9,10,13,15]; c2:bw=47,experts=[1,7,10,13]; c5:bw=124,experts=[0,1,2,3,4,5,6,7,9,10,13,15]; c4:bw=50,experts=[0,1,2,9,13]
   93 | 0.01000 |   0.7442 |   79.49% |   80.26% |    0:43.96
      bandwidth/experts | c1:bw=89,experts=[1,3,4,8,9,10,13,15]; c3:bw=59,experts=[1,2,5,10,13]; c7:bw=42,experts=[1,9,10,13]; c9:bw=109,experts=[0,1,3,4,5,8,9,10,13,15]; c6:bw=42,experts=[1,3,9,13]; c8:bw=10,experts=[1]; c5:bw=15,experts=[1]; c4:bw=60,experts=[0,1,5,7,9,13]; c0:bw=35,experts=[1,9,13]; c2:bw=96,experts=[0,1,3,4,7,9,10,13,15]
   94 | 0.01000 |   0.7466 |   78.83% |   80.26% |    0:43.48
      bandwidth/experts | c7:bw=84,experts=[0,1,2,4,5,9,10,13]; c2:bw=122,experts=[0,1,2,3,4,5,7,9,10,12,13,15]; c5:bw=77,experts=[1,3,5,7,9,12,13]; c4:bw=59,experts=[0,1,2,9,13]; c6:bw=57,experts=[1,3,7,9,13]; c9:bw=95,experts=[0,1,3,4,5,9,10,13,15]; c1:bw=133,experts=[0,1,2,3,4,5,7,8,9,10,12,13,15]; c8:bw=14,experts=[1]; c0:bw=105,experts=[0,1,2,3,4,5,7,9,10,13]; c3:bw=64,experts=[1,2,5,9,10,13]
   95 | 0.01000 |   0.7516 |   78.57% |   80.26% |    0:43.44
      bandwidth/experts | c7:bw=112,experts=[0,1,2,3,4,5,7,9,10,12,13]; c9:bw=80,experts=[0,1,3,4,5,9,10,13]; c4:bw=29,experts=[6,8]; c6:bw=76,experts=[1,3,5,7,9,10,13]; c0:bw=66,experts=[0,1,3,9,10,13]; c3:bw=77,experts=[0,1,2,5,9,10,13]; c1:bw=59,experts=[1,4,5,9,13]; c8:bw=143,experts=[0,1,2,3,4,5,7,8,9,10,11,12,13,15]; c2:bw=43,experts=[1,7,10,13]; c5:bw=16,experts=[1]
   96 | 0.01000 |   0.7443 |   79.96% |   80.26% |    0:43.60
      bandwidth/experts | c2:bw=122,experts=[0,1,3,4,6,7,8,9,10,13,14,15]; c9:bw=83,experts=[1,3,4,5,6,9,13,14]; c3:bw=86,experts=[1,5,6,9,10,13,14,15]; c1:bw=68,experts=[1,4,6,9,13,14]; c5:bw=113,experts=[1,2,3,4,5,7,8,9,10,13,14]; c4:bw=92,experts=[0,1,2,9,10,11,12,13,14]; c6:bw=59,experts=[1,8,13,14,15]; c7:bw=95,experts=[1,5,6,7,9,10,13,14,15]; c0:bw=68,experts=[1,3,6,8,9,13]; c8:bw=122,experts=[0,1,3,4,5,6,7,9,10,13,14,15]
   97 | 0.01000 |   0.7407 |   77.94% |   80.26% |    0:43.61
      bandwidth/experts | c0:bw=77,experts=[0,1,3,9,10,13,14]; c9:bw=82,experts=[0,1,3,4,5,9,10,13]; c8:bw=81,experts=[0,1,3,7,9,10,13,15]; c4:bw=31,experts=[1,9,13]; c7:bw=57,experts=[1,7,9,10,13]; c1:bw=95,experts=[1,3,4,5,8,9,10,13,15]; c3:bw=66,experts=[1,2,3,5,10,13]; c5:bw=88,experts=[1,2,3,4,5,7,9,13]; c6:bw=95,experts=[0,1,2,3,5,7,9,10,13]; c2:bw=102,experts=[0,1,3,4,7,9,10,12,13,15]
   98 | 0.01000 |   0.7458 |   78.83% |   80.26% |    0:43.57
      bandwidth/experts | c4:bw=98,experts=[0,1,2,3,7,9,10,13,15]; c8:bw=101,experts=[0,1,3,4,7,9,10,12,13,15]; c9:bw=51,experts=[1,4,7,9,13]; c7:bw=45,experts=[1,5,9,13]; c6:bw=69,experts=[1,3,7,9,12,13]; c5:bw=93,experts=[1,2,3,5,6,7,9,13,15]; c0:bw=63,experts=[0,1,3,9,10,13]; c3:bw=48,experts=[1,5,10,13]; c1:bw=49,experts=[1,4,9,13]; c2:bw=46,experts=[1,7,10,13]
   99 | 0.01000 |   0.7412 |   80.18% |   80.26% |    0:43.52
      bandwidth/experts | c8:bw=64,experts=[1,3,7,9,10,13]; c5:bw=93,experts=[0,1,2,3,5,7,9,13,15]; c7:bw=86,experts=[1,2,3,4,5,9,10,13]; c1:bw=112,experts=[0,1,2,3,4,5,8,9,10,13,15]; c3:bw=71,experts=[1,2,5,9,10,11,13]; c9:bw=39,experts=[1,4,13]; c4:bw=46,experts=[0,1,9,13]; c0:bw=76,experts=[0,1,3,7,9,10,13]; c2:bw=58,experts=[1,7,9,10,13]; c6:bw=66,experts=[1,3,7,9,10,13]
  100 | 0.01000 |   0.7365 |   79.60% |   80.26% |    0:43.74
      bandwidth/experts | c2:bw=57,experts=[1,7,10,11,13]; c8:bw=84,experts=[0,1,3,4,7,9,10,13]; c9:bw=100,experts=[0,1,3,4,5,8,9,10,13,15]; c5:bw=35,experts=[1,9,13]; c6:bw=83,experts=[0,1,3,5,7,9,10,13]; c1:bw=33,experts=[1,4,13]; c4:bw=123,experts=[0,1,2,3,4,5,7,9,10,12,13,15]; c7:bw=13,experts=[1]; c3:bw=78,experts=[0,1,2,5,10,12,13]; c0:bw=122,experts=[0,1,2,3,4,5,7,9,10,12,13,15]

Done. Best Acc: 80.26% @ round 87
Total time: 1:12:23.90
[Export] 实验目录: /userhome/cs3/duanty/FedMoE/results/c10-e16-w0p5-posthoc/20260919-085311
[Export] 每轮明细: /userhome/cs3/duanty/FedMoE/results/c10-e16-w0p5-posthoc/20260919-085311/rounds.xlsx
[Export] 总体摘要: /userhome/cs3/duanty/FedMoE/results/c10-e16-w0p5-posthoc/20260919-085311/summary.xlsx
[Plot] result = /userhome/cs3/duanty/FedMoE/results/c10-e16-w0p5-posthoc/20260919-085311
[Plot] figures -> /userhome/cs3/duanty/FedMoE/results/c10-e16-w0p5-posthoc/20260919-085311/figure
  fig01_test_accuracy.pdf
  fig02_train_loss.pdf
  fig03_acc_and_loss.pdf
  fig04_bandwidth_and_k.pdf
  fig05_expert_round_heatmap.pdf
  fig06_client_expert_heatmap.pdf
  fig07_expert_frequency.pdf
  fig08_time_breakdown.pdf
  fig09_accuracy_vs_communication.pdf
  fig10_overview.pdf
[Export] 图片目录: /userhome/cs3/duanty/FedMoE/results/c10-e16-w0p5-posthoc/20260919-085311/figure
