========================================
Job    : c10-e4-w0p5-ours
Host   : gpu-4090-801
Date   : Sat Sep 19 05:56:40 HKT 2026
GPU    : 0
Python : /userhome/cs3/duanty/miniconda3/envs/moe/bin/python
Command: python -u main.py --method ours --dataset cifar10 --backbone resnet --select ours --merge ours --device cuda --num_experts 4 --width_mult 0.5 --bw_max -1 --output_dir ./results/c10-e4-w0p5-ours
========================================

==================================================================
 Ours  
  Dataset=cifar10 | beta=0.1 | Backbone=resnet | width_mult=0.5 | Clients=10 | Experts=4
  Select=ours | Merge=ours
  Expert refresh N_ref=4
  Rounds=100 | LR=0.01
  Bandwidth: expert_bw=10 | bw=[10, 40] | Rayleigh-Shannon, SNR=10 dB | k=floor(bw/10)
==================================================================


[Partition] Dirichlet beta=0.1, 10 clients
  Client 0:   6071 samples | 3/10 classes
  Client 1:  18481 samples | 7/10 classes
  Client 2:    174 samples | 3/10 classes
  Client 3:    462 samples | 3/10 classes
  Client 4:   2759 samples | 3/10 classes
  Client 5:   5740 samples | 7/10 classes
  Client 6:   1703 samples | 4/10 classes
  Client 7:   3407 samples | 7/10 classes
  Client 8:   6483 samples | 7/10 classes
  Client 9:   4720 samples | 10/10 classes

[Upload] expert_bw=10 | available bw=[10, 40] | Rayleigh-Shannon, SNR=10 dB | upload k=floor(bw/10), cap=4 | probe gate scores, refresh stale experts, then train selected

[Model] Total params: 3,342,920

[Export] 本次实验目录: /userhome/cs3/duanty/FedMoE/results/c10-e4-w0p5-ours/20260919-055647

Round |      LR |  AvgLoss |  TestAcc |     Best |  RoundTime
--------------------------------------------------------------------------------
    1 | 0.00208 |   1.4767 |   22.21% |   22.21% |    0:54.40
      bandwidth/experts | c8:bw=31,experts=[0,1,3]; c1:bw=16,experts=[1]; c5:bw=25,experts=[0,1]; c0:bw=10,experts=[1]; c7:bw=11,experts=[1]; c2:bw=16,experts=[1]; c9:bw=25,experts=[0,1]; c4:bw=22,experts=[0,1]; c3:bw=28,experts=[0,1]; c6:bw=23,experts=[0,1]
    2 | 0.00406 |   1.2705 |   30.84% |   30.84% |    0:54.82
      bandwidth/experts | c0:bw=20,experts=[0,1]; c1:bw=23,experts=[0,1]; c8:bw=27,experts=[0,1]; c5:bw=38,experts=[0,1,3]; c3:bw=37,experts=[0,1,3]; c4:bw=17,experts=[1]; c7:bw=31,experts=[0,1,3]; c9:bw=26,experts=[0,1]; c6:bw=10,experts=[1]; c2:bw=12,experts=[1]
    3 | 0.00604 |   1.1954 |   36.61% |   36.61% |    0:54.72
      bandwidth/experts | c9:bw=26,experts=[0,1]; c2:bw=23,experts=[0,1]; c0:bw=28,experts=[0,1]; c6:bw=22,experts=[0,1]; c8:bw=17,experts=[1]; c5:bw=10,experts=[1]; c3:bw=14,experts=[1]; c7:bw=18,experts=[1]; c1:bw=10,experts=[1]; c4:bw=29,experts=[0,1]
    4 | 0.00802 |   1.2977 |   20.22% |   36.61% |    0:55.36
      bandwidth/experts | c1:bw=22,experts=[2,3]; c7:bw=25,experts=[1,2]; c6:bw=29,experts=[2,3]; c2:bw=33,experts=[1,2,3]; c8:bw=17,experts=[2]; c0:bw=33,experts=[1,2,3]; c3:bw=19,experts=[2]; c4:bw=31,experts=[1,2,3]; c5:bw=40,experts=[0,1,2,3]; c9:bw=12,experts=[2]
    5 | 0.01000 |   1.0865 |   39.71% |   39.71% |    0:55.15
      bandwidth/experts | c1:bw=11,experts=[1]; c5:bw=22,experts=[0,1]; c4:bw=27,experts=[0,1]; c8:bw=20,experts=[1,3]; c0:bw=28,experts=[0,1]; c7:bw=14,experts=[1]; c6:bw=29,experts=[0,1]; c3:bw=35,experts=[0,1,3]; c2:bw=10,experts=[1]; c9:bw=35,experts=[0,1,3]
    6 | 0.01000 |   1.1216 |   48.63% |   48.63% |    0:54.49
      bandwidth/experts | c8:bw=37,experts=[0,1,3]; c2:bw=23,experts=[0,1]; c5:bw=15,experts=[1]; c7:bw=32,experts=[0,1,3]; c3:bw=20,experts=[0,1]; c1:bw=18,experts=[0]; c9:bw=27,experts=[0,1]; c0:bw=17,experts=[1]; c4:bw=10,experts=[1]; c6:bw=11,experts=[1]
    7 | 0.01000 |   1.0239 |   46.81% |   48.63% |    0:57.09
      bandwidth/experts | c0:bw=20,experts=[0,1]; c5:bw=27,experts=[0,1]; c2:bw=22,experts=[0,1]; c6:bw=10,experts=[1]; c3:bw=15,experts=[1]; c7:bw=17,experts=[1]; c4:bw=10,experts=[1]; c1:bw=10,experts=[1]; c8:bw=32,experts=[0,1,3]; c9:bw=10,experts=[1]
    8 | 0.01000 |   1.2968 |   44.03% |   48.63% |    0:55.22
      bandwidth/experts | c4:bw=10,experts=[2]; c8:bw=20,experts=[1,2]; c1:bw=32,experts=[1,2,3]; c3:bw=21,experts=[1,2]; c0:bw=18,experts=[2]; c5:bw=16,experts=[2]; c2:bw=30,experts=[1,2,3]; c9:bw=33,experts=[0,1,2]; c7:bw=10,experts=[2]; c6:bw=23,experts=[2,3]
    9 | 0.01000 |   1.1587 |   54.80% |   54.80% |    0:55.53
      bandwidth/experts | c2:bw=12,experts=[1]; c0:bw=29,experts=[1,3]; c4:bw=33,experts=[0,1,3]; c9:bw=15,experts=[3]; c8:bw=10,experts=[1]; c6:bw=17,experts=[0]; c7:bw=25,experts=[0,1]; c5:bw=29,experts=[1,3]; c1:bw=10,experts=[1]; c3:bw=13,experts=[3]
   10 | 0.01000 |   1.0051 |   51.54% |   54.80% |    0:54.61
      bandwidth/experts | c4:bw=20,experts=[1,3]; c2:bw=19,experts=[1]; c7:bw=21,experts=[1,3]; c0:bw=33,experts=[0,1,3]; c6:bw=36,experts=[0,1,3]; c3:bw=26,experts=[0,1]; c5:bw=32,experts=[0,1,3]; c8:bw=20,experts=[0,1]; c9:bw=20,experts=[1,3]; c1:bw=23,experts=[0,1]
   11 | 0.01000 |   1.0328 |   58.02% |   58.02% |    0:54.26
      bandwidth/experts | c5:bw=15,experts=[1]; c2:bw=15,experts=[0]; c7:bw=24,experts=[0,1]; c3:bw=28,experts=[0,1]; c0:bw=16,experts=[1]; c8:bw=22,experts=[1,3]; c9:bw=18,experts=[1]; c6:bw=31,experts=[0,1,3]; c1:bw=22,experts=[0,1]; c4:bw=10,experts=[1]
   12 | 0.01000 |   1.1663 |   55.19% |   58.02% |    0:55.30
      bandwidth/experts | c1:bw=24,experts=[2,3]; c5:bw=31,experts=[1,2,3]; c2:bw=32,experts=[1,2,3]; c4:bw=16,experts=[2]; c3:bw=19,experts=[2]; c7:bw=16,experts=[2]; c9:bw=23,experts=[0,2]; c6:bw=16,experts=[2]; c8:bw=31,experts=[0,1,2]; c0:bw=27,experts=[1,2]
   13 | 0.01000 |   1.0320 |   56.99% |   58.02% |    0:55.18
      bandwidth/experts | c3:bw=17,experts=[3]; c1:bw=26,experts=[0,1]; c4:bw=10,experts=[0]; c5:bw=16,experts=[1]; c8:bw=10,experts=[1]; c6:bw=20,experts=[0,1]; c9:bw=10,experts=[1]; c7:bw=32,experts=[0,1,3]; c0:bw=14,experts=[1]; c2:bw=10,experts=[1]
   14 | 0.01000 |   1.0869 |   55.48% |   58.02% |    0:53.92
      bandwidth/experts | c2:bw=25,experts=[0,1]; c4:bw=10,experts=[3]; c5:bw=36,experts=[0,1,3]; c1:bw=21,experts=[0,1]; c7:bw=14,experts=[1]; c0:bw=14,experts=[0]; c9:bw=18,experts=[3]; c3:bw=25,experts=[1,3]; c8:bw=12,experts=[1]; c6:bw=37,experts=[0,1,3]
   15 | 0.01000 |   1.0318 |   58.80% |   58.80% |    0:54.08
      bandwidth/experts | c7:bw=33,experts=[0,1,3]; c0:bw=11,experts=[3]; c1:bw=10,experts=[1]; c8:bw=29,experts=[1,3]; c3:bw=10,experts=[0]; c2:bw=29,experts=[0,1]; c4:bw=26,experts=[0,1]; c5:bw=10,experts=[1]; c9:bw=11,experts=[1]; c6:bw=18,experts=[1]
   16 | 0.01000 |   0.9940 |   54.98% |   58.80% |    0:54.21
      bandwidth/experts | c6:bw=22,experts=[1,2]; c1:bw=16,experts=[2]; c3:bw=24,experts=[1,2]; c8:bw=27,experts=[0,2]; c7:bw=12,experts=[2]; c5:bw=22,experts=[1,2]; c4:bw=20,experts=[1,2]; c9:bw=13,experts=[0]; c0:bw=32,experts=[1,2,3]; c2:bw=29,experts=[2,3]
   17 | 0.01000 |   0.9314 |   59.50% |   59.50% |    0:54.77
      bandwidth/experts | c4:bw=32,experts=[0,1,3]; c7:bw=14,experts=[1]; c8:bw=10,experts=[1]; c3:bw=29,experts=[0,1]; c5:bw=10,experts=[1]; c1:bw=16,experts=[3]; c0:bw=10,experts=[1]; c2:bw=11,experts=[1]; c9:bw=21,experts=[1,2]; c6:bw=21,experts=[1,3]
   18 | 0.01000 |   0.9562 |   52.28% |   59.50% |    0:54.54
      bandwidth/experts | c1:bw=10,experts=[0]; c8:bw=10,experts=[1]; c5:bw=19,experts=[0]; c2:bw=21,experts=[0,1]; c9:bw=10,experts=[3]; c7:bw=30,experts=[0,1,2]; c4:bw=31,experts=[0,1,3]; c3:bw=21,experts=[1,3]; c0:bw=27,experts=[0,1]; c6:bw=17,experts=[0]
   19 | 0.01000 |   0.9310 |   53.82% |   59.50% |    0:54.12
      bandwidth/experts | c8:bw=31,experts=[0,1,3]; c0:bw=23,experts=[0,1]; c4:bw=28,experts=[0,1]; c1:bw=26,experts=[0,1]; c9:bw=21,experts=[0,1]; c5:bw=16,experts=[3]; c7:bw=12,experts=[3]; c2:bw=10,experts=[1]; c6:bw=36,experts=[0,1,3]; c3:bw=22,experts=[0,1]
   20 | 0.01000 |   1.0676 |   62.48% |   62.48% |    0:54.86
      bandwidth/experts | c0:bw=15,experts=[2]; c2:bw=23,experts=[2,3]; c1:bw=22,experts=[1,2]; c9:bw=10,experts=[1]; c7:bw=24,experts=[1,2]; c6:bw=38,experts=[0,1,2]; c3:bw=10,experts=[2]; c5:bw=10,experts=[2]; c4:bw=33,experts=[0,1,2]; c8:bw=28,experts=[1,2]
   21 | 0.01000 |   0.8955 |   63.41% |   63.41% |    0:53.94
      bandwidth/experts | c1:bw=23,experts=[1,3]; c2:bw=22,experts=[1,2]; c7:bw=10,experts=[1]; c4:bw=26,experts=[1,3]; c8:bw=10,experts=[1]; c5:bw=18,experts=[1]; c0:bw=37,experts=[0,1,3]; c3:bw=10,experts=[1]; c6:bw=10,experts=[1]; c9:bw=14,experts=[2]
   22 | 0.01000 |   0.9453 |   64.31% |   64.31% |    0:52.66
      bandwidth/experts | c7:bw=10,experts=[0]; c9:bw=18,experts=[3]; c1:bw=10,experts=[1]; c6:bw=34,experts=[0,1,3]; c5:bw=10,experts=[0]; c2:bw=37,experts=[0,1,2]; c0:bw=37,experts=[0,1,3]; c4:bw=20,experts=[1,3]; c3:bw=31,experts=[0,1,3]; c8:bw=18,experts=[1]
   23 | 0.01000 |   0.9193 |   60.38% |   64.31% |    0:51.67
      bandwidth/experts | c5:bw=29,experts=[1,3]; c7:bw=10,experts=[3]; c4:bw=31,experts=[1,2,3]; c6:bw=10,experts=[1]; c9:bw=28,experts=[0,1]; c8:bw=19,experts=[0]; c3:bw=10,experts=[1]; c1:bw=34,experts=[0,1,2]; c2:bw=18,experts=[1]; c0:bw=10,experts=[1]
   24 | 0.01000 |   1.0869 |   54.47% |   64.31% |    0:52.20
      bandwidth/experts | c6:bw=17,experts=[2]; c4:bw=10,experts=[0]; c7:bw=10,experts=[2]; c9:bw=28,experts=[1,3]; c2:bw=24,experts=[1,3]; c1:bw=10,experts=[1]; c5:bw=14,experts=[2]; c8:bw=10,experts=[3]; c3:bw=10,experts=[2]; c0:bw=17,experts=[2]
   25 | 0.01000 |   0.9146 |   70.01% |   70.01% |    0:52.73
      bandwidth/experts | c9:bw=22,experts=[1,2]; c6:bw=10,experts=[1]; c4:bw=32,experts=[1,2,3]; c3:bw=10,experts=[1]; c5:bw=35,experts=[1,2,3]; c1:bw=27,experts=[1,3]; c8:bw=30,experts=[0,1,2]; c2:bw=10,experts=[1]; c0:bw=31,experts=[1,2,3]; c7:bw=22,experts=[1,3]
   26 | 0.01000 |   1.0174 |   58.30% |   70.01% |    0:52.96
      bandwidth/experts | c3:bw=25,experts=[0,3]; c6:bw=19,experts=[0]; c9:bw=28,experts=[1,3]; c7:bw=17,experts=[0]; c1:bw=18,experts=[1]; c5:bw=11,experts=[0]; c2:bw=17,experts=[0]; c8:bw=30,experts=[1,2,3]; c0:bw=10,experts=[0]; c4:bw=26,experts=[1,3]
   27 | 0.01000 |   0.9227 |   72.82% |   72.82% |    0:53.37
      bandwidth/experts | c7:bw=29,experts=[1,3]; c1:bw=34,experts=[0,1,2]; c4:bw=10,experts=[1]; c0:bw=20,experts=[1,3]; c9:bw=10,experts=[0]; c2:bw=11,experts=[2]; c8:bw=31,experts=[1,2,3]; c3:bw=12,experts=[1]; c6:bw=35,experts=[1,2,3]; c5:bw=20,experts=[1,3]
   28 | 0.01000 |   0.9691 |   60.85% |   72.82% |    0:52.83
      bandwidth/experts | c6:bw=16,experts=[1]; c9:bw=27,experts=[1,3]; c0:bw=26,experts=[1,3]; c8:bw=16,experts=[1]; c2:bw=10,experts=[3]; c5:bw=18,experts=[1]; c1:bw=14,experts=[1]; c3:bw=10,experts=[2]; c4:bw=10,experts=[0]; c7:bw=10,experts=[2]
   29 | 0.01000 |   0.9014 |   68.75% |   72.82% |    0:52.86
      bandwidth/experts | c4:bw=21,experts=[1,2]; c0:bw=24,experts=[1,2]; c1:bw=18,experts=[3]; c9:bw=24,experts=[1,2]; c6:bw=24,experts=[1,3]; c8:bw=19,experts=[0]; c7:bw=12,experts=[1]; c3:bw=18,experts=[1]; c2:bw=10,experts=[1]; c5:bw=19,experts=[2]
   30 | 0.01000 |   0.9053 |   57.69% |   72.82% |    0:53.73
      bandwidth/experts | c5:bw=34,experts=[0,1,3]; c1:bw=20,experts=[1,3]; c9:bw=30,experts=[0,1,3]; c4:bw=29,experts=[1,3]; c0:bw=10,experts=[0]; c8:bw=23,experts=[1,3]; c6:bw=10,experts=[0]; c7:bw=10,experts=[0]; c3:bw=33,experts=[0,1,3]; c2:bw=15,experts=[0]
   31 | 0.01000 |   0.9692 |   73.71% |   73.71% |    0:54.06
      bandwidth/experts | c6:bw=16,experts=[2]; c4:bw=11,experts=[1]; c9:bw=25,experts=[1,3]; c1:bw=17,experts=[0]; c5:bw=34,experts=[1,2,3]; c8:bw=18,experts=[2]; c3:bw=13,experts=[1]; c2:bw=10,experts=[2]; c0:bw=26,experts=[1,3]; c7:bw=35,experts=[1,2,3]
   32 | 0.01000 |   0.8763 |   64.79% |   73.71% |    0:54.09
      bandwidth/experts | c8:bw=12,experts=[1]; c5:bw=20,experts=[1,3]; c4:bw=27,experts=[0,1]; c7:bw=26,experts=[1,3]; c0:bw=25,experts=[1,3]; c1:bw=12,experts=[2]; c3:bw=16,experts=[2]; c6:bw=15,experts=[1]; c2:bw=30,experts=[1,2,3]; c9:bw=17,experts=[1]
   33 | 0.01000 |   0.8344 |   71.37% |   73.71% |    0:54.89
      bandwidth/experts | c7:bw=29,experts=[1,2]; c1:bw=19,experts=[1]; c3:bw=39,experts=[1,2,3]; c6:bw=20,experts=[1,3]; c5:bw=16,experts=[1]; c9:bw=23,experts=[1,2]; c2:bw=13,experts=[1]; c8:bw=28,experts=[0,1]; c4:bw=25,experts=[1,2]; c0:bw=35,experts=[1,2,3]
   34 | 0.01000 |   0.8577 |   64.00% |   73.71% |    0:54.65
      bandwidth/experts | c4:bw=26,experts=[1,3]; c1:bw=26,experts=[1,3]; c6:bw=27,experts=[0,1]; c9:bw=38,experts=[0,1,3]; c8:bw=23,experts=[1,3]; c0:bw=12,experts=[0]; c5:bw=33,experts=[0,1,2]; c7:bw=18,experts=[0]; c3:bw=40,experts=[0,1,2,3]; c2:bw=30,experts=[0,1,2]
   35 | 0.01000 |   0.8387 |   76.06% |   76.06% |    0:52.28
      bandwidth/experts | c4:bw=18,experts=[1]; c0:bw=11,experts=[1]; c1:bw=17,experts=[0]; c6:bw=24,experts=[1,2]; c2:bw=25,experts=[1,2]; c8:bw=28,experts=[1,2]; c9:bw=15,experts=[1]; c7:bw=27,experts=[1,3]; c5:bw=23,experts=[1,3]; c3:bw=13,experts=[1]
   36 | 0.01000 |   0.8103 |   67.03% |   76.06% |    0:52.10
      bandwidth/experts | c9:bw=21,experts=[1,3]; c0:bw=20,experts=[1,3]; c3:bw=33,experts=[0,1,3]; c7:bw=15,experts=[1]; c6:bw=24,experts=[1,3]; c5:bw=27,experts=[1,3]; c1:bw=10,experts=[2]; c4:bw=40,experts=[0,1,2,3]; c8:bw=28,experts=[1,2]; c2:bw=28,experts=[1,3]
   37 | 0.01000 |   0.8268 |   69.38% |   76.06% |    0:51.64
      bandwidth/experts | c1:bw=10,experts=[1]; c5:bw=22,experts=[1,3]; c2:bw=20,experts=[1,2]; c6:bw=36,experts=[0,1,3]; c4:bw=22,experts=[0,1]; c7:bw=23,experts=[1,2]; c9:bw=22,experts=[1,2]; c0:bw=30,experts=[1,2,3]; c3:bw=20,experts=[1,3]; c8:bw=10,experts=[0]
   38 | 0.01000 |   0.8714 |   77.42% |   77.42% |    0:53.45
      bandwidth/experts | c8:bw=25,experts=[1,3]; c6:bw=10,experts=[1]; c4:bw=29,experts=[0,1]; c1:bw=17,experts=[3]; c5:bw=10,experts=[0]; c2:bw=10,experts=[0]; c3:bw=21,experts=[1,2]; c7:bw=28,experts=[0,1]; c9:bw=14,experts=[0]; c0:bw=22,experts=[0,1]
   39 | 0.01000 |   0.7948 |   66.39% |   77.42% |    0:52.16
      bandwidth/experts | c3:bw=14,experts=[1]; c0:bw=10,experts=[1]; c1:bw=25,experts=[0,1]; c7:bw=22,experts=[1,3]; c6:bw=17,experts=[2]; c8:bw=25,experts=[1,2]; c2:bw=20,experts=[1,2]; c4:bw=20,experts=[1,3]; c9:bw=13,experts=[1]; c5:bw=40,experts=[0,1,2,3]
   40 | 0.01000 |   0.8869 |   73.70% |   77.42% |    0:51.82
      bandwidth/experts | c8:bw=14,experts=[1]; c1:bw=23,experts=[1,2]; c5:bw=18,experts=[1]; c6:bw=26,experts=[1,3]; c2:bw=36,experts=[1,2,3]; c7:bw=37,experts=[1,2,3]; c3:bw=10,experts=[0]; c4:bw=11,experts=[2]; c9:bw=22,experts=[1,3]; c0:bw=20,experts=[0,1]
   41 | 0.01000 |   0.8452 |   66.18% |   77.42% |    0:49.08
      bandwidth/experts | c2:bw=30,experts=[0,1,2]; c6:bw=10,experts=[0]; c8:bw=31,experts=[0,1,2]; c1:bw=10,experts=[1]; c4:bw=28,experts=[0,1]; c5:bw=34,experts=[0,1,3]; c7:bw=38,experts=[1,2,3]; c3:bw=22,experts=[1,3]; c9:bw=30,experts=[1,2,3]; c0:bw=10,experts=[2]
   42 | 0.01000 |   0.8448 |   68.79% |   77.42% |    0:48.23
      bandwidth/experts | c5:bw=28,experts=[1,3]; c1:bw=27,experts=[1,3]; c3:bw=27,experts=[1,2]; c9:bw=28,experts=[0,1]; c6:bw=19,experts=[1]; c0:bw=10,experts=[3]; c7:bw=11,experts=[0]; c4:bw=30,experts=[0,1,3]; c8:bw=23,experts=[1,3]; c2:bw=22,experts=[1,2]
   43 | 0.01000 |   0.8383 |   69.34% |   77.42% |    0:49.46
      bandwidth/experts | c5:bw=29,experts=[1,2]; c1:bw=32,experts=[0,1,3]; c2:bw=28,experts=[1,2]; c8:bw=25,experts=[1,2]; c9:bw=18,experts=[1]; c7:bw=12,experts=[1]; c4:bw=19,experts=[1]; c6:bw=10,experts=[2]; c3:bw=36,experts=[1,2,3]; c0:bw=12,experts=[1]
   44 | 0.01000 |   0.8643 |   71.50% |   77.42% |    0:51.30
      bandwidth/experts | c0:bw=37,experts=[0,1,3]; c3:bw=26,experts=[0,1]; c4:bw=16,experts=[2]; c2:bw=20,experts=[1,3]; c7:bw=40,experts=[0,1,2,3]; c5:bw=13,experts=[1]; c6:bw=11,experts=[3]; c9:bw=21,experts=[1,3]; c8:bw=19,experts=[1]; c1:bw=25,experts=[1,2]
   45 | 0.01000 |   0.8355 |   70.84% |   77.42% |    0:51.98
      bandwidth/experts | c8:bw=31,experts=[0,1,3]; c0:bw=20,experts=[1,2]; c3:bw=37,experts=[1,2,3]; c4:bw=36,experts=[1,2,3]; c7:bw=20,experts=[1,3]; c2:bw=27,experts=[0,1]; c9:bw=14,experts=[2]; c6:bw=10,experts=[0]; c5:bw=25,experts=[0,1]; c1:bw=31,experts=[0,1,3]
   46 | 0.01000 |   0.8038 |   72.98% |   77.42% |    0:52.57
      bandwidth/experts | c9:bw=20,experts=[0,1]; c3:bw=15,experts=[1]; c6:bw=21,experts=[1,3]; c1:bw=23,experts=[1,3]; c4:bw=35,experts=[0,1,3]; c5:bw=23,experts=[1,3]; c2:bw=32,experts=[1,2,3]; c8:bw=22,experts=[1,3]; c0:bw=30,experts=[0,1,3]; c7:bw=16,experts=[1]
   47 | 0.01000 |   0.8248 |   71.45% |   77.42% |    0:52.38
      bandwidth/experts | c5:bw=29,experts=[1,2]; c6:bw=12,experts=[2]; c7:bw=29,experts=[1,3]; c9:bw=10,experts=[1]; c8:bw=22,experts=[1,2]; c3:bw=39,experts=[1,2,3]; c4:bw=10,experts=[1]; c0:bw=25,experts=[1,3]; c1:bw=17,experts=[1]; c2:bw=30,experts=[1,2,3]
   48 | 0.01000 |   0.8353 |   72.96% |   77.42% |    0:53.29
      bandwidth/experts | c1:bw=28,experts=[1,2]; c8:bw=28,experts=[1,2]; c4:bw=37,experts=[1,2,3]; c2:bw=31,experts=[1,2,3]; c9:bw=29,experts=[1,3]; c6:bw=25,experts=[1,3]; c5:bw=31,experts=[1,2,3]; c7:bw=35,experts=[0,1,2]; c0:bw=10,experts=[1]; c3:bw=10,experts=[0]
   49 | 0.01000 |   0.8356 |   65.46% |   77.42% |    0:52.52
      bandwidth/experts | c4:bw=27,experts=[1,3]; c3:bw=18,experts=[1]; c8:bw=15,experts=[0]; c0:bw=11,experts=[2]; c2:bw=32,experts=[0,1,3]; c5:bw=31,experts=[0,1,3]; c6:bw=10,experts=[0]; c7:bw=24,experts=[1,3]; c9:bw=29,experts=[1,2]; c1:bw=30,experts=[0,1,3]
   50 | 0.01000 |   0.8481 |   67.92% |   77.42% |    0:52.19
      bandwidth/experts | c8:bw=18,experts=[3]; c4:bw=10,experts=[0]; c7:bw=19,experts=[1]; c6:bw=38,experts=[1,2,3]; c2:bw=35,experts=[0,1,3]; c1:bw=36,experts=[0,1,3]; c3:bw=22,experts=[1,3]; c0:bw=16,experts=[0]; c9:bw=15,experts=[0]; c5:bw=17,experts=[1]
   51 | 0.01000 |   0.7924 |   71.07% |   77.42% |    0:51.85
      bandwidth/experts | c5:bw=26,experts=[1,3]; c0:bw=30,experts=[1,2,3]; c1:bw=12,experts=[1]; c2:bw=11,experts=[1]; c8:bw=26,experts=[1,2]; c6:bw=29,experts=[1,3]; c9:bw=10,experts=[1]; c3:bw=31,experts=[1,2,3]; c4:bw=10,experts=[1]; c7:bw=15,experts=[1]
   52 | 0.01000 |   0.8502 |   71.38% |   77.42% |    0:53.05
      bandwidth/experts | c0:bw=26,experts=[1,3]; c8:bw=10,experts=[1]; c5:bw=13,experts=[2]; c7:bw=19,experts=[0]; c1:bw=22,experts=[1,2]; c4:bw=18,experts=[2]; c9:bw=17,experts=[3]; c6:bw=28,experts=[1,3]; c2:bw=16,experts=[2]; c3:bw=24,experts=[0,1]
   53 | 0.01000 |   0.8267 |   65.63% |   77.42% |    0:56.29
      bandwidth/experts | c8:bw=12,experts=[0]; c4:bw=16,experts=[3]; c5:bw=24,experts=[0,1]; c1:bw=33,experts=[0,1,3]; c3:bw=26,experts=[1,3]; c9:bw=34,experts=[1,2,3]; c6:bw=20,experts=[0,1]; c7:bw=24,experts=[2,3]; c0:bw=21,experts=[1,3]; c2:bw=29,experts=[1,2]
   54 | 0.01000 |   0.8477 |   75.11% |   77.42% |    0:54.71
      bandwidth/experts | c2:bw=10,experts=[0]; c1:bw=29,experts=[1,3]; c8:bw=31,experts=[1,2,3]; c7:bw=34,experts=[1,2,3]; c3:bw=17,experts=[1]; c0:bw=20,experts=[0,1]; c6:bw=30,experts=[1,2,3]; c5:bw=10,experts=[1]; c9:bw=28,experts=[0,1]; c4:bw=18,experts=[0]
   55 | 0.01000 |   0.7928 |   68.26% |   77.42% |    0:53.10
      bandwidth/experts | c7:bw=30,experts=[1,2,3]; c2:bw=23,experts=[1,3]; c4:bw=10,experts=[1]; c3:bw=29,experts=[1,2]; c8:bw=10,experts=[1]; c5:bw=29,experts=[1,3]; c1:bw=33,experts=[0,1,3]; c6:bw=23,experts=[1,3]; c0:bw=15,experts=[2]; c9:bw=34,experts=[0,1,3]
   56 | 0.01000 |   0.8434 |   74.21% |   77.42% |    0:56.23
      bandwidth/experts | c9:bw=29,experts=[1,3]; c1:bw=31,experts=[1,2,3]; c3:bw=10,experts=[0]; c2:bw=29,experts=[1,3]; c5:bw=17,experts=[2]; c4:bw=10,experts=[2]; c8:bw=10,experts=[1]; c7:bw=10,experts=[0]; c6:bw=13,experts=[1]; c0:bw=39,experts=[0,1,3]
   57 | 0.01000 |   0.8019 |   72.02% |   77.42% |    0:55.48
      bandwidth/experts | c3:bw=35,experts=[1,2,3]; c8:bw=24,experts=[0,1]; c6:bw=27,experts=[0,1]; c1:bw=27,experts=[1,3]; c7:bw=38,experts=[1,2,3]; c0:bw=39,experts=[1,2,3]; c5:bw=24,experts=[0,1]; c4:bw=23,experts=[1,3]; c2:bw=18,experts=[2]; c9:bw=11,experts=[2]
   58 | 0.01000 |   0.8123 |   74.02% |   77.42% |    0:54.80
      bandwidth/experts | c7:bw=13,experts=[1]; c2:bw=10,experts=[0]; c9:bw=32,experts=[0,1,3]; c6:bw=30,experts=[1,2,3]; c5:bw=19,experts=[1]; c1:bw=17,experts=[1]; c8:bw=22,experts=[2,3]; c4:bw=21,experts=[0,1]; c3:bw=34,experts=[1,2,3]; c0:bw=26,experts=[1,3]
   59 | 0.01000 |   0.7836 |   72.81% |   77.42% |    0:54.98
      bandwidth/experts | c2:bw=20,experts=[1,3]; c8:bw=31,experts=[1,2,3]; c9:bw=15,experts=[1]; c6:bw=11,experts=[1]; c1:bw=36,experts=[0,1,3]; c4:bw=14,experts=[1]; c7:bw=15,experts=[1]; c5:bw=18,experts=[3]; c0:bw=29,experts=[1,3]; c3:bw=20,experts=[1,3]
   60 | 0.01000 |   0.7908 |   71.96% |   77.42% |    0:56.60
      bandwidth/experts | c0:bw=29,experts=[0,1]; c7:bw=26,experts=[0,1]; c4:bw=17,experts=[2]; c2:bw=17,experts=[1]; c5:bw=18,experts=[2]; c8:bw=14,experts=[1]; c6:bw=33,experts=[1,2,3]; c9:bw=10,experts=[1]; c1:bw=30,experts=[1,2,3]; c3:bw=24,experts=[0,1]
   61 | 0.01000 |   0.8042 |   74.68% |   77.42% |    0:57.03
      bandwidth/experts | c5:bw=27,experts=[0,1]; c6:bw=21,experts=[0,1]; c2:bw=16,experts=[2]; c9:bw=21,experts=[1,2]; c1:bw=19,experts=[1]; c3:bw=24,experts=[1,3]; c8:bw=31,experts=[0,1,2]; c4:bw=21,experts=[1,3]; c7:bw=24,experts=[2,3]; c0:bw=33,experts=[1,2,3]
   62 | 0.01000 |   0.7747 |   74.73% |   77.42% |    0:55.72
      bandwidth/experts | c8:bw=10,experts=[1]; c6:bw=35,experts=[1,2,3]; c9:bw=10,experts=[0]; c4:bw=33,experts=[0,1,3]; c5:bw=37,experts=[1,2,3]; c0:bw=16,experts=[1]; c3:bw=29,experts=[1,2]; c2:bw=23,experts=[0,1]; c1:bw=40,experts=[0,1,2,3]; c7:bw=25,experts=[1,3]
   63 | 0.01000 |   0.7992 |   70.53% |   77.42% |    0:55.38
      bandwidth/experts | c5:bw=10,experts=[1]; c9:bw=12,experts=[3]; c6:bw=19,experts=[1]; c3:bw=29,experts=[1,3]; c8:bw=18,experts=[3]; c1:bw=28,experts=[1,3]; c7:bw=38,experts=[1,2,3]; c0:bw=23,experts=[1,3]; c2:bw=15,experts=[3]; c4:bw=29,experts=[1,3]
   64 | 0.01000 |   0.7880 |   71.99% |   77.42% |    0:54.03
      bandwidth/experts | c6:bw=28,experts=[1,3]; c4:bw=21,experts=[1,2]; c5:bw=13,experts=[1]; c3:bw=21,experts=[0,1]; c7:bw=19,experts=[0]; c0:bw=18,experts=[0]; c8:bw=30,experts=[1,2,3]; c9:bw=33,experts=[0,1,3]; c2:bw=31,experts=[1,2,3]; c1:bw=16,experts=[1]
   65 | 0.01000 |   0.7670 |   73.18% |   77.42% |    0:54.50
      bandwidth/experts | c7:bw=10,experts=[1]; c5:bw=16,experts=[0]; c4:bw=32,experts=[1,2,3]; c6:bw=28,experts=[0,1]; c8:bw=37,experts=[0,1,3]; c3:bw=24,experts=[1,3]; c0:bw=23,experts=[1,2]; c2:bw=16,experts=[1]; c1:bw=32,experts=[1,2,3]; c9:bw=26,experts=[1,2]
   66 | 0.01000 |   0.7843 |   71.78% |   77.42% |    0:54.87
      bandwidth/experts | c2:bw=23,experts=[0,1]; c5:bw=10,experts=[2]; c1:bw=30,experts=[0,1,3]; c8:bw=13,experts=[1]; c9:bw=17,experts=[1]; c6:bw=16,experts=[2]; c4:bw=23,experts=[0,1]; c0:bw=21,experts=[1,3]; c3:bw=37,experts=[1,2,3]; c7:bw=28,experts=[1,3]
   67 | 0.01000 |   0.7634 |   75.72% |   77.42% |    0:53.69
      bandwidth/experts | c4:bw=28,experts=[1,3]; c5:bw=27,experts=[1,3]; c1:bw=20,experts=[1,3]; c3:bw=14,experts=[1]; c6:bw=29,experts=[1,3]; c0:bw=18,experts=[1]; c2:bw=24,experts=[1,2]; c9:bw=33,experts=[1,2,3]; c7:bw=33,experts=[1,2,3]; c8:bw=10,experts=[1]
   68 | 0.01000 |   0.7984 |   66.42% |   77.42% |    0:53.52
      bandwidth/experts | c1:bw=23,experts=[1,3]; c8:bw=17,experts=[2]; c2:bw=32,experts=[1,2,3]; c0:bw=17,experts=[0]; c3:bw=14,experts=[0]; c4:bw=27,experts=[1,3]; c5:bw=25,experts=[1,3]; c9:bw=10,experts=[0]; c7:bw=15,experts=[0]; c6:bw=18,experts=[1]
   69 | 0.01000 |   0.7985 |   77.16% |   77.42% |    0:53.26
      bandwidth/experts | c3:bw=23,experts=[1,3]; c7:bw=32,experts=[1,2,3]; c1:bw=17,experts=[2]; c4:bw=23,experts=[1,2]; c9:bw=20,experts=[1,3]; c5:bw=22,experts=[0,1]; c0:bw=29,experts=[1,2]; c2:bw=37,experts=[1,2,3]; c8:bw=23,experts=[0,3]; c6:bw=15,experts=[0]
   70 | 0.01000 |   0.7864 |   73.07% |   77.42% |    0:53.61
      bandwidth/experts | c1:bw=13,experts=[0]; c9:bw=10,experts=[1]; c7:bw=16,experts=[1]; c3:bw=18,experts=[2]; c0:bw=17,experts=[3]; c6:bw=14,experts=[2]; c2:bw=31,experts=[0,1,3]; c4:bw=32,experts=[0,1,3]; c5:bw=13,experts=[2]; c8:bw=27,experts=[1,2]
   71 | 0.01000 |   0.7292 |   76.85% |   77.42% |    0:53.68
      bandwidth/experts | c4:bw=24,experts=[1,3]; c0:bw=10,experts=[1]; c1:bw=29,experts=[1,3]; c9:bw=22,experts=[1,2]; c7:bw=11,experts=[1]; c5:bw=19,experts=[1]; c3:bw=34,experts=[1,2,3]; c6:bw=28,experts=[1,3]; c8:bw=21,experts=[1,2]; c2:bw=34,experts=[1,2,3]
   72 | 0.01000 |   0.7632 |   74.79% |   77.42% |    0:53.59
      bandwidth/experts | c8:bw=16,experts=[1]; c1:bw=22,experts=[1,3]; c5:bw=24,experts=[1,3]; c7:bw=27,experts=[0,1]; c6:bw=11,experts=[1]; c0:bw=29,experts=[0,1]; c3:bw=13,experts=[0]; c2:bw=13,experts=[1]; c9:bw=21,experts=[0,1]; c4:bw=22,experts=[1,3]
   73 | 0.01000 |   0.7829 |   65.13% |   77.42% |    0:53.70
      bandwidth/experts | c2:bw=26,experts=[1,3]; c8:bw=10,experts=[0]; c3:bw=22,experts=[1,3]; c1:bw=37,experts=[1,2,3]; c5:bw=10,experts=[0]; c9:bw=29,experts=[1,3]; c0:bw=16,experts=[2]; c7:bw=20,experts=[2,3]; c6:bw=11,experts=[0]; c4:bw=23,experts=[1,2]
   74 | 0.01000 |   0.8036 |   76.03% |   77.42% |    0:56.27
      bandwidth/experts | c3:bw=10,experts=[1]; c0:bw=22,experts=[1,3]; c1:bw=15,experts=[0]; c5:bw=28,experts=[1,2]; c7:bw=36,experts=[1,2,3]; c8:bw=16,experts=[3]; c6:bw=10,experts=[2]; c2:bw=10,experts=[0]; c4:bw=26,experts=[0,1]; c9:bw=18,experts=[1]
   75 | 0.01000 |   0.7548 |   73.15% |   77.42% |    0:54.85
      bandwidth/experts | c2:bw=22,experts=[1,2]; c9:bw=34,experts=[1,2,3]; c1:bw=30,experts=[1,2,3]; c3:bw=11,experts=[2]; c7:bw=16,experts=[1]; c6:bw=31,experts=[1,2,3]; c5:bw=17,experts=[1]; c4:bw=31,experts=[1,2,3]; c0:bw=34,experts=[1,2,3]; c8:bw=30,experts=[1,2,3]
   76 | 0.01000 |   0.7727 |   75.24% |   77.42% |    0:55.37
      bandwidth/experts | c8:bw=16,experts=[1]; c5:bw=21,experts=[1,3]; c0:bw=17,experts=[0]; c3:bw=10,experts=[0]; c2:bw=14,experts=[1]; c6:bw=13,experts=[1]; c7:bw=37,experts=[0,1,2]; c4:bw=34,experts=[0,1,3]; c9:bw=32,experts=[0,1,3]; c1:bw=30,experts=[0,1,3]
   77 | 0.01000 |   0.7652 |   72.08% |   77.42% |    0:53.52
      bandwidth/experts | c9:bw=16,experts=[1]; c2:bw=19,experts=[3]; c1:bw=35,experts=[0,1,3]; c8:bw=10,experts=[0]; c4:bw=10,experts=[1]; c7:bw=10,experts=[1]; c6:bw=32,experts=[0,1,3]; c0:bw=35,experts=[1,2,3]; c3:bw=22,experts=[1,3]; c5:bw=33,experts=[0,1,3]
   78 | 0.01000 |   0.7682 |   75.17% |   77.42% |    0:50.82
      bandwidth/experts | c0:bw=15,experts=[1]; c4:bw=13,experts=[1]; c3:bw=21,experts=[1,3]; c7:bw=20,experts=[1,3]; c8:bw=30,experts=[1,2,3]; c1:bw=23,experts=[1,3]; c9:bw=17,experts=[1]; c6:bw=32,experts=[1,2,3]; c5:bw=35,experts=[1,2,3]; c2:bw=19,experts=[0]
   79 | 0.01000 |   0.7821 |   75.45% |   77.42% |    0:49.33
      bandwidth/experts | c6:bw=12,experts=[1]; c9:bw=10,experts=[2]; c0:bw=20,experts=[1,3]; c4:bw=40,experts=[0,1,2,3]; c7:bw=25,experts=[1,2]; c8:bw=25,experts=[1,2]; c5:bw=29,experts=[1,3]; c3:bw=15,experts=[2]; c1:bw=21,experts=[1,2]; c2:bw=18,experts=[2]
   80 | 0.01000 |   0.7655 |   76.18% |   77.42% |    0:49.62
      bandwidth/experts | c5:bw=36,experts=[1,2,3]; c9:bw=29,experts=[0,3]; c7:bw=26,experts=[0,1]; c1:bw=17,experts=[1]; c3:bw=17,experts=[0]; c4:bw=32,experts=[1,2,3]; c2:bw=24,experts=[1,2]; c0:bw=26,experts=[0,1]; c6:bw=22,experts=[1,3]; c8:bw=28,experts=[1,2]
   81 | 0.01000 |   0.7374 |   73.92% |   77.42% |    0:49.85
      bandwidth/experts | c6:bw=29,experts=[0,1]; c2:bw=25,experts=[1,3]; c3:bw=37,experts=[0,1,3]; c1:bw=27,experts=[0,1]; c4:bw=23,experts=[1,3]; c5:bw=17,experts=[0]; c9:bw=15,experts=[1]; c7:bw=32,experts=[1,2,3]; c8:bw=26,experts=[0,1]; c0:bw=28,experts=[1,2]
   82 | 0.01000 |   0.7623 |   76.05% |   77.42% |    0:49.72
      bandwidth/experts | c1:bw=36,experts=[1,2,3]; c0:bw=17,experts=[1]; c6:bw=20,experts=[1,2]; c8:bw=32,experts=[1,2,3]; c7:bw=22,experts=[1,3]; c3:bw=22,experts=[1,3]; c2:bw=16,experts=[0]; c9:bw=31,experts=[1,2,3]; c5:bw=22,experts=[1,3]; c4:bw=16,experts=[1]
   83 | 0.01000 |   0.7488 |   71.79% |   77.42% |    0:49.28
      bandwidth/experts | c9:bw=29,experts=[1,3]; c4:bw=10,experts=[0]; c2:bw=23,experts=[1,2]; c7:bw=21,experts=[1,3]; c5:bw=10,experts=[1]; c0:bw=10,experts=[3]; c6:bw=29,experts=[1,3]; c1:bw=35,experts=[1,2,3]; c8:bw=22,experts=[1,2]; c3:bw=24,experts=[1,2]
   84 | 0.01000 |   0.7464 |   71.76% |   77.42% |    0:49.41
      bandwidth/experts | c8:bw=37,experts=[1,2,3]; c3:bw=18,experts=[1]; c1:bw=32,experts=[1,2,3]; c6:bw=10,experts=[1]; c9:bw=11,experts=[0]; c2:bw=20,experts=[1,2]; c7:bw=26,experts=[0,1]; c5:bw=11,experts=[2]; c4:bw=15,experts=[2]; c0:bw=10,experts=[0]
   85 | 0.01000 |   0.7231 |   74.77% |   77.42% |    0:49.18
      bandwidth/experts | c0:bw=21,experts=[1,2]; c2:bw=25,experts=[1,3]; c8:bw=39,experts=[0,1,2]; c6:bw=23,experts=[0,1]; c1:bw=31,experts=[0,1,3]; c4:bw=23,experts=[1,3]; c9:bw=32,experts=[0,1,3]; c3:bw=28,experts=[0,1]; c5:bw=10,experts=[0]; c7:bw=10,experts=[2]
   86 | 0.01000 |   0.7645 |   73.51% |   77.42% |    0:49.63
      bandwidth/experts | c5:bw=26,experts=[1,3]; c8:bw=15,experts=[1]; c2:bw=13,experts=[0]; c6:bw=31,experts=[1,2,3]; c0:bw=17,experts=[1]; c4:bw=10,experts=[1]; c7:bw=24,experts=[1,3]; c3:bw=15,experts=[3]; c1:bw=40,experts=[0,1,2,3]; c9:bw=24,experts=[1,2]
   87 | 0.01000 |   0.7430 |   71.15% |   77.42% |    0:49.92
      bandwidth/experts | c1:bw=16,experts=[1]; c2:bw=37,experts=[1,2,3]; c7:bw=12,experts=[1]; c5:bw=10,experts=[1]; c6:bw=33,experts=[1,2,3]; c3:bw=38,experts=[1,2,3]; c4:bw=19,experts=[0]; c9:bw=21,experts=[1,3]; c8:bw=26,experts=[1,2]; c0:bw=19,experts=[3]
   88 | 0.01000 |   0.7242 |   75.92% |   77.42% |    0:49.69
      bandwidth/experts | c8:bw=24,experts=[1,3]; c6:bw=15,experts=[1]; c3:bw=18,experts=[1]; c7:bw=23,experts=[0,1]; c0:bw=34,experts=[0,1,3]; c4:bw=21,experts=[1,2]; c9:bw=17,experts=[1]; c1:bw=16,experts=[1]; c5:bw=17,experts=[2]; c2:bw=25,experts=[1,3]
   89 | 0.01000 |   0.7613 |   70.51% |   77.42% |    0:49.74
      bandwidth/experts | c3:bw=17,experts=[0]; c8:bw=40,experts=[0,1,2,3]; c2:bw=25,experts=[1,3]; c9:bw=34,experts=[0,1,3]; c7:bw=12,experts=[2]; c5:bw=25,experts=[0,1]; c0:bw=10,experts=[2]; c6:bw=18,experts=[0]; c4:bw=17,experts=[3]; c1:bw=23,experts=[1,3]
   90 | 0.01000 |   0.7462 |   82.34% |   82.34% |    0:50.34
      bandwidth/experts | c7:bw=40,experts=[0,1,2,3]; c1:bw=17,experts=[0]; c3:bw=20,experts=[1,3]; c9:bw=35,experts=[1,2,3]; c0:bw=35,experts=[1,2,3]; c6:bw=14,experts=[1]; c2:bw=12,experts=[0]; c5:bw=15,experts=[3]; c8:bw=28,experts=[1,3]; c4:bw=20,experts=[1,3]
   91 | 0.01000 |   0.7278 |   73.02% |   82.34% |    0:51.98
      bandwidth/experts | c1:bw=28,experts=[1,2]; c9:bw=19,experts=[1]; c5:bw=29,experts=[1,3]; c7:bw=29,experts=[1,3]; c3:bw=22,experts=[1,2]; c4:bw=30,experts=[0,1,3]; c0:bw=12,experts=[1]; c6:bw=16,experts=[2]; c2:bw=10,experts=[2]; c8:bw=13,experts=[1]
   92 | 0.01000 |   0.7333 |   75.42% |   82.34% |    0:51.42
      bandwidth/experts | c3:bw=16,experts=[1]; c7:bw=19,experts=[1]; c1:bw=11,experts=[1]; c0:bw=16,experts=[0]; c8:bw=11,experts=[1]; c6:bw=25,experts=[1,3]; c9:bw=31,experts=[1,2,3]; c2:bw=14,experts=[1]; c5:bw=37,experts=[1,2,3]; c4:bw=15,experts=[2]
   93 | 0.01000 |   0.7484 |   70.92% |   82.34% |    0:53.54
      bandwidth/experts | c1:bw=26,experts=[1,3]; c3:bw=17,experts=[0]; c7:bw=12,experts=[1]; c9:bw=32,experts=[0,1,3]; c6:bw=12,experts=[0]; c8:bw=10,experts=[0]; c5:bw=10,experts=[0]; c4:bw=18,experts=[1]; c0:bw=10,experts=[1]; c2:bw=28,experts=[1,3]
   94 | 0.01000 |   0.7482 |   74.69% |   82.34% |    0:53.60
      bandwidth/experts | c7:bw=25,experts=[0,2]; c2:bw=36,experts=[0,1,3]; c5:bw=23,experts=[1,3]; c4:bw=17,experts=[1]; c6:bw=17,experts=[1]; c9:bw=28,experts=[1,3]; c1:bw=39,experts=[0,1,3]; c8:bw=10,experts=[2]; c0:bw=31,experts=[1,2,3]; c3:bw=19,experts=[3]
   95 | 0.01000 |   0.7500 |   76.77% |   82.34% |    0:52.80
      bandwidth/experts | c7:bw=33,experts=[1,2,3]; c9:bw=23,experts=[1,3]; c4:bw=10,experts=[0]; c6:bw=22,experts=[1,2]; c0:bw=19,experts=[1]; c3:bw=23,experts=[1,2]; c1:bw=17,experts=[2]; c8:bw=40,experts=[0,1,2,3]; c2:bw=13,experts=[2]; c5:bw=10,experts=[1]
   96 | 0.01000 |   0.7161 |   75.84% |   82.34% |    0:53.07
      bandwidth/experts | c2:bw=36,experts=[1,2,3]; c9:bw=25,experts=[1,2]; c3:bw=25,experts=[1,3]; c1:bw=20,experts=[1,3]; c5:bw=33,experts=[1,2,3]; c4:bw=27,experts=[2,3]; c6:bw=17,experts=[3]; c7:bw=28,experts=[1,3]; c0:bw=20,experts=[0,1]; c8:bw=36,experts=[1,2,3]
   97 | 0.01000 |   0.7322 |   74.89% |   82.34% |    0:53.17
      bandwidth/experts | c0:bw=23,experts=[1,3]; c9:bw=24,experts=[0,1]; c8:bw=24,experts=[1,3]; c4:bw=10,experts=[1]; c7:bw=17,experts=[1]; c1:bw=28,experts=[1,3]; c3:bw=19,experts=[0]; c5:bw=26,experts=[0,1]; c6:bw=28,experts=[0,1]; c2:bw=30,experts=[1,2,3]
   98 | 0.01000 |   0.7355 |   76.02% |   82.34% |    0:52.94
      bandwidth/experts | c4:bw=29,experts=[1,3]; c8:bw=30,experts=[1,2,3]; c9:bw=15,experts=[1]; c7:bw=13,experts=[0]; c6:bw=20,experts=[1,3]; c5:bw=27,experts=[1,3]; c0:bw=19,experts=[2]; c3:bw=14,experts=[1]; c1:bw=15,experts=[0]; c2:bw=13,experts=[0]
   99 | 0.01000 |   0.7167 |   71.81% |   82.34% |    0:53.38
      bandwidth/experts | c8:bw=19,experts=[0]; c5:bw=27,experts=[1,3]; c7:bw=25,experts=[1,2]; c1:bw=33,experts=[1,2,3]; c3:bw=21,experts=[1,2]; c9:bw=11,experts=[3]; c4:bw=14,experts=[0]; c0:bw=22,experts=[1,3]; c2:bw=17,experts=[1]; c6:bw=19,experts=[2]
  100 | 0.01000 |   0.7212 |   78.15% |   82.34% |    0:51.05
      bandwidth/experts | c2:bw=17,experts=[1]; c8:bw=25,experts=[1,3]; c9:bw=29,experts=[1,2]; c5:bw=10,experts=[2]; c6:bw=25,experts=[1,3]; c1:bw=10,experts=[1]; c4:bw=36,experts=[1,2,3]; c7:bw=10,experts=[3]; c3:bw=23,experts=[1,3]; c0:bw=36,experts=[0,1,3]

Done. Best Acc: 82.34% @ round 90
Total time: 1:28:40.03
[Export] 实验目录: /userhome/cs3/duanty/FedMoE/results/c10-e4-w0p5-ours/20260919-055647
[Export] 每轮明细: /userhome/cs3/duanty/FedMoE/results/c10-e4-w0p5-ours/20260919-055647/rounds.xlsx
[Export] 总体摘要: /userhome/cs3/duanty/FedMoE/results/c10-e4-w0p5-ours/20260919-055647/summary.xlsx
[Plot] result = /userhome/cs3/duanty/FedMoE/results/c10-e4-w0p5-ours/20260919-055647
[Plot] figures -> /userhome/cs3/duanty/FedMoE/results/c10-e4-w0p5-ours/20260919-055647/figure
  fig01_test_accuracy.pdf
  fig02_train_loss.pdf
  fig03_acc_and_loss.pdf
  fig04_bandwidth_and_k.pdf
  fig05_expert_round_heatmap.pdf
  fig06_client_expert_heatmap.pdf
  fig07_expert_frequency.pdf
  fig08_time_breakdown.pdf
  fig09_accuracy_vs_communication.pdf
  fig10_overview.pdf
[Export] 图片目录: /userhome/cs3/duanty/FedMoE/results/c10-e4-w0p5-ours/20260919-055647/figure
