========================================
Job    : c10-resnet-ours-fedadam
Host   : gpu-4090-111
Date   : Fri Sep 18 08:36:46 HKT 2026
GPU    : 0
Python : /userhome/cs3/duanty/miniconda3/envs/moe/bin/python
Command: python -u main.py --method ours --dataset cifar10 --backbone resnet --select ours --merge fedadam --device cuda
========================================

==================================================================
 Ours  
  Dataset=cifar10 | beta=0.1 | Backbone=resnet | Clients=10 | Experts=4
  Select=ours | Merge=fedadam
  Rounds=100 | LR=0.01
  Bandwidth: expert_bw=10 | bw=[10, 40] | Rayleigh-Shannon, SNR=10 dB | k=floor(bw/10)
==================================================================


[Partition] Dirichlet beta=0.1, 10 clients
  Client 0:   6071 samples | 3/10 classes
  Client 1:  18481 samples | 7/10 classes
  Client 2:    174 samples | 3/10 classes
  Client 3:    462 samples | 3/10 classes
  Client 4:   2759 samples | 3/10 classes
  Client 5:   5740 samples | 7/10 classes
  Client 6:   1703 samples | 4/10 classes
  Client 7:   3407 samples | 7/10 classes
  Client 8:   6483 samples | 7/10 classes
  Client 9:   4720 samples | 10/10 classes

[Upload] expert_bw=10 | available bw=[10, 40] | Rayleigh-Shannon, SNR=10 dB | upload k=floor(bw/10), cap=4 | probe gate scores, then train selected experts

[Model] Total params: 12,242,024

[Export] 本次实验目录: /userhome/cs3/duanty/FedMoE/results/20260918-083650

Round |      LR |  AvgLoss |  TestAcc |     Best |  RoundTime
--------------------------------------------------------------------------------
    1 | 0.00208 |   1.4687 |   11.45% |   11.45% |    0:54.63
      bandwidth/experts | c8:bw=31,experts=[0,1,2]; c1:bw=16,experts=[2]; c5:bw=25,experts=[1,2]; c0:bw=10,experts=[2]; c7:bw=11,experts=[2]; c2:bw=16,experts=[2]; c9:bw=25,experts=[1,2]; c4:bw=22,experts=[1,2]; c3:bw=28,experts=[1,2]; c6:bw=23,experts=[1,2]
    2 | 0.00406 |   1.2753 |   11.42% |   11.45% |    0:53.82
      bandwidth/experts | c0:bw=20,experts=[1,2]; c1:bw=23,experts=[1,2]; c8:bw=27,experts=[1,2]; c5:bw=38,experts=[0,1,2]; c3:bw=37,experts=[0,1,2]; c4:bw=17,experts=[2]; c7:bw=31,experts=[0,1,2]; c9:bw=26,experts=[1,2]; c6:bw=10,experts=[2]; c2:bw=12,experts=[2]
    3 | 0.00604 |   1.2099 |    9.71% |   11.45% |    0:54.77
      bandwidth/experts | c9:bw=26,experts=[1,2]; c2:bw=23,experts=[1,2]; c0:bw=28,experts=[1,2]; c6:bw=22,experts=[1,2]; c8:bw=17,experts=[2]; c5:bw=10,experts=[2]; c3:bw=14,experts=[2]; c7:bw=18,experts=[2]; c1:bw=10,experts=[2]; c4:bw=29,experts=[1,2]
    4 | 0.00802 |   1.1603 |   12.03% |   12.03% |    0:55.43
      bandwidth/experts | c1:bw=22,experts=[1,2]; c7:bw=25,experts=[1,2]; c6:bw=29,experts=[1,2]; c2:bw=33,experts=[0,1,2]; c8:bw=17,experts=[2]; c0:bw=33,experts=[0,1,2]; c3:bw=19,experts=[2]; c4:bw=31,experts=[0,1,2]; c5:bw=40,experts=[0,1,2,3]; c9:bw=12,experts=[2]
    5 | 0.01000 |   1.1471 |   14.19% |   14.19% |    0:56.16
      bandwidth/experts | c1:bw=11,experts=[2]; c5:bw=22,experts=[1,2]; c4:bw=27,experts=[1,2]; c8:bw=20,experts=[1,2]; c0:bw=28,experts=[1,2]; c7:bw=14,experts=[2]; c6:bw=29,experts=[1,2]; c3:bw=35,experts=[0,1,2]; c2:bw=10,experts=[2]; c9:bw=35,experts=[0,1,2]
    6 | 0.01000 |   1.1354 |   14.78% |   14.78% |    0:54.38
      bandwidth/experts | c8:bw=37,experts=[0,1,2]; c2:bw=23,experts=[1,2]; c5:bw=15,experts=[2]; c7:bw=32,experts=[0,1,2]; c3:bw=20,experts=[1,2]; c1:bw=18,experts=[2]; c9:bw=27,experts=[1,2]; c0:bw=17,experts=[2]; c4:bw=10,experts=[2]; c6:bw=11,experts=[2]
    7 | 0.01000 |   1.0964 |   15.41% |   15.41% |    0:55.49
      bandwidth/experts | c0:bw=20,experts=[1,2]; c5:bw=27,experts=[1,2]; c2:bw=22,experts=[1,2]; c6:bw=10,experts=[2]; c3:bw=15,experts=[2]; c7:bw=17,experts=[2]; c4:bw=10,experts=[2]; c1:bw=10,experts=[2]; c8:bw=32,experts=[0,1,2]; c9:bw=10,experts=[2]
    8 | 0.01000 |   1.0663 |   13.14% |   15.41% |    0:54.74
      bandwidth/experts | c4:bw=10,experts=[2]; c8:bw=20,experts=[1,2]; c1:bw=32,experts=[0,1,2]; c3:bw=21,experts=[1,2]; c0:bw=18,experts=[2]; c5:bw=16,experts=[2]; c2:bw=30,experts=[0,1,2]; c9:bw=33,experts=[0,1,2]; c7:bw=10,experts=[2]; c6:bw=23,experts=[1,2]
    9 | 0.01000 |   1.0417 |   12.79% |   15.41% |    0:55.81
      bandwidth/experts | c2:bw=12,experts=[2]; c0:bw=29,experts=[1,2]; c4:bw=33,experts=[0,1,2]; c9:bw=15,experts=[2]; c8:bw=10,experts=[2]; c6:bw=17,experts=[2]; c7:bw=25,experts=[1,2]; c5:bw=29,experts=[1,2]; c1:bw=10,experts=[2]; c3:bw=13,experts=[2]
   10 | 0.01000 |   1.0212 |   10.63% |   15.41% |    0:53.58
      bandwidth/experts | c4:bw=20,experts=[1,2]; c2:bw=19,experts=[2]; c7:bw=21,experts=[1,2]; c0:bw=33,experts=[0,1,2]; c6:bw=36,experts=[0,1,2]; c3:bw=26,experts=[1,2]; c5:bw=32,experts=[0,1,2]; c8:bw=20,experts=[1,2]; c9:bw=20,experts=[1,2]; c1:bw=23,experts=[1,2]
   11 | 0.01000 |   0.9961 |   11.70% |   15.41% |    0:53.33
      bandwidth/experts | c5:bw=15,experts=[2]; c2:bw=15,experts=[2]; c7:bw=24,experts=[1,2]; c3:bw=28,experts=[1,2]; c0:bw=16,experts=[2]; c8:bw=22,experts=[1,2]; c9:bw=18,experts=[2]; c6:bw=31,experts=[0,1,2]; c1:bw=22,experts=[1,2]; c4:bw=10,experts=[2]
   12 | 0.01000 |   0.9732 |   13.87% |   15.41% |    0:53.47
      bandwidth/experts | c1:bw=24,experts=[1,2]; c5:bw=31,experts=[0,1,2]; c2:bw=32,experts=[0,1,2]; c4:bw=16,experts=[2]; c3:bw=19,experts=[2]; c7:bw=16,experts=[2]; c9:bw=23,experts=[1,2]; c6:bw=16,experts=[2]; c8:bw=31,experts=[0,1,2]; c0:bw=27,experts=[1,2]
   13 | 0.01000 |   0.9630 |   10.78% |   15.41% |    0:54.13
      bandwidth/experts | c3:bw=17,experts=[2]; c1:bw=26,experts=[1,2]; c4:bw=10,experts=[2]; c5:bw=16,experts=[2]; c8:bw=10,experts=[2]; c6:bw=20,experts=[1,2]; c9:bw=10,experts=[2]; c7:bw=32,experts=[0,1,2]; c0:bw=14,experts=[2]; c2:bw=10,experts=[2]
   14 | 0.01000 |   1.1522 |   12.57% |   15.41% |    0:54.71
      bandwidth/experts | c2:bw=25,experts=[1,2]; c4:bw=10,experts=[1]; c5:bw=36,experts=[0,1,2]; c1:bw=21,experts=[1,2]; c7:bw=14,experts=[1]; c0:bw=14,experts=[1]; c9:bw=18,experts=[1]; c3:bw=25,experts=[1,2]; c8:bw=12,experts=[1]; c6:bw=37,experts=[0,1,2]
   15 | 0.01000 |   1.1975 |   12.23% |   15.41% |    0:55.71
      bandwidth/experts | c7:bw=33,experts=[0,1,2]; c0:bw=11,experts=[1]; c1:bw=10,experts=[1]; c8:bw=29,experts=[1,2]; c3:bw=10,experts=[1]; c2:bw=29,experts=[1,2]; c4:bw=26,experts=[1,2]; c5:bw=10,experts=[1]; c9:bw=11,experts=[1]; c6:bw=18,experts=[1]
   16 | 0.01000 |   0.8989 |    9.49% |   15.41% |    0:55.35
      bandwidth/experts | c6:bw=22,experts=[1,2]; c1:bw=16,experts=[1]; c3:bw=24,experts=[1,2]; c8:bw=27,experts=[1,2]; c7:bw=12,experts=[1]; c5:bw=22,experts=[1,2]; c4:bw=20,experts=[1,2]; c9:bw=13,experts=[1]; c0:bw=32,experts=[0,1,2]; c2:bw=29,experts=[1,2]
   17 | 0.01000 |   0.9258 |   10.02% |   15.41% |    0:55.49
      bandwidth/experts | c4:bw=32,experts=[0,1,2]; c7:bw=14,experts=[1]; c8:bw=10,experts=[1]; c3:bw=29,experts=[1,2]; c5:bw=10,experts=[1]; c1:bw=16,experts=[1]; c0:bw=10,experts=[1]; c2:bw=11,experts=[1]; c9:bw=21,experts=[1,2]; c6:bw=21,experts=[1,2]
   18 | 0.01000 |   0.9851 |   10.03% |   15.41% |    0:55.10
      bandwidth/experts | c1:bw=10,experts=[1]; c8:bw=10,experts=[1]; c5:bw=19,experts=[1]; c2:bw=21,experts=[1,2]; c9:bw=10,experts=[1]; c7:bw=30,experts=[0,1,2]; c4:bw=31,experts=[0,1,2]; c3:bw=21,experts=[1,2]; c0:bw=27,experts=[1,2]; c6:bw=17,experts=[1]
   19 | 0.01000 |   1.0008 |    8.44% |   15.41% |    0:54.41
      bandwidth/experts | c8:bw=31,experts=[0,1,2]; c0:bw=23,experts=[1,2]; c4:bw=28,experts=[1,2]; c1:bw=26,experts=[1,2]; c9:bw=21,experts=[1,2]; c5:bw=16,experts=[1]; c7:bw=12,experts=[1]; c2:bw=10,experts=[1]; c6:bw=36,experts=[0,1,2]; c3:bw=22,experts=[1,2]
   20 | 0.01000 |   0.9222 |   10.01% |   15.41% |    0:54.62
      bandwidth/experts | c0:bw=15,experts=[1]; c2:bw=23,experts=[1,2]; c1:bw=22,experts=[1,2]; c9:bw=10,experts=[1]; c7:bw=24,experts=[1,2]; c6:bw=38,experts=[0,1,2]; c3:bw=10,experts=[1]; c5:bw=10,experts=[1]; c4:bw=33,experts=[0,1,2]; c8:bw=28,experts=[1,2]
   21 | 0.01000 |   0.8498 |    9.96% |   15.41% |    0:54.86
      bandwidth/experts | c1:bw=23,experts=[1,2]; c2:bw=22,experts=[1,2]; c7:bw=10,experts=[1]; c4:bw=26,experts=[1,2]; c8:bw=10,experts=[1]; c5:bw=18,experts=[1]; c0:bw=37,experts=[0,1,2]; c3:bw=10,experts=[1]; c6:bw=10,experts=[1]; c9:bw=14,experts=[1]
   22 | 0.01000 |   0.8349 |    9.95% |   15.41% |    0:54.85
      bandwidth/experts | c7:bw=10,experts=[1]; c9:bw=18,experts=[1]; c1:bw=10,experts=[1]; c6:bw=34,experts=[0,1,2]; c5:bw=10,experts=[1]; c2:bw=37,experts=[0,1,2]; c0:bw=37,experts=[0,1,2]; c4:bw=20,experts=[1,2]; c3:bw=31,experts=[0,1,2]; c8:bw=18,experts=[1]
   23 | 0.01000 |   0.8696 |    9.70% |   15.41% |    0:54.28
      bandwidth/experts | c5:bw=29,experts=[1,2]; c7:bw=10,experts=[1]; c4:bw=31,experts=[0,1,2]; c6:bw=10,experts=[1]; c9:bw=28,experts=[1,2]; c8:bw=19,experts=[1]; c3:bw=10,experts=[1]; c1:bw=34,experts=[0,1,2]; c2:bw=18,experts=[1]; c0:bw=10,experts=[1]
   24 | 0.01000 |   0.9024 |   10.00% |   15.41% |    0:54.85
      bandwidth/experts | c6:bw=17,experts=[1]; c4:bw=10,experts=[1]; c7:bw=10,experts=[1]; c9:bw=28,experts=[1,2]; c2:bw=24,experts=[1,2]; c1:bw=10,experts=[1]; c5:bw=14,experts=[1]; c8:bw=10,experts=[1]; c3:bw=10,experts=[1]; c0:bw=17,experts=[1]
   25 | 0.01000 |   0.9099 |    9.97% |   15.41% |    0:54.31
      bandwidth/experts | c9:bw=22,experts=[1,2]; c6:bw=10,experts=[1]; c4:bw=32,experts=[0,1,2]; c3:bw=10,experts=[1]; c5:bw=35,experts=[0,1,2]; c1:bw=27,experts=[1,2]; c8:bw=30,experts=[0,1,2]; c2:bw=10,experts=[1]; c0:bw=31,experts=[0,1,2]; c7:bw=22,experts=[1,2]
   26 | 0.01000 |   0.8931 |   10.00% |   15.41% |    0:54.55
      bandwidth/experts | c3:bw=25,experts=[1,2]; c6:bw=19,experts=[1]; c9:bw=28,experts=[1,2]; c7:bw=17,experts=[1]; c1:bw=18,experts=[1]; c5:bw=11,experts=[1]; c2:bw=17,experts=[1]; c8:bw=30,experts=[0,1,2]; c0:bw=10,experts=[1]; c4:bw=26,experts=[1,2]
   27 | 0.01000 |   0.8774 |   10.00% |   15.41% |    0:55.02
      bandwidth/experts | c7:bw=29,experts=[1,2]; c1:bw=34,experts=[0,1,2]; c4:bw=10,experts=[2]; c0:bw=20,experts=[1,2]; c9:bw=10,experts=[2]; c2:bw=11,experts=[2]; c8:bw=31,experts=[0,1,2]; c3:bw=12,experts=[2]; c6:bw=35,experts=[0,1,2]; c5:bw=20,experts=[1,2]
   28 | 0.01000 |   0.8671 |   11.25% |   15.41% |    0:54.27
      bandwidth/experts | c6:bw=16,experts=[2]; c9:bw=27,experts=[1,2]; c0:bw=26,experts=[1,2]; c8:bw=16,experts=[2]; c2:bw=10,experts=[2]; c5:bw=18,experts=[2]; c1:bw=14,experts=[2]; c3:bw=10,experts=[2]; c4:bw=10,experts=[2]; c7:bw=10,experts=[2]
   29 | 0.01000 |   0.8360 |   11.11% |   15.41% |    0:54.73
      bandwidth/experts | c4:bw=21,experts=[1,2]; c0:bw=24,experts=[1,2]; c1:bw=18,experts=[1]; c9:bw=24,experts=[1,2]; c6:bw=24,experts=[1,2]; c8:bw=19,experts=[1]; c7:bw=12,experts=[1]; c3:bw=18,experts=[1]; c2:bw=10,experts=[1]; c5:bw=19,experts=[1]
   30 | 0.01000 |   0.8389 |   12.54% |   15.41% |    0:55.12
      bandwidth/experts | c5:bw=34,experts=[0,1,2]; c1:bw=20,experts=[1,2]; c9:bw=30,experts=[0,1,2]; c4:bw=29,experts=[1,2]; c0:bw=10,experts=[1]; c8:bw=23,experts=[1,2]; c6:bw=10,experts=[1]; c7:bw=10,experts=[1]; c3:bw=33,experts=[0,1,2]; c2:bw=15,experts=[1]
   31 | 0.01000 |   0.8336 |   13.14% |   15.41% |    0:54.71
      bandwidth/experts | c6:bw=16,experts=[1]; c4:bw=11,experts=[1]; c9:bw=25,experts=[1,2]; c1:bw=17,experts=[1]; c5:bw=34,experts=[0,1,2]; c8:bw=18,experts=[1]; c3:bw=13,experts=[1]; c2:bw=10,experts=[1]; c0:bw=26,experts=[1,2]; c7:bw=35,experts=[0,1,2]
   32 | 0.01000 |   0.8217 |   12.45% |   15.41% |    0:55.16
      bandwidth/experts | c8:bw=12,experts=[1]; c5:bw=20,experts=[1,2]; c4:bw=27,experts=[1,2]; c7:bw=26,experts=[1,2]; c0:bw=25,experts=[1,2]; c1:bw=12,experts=[1]; c3:bw=16,experts=[1]; c6:bw=15,experts=[1]; c2:bw=30,experts=[0,1,2]; c9:bw=17,experts=[1]
   33 | 0.01000 |   0.8185 |   12.31% |   15.41% |    0:55.13
      bandwidth/experts | c7:bw=29,experts=[1,2]; c1:bw=19,experts=[1]; c3:bw=39,experts=[0,1,2]; c6:bw=20,experts=[1,2]; c5:bw=16,experts=[1]; c9:bw=23,experts=[1,2]; c2:bw=13,experts=[1]; c8:bw=28,experts=[1,2]; c4:bw=25,experts=[1,2]; c0:bw=35,experts=[0,1,2]
   34 | 0.01000 |   0.8129 |   11.88% |   15.41% |    0:55.23
      bandwidth/experts | c4:bw=26,experts=[1,2]; c1:bw=26,experts=[1,2]; c6:bw=27,experts=[1,2]; c9:bw=38,experts=[0,1,2]; c8:bw=23,experts=[1,2]; c0:bw=12,experts=[1]; c5:bw=33,experts=[0,1,2]; c7:bw=18,experts=[1]; c3:bw=40,experts=[0,1,2,3]; c2:bw=30,experts=[0,1,2]
   35 | 0.01000 |   0.8100 |   13.35% |   15.41% |    0:55.24
      bandwidth/experts | c4:bw=18,experts=[1]; c0:bw=11,experts=[1]; c1:bw=17,experts=[1]; c6:bw=24,experts=[1,2]; c2:bw=25,experts=[1,2]; c8:bw=28,experts=[1,2]; c9:bw=15,experts=[1]; c7:bw=27,experts=[1,2]; c5:bw=23,experts=[1,2]; c3:bw=13,experts=[1]
   36 | 0.01000 |   0.7962 |   11.68% |   15.41% |    0:54.56
      bandwidth/experts | c9:bw=21,experts=[1,2]; c0:bw=20,experts=[1,2]; c3:bw=33,experts=[0,1,2]; c7:bw=15,experts=[1]; c6:bw=24,experts=[1,2]; c5:bw=27,experts=[1,2]; c1:bw=10,experts=[1]; c4:bw=40,experts=[0,1,2,3]; c8:bw=28,experts=[1,2]; c2:bw=28,experts=[1,2]
   37 | 0.01000 |   0.7847 |   10.89% |   15.41% |    0:53.94
      bandwidth/experts | c1:bw=10,experts=[1]; c5:bw=22,experts=[1,2]; c2:bw=20,experts=[1,2]; c6:bw=36,experts=[0,1,2]; c4:bw=22,experts=[1,2]; c7:bw=23,experts=[1,2]; c9:bw=22,experts=[1,2]; c0:bw=30,experts=[0,1,2]; c3:bw=20,experts=[1,2]; c8:bw=10,experts=[1]
   38 | 0.01000 |   0.7811 |   11.08% |   15.41% |    0:53.66
      bandwidth/experts | c8:bw=25,experts=[1,2]; c6:bw=10,experts=[1]; c4:bw=29,experts=[1,2]; c1:bw=17,experts=[1]; c5:bw=10,experts=[1]; c2:bw=10,experts=[1]; c3:bw=21,experts=[1,2]; c7:bw=28,experts=[1,2]; c9:bw=14,experts=[1]; c0:bw=22,experts=[1,2]
   39 | 0.01000 |   0.7742 |   11.00% |   15.41% |    0:54.00
      bandwidth/experts | c3:bw=14,experts=[1]; c0:bw=10,experts=[1]; c1:bw=25,experts=[1,2]; c7:bw=22,experts=[1,2]; c6:bw=17,experts=[1]; c8:bw=25,experts=[1,2]; c2:bw=20,experts=[1,2]; c4:bw=20,experts=[1,2]; c9:bw=13,experts=[1]; c5:bw=40,experts=[0,1,2,3]
   40 | 0.01000 |   0.7684 |   10.23% |   15.41% |    0:54.22
      bandwidth/experts | c8:bw=14,experts=[1]; c1:bw=23,experts=[1,2]; c5:bw=18,experts=[1]; c6:bw=26,experts=[1,2]; c2:bw=36,experts=[0,1,2]; c7:bw=37,experts=[0,1,2]; c3:bw=10,experts=[1]; c4:bw=11,experts=[1]; c9:bw=22,experts=[1,2]; c0:bw=20,experts=[1,2]
   41 | 0.01000 |   0.7683 |   10.03% |   15.41% |    0:54.34
      bandwidth/experts | c2:bw=30,experts=[0,1,2]; c6:bw=10,experts=[1]; c8:bw=31,experts=[0,1,2]; c1:bw=10,experts=[1]; c4:bw=28,experts=[1,2]; c5:bw=34,experts=[0,1,2]; c7:bw=38,experts=[0,1,2]; c3:bw=22,experts=[1,2]; c9:bw=30,experts=[0,1,2]; c0:bw=10,experts=[1]
   42 | 0.01000 |   0.7671 |   10.15% |   15.41% |    0:53.62
      bandwidth/experts | c5:bw=28,experts=[1,2]; c1:bw=27,experts=[1,2]; c3:bw=27,experts=[1,2]; c9:bw=28,experts=[1,2]; c6:bw=19,experts=[1]; c0:bw=10,experts=[1]; c7:bw=11,experts=[1]; c4:bw=30,experts=[0,1,2]; c8:bw=23,experts=[1,2]; c2:bw=22,experts=[1,2]
   43 | 0.01000 |   0.7589 |   10.73% |   15.41% |    0:53.30
      bandwidth/experts | c5:bw=29,experts=[1,2]; c1:bw=32,experts=[0,1,2]; c2:bw=28,experts=[1,2]; c8:bw=25,experts=[1,2]; c9:bw=18,experts=[1]; c7:bw=12,experts=[1]; c4:bw=19,experts=[1]; c6:bw=10,experts=[1]; c3:bw=36,experts=[0,1,2]; c0:bw=12,experts=[1]
   44 | 0.01000 |   0.7536 |   12.48% |   15.41% |    0:52.63
      bandwidth/experts | c0:bw=37,experts=[0,1,2]; c3:bw=26,experts=[1,2]; c4:bw=16,experts=[1]; c2:bw=20,experts=[1,2]; c7:bw=40,experts=[0,1,2,3]; c5:bw=13,experts=[1]; c6:bw=11,experts=[1]; c9:bw=21,experts=[1,2]; c8:bw=19,experts=[1]; c1:bw=25,experts=[1,2]
   45 | 0.01000 |   0.7439 |   10.56% |   15.41% |    0:52.56
      bandwidth/experts | c8:bw=31,experts=[0,1,2]; c0:bw=20,experts=[1,2]; c3:bw=37,experts=[0,1,2]; c4:bw=36,experts=[0,1,2]; c7:bw=20,experts=[1,2]; c2:bw=27,experts=[1,2]; c9:bw=14,experts=[1]; c6:bw=10,experts=[1]; c5:bw=25,experts=[1,2]; c1:bw=31,experts=[0,1,2]
   46 | 0.01000 |   0.7432 |   11.09% |   15.41% |    0:51.94
      bandwidth/experts | c9:bw=20,experts=[1,2]; c3:bw=15,experts=[1]; c6:bw=21,experts=[1,2]; c1:bw=23,experts=[1,2]; c4:bw=35,experts=[0,1,2]; c5:bw=23,experts=[1,2]; c2:bw=32,experts=[0,1,2]; c8:bw=22,experts=[1,2]; c0:bw=30,experts=[0,1,2]; c7:bw=16,experts=[1]
   47 | 0.01000 |   0.7366 |   12.68% |   15.41% |    0:51.48
      bandwidth/experts | c5:bw=29,experts=[1,2]; c6:bw=12,experts=[1]; c7:bw=29,experts=[1,2]; c9:bw=10,experts=[1]; c8:bw=22,experts=[1,2]; c3:bw=39,experts=[0,1,2]; c4:bw=10,experts=[1]; c0:bw=25,experts=[1,2]; c1:bw=17,experts=[1]; c2:bw=30,experts=[0,1,2]
   48 | 0.01000 |   0.7263 |   11.34% |   15.41% |    0:50.93
      bandwidth/experts | c1:bw=28,experts=[1,2]; c8:bw=28,experts=[1,2]; c4:bw=37,experts=[0,1,2]; c2:bw=31,experts=[0,1,2]; c9:bw=29,experts=[1,2]; c6:bw=25,experts=[1,2]; c5:bw=31,experts=[0,1,2]; c7:bw=35,experts=[0,1,2]; c0:bw=10,experts=[1]; c3:bw=10,experts=[1]
   49 | 0.01000 |   0.7219 |   10.02% |   15.41% |    0:49.95
      bandwidth/experts | c4:bw=27,experts=[1,2]; c3:bw=18,experts=[1]; c8:bw=15,experts=[1]; c0:bw=11,experts=[1]; c2:bw=32,experts=[0,1,2]; c5:bw=31,experts=[0,1,2]; c6:bw=10,experts=[1]; c7:bw=24,experts=[1,2]; c9:bw=29,experts=[1,2]; c1:bw=30,experts=[0,1,2]
   50 | 0.01000 |   0.7187 |   10.03% |   15.41% |    0:49.61
      bandwidth/experts | c8:bw=18,experts=[1]; c4:bw=10,experts=[1]; c7:bw=19,experts=[1]; c6:bw=38,experts=[0,1,2]; c2:bw=35,experts=[0,1,2]; c1:bw=36,experts=[0,1,2]; c3:bw=22,experts=[1,2]; c0:bw=16,experts=[1]; c9:bw=15,experts=[1]; c5:bw=17,experts=[1]
   51 | 0.01000 |   0.7233 |   10.03% |   15.41% |    0:49.67
      bandwidth/experts | c5:bw=26,experts=[1,2]; c0:bw=30,experts=[0,1,2]; c1:bw=12,experts=[1]; c2:bw=11,experts=[1]; c8:bw=26,experts=[1,2]; c6:bw=29,experts=[1,2]; c9:bw=10,experts=[1]; c3:bw=31,experts=[0,1,2]; c4:bw=10,experts=[1]; c7:bw=15,experts=[1]
   52 | 0.01000 |   0.7213 |   10.17% |   15.41% |    0:49.64
      bandwidth/experts | c0:bw=26,experts=[1,2]; c8:bw=10,experts=[1]; c5:bw=13,experts=[1]; c7:bw=19,experts=[1]; c1:bw=22,experts=[1,2]; c4:bw=18,experts=[1]; c9:bw=17,experts=[1]; c6:bw=28,experts=[1,2]; c2:bw=16,experts=[1]; c3:bw=24,experts=[1,2]
   53 | 0.01000 |   0.7162 |   10.34% |   15.41% |    0:49.71
      bandwidth/experts | c8:bw=12,experts=[1]; c4:bw=16,experts=[1]; c5:bw=24,experts=[1,2]; c1:bw=33,experts=[0,1,2]; c3:bw=26,experts=[1,2]; c9:bw=34,experts=[0,1,2]; c6:bw=20,experts=[1,2]; c7:bw=24,experts=[1,2]; c0:bw=21,experts=[1,2]; c2:bw=29,experts=[1,2]
   54 | 0.01000 |   0.7159 |   10.00% |   15.41% |    0:49.84
      bandwidth/experts | c2:bw=10,experts=[1]; c1:bw=29,experts=[1,2]; c8:bw=31,experts=[0,1,2]; c7:bw=34,experts=[0,1,2]; c3:bw=17,experts=[1]; c0:bw=20,experts=[1,2]; c6:bw=30,experts=[0,1,2]; c5:bw=10,experts=[1]; c9:bw=28,experts=[1,2]; c4:bw=18,experts=[1]
   55 | 0.01000 |   0.7102 |   10.00% |   15.41% |    0:49.52
      bandwidth/experts | c7:bw=30,experts=[0,1,2]; c2:bw=23,experts=[1,2]; c4:bw=10,experts=[1]; c3:bw=29,experts=[1,2]; c8:bw=10,experts=[1]; c5:bw=29,experts=[1,2]; c1:bw=33,experts=[0,1,2]; c6:bw=23,experts=[1,2]; c0:bw=15,experts=[1]; c9:bw=34,experts=[0,1,2]
   56 | 0.01000 |   0.7040 |   10.00% |   15.41% |    0:49.72
      bandwidth/experts | c9:bw=29,experts=[1,2]; c1:bw=31,experts=[0,1,2]; c3:bw=10,experts=[1]; c2:bw=29,experts=[1,2]; c5:bw=17,experts=[1]; c4:bw=10,experts=[1]; c8:bw=10,experts=[1]; c7:bw=10,experts=[1]; c6:bw=13,experts=[1]; c0:bw=39,experts=[0,1,2]
   57 | 0.01000 |   0.7094 |   10.00% |   15.41% |    0:49.84
      bandwidth/experts | c3:bw=35,experts=[0,1,2]; c8:bw=24,experts=[1,2]; c6:bw=27,experts=[1,2]; c1:bw=27,experts=[1,2]; c7:bw=38,experts=[0,1,2]; c0:bw=39,experts=[0,1,2]; c5:bw=24,experts=[1,2]; c4:bw=23,experts=[1,2]; c2:bw=18,experts=[1]; c9:bw=11,experts=[1]
   58 | 0.01000 |   0.7051 |   10.00% |   15.41% |    0:49.71
      bandwidth/experts | c7:bw=13,experts=[1]; c2:bw=10,experts=[1]; c9:bw=32,experts=[0,1,2]; c6:bw=30,experts=[0,1,2]; c5:bw=19,experts=[1]; c1:bw=17,experts=[1]; c8:bw=22,experts=[1,2]; c4:bw=21,experts=[1,2]; c3:bw=34,experts=[0,1,2]; c0:bw=26,experts=[1,2]
   59 | 0.01000 |   0.7019 |   10.00% |   15.41% |    0:49.77
      bandwidth/experts | c2:bw=20,experts=[1,2]; c8:bw=31,experts=[0,1,2]; c9:bw=15,experts=[1]; c6:bw=11,experts=[1]; c1:bw=36,experts=[0,1,2]; c4:bw=14,experts=[1]; c7:bw=15,experts=[1]; c5:bw=18,experts=[1]; c0:bw=29,experts=[1,2]; c3:bw=20,experts=[1,2]
   60 | 0.01000 |   0.6961 |   10.00% |   15.41% |    0:49.57
      bandwidth/experts | c0:bw=29,experts=[1,2]; c7:bw=26,experts=[1,2]; c4:bw=17,experts=[1]; c2:bw=17,experts=[1]; c5:bw=18,experts=[1]; c8:bw=14,experts=[1]; c6:bw=33,experts=[0,1,2]; c9:bw=10,experts=[1]; c1:bw=30,experts=[0,1,2]; c3:bw=24,experts=[1,2]
   61 | 0.01000 |   0.6916 |   10.00% |   15.41% |    0:49.87
      bandwidth/experts | c5:bw=27,experts=[1,2]; c6:bw=21,experts=[1,2]; c2:bw=16,experts=[1]; c9:bw=21,experts=[1,2]; c1:bw=19,experts=[1]; c3:bw=24,experts=[1,2]; c8:bw=31,experts=[1,2,3]; c4:bw=21,experts=[1,2]; c7:bw=24,experts=[1,2]; c0:bw=33,experts=[0,1,2]
   62 | 0.01000 |   0.6945 |   10.00% |   15.41% |    0:53.01
      bandwidth/experts | c8:bw=10,experts=[1]; c6:bw=35,experts=[1,2,3]; c9:bw=10,experts=[1]; c4:bw=33,experts=[1,2,3]; c5:bw=37,experts=[1,2,3]; c0:bw=16,experts=[1]; c3:bw=29,experts=[1,2]; c2:bw=23,experts=[1,2]; c1:bw=40,experts=[0,1,2,3]; c7:bw=25,experts=[1,2]
   63 | 0.01000 |   0.6839 |   10.00% |   15.41% |    0:52.86
      bandwidth/experts | c5:bw=10,experts=[1]; c9:bw=12,experts=[1]; c6:bw=19,experts=[1]; c3:bw=29,experts=[1,2]; c8:bw=18,experts=[1]; c1:bw=28,experts=[1,2]; c7:bw=38,experts=[1,2,3]; c0:bw=23,experts=[1,2]; c2:bw=15,experts=[1]; c4:bw=29,experts=[1,2]
   64 | 0.01000 |   0.6853 |   10.00% |   15.41% |    0:52.78
      bandwidth/experts | c6:bw=28,experts=[1,2]; c4:bw=21,experts=[1,2]; c5:bw=13,experts=[1]; c3:bw=21,experts=[1,2]; c7:bw=19,experts=[1]; c0:bw=18,experts=[1]; c8:bw=30,experts=[1,2,3]; c9:bw=33,experts=[1,2,3]; c2:bw=31,experts=[1,2,3]; c1:bw=16,experts=[1]
   65 | 0.01000 |   0.6856 |   10.00% |   15.41% |    0:52.99
      bandwidth/experts | c7:bw=10,experts=[1]; c5:bw=16,experts=[1]; c4:bw=32,experts=[1,2,3]; c6:bw=28,experts=[1,2]; c8:bw=37,experts=[1,2,3]; c3:bw=24,experts=[1,2]; c0:bw=23,experts=[1,2]; c2:bw=16,experts=[1]; c1:bw=32,experts=[1,2,3]; c9:bw=26,experts=[1,2]
   66 | 0.01000 |   0.6868 |   10.00% |   15.41% |    0:52.91
      bandwidth/experts | c2:bw=23,experts=[1,2]; c5:bw=10,experts=[1]; c1:bw=30,experts=[1,2,3]; c8:bw=13,experts=[1]; c9:bw=17,experts=[1]; c6:bw=16,experts=[1]; c4:bw=23,experts=[1,2]; c0:bw=21,experts=[1,2]; c3:bw=37,experts=[1,2,3]; c7:bw=28,experts=[1,2]
   67 | 0.01000 |   0.6801 |   10.00% |   15.41% |    0:53.07
      bandwidth/experts | c4:bw=28,experts=[1,2]; c5:bw=27,experts=[1,2]; c1:bw=20,experts=[1,2]; c3:bw=14,experts=[1]; c6:bw=29,experts=[1,2]; c0:bw=18,experts=[1]; c2:bw=24,experts=[1,2]; c9:bw=33,experts=[1,2,3]; c7:bw=33,experts=[1,2,3]; c8:bw=10,experts=[1]
   68 | 0.01000 |   0.6694 |   10.00% |   15.41% |    0:52.76
      bandwidth/experts | c1:bw=23,experts=[1,2]; c8:bw=17,experts=[1]; c2:bw=32,experts=[1,2,3]; c0:bw=17,experts=[1]; c3:bw=14,experts=[1]; c4:bw=27,experts=[1,2]; c5:bw=25,experts=[1,2]; c9:bw=10,experts=[1]; c7:bw=15,experts=[1]; c6:bw=18,experts=[1]
   69 | 0.01000 |   0.6656 |   10.00% |   15.41% |    0:54.44
      bandwidth/experts | c3:bw=23,experts=[1,2]; c7:bw=32,experts=[1,2,3]; c1:bw=17,experts=[1]; c4:bw=23,experts=[1,2]; c9:bw=20,experts=[1,2]; c5:bw=22,experts=[1,2]; c0:bw=29,experts=[1,2]; c2:bw=37,experts=[1,2,3]; c8:bw=23,experts=[1,2]; c6:bw=15,experts=[1]
   70 | 0.01000 |   0.6682 |   10.00% |   15.41% |    1:00.21
      bandwidth/experts | c1:bw=13,experts=[1]; c9:bw=10,experts=[1]; c7:bw=16,experts=[1]; c3:bw=18,experts=[1]; c0:bw=17,experts=[1]; c6:bw=14,experts=[1]; c2:bw=31,experts=[1,2,3]; c4:bw=32,experts=[1,2,3]; c5:bw=13,experts=[1]; c8:bw=27,experts=[1,2]
   71 | 0.01000 |   0.6702 |   10.00% |   15.41% |    0:54.79
      bandwidth/experts | c4:bw=24,experts=[1,2]; c0:bw=10,experts=[1]; c1:bw=29,experts=[1,2]; c9:bw=22,experts=[1,2]; c7:bw=11,experts=[1]; c5:bw=19,experts=[1]; c3:bw=34,experts=[1,2,3]; c6:bw=28,experts=[1,2]; c8:bw=21,experts=[1,2]; c2:bw=34,experts=[1,2,3]
   72 | 0.01000 |   0.6685 |   10.00% |   15.41% |    0:51.24
      bandwidth/experts | c8:bw=16,experts=[1]; c1:bw=22,experts=[1,2]; c5:bw=24,experts=[1,2]; c7:bw=27,experts=[1,2]; c6:bw=11,experts=[1]; c0:bw=29,experts=[1,2]; c3:bw=13,experts=[1]; c2:bw=13,experts=[1]; c9:bw=21,experts=[1,2]; c4:bw=22,experts=[1,2]
   73 | 0.01000 |   0.6610 |   10.00% |   15.41% |    0:49.70
      bandwidth/experts | c2:bw=26,experts=[1,2]; c8:bw=10,experts=[1]; c3:bw=22,experts=[1,2]; c1:bw=37,experts=[0,1,2]; c5:bw=10,experts=[1]; c9:bw=29,experts=[1,2]; c0:bw=16,experts=[1]; c7:bw=20,experts=[1,2]; c6:bw=11,experts=[1]; c4:bw=23,experts=[1,2]
   74 | 0.01000 |   0.6572 |   10.00% |   15.41% |    0:49.58
      bandwidth/experts | c3:bw=10,experts=[1]; c0:bw=22,experts=[1,2]; c1:bw=15,experts=[1]; c5:bw=28,experts=[1,2]; c7:bw=36,experts=[0,1,2]; c8:bw=16,experts=[1]; c6:bw=10,experts=[1]; c2:bw=10,experts=[1]; c4:bw=26,experts=[1,2]; c9:bw=18,experts=[1]
   75 | 0.01000 |   0.6564 |   10.00% |   15.41% |    0:49.60
      bandwidth/experts | c2:bw=22,experts=[1,2]; c9:bw=34,experts=[0,1,2]; c1:bw=30,experts=[0,1,2]; c3:bw=11,experts=[1]; c7:bw=16,experts=[1]; c6:bw=31,experts=[0,1,2]; c5:bw=17,experts=[1]; c4:bw=31,experts=[0,1,2]; c0:bw=34,experts=[0,1,2]; c8:bw=30,experts=[0,1,2]
   76 | 0.01000 |   0.6505 |   10.00% |   15.41% |    0:49.54
      bandwidth/experts | c8:bw=16,experts=[1]; c5:bw=21,experts=[1,2]; c0:bw=17,experts=[1]; c3:bw=10,experts=[1]; c2:bw=14,experts=[1]; c6:bw=13,experts=[1]; c7:bw=37,experts=[0,1,2]; c4:bw=34,experts=[0,1,2]; c9:bw=32,experts=[0,1,2]; c1:bw=30,experts=[0,1,2]
   77 | 0.01000 |   0.6607 |   10.00% |   15.41% |    0:49.50
      bandwidth/experts | c9:bw=16,experts=[1]; c2:bw=19,experts=[1]; c1:bw=35,experts=[0,1,2]; c8:bw=10,experts=[1]; c4:bw=10,experts=[1]; c7:bw=10,experts=[1]; c6:bw=32,experts=[0,1,2]; c0:bw=35,experts=[0,1,2]; c3:bw=22,experts=[1,2]; c5:bw=33,experts=[0,1,2]
   78 | 0.01000 |   0.6645 |   10.00% |   15.41% |    0:49.65
      bandwidth/experts | c0:bw=15,experts=[0]; c4:bw=13,experts=[0]; c3:bw=21,experts=[0,1]; c7:bw=20,experts=[0,1]; c8:bw=30,experts=[0,1,2]; c1:bw=23,experts=[0,1]; c9:bw=17,experts=[0]; c6:bw=32,experts=[0,1,2]; c5:bw=35,experts=[0,1,2]; c2:bw=19,experts=[0]
   79 | 0.01000 |   0.6711 |   10.00% |   15.41% |    0:49.54
      bandwidth/experts | c6:bw=12,experts=[0]; c9:bw=10,experts=[0]; c0:bw=20,experts=[0,1]; c4:bw=40,experts=[0,1,2,3]; c7:bw=25,experts=[0,1]; c8:bw=25,experts=[0,1]; c5:bw=29,experts=[0,1]; c3:bw=15,experts=[0]; c1:bw=21,experts=[0,1]; c2:bw=18,experts=[0]
   80 | 0.01000 |   0.6530 |   10.00% |   15.41% |    0:49.57
      bandwidth/experts | c5:bw=36,experts=[0,1,2]; c9:bw=29,experts=[0,1]; c7:bw=26,experts=[0,1]; c1:bw=17,experts=[0]; c3:bw=17,experts=[0]; c4:bw=32,experts=[0,1,2]; c2:bw=24,experts=[0,1]; c0:bw=26,experts=[0,1]; c6:bw=22,experts=[0,1]; c8:bw=28,experts=[0,1]
   81 | 0.01000 |   0.6452 |   10.00% |   15.41% |    0:49.55
      bandwidth/experts | c6:bw=29,experts=[0,1]; c2:bw=25,experts=[0,1]; c3:bw=37,experts=[0,1,2]; c1:bw=27,experts=[0,1]; c4:bw=23,experts=[0,1]; c5:bw=17,experts=[0]; c9:bw=15,experts=[0]; c7:bw=32,experts=[0,1,2]; c8:bw=26,experts=[0,1]; c0:bw=28,experts=[0,1]
   82 | 0.01000 |   0.6436 |   10.00% |   15.41% |    0:49.72
      bandwidth/experts | c1:bw=36,experts=[0,1,2]; c0:bw=17,experts=[0]; c6:bw=20,experts=[0,1]; c8:bw=32,experts=[0,1,2]; c7:bw=22,experts=[0,1]; c3:bw=22,experts=[0,1]; c2:bw=16,experts=[0]; c9:bw=31,experts=[0,1,2]; c5:bw=22,experts=[0,1]; c4:bw=16,experts=[0]
   83 | 0.01000 |   0.6500 |   10.00% |   15.41% |    0:49.62
      bandwidth/experts | c9:bw=29,experts=[0,1]; c4:bw=10,experts=[0]; c2:bw=23,experts=[0,1]; c7:bw=21,experts=[0,1]; c5:bw=10,experts=[0]; c0:bw=10,experts=[0]; c6:bw=29,experts=[0,1]; c1:bw=35,experts=[0,1,2]; c8:bw=22,experts=[0,1]; c3:bw=24,experts=[0,1]
   84 | 0.01000 |   0.6532 |   10.00% |   15.41% |    0:49.73
      bandwidth/experts | c8:bw=37,experts=[0,1,2]; c3:bw=18,experts=[0]; c1:bw=32,experts=[0,1,2]; c6:bw=10,experts=[0]; c9:bw=11,experts=[0]; c2:bw=20,experts=[0,1]; c7:bw=26,experts=[0,1]; c5:bw=11,experts=[0]; c4:bw=15,experts=[0]; c0:bw=10,experts=[0]
   85 | 0.01000 |   0.6448 |   10.00% |   15.41% |    0:49.55
      bandwidth/experts | c0:bw=21,experts=[0,1]; c2:bw=25,experts=[0,1]; c8:bw=39,experts=[0,1,2]; c6:bw=23,experts=[0,1]; c1:bw=31,experts=[0,1,2]; c4:bw=23,experts=[0,1]; c9:bw=32,experts=[0,1,2]; c3:bw=28,experts=[0,1]; c5:bw=10,experts=[0]; c7:bw=10,experts=[0]
   86 | 0.01000 |   0.6505 |   10.00% |   15.41% |    0:49.62
      bandwidth/experts | c5:bw=26,experts=[0,1]; c8:bw=15,experts=[0]; c2:bw=13,experts=[0]; c6:bw=31,experts=[0,1,2]; c0:bw=17,experts=[0]; c4:bw=10,experts=[0]; c7:bw=24,experts=[0,1]; c3:bw=15,experts=[0]; c1:bw=40,experts=[0,1,2,3]; c9:bw=24,experts=[0,1]
   87 | 0.01000 |   0.6386 |   10.00% |   15.41% |    0:49.53
      bandwidth/experts | c1:bw=16,experts=[0]; c2:bw=37,experts=[0,1,2]; c7:bw=12,experts=[0]; c5:bw=10,experts=[0]; c6:bw=33,experts=[0,1,2]; c3:bw=38,experts=[0,1,2]; c4:bw=19,experts=[0]; c9:bw=21,experts=[0,1]; c8:bw=26,experts=[0,1]; c0:bw=19,experts=[0]
   88 | 0.01000 |   0.6407 |   10.00% |   15.41% |    0:49.62
      bandwidth/experts | c8:bw=24,experts=[0,1]; c6:bw=15,experts=[0]; c3:bw=18,experts=[0]; c7:bw=23,experts=[0,1]; c0:bw=34,experts=[0,1,2]; c4:bw=21,experts=[0,1]; c9:bw=17,experts=[0]; c1:bw=16,experts=[0]; c5:bw=17,experts=[0]; c2:bw=25,experts=[0,1]
   89 | 0.01000 |   0.6359 |   10.00% |   15.41% |    0:49.42
      bandwidth/experts | c3:bw=17,experts=[0]; c8:bw=40,experts=[0,1,2,3]; c2:bw=25,experts=[0,1]; c9:bw=34,experts=[0,1,2]; c7:bw=12,experts=[0]; c5:bw=25,experts=[0,1]; c0:bw=10,experts=[0]; c6:bw=18,experts=[0]; c4:bw=17,experts=[0]; c1:bw=23,experts=[0,1]
   90 | 0.01000 |   0.6369 |   10.00% |   15.41% |    0:49.61
      bandwidth/experts | c7:bw=40,experts=[0,1,2,3]; c1:bw=17,experts=[0]; c3:bw=20,experts=[0,1]; c9:bw=35,experts=[0,1,2]; c0:bw=35,experts=[0,1,2]; c6:bw=14,experts=[0]; c2:bw=12,experts=[0]; c5:bw=15,experts=[0]; c8:bw=28,experts=[0,1]; c4:bw=20,experts=[0,1]
   91 | 0.01000 |   0.6460 |   10.00% |   15.41% |    0:49.54
      bandwidth/experts | c1:bw=28,experts=[0,1]; c9:bw=19,experts=[0]; c5:bw=29,experts=[0,1]; c7:bw=29,experts=[0,1]; c3:bw=22,experts=[0,1]; c4:bw=30,experts=[0,1,2]; c0:bw=12,experts=[0]; c6:bw=16,experts=[0]; c2:bw=10,experts=[0]; c8:bw=13,experts=[0]
   92 | 0.01000 |   0.6442 |   10.00% |   15.41% |    0:49.63
      bandwidth/experts | c3:bw=16,experts=[0]; c7:bw=19,experts=[0]; c1:bw=11,experts=[0]; c0:bw=16,experts=[0]; c8:bw=11,experts=[0]; c6:bw=25,experts=[0,1]; c9:bw=31,experts=[0,1,2]; c2:bw=14,experts=[0]; c5:bw=37,experts=[0,1,2]; c4:bw=15,experts=[0]
   93 | 0.01000 |   0.6344 |   10.00% |   15.41% |    0:49.57
      bandwidth/experts | c1:bw=26,experts=[0,1]; c3:bw=17,experts=[0]; c7:bw=12,experts=[0]; c9:bw=32,experts=[0,1,2]; c6:bw=12,experts=[0]; c8:bw=10,experts=[0]; c5:bw=10,experts=[0]; c4:bw=18,experts=[0]; c0:bw=10,experts=[0]; c2:bw=28,experts=[0,1]
   94 | 0.01000 |   0.6413 |   10.00% |   15.41% |    0:49.48
      bandwidth/experts | c7:bw=25,experts=[0,1]; c2:bw=36,experts=[0,1,2]; c5:bw=23,experts=[0,1]; c4:bw=17,experts=[0]; c6:bw=17,experts=[0]; c9:bw=28,experts=[0,1]; c1:bw=39,experts=[0,1,2]; c8:bw=10,experts=[0]; c0:bw=31,experts=[0,1,2]; c3:bw=19,experts=[0]
   95 | 0.01000 |   0.6376 |   10.00% |   15.41% |    0:49.42
      bandwidth/experts | c7:bw=33,experts=[0,1,2]; c9:bw=23,experts=[0,1]; c4:bw=10,experts=[0]; c6:bw=22,experts=[0,1]; c0:bw=19,experts=[0]; c3:bw=23,experts=[0,1]; c1:bw=17,experts=[0]; c8:bw=40,experts=[0,1,2,3]; c2:bw=13,experts=[0]; c5:bw=10,experts=[0]
   96 | 0.01000 |   0.6359 |   10.00% |   15.41% |    0:49.61
      bandwidth/experts | c2:bw=36,experts=[0,1,2]; c9:bw=25,experts=[0,1]; c3:bw=25,experts=[0,1]; c1:bw=20,experts=[0,1]; c5:bw=33,experts=[0,1,2]; c4:bw=27,experts=[0,1]; c6:bw=17,experts=[0]; c7:bw=28,experts=[0,1]; c0:bw=20,experts=[0,1]; c8:bw=36,experts=[0,1,2]
   97 | 0.01000 |   0.6331 |   10.00% |   15.41% |    0:49.63
      bandwidth/experts | c0:bw=23,experts=[0,1]; c9:bw=24,experts=[0,1]; c8:bw=24,experts=[0,1]; c4:bw=10,experts=[0]; c7:bw=17,experts=[0]; c1:bw=28,experts=[0,1]; c3:bw=19,experts=[0]; c5:bw=26,experts=[0,1]; c6:bw=28,experts=[0,1]; c2:bw=30,experts=[0,1,2]
   98 | 0.01000 |   0.6434 |   10.00% |   15.41% |    0:49.47
      bandwidth/experts | c4:bw=29,experts=[0,1]; c8:bw=30,experts=[0,1,2]; c9:bw=15,experts=[0]; c7:bw=13,experts=[0]; c6:bw=20,experts=[0,1]; c5:bw=27,experts=[0,1]; c0:bw=19,experts=[0]; c3:bw=14,experts=[0]; c1:bw=15,experts=[0]; c2:bw=13,experts=[0]
   99 | 0.01000 |   0.6297 |   10.00% |   15.41% |    0:49.64
      bandwidth/experts | c8:bw=19,experts=[0]; c5:bw=27,experts=[0,1]; c7:bw=25,experts=[0,1]; c1:bw=33,experts=[0,1,2]; c3:bw=21,experts=[0,1]; c9:bw=11,experts=[0]; c4:bw=14,experts=[0]; c0:bw=22,experts=[0,1]; c2:bw=17,experts=[0]; c6:bw=19,experts=[0]
  100 | 0.01000 |   0.6273 |   10.00% |   15.41% |    0:50.16
      bandwidth/experts | c2:bw=17,experts=[0]; c8:bw=25,experts=[0,1]; c9:bw=29,experts=[0,1]; c5:bw=10,experts=[0]; c6:bw=25,experts=[0,1]; c1:bw=10,experts=[0]; c4:bw=36,experts=[0,1,2]; c7:bw=10,experts=[0]; c3:bw=23,experts=[0,1]; c0:bw=36,experts=[0,1,2]

Done. Best Acc: 15.41% @ round 7
Total time: 1:27:17.54
[Export] 实验目录: /userhome/cs3/duanty/FedMoE/results/20260918-083650
[Export] 每轮明细: /userhome/cs3/duanty/FedMoE/results/20260918-083650/rounds.xlsx
[Export] 总体摘要: /userhome/cs3/duanty/FedMoE/results/20260918-083650/summary.xlsx
[Plot] result = /userhome/cs3/duanty/FedMoE/results/20260918-083650
[Plot] figures -> /userhome/cs3/duanty/FedMoE/results/20260918-083650/figure
  fig01_test_accuracy.pdf
  fig02_train_loss.pdf
  fig03_acc_and_loss.pdf
  fig04_bandwidth_and_k.pdf
  fig05_expert_round_heatmap.pdf
  fig06_client_expert_heatmap.pdf
  fig07_expert_frequency.pdf
  fig08_time_breakdown.pdf
  fig09_accuracy_vs_communication.pdf
  fig10_overview.pdf
[Export] 图片目录: /userhome/cs3/duanty/FedMoE/results/20260918-083650/figure
