========================================
Job    : c10-vgg11-e8-random
Host   : gpu-4090-111
Date   : Sun Sep 20 04:14:55 HKT 2026
GPU    : 0
Python : /userhome/cs3/duanty/miniconda3/envs/moe/bin/python
Command: python -u main.py --method ours --dataset cifar10 --backbone vgg11 --select random --merge ours --device cuda --num_experts 8
========================================

==================================================================
 Ours  
  Dataset=cifar10 | beta=0.1 | Backbone=vgg11 | width_mult=1 | Clients=10 | Experts=8
  Select=random | Merge=ours
  Rounds=100 | LR=0.01
  Bandwidth: expert_bw=10 | bw=[10, 40] | Rayleigh-Shannon, SNR=10 dB | k=floor(bw/10)
==================================================================


[Partition] Dirichlet beta=0.1, 10 clients
  Client 0:   6071 samples | 3/10 classes
  Client 1:  18481 samples | 7/10 classes
  Client 2:    174 samples | 3/10 classes
  Client 3:    462 samples | 3/10 classes
  Client 4:   2759 samples | 3/10 classes
  Client 5:   5740 samples | 7/10 classes
  Client 6:   1703 samples | 4/10 classes
  Client 7:   3407 samples | 7/10 classes
  Client 8:   6483 samples | 7/10 classes
  Client 9:   4720 samples | 10/10 classes

[Upload] expert_bw=10 | available bw=[10, 40] | Rayleigh-Shannon, SNR=10 dB | upload k=floor(bw/10), cap=8 | random K experts from bandwidth, then train selected

[Model] Total params: 11,369,616

[Export] 本次实验目录: /userhome/cs3/duanty/FedMoE/results/20260920-041459

Round |      LR |  AvgLoss |  TestAcc |     Best |  RoundTime
--------------------------------------------------------------------------------
    1 | 0.00208 |   1.4474 |   21.50% |   21.50% |    0:41.67
      bandwidth/experts | c8:bw=31,experts=[3,6,7]; c1:bw=16,experts=[2]; c5:bw=25,experts=[0,3]; c0:bw=10,experts=[7]; c7:bw=11,experts=[5]; c2:bw=16,experts=[3]; c9:bw=25,experts=[0,7]; c4:bw=22,experts=[0,7]; c3:bw=28,experts=[0,1]; c6:bw=23,experts=[0,7]
    2 | 0.00406 |   1.2823 |   32.75% |   32.75% |    0:40.67
      bandwidth/experts | c0:bw=20,experts=[6,7]; c1:bw=23,experts=[2,4]; c8:bw=27,experts=[0,3]; c5:bw=38,experts=[4,6,7]; c3:bw=37,experts=[0,1,2]; c4:bw=17,experts=[0]; c7:bw=31,experts=[0,1,7]; c9:bw=26,experts=[3,7]; c6:bw=10,experts=[3]; c2:bw=12,experts=[7]
    3 | 0.00604 |   1.2232 |   36.74% |   36.74% |    0:40.94
      bandwidth/experts | c9:bw=26,experts=[3,5]; c2:bw=23,experts=[0,6]; c0:bw=28,experts=[5,6]; c6:bw=22,experts=[0,1]; c8:bw=17,experts=[3]; c5:bw=10,experts=[6]; c3:bw=14,experts=[5]; c7:bw=18,experts=[2]; c1:bw=10,experts=[1]; c4:bw=29,experts=[2,7]
    4 | 0.00802 |   1.1883 |   22.66% |   36.74% |    0:39.68
      bandwidth/experts | c1:bw=22,experts=[1,4]; c7:bw=25,experts=[1,3]; c6:bw=29,experts=[3,5]; c2:bw=33,experts=[1,3,5]; c8:bw=17,experts=[1]; c0:bw=33,experts=[2,3,7]; c3:bw=19,experts=[5]; c4:bw=31,experts=[0,2,3]; c5:bw=40,experts=[1,2,4,6]; c9:bw=12,experts=[6]
    5 | 0.01000 |   1.1819 |   35.07% |   36.74% |    0:40.63
      bandwidth/experts | c1:bw=11,experts=[1]; c5:bw=22,experts=[5,6]; c4:bw=27,experts=[2,5]; c8:bw=20,experts=[1,2]; c0:bw=28,experts=[1,6]; c7:bw=14,experts=[6]; c6:bw=29,experts=[1,2]; c3:bw=35,experts=[0,1,6]; c2:bw=10,experts=[1]; c9:bw=35,experts=[0,6,7]
    6 | 0.01000 |   1.2480 |   17.92% |   36.74% |    0:41.32
      bandwidth/experts | c8:bw=37,experts=[1,6,7]; c2:bw=23,experts=[2,6]; c5:bw=15,experts=[4]; c7:bw=32,experts=[1,3,5]; c3:bw=20,experts=[4,7]; c1:bw=18,experts=[1]; c9:bw=27,experts=[0,5]; c0:bw=17,experts=[5]; c4:bw=10,experts=[5]; c6:bw=11,experts=[5]
    7 | 0.01000 |   1.2112 |   30.54% |   36.74% |    0:42.25
      bandwidth/experts | c0:bw=20,experts=[4,7]; c5:bw=27,experts=[0,2]; c2:bw=22,experts=[3,6]; c6:bw=10,experts=[6]; c3:bw=15,experts=[4]; c7:bw=17,experts=[5]; c4:bw=10,experts=[1]; c1:bw=10,experts=[0]; c8:bw=32,experts=[3,4,7]; c9:bw=10,experts=[6]
    8 | 0.01000 |   1.5455 |   42.73% |   42.73% |    0:41.97
      bandwidth/experts | c4:bw=10,experts=[7]; c8:bw=20,experts=[0,1]; c1:bw=32,experts=[2,3,6]; c3:bw=21,experts=[1,6]; c0:bw=18,experts=[6]; c5:bw=16,experts=[2]; c2:bw=30,experts=[2,4,7]; c9:bw=33,experts=[0,1,4]; c7:bw=10,experts=[2]; c6:bw=23,experts=[3,5]
    9 | 0.01000 |   1.2501 |   28.06% |   42.73% |    0:41.66
      bandwidth/experts | c2:bw=12,experts=[2]; c0:bw=29,experts=[0,5]; c4:bw=33,experts=[1,2,4]; c9:bw=15,experts=[5]; c8:bw=10,experts=[1]; c6:bw=17,experts=[2]; c7:bw=25,experts=[4,5]; c5:bw=29,experts=[3,4]; c1:bw=10,experts=[1]; c3:bw=13,experts=[6]
   10 | 0.01000 |   1.1136 |   28.42% |   42.73% |    0:41.77
      bandwidth/experts | c4:bw=20,experts=[3,5]; c2:bw=19,experts=[1]; c7:bw=21,experts=[5,6]; c0:bw=33,experts=[3,6,7]; c6:bw=36,experts=[1,2,5]; c3:bw=26,experts=[4,5]; c5:bw=32,experts=[3,6,7]; c8:bw=20,experts=[1,5]; c9:bw=20,experts=[4,7]; c1:bw=23,experts=[0,1]
   11 | 0.01000 |   1.1219 |   46.97% |   46.97% |    0:42.06
      bandwidth/experts | c5:bw=15,experts=[2]; c2:bw=15,experts=[1]; c7:bw=24,experts=[3,4]; c3:bw=28,experts=[3,7]; c0:bw=16,experts=[2]; c8:bw=22,experts=[2,5]; c9:bw=18,experts=[7]; c6:bw=31,experts=[0,1,2]; c1:bw=22,experts=[1,2]; c4:bw=10,experts=[5]
   12 | 0.01000 |   1.1491 |   18.77% |   46.97% |    0:41.49
      bandwidth/experts | c1:bw=24,experts=[0,7]; c5:bw=31,experts=[2,5,7]; c2:bw=32,experts=[0,2,4]; c4:bw=16,experts=[5]; c3:bw=19,experts=[7]; c7:bw=16,experts=[3]; c9:bw=23,experts=[4,5]; c6:bw=16,experts=[2]; c8:bw=31,experts=[4,6,7]; c0:bw=27,experts=[2,3]
   13 | 0.01000 |   1.1644 |   49.02% |   49.02% |    0:42.10
      bandwidth/experts | c3:bw=17,experts=[6]; c1:bw=26,experts=[1,2]; c4:bw=10,experts=[2]; c5:bw=16,experts=[4]; c8:bw=10,experts=[0]; c6:bw=20,experts=[2,4]; c9:bw=10,experts=[5]; c7:bw=32,experts=[2,4,6]; c0:bw=14,experts=[2]; c2:bw=10,experts=[3]
   14 | 0.01000 |   1.3236 |   53.72% |   53.72% |    0:41.74
      bandwidth/experts | c2:bw=25,experts=[1,5]; c4:bw=10,experts=[3]; c5:bw=36,experts=[3,4,7]; c1:bw=21,experts=[1,7]; c7:bw=14,experts=[5]; c0:bw=14,experts=[1]; c9:bw=18,experts=[7]; c3:bw=25,experts=[4,6]; c8:bw=12,experts=[1]; c6:bw=37,experts=[0,4,6]
   15 | 0.01000 |   1.1530 |   40.20% |   53.72% |    0:41.95
      bandwidth/experts | c7:bw=33,experts=[1,4,7]; c0:bw=11,experts=[0]; c1:bw=10,experts=[0]; c8:bw=29,experts=[1,4]; c3:bw=10,experts=[4]; c2:bw=29,experts=[3,4]; c4:bw=26,experts=[2,7]; c5:bw=10,experts=[5]; c9:bw=11,experts=[2]; c6:bw=18,experts=[5]
   16 | 0.01000 |   1.0758 |   53.03% |   53.72% |    0:41.73
      bandwidth/experts | c6:bw=22,experts=[5,7]; c1:bw=16,experts=[0]; c3:bw=24,experts=[0,5]; c8:bw=27,experts=[6,7]; c7:bw=12,experts=[6]; c5:bw=22,experts=[4,6]; c4:bw=20,experts=[1,5]; c9:bw=13,experts=[0]; c0:bw=32,experts=[5,6,7]; c2:bw=29,experts=[1,5]
   17 | 0.01000 |   1.0410 |   56.37% |   56.37% |    0:41.49
      bandwidth/experts | c4:bw=32,experts=[0,1,3]; c7:bw=14,experts=[6]; c8:bw=10,experts=[6]; c3:bw=29,experts=[3,6]; c5:bw=10,experts=[6]; c1:bw=16,experts=[4]; c0:bw=10,experts=[5]; c2:bw=11,experts=[1]; c9:bw=21,experts=[1,5]; c6:bw=21,experts=[4,7]
   18 | 0.01000 |   1.0047 |   17.41% |   56.37% |    0:41.68
      bandwidth/experts | c1:bw=10,experts=[6]; c8:bw=10,experts=[6]; c5:bw=19,experts=[7]; c2:bw=21,experts=[3,4]; c9:bw=10,experts=[1]; c7:bw=30,experts=[3,4,5]; c4:bw=31,experts=[0,3,7]; c3:bw=21,experts=[1,5]; c0:bw=27,experts=[2,4]; c6:bw=17,experts=[7]
   19 | 0.01000 |   1.4823 |   34.72% |   56.37% |    0:42.03
      bandwidth/experts | c8:bw=31,experts=[0,5,7]; c0:bw=23,experts=[2,4]; c4:bw=28,experts=[1,4]; c1:bw=26,experts=[0,5]; c9:bw=21,experts=[1,4]; c5:bw=16,experts=[7]; c7:bw=12,experts=[3]; c2:bw=10,experts=[1]; c6:bw=36,experts=[1,4,5]; c3:bw=22,experts=[5,7]
   20 | 0.01000 |   1.1593 |   51.78% |   56.37% |    0:42.16
      bandwidth/experts | c0:bw=15,experts=[1]; c2:bw=23,experts=[0,3]; c1:bw=22,experts=[2,5]; c9:bw=10,experts=[4]; c7:bw=24,experts=[2,7]; c6:bw=38,experts=[0,1,5]; c3:bw=10,experts=[2]; c5:bw=10,experts=[5]; c4:bw=33,experts=[0,2,3]; c8:bw=28,experts=[3,7]
   21 | 0.01000 |   1.1304 |   43.65% |   56.37% |    0:42.26
      bandwidth/experts | c1:bw=23,experts=[5,6]; c2:bw=22,experts=[2,4]; c7:bw=10,experts=[2]; c4:bw=26,experts=[2,7]; c8:bw=10,experts=[3]; c5:bw=18,experts=[2]; c0:bw=37,experts=[1,2,7]; c3:bw=10,experts=[5]; c6:bw=10,experts=[0]; c9:bw=14,experts=[4]
   22 | 0.01000 |   1.0860 |   17.25% |   56.37% |    0:43.07
      bandwidth/experts | c7:bw=10,experts=[1]; c9:bw=18,experts=[3]; c1:bw=10,experts=[1]; c6:bw=34,experts=[0,3,7]; c5:bw=10,experts=[0]; c2:bw=37,experts=[1,3,7]; c0:bw=37,experts=[2,3,7]; c4:bw=20,experts=[4,7]; c3:bw=31,experts=[4,5,7]; c8:bw=18,experts=[5]
   23 | 0.01000 |   1.3371 |   56.17% |   56.37% |    0:43.49
      bandwidth/experts | c5:bw=29,experts=[0,6]; c7:bw=10,experts=[1]; c4:bw=31,experts=[0,6,7]; c6:bw=10,experts=[1]; c9:bw=28,experts=[1,4]; c8:bw=19,experts=[4]; c3:bw=10,experts=[0]; c1:bw=34,experts=[0,4,6]; c2:bw=18,experts=[6]; c0:bw=10,experts=[3]
   24 | 0.01000 |   1.2088 |   58.70% |   58.70% |    0:43.50
      bandwidth/experts | c6:bw=17,experts=[0]; c4:bw=10,experts=[5]; c7:bw=10,experts=[5]; c9:bw=28,experts=[0,1]; c2:bw=24,experts=[5,7]; c1:bw=10,experts=[0]; c5:bw=14,experts=[5]; c8:bw=10,experts=[0]; c3:bw=10,experts=[5]; c0:bw=17,experts=[4]
   25 | 0.01000 |   1.1613 |   26.99% |   58.70% |    0:43.76
      bandwidth/experts | c9:bw=22,experts=[1,3]; c6:bw=10,experts=[4]; c4:bw=32,experts=[1,3,4]; c3:bw=10,experts=[0]; c5:bw=35,experts=[0,6,7]; c1:bw=27,experts=[0,3]; c8:bw=30,experts=[3,5,7]; c2:bw=10,experts=[6]; c0:bw=31,experts=[2,3,4]; c7:bw=22,experts=[5,7]
   26 | 0.01000 |   1.2344 |   30.12% |   58.70% |    0:43.33
      bandwidth/experts | c3:bw=25,experts=[0,6]; c6:bw=19,experts=[5]; c9:bw=28,experts=[1,2]; c7:bw=17,experts=[0]; c1:bw=18,experts=[6]; c5:bw=11,experts=[7]; c2:bw=17,experts=[7]; c8:bw=30,experts=[0,3,4]; c0:bw=10,experts=[7]; c4:bw=26,experts=[1,7]
   27 | 0.01000 |   1.0560 |   28.32% |   58.70% |    0:43.00
      bandwidth/experts | c7:bw=29,experts=[3,6]; c1:bw=34,experts=[1,6,7]; c4:bw=10,experts=[3]; c0:bw=20,experts=[2,5]; c9:bw=10,experts=[2]; c2:bw=11,experts=[1]; c8:bw=31,experts=[0,3,4]; c3:bw=12,experts=[7]; c6:bw=35,experts=[2,5,6]; c5:bw=20,experts=[0,3]
   28 | 0.01000 |   1.2110 |   47.86% |   58.70% |    0:42.92
      bandwidth/experts | c6:bw=16,experts=[2]; c9:bw=27,experts=[3,4]; c0:bw=26,experts=[0,7]; c8:bw=16,experts=[3]; c2:bw=10,experts=[7]; c5:bw=18,experts=[5]; c1:bw=14,experts=[6]; c3:bw=10,experts=[3]; c4:bw=10,experts=[2]; c7:bw=10,experts=[3]
   29 | 0.01000 |   1.0042 |   51.46% |   58.70% |    0:42.92
      bandwidth/experts | c4:bw=21,experts=[1,5]; c0:bw=24,experts=[1,2]; c1:bw=18,experts=[2]; c9:bw=24,experts=[3,5]; c6:bw=24,experts=[1,4]; c8:bw=19,experts=[4]; c7:bw=12,experts=[5]; c3:bw=18,experts=[7]; c2:bw=10,experts=[2]; c5:bw=19,experts=[4]
   30 | 0.01000 |   1.1480 |   42.16% |   58.70% |    0:42.77
      bandwidth/experts | c5:bw=34,experts=[1,5,7]; c1:bw=20,experts=[0,3]; c9:bw=30,experts=[3,5,7]; c4:bw=29,experts=[3,4]; c0:bw=10,experts=[4]; c8:bw=23,experts=[2,6]; c6:bw=10,experts=[7]; c7:bw=10,experts=[3]; c3:bw=33,experts=[0,2,5]; c2:bw=15,experts=[1]
   31 | 0.01000 |   0.9356 |   17.09% |   58.70% |    0:43.00
      bandwidth/experts | c6:bw=16,experts=[1]; c4:bw=11,experts=[1]; c9:bw=25,experts=[4,7]; c1:bw=17,experts=[6]; c5:bw=34,experts=[1,4,7]; c8:bw=18,experts=[5]; c3:bw=13,experts=[7]; c2:bw=10,experts=[1]; c0:bw=26,experts=[2,5]; c7:bw=35,experts=[0,1,6]
   32 | 0.01000 |   1.2105 |   59.66% |   59.66% |    0:43.27
      bandwidth/experts | c8:bw=12,experts=[1]; c5:bw=20,experts=[0,5]; c4:bw=27,experts=[0,2]; c7:bw=26,experts=[3,6]; c0:bw=25,experts=[0,2]; c1:bw=12,experts=[5]; c3:bw=16,experts=[2]; c6:bw=15,experts=[2]; c2:bw=30,experts=[2,5,6]; c9:bw=17,experts=[2]
   33 | 0.01000 |   0.9848 |   60.26% |   60.26% |    0:43.11
      bandwidth/experts | c7:bw=29,experts=[5,6]; c1:bw=19,experts=[6]; c3:bw=39,experts=[1,5,7]; c6:bw=20,experts=[0,2]; c5:bw=16,experts=[2]; c9:bw=23,experts=[2,6]; c2:bw=13,experts=[2]; c8:bw=28,experts=[4,6]; c4:bw=25,experts=[2,6]; c0:bw=35,experts=[1,3,4]
   34 | 0.01000 |   0.9448 |   55.37% |   60.26% |    0:43.46
      bandwidth/experts | c4:bw=26,experts=[0,6]; c1:bw=26,experts=[2,3]; c6:bw=27,experts=[3,5]; c9:bw=38,experts=[2,3,5]; c8:bw=23,experts=[0,7]; c0:bw=12,experts=[2]; c5:bw=33,experts=[1,3,7]; c7:bw=18,experts=[2]; c3:bw=40,experts=[2,3,6,7]; c2:bw=30,experts=[1,5,6]
   35 | 0.01000 |   1.0205 |   31.81% |   60.26% |    0:42.92
      bandwidth/experts | c4:bw=18,experts=[7]; c0:bw=11,experts=[5]; c1:bw=17,experts=[3]; c6:bw=24,experts=[5,7]; c2:bw=25,experts=[0,2]; c8:bw=28,experts=[0,5]; c9:bw=15,experts=[6]; c7:bw=27,experts=[6,7]; c5:bw=23,experts=[6,7]; c3:bw=13,experts=[2]
   36 | 0.01000 |   0.9491 |   61.40% |   61.40% |    0:43.36
      bandwidth/experts | c9:bw=21,experts=[1,3]; c0:bw=20,experts=[0,3]; c3:bw=33,experts=[2,3,4]; c7:bw=15,experts=[7]; c6:bw=24,experts=[0,6]; c5:bw=27,experts=[1,5]; c1:bw=10,experts=[0]; c4:bw=40,experts=[0,2,4,6]; c8:bw=28,experts=[0,2]; c2:bw=28,experts=[1,6]
   37 | 0.01000 |   0.9288 |   24.17% |   61.40% |    0:43.10
      bandwidth/experts | c1:bw=10,experts=[0]; c5:bw=22,experts=[0,5]; c2:bw=20,experts=[2,3]; c6:bw=36,experts=[3,4,7]; c4:bw=22,experts=[0,1]; c7:bw=23,experts=[3,6]; c9:bw=22,experts=[4,5]; c0:bw=30,experts=[2,3,7]; c3:bw=20,experts=[1,6]; c8:bw=10,experts=[0]
   38 | 0.01000 |   1.1995 |   56.45% |   61.40% |    0:42.94
      bandwidth/experts | c8:bw=25,experts=[1,6]; c6:bw=10,experts=[5]; c4:bw=29,experts=[3,6]; c1:bw=17,experts=[2]; c5:bw=10,experts=[6]; c2:bw=10,experts=[4]; c3:bw=21,experts=[2,7]; c7:bw=28,experts=[6,7]; c9:bw=14,experts=[0]; c0:bw=22,experts=[2,6]
   39 | 0.01000 |   1.0779 |   64.95% |   64.95% |    0:43.22
      bandwidth/experts | c3:bw=14,experts=[3]; c0:bw=10,experts=[3]; c1:bw=25,experts=[3,6]; c7:bw=22,experts=[4,5]; c6:bw=17,experts=[1]; c8:bw=25,experts=[2,4]; c2:bw=20,experts=[1,3]; c4:bw=20,experts=[2,3]; c9:bw=13,experts=[6]; c5:bw=40,experts=[2,5,6,7]
   40 | 0.01000 |   0.8984 |   59.36% |   64.95% |    0:42.93
      bandwidth/experts | c8:bw=14,experts=[0]; c1:bw=23,experts=[2,4]; c5:bw=18,experts=[6]; c6:bw=26,experts=[2,5]; c2:bw=36,experts=[4,5,7]; c7:bw=37,experts=[0,2,3]; c3:bw=10,experts=[7]; c4:bw=11,experts=[2]; c9:bw=22,experts=[3,7]; c0:bw=20,experts=[3,7]
   41 | 0.01000 |   0.9879 |   73.98% |   73.98% |    0:43.35
      bandwidth/experts | c2:bw=30,experts=[3,4,5]; c6:bw=10,experts=[3]; c8:bw=31,experts=[2,3,7]; c1:bw=10,experts=[7]; c4:bw=28,experts=[2,7]; c5:bw=34,experts=[3,5,6]; c7:bw=38,experts=[0,1,4]; c3:bw=22,experts=[0,2]; c9:bw=30,experts=[2,6,7]; c0:bw=10,experts=[2]
   42 | 0.01000 |   0.9072 |   45.32% |   73.98% |    0:43.05
      bandwidth/experts | c5:bw=28,experts=[3,7]; c1:bw=27,experts=[4,7]; c3:bw=27,experts=[0,1]; c9:bw=28,experts=[3,6]; c6:bw=19,experts=[3]; c0:bw=10,experts=[3]; c7:bw=11,experts=[4]; c4:bw=30,experts=[1,5,6]; c8:bw=23,experts=[3,7]; c2:bw=22,experts=[2,4]
   43 | 0.01000 |   0.8923 |   27.37% |   73.98% |    0:43.01
      bandwidth/experts | c5:bw=29,experts=[6,7]; c1:bw=32,experts=[3,5,7]; c2:bw=28,experts=[3,4]; c8:bw=25,experts=[0,5]; c9:bw=18,experts=[1]; c7:bw=12,experts=[7]; c4:bw=19,experts=[7]; c6:bw=10,experts=[6]; c3:bw=36,experts=[1,2,4]; c0:bw=12,experts=[4]
   44 | 0.01000 |   0.9853 |   54.72% |   73.98% |    0:43.36
      bandwidth/experts | c0:bw=37,experts=[0,5,6]; c3:bw=26,experts=[3,4]; c4:bw=16,experts=[1]; c2:bw=20,experts=[0,5]; c7:bw=40,experts=[0,2,3,6]; c5:bw=13,experts=[2]; c6:bw=11,experts=[4]; c9:bw=21,experts=[3,5]; c8:bw=19,experts=[2]; c1:bw=25,experts=[2,5]
   45 | 0.01000 |   1.1255 |   64.17% |   73.98% |    0:43.29
      bandwidth/experts | c8:bw=31,experts=[0,2,3]; c0:bw=20,experts=[3,6]; c3:bw=37,experts=[0,4,5]; c4:bw=36,experts=[0,4,5]; c7:bw=20,experts=[0,5]; c2:bw=27,experts=[1,4]; c9:bw=14,experts=[6]; c6:bw=10,experts=[0]; c5:bw=25,experts=[1,4]; c1:bw=31,experts=[0,2,3]
   46 | 0.01000 |   0.9697 |   44.16% |   73.98% |    0:42.85
      bandwidth/experts | c9:bw=20,experts=[5,6]; c3:bw=15,experts=[5]; c6:bw=21,experts=[5,6]; c1:bw=23,experts=[5,7]; c4:bw=35,experts=[3,4,6]; c5:bw=23,experts=[0,5]; c2:bw=32,experts=[1,2,5]; c8:bw=22,experts=[3,6]; c0:bw=30,experts=[1,5,6]; c7:bw=16,experts=[0]
   47 | 0.01000 |   0.8637 |   53.05% |   73.98% |    0:42.78
      bandwidth/experts | c5:bw=29,experts=[2,3]; c6:bw=12,experts=[1]; c7:bw=29,experts=[0,7]; c9:bw=10,experts=[7]; c8:bw=22,experts=[5,7]; c3:bw=39,experts=[0,2,4]; c4:bw=10,experts=[1]; c0:bw=25,experts=[4,7]; c1:bw=17,experts=[0]; c2:bw=30,experts=[1,2,7]
   48 | 0.01000 |   1.1448 |   36.91% |   73.98% |    0:42.76
      bandwidth/experts | c1:bw=28,experts=[4,7]; c8:bw=28,experts=[1,3]; c4:bw=37,experts=[0,2,6]; c2:bw=31,experts=[0,3,7]; c9:bw=29,experts=[4,5]; c6:bw=25,experts=[0,4]; c5:bw=31,experts=[3,4,6]; c7:bw=35,experts=[0,5,6]; c0:bw=10,experts=[5]; c3:bw=10,experts=[1]
   49 | 0.01000 |   0.9558 |   54.17% |   73.98% |    0:42.88
      bandwidth/experts | c4:bw=27,experts=[0,4]; c3:bw=18,experts=[0]; c8:bw=15,experts=[4]; c0:bw=11,experts=[1]; c2:bw=32,experts=[2,3,5]; c5:bw=31,experts=[4,5,6]; c6:bw=10,experts=[3]; c7:bw=24,experts=[0,5]; c9:bw=29,experts=[2,7]; c1:bw=30,experts=[2,5,7]
   50 | 0.01000 |   1.1306 |   28.63% |   73.98% |    0:42.64
      bandwidth/experts | c8:bw=18,experts=[4]; c4:bw=10,experts=[0]; c7:bw=19,experts=[5]; c6:bw=38,experts=[1,2,7]; c2:bw=35,experts=[0,1,3]; c1:bw=36,experts=[0,1,7]; c3:bw=22,experts=[0,3]; c0:bw=16,experts=[1]; c9:bw=15,experts=[4]; c5:bw=17,experts=[3]
   51 | 0.01000 |   1.0139 |   60.32% |   73.98% |    0:43.25
      bandwidth/experts | c5:bw=26,experts=[2,5]; c0:bw=30,experts=[0,2,3]; c1:bw=12,experts=[4]; c2:bw=11,experts=[7]; c8:bw=26,experts=[2,4]; c6:bw=29,experts=[3,7]; c9:bw=10,experts=[2]; c3:bw=31,experts=[5,6,7]; c4:bw=10,experts=[3]; c7:bw=15,experts=[3]
   52 | 0.01000 |   0.9585 |   39.25% |   73.98% |    0:43.28
      bandwidth/experts | c0:bw=26,experts=[1,3]; c8:bw=10,experts=[7]; c5:bw=13,experts=[0]; c7:bw=19,experts=[2]; c1:bw=22,experts=[1,7]; c4:bw=18,experts=[5]; c9:bw=17,experts=[4]; c6:bw=28,experts=[2,5]; c2:bw=16,experts=[2]; c3:bw=24,experts=[6,7]
   53 | 0.01000 |   0.9003 |   50.23% |   73.98% |    0:43.55
      bandwidth/experts | c8:bw=12,experts=[2]; c4:bw=16,experts=[6]; c5:bw=24,experts=[1,5]; c1:bw=33,experts=[1,3,4]; c3:bw=26,experts=[1,4]; c9:bw=34,experts=[4,6,7]; c6:bw=20,experts=[2,7]; c7:bw=24,experts=[2,5]; c0:bw=21,experts=[2,5]; c2:bw=29,experts=[0,3]
   54 | 0.01000 |   0.9441 |   59.72% |   73.98% |    0:43.52
      bandwidth/experts | c2:bw=10,experts=[0]; c1:bw=29,experts=[0,1]; c8:bw=31,experts=[0,2,6]; c7:bw=34,experts=[2,3,5]; c3:bw=17,experts=[5]; c0:bw=20,experts=[0,5]; c6:bw=30,experts=[2,3,5]; c5:bw=10,experts=[6]; c9:bw=28,experts=[3,5]; c4:bw=18,experts=[5]
   55 | 0.01000 |   0.7861 |   59.27% |   73.98% |    0:43.44
      bandwidth/experts | c7:bw=30,experts=[3,4,7]; c2:bw=23,experts=[5,7]; c4:bw=10,experts=[1]; c3:bw=29,experts=[2,3]; c8:bw=10,experts=[1]; c5:bw=29,experts=[0,1]; c1:bw=33,experts=[2,5,6]; c6:bw=23,experts=[1,3]; c0:bw=15,experts=[4]; c9:bw=34,experts=[0,2,4]
   56 | 0.01000 |   1.0014 |   71.22% |   73.98% |    0:43.15
      bandwidth/experts | c9:bw=29,experts=[1,5]; c1:bw=31,experts=[2,6,7]; c3:bw=10,experts=[4]; c2:bw=29,experts=[5,6]; c5:bw=17,experts=[6]; c4:bw=10,experts=[7]; c8:bw=10,experts=[1]; c7:bw=10,experts=[2]; c6:bw=13,experts=[3]; c0:bw=39,experts=[0,1,6]
   57 | 0.01000 |   0.8477 |   64.48% |   73.98% |    0:43.34
      bandwidth/experts | c3:bw=35,experts=[0,1,5]; c8:bw=24,experts=[1,5]; c6:bw=27,experts=[2,5]; c1:bw=27,experts=[2,5]; c7:bw=38,experts=[2,3,4]; c0:bw=39,experts=[2,6,7]; c5:bw=24,experts=[2,7]; c4:bw=23,experts=[1,4]; c2:bw=18,experts=[4]; c9:bw=11,experts=[6]
   58 | 0.01000 |   0.8678 |   76.25% |   76.25% |    0:43.33
      bandwidth/experts | c7:bw=13,experts=[1]; c2:bw=10,experts=[3]; c9:bw=32,experts=[0,3,4]; c6:bw=30,experts=[0,3,4]; c5:bw=19,experts=[3]; c1:bw=17,experts=[4]; c8:bw=22,experts=[2,7]; c4:bw=21,experts=[0,4]; c3:bw=34,experts=[2,4,5]; c0:bw=26,experts=[0,2]
   59 | 0.01000 |   0.8403 |   63.25% |   76.25% |    0:43.37
      bandwidth/experts | c2:bw=20,experts=[3,6]; c8:bw=31,experts=[0,4,6]; c9:bw=15,experts=[4]; c6:bw=11,experts=[1]; c1:bw=36,experts=[0,2,7]; c4:bw=14,experts=[2]; c7:bw=15,experts=[3]; c5:bw=18,experts=[4]; c0:bw=29,experts=[2,4]; c3:bw=20,experts=[3,6]
   60 | 0.01000 |   0.9140 |   71.62% |   76.25% |    0:43.36
      bandwidth/experts | c0:bw=29,experts=[1,2]; c7:bw=26,experts=[2,5]; c4:bw=17,experts=[5]; c2:bw=17,experts=[4]; c5:bw=18,experts=[7]; c8:bw=14,experts=[1]; c6:bw=33,experts=[0,4,7]; c9:bw=10,experts=[0]; c1:bw=30,experts=[2,6,7]; c3:bw=24,experts=[2,4]
   61 | 0.01000 |   0.8623 |   68.13% |   76.25% |    0:43.31
      bandwidth/experts | c5:bw=27,experts=[3,6]; c6:bw=21,experts=[5,6]; c2:bw=16,experts=[4]; c9:bw=21,experts=[4,7]; c1:bw=19,experts=[4]; c3:bw=24,experts=[2,7]; c8:bw=31,experts=[3,4,5]; c4:bw=21,experts=[3,4]; c7:bw=24,experts=[1,2]; c0:bw=33,experts=[1,2,7]
   62 | 0.01000 |   0.8959 |   39.03% |   76.25% |    0:43.63
      bandwidth/experts | c8:bw=10,experts=[1]; c6:bw=35,experts=[0,2,3]; c9:bw=10,experts=[4]; c4:bw=33,experts=[4,5,6]; c5:bw=37,experts=[5,6,7]; c0:bw=16,experts=[4]; c3:bw=29,experts=[1,6]; c2:bw=23,experts=[5,7]; c1:bw=40,experts=[0,3,5,6]; c7:bw=25,experts=[5,7]
   63 | 0.01000 |   0.9566 |   65.08% |   76.25% |    0:43.80
      bandwidth/experts | c5:bw=10,experts=[0]; c9:bw=12,experts=[2]; c6:bw=19,experts=[5]; c3:bw=29,experts=[0,7]; c8:bw=18,experts=[3]; c1:bw=28,experts=[0,4]; c7:bw=38,experts=[3,4,6]; c0:bw=23,experts=[2,3]; c2:bw=15,experts=[1]; c4:bw=29,experts=[4,6]
   64 | 0.01000 |   0.8783 |   69.52% |   76.25% |    0:43.65
      bandwidth/experts | c6:bw=28,experts=[4,7]; c4:bw=21,experts=[4,7]; c5:bw=13,experts=[1]; c3:bw=21,experts=[1,3]; c7:bw=19,experts=[3]; c0:bw=18,experts=[5]; c8:bw=30,experts=[2,4,6]; c9:bw=33,experts=[0,1,5]; c2:bw=31,experts=[1,2,4]; c1:bw=16,experts=[3]
   65 | 0.01000 |   0.8174 |   67.85% |   76.25% |    0:43.48
      bandwidth/experts | c7:bw=10,experts=[6]; c5:bw=16,experts=[6]; c4:bw=32,experts=[0,1,7]; c6:bw=28,experts=[0,5]; c8:bw=37,experts=[0,2,6]; c3:bw=24,experts=[3,7]; c0:bw=23,experts=[0,6]; c2:bw=16,experts=[4]; c1:bw=32,experts=[0,1,7]; c9:bw=26,experts=[1,4]
   66 | 0.01000 |   0.7889 |   67.06% |   76.25% |    0:43.31
      bandwidth/experts | c2:bw=23,experts=[2,5]; c5:bw=10,experts=[0]; c1:bw=30,experts=[0,2,3]; c8:bw=13,experts=[1]; c9:bw=17,experts=[1]; c6:bw=16,experts=[1]; c4:bw=23,experts=[0,2]; c0:bw=21,experts=[4,7]; c3:bw=37,experts=[1,2,3]; c7:bw=28,experts=[1,5]
   67 | 0.01000 |   0.8750 |   73.39% |   76.25% |    0:43.23
      bandwidth/experts | c4:bw=28,experts=[1,3]; c5:bw=27,experts=[3,5]; c1:bw=20,experts=[3,7]; c3:bw=14,experts=[0]; c6:bw=29,experts=[1,6]; c0:bw=18,experts=[0]; c2:bw=24,experts=[0,6]; c9:bw=33,experts=[0,1,3]; c7:bw=33,experts=[4,5,7]; c8:bw=10,experts=[5]
   68 | 0.01000 |   0.7884 |   64.92% |   76.25% |    0:43.15
      bandwidth/experts | c1:bw=23,experts=[3,5]; c8:bw=17,experts=[6]; c2:bw=32,experts=[1,3,4]; c0:bw=17,experts=[6]; c3:bw=14,experts=[7]; c4:bw=27,experts=[5,7]; c5:bw=25,experts=[1,2]; c9:bw=10,experts=[5]; c7:bw=15,experts=[2]; c6:bw=18,experts=[2]
   69 | 0.01000 |   0.8188 |   65.94% |   76.25% |    0:43.47
      bandwidth/experts | c3:bw=23,experts=[2,7]; c7:bw=32,experts=[3,4,7]; c1:bw=17,experts=[6]; c4:bw=23,experts=[1,4]; c9:bw=20,experts=[2,3]; c5:bw=22,experts=[4,5]; c0:bw=29,experts=[0,5]; c2:bw=37,experts=[2,6,7]; c8:bw=23,experts=[3,6]; c6:bw=15,experts=[7]
   70 | 0.01000 |   0.7790 |   47.41% |   76.25% |    0:43.54
      bandwidth/experts | c1:bw=13,experts=[4]; c9:bw=10,experts=[0]; c7:bw=16,experts=[1]; c3:bw=18,experts=[7]; c0:bw=17,experts=[7]; c6:bw=14,experts=[5]; c2:bw=31,experts=[0,5,7]; c4:bw=32,experts=[1,2,4]; c5:bw=13,experts=[0]; c8:bw=27,experts=[5,7]
   71 | 0.01000 |   0.9159 |   65.56% |   76.25% |    0:43.29
      bandwidth/experts | c4:bw=24,experts=[5,7]; c0:bw=10,experts=[6]; c1:bw=29,experts=[3,6]; c9:bw=22,experts=[6,7]; c7:bw=11,experts=[7]; c5:bw=19,experts=[5]; c3:bw=34,experts=[3,5,7]; c6:bw=28,experts=[0,4]; c8:bw=21,experts=[2,5]; c2:bw=34,experts=[3,6,7]
   72 | 0.01000 |   0.8258 |   64.49% |   76.25% |    0:43.30
      bandwidth/experts | c8:bw=16,experts=[5]; c1:bw=22,experts=[2,6]; c5:bw=24,experts=[0,7]; c7:bw=27,experts=[3,4]; c6:bw=11,experts=[2]; c0:bw=29,experts=[3,5]; c3:bw=13,experts=[3]; c2:bw=13,experts=[7]; c9:bw=21,experts=[3,5]; c4:bw=22,experts=[5,6]
   73 | 0.01000 |   0.8978 |   72.23% |   76.25% |    0:43.40
      bandwidth/experts | c2:bw=26,experts=[0,6]; c8:bw=10,experts=[2]; c3:bw=22,experts=[1,4]; c1:bw=37,experts=[4,5,7]; c5:bw=10,experts=[0]; c9:bw=29,experts=[2,6]; c0:bw=16,experts=[1]; c7:bw=20,experts=[3,5]; c6:bw=11,experts=[7]; c4:bw=23,experts=[1,6]
   74 | 0.01000 |   0.7663 |   69.64% |   76.25% |    0:43.52
      bandwidth/experts | c3:bw=10,experts=[6]; c0:bw=22,experts=[1,2]; c1:bw=15,experts=[3]; c5:bw=28,experts=[1,5]; c7:bw=36,experts=[1,2,7]; c8:bw=16,experts=[4]; c6:bw=10,experts=[2]; c2:bw=10,experts=[5]; c4:bw=26,experts=[3,7]; c9:bw=18,experts=[6]
   75 | 0.01000 |   0.8085 |   64.97% |   76.25% |    0:43.53
      bandwidth/experts | c2:bw=22,experts=[2,5]; c9:bw=34,experts=[4,5,7]; c1:bw=30,experts=[3,4,6]; c3:bw=11,experts=[6]; c7:bw=16,experts=[0]; c6:bw=31,experts=[0,3,5]; c5:bw=17,experts=[2]; c4:bw=31,experts=[1,3,4]; c0:bw=34,experts=[3,5,6]; c8:bw=30,experts=[5,6,7]
   76 | 0.01000 |   0.8690 |   50.95% |   76.25% |    0:43.73
      bandwidth/experts | c8:bw=16,experts=[7]; c5:bw=21,experts=[6,7]; c0:bw=17,experts=[6]; c3:bw=10,experts=[6]; c2:bw=14,experts=[0]; c6:bw=13,experts=[5]; c7:bw=37,experts=[3,5,6]; c4:bw=34,experts=[1,2,7]; c9:bw=32,experts=[1,5,7]; c1:bw=30,experts=[0,4,5]
   77 | 0.01000 |   0.8293 |   65.02% |   76.25% |    0:43.91
      bandwidth/experts | c9:bw=16,experts=[2]; c2:bw=19,experts=[3]; c1:bw=35,experts=[2,4,7]; c8:bw=10,experts=[2]; c4:bw=10,experts=[3]; c7:bw=10,experts=[1]; c6:bw=32,experts=[0,5,6]; c0:bw=35,experts=[0,3,6]; c3:bw=22,experts=[6,7]; c5:bw=33,experts=[1,2,5]
   78 | 0.01000 |   0.8319 |   74.83% |   76.25% |    0:43.89
      bandwidth/experts | c0:bw=15,experts=[3]; c4:bw=13,experts=[2]; c3:bw=21,experts=[0,5]; c7:bw=20,experts=[1,4]; c8:bw=30,experts=[0,6,7]; c1:bw=23,experts=[5,7]; c9:bw=17,experts=[2]; c6:bw=32,experts=[0,2,7]; c5:bw=35,experts=[0,6,7]; c2:bw=19,experts=[6]
   79 | 0.01000 |   0.7877 |   71.03% |   76.25% |    0:43.84
      bandwidth/experts | c6:bw=12,experts=[5]; c9:bw=10,experts=[4]; c0:bw=20,experts=[6,7]; c4:bw=40,experts=[1,3,4,6]; c7:bw=25,experts=[0,4]; c8:bw=25,experts=[4,7]; c5:bw=29,experts=[0,3]; c3:bw=15,experts=[0]; c1:bw=21,experts=[0,1]; c2:bw=18,experts=[5]
   80 | 0.01000 |   0.7720 |   67.23% |   76.25% |    0:43.61
      bandwidth/experts | c5:bw=36,experts=[4,6,7]; c9:bw=29,experts=[4,6]; c7:bw=26,experts=[3,4]; c1:bw=17,experts=[4]; c3:bw=17,experts=[4]; c4:bw=32,experts=[0,4,6]; c2:bw=24,experts=[3,7]; c0:bw=26,experts=[0,7]; c6:bw=22,experts=[1,4]; c8:bw=28,experts=[1,2]
   81 | 0.01000 |   0.7609 |   68.62% |   76.25% |    0:43.71
      bandwidth/experts | c6:bw=29,experts=[1,6]; c2:bw=25,experts=[4,5]; c3:bw=37,experts=[0,1,5]; c1:bw=27,experts=[2,6]; c4:bw=23,experts=[3,6]; c5:bw=17,experts=[3]; c9:bw=15,experts=[0]; c7:bw=32,experts=[1,2,4]; c8:bw=26,experts=[1,7]; c0:bw=28,experts=[1,4]
   82 | 0.01000 |   0.8188 |   77.87% |   77.87% |    0:43.91
      bandwidth/experts | c1:bw=36,experts=[0,5,7]; c0:bw=17,experts=[2]; c6:bw=20,experts=[0,7]; c8:bw=32,experts=[1,2,3]; c7:bw=22,experts=[1,5]; c3:bw=22,experts=[0,6]; c2:bw=16,experts=[7]; c9:bw=31,experts=[2,3,7]; c5:bw=22,experts=[1,4]; c4:bw=16,experts=[0]
   83 | 0.01000 |   0.7417 |   68.65% |   77.87% |    0:43.65
      bandwidth/experts | c9:bw=29,experts=[2,6]; c4:bw=10,experts=[2]; c2:bw=23,experts=[3,4]; c7:bw=21,experts=[1,4]; c5:bw=10,experts=[2]; c0:bw=10,experts=[6]; c6:bw=29,experts=[6,7]; c1:bw=35,experts=[0,6,7]; c8:bw=22,experts=[4,6]; c3:bw=24,experts=[1,3]
   84 | 0.01000 |   0.8060 |   72.87% |   77.87% |    0:43.57
      bandwidth/experts | c8:bw=37,experts=[1,2,3]; c3:bw=18,experts=[6]; c1:bw=32,experts=[2,5,6]; c6:bw=10,experts=[4]; c9:bw=11,experts=[1]; c2:bw=20,experts=[1,6]; c7:bw=26,experts=[0,1]; c5:bw=11,experts=[6]; c4:bw=15,experts=[3]; c0:bw=10,experts=[0]
   85 | 0.01000 |   0.7495 |   69.46% |   77.87% |    0:43.80
      bandwidth/experts | c0:bw=21,experts=[1,3]; c2:bw=25,experts=[1,2]; c8:bw=39,experts=[2,4,7]; c6:bw=23,experts=[0,6]; c1:bw=31,experts=[0,1,2]; c4:bw=23,experts=[0,4]; c9:bw=32,experts=[2,3,4]; c3:bw=28,experts=[1,2]; c5:bw=10,experts=[1]; c7:bw=10,experts=[4]
   86 | 0.01000 |   0.7701 |   70.89% |   77.87% |    0:43.82
      bandwidth/experts | c5:bw=26,experts=[1,7]; c8:bw=15,experts=[1]; c2:bw=13,experts=[4]; c6:bw=31,experts=[2,4,6]; c0:bw=17,experts=[1]; c4:bw=10,experts=[4]; c7:bw=24,experts=[0,3]; c3:bw=15,experts=[0]; c1:bw=40,experts=[0,1,4,7]; c9:bw=24,experts=[0,2]
   87 | 0.01000 |   0.7339 |   69.59% |   77.87% |    0:43.66
      bandwidth/experts | c1:bw=16,experts=[2]; c2:bw=37,experts=[0,5,7]; c7:bw=12,experts=[1]; c5:bw=10,experts=[7]; c6:bw=33,experts=[2,5,7]; c3:bw=38,experts=[1,3,7]; c4:bw=19,experts=[5]; c9:bw=21,experts=[0,7]; c8:bw=26,experts=[0,4]; c0:bw=19,experts=[2]
   88 | 0.01000 |   0.7760 |   66.37% |   77.87% |    0:43.59
      bandwidth/experts | c8:bw=24,experts=[1,6]; c6:bw=15,experts=[7]; c3:bw=18,experts=[5]; c7:bw=23,experts=[0,7]; c0:bw=34,experts=[4,6,7]; c4:bw=21,experts=[2,5]; c9:bw=17,experts=[0]; c1:bw=16,experts=[4]; c5:bw=17,experts=[1]; c2:bw=25,experts=[1,4]
   89 | 0.01000 |   0.7979 |   67.30% |   77.87% |    0:43.83
      bandwidth/experts | c3:bw=17,experts=[5]; c8:bw=40,experts=[1,2,4,7]; c2:bw=25,experts=[5,7]; c9:bw=34,experts=[0,1,6]; c7:bw=12,experts=[6]; c5:bw=25,experts=[5,6]; c0:bw=10,experts=[0]; c6:bw=18,experts=[0]; c4:bw=17,experts=[7]; c1:bw=23,experts=[3,5]
   90 | 0.01000 |   0.7536 |   71.02% |   77.87% |    0:43.67
      bandwidth/experts | c7:bw=40,experts=[0,2,3,4]; c1:bw=17,experts=[2]; c3:bw=20,experts=[1,2]; c9:bw=35,experts=[0,6,7]; c0:bw=35,experts=[0,2,3]; c6:bw=14,experts=[5]; c2:bw=12,experts=[3]; c5:bw=15,experts=[1]; c8:bw=28,experts=[4,7]; c4:bw=20,experts=[2,6]
   91 | 0.01000 |   0.7745 |   71.40% |   77.87% |    0:43.81
      bandwidth/experts | c1:bw=28,experts=[6,7]; c9:bw=19,experts=[5]; c5:bw=29,experts=[1,2]; c7:bw=29,experts=[1,4]; c3:bw=22,experts=[2,3]; c4:bw=30,experts=[2,5,6]; c0:bw=12,experts=[7]; c6:bw=16,experts=[6]; c2:bw=10,experts=[0]; c8:bw=13,experts=[6]
   92 | 0.01000 |   0.7552 |   69.88% |   77.87% |    0:43.71
      bandwidth/experts | c3:bw=16,experts=[1]; c7:bw=19,experts=[6]; c1:bw=11,experts=[6]; c0:bw=16,experts=[7]; c8:bw=11,experts=[4]; c6:bw=25,experts=[3,7]; c9:bw=31,experts=[3,4,6]; c2:bw=14,experts=[5]; c5:bw=37,experts=[0,3,4]; c4:bw=15,experts=[1]
   93 | 0.01000 |   0.7503 |   69.97% |   77.87% |    0:43.74
      bandwidth/experts | c1:bw=26,experts=[2,6]; c3:bw=17,experts=[5]; c7:bw=12,experts=[5]; c9:bw=32,experts=[2,3,6]; c6:bw=12,experts=[5]; c8:bw=10,experts=[6]; c5:bw=10,experts=[6]; c4:bw=18,experts=[1]; c0:bw=10,experts=[7]; c2:bw=28,experts=[3,7]
   94 | 0.01000 |   0.7476 |   71.87% |   77.87% |    0:43.91
      bandwidth/experts | c7:bw=25,experts=[2,5]; c2:bw=36,experts=[2,5,6]; c5:bw=23,experts=[1,5]; c4:bw=17,experts=[0]; c6:bw=17,experts=[0]; c9:bw=28,experts=[0,4]; c1:bw=39,experts=[1,5,7]; c8:bw=10,experts=[1]; c0:bw=31,experts=[0,5,7]; c3:bw=19,experts=[4]
   95 | 0.01000 |   0.7355 |   71.18% |   77.87% |    0:43.67
      bandwidth/experts | c7:bw=33,experts=[1,2,4]; c9:bw=23,experts=[1,7]; c4:bw=10,experts=[4]; c6:bw=22,experts=[3,7]; c0:bw=19,experts=[3]; c3:bw=23,experts=[0,1]; c1:bw=17,experts=[4]; c8:bw=40,experts=[0,3,4,5]; c2:bw=13,experts=[6]; c5:bw=10,experts=[5]
   96 | 0.01000 |   0.7231 |   76.16% |   77.87% |    0:43.83
      bandwidth/experts | c2:bw=36,experts=[1,2,4]; c9:bw=25,experts=[1,3]; c3:bw=25,experts=[2,5]; c1:bw=20,experts=[0,5]; c5:bw=33,experts=[3,4,6]; c4:bw=27,experts=[4,6]; c6:bw=17,experts=[1]; c7:bw=28,experts=[2,7]; c0:bw=20,experts=[2,7]; c8:bw=36,experts=[1,4,6]
   97 | 0.01000 |   0.7478 |   70.27% |   77.87% |    0:43.78
      bandwidth/experts | c0:bw=23,experts=[4,5]; c9:bw=24,experts=[0,5]; c8:bw=24,experts=[4,5]; c4:bw=10,experts=[2]; c7:bw=17,experts=[0]; c1:bw=28,experts=[2,5]; c3:bw=19,experts=[2]; c5:bw=26,experts=[2,6]; c6:bw=28,experts=[6,7]; c2:bw=30,experts=[1,4,6]
   98 | 0.01000 |   0.7575 |   59.26% |   77.87% |    0:43.53
      bandwidth/experts | c4:bw=29,experts=[1,3]; c8:bw=30,experts=[0,4,6]; c9:bw=15,experts=[0]; c7:bw=13,experts=[6]; c6:bw=20,experts=[2,3]; c5:bw=27,experts=[0,5]; c0:bw=19,experts=[1]; c3:bw=14,experts=[6]; c1:bw=15,experts=[4]; c2:bw=13,experts=[1]
   99 | 0.01000 |   0.8167 |   69.92% |   77.87% |    0:43.71
      bandwidth/experts | c8:bw=19,experts=[2]; c5:bw=27,experts=[5,6]; c7:bw=25,experts=[4,5]; c1:bw=33,experts=[0,3,4]; c3:bw=21,experts=[4,5]; c9:bw=11,experts=[2]; c4:bw=14,experts=[1]; c0:bw=22,experts=[1,5]; c2:bw=17,experts=[4]; c6:bw=19,experts=[5]
  100 | 0.01000 |   0.7720 |   55.08% |   77.87% |    0:43.79
      bandwidth/experts | c2:bw=17,experts=[4]; c8:bw=25,experts=[0,4]; c9:bw=29,experts=[1,5]; c5:bw=10,experts=[7]; c6:bw=25,experts=[4,5]; c1:bw=10,experts=[6]; c4:bw=36,experts=[1,6,7]; c7:bw=10,experts=[7]; c3:bw=23,experts=[3,7]; c0:bw=36,experts=[2,6,7]

Done. Best Acc: 77.87% @ round 82
Total time: 1:11:44.62
[Export] 实验目录: /userhome/cs3/duanty/FedMoE/results/20260920-041459
[Export] 每轮明细: /userhome/cs3/duanty/FedMoE/results/20260920-041459/rounds.xlsx
[Export] 总体摘要: /userhome/cs3/duanty/FedMoE/results/20260920-041459/summary.xlsx
[Plot] result = /userhome/cs3/duanty/FedMoE/results/20260920-041459
[Plot] figures -> /userhome/cs3/duanty/FedMoE/results/20260920-041459/figure
  fig01_test_accuracy.pdf
  fig02_train_loss.pdf
  fig03_acc_and_loss.pdf
  fig04_bandwidth_and_k.pdf
  fig05_expert_round_heatmap.pdf
  fig06_client_expert_heatmap.pdf
  fig07_expert_frequency.pdf
  fig08_time_breakdown.pdf
  fig09_accuracy_vs_communication.pdf
  fig10_overview.pdf
[Export] 图片目录: /userhome/cs3/duanty/FedMoE/results/20260920-041459/figure
