========================================
Job    : c10-e16-w1-ours
Host   : gpu-4090-102
Date   : Sat Sep 19 09:04:06 HKT 2026
GPU    : 0
Python : /userhome/cs3/duanty/miniconda3/envs/moe/bin/python
Command: python -u main.py --method ours --dataset cifar10 --backbone resnet --select ours --merge ours --device cuda --num_experts 16 --width_mult 1 --bw_max -1 --output_dir ./results/c10-e16-w1-ours
========================================

==================================================================
 Ours  
  Dataset=cifar10 | beta=0.1 | Backbone=resnet | width_mult=1 | Clients=10 | Experts=16
  Select=ours | Merge=ours
  Expert refresh N_ref=16
  Rounds=100 | LR=0.01
  Bandwidth: expert_bw=10 | bw=[10, 160] | Rayleigh-Shannon, SNR=10 dB | k=floor(bw/10)
==================================================================


[Partition] Dirichlet beta=0.1, 10 clients
  Client 0:   6071 samples | 3/10 classes
  Client 1:  18481 samples | 7/10 classes
  Client 2:    174 samples | 3/10 classes
  Client 3:    462 samples | 3/10 classes
  Client 4:   2759 samples | 3/10 classes
  Client 5:   5740 samples | 7/10 classes
  Client 6:   1703 samples | 4/10 classes
  Client 7:   3407 samples | 7/10 classes
  Client 8:   6483 samples | 7/10 classes
  Client 9:   4720 samples | 10/10 classes

[Upload] expert_bw=10 | available bw=[10, 160] | Rayleigh-Shannon, SNR=10 dB | upload k=floor(bw/10), cap=16 | probe gate scores, refresh stale experts, then train selected

[Model] Total params: 15,461,600

[Export] 本次实验目录: /userhome/cs3/duanty/FedMoE/results/c10-e16-w1-ours/20260919-090413

Round |      LR |  AvgLoss |  TestAcc |     Best |  RoundTime
--------------------------------------------------------------------------------
    1 | 0.00208 |   1.5420 |   12.01% |   12.01% |    1:05.79
      bandwidth/experts | c8:bw=104,experts=[0,1,2,4,5,6,10,11,13,15]; c1:bw=55,experts=[1,2,4,6,13]; c5:bw=84,experts=[0,1,2,4,5,6,13,15]; c0:bw=10,experts=[13]; c7:bw=38,experts=[2,6,13]; c2:bw=55,experts=[1,2,4,6,13]; c9:bw=86,experts=[0,1,2,4,5,6,13,15]; c4:bw=75,experts=[0,1,2,4,5,6,13]; c3:bw=96,experts=[0,1,2,4,5,6,11,13,15]; c6:bw=77,experts=[0,1,2,4,5,6,13]
    2 | 0.00406 |   1.2659 |   33.25% |   33.25% |    1:02.98
      bandwidth/experts | c0:bw=67,experts=[0,4,6,8,10,13]; c1:bw=78,experts=[0,2,4,6,8,10,13]; c8:bw=91,experts=[0,1,2,4,5,6,10,12,13]; c5:bw=130,experts=[0,1,2,4,5,6,8,9,10,11,12,13,14]; c3:bw=127,experts=[0,1,2,4,5,6,8,9,10,11,12,13]; c4:bw=56,experts=[0,4,6,10,13]; c7:bw=104,experts=[0,2,4,6,8,9,10,11,12,13]; c9:bw=88,experts=[0,2,4,6,8,9,10,13]; c6:bw=32,experts=[4,6,13]; c2:bw=41,experts=[0,4,6,13]
    3 | 0.00604 |   1.1800 |   36.34% |   36.34% |    1:03.20
      bandwidth/experts | c9:bw=90,experts=[0,1,2,4,5,6,8,10,13]; c2:bw=78,experts=[0,1,4,5,6,12,13]; c0:bw=94,experts=[0,1,2,4,5,6,8,10,13]; c6:bw=75,experts=[0,2,4,5,6,10,13]; c8:bw=56,experts=[0,4,5,6,13]; c5:bw=25,experts=[4,6]; c3:bw=48,experts=[0,4,6,13]; c7:bw=62,experts=[0,2,4,5,6,13]; c1:bw=25,experts=[4,6]; c4:bw=98,experts=[0,1,2,4,5,6,8,10,13]
    4 | 0.00802 |   1.0958 |   39.75% |   39.75% |    1:04.25
      bandwidth/experts | c1:bw=75,experts=[0,2,4,5,6,8,13]; c7:bw=84,experts=[0,1,4,5,6,8,12,13]; c6:bw=100,experts=[0,1,2,4,5,6,8,10,11,13]; c2:bw=113,experts=[0,1,2,4,5,6,8,10,11,12,13]; c8:bw=59,experts=[0,4,5,6,13]; c0:bw=111,experts=[0,1,2,4,5,6,8,10,11,13,15]; c3:bw=64,experts=[0,1,4,5,6,13]; c4:bw=105,experts=[0,1,2,4,5,6,8,10,12,13]; c5:bw=138,experts=[0,1,2,3,4,5,6,8,10,11,13,14,15]; c9:bw=41,experts=[2,4,6,13]
    5 | 0.01000 |   1.1357 |   42.60% |   42.60% |    1:04.49
      bandwidth/experts | c1:bw=37,experts=[4,6,13]; c5:bw=75,experts=[0,1,2,4,5,6,13]; c4:bw=91,experts=[0,1,2,4,5,6,8,10,13]; c8:bw=69,experts=[0,2,4,5,6,13]; c0:bw=94,experts=[0,1,2,4,5,6,8,10,13]; c7:bw=46,experts=[0,4,6,13]; c6:bw=100,experts=[0,1,2,4,5,6,8,10,11,13]; c3:bw=119,experts=[0,1,2,4,5,6,8,10,11,12,13]; c2:bw=13,experts=[6]; c9:bw=118,experts=[0,1,2,4,5,6,8,10,13,14,15]
    6 | 0.01000 |   1.0048 |   43.88% |   43.88% |    1:04.58
      bandwidth/experts | c8:bw=126,experts=[0,1,2,4,5,6,8,10,11,12,13,15]; c2:bw=79,experts=[0,1,2,4,5,6,13]; c5:bw=51,experts=[0,4,6,8,13]; c7:bw=110,experts=[0,1,2,4,5,6,8,10,11,13,15]; c3:bw=68,experts=[0,1,4,5,6,13]; c1:bw=61,experts=[0,2,4,6,8,13]; c9:bw=91,experts=[0,1,2,4,5,6,8,10,13]; c0:bw=59,experts=[0,2,4,6,13]; c4:bw=33,experts=[4,6,13]; c6:bw=38,experts=[4,6,13]
    7 | 0.01000 |   1.1115 |   51.47% |   51.47% |    1:04.72
      bandwidth/experts | c0:bw=68,experts=[0,1,4,5,6,13]; c5:bw=92,experts=[0,1,2,4,5,6,11,12,13]; c2:bw=75,experts=[0,1,4,5,6,12,13]; c6:bw=25,experts=[4,6]; c3:bw=50,experts=[0,4,5,6,13]; c7:bw=58,experts=[0,4,5,6,13]; c4:bw=26,experts=[4,6]; c1:bw=18,experts=[6]; c8:bw=108,experts=[0,1,2,4,5,6,10,11,12,13]; c9:bw=10,experts=[6]
    8 | 0.01000 |   0.9479 |   53.86% |   53.86% |    1:05.63
      bandwidth/experts | c4:bw=10,experts=[4]; c8:bw=70,experts=[0,1,2,4,5,6,13]; c1:bw=110,experts=[0,1,2,4,5,6,8,11,12,13,15]; c3:bw=70,experts=[0,1,2,4,5,6,13]; c0:bw=61,experts=[0,2,4,5,6,13]; c5:bw=53,experts=[2,4,6,8,13]; c2:bw=102,experts=[0,1,2,4,5,6,8,11,12,13]; c9:bw=111,experts=[0,1,2,4,5,6,8,11,12,13,14]; c7:bw=28,experts=[4,6]; c6:bw=78,experts=[0,1,2,4,5,6,13]
    9 | 0.01000 |   1.0016 |   59.15% |   59.15% |    1:05.27
      bandwidth/experts | c2:bw=40,experts=[4,5,6,13]; c0:bw=99,experts=[0,1,2,4,5,6,8,11,13]; c4:bw=112,experts=[0,1,2,4,5,6,8,11,12,13,14]; c9:bw=49,experts=[0,4,6,13]; c8:bw=34,experts=[4,6,13]; c6:bw=59,experts=[0,4,5,6,13]; c7:bw=87,experts=[0,1,4,5,6,8,12,13]; c5:bw=99,experts=[0,1,2,4,5,6,10,11,13]; c1:bw=27,experts=[4,6]; c3:bw=43,experts=[0,4,6,13]
   10 | 0.01000 |   0.8880 |   49.76% |   59.15% |    1:04.76
      bandwidth/experts | c4:bw=69,experts=[0,1,4,5,6,13]; c2:bw=64,experts=[0,1,4,5,6,13]; c7:bw=71,experts=[0,1,4,5,6,8,13]; c0:bw=111,experts=[0,1,2,4,5,6,8,11,12,13,14]; c6:bw=123,experts=[0,1,2,4,5,6,8,10,11,13,14,15]; c3:bw=87,experts=[0,1,2,4,5,6,12,13]; c5:bw=109,experts=[0,1,2,4,5,6,8,11,13,14]; c8:bw=67,experts=[0,2,4,5,6,13]; c9:bw=66,experts=[0,2,4,5,6,13]; c1:bw=77,experts=[0,2,4,5,6,8,13]
   11 | 0.01000 |   1.0592 |   63.54% |   63.54% |    1:04.24
      bandwidth/experts | c5:bw=52,experts=[0,4,5,6,13]; c2:bw=52,experts=[2,4,5,6,13]; c7:bw=83,experts=[0,1,4,5,6,11,12,13]; c3:bw=95,experts=[0,1,2,4,5,6,11,12,13]; c0:bw=53,experts=[1,4,5,6,13]; c8:bw=74,experts=[1,2,4,5,6,12,13]; c9:bw=62,experts=[0,1,4,5,6,13]; c6:bw=105,experts=[0,1,2,4,5,6,8,11,12,13]; c1:bw=76,experts=[0,1,2,4,5,6,13]; c4:bw=30,experts=[4,6,13]
   12 | 0.01000 |   0.9232 |   61.70% |   63.54% |    1:05.02
      bandwidth/experts | c1:bw=80,experts=[0,1,2,4,5,6,8,13]; c5:bw=106,experts=[0,1,2,4,5,6,8,11,13,14]; c2:bw=108,experts=[0,1,2,4,5,6,8,11,12,13]; c4:bw=53,experts=[0,4,5,6,13]; c3:bw=66,experts=[0,1,4,5,6,13]; c7:bw=56,experts=[0,4,5,6,13]; c9:bw=79,experts=[0,1,2,4,5,6,13]; c6:bw=54,experts=[0,4,5,6,13]; c8:bw=104,experts=[0,1,2,4,5,6,8,11,12,13]; c0:bw=93,experts=[0,1,2,4,5,6,8,12,13]
   13 | 0.01000 |   0.9171 |   68.79% |   68.79% |    1:05.60
      bandwidth/experts | c3:bw=57,experts=[0,4,5,6,13]; c1:bw=90,experts=[0,1,2,4,5,6,8,12,13]; c4:bw=10,experts=[4]; c5:bw=55,experts=[2,4,5,6,13]; c8:bw=29,experts=[4,6]; c6:bw=69,experts=[0,1,4,5,6,13]; c9:bw=28,experts=[4,6]; c7:bw=110,experts=[0,1,2,4,5,6,8,10,11,12,13]; c0:bw=48,experts=[4,5,6,13]; c2:bw=31,experts=[4,6,13]
   14 | 0.01000 |   0.8779 |   63.72% |   68.79% |    1:06.13
      bandwidth/experts | c2:bw=85,experts=[0,1,2,4,5,6,12,13]; c4:bw=11,experts=[4]; c5:bw=121,experts=[0,1,2,4,5,6,8,10,11,13,14,15]; c1:bw=73,experts=[0,1,2,4,5,6,13]; c7:bw=47,experts=[0,4,6,13]; c0:bw=48,experts=[4,5,6,13]; c9:bw=60,experts=[0,1,2,4,6,13]; c3:bw=86,experts=[0,1,4,5,6,11,12,13]; c8:bw=39,experts=[4,6,13]; c6:bw=127,experts=[0,1,2,4,5,6,8,11,12,13,14,15]
   15 | 0.01000 |   0.9020 |   68.97% |   68.97% |    1:06.04
      bandwidth/experts | c7:bw=111,experts=[0,1,2,4,5,6,8,10,11,12,13]; c0:bw=39,experts=[4,6,13]; c1:bw=27,experts=[4,6]; c8:bw=98,experts=[0,1,2,4,5,6,8,12,13]; c3:bw=20,experts=[4,6]; c2:bw=99,experts=[0,1,2,4,5,6,8,12,13]; c4:bw=88,experts=[0,1,4,5,6,12,13,14]; c5:bw=34,experts=[4,6,13]; c9:bw=37,experts=[4,6,13]; c6:bw=62,experts=[0,1,4,5,6,13]
   16 | 0.01000 |   0.8476 |   57.52% |   68.97% |    1:05.30
      bandwidth/experts | c6:bw=76,experts=[3,4,5,6,7,9,13]; c1:bw=54,experts=[3,4,7,9,14]; c3:bw=82,experts=[0,3,4,5,6,7,13,14]; c8:bw=93,experts=[0,3,4,5,6,7,9,13,14]; c7:bw=42,experts=[3,4,7,14]; c5:bw=75,experts=[0,2,4,5,6,7,13]; c4:bw=67,experts=[3,4,6,7,9,15]; c9:bw=45,experts=[3,4,6,7]; c0:bw=107,experts=[0,1,2,3,4,5,6,7,9,13]; c2:bw=97,experts=[3,4,5,6,7,9,13,14,15]
   17 | 0.01000 |   0.9950 |   70.94% |   70.94% |    1:04.43
      bandwidth/experts | c4:bw=109,experts=[0,1,2,4,5,6,8,12,13,14]; c7:bw=47,experts=[0,4,6,13]; c8:bw=15,experts=[6]; c3:bw=99,experts=[0,1,4,5,6,8,12,13,15]; c5:bw=10,experts=[6]; c1:bw=55,experts=[0,4,5,6,13]; c0:bw=20,experts=[4,6]; c2:bw=36,experts=[4,6,13]; c9:bw=70,experts=[0,1,2,4,5,6,13]; c6:bw=73,experts=[0,1,4,5,6,8,13]
   18 | 0.01000 |   0.8443 |   59.52% |   70.94% |    1:05.66
      bandwidth/experts | c1:bw=12,experts=[10]; c8:bw=10,experts=[4]; c5:bw=66,experts=[2,4,5,6,9,13]; c2:bw=71,experts=[0,1,4,5,6,12,13]; c9:bw=35,experts=[4,6,9]; c7:bw=103,experts=[0,1,2,4,5,6,8,9,11,13]; c4:bw=105,experts=[0,1,2,4,5,6,11,13,14,15]; c3:bw=70,experts=[0,4,5,6,8,9,13]; c0:bw=92,experts=[0,1,2,4,5,6,8,11,13]; c6:bw=59,experts=[1,2,4,6,13]
   19 | 0.01000 |   0.9512 |   72.20% |   72.20% |    1:03.76
      bandwidth/experts | c8:bw=105,experts=[0,1,2,4,5,6,8,9,12,13]; c0:bw=79,experts=[0,1,4,5,6,8,13]; c4:bw=97,experts=[0,1,4,5,6,8,9,12,13]; c1:bw=87,experts=[0,1,4,5,6,8,12,13]; c9:bw=72,experts=[0,1,4,5,6,12,13]; c5:bw=55,experts=[0,4,5,6,13]; c7:bw=42,experts=[0,4,6,13]; c2:bw=27,experts=[4,6]; c6:bw=124,experts=[0,1,2,4,5,6,8,9,10,11,12,13]; c3:bw=75,experts=[0,4,5,6,8,12,13]
   20 | 0.01000 |   0.8735 |   73.97% |   73.97% |    1:04.60
      bandwidth/experts | c0:bw=52,experts=[0,4,6,13,15]; c2:bw=78,experts=[0,4,5,6,10,12,13]; c1:bw=76,experts=[0,1,4,5,6,12,13]; c9:bw=31,experts=[4,6,13]; c7:bw=81,experts=[0,1,4,5,6,8,12,13]; c6:bw=128,experts=[0,1,2,4,5,6,8,11,12,13,14,15]; c3:bw=34,experts=[4,6,13]; c5:bw=10,experts=[3]; c4:bw=112,experts=[0,1,2,4,5,6,8,11,12,13,14]; c8:bw=95,experts=[0,1,2,4,5,6,8,12,13]
   21 | 0.01000 |   0.8727 |   67.89% |   73.97% |    1:05.92
      bandwidth/experts | c1:bw=77,experts=[0,2,4,5,6,8,13]; c2:bw=75,experts=[0,2,4,5,6,12,13]; c7:bw=24,experts=[4,6]; c4:bw=90,experts=[0,1,2,4,5,6,10,12,13]; c8:bw=34,experts=[4,6,13]; c5:bw=61,experts=[0,2,4,5,6,13]; c0:bw=125,experts=[0,1,2,4,5,6,8,10,11,12,13,15]; c3:bw=14,experts=[10]; c6:bw=29,experts=[4,6]; c9:bw=48,experts=[4,6,13,15]
   22 | 0.01000 |   0.8744 |   73.41% |   73.97% |    1:06.08
      bandwidth/experts | c7:bw=31,experts=[4,6,15]; c9:bw=62,experts=[0,1,4,6,10,13]; c1:bw=12,experts=[6]; c6:bw=116,experts=[0,1,2,4,5,6,8,11,12,13,15]; c5:bw=31,experts=[4,6,13]; c2:bw=125,experts=[0,1,2,4,5,6,8,10,11,12,13,15]; c0:bw=126,experts=[0,1,2,4,5,6,8,11,12,13,14,15]; c4:bw=69,experts=[0,1,4,5,6,13]; c3:bw=105,experts=[0,1,4,5,6,8,9,11,12,13]; c8:bw=62,experts=[2,4,5,6,13,15]
   23 | 0.01000 |   0.8288 |   58.65% |   73.97% |    1:06.72
      bandwidth/experts | c5:bw=98,experts=[0,1,2,4,5,6,12,13,14]; c7:bw=28,experts=[4,6]; c4:bw=106,experts=[0,1,2,4,5,6,12,13,14,15]; c6:bw=19,experts=[4]; c9:bw=95,experts=[0,1,2,4,5,6,13,14,15]; c8:bw=66,experts=[0,4,5,6,10,13]; c3:bw=29,experts=[4,6]; c1:bw=117,experts=[0,1,2,4,5,6,8,11,12,13,14]; c2:bw=61,experts=[0,4,5,6,12,13]; c0:bw=21,experts=[4,6]
   24 | 0.01000 |   0.9506 |   70.77% |   73.97% |    1:04.30
      bandwidth/experts | c6:bw=57,experts=[0,4,5,6,13]; c4:bw=24,experts=[4,6]; c7:bw=10,experts=[6]; c9:bw=94,experts=[0,1,4,5,6,8,11,12,13]; c2:bw=81,experts=[0,1,2,4,5,6,12,13]; c1:bw=10,experts=[15]; c5:bw=46,experts=[4,5,6,13]; c8:bw=34,experts=[4,6,13]; c3:bw=10,experts=[6]; c0:bw=59,experts=[0,4,5,6,13]
   25 | 0.01000 |   0.8004 |   64.91% |   73.97% |    1:04.94
      bandwidth/experts | c9:bw=76,experts=[0,1,2,4,5,6,13]; c6:bw=30,experts=[4,6,13]; c4:bw=110,experts=[0,1,2,4,5,6,11,12,13,14,15]; c3:bw=26,experts=[4,6]; c5:bw=120,experts=[0,1,2,4,5,6,8,10,11,13,14,15]; c1:bw=92,experts=[0,1,2,4,5,6,8,13,15]; c8:bw=103,experts=[0,1,2,4,5,6,8,11,12,13]; c2:bw=24,experts=[4,6]; c0:bw=106,experts=[0,1,2,4,5,6,8,11,13,15]; c7:bw=75,experts=[0,1,4,5,6,8,13]
   26 | 0.01000 |   0.8978 |   77.37% |   77.37% |    1:04.22
      bandwidth/experts | c3:bw=84,experts=[0,1,4,5,6,8,12,13]; c6:bw=63,experts=[0,1,4,5,6,13]; c9:bw=95,experts=[0,1,2,4,5,6,8,13,14]; c7:bw=59,experts=[0,4,5,6,13]; c1:bw=63,experts=[0,4,5,6,8,13]; c5:bw=39,experts=[4,6,13]; c2:bw=56,experts=[4,5,6,12,13]; c8:bw=101,experts=[0,1,2,4,5,6,8,11,12,13]; c0:bw=20,experts=[4,6]; c4:bw=90,experts=[0,1,2,4,5,6,11,12,13]
   27 | 0.01000 |   0.8193 |   68.78% |   77.37% |    1:05.34
      bandwidth/experts | c7:bw=97,experts=[0,1,2,4,5,6,8,12,13]; c1:bw=117,experts=[0,1,2,4,5,6,8,11,13,14,15]; c4:bw=23,experts=[4,6]; c0:bw=68,experts=[0,2,4,5,6,13]; c9:bw=34,experts=[4,6,13]; c2:bw=37,experts=[4,6,13]; c8:bw=104,experts=[0,1,2,4,5,6,8,11,12,13]; c3:bw=40,experts=[0,2,4,6]; c6:bw=119,experts=[0,1,2,4,5,6,8,10,11,13,15]; c5:bw=69,experts=[0,2,4,5,6,13]
   28 | 0.01000 |   0.8575 |   75.75% |   77.37% |    1:04.44
      bandwidth/experts | c6:bw=56,experts=[0,4,5,6,13]; c9:bw=92,experts=[0,1,2,4,5,6,12,13,14]; c0:bw=89,experts=[0,1,2,4,5,6,8,13]; c8:bw=56,experts=[0,4,5,6,13]; c2:bw=10,experts=[4]; c5:bw=63,experts=[0,2,4,5,6,13]; c1:bw=47,experts=[0,4,6,13]; c3:bw=22,experts=[4,6]; c4:bw=14,experts=[6]; c7:bw=10,experts=[4]
   29 | 0.01000 |   0.8130 |   71.50% |   77.37% |    1:05.13
      bandwidth/experts | c4:bw=72,experts=[0,1,4,5,6,13,14]; c0:bw=83,experts=[0,1,2,4,5,6,8,13]; c1:bw=63,experts=[0,1,4,5,6,13]; c9:bw=82,experts=[0,1,2,4,5,6,13,14]; c6:bw=81,experts=[0,1,2,4,5,6,8,13]; c8:bw=63,experts=[0,2,4,5,6,13]; c7:bw=40,experts=[4,5,6,13]; c3:bw=60,experts=[0,1,4,5,6,13]; c2:bw=34,experts=[4,6,13]; c5:bw=63,experts=[0,2,4,5,6,13]
   30 | 0.01000 |   0.8396 |   76.80% |   77.37% |    1:04.52
      bandwidth/experts | c5:bw=116,experts=[0,1,2,4,5,6,10,11,13,14,15]; c1:bw=67,experts=[0,1,4,5,6,13]; c9:bw=103,experts=[0,1,2,4,5,6,8,12,13,14]; c4:bw=97,experts=[0,1,2,4,5,6,12,13,15]; c0:bw=33,experts=[4,6,13]; c8:bw=78,experts=[0,2,4,5,6,12,13]; c6:bw=20,experts=[4,6]; c7:bw=23,experts=[4,6]; c3:bw=111,experts=[0,1,2,4,5,6,8,9,11,12,13]; c2:bw=51,experts=[2,4,5,6,13]
   31 | 0.01000 |   0.8000 |   69.35% |   77.37% |    1:05.32
      bandwidth/experts | c6:bw=55,experts=[0,2,4,6,13]; c4:bw=36,experts=[4,6,13]; c9:bw=85,experts=[0,1,2,4,5,6,13,14]; c1:bw=57,experts=[0,2,4,6,13]; c5:bw=116,experts=[0,1,2,4,5,6,10,11,13,14,15]; c8:bw=62,experts=[0,2,4,5,6,13]; c3:bw=45,experts=[0,4,5,6]; c2:bw=29,experts=[4,6]; c0:bw=89,experts=[0,1,2,4,5,6,8,13]; c7:bw=119,experts=[0,1,2,4,5,6,8,9,10,11,13]
   32 | 0.01000 |   0.8489 |   73.52% |   77.37% |    1:04.37
      bandwidth/experts | c8:bw=40,experts=[3,4,7,14]; c5:bw=67,experts=[0,4,5,6,7,13]; c4:bw=92,experts=[0,1,3,4,5,6,7,12,13]; c7:bw=88,experts=[0,3,4,5,6,7,13,14]; c0:bw=86,experts=[0,3,4,5,6,7,9,13]; c1:bw=40,experts=[3,4,7,9]; c3:bw=53,experts=[3,4,6,7,14]; c6:bw=51,experts=[3,4,6,7,13]; c2:bw=102,experts=[0,3,4,5,6,7,9,12,13,14]; c9:bw=59,experts=[3,4,6,7,13]
   33 | 0.01000 |   0.7848 |   72.82% |   77.37% |    1:02.73
      bandwidth/experts | c7:bw=99,experts=[0,1,2,4,5,6,8,12,13]; c1:bw=65,experts=[0,2,4,5,6,13]; c3:bw=132,experts=[0,1,2,4,5,6,8,9,11,12,13,14,15]; c6:bw=69,experts=[0,1,4,5,6,13]; c5:bw=55,experts=[0,4,5,6,13]; c9:bw=79,experts=[0,1,4,5,6,13,14]; c2:bw=44,experts=[4,5,6,13]; c8:bw=94,experts=[0,1,2,4,5,6,8,12,13]; c4:bw=85,experts=[0,1,4,5,6,12,13,14]; c0:bw=118,experts=[0,1,2,4,5,6,8,12,13,14,15]
   34 | 0.01000 |   0.8393 |   76.71% |   77.37% |    1:03.02
      bandwidth/experts | c4:bw=87,experts=[0,1,4,5,6,13,14,15]; c1:bw=88,experts=[0,2,4,5,6,8,10,13]; c6:bw=91,experts=[0,1,2,4,5,6,8,11,13]; c9:bw=128,experts=[0,1,2,4,5,6,8,9,11,12,13,14]; c8:bw=79,experts=[2,4,5,6,8,12,13]; c0:bw=42,experts=[4,5,6,13]; c5:bw=113,experts=[0,1,2,4,5,6,9,10,11,13,15]; c7:bw=61,experts=[0,2,4,5,6,13]; c3:bw=137,experts=[0,1,2,4,5,6,8,9,10,11,12,13,15]; c2:bw=101,experts=[0,1,2,4,5,6,8,9,12,13]
   35 | 0.01000 |   0.8062 |   73.37% |   77.37% |    1:02.45
      bandwidth/experts | c4:bw=62,experts=[0,4,5,6,9,13]; c0:bw=38,experts=[4,6,13]; c1:bw=58,experts=[0,4,5,6,13]; c6:bw=83,experts=[0,1,2,4,5,6,9,13]; c2:bw=86,experts=[0,2,4,5,6,8,12,13]; c8:bw=94,experts=[0,1,2,4,5,6,9,12,13]; c9:bw=51,experts=[0,1,4,6,13]; c7:bw=90,experts=[0,1,2,4,5,6,8,12,13]; c5:bw=77,experts=[0,1,2,4,5,6,13]; c3:bw=45,experts=[4,5,6,13]
   36 | 0.01000 |   0.8193 |   80.37% |   80.37% |    1:03.49
      bandwidth/experts | c9:bw=70,experts=[0,1,2,4,5,6,13]; c0:bw=68,experts=[0,1,4,5,6,13]; c3:bw=113,experts=[0,1,2,4,5,6,8,9,11,12,13]; c7:bw=51,experts=[0,4,5,6,13]; c6:bw=82,experts=[0,1,2,4,5,6,13,14]; c5:bw=93,experts=[0,1,2,3,4,5,6,11,13]; c1:bw=16,experts=[4]; c4:bw=140,experts=[0,1,2,4,5,6,8,9,10,11,12,13,14,15]; c8:bw=97,experts=[0,1,2,4,5,6,8,12,13]; c2:bw=95,experts=[0,1,2,4,5,6,8,12,13]
   37 | 0.01000 |   0.7767 |   74.20% |   80.37% |    1:02.59
      bandwidth/experts | c1:bw=34,experts=[4,6,13]; c5:bw=74,experts=[0,1,2,4,5,6,13]; c2:bw=68,experts=[0,4,5,6,12,13]; c6:bw=123,experts=[0,1,2,4,5,6,8,11,12,13,14,15]; c4:bw=74,experts=[0,1,4,5,6,13,15]; c7:bw=79,experts=[0,4,5,6,9,12,13]; c9:bw=75,experts=[0,1,4,5,6,13,14]; c0:bw=103,experts=[0,1,2,4,5,6,8,10,13,15]; c3:bw=68,experts=[0,1,4,5,6,13]; c8:bw=11,experts=[4]
   38 | 0.01000 |   0.8480 |   78.89% |   80.37% |    1:02.75
      bandwidth/experts | c8:bw=87,experts=[2,4,5,6,8,12,13,15]; c6:bw=32,experts=[4,6,13]; c4:bw=98,experts=[0,1,4,5,6,12,13,14,15]; c1:bw=58,experts=[0,4,5,6,13]; c5:bw=10,experts=[4]; c2:bw=10,experts=[10]; c3:bw=72,experts=[0,1,4,5,6,12,13]; c7:bw=96,experts=[0,1,4,5,6,8,12,13,15]; c9:bw=49,experts=[4,6,10,13]; c0:bw=76,experts=[0,1,4,5,6,8,13]
   39 | 0.01000 |   0.7852 |   76.11% |   80.37% |    1:02.41
      bandwidth/experts | c3:bw=49,experts=[4,5,6,13]; c0:bw=10,experts=[4]; c1:bw=84,experts=[0,1,2,4,5,6,12,13]; c7:bw=75,experts=[0,1,4,5,6,12,13]; c6:bw=58,experts=[2,4,5,6,13]; c8:bw=84,experts=[0,2,4,5,6,10,12,13]; c2:bw=68,experts=[4,6,11,12,13,15]; c4:bw=67,experts=[0,1,4,5,6,13]; c9:bw=45,experts=[4,6,13,15]; c5:bw=141,experts=[0,1,2,4,5,6,8,9,10,11,12,13,14,15]
   40 | 0.01000 |   0.7988 |   79.06% |   80.37% |    1:02.95
      bandwidth/experts | c8:bw=49,experts=[4,5,6,13]; c1:bw=79,experts=[0,1,2,4,5,6,13]; c5:bw=60,experts=[0,2,4,5,6,13]; c6:bw=88,experts=[0,1,2,4,5,6,8,13]; c2:bw=123,experts=[0,1,2,4,5,6,8,9,11,12,13,15]; c7:bw=125,experts=[0,1,2,4,5,6,8,9,10,11,12,13]; c3:bw=13,experts=[4]; c4:bw=36,experts=[4,6,13]; c9:bw=75,experts=[0,1,2,4,5,6,13]; c0:bw=67,experts=[0,1,4,5,6,13]
   41 | 0.01000 |   0.7940 |   73.07% |   80.37% |    1:02.37
      bandwidth/experts | c2:bw=101,experts=[0,1,2,4,5,6,8,9,12,13]; c6:bw=10,experts=[4]; c8:bw=107,experts=[0,1,2,4,5,6,8,9,12,13]; c1:bw=15,experts=[4]; c4:bw=95,experts=[0,1,4,5,6,12,13,14,15]; c5:bw=116,experts=[0,1,2,4,5,6,10,11,13,14,15]; c7:bw=129,experts=[0,1,2,4,5,6,8,9,10,11,12,13]; c3:bw=75,experts=[0,1,4,5,6,12,13]; c9:bw=101,experts=[0,1,2,4,5,6,8,12,13,14]; c0:bw=10,experts=[11]
   42 | 0.01000 |   0.7876 |   80.16% |   80.37% |    1:02.89
      bandwidth/experts | c5:bw=95,experts=[0,1,2,4,5,6,11,13,15]; c1:bw=92,experts=[0,1,2,4,5,6,8,13,15]; c3:bw=91,experts=[0,1,4,5,6,8,9,12,13]; c9:bw=96,experts=[0,1,2,4,5,6,12,13,14]; c6:bw=64,experts=[0,1,4,5,6,13]; c0:bw=28,experts=[4,6]; c7:bw=37,experts=[0,4,6]; c4:bw=103,experts=[0,1,2,4,5,6,9,12,13,15]; c8:bw=79,experts=[0,2,4,5,6,12,13]; c2:bw=76,experts=[0,1,4,5,6,12,13]
   43 | 0.01000 |   0.7814 |   75.57% |   80.37% |    1:02.87
      bandwidth/experts | c5:bw=100,experts=[0,1,2,4,5,6,10,11,13,15]; c1:bw=110,experts=[0,1,2,4,5,6,8,11,12,13,14]; c2:bw=96,experts=[0,2,4,5,6,8,9,12,13]; c8:bw=85,experts=[0,2,4,5,6,11,12,13]; c9:bw=60,experts=[0,1,4,5,6,13]; c7:bw=40,experts=[4,5,6,13]; c4:bw=65,experts=[0,1,4,5,6,13]; c6:bw=23,experts=[4,10]; c3:bw=122,experts=[0,1,2,4,5,6,8,9,11,12,13,15]; c0:bw=40,experts=[4,5,6,13]
   44 | 0.01000 |   0.7909 |   81.94% |   81.94% |    1:03.76
      bandwidth/experts | c0:bw=125,experts=[0,1,2,4,5,6,8,9,11,12,13,15]; c3:bw=88,experts=[0,1,4,5,6,9,12,13]; c4:bw=54,experts=[0,4,5,6,13]; c2:bw=69,experts=[2,4,5,6,12,13]; c7:bw=142,experts=[0,1,2,4,5,6,8,9,10,11,12,13,14,15]; c5:bw=46,experts=[4,5,6,13]; c6:bw=39,experts=[4,6,13]; c9:bw=70,experts=[0,1,2,4,5,6,13]; c8:bw=65,experts=[2,4,5,6,12,13]; c1:bw=84,experts=[0,1,2,4,5,6,8,13]
   45 | 0.01000 |   0.7601 |   75.45% |   81.94% |    1:02.97
      bandwidth/experts | c8:bw=104,experts=[0,1,2,4,5,6,8,11,12,13]; c0:bw=68,experts=[0,1,4,5,6,13]; c3:bw=126,experts=[0,1,2,4,5,6,8,9,10,11,12,13]; c4:bw=121,experts=[0,1,2,4,5,6,7,9,12,13,14,15]; c7:bw=67,experts=[0,1,4,5,6,13]; c2:bw=93,experts=[0,2,4,5,6,8,9,12,13]; c9:bw=47,experts=[1,4,6,13]; c6:bw=10,experts=[4]; c5:bw=84,experts=[0,1,2,4,5,6,13,15]; c1:bw=105,experts=[0,1,2,4,5,6,8,12,13,15]
   46 | 0.01000 |   0.7919 |   81.45% |   81.94% |    1:03.16
      bandwidth/experts | c9:bw=69,experts=[0,1,4,5,6,13]; c3:bw=50,experts=[0,4,5,6,13]; c6:bw=73,experts=[0,1,2,4,5,6,13]; c1:bw=77,experts=[0,1,2,4,5,6,13]; c4:bw=121,experts=[0,1,2,4,5,6,7,9,12,13,14,15]; c5:bw=77,experts=[0,2,4,5,6,13,15]; c2:bw=107,experts=[0,1,2,4,5,6,8,9,12,13]; c8:bw=73,experts=[0,2,4,5,6,12,13]; c0:bw=103,experts=[0,1,2,4,5,6,8,12,13,15]; c7:bw=53,experts=[0,4,5,6,13]
   47 | 0.01000 |   0.7672 |   77.38% |   81.94% |    1:02.73
      bandwidth/experts | c5:bw=97,experts=[0,1,2,4,5,6,10,13,15]; c6:bw=42,experts=[4,5,6,13]; c7:bw=100,experts=[0,1,2,4,5,6,8,9,12,13]; c9:bw=32,experts=[4,6,13]; c8:bw=74,experts=[0,2,4,5,6,12,13]; c3:bw=132,experts=[0,1,2,4,5,6,8,9,11,12,13,14,15]; c4:bw=18,experts=[4]; c0:bw=86,experts=[0,1,2,4,5,6,12,13]; c1:bw=57,experts=[0,4,5,6,13]; c2:bw=102,experts=[0,1,2,4,5,6,8,9,12,13]
   48 | 0.01000 |   0.7930 |   78.23% |   81.94% |    1:03.55
      bandwidth/experts | c1:bw=94,experts=[0,1,3,4,5,6,7,9,13]; c8:bw=94,experts=[0,3,4,5,6,7,12,13,14]; c4:bw=127,experts=[0,1,2,3,4,5,6,9,12,13,14,15]; c2:bw=107,experts=[0,2,3,4,5,6,7,12,13,14]; c9:bw=99,experts=[0,1,2,3,4,5,6,7,13]; c6:bw=85,experts=[0,2,3,4,5,6,7,13]; c5:bw=104,experts=[0,1,2,4,5,6,7,10,13,15]; c7:bw=118,experts=[0,1,2,3,4,5,6,7,8,12,13]; c0:bw=29,experts=[3,7]; c3:bw=34,experts=[3,4,7]
   49 | 0.01000 |   0.7594 |   79.72% |   81.94% |    1:02.62
      bandwidth/experts | c4:bw=91,experts=[0,1,2,4,5,6,12,13,15]; c3:bw=60,experts=[0,1,4,5,6,13]; c8:bw=50,experts=[0,4,5,6,13]; c0:bw=37,experts=[4,6,14]; c2:bw=110,experts=[0,1,2,4,5,6,8,9,11,12,13]; c5:bw=106,experts=[0,1,2,4,5,6,10,11,13,15]; c6:bw=24,experts=[4,6]; c7:bw=83,experts=[0,1,2,4,5,6,12,13]; c9:bw=100,experts=[0,1,2,4,5,6,11,12,13,14]; c1:bw=102,experts=[0,1,2,4,5,6,8,11,12,13]
   50 | 0.01000 |   0.7803 |   78.09% |   81.94% |    1:02.79
      bandwidth/experts | c8:bw=61,experts=[2,4,5,6,12,13]; c4:bw=14,experts=[6]; c7:bw=65,experts=[0,1,4,5,6,13]; c6:bw=128,experts=[0,1,2,4,5,6,8,9,11,12,13,15]; c2:bw=119,experts=[0,1,2,4,5,6,8,9,11,12,13]; c1:bw=122,experts=[0,1,2,4,5,6,8,10,11,12,13,15]; c3:bw=73,experts=[0,1,2,4,5,6,13]; c0:bw=55,experts=[0,4,5,6,13]; c9:bw=51,experts=[1,4,6,9,13]; c5:bw=59,experts=[2,4,5,6,13]
   51 | 0.01000 |   0.7691 |   79.90% |   81.94% |    1:03.17
      bandwidth/experts | c5:bw=89,experts=[0,1,2,4,5,6,13,15]; c0:bw=101,experts=[0,1,2,4,5,6,8,12,13,15]; c1:bw=40,experts=[4,5,6,13]; c2:bw=38,experts=[4,5,6]; c8:bw=87,experts=[0,2,4,5,6,8,12,13]; c6:bw=98,experts=[0,1,2,4,5,6,8,11,13]; c9:bw=34,experts=[4,6,13]; c3:bw=104,experts=[0,1,2,4,5,6,9,11,12,13]; c4:bw=21,experts=[4,6]; c7:bw=51,experts=[0,4,5,6,13]
   52 | 0.01000 |   0.7615 |   79.82% |   81.94% |    1:03.12
      bandwidth/experts | c0:bw=87,experts=[0,1,2,4,5,6,12,13]; c8:bw=33,experts=[4,6,13]; c5:bw=46,experts=[3,4,6,13]; c7:bw=64,experts=[0,1,4,5,6,13]; c1:bw=76,experts=[0,1,2,4,5,6,13]; c4:bw=63,experts=[4,6,8,10,11,13]; c9:bw=58,experts=[0,1,4,6,13]; c6:bw=96,experts=[0,1,2,4,5,6,8,12,13]; c2:bw=55,experts=[4,5,6,12,13]; c3:bw=81,experts=[0,1,2,4,5,6,12,13]
   53 | 0.01000 |   0.7596 |   79.23% |   81.94% |    1:03.09
      bandwidth/experts | c8:bw=41,experts=[4,5,6,13]; c4:bw=53,experts=[0,4,5,6,13]; c5:bw=83,experts=[0,1,2,4,5,6,13,15]; c1:bw=111,experts=[0,1,2,4,5,6,8,11,12,13,15]; c3:bw=89,experts=[0,1,2,4,5,6,12,13]; c9:bw=115,experts=[0,1,2,4,5,6,8,12,13,14,15]; c6:bw=67,experts=[0,2,4,6,13,14]; c7:bw=82,experts=[0,1,2,4,5,6,12,13]; c0:bw=73,experts=[0,1,4,5,6,10,13]; c2:bw=97,experts=[0,1,2,4,5,6,11,12,13]
   54 | 0.01000 |   0.7936 |   80.26% |   81.94% |    1:03.01
      bandwidth/experts | c2:bw=15,experts=[10]; c1:bw=99,experts=[0,1,2,4,5,6,8,13,15]; c8:bw=105,experts=[0,1,2,4,5,6,8,12,13,15]; c7:bw=115,experts=[0,1,2,4,5,6,8,9,11,12,13]; c3:bw=57,experts=[0,4,5,6,13]; c0:bw=70,experts=[0,1,2,4,5,6,13]; c6:bw=102,experts=[0,1,2,4,5,6,8,11,13,15]; c5:bw=10,experts=[4]; c9:bw=95,experts=[0,1,2,4,5,6,10,13,14]; c4:bw=60,experts=[0,4,5,6,13,15]
   55 | 0.01000 |   0.7538 |   78.93% |   81.94% |    1:03.19
      bandwidth/experts | c7:bw=103,experts=[0,1,2,4,5,6,8,9,12,13]; c2:bw=77,experts=[0,2,4,5,6,12,13]; c4:bw=27,experts=[4,6]; c3:bw=99,experts=[0,1,2,4,5,6,11,12,13]; c8:bw=26,experts=[4,10]; c5:bw=100,experts=[0,1,2,4,5,6,8,9,12,13]; c1:bw=113,experts=[0,1,2,4,5,6,8,11,13,14,15]; c6:bw=79,experts=[0,1,2,4,5,6,13]; c0:bw=52,experts=[0,4,5,6,13]; c9:bw=117,experts=[0,1,2,4,5,6,11,12,13,14,15]
   56 | 0.01000 |   0.7659 |   80.09% |   81.94% |    1:03.18
      bandwidth/experts | c9:bw=98,experts=[0,1,2,4,5,6,13,14,15]; c1:bw=106,experts=[0,1,2,4,5,6,8,11,13,15]; c3:bw=16,experts=[4]; c2:bw=100,experts=[0,2,4,5,6,8,9,12,13,15]; c5:bw=58,experts=[0,4,5,6,13]; c4:bw=18,experts=[6]; c8:bw=25,experts=[4,6]; c7:bw=34,experts=[0,4,6]; c6:bw=44,experts=[4,5,6,13]; c0:bw=132,experts=[0,1,2,4,5,6,8,9,11,12,13,14,15]
   57 | 0.01000 |   0.7459 |   78.13% |   81.94% |    1:03.61
      bandwidth/experts | c3:bw=121,experts=[0,1,2,4,5,6,8,9,11,12,13,15]; c8:bw=81,experts=[0,2,4,5,6,9,12,13]; c6:bw=91,experts=[0,1,2,4,5,6,8,13,15]; c1:bw=93,experts=[0,1,2,4,5,6,8,13,15]; c7:bw=130,experts=[0,1,2,4,5,6,8,9,10,11,12,13,15]; c0:bw=132,experts=[0,1,2,4,5,6,8,9,11,12,13,14,15]; c5:bw=83,experts=[0,1,2,4,5,6,13,14]; c4:bw=78,experts=[0,1,4,5,6,12,13]; c2:bw=62,experts=[0,4,5,6,12,13]; c9:bw=36,experts=[4,6,13]
   58 | 0.01000 |   0.7615 |   82.25% |   82.25% |    1:03.51
      bandwidth/experts | c7:bw=45,experts=[0,4,6,13]; c2:bw=10,experts=[4]; c9:bw=108,experts=[0,1,2,4,5,6,8,13,14,15]; c6:bw=104,experts=[0,1,2,4,5,6,8,12,13,15]; c5:bw=66,experts=[0,2,4,5,6,13]; c1:bw=56,experts=[0,2,4,6,13]; c8:bw=75,experts=[0,2,4,5,6,12,13]; c4:bw=72,experts=[0,1,4,5,6,12,13]; c3:bw=116,experts=[0,1,2,4,5,6,8,9,11,12,13]; c0:bw=89,experts=[0,1,2,4,5,6,8,13]
   59 | 0.01000 |   0.7405 |   78.99% |   82.25% |    1:02.90
      bandwidth/experts | c2:bw=69,experts=[2,4,5,6,12,13]; c8:bw=105,experts=[0,1,2,4,5,6,8,11,12,13]; c9:bw=52,experts=[0,1,4,6,13]; c6:bw=36,experts=[4,6,10]; c1:bw=123,experts=[0,1,2,4,5,6,8,11,12,13,14,15]; c4:bw=48,experts=[0,4,6,13]; c7:bw=53,experts=[0,4,5,6,13]; c5:bw=60,experts=[0,2,4,5,6,13]; c0:bw=98,experts=[0,1,2,4,5,6,8,13,15]; c3:bw=67,experts=[0,4,5,6,12,13]
   60 | 0.01000 |   0.7606 |   82.56% |   82.56% |    1:03.14
      bandwidth/experts | c0:bw=100,experts=[0,1,2,4,5,6,8,12,13,15]; c7:bw=90,experts=[0,1,4,5,6,8,12,13,14]; c4:bw=57,experts=[0,4,5,6,13]; c2:bw=57,experts=[4,5,6,12,13]; c5:bw=63,experts=[0,2,4,5,6,13]; c8:bw=46,experts=[4,5,6,13]; c6:bw=112,experts=[0,1,2,4,5,6,8,11,12,13,15]; c9:bw=14,experts=[6]; c1:bw=102,experts=[0,1,2,4,5,6,8,11,13,15]; c3:bw=83,experts=[0,1,4,5,6,8,12,13]
   61 | 0.01000 |   0.7425 |   78.51% |   82.56% |    1:03.02
      bandwidth/experts | c5:bw=92,experts=[0,1,2,4,5,6,10,13,15]; c6:bw=70,experts=[0,1,2,4,5,6,13]; c2:bw=55,experts=[4,5,6,12,13]; c9:bw=71,experts=[0,1,4,5,6,13,14]; c1:bw=63,experts=[0,1,4,6,8,13]; c3:bw=81,experts=[0,1,4,5,6,10,12,13]; c8:bw=104,experts=[0,1,2,4,5,6,8,11,12,13]; c4:bw=72,experts=[0,4,5,6,7,13,14]; c7:bw=82,experts=[0,1,4,5,6,9,12,13]; c0:bw=114,experts=[0,1,2,4,5,6,8,11,12,13,15]
   62 | 0.01000 |   0.7597 |   82.19% |   82.56% |    1:03.50
      bandwidth/experts | c8:bw=25,experts=[4,6]; c6:bw=118,experts=[0,1,2,4,5,6,8,11,12,13,15]; c9:bw=31,experts=[4,6,13]; c4:bw=114,experts=[0,1,2,4,5,6,7,9,12,13,15]; c5:bw=127,experts=[0,1,2,4,5,6,8,10,11,13,14,15]; c0:bw=53,experts=[0,4,5,6,13]; c3:bw=100,experts=[0,1,2,4,5,6,8,11,12,13]; c2:bw=79,experts=[0,2,4,5,6,12,13]; c1:bw=141,experts=[0,1,2,4,5,6,8,9,10,11,12,13,14,15]; c7:bw=84,experts=[0,1,2,4,5,6,12,13]
   63 | 0.01000 |   0.7392 |   81.07% |   82.56% |    1:02.94
      bandwidth/experts | c5:bw=17,experts=[4]; c9:bw=39,experts=[4,6,13]; c6:bw=64,experts=[0,1,2,4,6,13]; c3:bw=99,experts=[0,1,2,4,5,6,12,13,14]; c8:bw=60,experts=[0,4,5,6,12,13]; c1:bw=94,experts=[0,1,2,4,5,6,8,12,13]; c7:bw=129,experts=[0,1,2,4,5,6,8,9,10,12,13,15]; c0:bw=78,experts=[0,1,2,4,5,6,13]; c2:bw=53,experts=[4,5,6,12,13]; c4:bw=99,experts=[0,1,2,4,5,6,10,12,13]
   64 | 0.01000 |   0.7535 |   82.11% |   82.56% |    1:03.22
      bandwidth/experts | c6:bw=94,experts=[0,1,2,3,4,5,6,7,13]; c4:bw=71,experts=[0,1,3,4,5,6,13]; c5:bw=45,experts=[4,6,7,13]; c3:bw=71,experts=[0,3,4,5,6,7,13]; c7:bw=64,experts=[0,3,4,6,7,13]; c0:bw=60,experts=[1,3,4,6,7,13]; c8:bw=101,experts=[0,2,3,4,5,6,7,12,13,14]; c9:bw=112,experts=[0,1,2,3,4,5,6,7,12,13,14]; c2:bw=106,experts=[1,2,3,4,5,6,7,12,13,14]; c1:bw=54,experts=[3,4,6,7,13]
   65 | 0.01000 |   0.7364 |   80.50% |   82.56% |    1:03.12
      bandwidth/experts | c7:bw=17,experts=[4]; c5:bw=54,experts=[0,4,5,6,13]; c4:bw=108,experts=[0,1,2,4,5,6,7,12,13,15]; c6:bw=94,experts=[0,1,2,4,5,6,8,13,15]; c8:bw=124,experts=[0,1,2,4,5,6,8,9,11,12,13,15]; c3:bw=80,experts=[0,1,2,4,5,6,12,13]; c0:bw=78,experts=[0,1,2,4,5,6,13]; c2:bw=53,experts=[4,5,6,12,13]; c1:bw=109,experts=[0,1,2,4,5,6,8,12,13,15]; c9:bw=88,experts=[0,1,2,4,5,6,13,14]
   66 | 0.01000 |   0.7457 |   81.09% |   82.56% |    1:03.21
      bandwidth/experts | c2:bw=77,experts=[0,2,4,5,6,12,13]; c5:bw=32,experts=[4,6,13]; c1:bw=102,experts=[0,1,2,4,5,6,8,11,13,15]; c8:bw=46,experts=[4,5,6,13]; c9:bw=59,experts=[1,4,6,9,13]; c6:bw=56,experts=[1,4,6,9,13]; c4:bw=78,experts=[0,1,2,4,5,6,13]; c0:bw=72,experts=[0,1,2,4,5,6,13]; c3:bw=126,experts=[0,1,2,4,5,6,8,9,11,12,13,15]; c7:bw=95,experts=[0,1,2,4,5,6,8,10,13]
   67 | 0.01000 |   0.7294 |   80.84% |   82.56% |    1:03.40
      bandwidth/experts | c4:bw=97,experts=[0,1,2,4,5,6,12,13,14]; c5:bw=91,experts=[0,1,2,4,5,6,10,13,15]; c1:bw=69,experts=[0,1,2,4,6,13]; c3:bw=48,experts=[4,5,6,13]; c6:bw=100,experts=[0,1,2,4,5,6,8,11,13,15]; c0:bw=61,experts=[0,1,4,5,6,13]; c2:bw=81,experts=[0,2,4,5,6,8,12,13]; c9:bw=113,experts=[0,1,2,4,5,6,8,12,13,14,15]; c7:bw=111,experts=[0,1,2,4,5,6,8,9,11,12,13]; c8:bw=17,experts=[4]
   68 | 0.01000 |   0.7453 |   80.88% |   82.56% |    1:03.25
      bandwidth/experts | c1:bw=79,experts=[0,1,2,4,6,8,13]; c8:bw=59,experts=[4,5,6,12,13]; c2:bw=110,experts=[0,1,2,4,5,6,8,9,11,12,13]; c0:bw=57,experts=[0,4,5,6,13]; c3:bw=49,experts=[0,4,6,13]; c4:bw=93,experts=[0,1,4,5,6,8,11,12,13]; c5:bw=84,experts=[0,1,2,3,4,5,6,13]; c9:bw=29,experts=[4,6]; c7:bw=53,experts=[0,4,5,6,13]; c6:bw=60,experts=[0,1,4,5,6,13]
   69 | 0.01000 |   0.7290 |   81.24% |   82.56% |    1:03.59
      bandwidth/experts | c3:bw=78,experts=[0,1,4,5,6,12,13]; c7:bw=110,experts=[0,1,2,4,5,6,8,10,11,13,15]; c1:bw=59,experts=[0,2,4,6,13]; c4:bw=78,experts=[0,1,4,5,6,7,13]; c9:bw=67,experts=[0,1,4,5,6,13]; c5:bw=74,experts=[0,1,2,4,6,13,15]; c0:bw=99,experts=[0,1,2,4,5,6,10,13,15]; c2:bw=125,experts=[0,1,2,4,5,6,8,9,11,12,13,15]; c8:bw=79,experts=[0,2,4,5,6,12,13]; c6:bw=49,experts=[4,6,13,14]
   70 | 0.01000 |   0.7398 |   82.93% |   82.93% |    1:03.56
      bandwidth/experts | c1:bw=46,experts=[4,5,6,13]; c9:bw=10,experts=[10]; c7:bw=53,experts=[0,4,5,6,13]; c3:bw=60,experts=[0,1,4,5,6,13]; c0:bw=57,experts=[0,4,5,6,13]; c6:bw=49,experts=[1,4,6,13]; c2:bw=104,experts=[0,1,2,4,5,6,8,10,12,13]; c4:bw=109,experts=[0,1,2,4,5,6,7,12,13,15]; c5:bw=43,experts=[0,4,6,13]; c8:bw=91,experts=[0,1,2,4,5,6,11,12,13]
   71 | 0.01000 |   0.7259 |   78.80% |   82.93% |    1:03.54
      bandwidth/experts | c4:bw=80,experts=[0,1,4,5,6,7,12,13]; c0:bw=31,experts=[4,6,13]; c1:bw=99,experts=[0,1,2,4,5,6,8,13,15]; c9:bw=75,experts=[0,1,4,5,6,11,13]; c7:bw=39,experts=[4,6,13]; c5:bw=63,experts=[4,5,6,9,12,13]; c3:bw=116,experts=[0,1,2,4,5,6,8,9,11,12,13]; c6:bw=94,experts=[0,1,2,4,5,6,8,13,15]; c8:bw=73,experts=[2,4,5,6,10,12,13]; c2:bw=115,experts=[0,1,2,4,5,6,8,9,11,12,13]
   72 | 0.01000 |   0.7363 |   83.06% |   83.06% |    1:03.80
      bandwidth/experts | c8:bw=56,experts=[4,5,6,12,13]; c1:bw=75,experts=[0,1,2,4,5,6,13]; c5:bw=82,experts=[0,2,4,5,6,10,13,15]; c7:bw=91,experts=[0,1,2,4,5,6,9,11,13]; c6:bw=36,experts=[4,6,13]; c0:bw=99,experts=[0,1,2,4,5,6,8,13,15]; c3:bw=43,experts=[4,5,6,13]; c2:bw=43,experts=[4,6,12,13]; c9:bw=71,experts=[0,1,4,5,6,13,14]; c4:bw=74,experts=[0,1,4,5,6,12,13]
   73 | 0.01000 |   0.7296 |   80.25% |   83.06% |    1:03.67
      bandwidth/experts | c2:bw=89,experts=[0,1,2,4,5,6,12,13]; c8:bw=20,experts=[4,6]; c3:bw=75,experts=[0,1,4,5,6,12,13]; c1:bw=124,experts=[0,1,2,4,5,6,8,11,12,13,14,15]; c5:bw=32,experts=[4,6,13]; c9:bw=98,experts=[0,1,2,4,5,6,13,14,15]; c0:bw=53,experts=[4,6,9,13,14]; c7:bw=70,experts=[0,1,2,4,5,6,13]; c6:bw=37,experts=[4,6,13]; c4:bw=77,experts=[0,1,4,5,6,7,13]
   74 | 0.01000 |   0.7337 |   82.42% |   83.06% |    1:03.49
      bandwidth/experts | c3:bw=13,experts=[4]; c0:bw=75,experts=[0,1,2,4,5,6,13]; c1:bw=52,experts=[0,4,5,6,13]; c5:bw=95,experts=[0,1,2,4,5,6,10,13,15]; c7:bw=123,experts=[0,1,2,4,5,6,8,9,10,11,12,13]; c8:bw=53,experts=[4,5,6,12,13]; c6:bw=15,experts=[4]; c2:bw=11,experts=[4]; c4:bw=89,experts=[0,1,4,5,6,7,12,13]; c9:bw=60,experts=[0,1,4,5,6,13]
   75 | 0.01000 |   0.7247 |   80.41% |   83.06% |    1:03.65
      bandwidth/experts | c2:bw=75,experts=[0,2,4,5,6,12,13]; c9:bw=115,experts=[0,1,2,4,5,6,7,12,13,14,15]; c1:bw=102,experts=[0,1,2,4,5,6,8,11,13,15]; c3:bw=37,experts=[4,5,6]; c7:bw=54,experts=[0,4,5,6,13]; c6:bw=105,experts=[0,1,2,4,5,6,8,10,13,15]; c5:bw=59,experts=[2,4,5,6,13]; c4:bw=106,experts=[0,1,2,4,5,6,7,13,14,15]; c0:bw=114,experts=[0,1,2,4,5,6,8,11,13,14,15]; c8:bw=101,experts=[0,1,2,4,5,6,11,12,13,15]
   76 | 0.01000 |   0.7286 |   82.15% |   83.06% |    1:03.85
      bandwidth/experts | c8:bw=54,experts=[4,5,6,12,13]; c5:bw=70,experts=[0,1,2,4,5,6,13]; c0:bw=59,experts=[0,4,5,6,13]; c3:bw=28,experts=[4,6]; c2:bw=47,experts=[4,5,6,13]; c6:bw=44,experts=[0,4,6,13]; c7:bw=126,experts=[0,1,2,4,5,6,8,10,11,12,13,14]; c4:bw=114,experts=[0,1,2,4,5,6,9,10,12,13,15]; c9:bw=108,experts=[0,1,2,4,5,6,12,13,14,15]; c1:bw=101,experts=[0,1,2,4,5,6,8,11,13,15]
   77 | 0.01000 |   0.7243 |   81.20% |   83.06% |    1:03.27
      bandwidth/experts | c9:bw=55,experts=[0,1,4,6,13]; c2:bw=65,experts=[2,4,5,6,12,13]; c1:bw=118,experts=[0,1,2,4,5,6,8,11,12,13,15]; c8:bw=10,experts=[4]; c4:bw=10,experts=[4]; c7:bw=16,experts=[4]; c6:bw=107,experts=[0,1,2,4,5,6,8,11,13,15]; c0:bw=120,experts=[0,1,2,4,5,6,7,8,11,12,13,15]; c3:bw=76,experts=[0,1,4,5,6,10,13]; c5:bw=112,experts=[0,1,2,4,5,6,10,11,13,14,15]
   78 | 0.01000 |   0.7183 |   81.41% |   83.06% |    1:03.63
      bandwidth/experts | c0:bw=50,experts=[1,4,5,6,13]; c4:bw=43,experts=[0,4,6,13]; c3:bw=71,experts=[0,1,4,5,6,12,13]; c7:bw=68,experts=[0,1,4,5,6,13]; c8:bw=102,experts=[0,1,2,4,5,6,11,12,13,15]; c1:bw=77,experts=[0,1,4,6,9,10,13]; c9:bw=58,experts=[1,4,5,6,13]; c6:bw=109,experts=[0,1,2,4,5,6,8,12,13,15]; c5:bw=119,experts=[0,1,2,4,5,6,8,10,11,13,15]; c2:bw=65,experts=[2,4,5,6,12,13]
   79 | 0.01000 |   0.7223 |   81.86% |   83.06% |    1:03.56
      bandwidth/experts | c6:bw=40,experts=[0,4,6,13]; c9:bw=17,experts=[4]; c0:bw=68,experts=[0,1,4,5,6,13]; c4:bw=160,experts=[0,1,2,3,4,5,6,7,8,9,10,11,12,13,14,15]; c7:bw=86,experts=[0,1,2,4,5,6,8,13]; c8:bw=84,experts=[0,1,2,4,5,6,12,13]; c5:bw=100,experts=[0,1,2,4,5,6,10,13,14,15]; c3:bw=50,experts=[0,4,6,13,14]; c1:bw=70,experts=[0,1,2,4,6,8,13]; c2:bw=63,experts=[2,4,5,6,12,13]
   80 | 0.01000 |   0.7252 |   81.77% |   83.06% |    1:03.22
      bandwidth/experts | c5:bw=124,experts=[0,1,2,4,5,6,7,10,11,13,14,15]; c9:bw=99,experts=[0,1,3,4,5,6,12,13,14]; c7:bw=90,experts=[0,1,3,4,5,6,7,8,13]; c1:bw=58,experts=[3,4,6,7,13]; c3:bw=59,experts=[3,4,6,7,13]; c4:bw=108,experts=[0,1,4,5,6,7,9,12,13,14]; c2:bw=82,experts=[3,4,5,6,7,12,13,14]; c0:bw=90,experts=[0,1,2,3,4,5,6,8,13]; c6:bw=74,experts=[1,2,3,4,6,7,13]; c8:bw=97,experts=[2,3,4,5,6,7,12,13,14]
   81 | 0.01000 |   0.7191 |   82.15% |   83.06% |    1:03.35
      bandwidth/experts | c6:bw=97,experts=[0,1,2,4,5,6,8,13,15]; c2:bw=85,experts=[1,2,4,5,6,8,12,13]; c3:bw=126,experts=[0,1,2,4,5,6,8,9,11,12,13,15]; c1:bw=93,experts=[0,1,2,4,5,6,8,13,15]; c4:bw=79,experts=[0,1,4,5,6,12,13]; c5:bw=57,experts=[1,2,4,6,13]; c9:bw=50,experts=[1,4,5,6,13]; c7:bw=109,experts=[0,1,2,4,5,6,8,9,11,13]; c8:bw=90,experts=[1,2,4,5,6,8,9,12,13]; c0:bw=95,experts=[0,1,2,4,5,6,8,13,15]
   82 | 0.01000 |   0.7200 |   80.96% |   83.06% |    1:03.40
      bandwidth/experts | c1:bw=121,experts=[0,1,2,4,5,6,8,11,12,13,14,15]; c0:bw=57,experts=[0,1,4,6,13]; c6:bw=69,experts=[1,4,5,6,9,13]; c8:bw=109,experts=[1,2,4,5,6,8,9,11,12,13]; c7:bw=75,experts=[0,1,4,5,6,12,13]; c3:bw=74,experts=[0,1,4,5,6,12,13]; c2:bw=56,experts=[4,5,6,12,13]; c9:bw=105,experts=[0,1,2,4,5,6,9,13,14,15]; c5:bw=76,experts=[0,2,4,6,10,13,15]; c4:bw=56,experts=[0,4,5,6,13]
   83 | 0.01000 |   0.7203 |   82.37% |   83.06% |    1:03.24
      bandwidth/experts | c9:bw=97,experts=[0,1,2,4,5,6,8,13,14]; c4:bw=19,experts=[6]; c2:bw=77,experts=[0,2,4,5,6,12,13]; c7:bw=70,experts=[0,1,2,4,5,6,13]; c5:bw=10,experts=[4]; c0:bw=10,experts=[4]; c6:bw=100,experts=[0,1,2,4,5,6,8,11,13,15]; c1:bw=119,experts=[0,1,2,4,5,6,8,11,13,14,15]; c8:bw=74,experts=[0,2,4,5,6,12,13]; c3:bw=80,experts=[0,1,4,5,6,11,12,13]
   84 | 0.01000 |   0.7114 |   81.96% |   83.06% |    1:03.31
      bandwidth/experts | c8:bw=126,experts=[0,1,2,4,5,6,8,9,11,12,13,15]; c3:bw=61,experts=[0,1,4,5,6,13]; c1:bw=110,experts=[0,1,2,4,5,6,8,11,12,13,15]; c6:bw=10,experts=[4]; c9:bw=39,experts=[4,6,13]; c2:bw=69,experts=[1,4,5,6,12,13]; c7:bw=89,experts=[0,1,4,5,6,8,11,13]; c5:bw=38,experts=[3,4,6]; c4:bw=52,experts=[0,4,5,6,13]; c0:bw=19,experts=[4]
   85 | 0.01000 |   0.7124 |   82.79% |   83.06% |    1:03.23
      bandwidth/experts | c0:bw=72,experts=[0,1,4,5,6,10,13]; c2:bw=86,experts=[2,4,5,6,8,12,13,15]; c8:bw=132,experts=[0,1,2,4,5,6,8,9,11,12,13,14,15]; c6:bw=79,experts=[0,1,4,5,6,13,14]; c1:bw=107,experts=[0,1,2,4,5,6,8,11,13,15]; c4:bw=79,experts=[0,4,5,6,12,13,14]; c9:bw=109,experts=[0,1,2,4,5,6,12,13,14,15]; c3:bw=97,experts=[0,1,2,4,5,6,11,12,13]; c5:bw=23,experts=[4,6]; c7:bw=21,experts=[4,15]
   86 | 0.01000 |   0.7070 |   81.64% |   83.06% |    1:03.05
      bandwidth/experts | c5:bw=90,experts=[0,1,2,4,5,6,10,13,15]; c8:bw=53,experts=[4,5,6,12,13]; c2:bw=45,experts=[4,6,10,13]; c6:bw=104,experts=[0,1,2,4,5,6,8,11,13,15]; c0:bw=56,experts=[1,4,5,6,13]; c4:bw=35,experts=[4,6,13]; c7:bw=83,experts=[0,1,2,4,6,8,10,13]; c3:bw=52,experts=[0,1,4,6,13]; c1:bw=136,experts=[0,1,2,4,5,6,8,9,10,11,13,14,15]; c9:bw=81,experts=[0,1,4,5,6,10,13,14]
   87 | 0.01000 |   0.7119 |   83.00% |   83.06% |    1:03.29
      bandwidth/experts | c1:bw=55,experts=[0,1,4,6,13]; c2:bw=127,experts=[0,1,2,4,5,6,8,9,11,12,13,15]; c7:bw=42,experts=[0,4,6,13]; c5:bw=10,experts=[9]; c6:bw=113,experts=[0,1,2,4,5,6,8,11,12,13,15]; c3:bw=128,experts=[0,1,2,4,5,6,8,9,10,11,12,13]; c4:bw=64,experts=[0,4,5,6,12,13]; c9:bw=71,experts=[0,1,4,5,6,11,13]; c8:bw=87,experts=[0,1,4,5,6,10,12,13]; c0:bw=66,experts=[0,1,4,5,6,13]
   88 | 0.01000 |   0.7090 |   81.74% |   83.06% |    1:03.33
      bandwidth/experts | c8:bw=81,experts=[0,1,2,4,5,6,12,13]; c6:bw=51,experts=[0,1,4,6,13]; c3:bw=62,experts=[0,1,4,5,6,13]; c7:bw=78,experts=[0,2,4,5,6,10,13]; c0:bw=117,experts=[0,1,2,4,5,6,8,11,12,13,15]; c4:bw=71,experts=[0,4,5,6,7,13,14]; c9:bw=58,experts=[1,4,5,6,13]; c1:bw=53,experts=[0,1,4,6,13]; c5:bw=57,experts=[0,4,6,12,13]; c2:bw=86,experts=[0,1,2,4,5,6,12,13]
   89 | 0.01000 |   0.7085 |   82.59% |   83.06% |    1:03.22
      bandwidth/experts | c3:bw=58,experts=[0,4,5,6,13]; c8:bw=139,experts=[0,1,2,4,5,6,8,9,11,12,13,14,15]; c2:bw=84,experts=[0,2,4,5,6,8,12,13]; c9:bw=114,experts=[0,1,2,4,5,6,7,12,13,14,15]; c7:bw=40,experts=[0,4,6,13]; c5:bw=86,experts=[0,1,2,4,6,10,13,15]; c0:bw=24,experts=[4,9]; c6:bw=60,experts=[0,1,2,4,6,13]; c4:bw=58,experts=[0,4,5,6,13]; c1:bw=77,experts=[0,1,2,4,6,8,13]
   90 | 0.01000 |   0.6997 |   82.51% |   83.06% |    1:03.20
      bandwidth/experts | c7:bw=135,experts=[0,1,2,4,5,6,8,9,10,11,12,13,15]; c1:bw=58,experts=[1,2,4,6,13]; c3:bw=68,experts=[0,1,4,5,6,13]; c9:bw=120,experts=[0,1,2,4,5,6,7,11,12,13,14,15]; c0:bw=121,experts=[0,1,2,4,5,6,8,11,12,13,14,15]; c6:bw=49,experts=[1,4,6,13]; c2:bw=40,experts=[4,6,12,13]; c5:bw=51,experts=[1,2,4,6,13]; c8:bw=95,experts=[0,1,2,4,5,6,8,12,13]; c4:bw=67,experts=[0,4,5,6,12,13]
   91 | 0.01000 |   0.7098 |   83.38% |   83.38% |    1:03.18
      bandwidth/experts | c1:bw=94,experts=[0,1,2,4,5,6,8,13,15]; c9:bw=66,experts=[0,1,4,5,6,13]; c5:bw=98,experts=[0,1,2,4,5,6,10,13,15]; c7:bw=97,experts=[0,1,2,4,5,6,8,12,13]; c3:bw=75,experts=[0,1,4,5,6,12,13]; c4:bw=102,experts=[0,1,2,4,5,6,7,12,13,14]; c0:bw=42,experts=[1,4,6,13]; c6:bw=55,experts=[1,4,6,10,13]; c2:bw=21,experts=[4,6]; c8:bw=43,experts=[4,5,6,13]
   92 | 0.01000 |   0.7003 |   81.44% |   83.38% |    1:03.19
      bandwidth/experts | c3:bw=54,experts=[0,1,4,6,13]; c7:bw=64,experts=[0,4,5,6,13,14]; c1:bw=37,experts=[4,6,13]; c0:bw=56,experts=[0,4,5,6,13]; c8:bw=36,experts=[4,6,13]; c6:bw=86,experts=[0,1,2,4,5,6,13,15]; c9:bw=105,experts=[0,1,2,4,5,6,12,13,14,15]; c2:bw=47,experts=[4,5,6,13]; c5:bw=124,experts=[0,1,2,4,5,6,9,10,11,13,14,15]; c4:bw=50,experts=[0,4,5,6,13]
   93 | 0.01000 |   0.7115 |   83.87% |   83.87% |    1:02.90
      bandwidth/experts | c1:bw=89,experts=[0,1,2,4,5,6,8,13]; c3:bw=59,experts=[0,4,5,6,13]; c7:bw=42,experts=[0,4,6,13]; c9:bw=109,experts=[0,1,2,4,5,6,12,13,14,15]; c6:bw=42,experts=[1,4,6,13]; c8:bw=10,experts=[4]; c5:bw=15,experts=[4]; c4:bw=60,experts=[0,1,4,5,6,13]; c0:bw=35,experts=[4,6,7]; c2:bw=96,experts=[0,1,2,4,5,6,8,12,13]
   94 | 0.01000 |   0.7003 |   81.61% |   83.87% |    1:03.03
      bandwidth/experts | c7:bw=84,experts=[0,1,2,4,5,6,10,13]; c2:bw=122,experts=[0,1,2,4,5,6,8,9,11,12,13,15]; c5:bw=77,experts=[1,2,4,6,8,10,13]; c4:bw=59,experts=[0,4,5,6,13]; c6:bw=57,experts=[1,4,5,6,13]; c9:bw=95,experts=[0,1,2,4,5,6,13,14,15]; c1:bw=133,experts=[0,1,2,4,5,6,8,10,11,12,13,14,15]; c8:bw=14,experts=[4]; c0:bw=105,experts=[0,1,2,4,5,6,8,11,13,15]; c3:bw=64,experts=[0,1,4,5,6,13]
   95 | 0.01000 |   0.7078 |   82.85% |   83.87% |    1:03.10
      bandwidth/experts | c7:bw=112,experts=[0,1,2,4,5,6,8,10,11,12,13]; c9:bw=80,experts=[0,1,2,4,5,6,13,14]; c4:bw=29,experts=[3,8]; c6:bw=76,experts=[0,1,2,4,5,6,13]; c0:bw=66,experts=[0,1,4,5,6,13]; c3:bw=77,experts=[0,1,4,5,6,13,14]; c1:bw=59,experts=[0,4,5,6,13]; c8:bw=143,experts=[0,1,2,4,5,6,8,9,10,11,12,13,14,15]; c2:bw=43,experts=[4,6,12,13]; c5:bw=16,experts=[4]
   96 | 0.01000 |   0.6941 |   80.99% |   83.87% |    1:03.20
      bandwidth/experts | c2:bw=122,experts=[0,1,2,3,4,5,6,7,11,12,13,14]; c9:bw=83,experts=[0,1,3,4,5,6,13,14]; c3:bw=86,experts=[0,3,4,5,6,7,12,13]; c1:bw=68,experts=[1,3,4,6,7,13]; c5:bw=113,experts=[0,1,2,4,5,6,7,10,13,14,15]; c4:bw=92,experts=[0,4,5,6,9,10,11,13,15]; c6:bw=59,experts=[3,4,6,7,13]; c7:bw=95,experts=[0,1,3,4,5,6,7,8,13]; c0:bw=68,experts=[0,1,3,4,6,13]; c8:bw=122,experts=[0,1,2,3,4,5,6,7,8,11,12,13]
   97 | 0.01000 |   0.6997 |   83.35% |   83.87% |    1:02.77
      bandwidth/experts | c0:bw=77,experts=[0,1,2,4,5,6,13]; c9:bw=82,experts=[0,1,2,4,5,6,13,14]; c8:bw=81,experts=[1,2,4,5,6,8,12,13]; c4:bw=31,experts=[4,6,13]; c7:bw=57,experts=[0,4,6,12,13]; c1:bw=95,experts=[0,1,2,4,5,6,8,13,15]; c3:bw=66,experts=[0,4,6,12,13,15]; c5:bw=88,experts=[1,2,4,5,6,10,13,15]; c6:bw=95,experts=[0,1,2,4,5,6,8,13,15]; c2:bw=102,experts=[0,1,2,4,5,6,8,9,12,13]
   98 | 0.01000 |   0.6945 |   81.87% |   83.87% |    1:03.79
      bandwidth/experts | c4:bw=98,experts=[0,1,4,5,6,7,12,13,14]; c8:bw=101,experts=[0,1,2,4,5,6,11,12,13,15]; c9:bw=51,experts=[1,4,6,9,13]; c7:bw=45,experts=[0,4,6,13]; c6:bw=69,experts=[1,2,4,6,9,13]; c5:bw=93,experts=[0,1,2,4,5,6,10,13,15]; c0:bw=63,experts=[0,1,4,5,6,13]; c3:bw=48,experts=[0,4,6,13]; c1:bw=49,experts=[0,4,6,13]; c2:bw=46,experts=[4,6,12,13]
   99 | 0.01000 |   0.6993 |   82.73% |   83.87% |    1:02.75
      bandwidth/experts | c8:bw=64,experts=[2,4,5,6,12,13]; c5:bw=93,experts=[0,1,2,4,5,6,10,13,15]; c7:bw=86,experts=[0,1,4,5,6,8,12,13]; c1:bw=112,experts=[0,1,2,4,5,6,8,11,13,14,15]; c3:bw=71,experts=[0,1,4,5,6,12,13]; c9:bw=39,experts=[4,6,8]; c4:bw=46,experts=[0,4,6,13]; c0:bw=76,experts=[0,1,2,4,5,6,13]; c2:bw=58,experts=[0,4,5,6,13]; c6:bw=66,experts=[0,1,4,5,6,13]
  100 | 0.01000 |   0.6968 |   82.66% |   83.87% |    1:02.85
      bandwidth/experts | c2:bw=57,experts=[4,5,6,12,13]; c8:bw=84,experts=[2,4,5,6,11,12,13,15]; c9:bw=100,experts=[0,1,2,4,5,6,12,13,14,15]; c5:bw=35,experts=[3,4,6]; c6:bw=83,experts=[0,1,2,4,5,6,8,13]; c1:bw=33,experts=[4,6,13]; c4:bw=123,experts=[0,1,4,5,6,7,9,10,12,13,14,15]; c7:bw=13,experts=[4]; c3:bw=78,experts=[0,4,5,6,11,12,13]; c0:bw=122,experts=[0,1,2,4,5,6,7,8,11,12,13,15]

Done. Best Acc: 83.87% @ round 93
Total time: 1:46:23.46
[Export] 实验目录: /userhome/cs3/duanty/FedMoE/results/c10-e16-w1-ours/20260919-090413
[Export] 每轮明细: /userhome/cs3/duanty/FedMoE/results/c10-e16-w1-ours/20260919-090413/rounds.xlsx
[Export] 总体摘要: /userhome/cs3/duanty/FedMoE/results/c10-e16-w1-ours/20260919-090413/summary.xlsx
[Plot] result = /userhome/cs3/duanty/FedMoE/results/c10-e16-w1-ours/20260919-090413
[Plot] figures -> /userhome/cs3/duanty/FedMoE/results/c10-e16-w1-ours/20260919-090413/figure
  fig01_test_accuracy.pdf
  fig02_train_loss.pdf
  fig03_acc_and_loss.pdf
  fig04_bandwidth_and_k.pdf
  fig05_expert_round_heatmap.pdf
  fig06_client_expert_heatmap.pdf
  fig07_expert_frequency.pdf
  fig08_time_breakdown.pdf
  fig09_accuracy_vs_communication.pdf
  fig10_overview.pdf
[Export] 图片目录: /userhome/cs3/duanty/FedMoE/results/c10-e16-w1-ours/20260919-090413/figure
