========================================
Job    : c10-vgg11-e8-ours
Host   : gpu-4090-103
Date   : Sun Sep 20 04:04:31 HKT 2026
GPU    : 0
Python : /userhome/cs3/duanty/miniconda3/envs/moe/bin/python
Command: python -u main.py --method ours --dataset cifar10 --backbone vgg11 --select ours --merge ours --device cuda --num_experts 8
========================================

==================================================================
 Ours  
  Dataset=cifar10 | beta=0.1 | Backbone=vgg11 | width_mult=1 | Clients=10 | Experts=8
  Select=ours | Merge=ours
  Expert refresh N_ref=8
  Rounds=100 | LR=0.01
  Bandwidth: expert_bw=10 | bw=[10, 40] | Rayleigh-Shannon, SNR=10 dB | k=floor(bw/10)
==================================================================


[Partition] Dirichlet beta=0.1, 10 clients
  Client 0:   6071 samples | 3/10 classes
  Client 1:  18481 samples | 7/10 classes
  Client 2:    174 samples | 3/10 classes
  Client 3:    462 samples | 3/10 classes
  Client 4:   2759 samples | 3/10 classes
  Client 5:   5740 samples | 7/10 classes
  Client 6:   1703 samples | 4/10 classes
  Client 7:   3407 samples | 7/10 classes
  Client 8:   6483 samples | 7/10 classes
  Client 9:   4720 samples | 10/10 classes

[Upload] expert_bw=10 | available bw=[10, 40] | Rayleigh-Shannon, SNR=10 dB | upload k=floor(bw/10), cap=8 | probe gate scores, refresh stale experts, then train selected

[Model] Total params: 11,369,616

[Export] 本次实验目录: /userhome/cs3/duanty/FedMoE/results/20260920-040439

Round |      LR |  AvgLoss |  TestAcc |     Best |  RoundTime
--------------------------------------------------------------------------------
    1 | 0.00208 |   1.4418 |   23.92% |   23.92% |    0:44.80
      bandwidth/experts | c8:bw=31,experts=[0,2,3]; c1:bw=16,experts=[3]; c5:bw=25,experts=[2,3]; c0:bw=10,experts=[3]; c7:bw=11,experts=[3]; c2:bw=16,experts=[3]; c9:bw=25,experts=[2,3]; c4:bw=22,experts=[2,3]; c3:bw=28,experts=[2,3]; c6:bw=23,experts=[2,3]
    2 | 0.00406 |   1.2539 |   36.41% |   36.41% |    0:40.79
      bandwidth/experts | c0:bw=20,experts=[2,3]; c1:bw=23,experts=[2,3]; c8:bw=27,experts=[2,3]; c5:bw=38,experts=[0,2,3]; c3:bw=37,experts=[0,2,3]; c4:bw=17,experts=[3]; c7:bw=31,experts=[0,2,3]; c9:bw=26,experts=[2,3]; c6:bw=10,experts=[3]; c2:bw=12,experts=[3]
    3 | 0.00604 |   1.1487 |   40.51% |   40.51% |    0:40.81
      bandwidth/experts | c9:bw=26,experts=[2,3]; c2:bw=23,experts=[2,3]; c0:bw=28,experts=[2,3]; c6:bw=22,experts=[2,3]; c8:bw=17,experts=[3]; c5:bw=10,experts=[3]; c3:bw=14,experts=[3]; c7:bw=18,experts=[3]; c1:bw=10,experts=[3]; c4:bw=29,experts=[2,3]
    4 | 0.00802 |   1.1007 |   43.67% |   43.67% |    0:41.19
      bandwidth/experts | c1:bw=22,experts=[2,3]; c7:bw=25,experts=[2,3]; c6:bw=29,experts=[2,3]; c2:bw=33,experts=[0,2,3]; c8:bw=17,experts=[3]; c0:bw=33,experts=[0,2,3]; c3:bw=19,experts=[3]; c4:bw=31,experts=[0,2,3]; c5:bw=40,experts=[0,1,2,3]; c9:bw=12,experts=[3]
    5 | 0.01000 |   1.0895 |   45.87% |   45.87% |    0:41.44
      bandwidth/experts | c1:bw=11,experts=[3]; c5:bw=22,experts=[2,3]; c4:bw=27,experts=[2,3]; c8:bw=20,experts=[2,3]; c0:bw=28,experts=[2,3]; c7:bw=14,experts=[3]; c6:bw=29,experts=[2,3]; c3:bw=35,experts=[0,2,3]; c2:bw=10,experts=[3]; c9:bw=35,experts=[0,2,3]
    6 | 0.01000 |   1.0600 |   50.46% |   50.46% |    0:41.43
      bandwidth/experts | c8:bw=37,experts=[0,2,3]; c2:bw=23,experts=[2,3]; c5:bw=15,experts=[3]; c7:bw=32,experts=[0,2,3]; c3:bw=20,experts=[2,3]; c1:bw=18,experts=[3]; c9:bw=27,experts=[2,3]; c0:bw=17,experts=[3]; c4:bw=10,experts=[3]; c6:bw=11,experts=[3]
    7 | 0.01000 |   1.0491 |   51.53% |   51.53% |    0:41.50
      bandwidth/experts | c0:bw=20,experts=[2,3]; c5:bw=27,experts=[2,3]; c2:bw=22,experts=[2,3]; c6:bw=10,experts=[3]; c3:bw=15,experts=[3]; c7:bw=17,experts=[3]; c4:bw=10,experts=[3]; c1:bw=10,experts=[3]; c8:bw=32,experts=[0,2,3]; c9:bw=10,experts=[3]
    8 | 0.01000 |   1.2746 |   50.50% |   51.53% |    0:42.42
      bandwidth/experts | c4:bw=10,experts=[1]; c8:bw=20,experts=[1,4]; c1:bw=32,experts=[0,1,4]; c3:bw=21,experts=[1,4]; c0:bw=18,experts=[1]; c5:bw=16,experts=[4]; c2:bw=30,experts=[1,4,5]; c9:bw=33,experts=[1,4,5]; c7:bw=10,experts=[1]; c6:bw=23,experts=[0,1]
    9 | 0.01000 |   1.2118 |   52.48% |   52.48% |    0:41.59
      bandwidth/experts | c2:bw=12,experts=[6]; c0:bw=29,experts=[4,5]; c4:bw=33,experts=[4,5,6]; c9:bw=15,experts=[6]; c8:bw=10,experts=[5]; c6:bw=17,experts=[4]; c7:bw=25,experts=[4,5]; c5:bw=29,experts=[5,6]; c1:bw=10,experts=[5]; c3:bw=13,experts=[5]
   10 | 0.01000 |   1.0509 |   53.34% |   53.34% |    0:41.88
      bandwidth/experts | c4:bw=20,experts=[3,7]; c2:bw=19,experts=[7]; c7:bw=21,experts=[6,7]; c0:bw=33,experts=[3,6,7]; c6:bw=36,experts=[5,6,7]; c3:bw=26,experts=[6,7]; c5:bw=32,experts=[2,3,7]; c8:bw=20,experts=[6,7]; c9:bw=20,experts=[3,7]; c1:bw=23,experts=[6,7]
   11 | 0.01000 |   0.9630 |   49.81% |   53.34% |    0:42.49
      bandwidth/experts | c5:bw=15,experts=[3]; c2:bw=15,experts=[3]; c7:bw=24,experts=[2,3]; c3:bw=28,experts=[2,3]; c0:bw=16,experts=[3]; c8:bw=22,experts=[2,3]; c9:bw=18,experts=[3]; c6:bw=31,experts=[0,2,3]; c1:bw=22,experts=[2,3]; c4:bw=10,experts=[3]
   12 | 0.01000 |   1.0545 |   62.20% |   62.20% |    0:41.17
      bandwidth/experts | c1:bw=24,experts=[2,3]; c5:bw=31,experts=[0,1,3]; c2:bw=32,experts=[0,2,3]; c4:bw=16,experts=[0]; c3:bw=19,experts=[3]; c7:bw=16,experts=[3]; c9:bw=23,experts=[2,3]; c6:bw=16,experts=[3]; c8:bw=31,experts=[2,3,7]; c0:bw=27,experts=[0,3]
   13 | 0.01000 |   1.0324 |   52.82% |   62.20% |    0:43.57
      bandwidth/experts | c3:bw=17,experts=[0]; c1:bw=26,experts=[2,3]; c4:bw=10,experts=[2]; c5:bw=16,experts=[3]; c8:bw=10,experts=[3]; c6:bw=20,experts=[2,3]; c9:bw=10,experts=[0]; c7:bw=32,experts=[0,2,3]; c0:bw=14,experts=[3]; c2:bw=10,experts=[3]
   14 | 0.01000 |   0.9946 |   66.31% |   66.31% |    0:40.20
      bandwidth/experts | c2:bw=25,experts=[2,3]; c4:bw=10,experts=[3]; c5:bw=36,experts=[0,2,3]; c1:bw=21,experts=[2,3]; c7:bw=14,experts=[3]; c0:bw=14,experts=[3]; c9:bw=18,experts=[3]; c3:bw=25,experts=[2,3]; c8:bw=12,experts=[3]; c6:bw=37,experts=[0,2,3]
   15 | 0.01000 |   0.9487 |   55.21% |   66.31% |    0:41.36
      bandwidth/experts | c7:bw=33,experts=[2,3,7]; c0:bw=11,experts=[2]; c1:bw=10,experts=[3]; c8:bw=29,experts=[0,3]; c3:bw=10,experts=[3]; c2:bw=29,experts=[2,3]; c4:bw=26,experts=[2,3]; c5:bw=10,experts=[3]; c9:bw=11,experts=[3]; c6:bw=18,experts=[3]
   16 | 0.01000 |   1.0031 |   37.08% |   66.31% |    0:41.58
      bandwidth/experts | c6:bw=22,experts=[1,3]; c1:bw=16,experts=[0]; c3:bw=24,experts=[1,4]; c8:bw=27,experts=[1,4]; c7:bw=12,experts=[1]; c5:bw=22,experts=[3,4]; c4:bw=20,experts=[1,3]; c9:bw=13,experts=[1]; c0:bw=32,experts=[1,2,3]; c2:bw=29,experts=[1,4]
   17 | 0.01000 |   1.0350 |   41.46% |   66.31% |    0:41.18
      bandwidth/experts | c4:bw=32,experts=[4,5,6]; c7:bw=14,experts=[4]; c8:bw=10,experts=[5]; c3:bw=29,experts=[3,5]; c5:bw=10,experts=[5]; c1:bw=16,experts=[1]; c0:bw=10,experts=[4]; c2:bw=11,experts=[5]; c9:bw=21,experts=[4,5]; c6:bw=21,experts=[3,4]
   18 | 0.01000 |   0.9766 |   27.64% |   66.31% |    0:41.69
      bandwidth/experts | c1:bw=10,experts=[4]; c8:bw=10,experts=[6]; c5:bw=19,experts=[6]; c2:bw=21,experts=[6,7]; c9:bw=10,experts=[6]; c7:bw=30,experts=[2,5,6]; c4:bw=31,experts=[2,3,7]; c3:bw=21,experts=[6,7]; c0:bw=27,experts=[5,6]; c6:bw=17,experts=[5]
   19 | 0.01000 |   1.1360 |   50.52% |   66.31% |    0:41.63
      bandwidth/experts | c8:bw=31,experts=[1,2,3]; c0:bw=23,experts=[3,7]; c4:bw=28,experts=[2,3]; c1:bw=26,experts=[5,6]; c9:bw=21,experts=[2,7]; c5:bw=16,experts=[7]; c7:bw=12,experts=[2]; c2:bw=10,experts=[2]; c6:bw=36,experts=[3,6,7]; c3:bw=22,experts=[2,3]
   20 | 0.01000 |   0.9475 |   60.66% |   66.31% |    0:42.52
      bandwidth/experts | c0:bw=15,experts=[0]; c2:bw=23,experts=[0,2]; c1:bw=22,experts=[2,7]; c9:bw=10,experts=[2]; c7:bw=24,experts=[2,3]; c6:bw=38,experts=[0,2,3]; c3:bw=10,experts=[2]; c5:bw=10,experts=[1]; c4:bw=33,experts=[0,2,3]; c8:bw=28,experts=[2,7]
   21 | 0.01000 |   0.9333 |   64.41% |   66.31% |    0:40.12
      bandwidth/experts | c1:bw=23,experts=[2,3]; c2:bw=22,experts=[2,3]; c7:bw=10,experts=[0]; c4:bw=26,experts=[2,3]; c8:bw=10,experts=[2]; c5:bw=18,experts=[2]; c0:bw=37,experts=[2,3,6]; c3:bw=10,experts=[0]; c6:bw=10,experts=[2]; c9:bw=14,experts=[0]
   22 | 0.01000 |   0.9152 |   63.66% |   66.31% |    0:39.86
      bandwidth/experts | c7:bw=10,experts=[2]; c9:bw=18,experts=[2]; c1:bw=10,experts=[2]; c6:bw=34,experts=[2,3,7]; c5:bw=10,experts=[0]; c2:bw=37,experts=[2,3,7]; c0:bw=37,experts=[2,3,6]; c4:bw=20,experts=[2,3]; c3:bw=31,experts=[2,3,7]; c8:bw=18,experts=[2]
   23 | 0.01000 |   0.8987 |   63.17% |   66.31% |    0:40.02
      bandwidth/experts | c5:bw=29,experts=[2,3]; c7:bw=10,experts=[7]; c4:bw=31,experts=[1,2,3]; c6:bw=10,experts=[2]; c9:bw=28,experts=[2,3]; c8:bw=19,experts=[0]; c3:bw=10,experts=[2]; c1:bw=34,experts=[2,3,7]; c2:bw=18,experts=[2]; c0:bw=10,experts=[2]
   24 | 0.01000 |   0.9983 |   58.21% |   66.31% |    0:40.01
      bandwidth/experts | c6:bw=17,experts=[1]; c4:bw=10,experts=[2]; c7:bw=10,experts=[1]; c9:bw=28,experts=[1,2]; c2:bw=24,experts=[1,4]; c1:bw=10,experts=[0]; c5:bw=14,experts=[4]; c8:bw=10,experts=[4]; c3:bw=10,experts=[1]; c0:bw=17,experts=[1]
   25 | 0.01000 |   0.9637 |   55.30% |   66.31% |    0:40.14
      bandwidth/experts | c9:bw=22,experts=[4,5]; c6:bw=10,experts=[4]; c4:bw=32,experts=[4,5,6]; c3:bw=10,experts=[4]; c5:bw=35,experts=[2,3,5]; c1:bw=27,experts=[1,2]; c8:bw=30,experts=[2,3,5]; c2:bw=10,experts=[5]; c0:bw=31,experts=[2,3,4]; c7:bw=22,experts=[2,4]
   26 | 0.01000 |   1.0480 |   56.87% |   66.31% |    0:39.98
      bandwidth/experts | c3:bw=25,experts=[5,6]; c6:bw=19,experts=[5]; c9:bw=28,experts=[2,6]; c7:bw=17,experts=[5]; c1:bw=18,experts=[4]; c5:bw=11,experts=[6]; c2:bw=17,experts=[6]; c8:bw=30,experts=[2,3,6]; c0:bw=10,experts=[5]; c4:bw=26,experts=[2,7]
   27 | 0.01000 |   0.8237 |   58.83% |   66.31% |    0:40.28
      bandwidth/experts | c7:bw=29,experts=[2,6]; c1:bw=34,experts=[2,5,6]; c4:bw=10,experts=[2]; c0:bw=20,experts=[2,7]; c9:bw=10,experts=[7]; c2:bw=11,experts=[2]; c8:bw=31,experts=[1,2,3]; c3:bw=12,experts=[2]; c6:bw=35,experts=[2,3,6]; c5:bw=20,experts=[2,7]
   28 | 0.01000 |   1.0114 |   64.43% |   66.31% |    0:40.16
      bandwidth/experts | c6:bw=16,experts=[0]; c9:bw=27,experts=[2,3]; c0:bw=26,experts=[0,2]; c8:bw=16,experts=[7]; c2:bw=10,experts=[0]; c5:bw=18,experts=[1]; c1:bw=14,experts=[2]; c3:bw=10,experts=[2]; c4:bw=10,experts=[0]; c7:bw=10,experts=[3]
   29 | 0.01000 |   0.8833 |   68.66% |   68.66% |    0:40.14
      bandwidth/experts | c4:bw=21,experts=[2,3]; c0:bw=24,experts=[2,3]; c1:bw=18,experts=[2]; c9:bw=24,experts=[0,2]; c6:bw=24,experts=[2,3]; c8:bw=19,experts=[2]; c7:bw=12,experts=[0]; c3:bw=18,experts=[0]; c2:bw=10,experts=[2]; c5:bw=19,experts=[2]
   30 | 0.01000 |   0.9240 |   65.04% |   68.66% |    0:40.24
      bandwidth/experts | c5:bw=34,experts=[0,2,3]; c1:bw=20,experts=[2,3]; c9:bw=30,experts=[1,2,3]; c4:bw=29,experts=[2,3]; c0:bw=10,experts=[6]; c8:bw=23,experts=[2,3]; c6:bw=10,experts=[7]; c7:bw=10,experts=[2]; c3:bw=33,experts=[2,3,7]; c2:bw=15,experts=[3]
   31 | 0.01000 |   0.8856 |   72.20% |   72.20% |    0:40.26
      bandwidth/experts | c6:bw=16,experts=[2]; c4:bw=11,experts=[1]; c9:bw=25,experts=[2,3]; c1:bw=17,experts=[7]; c5:bw=34,experts=[0,2,3]; c8:bw=18,experts=[0]; c3:bw=13,experts=[2]; c2:bw=10,experts=[7]; c0:bw=26,experts=[2,3]; c7:bw=35,experts=[2,3,7]
   32 | 0.01000 |   0.8655 |   64.02% |   72.20% |    0:40.42
      bandwidth/experts | c8:bw=12,experts=[4]; c5:bw=20,experts=[2,4]; c4:bw=27,experts=[2,3]; c7:bw=26,experts=[1,2]; c0:bw=25,experts=[1,2]; c1:bw=12,experts=[0]; c3:bw=16,experts=[1]; c6:bw=15,experts=[1]; c2:bw=30,experts=[1,2,4]; c9:bw=17,experts=[2]
   33 | 0.01000 |   0.8776 |   56.21% |   72.20% |    0:40.17
      bandwidth/experts | c7:bw=29,experts=[2,4]; c1:bw=19,experts=[1]; c3:bw=39,experts=[2,3,4]; c6:bw=20,experts=[2,4]; c5:bw=16,experts=[5]; c9:bw=23,experts=[4,5]; c2:bw=13,experts=[5]; c8:bw=28,experts=[2,5]; c4:bw=25,experts=[4,5]; c0:bw=35,experts=[2,3,4]
   34 | 0.01000 |   0.8096 |   59.28% |   72.20% |    0:40.20
      bandwidth/experts | c4:bw=26,experts=[6,7]; c1:bw=26,experts=[2,4]; c6:bw=27,experts=[2,5]; c9:bw=38,experts=[2,3,6]; c8:bw=23,experts=[2,6]; c0:bw=12,experts=[5]; c5:bw=33,experts=[2,3,6]; c7:bw=18,experts=[5]; c3:bw=40,experts=[2,3,5,6]; c2:bw=30,experts=[2,3,6]
   35 | 0.01000 |   0.9442 |   62.21% |   72.20% |    0:40.15
      bandwidth/experts | c4:bw=18,experts=[2]; c0:bw=11,experts=[7]; c1:bw=17,experts=[5]; c6:bw=24,experts=[2,6]; c2:bw=25,experts=[2,3]; c8:bw=28,experts=[1,2]; c9:bw=15,experts=[7]; c7:bw=27,experts=[2,6]; c5:bw=23,experts=[2,7]; c3:bw=13,experts=[2]
   36 | 0.01000 |   0.7956 |   62.36% |   72.20% |    0:42.32
      bandwidth/experts | c9:bw=21,experts=[2,3]; c0:bw=20,experts=[0,2]; c3:bw=33,experts=[2,3,7]; c7:bw=15,experts=[3]; c6:bw=24,experts=[0,2]; c5:bw=27,experts=[1,2]; c1:bw=10,experts=[6]; c4:bw=40,experts=[0,2,3,7]; c8:bw=28,experts=[2,7]; c2:bw=28,experts=[0,2]
   37 | 0.01000 |   0.8423 |   72.37% |   72.37% |    0:42.21
      bandwidth/experts | c1:bw=10,experts=[2]; c5:bw=22,experts=[2,3]; c2:bw=20,experts=[2,3]; c6:bw=36,experts=[2,3,7]; c4:bw=22,experts=[2,3]; c7:bw=23,experts=[0,2]; c9:bw=22,experts=[0,2]; c0:bw=30,experts=[2,3,7]; c3:bw=20,experts=[0,2]; c8:bw=10,experts=[2]
   38 | 0.01000 |   0.8154 |   73.62% |   73.62% |    0:41.08
      bandwidth/experts | c8:bw=25,experts=[2,3]; c6:bw=10,experts=[2]; c4:bw=29,experts=[2,3]; c1:bw=17,experts=[3]; c5:bw=10,experts=[2]; c2:bw=10,experts=[2]; c3:bw=21,experts=[2,3]; c7:bw=28,experts=[2,3]; c9:bw=14,experts=[1]; c0:bw=22,experts=[2,6]
   39 | 0.01000 |   0.7998 |   70.03% |   73.62% |    0:41.77
      bandwidth/experts | c3:bw=14,experts=[2]; c0:bw=10,experts=[2]; c1:bw=25,experts=[2,7]; c7:bw=22,experts=[2,7]; c6:bw=17,experts=[2]; c8:bw=25,experts=[0,2]; c2:bw=20,experts=[2,7]; c4:bw=20,experts=[1,2]; c9:bw=13,experts=[2]; c5:bw=40,experts=[0,2,3,4]
   40 | 0.01000 |   0.8287 |   73.09% |   73.62% |    0:42.18
      bandwidth/experts | c8:bw=14,experts=[4]; c1:bw=23,experts=[0,2]; c5:bw=18,experts=[2]; c6:bw=26,experts=[1,2]; c2:bw=36,experts=[1,2,4]; c7:bw=37,experts=[1,2,3]; c3:bw=10,experts=[1]; c4:bw=11,experts=[2]; c9:bw=22,experts=[2,3]; c0:bw=20,experts=[1,2]
   41 | 0.01000 |   0.8257 |   67.94% |   73.62% |    0:41.87
      bandwidth/experts | c2:bw=30,experts=[2,3,5]; c6:bw=10,experts=[4]; c8:bw=31,experts=[2,3,5]; c1:bw=10,experts=[1]; c4:bw=28,experts=[4,5]; c5:bw=34,experts=[2,3,5]; c7:bw=38,experts=[2,3,4]; c3:bw=22,experts=[2,4]; c9:bw=30,experts=[2,4,5]; c0:bw=10,experts=[4]
   42 | 0.01000 |   0.8312 |   69.51% |   73.62% |    0:41.55
      bandwidth/experts | c5:bw=28,experts=[2,6]; c1:bw=27,experts=[2,4]; c3:bw=27,experts=[5,6]; c9:bw=28,experts=[2,6]; c6:bw=19,experts=[5]; c0:bw=10,experts=[5]; c7:bw=11,experts=[5]; c4:bw=30,experts=[2,3,6]; c8:bw=23,experts=[2,6]; c2:bw=22,experts=[2,6]
   43 | 0.01000 |   0.8308 |   68.01% |   73.62% |    0:42.02
      bandwidth/experts | c5:bw=29,experts=[2,7]; c1:bw=32,experts=[2,3,5]; c2:bw=28,experts=[2,3]; c8:bw=25,experts=[1,2]; c9:bw=18,experts=[7]; c7:bw=12,experts=[6]; c4:bw=19,experts=[2]; c6:bw=10,experts=[6]; c3:bw=36,experts=[2,3,7]; c0:bw=12,experts=[2]
   44 | 0.01000 |   0.8216 |   71.82% |   73.62% |    0:40.80
      bandwidth/experts | c0:bw=37,experts=[0,2,3]; c3:bw=26,experts=[2,3]; c4:bw=16,experts=[0]; c2:bw=20,experts=[0,2]; c7:bw=40,experts=[2,3,5,7]; c5:bw=13,experts=[1]; c6:bw=11,experts=[0]; c9:bw=21,experts=[2,3]; c8:bw=19,experts=[7]; c1:bw=25,experts=[2,6]
   45 | 0.01000 |   0.8029 |   68.96% |   73.62% |    0:40.68
      bandwidth/experts | c8:bw=31,experts=[2,3,7]; c0:bw=20,experts=[2,7]; c3:bw=37,experts=[0,2,3]; c4:bw=36,experts=[2,3,7]; c7:bw=20,experts=[0,2]; c2:bw=27,experts=[2,3]; c9:bw=14,experts=[0]; c6:bw=10,experts=[3]; c5:bw=25,experts=[2,3]; c1:bw=31,experts=[2,3,5]
   46 | 0.01000 |   0.7919 |   74.34% |   74.34% |    0:40.06
      bandwidth/experts | c9:bw=20,experts=[1,2]; c3:bw=15,experts=[2]; c6:bw=21,experts=[2,7]; c1:bw=23,experts=[2,3]; c4:bw=35,experts=[2,3,5]; c5:bw=23,experts=[2,3]; c2:bw=32,experts=[2,3,7]; c8:bw=22,experts=[2,3]; c0:bw=30,experts=[2,3,6]; c7:bw=16,experts=[2]
   47 | 0.01000 |   0.7808 |   71.93% |   74.34% |    0:40.10
      bandwidth/experts | c5:bw=29,experts=[0,4]; c6:bw=12,experts=[2]; c7:bw=29,experts=[2,3]; c9:bw=10,experts=[2]; c8:bw=22,experts=[0,2]; c3:bw=39,experts=[2,3,7]; c4:bw=10,experts=[1]; c0:bw=25,experts=[2,3]; c1:bw=17,experts=[7]; c2:bw=30,experts=[2,3,7]
   48 | 0.01000 |   0.7748 |   72.88% |   74.34% |    0:40.05
      bandwidth/experts | c1:bw=28,experts=[0,2]; c8:bw=28,experts=[2,4]; c4:bw=37,experts=[2,3,5]; c2:bw=31,experts=[1,2,4]; c9:bw=29,experts=[2,3]; c6:bw=25,experts=[1,2]; c5:bw=31,experts=[2,3,5]; c7:bw=35,experts=[1,2,3]; c0:bw=10,experts=[1]; c3:bw=10,experts=[1]
   49 | 0.01000 |   0.7986 |   67.27% |   74.34% |    0:40.05
      bandwidth/experts | c4:bw=27,experts=[2,4]; c3:bw=18,experts=[4]; c8:bw=15,experts=[5]; c0:bw=11,experts=[4]; c2:bw=32,experts=[2,3,5]; c5:bw=31,experts=[2,3,4]; c6:bw=10,experts=[4]; c7:bw=24,experts=[2,4]; c9:bw=29,experts=[4,5]; c1:bw=30,experts=[1,2,3]
   50 | 0.01000 |   0.7931 |   70.76% |   74.34% |    0:39.99
      bandwidth/experts | c8:bw=18,experts=[6]; c4:bw=10,experts=[6]; c7:bw=19,experts=[2]; c6:bw=38,experts=[2,3,5]; c2:bw=35,experts=[2,3,6]; c1:bw=36,experts=[2,3,4]; c3:bw=22,experts=[5,6]; c0:bw=16,experts=[5]; c9:bw=15,experts=[6]; c5:bw=17,experts=[6]
   51 | 0.01000 |   0.7665 |   71.29% |   74.34% |    0:40.54
      bandwidth/experts | c5:bw=26,experts=[2,7]; c0:bw=30,experts=[2,3,4]; c1:bw=12,experts=[2]; c2:bw=11,experts=[2]; c8:bw=26,experts=[1,2]; c6:bw=29,experts=[2,6]; c9:bw=10,experts=[7]; c3:bw=31,experts=[2,3,7]; c4:bw=10,experts=[2]; c7:bw=15,experts=[6]
   52 | 0.01000 |   0.7918 |   71.23% |   74.34% |    0:40.32
      bandwidth/experts | c0:bw=26,experts=[0,2]; c8:bw=10,experts=[2]; c5:bw=13,experts=[1]; c7:bw=19,experts=[5]; c1:bw=22,experts=[2,6]; c4:bw=18,experts=[0]; c9:bw=17,experts=[2]; c6:bw=28,experts=[0,2]; c2:bw=16,experts=[0]; c3:bw=24,experts=[2,3]
   53 | 0.01000 |   0.7692 |   69.93% |   74.34% |    0:40.58
      bandwidth/experts | c8:bw=12,experts=[7]; c4:bw=16,experts=[7]; c5:bw=24,experts=[2,3]; c1:bw=33,experts=[2,3,5]; c3:bw=26,experts=[0,2]; c9:bw=34,experts=[0,2,3]; c6:bw=20,experts=[2,3]; c7:bw=24,experts=[0,7]; c0:bw=21,experts=[2,7]; c2:bw=29,experts=[2,3]
   54 | 0.01000 |   0.7783 |   73.54% |   74.34% |    0:40.46
      bandwidth/experts | c2:bw=10,experts=[2]; c1:bw=29,experts=[2,3]; c8:bw=31,experts=[2,3,4]; c7:bw=34,experts=[2,3,5]; c3:bw=17,experts=[2]; c0:bw=20,experts=[2,6]; c6:bw=30,experts=[2,3,7]; c5:bw=10,experts=[2]; c9:bw=28,experts=[1,2]; c4:bw=18,experts=[2]
   55 | 0.01000 |   0.7633 |   71.90% |   74.34% |    0:40.13
      bandwidth/experts | c7:bw=30,experts=[2,3,7]; c2:bw=23,experts=[2,7]; c4:bw=10,experts=[1]; c3:bw=29,experts=[2,3]; c8:bw=10,experts=[0]; c5:bw=29,experts=[0,2]; c1:bw=33,experts=[2,3,7]; c6:bw=23,experts=[2,3]; c0:bw=15,experts=[2]; c9:bw=34,experts=[2,3,5]
   56 | 0.01000 |   0.8013 |   70.30% |   74.34% |    0:40.36
      bandwidth/experts | c9:bw=29,experts=[2,3]; c1:bw=31,experts=[0,2,3]; c3:bw=10,experts=[1]; c2:bw=29,experts=[1,4]; c5:bw=17,experts=[5]; c4:bw=10,experts=[3]; c8:bw=10,experts=[2]; c7:bw=10,experts=[1]; c6:bw=13,experts=[1]; c0:bw=39,experts=[1,2,3]
   57 | 0.01000 |   0.7719 |   72.12% |   74.34% |    0:40.28
      bandwidth/experts | c3:bw=35,experts=[2,3,4]; c8:bw=24,experts=[2,5]; c6:bw=27,experts=[2,4]; c1:bw=27,experts=[1,2]; c7:bw=38,experts=[2,3,4]; c0:bw=39,experts=[2,3,5]; c5:bw=24,experts=[2,4]; c4:bw=23,experts=[4,5]; c2:bw=18,experts=[5]; c9:bw=11,experts=[4]
   58 | 0.01000 |   0.7872 |   75.58% |   75.58% |    0:40.14
      bandwidth/experts | c7:bw=13,experts=[2]; c2:bw=10,experts=[6]; c9:bw=32,experts=[2,3,6]; c6:bw=30,experts=[2,3,5]; c5:bw=19,experts=[6]; c1:bw=17,experts=[4]; c8:bw=22,experts=[2,6]; c4:bw=21,experts=[2,6]; c3:bw=34,experts=[2,5,6]; c0:bw=26,experts=[2,3]
   59 | 0.01000 |   0.7646 |   69.97% |   75.58% |    0:39.98
      bandwidth/experts | c2:bw=20,experts=[2,3]; c8:bw=31,experts=[1,2,3]; c9:bw=15,experts=[7]; c6:bw=11,experts=[6]; c1:bw=36,experts=[2,3,5]; c4:bw=14,experts=[2]; c7:bw=15,experts=[6]; c5:bw=18,experts=[7]; c0:bw=29,experts=[2,4]; c3:bw=20,experts=[2,7]
   60 | 0.01000 |   0.7879 |   75.11% |   75.58% |    0:40.04
      bandwidth/experts | c0:bw=29,experts=[0,2]; c7:bw=26,experts=[2,3]; c4:bw=17,experts=[0]; c2:bw=17,experts=[0]; c5:bw=18,experts=[1]; c8:bw=14,experts=[2]; c6:bw=33,experts=[0,2,3]; c9:bw=10,experts=[2]; c1:bw=30,experts=[2,3,6]; c3:bw=24,experts=[2,3]
   61 | 0.01000 |   0.7484 |   70.04% |   75.58% |    0:40.05
      bandwidth/experts | c5:bw=27,experts=[2,3]; c6:bw=21,experts=[2,3]; c2:bw=16,experts=[2]; c9:bw=21,experts=[0,2]; c1:bw=19,experts=[2]; c3:bw=24,experts=[0,2]; c8:bw=31,experts=[2,3,7]; c4:bw=21,experts=[2,7]; c7:bw=24,experts=[0,2]; c0:bw=33,experts=[2,3,7]
   62 | 0.01000 |   0.7700 |   72.97% |   75.58% |    0:39.97
      bandwidth/experts | c8:bw=10,experts=[4]; c6:bw=35,experts=[2,3,7]; c9:bw=10,experts=[1]; c4:bw=33,experts=[1,2,3]; c5:bw=37,experts=[2,3,4]; c0:bw=16,experts=[6]; c3:bw=29,experts=[2,3]; c2:bw=23,experts=[2,3]; c1:bw=40,experts=[1,2,3,5]; c7:bw=25,experts=[2,5]
   63 | 0.01000 |   0.7683 |   68.83% |   75.58% |    0:39.90
      bandwidth/experts | c5:bw=10,experts=[0]; c9:bw=12,experts=[5]; c6:bw=19,experts=[2]; c3:bw=29,experts=[2,3]; c8:bw=18,experts=[0]; c1:bw=28,experts=[2,7]; c7:bw=38,experts=[2,3,7]; c0:bw=23,experts=[2,3]; c2:bw=15,experts=[7]; c4:bw=29,experts=[2,3]
   64 | 0.01000 |   0.7625 |   75.04% |   75.58% |    0:39.82
      bandwidth/experts | c6:bw=28,experts=[1,2]; c4:bw=21,experts=[2,3]; c5:bw=13,experts=[5]; c3:bw=21,experts=[1,2]; c7:bw=19,experts=[1]; c0:bw=18,experts=[1]; c8:bw=30,experts=[1,2,3]; c9:bw=33,experts=[2,3,5]; c2:bw=31,experts=[1,2,4]; c1:bw=16,experts=[0]
   65 | 0.01000 |   0.7392 |   70.39% |   75.58% |    0:40.19
      bandwidth/experts | c7:bw=10,experts=[4]; c5:bw=16,experts=[2]; c4:bw=32,experts=[2,4,5]; c6:bw=28,experts=[2,4]; c8:bw=37,experts=[2,3,5]; c3:bw=24,experts=[2,4]; c0:bw=23,experts=[2,5]; c2:bw=16,experts=[5]; c1:bw=32,experts=[2,3,5]; c9:bw=26,experts=[2,4]
   66 | 0.01000 |   0.7735 |   73.57% |   75.58% |    0:40.10
      bandwidth/experts | c2:bw=23,experts=[2,6]; c5:bw=10,experts=[6]; c1:bw=30,experts=[2,3,4]; c8:bw=13,experts=[6]; c9:bw=17,experts=[6]; c6:bw=16,experts=[5]; c4:bw=23,experts=[2,6]; c0:bw=21,experts=[2,3]; c3:bw=37,experts=[2,5,6]; c7:bw=28,experts=[2,3]
   67 | 0.01000 |   0.7468 |   71.79% |   75.58% |    0:39.86
      bandwidth/experts | c4:bw=28,experts=[2,3]; c5:bw=27,experts=[2,7]; c1:bw=20,experts=[2,3]; c3:bw=14,experts=[7]; c6:bw=29,experts=[2,6]; c0:bw=18,experts=[4]; c2:bw=24,experts=[2,3]; c9:bw=33,experts=[2,3,7]; c7:bw=33,experts=[2,3,6]; c8:bw=10,experts=[2]
   68 | 0.01000 |   0.7614 |   75.22% |   75.58% |    0:40.00
      bandwidth/experts | c1:bw=23,experts=[2,6]; c8:bw=17,experts=[2]; c2:bw=32,experts=[0,2,3]; c0:bw=17,experts=[0]; c3:bw=14,experts=[2]; c4:bw=27,experts=[0,2]; c5:bw=25,experts=[1,2]; c9:bw=10,experts=[2]; c7:bw=15,experts=[2]; c6:bw=18,experts=[0]
   69 | 0.01000 |   0.7311 |   70.26% |   75.58% |    0:40.17
      bandwidth/experts | c3:bw=23,experts=[0,2]; c7:bw=32,experts=[0,2,3]; c1:bw=17,experts=[2]; c4:bw=23,experts=[2,7]; c9:bw=20,experts=[0,2]; c5:bw=22,experts=[2,3]; c0:bw=29,experts=[2,7]; c2:bw=37,experts=[2,3,4]; c8:bw=23,experts=[2,7]; c6:bw=15,experts=[2]
   70 | 0.01000 |   0.7631 |   78.62% |   78.62% |    0:39.82
      bandwidth/experts | c1:bw=13,experts=[1]; c9:bw=10,experts=[1]; c7:bw=16,experts=[5]; c3:bw=18,experts=[2]; c0:bw=17,experts=[6]; c6:bw=14,experts=[3]; c2:bw=31,experts=[2,3,6]; c4:bw=32,experts=[1,2,3]; c5:bw=13,experts=[4]; c8:bw=27,experts=[2,4]
   71 | 0.01000 |   0.7221 |   67.25% |   78.62% |    0:40.18
      bandwidth/experts | c4:bw=24,experts=[2,3]; c0:bw=10,experts=[2]; c1:bw=29,experts=[2,7]; c9:bw=22,experts=[2,3]; c7:bw=11,experts=[7]; c5:bw=19,experts=[0]; c3:bw=34,experts=[2,3,5]; c6:bw=28,experts=[2,7]; c8:bw=21,experts=[0,2]; c2:bw=34,experts=[2,3,7]
   72 | 0.01000 |   0.7923 |   77.57% |   78.62% |    0:40.22
      bandwidth/experts | c8:bw=16,experts=[1]; c1:bw=22,experts=[0,2]; c5:bw=24,experts=[2,5]; c7:bw=27,experts=[1,2]; c6:bw=11,experts=[1]; c0:bw=29,experts=[1,2]; c3:bw=13,experts=[1]; c2:bw=13,experts=[1]; c9:bw=21,experts=[2,5]; c4:bw=22,experts=[2,3]
   73 | 0.01000 |   0.7341 |   68.12% |   78.62% |    0:40.01
      bandwidth/experts | c2:bw=26,experts=[2,5]; c8:bw=10,experts=[3]; c3:bw=22,experts=[2,4]; c1:bw=37,experts=[2,3,5]; c5:bw=10,experts=[2]; c9:bw=29,experts=[2,4]; c0:bw=16,experts=[5]; c7:bw=20,experts=[2,4]; c6:bw=11,experts=[4]; c4:bw=23,experts=[4,5]
   74 | 0.01000 |   0.7624 |   79.51% |   79.51% |    0:40.01
      bandwidth/experts | c3:bw=10,experts=[6]; c0:bw=22,experts=[2,3]; c1:bw=15,experts=[4]; c5:bw=28,experts=[2,6]; c7:bw=36,experts=[2,3,5]; c8:bw=16,experts=[5]; c6:bw=10,experts=[5]; c2:bw=10,experts=[2]; c4:bw=26,experts=[2,6]; c9:bw=18,experts=[6]
   75 | 0.01000 |   0.7373 |   68.57% |   79.51% |    0:40.11
      bandwidth/experts | c2:bw=22,experts=[2,3]; c9:bw=34,experts=[2,3,7]; c1:bw=30,experts=[2,3,5]; c3:bw=11,experts=[7]; c7:bw=16,experts=[6]; c6:bw=31,experts=[2,3,6]; c5:bw=17,experts=[7]; c4:bw=31,experts=[2,3,5]; c0:bw=34,experts=[2,3,4]; c8:bw=30,experts=[2,3,6]
   76 | 0.01000 |   0.7724 |   76.86% |   79.51% |    0:40.02
      bandwidth/experts | c8:bw=16,experts=[2]; c5:bw=21,experts=[1,2]; c0:bw=17,experts=[0]; c3:bw=10,experts=[2]; c2:bw=14,experts=[0]; c6:bw=13,experts=[0]; c7:bw=37,experts=[2,3,5]; c4:bw=34,experts=[0,2,3]; c9:bw=32,experts=[2,3,5]; c1:bw=30,experts=[2,3,6]
   77 | 0.01000 |   0.7313 |   68.40% |   79.51% |    0:40.07
      bandwidth/experts | c9:bw=16,experts=[0]; c2:bw=19,experts=[4]; c1:bw=35,experts=[2,3,7]; c8:bw=10,experts=[7]; c4:bw=10,experts=[7]; c7:bw=10,experts=[0]; c6:bw=32,experts=[2,3,5]; c0:bw=35,experts=[2,3,7]; c3:bw=22,experts=[0,2]; c5:bw=33,experts=[2,3,4]
   78 | 0.01000 |   0.7495 |   73.52% |   79.51% |    0:40.08
      bandwidth/experts | c0:bw=15,experts=[6]; c4:bw=13,experts=[1]; c3:bw=21,experts=[2,3]; c7:bw=20,experts=[2,3]; c8:bw=30,experts=[2,3,4]; c1:bw=23,experts=[1,2]; c9:bw=17,experts=[1]; c6:bw=32,experts=[2,3,5]; c5:bw=35,experts=[2,3,4]; c2:bw=19,experts=[6]
   79 | 0.01000 |   0.7394 |   73.42% |   79.51% |    0:40.00
      bandwidth/experts | c6:bw=12,experts=[7]; c9:bw=10,experts=[2]; c0:bw=20,experts=[2,3]; c4:bw=40,experts=[1,2,3,5]; c7:bw=25,experts=[2,7]; c8:bw=25,experts=[0,2]; c5:bw=29,experts=[0,2]; c3:bw=15,experts=[5]; c1:bw=21,experts=[2,3]; c2:bw=18,experts=[7]
   80 | 0.01000 |   0.7295 |   76.66% |   79.51% |    0:40.13
      bandwidth/experts | c5:bw=36,experts=[2,3,5]; c9:bw=29,experts=[2,3]; c7:bw=26,experts=[1,2]; c1:bw=17,experts=[0]; c3:bw=17,experts=[1]; c4:bw=32,experts=[2,3,5]; c2:bw=24,experts=[1,2]; c0:bw=26,experts=[1,2]; c6:bw=22,experts=[1,2]; c8:bw=28,experts=[1,2]
   81 | 0.01000 |   0.7097 |   71.70% |   79.51% |    0:40.05
      bandwidth/experts | c6:bw=29,experts=[2,4]; c2:bw=25,experts=[2,5]; c3:bw=37,experts=[2,3,4]; c1:bw=27,experts=[2,3]; c4:bw=23,experts=[2,4]; c5:bw=17,experts=[2]; c9:bw=15,experts=[4]; c7:bw=32,experts=[2,3,4]; c8:bw=26,experts=[2,3]; c0:bw=28,experts=[2,5]
   82 | 0.01000 |   0.7194 |   74.94% |   79.51% |    0:40.24
      bandwidth/experts | c1:bw=36,experts=[2,3,4]; c0:bw=17,experts=[2]; c6:bw=20,experts=[2,3]; c8:bw=32,experts=[2,3,5]; c7:bw=22,experts=[2,3]; c3:bw=22,experts=[2,6]; c2:bw=16,experts=[2]; c9:bw=31,experts=[2,3,6]; c5:bw=22,experts=[2,6]; c4:bw=16,experts=[6]
   83 | 0.01000 |   0.7178 |   73.02% |   79.51% |    0:40.04
      bandwidth/experts | c9:bw=29,experts=[2,7]; c4:bw=10,experts=[2]; c2:bw=23,experts=[2,3]; c7:bw=21,experts=[2,6]; c5:bw=10,experts=[7]; c0:bw=10,experts=[4]; c6:bw=29,experts=[2,6]; c1:bw=35,experts=[2,3,5]; c8:bw=22,experts=[2,6]; c3:bw=24,experts=[2,7]
   84 | 0.01000 |   0.7217 |   71.24% |   79.51% |    0:40.10
      bandwidth/experts | c8:bw=37,experts=[2,3,4]; c3:bw=18,experts=[2]; c1:bw=32,experts=[2,3,6]; c6:bw=10,experts=[0]; c9:bw=11,experts=[5]; c2:bw=20,experts=[0,2]; c7:bw=26,experts=[2,5]; c5:bw=11,experts=[1]; c4:bw=15,experts=[0]; c0:bw=10,experts=[0]
   85 | 0.01000 |   0.7154 |   73.48% |   79.51% |    0:40.11
      bandwidth/experts | c0:bw=21,experts=[2,7]; c2:bw=25,experts=[2,4]; c8:bw=39,experts=[2,3,7]; c6:bw=23,experts=[2,3]; c1:bw=31,experts=[2,3,7]; c4:bw=23,experts=[2,7]; c9:bw=32,experts=[0,2,3]; c3:bw=28,experts=[0,2]; c5:bw=10,experts=[2]; c7:bw=10,experts=[0]
   86 | 0.01000 |   0.7344 |   73.27% |   79.51% |    0:40.09
      bandwidth/experts | c5:bw=26,experts=[2,4]; c8:bw=15,experts=[2]; c2:bw=13,experts=[6]; c6:bw=31,experts=[2,3,5]; c0:bw=17,experts=[6]; c4:bw=10,experts=[2]; c7:bw=24,experts=[2,3]; c3:bw=15,experts=[2]; c1:bw=40,experts=[1,2,3,5]; c9:bw=24,experts=[1,2]
   87 | 0.01000 |   0.7069 |   72.63% |   79.51% |    0:39.98
      bandwidth/experts | c1:bw=16,experts=[2]; c2:bw=37,experts=[2,3,7]; c7:bw=12,experts=[7]; c5:bw=10,experts=[0]; c6:bw=33,experts=[2,3,7]; c3:bw=38,experts=[2,3,5]; c4:bw=19,experts=[1]; c9:bw=21,experts=[2,3]; c8:bw=26,experts=[0,2]; c0:bw=19,experts=[3]
   88 | 0.01000 |   0.7224 |   75.65% |   79.51% |    0:40.06
      bandwidth/experts | c8:bw=24,experts=[1,2]; c6:bw=15,experts=[1]; c3:bw=18,experts=[1]; c7:bw=23,experts=[1,2]; c0:bw=34,experts=[1,2,3]; c4:bw=21,experts=[3,5]; c9:bw=17,experts=[2]; c1:bw=16,experts=[0]; c5:bw=17,experts=[3]; c2:bw=25,experts=[1,2]
   89 | 0.01000 |   0.7118 |   71.20% |   79.51% |    0:40.03
      bandwidth/experts | c3:bw=17,experts=[4]; c8:bw=40,experts=[2,3,4,5]; c2:bw=25,experts=[2,5]; c9:bw=34,experts=[2,3,4]; c7:bw=12,experts=[4]; c5:bw=25,experts=[2,5]; c0:bw=10,experts=[5]; c6:bw=18,experts=[4]; c4:bw=17,experts=[4]; c1:bw=23,experts=[2,3]
   90 | 0.01000 |   0.7010 |   76.87% |   79.51% |    0:40.09
      bandwidth/experts | c7:bw=40,experts=[2,3,5,6]; c1:bw=17,experts=[4]; c3:bw=20,experts=[2,6]; c9:bw=35,experts=[2,3,6]; c0:bw=35,experts=[2,3,5]; c6:bw=14,experts=[2]; c2:bw=12,experts=[2]; c5:bw=15,experts=[6]; c8:bw=28,experts=[2,3]; c4:bw=20,experts=[2,6]
   91 | 0.01000 |   0.7004 |   70.45% |   79.51% |    0:40.03
      bandwidth/experts | c1:bw=28,experts=[2,3]; c9:bw=19,experts=[7]; c5:bw=29,experts=[2,7]; c7:bw=29,experts=[2,3]; c3:bw=22,experts=[2,7]; c4:bw=30,experts=[2,3,5]; c0:bw=12,experts=[4]; c6:bw=16,experts=[6]; c2:bw=10,experts=[2]; c8:bw=13,experts=[6]
   92 | 0.01000 |   0.7174 |   75.98% |   79.51% |    0:40.10
      bandwidth/experts | c3:bw=16,experts=[2]; c7:bw=19,experts=[2]; c1:bw=11,experts=[6]; c0:bw=16,experts=[0]; c8:bw=11,experts=[2]; c6:bw=25,experts=[0,2]; c9:bw=31,experts=[2,3,5]; c2:bw=14,experts=[0]; c5:bw=37,experts=[1,2,3]; c4:bw=15,experts=[0]
   93 | 0.01000 |   0.6953 |   69.06% |   79.51% |    0:39.96
      bandwidth/experts | c1:bw=26,experts=[2,7]; c3:bw=17,experts=[0]; c7:bw=12,experts=[0]; c9:bw=32,experts=[0,2,3]; c6:bw=12,experts=[2]; c8:bw=10,experts=[7]; c5:bw=10,experts=[2]; c4:bw=18,experts=[7]; c0:bw=10,experts=[7]; c2:bw=28,experts=[2,4]
   94 | 0.01000 |   0.7245 |   75.05% |   79.51% |    0:39.91
      bandwidth/experts | c7:bw=25,experts=[2,3]; c2:bw=36,experts=[2,3,6]; c5:bw=23,experts=[2,4]; c4:bw=17,experts=[2]; c6:bw=17,experts=[5]; c9:bw=28,experts=[1,2]; c1:bw=39,experts=[1,2,5]; c8:bw=10,experts=[2]; c0:bw=31,experts=[2,3,6]; c3:bw=19,experts=[2]
   95 | 0.01000 |   0.7131 |   72.28% |   79.51% |    0:40.02
      bandwidth/experts | c7:bw=33,experts=[2,3,7]; c9:bw=23,experts=[2,3]; c4:bw=10,experts=[1]; c6:bw=22,experts=[3,7]; c0:bw=19,experts=[2]; c3:bw=23,experts=[3,5]; c1:bw=17,experts=[2]; c8:bw=40,experts=[0,2,3,4]; c2:bw=13,experts=[7]; c5:bw=10,experts=[0]
   96 | 0.01000 |   0.7141 |   75.34% |   79.51% |    0:40.07
      bandwidth/experts | c2:bw=36,experts=[1,2,3]; c9:bw=25,experts=[2,3]; c3:bw=25,experts=[1,2]; c1:bw=20,experts=[0,2]; c5:bw=33,experts=[2,3,4]; c4:bw=27,experts=[2,3]; c6:bw=17,experts=[1]; c7:bw=28,experts=[1,2]; c0:bw=20,experts=[1,2]; c8:bw=36,experts=[1,2,3]
   97 | 0.01000 |   0.7017 |   73.24% |   79.51% |    0:39.99
      bandwidth/experts | c0:bw=23,experts=[2,3]; c9:bw=24,experts=[2,4]; c8:bw=24,experts=[2,5]; c4:bw=10,experts=[4]; c7:bw=17,experts=[4]; c1:bw=28,experts=[2,3]; c3:bw=19,experts=[4]; c5:bw=26,experts=[2,5]; c6:bw=28,experts=[2,4]; c2:bw=30,experts=[2,3,5]
   98 | 0.01000 |   0.7039 |   76.49% |   79.51% |    0:39.98
      bandwidth/experts | c4:bw=29,experts=[2,6]; c8:bw=30,experts=[2,3,4]; c9:bw=15,experts=[6]; c7:bw=13,experts=[5]; c6:bw=20,experts=[2,3]; c5:bw=27,experts=[2,6]; c0:bw=19,experts=[5]; c3:bw=14,experts=[6]; c1:bw=15,experts=[4]; c2:bw=13,experts=[2]
   99 | 0.01000 |   0.6906 |   71.17% |   79.51% |    0:40.00
      bandwidth/experts | c8:bw=19,experts=[6]; c5:bw=27,experts=[2,7]; c7:bw=25,experts=[2,6]; c1:bw=33,experts=[2,3,7]; c3:bw=21,experts=[2,7]; c9:bw=11,experts=[7]; c4:bw=14,experts=[5]; c0:bw=22,experts=[2,4]; c2:bw=17,experts=[2]; c6:bw=19,experts=[6]
  100 | 0.01000 |   0.7113 |   76.18% |   79.51% |    0:39.94
      bandwidth/experts | c2:bw=17,experts=[0]; c8:bw=25,experts=[2,3]; c9:bw=29,experts=[2,5]; c5:bw=10,experts=[1]; c6:bw=25,experts=[0,2]; c1:bw=10,experts=[6]; c4:bw=36,experts=[0,2,3]; c7:bw=10,experts=[2]; c3:bw=23,experts=[2,3]; c0:bw=36,experts=[0,2,3]

Done. Best Acc: 79.51% @ round 74
Total time: 1:07:40.99
[Export] 实验目录: /userhome/cs3/duanty/FedMoE/results/20260920-040439
[Export] 每轮明细: /userhome/cs3/duanty/FedMoE/results/20260920-040439/rounds.xlsx
[Export] 总体摘要: /userhome/cs3/duanty/FedMoE/results/20260920-040439/summary.xlsx
[Plot] result = /userhome/cs3/duanty/FedMoE/results/20260920-040439
[Plot] figures -> /userhome/cs3/duanty/FedMoE/results/20260920-040439/figure
  fig01_test_accuracy.pdf
  fig02_train_loss.pdf
  fig03_acc_and_loss.pdf
  fig04_bandwidth_and_k.pdf
  fig05_expert_round_heatmap.pdf
  fig06_client_expert_heatmap.pdf
  fig07_expert_frequency.pdf
  fig08_time_breakdown.pdf
  fig09_accuracy_vs_communication.pdf
  fig10_overview.pdf
[Export] 图片目录: /userhome/cs3/duanty/FedMoE/results/20260920-040439/figure
