========================================
Job    : c100-vgg11-e8-random
Host   : gpu-4090-104
Date   : Sun Sep 20 07:59:23 HKT 2026
GPU    : 0
Python : /userhome/cs3/duanty/miniconda3/envs/moe/bin/python
Command: python -u main.py --method ours --dataset cifar100 --backbone vgg11 --select random --merge ours --device cuda --num_experts 8
========================================

==================================================================
 Ours  
  Dataset=cifar100 | beta=0.1 | Backbone=vgg11 | width_mult=1 | Clients=10 | Experts=8
  Select=random | Merge=ours
  Rounds=100 | LR=0.01
  Bandwidth: expert_bw=10 | bw=[10, 40] | Rayleigh-Shannon, SNR=10 dB | k=floor(bw/10)
==================================================================


[Partition] Dirichlet beta=0.1, 10 clients
  Client 0:   4573 samples | 45/100 classes
  Client 1:   4218 samples | 54/100 classes
  Client 2:   3656 samples | 48/100 classes
  Client 3:   5018 samples | 43/100 classes
  Client 4:   6664 samples | 52/100 classes
  Client 5:   6137 samples | 45/100 classes
  Client 6:   6582 samples | 49/100 classes
  Client 7:   4512 samples | 39/100 classes
  Client 8:   5219 samples | 46/100 classes
  Client 9:   3421 samples | 100/100 classes

[Upload] expert_bw=10 | available bw=[10, 40] | Rayleigh-Shannon, SNR=10 dB | upload k=floor(bw/10), cap=8 | random K experts from bandwidth, then train selected

[Model] Total params: 11,738,976

[Export] 本次实验目录: /userhome/cs3/duanty/FedMoE/results/20260920-075926

Round |      LR |  AvgLoss |  TestAcc |     Best |  RoundTime
--------------------------------------------------------------------------------
    1 | 0.00208 |   3.7836 |    2.29% |    2.29% |    0:41.72
      bandwidth/experts | c8:bw=31,experts=[3,6,7]; c1:bw=16,experts=[2]; c5:bw=25,experts=[0,3]; c0:bw=10,experts=[7]; c7:bw=11,experts=[5]; c2:bw=16,experts=[3]; c9:bw=25,experts=[0,7]; c4:bw=22,experts=[0,7]; c3:bw=28,experts=[0,1]; c6:bw=23,experts=[0,7]
    2 | 0.00406 |   3.4025 |    3.44% |    3.44% |    0:40.44
      bandwidth/experts | c0:bw=20,experts=[6,7]; c1:bw=23,experts=[2,4]; c8:bw=27,experts=[0,3]; c5:bw=38,experts=[4,6,7]; c3:bw=37,experts=[0,1,2]; c4:bw=17,experts=[0]; c7:bw=31,experts=[0,1,7]; c9:bw=26,experts=[3,7]; c6:bw=10,experts=[3]; c2:bw=12,experts=[7]
    3 | 0.00604 |   3.3556 |    5.83% |    5.83% |    0:41.12
      bandwidth/experts | c9:bw=26,experts=[3,5]; c2:bw=23,experts=[0,6]; c0:bw=28,experts=[5,6]; c6:bw=22,experts=[0,1]; c8:bw=17,experts=[3]; c5:bw=10,experts=[6]; c3:bw=14,experts=[5]; c7:bw=18,experts=[2]; c1:bw=10,experts=[1]; c4:bw=29,experts=[2,7]
    4 | 0.00802 |   3.2828 |    8.47% |    8.47% |    0:40.58
      bandwidth/experts | c1:bw=22,experts=[1,4]; c7:bw=25,experts=[1,3]; c6:bw=29,experts=[3,5]; c2:bw=33,experts=[1,3,5]; c8:bw=17,experts=[1]; c0:bw=33,experts=[2,3,7]; c3:bw=19,experts=[5]; c4:bw=31,experts=[0,2,3]; c5:bw=40,experts=[1,2,4,6]; c9:bw=12,experts=[6]
    5 | 0.01000 |   3.2701 |    8.43% |    8.47% |    0:40.52
      bandwidth/experts | c1:bw=11,experts=[1]; c5:bw=22,experts=[5,6]; c4:bw=27,experts=[2,5]; c8:bw=20,experts=[1,2]; c0:bw=28,experts=[1,6]; c7:bw=14,experts=[6]; c6:bw=29,experts=[1,2]; c3:bw=35,experts=[0,1,6]; c2:bw=10,experts=[1]; c9:bw=35,experts=[0,6,7]
    6 | 0.01000 |   3.1485 |    6.73% |    8.47% |    0:41.05
      bandwidth/experts | c8:bw=37,experts=[1,6,7]; c2:bw=23,experts=[2,6]; c5:bw=15,experts=[4]; c7:bw=32,experts=[1,3,5]; c3:bw=20,experts=[4,7]; c1:bw=18,experts=[1]; c9:bw=27,experts=[0,5]; c0:bw=17,experts=[5]; c4:bw=10,experts=[5]; c6:bw=11,experts=[5]
    7 | 0.01000 |   3.2289 |   10.22% |   10.22% |    0:40.10
      bandwidth/experts | c0:bw=20,experts=[4,7]; c5:bw=27,experts=[0,2]; c2:bw=22,experts=[3,6]; c6:bw=10,experts=[6]; c3:bw=15,experts=[4]; c7:bw=17,experts=[5]; c4:bw=10,experts=[1]; c1:bw=10,experts=[0]; c8:bw=32,experts=[3,4,7]; c9:bw=10,experts=[6]
    8 | 0.01000 |   3.0496 |   13.19% |   13.19% |    0:39.92
      bandwidth/experts | c4:bw=10,experts=[7]; c8:bw=20,experts=[0,1]; c1:bw=32,experts=[2,3,6]; c3:bw=21,experts=[1,6]; c0:bw=18,experts=[6]; c5:bw=16,experts=[2]; c2:bw=30,experts=[2,4,7]; c9:bw=33,experts=[0,1,4]; c7:bw=10,experts=[2]; c6:bw=23,experts=[3,5]
    9 | 0.01000 |   2.9367 |   10.73% |   13.19% |    0:40.94
      bandwidth/experts | c2:bw=12,experts=[2]; c0:bw=29,experts=[0,5]; c4:bw=33,experts=[1,2,4]; c9:bw=15,experts=[5]; c8:bw=10,experts=[1]; c6:bw=17,experts=[2]; c7:bw=25,experts=[4,5]; c5:bw=29,experts=[3,4]; c1:bw=10,experts=[1]; c3:bw=13,experts=[6]
   10 | 0.01000 |   3.0859 |   13.95% |   13.95% |    0:40.36
      bandwidth/experts | c4:bw=20,experts=[3,5]; c2:bw=19,experts=[1]; c7:bw=21,experts=[5,6]; c0:bw=33,experts=[3,6,7]; c6:bw=36,experts=[1,2,5]; c3:bw=26,experts=[4,5]; c5:bw=32,experts=[3,6,7]; c8:bw=20,experts=[1,5]; c9:bw=20,experts=[4,7]; c1:bw=23,experts=[0,1]
   11 | 0.01000 |   2.8503 |   15.46% |   15.46% |    0:40.77
      bandwidth/experts | c5:bw=15,experts=[2]; c2:bw=15,experts=[1]; c7:bw=24,experts=[3,4]; c3:bw=28,experts=[3,7]; c0:bw=16,experts=[2]; c8:bw=22,experts=[2,5]; c9:bw=18,experts=[7]; c6:bw=31,experts=[0,1,2]; c1:bw=22,experts=[1,2]; c4:bw=10,experts=[5]
   12 | 0.01000 |   2.8091 |   20.15% |   20.15% |    0:39.71
      bandwidth/experts | c1:bw=24,experts=[0,7]; c5:bw=31,experts=[2,5,7]; c2:bw=32,experts=[0,2,4]; c4:bw=16,experts=[5]; c3:bw=19,experts=[7]; c7:bw=16,experts=[3]; c9:bw=23,experts=[4,5]; c6:bw=16,experts=[2]; c8:bw=31,experts=[4,6,7]; c0:bw=27,experts=[2,3]
   13 | 0.01000 |   2.6686 |   14.20% |   20.15% |    0:40.85
      bandwidth/experts | c3:bw=17,experts=[6]; c1:bw=26,experts=[1,2]; c4:bw=10,experts=[2]; c5:bw=16,experts=[4]; c8:bw=10,experts=[0]; c6:bw=20,experts=[2,4]; c9:bw=10,experts=[5]; c7:bw=32,experts=[2,4,6]; c0:bw=14,experts=[2]; c2:bw=10,experts=[3]
   14 | 0.01000 |   2.7142 |   17.46% |   20.15% |    0:41.33
      bandwidth/experts | c2:bw=25,experts=[1,5]; c4:bw=10,experts=[3]; c5:bw=36,experts=[3,4,7]; c1:bw=21,experts=[1,7]; c7:bw=14,experts=[5]; c0:bw=14,experts=[1]; c9:bw=18,experts=[7]; c3:bw=25,experts=[4,6]; c8:bw=12,experts=[1]; c6:bw=37,experts=[0,4,6]
   15 | 0.01000 |   2.6710 |   15.09% |   20.15% |    0:41.51
      bandwidth/experts | c7:bw=33,experts=[1,4,7]; c0:bw=11,experts=[0]; c1:bw=10,experts=[0]; c8:bw=29,experts=[1,4]; c3:bw=10,experts=[4]; c2:bw=29,experts=[3,4]; c4:bw=26,experts=[2,7]; c5:bw=10,experts=[5]; c9:bw=11,experts=[2]; c6:bw=18,experts=[5]
   16 | 0.01000 |   2.9209 |   22.27% |   22.27% |    0:39.39
      bandwidth/experts | c6:bw=22,experts=[5,7]; c1:bw=16,experts=[0]; c3:bw=24,experts=[0,5]; c8:bw=27,experts=[6,7]; c7:bw=12,experts=[6]; c5:bw=22,experts=[4,6]; c4:bw=20,experts=[1,5]; c9:bw=13,experts=[0]; c0:bw=32,experts=[5,6,7]; c2:bw=29,experts=[1,5]
   17 | 0.01000 |   2.6028 |   24.76% |   24.76% |    0:39.58
      bandwidth/experts | c4:bw=32,experts=[0,1,3]; c7:bw=14,experts=[6]; c8:bw=10,experts=[6]; c3:bw=29,experts=[3,6]; c5:bw=10,experts=[6]; c1:bw=16,experts=[4]; c0:bw=10,experts=[5]; c2:bw=11,experts=[1]; c9:bw=21,experts=[1,5]; c6:bw=21,experts=[4,7]
   18 | 0.01000 |   2.4977 |   27.80% |   27.80% |    0:41.16
      bandwidth/experts | c1:bw=10,experts=[6]; c8:bw=10,experts=[6]; c5:bw=19,experts=[7]; c2:bw=21,experts=[3,4]; c9:bw=10,experts=[1]; c7:bw=30,experts=[3,4,5]; c4:bw=31,experts=[0,3,7]; c3:bw=21,experts=[1,5]; c0:bw=27,experts=[2,4]; c6:bw=17,experts=[7]
   19 | 0.01000 |   2.4436 |   23.62% |   27.80% |    0:40.44
      bandwidth/experts | c8:bw=31,experts=[0,5,7]; c0:bw=23,experts=[2,4]; c4:bw=28,experts=[1,4]; c1:bw=26,experts=[0,5]; c9:bw=21,experts=[1,4]; c5:bw=16,experts=[7]; c7:bw=12,experts=[3]; c2:bw=10,experts=[1]; c6:bw=36,experts=[1,4,5]; c3:bw=22,experts=[5,7]
   20 | 0.01000 |   2.4439 |   31.07% |   31.07% |    0:39.79
      bandwidth/experts | c0:bw=15,experts=[1]; c2:bw=23,experts=[0,3]; c1:bw=22,experts=[2,5]; c9:bw=10,experts=[4]; c7:bw=24,experts=[2,7]; c6:bw=38,experts=[0,1,5]; c3:bw=10,experts=[2]; c5:bw=10,experts=[5]; c4:bw=33,experts=[0,2,3]; c8:bw=28,experts=[3,7]
   21 | 0.01000 |   2.4005 |   22.46% |   31.07% |    0:41.00
      bandwidth/experts | c1:bw=23,experts=[5,6]; c2:bw=22,experts=[2,4]; c7:bw=10,experts=[2]; c4:bw=26,experts=[2,7]; c8:bw=10,experts=[3]; c5:bw=18,experts=[2]; c0:bw=37,experts=[1,2,7]; c3:bw=10,experts=[5]; c6:bw=10,experts=[0]; c9:bw=14,experts=[4]
   22 | 0.01000 |   2.3641 |   28.57% |   31.07% |    0:41.03
      bandwidth/experts | c7:bw=10,experts=[1]; c9:bw=18,experts=[3]; c1:bw=10,experts=[1]; c6:bw=34,experts=[0,3,7]; c5:bw=10,experts=[0]; c2:bw=37,experts=[1,3,7]; c0:bw=37,experts=[2,3,7]; c4:bw=20,experts=[4,7]; c3:bw=31,experts=[4,5,7]; c8:bw=18,experts=[5]
   23 | 0.01000 |   2.2710 |   31.54% |   31.54% |    0:40.42
      bandwidth/experts | c5:bw=29,experts=[0,6]; c7:bw=10,experts=[1]; c4:bw=31,experts=[0,6,7]; c6:bw=10,experts=[1]; c9:bw=28,experts=[1,4]; c8:bw=19,experts=[4]; c3:bw=10,experts=[0]; c1:bw=34,experts=[0,4,6]; c2:bw=18,experts=[6]; c0:bw=10,experts=[3]
   24 | 0.01000 |   2.2824 |   33.08% |   33.08% |    0:40.57
      bandwidth/experts | c6:bw=17,experts=[0]; c4:bw=10,experts=[5]; c7:bw=10,experts=[5]; c9:bw=28,experts=[0,1]; c2:bw=24,experts=[5,7]; c1:bw=10,experts=[0]; c5:bw=14,experts=[5]; c8:bw=10,experts=[0]; c3:bw=10,experts=[5]; c0:bw=17,experts=[4]
   25 | 0.01000 |   2.2381 |   34.05% |   34.05% |    0:39.82
      bandwidth/experts | c9:bw=22,experts=[1,3]; c6:bw=10,experts=[4]; c4:bw=32,experts=[1,3,4]; c3:bw=10,experts=[0]; c5:bw=35,experts=[0,6,7]; c1:bw=27,experts=[0,3]; c8:bw=30,experts=[3,5,7]; c2:bw=10,experts=[6]; c0:bw=31,experts=[2,3,4]; c7:bw=22,experts=[5,7]
   26 | 0.01000 |   2.1988 |   32.78% |   34.05% |    0:41.22
      bandwidth/experts | c3:bw=25,experts=[0,6]; c6:bw=19,experts=[5]; c9:bw=28,experts=[1,2]; c7:bw=17,experts=[0]; c1:bw=18,experts=[6]; c5:bw=11,experts=[7]; c2:bw=17,experts=[7]; c8:bw=30,experts=[0,3,4]; c0:bw=10,experts=[7]; c4:bw=26,experts=[1,7]
   27 | 0.01000 |   2.3235 |   30.39% |   34.05% |    0:39.35
      bandwidth/experts | c7:bw=29,experts=[3,6]; c1:bw=34,experts=[1,6,7]; c4:bw=10,experts=[3]; c0:bw=20,experts=[2,5]; c9:bw=10,experts=[2]; c2:bw=11,experts=[1]; c8:bw=31,experts=[0,3,4]; c3:bw=12,experts=[7]; c6:bw=35,experts=[2,5,6]; c5:bw=20,experts=[0,3]
   28 | 0.01000 |   2.3319 |   21.47% |   34.05% |    0:39.29
      bandwidth/experts | c6:bw=16,experts=[2]; c9:bw=27,experts=[3,4]; c0:bw=26,experts=[0,7]; c8:bw=16,experts=[3]; c2:bw=10,experts=[7]; c5:bw=18,experts=[5]; c1:bw=14,experts=[6]; c3:bw=10,experts=[3]; c4:bw=10,experts=[2]; c7:bw=10,experts=[3]
   29 | 0.01000 |   2.4380 |   33.70% |   34.05% |    0:39.76
      bandwidth/experts | c4:bw=21,experts=[1,5]; c0:bw=24,experts=[1,2]; c1:bw=18,experts=[2]; c9:bw=24,experts=[3,5]; c6:bw=24,experts=[1,4]; c8:bw=19,experts=[4]; c7:bw=12,experts=[5]; c3:bw=18,experts=[7]; c2:bw=10,experts=[2]; c5:bw=19,experts=[4]
   30 | 0.01000 |   2.1652 |   36.88% |   36.88% |    0:39.85
      bandwidth/experts | c5:bw=34,experts=[1,5,7]; c1:bw=20,experts=[0,3]; c9:bw=30,experts=[3,5,7]; c4:bw=29,experts=[3,4]; c0:bw=10,experts=[4]; c8:bw=23,experts=[2,6]; c6:bw=10,experts=[7]; c7:bw=10,experts=[3]; c3:bw=33,experts=[0,2,5]; c2:bw=15,experts=[1]
   31 | 0.01000 |   2.1199 |   35.55% |   36.88% |    0:41.06
      bandwidth/experts | c6:bw=16,experts=[1]; c4:bw=11,experts=[1]; c9:bw=25,experts=[4,7]; c1:bw=17,experts=[6]; c5:bw=34,experts=[1,4,7]; c8:bw=18,experts=[5]; c3:bw=13,experts=[7]; c2:bw=10,experts=[1]; c0:bw=26,experts=[2,5]; c7:bw=35,experts=[0,1,6]
   32 | 0.01000 |   2.1093 |   35.36% |   36.88% |    0:39.96
      bandwidth/experts | c8:bw=12,experts=[1]; c5:bw=20,experts=[0,5]; c4:bw=27,experts=[0,2]; c7:bw=26,experts=[3,6]; c0:bw=25,experts=[0,2]; c1:bw=12,experts=[5]; c3:bw=16,experts=[2]; c6:bw=15,experts=[2]; c2:bw=30,experts=[2,5,6]; c9:bw=17,experts=[2]
   33 | 0.01000 |   2.1317 |   25.00% |   36.88% |    0:41.81
      bandwidth/experts | c7:bw=29,experts=[5,6]; c1:bw=19,experts=[6]; c3:bw=39,experts=[1,5,7]; c6:bw=20,experts=[0,2]; c5:bw=16,experts=[2]; c9:bw=23,experts=[2,6]; c2:bw=13,experts=[2]; c8:bw=28,experts=[4,6]; c4:bw=25,experts=[2,6]; c0:bw=35,experts=[1,3,4]
   34 | 0.01000 |   2.2515 |   35.17% |   36.88% |    0:39.61
      bandwidth/experts | c4:bw=26,experts=[0,6]; c1:bw=26,experts=[2,3]; c6:bw=27,experts=[3,5]; c9:bw=38,experts=[2,3,5]; c8:bw=23,experts=[0,7]; c0:bw=12,experts=[2]; c5:bw=33,experts=[1,3,7]; c7:bw=18,experts=[2]; c3:bw=40,experts=[2,3,6,7]; c2:bw=30,experts=[1,5,6]
   35 | 0.01000 |   2.1475 |   39.71% |   39.71% |    0:39.66
      bandwidth/experts | c4:bw=18,experts=[7]; c0:bw=11,experts=[5]; c1:bw=17,experts=[3]; c6:bw=24,experts=[5,7]; c2:bw=25,experts=[0,2]; c8:bw=28,experts=[0,5]; c9:bw=15,experts=[6]; c7:bw=27,experts=[6,7]; c5:bw=23,experts=[6,7]; c3:bw=13,experts=[2]
   36 | 0.01000 |   2.0475 |   44.22% |   44.22% |    0:39.82
      bandwidth/experts | c9:bw=21,experts=[1,3]; c0:bw=20,experts=[0,3]; c3:bw=33,experts=[2,3,4]; c7:bw=15,experts=[7]; c6:bw=24,experts=[0,6]; c5:bw=27,experts=[1,5]; c1:bw=10,experts=[0]; c4:bw=40,experts=[0,2,4,6]; c8:bw=28,experts=[0,2]; c2:bw=28,experts=[1,6]
   37 | 0.01000 |   2.0142 |   43.64% |   44.22% |    0:41.02
      bandwidth/experts | c1:bw=10,experts=[0]; c5:bw=22,experts=[0,5]; c2:bw=20,experts=[2,3]; c6:bw=36,experts=[3,4,7]; c4:bw=22,experts=[0,1]; c7:bw=23,experts=[3,6]; c9:bw=22,experts=[4,5]; c0:bw=30,experts=[2,3,7]; c3:bw=20,experts=[1,6]; c8:bw=10,experts=[0]
   38 | 0.01000 |   1.9854 |   31.89% |   44.22% |    0:42.43
      bandwidth/experts | c8:bw=25,experts=[1,6]; c6:bw=10,experts=[5]; c4:bw=29,experts=[3,6]; c1:bw=17,experts=[2]; c5:bw=10,experts=[6]; c2:bw=10,experts=[4]; c3:bw=21,experts=[2,7]; c7:bw=28,experts=[6,7]; c9:bw=14,experts=[0]; c0:bw=22,experts=[2,6]
   39 | 0.01000 |   2.1351 |   42.29% |   44.22% |    0:39.40
      bandwidth/experts | c3:bw=14,experts=[3]; c0:bw=10,experts=[3]; c1:bw=25,experts=[3,6]; c7:bw=22,experts=[4,5]; c6:bw=17,experts=[1]; c8:bw=25,experts=[2,4]; c2:bw=20,experts=[1,3]; c4:bw=20,experts=[2,3]; c9:bw=13,experts=[6]; c5:bw=40,experts=[2,5,6,7]
   40 | 0.01000 |   2.0267 |   38.87% |   44.22% |    0:39.34
      bandwidth/experts | c8:bw=14,experts=[0]; c1:bw=23,experts=[2,4]; c5:bw=18,experts=[6]; c6:bw=26,experts=[2,5]; c2:bw=36,experts=[4,5,7]; c7:bw=37,experts=[0,2,3]; c3:bw=10,experts=[7]; c4:bw=11,experts=[2]; c9:bw=22,experts=[3,7]; c0:bw=20,experts=[3,7]
   41 | 0.01000 |   2.0087 |   42.00% |   44.22% |    0:39.33
      bandwidth/experts | c2:bw=30,experts=[3,4,5]; c6:bw=10,experts=[3]; c8:bw=31,experts=[2,3,7]; c1:bw=10,experts=[7]; c4:bw=28,experts=[2,7]; c5:bw=34,experts=[3,5,6]; c7:bw=38,experts=[0,1,4]; c3:bw=22,experts=[0,2]; c9:bw=30,experts=[2,6,7]; c0:bw=10,experts=[2]
   42 | 0.01000 |   1.9574 |   41.19% |   44.22% |    0:40.65
      bandwidth/experts | c5:bw=28,experts=[3,7]; c1:bw=27,experts=[4,7]; c3:bw=27,experts=[0,1]; c9:bw=28,experts=[3,6]; c6:bw=19,experts=[3]; c0:bw=10,experts=[3]; c7:bw=11,experts=[4]; c4:bw=30,experts=[1,5,6]; c8:bw=23,experts=[3,7]; c2:bw=22,experts=[2,4]
   43 | 0.01000 |   1.9576 |   42.38% |   44.22% |    0:39.70
      bandwidth/experts | c5:bw=29,experts=[6,7]; c1:bw=32,experts=[3,5,7]; c2:bw=28,experts=[3,4]; c8:bw=25,experts=[0,5]; c9:bw=18,experts=[1]; c7:bw=12,experts=[7]; c4:bw=19,experts=[7]; c6:bw=10,experts=[6]; c3:bw=36,experts=[1,2,4]; c0:bw=12,experts=[4]
   44 | 0.01000 |   1.9486 |   45.27% |   45.27% |    0:40.03
      bandwidth/experts | c0:bw=37,experts=[0,5,6]; c3:bw=26,experts=[3,4]; c4:bw=16,experts=[1]; c2:bw=20,experts=[0,5]; c7:bw=40,experts=[0,2,3,6]; c5:bw=13,experts=[2]; c6:bw=11,experts=[4]; c9:bw=21,experts=[3,5]; c8:bw=19,experts=[2]; c1:bw=25,experts=[2,5]
   45 | 0.01000 |   1.9192 |   48.25% |   48.25% |    0:39.90
      bandwidth/experts | c8:bw=31,experts=[0,2,3]; c0:bw=20,experts=[3,6]; c3:bw=37,experts=[0,4,5]; c4:bw=36,experts=[0,4,5]; c7:bw=20,experts=[0,5]; c2:bw=27,experts=[1,4]; c9:bw=14,experts=[6]; c6:bw=10,experts=[0]; c5:bw=25,experts=[1,4]; c1:bw=31,experts=[0,2,3]
   46 | 0.01000 |   1.9076 |   45.93% |   48.25% |    0:40.32
      bandwidth/experts | c9:bw=20,experts=[5,6]; c3:bw=15,experts=[5]; c6:bw=21,experts=[5,6]; c1:bw=23,experts=[5,7]; c4:bw=35,experts=[3,4,6]; c5:bw=23,experts=[0,5]; c2:bw=32,experts=[1,2,5]; c8:bw=22,experts=[3,6]; c0:bw=30,experts=[1,5,6]; c7:bw=16,experts=[0]
   47 | 0.01000 |   1.9059 |   43.96% |   48.25% |    0:41.34
      bandwidth/experts | c5:bw=29,experts=[2,3]; c6:bw=12,experts=[1]; c7:bw=29,experts=[0,7]; c9:bw=10,experts=[7]; c8:bw=22,experts=[5,7]; c3:bw=39,experts=[0,2,4]; c4:bw=10,experts=[1]; c0:bw=25,experts=[4,7]; c1:bw=17,experts=[0]; c2:bw=30,experts=[1,2,7]
   48 | 0.01000 |   1.8989 |   48.85% |   48.85% |    0:39.30
      bandwidth/experts | c1:bw=28,experts=[4,7]; c8:bw=28,experts=[1,3]; c4:bw=37,experts=[0,2,6]; c2:bw=31,experts=[0,3,7]; c9:bw=29,experts=[4,5]; c6:bw=25,experts=[0,4]; c5:bw=31,experts=[3,4,6]; c7:bw=35,experts=[0,5,6]; c0:bw=10,experts=[5]; c3:bw=10,experts=[1]
   49 | 0.01000 |   1.8739 |   48.82% |   48.85% |    0:41.66
      bandwidth/experts | c4:bw=27,experts=[0,4]; c3:bw=18,experts=[0]; c8:bw=15,experts=[4]; c0:bw=11,experts=[1]; c2:bw=32,experts=[2,3,5]; c5:bw=31,experts=[4,5,6]; c6:bw=10,experts=[3]; c7:bw=24,experts=[0,5]; c9:bw=29,experts=[2,7]; c1:bw=30,experts=[2,5,7]
   50 | 0.01000 |   1.8870 |   49.96% |   49.96% |    0:39.60
      bandwidth/experts | c8:bw=18,experts=[4]; c4:bw=10,experts=[0]; c7:bw=19,experts=[5]; c6:bw=38,experts=[1,2,7]; c2:bw=35,experts=[0,1,3]; c1:bw=36,experts=[0,1,7]; c3:bw=22,experts=[0,3]; c0:bw=16,experts=[1]; c9:bw=15,experts=[4]; c5:bw=17,experts=[3]
   51 | 0.01000 |   1.8452 |   44.57% |   49.96% |    0:40.10
      bandwidth/experts | c5:bw=26,experts=[2,5]; c0:bw=30,experts=[0,2,3]; c1:bw=12,experts=[4]; c2:bw=11,experts=[7]; c8:bw=26,experts=[2,4]; c6:bw=29,experts=[3,7]; c9:bw=10,experts=[2]; c3:bw=31,experts=[5,6,7]; c4:bw=10,experts=[3]; c7:bw=15,experts=[3]
   52 | 0.01000 |   1.8616 |   49.38% |   49.96% |    0:40.42
      bandwidth/experts | c0:bw=26,experts=[1,3]; c8:bw=10,experts=[7]; c5:bw=13,experts=[0]; c7:bw=19,experts=[2]; c1:bw=22,experts=[1,7]; c4:bw=18,experts=[5]; c9:bw=17,experts=[4]; c6:bw=28,experts=[2,5]; c2:bw=16,experts=[2]; c3:bw=24,experts=[6,7]
   53 | 0.01000 |   1.8368 |   50.85% |   50.85% |    0:40.17
      bandwidth/experts | c8:bw=12,experts=[2]; c4:bw=16,experts=[6]; c5:bw=24,experts=[1,5]; c1:bw=33,experts=[1,3,4]; c3:bw=26,experts=[1,4]; c9:bw=34,experts=[4,6,7]; c6:bw=20,experts=[2,7]; c7:bw=24,experts=[2,5]; c0:bw=21,experts=[2,5]; c2:bw=29,experts=[0,3]
   54 | 0.01000 |   1.8209 |   51.33% |   51.33% |    0:39.65
      bandwidth/experts | c2:bw=10,experts=[0]; c1:bw=29,experts=[0,1]; c8:bw=31,experts=[0,2,6]; c7:bw=34,experts=[2,3,5]; c3:bw=17,experts=[5]; c0:bw=20,experts=[0,5]; c6:bw=30,experts=[2,3,5]; c5:bw=10,experts=[6]; c9:bw=28,experts=[3,5]; c4:bw=18,experts=[5]
   55 | 0.01000 |   1.8045 |   49.01% |   51.33% |    0:40.26
      bandwidth/experts | c7:bw=30,experts=[3,4,7]; c2:bw=23,experts=[5,7]; c4:bw=10,experts=[1]; c3:bw=29,experts=[2,3]; c8:bw=10,experts=[1]; c5:bw=29,experts=[0,1]; c1:bw=33,experts=[2,5,6]; c6:bw=23,experts=[1,3]; c0:bw=15,experts=[4]; c9:bw=34,experts=[0,2,4]
   56 | 0.01000 |   1.8148 |   36.86% |   51.33% |    0:40.87
      bandwidth/experts | c9:bw=29,experts=[1,5]; c1:bw=31,experts=[2,6,7]; c3:bw=10,experts=[4]; c2:bw=29,experts=[5,6]; c5:bw=17,experts=[6]; c4:bw=10,experts=[7]; c8:bw=10,experts=[1]; c7:bw=10,experts=[2]; c6:bw=13,experts=[3]; c0:bw=39,experts=[0,1,6]
   57 | 0.01000 |   1.8769 |   39.52% |   51.33% |    0:40.40
      bandwidth/experts | c3:bw=35,experts=[0,1,5]; c8:bw=24,experts=[1,5]; c6:bw=27,experts=[2,5]; c1:bw=27,experts=[2,5]; c7:bw=38,experts=[2,3,4]; c0:bw=39,experts=[2,6,7]; c5:bw=24,experts=[2,7]; c4:bw=23,experts=[1,4]; c2:bw=18,experts=[4]; c9:bw=11,experts=[6]
   58 | 0.01000 |   1.8282 |   52.00% |   52.00% |    0:40.21
      bandwidth/experts | c7:bw=13,experts=[1]; c2:bw=10,experts=[3]; c9:bw=32,experts=[0,3,4]; c6:bw=30,experts=[0,3,4]; c5:bw=19,experts=[3]; c1:bw=17,experts=[4]; c8:bw=22,experts=[2,7]; c4:bw=21,experts=[0,4]; c3:bw=34,experts=[2,4,5]; c0:bw=26,experts=[0,2]
   59 | 0.01000 |   1.7789 |   51.76% |   52.00% |    0:40.58
      bandwidth/experts | c2:bw=20,experts=[3,6]; c8:bw=31,experts=[0,4,6]; c9:bw=15,experts=[4]; c6:bw=11,experts=[1]; c1:bw=36,experts=[0,2,7]; c4:bw=14,experts=[2]; c7:bw=15,experts=[3]; c5:bw=18,experts=[4]; c0:bw=29,experts=[2,4]; c3:bw=20,experts=[3,6]
   60 | 0.01000 |   1.7653 |   51.87% |   52.00% |    0:41.41
      bandwidth/experts | c0:bw=29,experts=[1,2]; c7:bw=26,experts=[2,5]; c4:bw=17,experts=[5]; c2:bw=17,experts=[4]; c5:bw=18,experts=[7]; c8:bw=14,experts=[1]; c6:bw=33,experts=[0,4,7]; c9:bw=10,experts=[0]; c1:bw=30,experts=[2,6,7]; c3:bw=24,experts=[2,4]
   61 | 0.01000 |   1.7400 |   53.05% |   53.05% |    0:40.84
      bandwidth/experts | c5:bw=27,experts=[3,6]; c6:bw=21,experts=[5,6]; c2:bw=16,experts=[4]; c9:bw=21,experts=[4,7]; c1:bw=19,experts=[4]; c3:bw=24,experts=[2,7]; c8:bw=31,experts=[3,4,5]; c4:bw=21,experts=[3,4]; c7:bw=24,experts=[1,2]; c0:bw=33,experts=[1,2,7]
   62 | 0.01000 |   1.7364 |   52.39% |   53.05% |    0:40.92
      bandwidth/experts | c8:bw=10,experts=[1]; c6:bw=35,experts=[0,2,3]; c9:bw=10,experts=[4]; c4:bw=33,experts=[4,5,6]; c5:bw=37,experts=[5,6,7]; c0:bw=16,experts=[4]; c3:bw=29,experts=[1,6]; c2:bw=23,experts=[5,7]; c1:bw=40,experts=[0,3,5,6]; c7:bw=25,experts=[5,7]
   63 | 0.01000 |   1.7496 |   47.50% |   53.05% |    0:40.27
      bandwidth/experts | c5:bw=10,experts=[0]; c9:bw=12,experts=[2]; c6:bw=19,experts=[5]; c3:bw=29,experts=[0,7]; c8:bw=18,experts=[3]; c1:bw=28,experts=[0,4]; c7:bw=38,experts=[3,4,6]; c0:bw=23,experts=[2,3]; c2:bw=15,experts=[1]; c4:bw=29,experts=[4,6]
   64 | 0.01000 |   1.7362 |   41.36% |   53.05% |    0:41.71
      bandwidth/experts | c6:bw=28,experts=[4,7]; c4:bw=21,experts=[4,7]; c5:bw=13,experts=[1]; c3:bw=21,experts=[1,3]; c7:bw=19,experts=[3]; c0:bw=18,experts=[5]; c8:bw=30,experts=[2,4,6]; c9:bw=33,experts=[0,1,5]; c2:bw=31,experts=[1,2,4]; c1:bw=16,experts=[3]
   65 | 0.01000 |   1.7996 |   53.42% |   53.42% |    0:39.51
      bandwidth/experts | c7:bw=10,experts=[6]; c5:bw=16,experts=[6]; c4:bw=32,experts=[0,1,7]; c6:bw=28,experts=[0,5]; c8:bw=37,experts=[0,2,6]; c3:bw=24,experts=[3,7]; c0:bw=23,experts=[0,6]; c2:bw=16,experts=[4]; c1:bw=32,experts=[0,1,7]; c9:bw=26,experts=[1,4]
   66 | 0.01000 |   1.7892 |   51.14% |   53.42% |    0:39.34
      bandwidth/experts | c2:bw=23,experts=[2,5]; c5:bw=10,experts=[0]; c1:bw=30,experts=[0,2,3]; c8:bw=13,experts=[1]; c9:bw=17,experts=[1]; c6:bw=16,experts=[1]; c4:bw=23,experts=[0,2]; c0:bw=21,experts=[4,7]; c3:bw=37,experts=[1,2,3]; c7:bw=28,experts=[1,5]
   67 | 0.01000 |   1.7492 |   52.92% |   53.42% |    0:39.48
      bandwidth/experts | c4:bw=28,experts=[1,3]; c5:bw=27,experts=[3,5]; c1:bw=20,experts=[3,7]; c3:bw=14,experts=[0]; c6:bw=29,experts=[1,6]; c0:bw=18,experts=[0]; c2:bw=24,experts=[0,6]; c9:bw=33,experts=[0,1,3]; c7:bw=33,experts=[4,5,7]; c8:bw=10,experts=[5]
   68 | 0.01000 |   1.7446 |   55.46% |   55.46% |    0:39.42
      bandwidth/experts | c1:bw=23,experts=[3,5]; c8:bw=17,experts=[6]; c2:bw=32,experts=[1,3,4]; c0:bw=17,experts=[6]; c3:bw=14,experts=[7]; c4:bw=27,experts=[5,7]; c5:bw=25,experts=[1,2]; c9:bw=10,experts=[5]; c7:bw=15,experts=[2]; c6:bw=18,experts=[2]
   69 | 0.01000 |   1.7282 |   38.21% |   55.46% |    0:39.40
      bandwidth/experts | c3:bw=23,experts=[2,7]; c7:bw=32,experts=[3,4,7]; c1:bw=17,experts=[6]; c4:bw=23,experts=[1,4]; c9:bw=20,experts=[2,3]; c5:bw=22,experts=[4,5]; c0:bw=29,experts=[0,5]; c2:bw=37,experts=[2,6,7]; c8:bw=23,experts=[3,6]; c6:bw=15,experts=[7]
   70 | 0.01000 |   1.8011 |   48.33% |   55.46% |    0:39.34
      bandwidth/experts | c1:bw=13,experts=[4]; c9:bw=10,experts=[0]; c7:bw=16,experts=[1]; c3:bw=18,experts=[7]; c0:bw=17,experts=[7]; c6:bw=14,experts=[5]; c2:bw=31,experts=[0,5,7]; c4:bw=32,experts=[1,2,4]; c5:bw=13,experts=[0]; c8:bw=27,experts=[5,7]
   71 | 0.01000 |   1.7568 |   38.96% |   55.46% |    0:39.44
      bandwidth/experts | c4:bw=24,experts=[5,7]; c0:bw=10,experts=[6]; c1:bw=29,experts=[3,6]; c9:bw=22,experts=[6,7]; c7:bw=11,experts=[7]; c5:bw=19,experts=[5]; c3:bw=34,experts=[3,5,7]; c6:bw=28,experts=[0,4]; c8:bw=21,experts=[2,5]; c2:bw=34,experts=[3,6,7]
   72 | 0.01000 |   1.8195 |   36.52% |   55.46% |    0:39.52
      bandwidth/experts | c8:bw=16,experts=[5]; c1:bw=22,experts=[2,6]; c5:bw=24,experts=[0,7]; c7:bw=27,experts=[3,4]; c6:bw=11,experts=[2]; c0:bw=29,experts=[3,5]; c3:bw=13,experts=[3]; c2:bw=13,experts=[7]; c9:bw=21,experts=[3,5]; c4:bw=22,experts=[5,6]
   73 | 0.01000 |   1.8649 |   50.17% |   55.46% |    0:39.47
      bandwidth/experts | c2:bw=26,experts=[0,6]; c8:bw=10,experts=[2]; c3:bw=22,experts=[1,4]; c1:bw=37,experts=[4,5,7]; c5:bw=10,experts=[0]; c9:bw=29,experts=[2,6]; c0:bw=16,experts=[1]; c7:bw=20,experts=[3,5]; c6:bw=11,experts=[7]; c4:bw=23,experts=[1,6]
   74 | 0.01000 |   1.8050 |   51.10% |   55.46% |    0:39.47
      bandwidth/experts | c3:bw=10,experts=[6]; c0:bw=22,experts=[1,2]; c1:bw=15,experts=[3]; c5:bw=28,experts=[1,5]; c7:bw=36,experts=[1,2,7]; c8:bw=16,experts=[4]; c6:bw=10,experts=[2]; c2:bw=10,experts=[5]; c4:bw=26,experts=[3,7]; c9:bw=18,experts=[6]
   75 | 0.01000 |   1.7516 |   47.21% |   55.46% |    0:39.29
      bandwidth/experts | c2:bw=22,experts=[2,5]; c9:bw=34,experts=[4,5,7]; c1:bw=30,experts=[3,4,6]; c3:bw=11,experts=[6]; c7:bw=16,experts=[0]; c6:bw=31,experts=[0,3,5]; c5:bw=17,experts=[2]; c4:bw=31,experts=[1,3,4]; c0:bw=34,experts=[3,5,6]; c8:bw=30,experts=[5,6,7]
   76 | 0.01000 |   1.7494 |   50.91% |   55.46% |    0:39.33
      bandwidth/experts | c8:bw=16,experts=[7]; c5:bw=21,experts=[6,7]; c0:bw=17,experts=[6]; c3:bw=10,experts=[6]; c2:bw=14,experts=[0]; c6:bw=13,experts=[5]; c7:bw=37,experts=[3,5,6]; c4:bw=34,experts=[1,2,7]; c9:bw=32,experts=[1,5,7]; c1:bw=30,experts=[0,4,5]
   77 | 0.01000 |   1.7196 |   49.11% |   55.46% |    0:39.35
      bandwidth/experts | c9:bw=16,experts=[2]; c2:bw=19,experts=[3]; c1:bw=35,experts=[2,4,7]; c8:bw=10,experts=[2]; c4:bw=10,experts=[3]; c7:bw=10,experts=[1]; c6:bw=32,experts=[0,5,6]; c0:bw=35,experts=[0,3,6]; c3:bw=22,experts=[6,7]; c5:bw=33,experts=[1,2,5]
   78 | 0.01000 |   1.7230 |   56.47% |   56.47% |    0:39.37
      bandwidth/experts | c0:bw=15,experts=[3]; c4:bw=13,experts=[2]; c3:bw=21,experts=[0,5]; c7:bw=20,experts=[1,4]; c8:bw=30,experts=[0,6,7]; c1:bw=23,experts=[5,7]; c9:bw=17,experts=[2]; c6:bw=32,experts=[0,2,7]; c5:bw=35,experts=[0,6,7]; c2:bw=19,experts=[6]
   79 | 0.01000 |   1.6923 |   54.97% |   56.47% |    0:39.37
      bandwidth/experts | c6:bw=12,experts=[5]; c9:bw=10,experts=[4]; c0:bw=20,experts=[6,7]; c4:bw=40,experts=[1,3,4,6]; c7:bw=25,experts=[0,4]; c8:bw=25,experts=[4,7]; c5:bw=29,experts=[0,3]; c3:bw=15,experts=[0]; c1:bw=21,experts=[0,1]; c2:bw=18,experts=[5]
   80 | 0.01000 |   1.6714 |   50.29% |   56.47% |    0:39.24
      bandwidth/experts | c5:bw=36,experts=[4,6,7]; c9:bw=29,experts=[4,6]; c7:bw=26,experts=[3,4]; c1:bw=17,experts=[4]; c3:bw=17,experts=[4]; c4:bw=32,experts=[0,4,6]; c2:bw=24,experts=[3,7]; c0:bw=26,experts=[0,7]; c6:bw=22,experts=[1,4]; c8:bw=28,experts=[1,2]
   81 | 0.01000 |   1.6599 |   48.26% |   56.47% |    0:39.20
      bandwidth/experts | c6:bw=29,experts=[1,6]; c2:bw=25,experts=[4,5]; c3:bw=37,experts=[0,1,5]; c1:bw=27,experts=[2,6]; c4:bw=23,experts=[3,6]; c5:bw=17,experts=[3]; c9:bw=15,experts=[0]; c7:bw=32,experts=[1,2,4]; c8:bw=26,experts=[1,7]; c0:bw=28,experts=[1,4]
   82 | 0.01000 |   1.6653 |   56.83% |   56.83% |    0:39.27
      bandwidth/experts | c1:bw=36,experts=[0,5,7]; c0:bw=17,experts=[2]; c6:bw=20,experts=[0,7]; c8:bw=32,experts=[1,2,3]; c7:bw=22,experts=[1,5]; c3:bw=22,experts=[0,6]; c2:bw=16,experts=[7]; c9:bw=31,experts=[2,3,7]; c5:bw=22,experts=[1,4]; c4:bw=16,experts=[0]
   83 | 0.01000 |   1.6530 |   45.17% |   56.83% |    0:39.22
      bandwidth/experts | c9:bw=29,experts=[2,6]; c4:bw=10,experts=[2]; c2:bw=23,experts=[3,4]; c7:bw=21,experts=[1,4]; c5:bw=10,experts=[2]; c0:bw=10,experts=[6]; c6:bw=29,experts=[6,7]; c1:bw=35,experts=[0,6,7]; c8:bw=22,experts=[4,6]; c3:bw=24,experts=[1,3]
   84 | 0.01000 |   1.6789 |   49.26% |   56.83% |    0:39.33
      bandwidth/experts | c8:bw=37,experts=[1,2,3]; c3:bw=18,experts=[6]; c1:bw=32,experts=[2,5,6]; c6:bw=10,experts=[4]; c9:bw=11,experts=[1]; c2:bw=20,experts=[1,6]; c7:bw=26,experts=[0,1]; c5:bw=11,experts=[6]; c4:bw=15,experts=[3]; c0:bw=10,experts=[0]
   85 | 0.01000 |   1.6676 |   54.76% |   56.83% |    0:39.35
      bandwidth/experts | c0:bw=21,experts=[1,3]; c2:bw=25,experts=[1,2]; c8:bw=39,experts=[2,4,7]; c6:bw=23,experts=[0,6]; c1:bw=31,experts=[0,1,2]; c4:bw=23,experts=[0,4]; c9:bw=32,experts=[2,3,4]; c3:bw=28,experts=[1,2]; c5:bw=10,experts=[1]; c7:bw=10,experts=[4]
   86 | 0.01000 |   1.6288 |   56.23% |   56.83% |    0:39.37
      bandwidth/experts | c5:bw=26,experts=[1,7]; c8:bw=15,experts=[1]; c2:bw=13,experts=[4]; c6:bw=31,experts=[2,4,6]; c0:bw=17,experts=[1]; c4:bw=10,experts=[4]; c7:bw=24,experts=[0,3]; c3:bw=15,experts=[0]; c1:bw=40,experts=[0,1,4,7]; c9:bw=24,experts=[0,2]
   87 | 0.01000 |   1.6049 |   55.33% |   56.83% |    0:39.27
      bandwidth/experts | c1:bw=16,experts=[2]; c2:bw=37,experts=[0,5,7]; c7:bw=12,experts=[1]; c5:bw=10,experts=[7]; c6:bw=33,experts=[2,5,7]; c3:bw=38,experts=[1,3,7]; c4:bw=19,experts=[5]; c9:bw=21,experts=[0,7]; c8:bw=26,experts=[0,4]; c0:bw=19,experts=[2]
   88 | 0.01000 |   1.6007 |   52.00% |   56.83% |    0:39.45
      bandwidth/experts | c8:bw=24,experts=[1,6]; c6:bw=15,experts=[7]; c3:bw=18,experts=[5]; c7:bw=23,experts=[0,7]; c0:bw=34,experts=[4,6,7]; c4:bw=21,experts=[2,5]; c9:bw=17,experts=[0]; c1:bw=16,experts=[4]; c5:bw=17,experts=[1]; c2:bw=25,experts=[1,4]
   89 | 0.01000 |   1.6319 |   55.64% |   56.83% |    0:39.46
      bandwidth/experts | c3:bw=17,experts=[5]; c8:bw=40,experts=[1,2,4,7]; c2:bw=25,experts=[5,7]; c9:bw=34,experts=[0,1,6]; c7:bw=12,experts=[6]; c5:bw=25,experts=[5,6]; c0:bw=10,experts=[0]; c6:bw=18,experts=[0]; c4:bw=17,experts=[7]; c1:bw=23,experts=[3,5]
   90 | 0.01000 |   1.5988 |   55.73% |   56.83% |    0:39.34
      bandwidth/experts | c7:bw=40,experts=[0,2,3,4]; c1:bw=17,experts=[2]; c3:bw=20,experts=[1,2]; c9:bw=35,experts=[0,6,7]; c0:bw=35,experts=[0,2,3]; c6:bw=14,experts=[5]; c2:bw=12,experts=[3]; c5:bw=15,experts=[1]; c8:bw=28,experts=[4,7]; c4:bw=20,experts=[2,6]
   91 | 0.01000 |   1.5968 |   41.60% |   56.83% |    0:39.28
      bandwidth/experts | c1:bw=28,experts=[6,7]; c9:bw=19,experts=[5]; c5:bw=29,experts=[1,2]; c7:bw=29,experts=[1,4]; c3:bw=22,experts=[2,3]; c4:bw=30,experts=[2,5,6]; c0:bw=12,experts=[7]; c6:bw=16,experts=[6]; c2:bw=10,experts=[0]; c8:bw=13,experts=[6]
   92 | 0.01000 |   1.6743 |   43.47% |   56.83% |    0:39.48
      bandwidth/experts | c3:bw=16,experts=[1]; c7:bw=19,experts=[6]; c1:bw=11,experts=[6]; c0:bw=16,experts=[7]; c8:bw=11,experts=[4]; c6:bw=25,experts=[3,7]; c9:bw=31,experts=[3,4,6]; c2:bw=14,experts=[5]; c5:bw=37,experts=[0,3,4]; c4:bw=15,experts=[1]
   93 | 0.01000 |   1.6955 |   53.98% |   56.83% |    0:39.47
      bandwidth/experts | c1:bw=26,experts=[2,6]; c3:bw=17,experts=[5]; c7:bw=12,experts=[5]; c9:bw=32,experts=[2,3,6]; c6:bw=12,experts=[5]; c8:bw=10,experts=[6]; c5:bw=10,experts=[6]; c4:bw=18,experts=[1]; c0:bw=10,experts=[7]; c2:bw=28,experts=[3,7]
   94 | 0.01000 |   1.6263 |   57.76% |   57.76% |    0:39.41
      bandwidth/experts | c7:bw=25,experts=[2,5]; c2:bw=36,experts=[2,5,6]; c5:bw=23,experts=[1,5]; c4:bw=17,experts=[0]; c6:bw=17,experts=[0]; c9:bw=28,experts=[0,4]; c1:bw=39,experts=[1,5,7]; c8:bw=10,experts=[1]; c0:bw=31,experts=[0,5,7]; c3:bw=19,experts=[4]
   95 | 0.01000 |   1.5730 |   53.47% |   57.76% |    0:39.49
      bandwidth/experts | c7:bw=33,experts=[1,2,4]; c9:bw=23,experts=[1,7]; c4:bw=10,experts=[4]; c6:bw=22,experts=[3,7]; c0:bw=19,experts=[3]; c3:bw=23,experts=[0,1]; c1:bw=17,experts=[4]; c8:bw=40,experts=[0,3,4,5]; c2:bw=13,experts=[6]; c5:bw=10,experts=[5]
   96 | 0.01000 |   1.5680 |   49.18% |   57.76% |    0:39.78
      bandwidth/experts | c2:bw=36,experts=[1,2,4]; c9:bw=25,experts=[1,3]; c3:bw=25,experts=[2,5]; c1:bw=20,experts=[0,5]; c5:bw=33,experts=[3,4,6]; c4:bw=27,experts=[4,6]; c6:bw=17,experts=[1]; c7:bw=28,experts=[2,7]; c0:bw=20,experts=[2,7]; c8:bw=36,experts=[1,4,6]
   97 | 0.01000 |   1.5913 |   51.69% |   57.76% |    0:39.81
      bandwidth/experts | c0:bw=23,experts=[4,5]; c9:bw=24,experts=[0,5]; c8:bw=24,experts=[4,5]; c4:bw=10,experts=[2]; c7:bw=17,experts=[0]; c1:bw=28,experts=[2,5]; c3:bw=19,experts=[2]; c5:bw=26,experts=[2,6]; c6:bw=28,experts=[6,7]; c2:bw=30,experts=[1,4,6]
   98 | 0.01000 |   1.5703 |   57.47% |   57.76% |    0:39.82
      bandwidth/experts | c4:bw=29,experts=[1,3]; c8:bw=30,experts=[0,4,6]; c9:bw=15,experts=[0]; c7:bw=13,experts=[6]; c6:bw=20,experts=[2,3]; c5:bw=27,experts=[0,5]; c0:bw=19,experts=[1]; c3:bw=14,experts=[6]; c1:bw=15,experts=[4]; c2:bw=13,experts=[1]
   99 | 0.01000 |   1.5402 |   53.87% |   57.76% |    0:40.32
      bandwidth/experts | c8:bw=19,experts=[2]; c5:bw=27,experts=[5,6]; c7:bw=25,experts=[4,5]; c1:bw=33,experts=[0,3,4]; c3:bw=21,experts=[4,5]; c9:bw=11,experts=[2]; c4:bw=14,experts=[1]; c0:bw=22,experts=[1,5]; c2:bw=17,experts=[4]; c6:bw=19,experts=[5]
  100 | 0.01000 |   1.5750 |   47.02% |   57.76% |    0:40.57
      bandwidth/experts | c2:bw=17,experts=[4]; c8:bw=25,experts=[0,4]; c9:bw=29,experts=[1,5]; c5:bw=10,experts=[7]; c6:bw=25,experts=[4,5]; c1:bw=10,experts=[6]; c4:bw=36,experts=[1,6,7]; c7:bw=10,experts=[7]; c3:bw=23,experts=[3,7]; c0:bw=36,experts=[2,6,7]

Done. Best Acc: 57.76% @ round 94
Total time: 1:06:50.85
[Export] 实验目录: /userhome/cs3/duanty/FedMoE/results/20260920-075926
[Export] 每轮明细: /userhome/cs3/duanty/FedMoE/results/20260920-075926/rounds.xlsx
[Export] 总体摘要: /userhome/cs3/duanty/FedMoE/results/20260920-075926/summary.xlsx
[Plot] result = /userhome/cs3/duanty/FedMoE/results/20260920-075926
[Plot] figures -> /userhome/cs3/duanty/FedMoE/results/20260920-075926/figure
  fig01_test_accuracy.pdf
  fig02_train_loss.pdf
  fig03_acc_and_loss.pdf
  fig04_bandwidth_and_k.pdf
  fig05_expert_round_heatmap.pdf
  fig06_client_expert_heatmap.pdf
  fig07_expert_frequency.pdf
  fig08_time_breakdown.pdf
  fig09_accuracy_vs_communication.pdf
  fig10_overview.pdf
[Export] 图片目录: /userhome/cs3/duanty/FedMoE/results/20260920-075926/figure
