========================================
Job    : c100-resnet-e8-random
Host   : gpu-4090-103
Date   : Sun Sep 20 06:24:03 HKT 2026
GPU    : 0
Python : /userhome/cs3/duanty/miniconda3/envs/moe/bin/python
Command: python -u main.py --method ours --dataset cifar100 --backbone resnet --select random --merge ours --device cuda --num_experts 8
========================================

==================================================================
 Ours  
  Dataset=cifar100 | beta=0.1 | Backbone=resnet | width_mult=1 | Clients=10 | Experts=8
  Select=random | Merge=ours
  Rounds=100 | LR=0.01
  Bandwidth: expert_bw=10 | bw=[10, 40] | Rayleigh-Shannon, SNR=10 dB | k=floor(bw/10)
==================================================================


[Partition] Dirichlet beta=0.1, 10 clients
  Client 0:   4573 samples | 45/100 classes
  Client 1:   4218 samples | 54/100 classes
  Client 2:   3656 samples | 48/100 classes
  Client 3:   5018 samples | 43/100 classes
  Client 4:   6664 samples | 52/100 classes
  Client 5:   6137 samples | 45/100 classes
  Client 6:   6582 samples | 49/100 classes
  Client 7:   4512 samples | 39/100 classes
  Client 8:   5219 samples | 46/100 classes
  Client 9:   3421 samples | 100/100 classes

[Upload] expert_bw=10 | available bw=[10, 40] | Rayleigh-Shannon, SNR=10 dB | upload k=floor(bw/10), cap=8 | random K experts from bandwidth, then train selected

[Model] Total params: 13,684,576

[Export] 本次实验目录: /userhome/cs3/duanty/FedMoE/results/20260920-062407

Round |      LR |  AvgLoss |  TestAcc |     Best |  RoundTime
--------------------------------------------------------------------------------
    1 | 0.00208 |   4.2197 |    1.72% |    1.72% |    0:51.77
      bandwidth/experts | c8:bw=31,experts=[3,6,7]; c1:bw=16,experts=[2]; c5:bw=25,experts=[0,3]; c0:bw=10,experts=[7]; c7:bw=11,experts=[5]; c2:bw=16,experts=[3]; c9:bw=25,experts=[0,7]; c4:bw=22,experts=[0,7]; c3:bw=28,experts=[0,1]; c6:bw=23,experts=[0,7]
    2 | 0.00406 |   3.8616 |    2.15% |    2.15% |    0:50.73
      bandwidth/experts | c0:bw=20,experts=[6,7]; c1:bw=23,experts=[2,4]; c8:bw=27,experts=[0,3]; c5:bw=38,experts=[4,6,7]; c3:bw=37,experts=[0,1,2]; c4:bw=17,experts=[0]; c7:bw=31,experts=[0,1,7]; c9:bw=26,experts=[3,7]; c6:bw=10,experts=[3]; c2:bw=12,experts=[7]
    3 | 0.00604 |   3.6511 |    2.73% |    2.73% |    0:51.00
      bandwidth/experts | c9:bw=26,experts=[3,5]; c2:bw=23,experts=[0,6]; c0:bw=28,experts=[5,6]; c6:bw=22,experts=[0,1]; c8:bw=17,experts=[3]; c5:bw=10,experts=[6]; c3:bw=14,experts=[5]; c7:bw=18,experts=[2]; c1:bw=10,experts=[1]; c4:bw=29,experts=[2,7]
    4 | 0.00802 |   3.4035 |    4.06% |    4.06% |    0:50.41
      bandwidth/experts | c1:bw=22,experts=[1,4]; c7:bw=25,experts=[1,3]; c6:bw=29,experts=[3,5]; c2:bw=33,experts=[1,3,5]; c8:bw=17,experts=[1]; c0:bw=33,experts=[2,3,7]; c3:bw=19,experts=[5]; c4:bw=31,experts=[0,2,3]; c5:bw=40,experts=[1,2,4,6]; c9:bw=12,experts=[6]
    5 | 0.01000 |   3.2458 |    6.50% |    6.50% |    0:50.99
      bandwidth/experts | c1:bw=11,experts=[1]; c5:bw=22,experts=[5,6]; c4:bw=27,experts=[2,5]; c8:bw=20,experts=[1,2]; c0:bw=28,experts=[1,6]; c7:bw=14,experts=[6]; c6:bw=29,experts=[1,2]; c3:bw=35,experts=[0,1,6]; c2:bw=10,experts=[1]; c9:bw=35,experts=[0,6,7]
    6 | 0.01000 |   3.2896 |    6.89% |    6.89% |    0:50.25
      bandwidth/experts | c8:bw=37,experts=[1,6,7]; c2:bw=23,experts=[2,6]; c5:bw=15,experts=[4]; c7:bw=32,experts=[1,3,5]; c3:bw=20,experts=[4,7]; c1:bw=18,experts=[1]; c9:bw=27,experts=[0,5]; c0:bw=17,experts=[5]; c4:bw=10,experts=[5]; c6:bw=11,experts=[5]
    7 | 0.01000 |   3.2749 |    8.08% |    8.08% |    0:49.75
      bandwidth/experts | c0:bw=20,experts=[4,7]; c5:bw=27,experts=[0,2]; c2:bw=22,experts=[3,6]; c6:bw=10,experts=[6]; c3:bw=15,experts=[4]; c7:bw=17,experts=[5]; c4:bw=10,experts=[1]; c1:bw=10,experts=[0]; c8:bw=32,experts=[3,4,7]; c9:bw=10,experts=[6]
    8 | 0.01000 |   3.2316 |    8.24% |    8.24% |    0:49.48
      bandwidth/experts | c4:bw=10,experts=[7]; c8:bw=20,experts=[0,1]; c1:bw=32,experts=[2,3,6]; c3:bw=21,experts=[1,6]; c0:bw=18,experts=[6]; c5:bw=16,experts=[2]; c2:bw=30,experts=[2,4,7]; c9:bw=33,experts=[0,1,4]; c7:bw=10,experts=[2]; c6:bw=23,experts=[3,5]
    9 | 0.01000 |   3.1293 |   11.26% |   11.26% |    0:49.34
      bandwidth/experts | c2:bw=12,experts=[2]; c0:bw=29,experts=[0,5]; c4:bw=33,experts=[1,2,4]; c9:bw=15,experts=[5]; c8:bw=10,experts=[1]; c6:bw=17,experts=[2]; c7:bw=25,experts=[4,5]; c5:bw=29,experts=[3,4]; c1:bw=10,experts=[1]; c3:bw=13,experts=[6]
   10 | 0.01000 |   2.9980 |   10.52% |   11.26% |    0:48.81
      bandwidth/experts | c4:bw=20,experts=[3,5]; c2:bw=19,experts=[1]; c7:bw=21,experts=[5,6]; c0:bw=33,experts=[3,6,7]; c6:bw=36,experts=[1,2,5]; c3:bw=26,experts=[4,5]; c5:bw=32,experts=[3,6,7]; c8:bw=20,experts=[1,5]; c9:bw=20,experts=[4,7]; c1:bw=23,experts=[0,1]
   11 | 0.01000 |   2.9843 |   14.16% |   14.16% |    0:49.56
      bandwidth/experts | c5:bw=15,experts=[2]; c2:bw=15,experts=[1]; c7:bw=24,experts=[3,4]; c3:bw=28,experts=[3,7]; c0:bw=16,experts=[2]; c8:bw=22,experts=[2,5]; c9:bw=18,experts=[7]; c6:bw=31,experts=[0,1,2]; c1:bw=22,experts=[1,2]; c4:bw=10,experts=[5]
   12 | 0.01000 |   3.1919 |   17.16% |   17.16% |    0:49.96
      bandwidth/experts | c1:bw=24,experts=[0,7]; c5:bw=31,experts=[2,5,7]; c2:bw=32,experts=[0,2,4]; c4:bw=16,experts=[5]; c3:bw=19,experts=[7]; c7:bw=16,experts=[3]; c9:bw=23,experts=[4,5]; c6:bw=16,experts=[2]; c8:bw=31,experts=[4,6,7]; c0:bw=27,experts=[2,3]
   13 | 0.01000 |   3.0680 |   11.61% |   17.16% |    0:49.93
      bandwidth/experts | c3:bw=17,experts=[6]; c1:bw=26,experts=[1,2]; c4:bw=10,experts=[2]; c5:bw=16,experts=[4]; c8:bw=10,experts=[0]; c6:bw=20,experts=[2,4]; c9:bw=10,experts=[5]; c7:bw=32,experts=[2,4,6]; c0:bw=14,experts=[2]; c2:bw=10,experts=[3]
   14 | 0.01000 |   3.0505 |   17.68% |   17.68% |    0:50.09
      bandwidth/experts | c2:bw=25,experts=[1,5]; c4:bw=10,experts=[3]; c5:bw=36,experts=[3,4,7]; c1:bw=21,experts=[1,7]; c7:bw=14,experts=[5]; c0:bw=14,experts=[1]; c9:bw=18,experts=[7]; c3:bw=25,experts=[4,6]; c8:bw=12,experts=[1]; c6:bw=37,experts=[0,4,6]
   15 | 0.01000 |   2.9354 |   15.74% |   17.68% |    0:50.10
      bandwidth/experts | c7:bw=33,experts=[1,4,7]; c0:bw=11,experts=[0]; c1:bw=10,experts=[0]; c8:bw=29,experts=[1,4]; c3:bw=10,experts=[4]; c2:bw=29,experts=[3,4]; c4:bw=26,experts=[2,7]; c5:bw=10,experts=[5]; c9:bw=11,experts=[2]; c6:bw=18,experts=[5]
   16 | 0.01000 |   2.8495 |   16.79% |   17.68% |    0:50.03
      bandwidth/experts | c6:bw=22,experts=[5,7]; c1:bw=16,experts=[0]; c3:bw=24,experts=[0,5]; c8:bw=27,experts=[6,7]; c7:bw=12,experts=[6]; c5:bw=22,experts=[4,6]; c4:bw=20,experts=[1,5]; c9:bw=13,experts=[0]; c0:bw=32,experts=[5,6,7]; c2:bw=29,experts=[1,5]
   17 | 0.01000 |   2.8091 |   22.22% |   22.22% |    0:49.89
      bandwidth/experts | c4:bw=32,experts=[0,1,3]; c7:bw=14,experts=[6]; c8:bw=10,experts=[6]; c3:bw=29,experts=[3,6]; c5:bw=10,experts=[6]; c1:bw=16,experts=[4]; c0:bw=10,experts=[5]; c2:bw=11,experts=[1]; c9:bw=21,experts=[1,5]; c6:bw=21,experts=[4,7]
   18 | 0.01000 |   2.6851 |   17.84% |   22.22% |    0:49.93
      bandwidth/experts | c1:bw=10,experts=[6]; c8:bw=10,experts=[6]; c5:bw=19,experts=[7]; c2:bw=21,experts=[3,4]; c9:bw=10,experts=[1]; c7:bw=30,experts=[3,4,5]; c4:bw=31,experts=[0,3,7]; c3:bw=21,experts=[1,5]; c0:bw=27,experts=[2,4]; c6:bw=17,experts=[7]
   19 | 0.01000 |   2.5929 |   25.36% |   25.36% |    0:49.85
      bandwidth/experts | c8:bw=31,experts=[0,5,7]; c0:bw=23,experts=[2,4]; c4:bw=28,experts=[1,4]; c1:bw=26,experts=[0,5]; c9:bw=21,experts=[1,4]; c5:bw=16,experts=[7]; c7:bw=12,experts=[3]; c2:bw=10,experts=[1]; c6:bw=36,experts=[1,4,5]; c3:bw=22,experts=[5,7]
   20 | 0.01000 |   2.5926 |   22.48% |   25.36% |    0:49.81
      bandwidth/experts | c0:bw=15,experts=[1]; c2:bw=23,experts=[0,3]; c1:bw=22,experts=[2,5]; c9:bw=10,experts=[4]; c7:bw=24,experts=[2,7]; c6:bw=38,experts=[0,1,5]; c3:bw=10,experts=[2]; c5:bw=10,experts=[5]; c4:bw=33,experts=[0,2,3]; c8:bw=28,experts=[3,7]
   21 | 0.01000 |   2.6192 |   15.81% |   25.36% |    0:49.57
      bandwidth/experts | c1:bw=23,experts=[5,6]; c2:bw=22,experts=[2,4]; c7:bw=10,experts=[2]; c4:bw=26,experts=[2,7]; c8:bw=10,experts=[3]; c5:bw=18,experts=[2]; c0:bw=37,experts=[1,2,7]; c3:bw=10,experts=[5]; c6:bw=10,experts=[0]; c9:bw=14,experts=[4]
   22 | 0.01000 |   2.5973 |   26.87% |   26.87% |    0:49.58
      bandwidth/experts | c7:bw=10,experts=[1]; c9:bw=18,experts=[3]; c1:bw=10,experts=[1]; c6:bw=34,experts=[0,3,7]; c5:bw=10,experts=[0]; c2:bw=37,experts=[1,3,7]; c0:bw=37,experts=[2,3,7]; c4:bw=20,experts=[4,7]; c3:bw=31,experts=[4,5,7]; c8:bw=18,experts=[5]
   23 | 0.01000 |   2.4518 |   26.21% |   26.87% |    0:49.82
      bandwidth/experts | c5:bw=29,experts=[0,6]; c7:bw=10,experts=[1]; c4:bw=31,experts=[0,6,7]; c6:bw=10,experts=[1]; c9:bw=28,experts=[1,4]; c8:bw=19,experts=[4]; c3:bw=10,experts=[0]; c1:bw=34,experts=[0,4,6]; c2:bw=18,experts=[6]; c0:bw=10,experts=[3]
   24 | 0.01000 |   2.4375 |   20.75% |   26.87% |    0:49.60
      bandwidth/experts | c6:bw=17,experts=[0]; c4:bw=10,experts=[5]; c7:bw=10,experts=[5]; c9:bw=28,experts=[0,1]; c2:bw=24,experts=[5,7]; c1:bw=10,experts=[0]; c5:bw=14,experts=[5]; c8:bw=10,experts=[0]; c3:bw=10,experts=[5]; c0:bw=17,experts=[4]
   25 | 0.01000 |   2.5056 |   28.01% |   28.01% |    0:49.88
      bandwidth/experts | c9:bw=22,experts=[1,3]; c6:bw=10,experts=[4]; c4:bw=32,experts=[1,3,4]; c3:bw=10,experts=[0]; c5:bw=35,experts=[0,6,7]; c1:bw=27,experts=[0,3]; c8:bw=30,experts=[3,5,7]; c2:bw=10,experts=[6]; c0:bw=31,experts=[2,3,4]; c7:bw=22,experts=[5,7]
   26 | 0.01000 |   2.4535 |   31.55% |   31.55% |    0:49.73
      bandwidth/experts | c3:bw=25,experts=[0,6]; c6:bw=19,experts=[5]; c9:bw=28,experts=[1,2]; c7:bw=17,experts=[0]; c1:bw=18,experts=[6]; c5:bw=11,experts=[7]; c2:bw=17,experts=[7]; c8:bw=30,experts=[0,3,4]; c0:bw=10,experts=[7]; c4:bw=26,experts=[1,7]
   27 | 0.01000 |   2.3395 |   30.48% |   31.55% |    0:49.68
      bandwidth/experts | c7:bw=29,experts=[3,6]; c1:bw=34,experts=[1,6,7]; c4:bw=10,experts=[3]; c0:bw=20,experts=[2,5]; c9:bw=10,experts=[2]; c2:bw=11,experts=[1]; c8:bw=31,experts=[0,3,4]; c3:bw=12,experts=[7]; c6:bw=35,experts=[2,5,6]; c5:bw=20,experts=[0,3]
   28 | 0.01000 |   2.3239 |   35.93% |   35.93% |    0:49.67
      bandwidth/experts | c6:bw=16,experts=[2]; c9:bw=27,experts=[3,4]; c0:bw=26,experts=[0,7]; c8:bw=16,experts=[3]; c2:bw=10,experts=[7]; c5:bw=18,experts=[5]; c1:bw=14,experts=[6]; c3:bw=10,experts=[3]; c4:bw=10,experts=[2]; c7:bw=10,experts=[3]
   29 | 0.01000 |   2.2210 |   35.74% |   35.93% |    0:49.81
      bandwidth/experts | c4:bw=21,experts=[1,5]; c0:bw=24,experts=[1,2]; c1:bw=18,experts=[2]; c9:bw=24,experts=[3,5]; c6:bw=24,experts=[1,4]; c8:bw=19,experts=[4]; c7:bw=12,experts=[5]; c3:bw=18,experts=[7]; c2:bw=10,experts=[2]; c5:bw=19,experts=[4]
   30 | 0.01000 |   2.2072 |   27.82% |   35.93% |    0:49.82
      bandwidth/experts | c5:bw=34,experts=[1,5,7]; c1:bw=20,experts=[0,3]; c9:bw=30,experts=[3,5,7]; c4:bw=29,experts=[3,4]; c0:bw=10,experts=[4]; c8:bw=23,experts=[2,6]; c6:bw=10,experts=[7]; c7:bw=10,experts=[3]; c3:bw=33,experts=[0,2,5]; c2:bw=15,experts=[1]
   31 | 0.01000 |   2.1866 |   40.96% |   40.96% |    0:49.95
      bandwidth/experts | c6:bw=16,experts=[1]; c4:bw=11,experts=[1]; c9:bw=25,experts=[4,7]; c1:bw=17,experts=[6]; c5:bw=34,experts=[1,4,7]; c8:bw=18,experts=[5]; c3:bw=13,experts=[7]; c2:bw=10,experts=[1]; c0:bw=26,experts=[2,5]; c7:bw=35,experts=[0,1,6]
   32 | 0.01000 |   2.1869 |   23.89% |   40.96% |    0:49.98
      bandwidth/experts | c8:bw=12,experts=[1]; c5:bw=20,experts=[0,5]; c4:bw=27,experts=[0,2]; c7:bw=26,experts=[3,6]; c0:bw=25,experts=[0,2]; c1:bw=12,experts=[5]; c3:bw=16,experts=[2]; c6:bw=15,experts=[2]; c2:bw=30,experts=[2,5,6]; c9:bw=17,experts=[2]
   33 | 0.01000 |   2.2566 |   33.70% |   40.96% |    0:49.95
      bandwidth/experts | c7:bw=29,experts=[5,6]; c1:bw=19,experts=[6]; c3:bw=39,experts=[1,5,7]; c6:bw=20,experts=[0,2]; c5:bw=16,experts=[2]; c9:bw=23,experts=[2,6]; c2:bw=13,experts=[2]; c8:bw=28,experts=[4,6]; c4:bw=25,experts=[2,6]; c0:bw=35,experts=[1,3,4]
   34 | 0.01000 |   2.1668 |   31.51% |   40.96% |    0:50.16
      bandwidth/experts | c4:bw=26,experts=[0,6]; c1:bw=26,experts=[2,3]; c6:bw=27,experts=[3,5]; c9:bw=38,experts=[2,3,5]; c8:bw=23,experts=[0,7]; c0:bw=12,experts=[2]; c5:bw=33,experts=[1,3,7]; c7:bw=18,experts=[2]; c3:bw=40,experts=[2,3,6,7]; c2:bw=30,experts=[1,5,6]
   35 | 0.01000 |   2.1987 |   38.56% |   40.96% |    0:50.11
      bandwidth/experts | c4:bw=18,experts=[7]; c0:bw=11,experts=[5]; c1:bw=17,experts=[3]; c6:bw=24,experts=[5,7]; c2:bw=25,experts=[0,2]; c8:bw=28,experts=[0,5]; c9:bw=15,experts=[6]; c7:bw=27,experts=[6,7]; c5:bw=23,experts=[6,7]; c3:bw=13,experts=[2]
   36 | 0.01000 |   2.1203 |   37.83% |   40.96% |    0:50.19
      bandwidth/experts | c9:bw=21,experts=[1,3]; c0:bw=20,experts=[0,3]; c3:bw=33,experts=[2,3,4]; c7:bw=15,experts=[7]; c6:bw=24,experts=[0,6]; c5:bw=27,experts=[1,5]; c1:bw=10,experts=[0]; c4:bw=40,experts=[0,2,4,6]; c8:bw=28,experts=[0,2]; c2:bw=28,experts=[1,6]
   37 | 0.01000 |   2.0957 |   37.76% |   40.96% |    0:50.14
      bandwidth/experts | c1:bw=10,experts=[0]; c5:bw=22,experts=[0,5]; c2:bw=20,experts=[2,3]; c6:bw=36,experts=[3,4,7]; c4:bw=22,experts=[0,1]; c7:bw=23,experts=[3,6]; c9:bw=22,experts=[4,5]; c0:bw=30,experts=[2,3,7]; c3:bw=20,experts=[1,6]; c8:bw=10,experts=[0]
   38 | 0.01000 |   2.0941 |   25.22% |   40.96% |    0:50.30
      bandwidth/experts | c8:bw=25,experts=[1,6]; c6:bw=10,experts=[5]; c4:bw=29,experts=[3,6]; c1:bw=17,experts=[2]; c5:bw=10,experts=[6]; c2:bw=10,experts=[4]; c3:bw=21,experts=[2,7]; c7:bw=28,experts=[6,7]; c9:bw=14,experts=[0]; c0:bw=22,experts=[2,6]
   39 | 0.01000 |   2.1695 |   36.05% |   40.96% |    0:50.22
      bandwidth/experts | c3:bw=14,experts=[3]; c0:bw=10,experts=[3]; c1:bw=25,experts=[3,6]; c7:bw=22,experts=[4,5]; c6:bw=17,experts=[1]; c8:bw=25,experts=[2,4]; c2:bw=20,experts=[1,3]; c4:bw=20,experts=[2,3]; c9:bw=13,experts=[6]; c5:bw=40,experts=[2,5,6,7]
   40 | 0.01000 |   2.1283 |   41.93% |   41.93% |    0:50.15
      bandwidth/experts | c8:bw=14,experts=[0]; c1:bw=23,experts=[2,4]; c5:bw=18,experts=[6]; c6:bw=26,experts=[2,5]; c2:bw=36,experts=[4,5,7]; c7:bw=37,experts=[0,2,3]; c3:bw=10,experts=[7]; c4:bw=11,experts=[2]; c9:bw=22,experts=[3,7]; c0:bw=20,experts=[3,7]
   41 | 0.01000 |   2.0398 |   27.02% |   41.93% |    0:50.32
      bandwidth/experts | c2:bw=30,experts=[3,4,5]; c6:bw=10,experts=[3]; c8:bw=31,experts=[2,3,7]; c1:bw=10,experts=[7]; c4:bw=28,experts=[2,7]; c5:bw=34,experts=[3,5,6]; c7:bw=38,experts=[0,1,4]; c3:bw=22,experts=[0,2]; c9:bw=30,experts=[2,6,7]; c0:bw=10,experts=[2]
   42 | 0.01000 |   2.1171 |   37.79% |   41.93% |    0:50.26
      bandwidth/experts | c5:bw=28,experts=[3,7]; c1:bw=27,experts=[4,7]; c3:bw=27,experts=[0,1]; c9:bw=28,experts=[3,6]; c6:bw=19,experts=[3]; c0:bw=10,experts=[3]; c7:bw=11,experts=[4]; c4:bw=30,experts=[1,5,6]; c8:bw=23,experts=[3,7]; c2:bw=22,experts=[2,4]
   43 | 0.01000 |   2.0289 |   39.28% |   41.93% |    0:50.32
      bandwidth/experts | c5:bw=29,experts=[6,7]; c1:bw=32,experts=[3,5,7]; c2:bw=28,experts=[3,4]; c8:bw=25,experts=[0,5]; c9:bw=18,experts=[1]; c7:bw=12,experts=[7]; c4:bw=19,experts=[7]; c6:bw=10,experts=[6]; c3:bw=36,experts=[1,2,4]; c0:bw=12,experts=[4]
   44 | 0.01000 |   2.0084 |   33.19% |   41.93% |    0:50.34
      bandwidth/experts | c0:bw=37,experts=[0,5,6]; c3:bw=26,experts=[3,4]; c4:bw=16,experts=[1]; c2:bw=20,experts=[0,5]; c7:bw=40,experts=[0,2,3,6]; c5:bw=13,experts=[2]; c6:bw=11,experts=[4]; c9:bw=21,experts=[3,5]; c8:bw=19,experts=[2]; c1:bw=25,experts=[2,5]
   45 | 0.01000 |   2.0619 |   33.03% |   41.93% |    0:50.42
      bandwidth/experts | c8:bw=31,experts=[0,2,3]; c0:bw=20,experts=[3,6]; c3:bw=37,experts=[0,4,5]; c4:bw=36,experts=[0,4,5]; c7:bw=20,experts=[0,5]; c2:bw=27,experts=[1,4]; c9:bw=14,experts=[6]; c6:bw=10,experts=[0]; c5:bw=25,experts=[1,4]; c1:bw=31,experts=[0,2,3]
   46 | 0.01000 |   2.0221 |   39.72% |   41.93% |    0:50.50
      bandwidth/experts | c9:bw=20,experts=[5,6]; c3:bw=15,experts=[5]; c6:bw=21,experts=[5,6]; c1:bw=23,experts=[5,7]; c4:bw=35,experts=[3,4,6]; c5:bw=23,experts=[0,5]; c2:bw=32,experts=[1,2,5]; c8:bw=22,experts=[3,6]; c0:bw=30,experts=[1,5,6]; c7:bw=16,experts=[0]
   47 | 0.01000 |   1.9632 |   44.59% |   44.59% |    0:50.22
      bandwidth/experts | c5:bw=29,experts=[2,3]; c6:bw=12,experts=[1]; c7:bw=29,experts=[0,7]; c9:bw=10,experts=[7]; c8:bw=22,experts=[5,7]; c3:bw=39,experts=[0,2,4]; c4:bw=10,experts=[1]; c0:bw=25,experts=[4,7]; c1:bw=17,experts=[0]; c2:bw=30,experts=[1,2,7]
   48 | 0.01000 |   1.9233 |   43.34% |   44.59% |    0:50.29
      bandwidth/experts | c1:bw=28,experts=[4,7]; c8:bw=28,experts=[1,3]; c4:bw=37,experts=[0,2,6]; c2:bw=31,experts=[0,3,7]; c9:bw=29,experts=[4,5]; c6:bw=25,experts=[0,4]; c5:bw=31,experts=[3,4,6]; c7:bw=35,experts=[0,5,6]; c0:bw=10,experts=[5]; c3:bw=10,experts=[1]
   49 | 0.01000 |   1.9068 |   30.61% |   44.59% |    0:50.46
      bandwidth/experts | c4:bw=27,experts=[0,4]; c3:bw=18,experts=[0]; c8:bw=15,experts=[4]; c0:bw=11,experts=[1]; c2:bw=32,experts=[2,3,5]; c5:bw=31,experts=[4,5,6]; c6:bw=10,experts=[3]; c7:bw=24,experts=[0,5]; c9:bw=29,experts=[2,7]; c1:bw=30,experts=[2,5,7]
   50 | 0.01000 |   1.9739 |   48.90% |   48.90% |    0:50.51
      bandwidth/experts | c8:bw=18,experts=[4]; c4:bw=10,experts=[0]; c7:bw=19,experts=[5]; c6:bw=38,experts=[1,2,7]; c2:bw=35,experts=[0,1,3]; c1:bw=36,experts=[0,1,7]; c3:bw=22,experts=[0,3]; c0:bw=16,experts=[1]; c9:bw=15,experts=[4]; c5:bw=17,experts=[3]
   51 | 0.01000 |   1.9085 |   49.26% |   49.26% |    0:50.60
      bandwidth/experts | c5:bw=26,experts=[2,5]; c0:bw=30,experts=[0,2,3]; c1:bw=12,experts=[4]; c2:bw=11,experts=[7]; c8:bw=26,experts=[2,4]; c6:bw=29,experts=[3,7]; c9:bw=10,experts=[2]; c3:bw=31,experts=[5,6,7]; c4:bw=10,experts=[3]; c7:bw=15,experts=[3]
   52 | 0.01000 |   1.8712 |   45.48% |   49.26% |    0:50.44
      bandwidth/experts | c0:bw=26,experts=[1,3]; c8:bw=10,experts=[7]; c5:bw=13,experts=[0]; c7:bw=19,experts=[2]; c1:bw=22,experts=[1,7]; c4:bw=18,experts=[5]; c9:bw=17,experts=[4]; c6:bw=28,experts=[2,5]; c2:bw=16,experts=[2]; c3:bw=24,experts=[6,7]
   53 | 0.01000 |   1.8637 |   46.05% |   49.26% |    0:50.50
      bandwidth/experts | c8:bw=12,experts=[2]; c4:bw=16,experts=[6]; c5:bw=24,experts=[1,5]; c1:bw=33,experts=[1,3,4]; c3:bw=26,experts=[1,4]; c9:bw=34,experts=[4,6,7]; c6:bw=20,experts=[2,7]; c7:bw=24,experts=[2,5]; c0:bw=21,experts=[2,5]; c2:bw=29,experts=[0,3]
   54 | 0.01000 |   1.8627 |   40.35% |   49.26% |    0:50.53
      bandwidth/experts | c2:bw=10,experts=[0]; c1:bw=29,experts=[0,1]; c8:bw=31,experts=[0,2,6]; c7:bw=34,experts=[2,3,5]; c3:bw=17,experts=[5]; c0:bw=20,experts=[0,5]; c6:bw=30,experts=[2,3,5]; c5:bw=10,experts=[6]; c9:bw=28,experts=[3,5]; c4:bw=18,experts=[5]
   55 | 0.01000 |   1.8722 |   48.95% |   49.26% |    0:50.48
      bandwidth/experts | c7:bw=30,experts=[3,4,7]; c2:bw=23,experts=[5,7]; c4:bw=10,experts=[1]; c3:bw=29,experts=[2,3]; c8:bw=10,experts=[1]; c5:bw=29,experts=[0,1]; c1:bw=33,experts=[2,5,6]; c6:bw=23,experts=[1,3]; c0:bw=15,experts=[4]; c9:bw=34,experts=[0,2,4]
   56 | 0.01000 |   1.7972 |   50.62% |   50.62% |    0:50.52
      bandwidth/experts | c9:bw=29,experts=[1,5]; c1:bw=31,experts=[2,6,7]; c3:bw=10,experts=[4]; c2:bw=29,experts=[5,6]; c5:bw=17,experts=[6]; c4:bw=10,experts=[7]; c8:bw=10,experts=[1]; c7:bw=10,experts=[2]; c6:bw=13,experts=[3]; c0:bw=39,experts=[0,1,6]
   57 | 0.01000 |   1.7933 |   49.88% |   50.62% |    0:50.67
      bandwidth/experts | c3:bw=35,experts=[0,1,5]; c8:bw=24,experts=[1,5]; c6:bw=27,experts=[2,5]; c1:bw=27,experts=[2,5]; c7:bw=38,experts=[2,3,4]; c0:bw=39,experts=[2,6,7]; c5:bw=24,experts=[2,7]; c4:bw=23,experts=[1,4]; c2:bw=18,experts=[4]; c9:bw=11,experts=[6]
   58 | 0.01000 |   1.7724 |   34.30% |   50.62% |    0:50.59
      bandwidth/experts | c7:bw=13,experts=[1]; c2:bw=10,experts=[3]; c9:bw=32,experts=[0,3,4]; c6:bw=30,experts=[0,3,4]; c5:bw=19,experts=[3]; c1:bw=17,experts=[4]; c8:bw=22,experts=[2,7]; c4:bw=21,experts=[0,4]; c3:bw=34,experts=[2,4,5]; c0:bw=26,experts=[0,2]
   59 | 0.01000 |   1.8883 |   37.17% |   50.62% |    0:50.45
      bandwidth/experts | c2:bw=20,experts=[3,6]; c8:bw=31,experts=[0,4,6]; c9:bw=15,experts=[4]; c6:bw=11,experts=[1]; c1:bw=36,experts=[0,2,7]; c4:bw=14,experts=[2]; c7:bw=15,experts=[3]; c5:bw=18,experts=[4]; c0:bw=29,experts=[2,4]; c3:bw=20,experts=[3,6]
   60 | 0.01000 |   1.8724 |   46.67% |   50.62% |    0:50.62
      bandwidth/experts | c0:bw=29,experts=[1,2]; c7:bw=26,experts=[2,5]; c4:bw=17,experts=[5]; c2:bw=17,experts=[4]; c5:bw=18,experts=[7]; c8:bw=14,experts=[1]; c6:bw=33,experts=[0,4,7]; c9:bw=10,experts=[0]; c1:bw=30,experts=[2,6,7]; c3:bw=24,experts=[2,4]
   61 | 0.01000 |   1.8034 |   46.70% |   50.62% |    0:50.70
      bandwidth/experts | c5:bw=27,experts=[3,6]; c6:bw=21,experts=[5,6]; c2:bw=16,experts=[4]; c9:bw=21,experts=[4,7]; c1:bw=19,experts=[4]; c3:bw=24,experts=[2,7]; c8:bw=31,experts=[3,4,5]; c4:bw=21,experts=[3,4]; c7:bw=24,experts=[1,2]; c0:bw=33,experts=[1,2,7]
   62 | 0.01000 |   1.7861 |   48.05% |   50.62% |    0:50.76
      bandwidth/experts | c8:bw=10,experts=[1]; c6:bw=35,experts=[0,2,3]; c9:bw=10,experts=[4]; c4:bw=33,experts=[4,5,6]; c5:bw=37,experts=[5,6,7]; c0:bw=16,experts=[4]; c3:bw=29,experts=[1,6]; c2:bw=23,experts=[5,7]; c1:bw=40,experts=[0,3,5,6]; c7:bw=25,experts=[5,7]
   63 | 0.01000 |   1.7842 |   38.54% |   50.62% |    0:50.72
      bandwidth/experts | c5:bw=10,experts=[0]; c9:bw=12,experts=[2]; c6:bw=19,experts=[5]; c3:bw=29,experts=[0,7]; c8:bw=18,experts=[3]; c1:bw=28,experts=[0,4]; c7:bw=38,experts=[3,4,6]; c0:bw=23,experts=[2,3]; c2:bw=15,experts=[1]; c4:bw=29,experts=[4,6]
   64 | 0.01000 |   1.7918 |   52.22% |   52.22% |    0:50.75
      bandwidth/experts | c6:bw=28,experts=[4,7]; c4:bw=21,experts=[4,7]; c5:bw=13,experts=[1]; c3:bw=21,experts=[1,3]; c7:bw=19,experts=[3]; c0:bw=18,experts=[5]; c8:bw=30,experts=[2,4,6]; c9:bw=33,experts=[0,1,5]; c2:bw=31,experts=[1,2,4]; c1:bw=16,experts=[3]
   65 | 0.01000 |   1.7168 |   52.08% |   52.22% |    0:50.79
      bandwidth/experts | c7:bw=10,experts=[6]; c5:bw=16,experts=[6]; c4:bw=32,experts=[0,1,7]; c6:bw=28,experts=[0,5]; c8:bw=37,experts=[0,2,6]; c3:bw=24,experts=[3,7]; c0:bw=23,experts=[0,6]; c2:bw=16,experts=[4]; c1:bw=32,experts=[0,1,7]; c9:bw=26,experts=[1,4]
   66 | 0.01000 |   1.6693 |   54.52% |   54.52% |    0:50.75
      bandwidth/experts | c2:bw=23,experts=[2,5]; c5:bw=10,experts=[0]; c1:bw=30,experts=[0,2,3]; c8:bw=13,experts=[1]; c9:bw=17,experts=[1]; c6:bw=16,experts=[1]; c4:bw=23,experts=[0,2]; c0:bw=21,experts=[4,7]; c3:bw=37,experts=[1,2,3]; c7:bw=28,experts=[1,5]
   67 | 0.01000 |   1.6823 |   52.83% |   54.52% |    0:50.75
      bandwidth/experts | c4:bw=28,experts=[1,3]; c5:bw=27,experts=[3,5]; c1:bw=20,experts=[3,7]; c3:bw=14,experts=[0]; c6:bw=29,experts=[1,6]; c0:bw=18,experts=[0]; c2:bw=24,experts=[0,6]; c9:bw=33,experts=[0,1,3]; c7:bw=33,experts=[4,5,7]; c8:bw=10,experts=[5]
   68 | 0.01000 |   1.6760 |   45.82% |   54.52% |    0:50.58
      bandwidth/experts | c1:bw=23,experts=[3,5]; c8:bw=17,experts=[6]; c2:bw=32,experts=[1,3,4]; c0:bw=17,experts=[6]; c3:bw=14,experts=[7]; c4:bw=27,experts=[5,7]; c5:bw=25,experts=[1,2]; c9:bw=10,experts=[5]; c7:bw=15,experts=[2]; c6:bw=18,experts=[2]
   69 | 0.01000 |   1.7143 |   42.48% |   54.52% |    0:50.76
      bandwidth/experts | c3:bw=23,experts=[2,7]; c7:bw=32,experts=[3,4,7]; c1:bw=17,experts=[6]; c4:bw=23,experts=[1,4]; c9:bw=20,experts=[2,3]; c5:bw=22,experts=[4,5]; c0:bw=29,experts=[0,5]; c2:bw=37,experts=[2,6,7]; c8:bw=23,experts=[3,6]; c6:bw=15,experts=[7]
   70 | 0.01000 |   1.7616 |   52.97% |   54.52% |    0:50.61
      bandwidth/experts | c1:bw=13,experts=[4]; c9:bw=10,experts=[0]; c7:bw=16,experts=[1]; c3:bw=18,experts=[7]; c0:bw=17,experts=[7]; c6:bw=14,experts=[5]; c2:bw=31,experts=[0,5,7]; c4:bw=32,experts=[1,2,4]; c5:bw=13,experts=[0]; c8:bw=27,experts=[5,7]
   71 | 0.01000 |   1.7251 |   53.70% |   54.52% |    0:50.88
      bandwidth/experts | c4:bw=24,experts=[5,7]; c0:bw=10,experts=[6]; c1:bw=29,experts=[3,6]; c9:bw=22,experts=[6,7]; c7:bw=11,experts=[7]; c5:bw=19,experts=[5]; c3:bw=34,experts=[3,5,7]; c6:bw=28,experts=[0,4]; c8:bw=21,experts=[2,5]; c2:bw=34,experts=[3,6,7]
   72 | 0.01000 |   1.7112 |   53.33% |   54.52% |    0:50.77
      bandwidth/experts | c8:bw=16,experts=[5]; c1:bw=22,experts=[2,6]; c5:bw=24,experts=[0,7]; c7:bw=27,experts=[3,4]; c6:bw=11,experts=[2]; c0:bw=29,experts=[3,5]; c3:bw=13,experts=[3]; c2:bw=13,experts=[7]; c9:bw=21,experts=[3,5]; c4:bw=22,experts=[5,6]
   73 | 0.01000 |   1.6843 |   54.48% |   54.52% |    0:50.75
      bandwidth/experts | c2:bw=26,experts=[0,6]; c8:bw=10,experts=[2]; c3:bw=22,experts=[1,4]; c1:bw=37,experts=[4,5,7]; c5:bw=10,experts=[0]; c9:bw=29,experts=[2,6]; c0:bw=16,experts=[1]; c7:bw=20,experts=[3,5]; c6:bw=11,experts=[7]; c4:bw=23,experts=[1,6]
   74 | 0.01000 |   1.6620 |   54.26% |   54.52% |    0:50.78
      bandwidth/experts | c3:bw=10,experts=[6]; c0:bw=22,experts=[1,2]; c1:bw=15,experts=[3]; c5:bw=28,experts=[1,5]; c7:bw=36,experts=[1,2,7]; c8:bw=16,experts=[4]; c6:bw=10,experts=[2]; c2:bw=10,experts=[5]; c4:bw=26,experts=[3,7]; c9:bw=18,experts=[6]
   75 | 0.01000 |   1.6674 |   43.21% |   54.52% |    0:50.79
      bandwidth/experts | c2:bw=22,experts=[2,5]; c9:bw=34,experts=[4,5,7]; c1:bw=30,experts=[3,4,6]; c3:bw=11,experts=[6]; c7:bw=16,experts=[0]; c6:bw=31,experts=[0,3,5]; c5:bw=17,experts=[2]; c4:bw=31,experts=[1,3,4]; c0:bw=34,experts=[3,5,6]; c8:bw=30,experts=[5,6,7]
   76 | 0.01000 |   1.7317 |   53.40% |   54.52% |    0:50.84
      bandwidth/experts | c8:bw=16,experts=[7]; c5:bw=21,experts=[6,7]; c0:bw=17,experts=[6]; c3:bw=10,experts=[6]; c2:bw=14,experts=[0]; c6:bw=13,experts=[5]; c7:bw=37,experts=[3,5,6]; c4:bw=34,experts=[1,2,7]; c9:bw=32,experts=[1,5,7]; c1:bw=30,experts=[0,4,5]
   77 | 0.01000 |   1.6548 |   53.34% |   54.52% |    0:50.70
      bandwidth/experts | c9:bw=16,experts=[2]; c2:bw=19,experts=[3]; c1:bw=35,experts=[2,4,7]; c8:bw=10,experts=[2]; c4:bw=10,experts=[3]; c7:bw=10,experts=[1]; c6:bw=32,experts=[0,5,6]; c0:bw=35,experts=[0,3,6]; c3:bw=22,experts=[6,7]; c5:bw=33,experts=[1,2,5]
   78 | 0.01000 |   1.6558 |   42.71% |   54.52% |    0:50.89
      bandwidth/experts | c0:bw=15,experts=[3]; c4:bw=13,experts=[2]; c3:bw=21,experts=[0,5]; c7:bw=20,experts=[1,4]; c8:bw=30,experts=[0,6,7]; c1:bw=23,experts=[5,7]; c9:bw=17,experts=[2]; c6:bw=32,experts=[0,2,7]; c5:bw=35,experts=[0,6,7]; c2:bw=19,experts=[6]
   79 | 0.01000 |   1.7262 |   50.35% |   54.52% |    0:50.89
      bandwidth/experts | c6:bw=12,experts=[5]; c9:bw=10,experts=[4]; c0:bw=20,experts=[6,7]; c4:bw=40,experts=[1,3,4,6]; c7:bw=25,experts=[0,4]; c8:bw=25,experts=[4,7]; c5:bw=29,experts=[0,3]; c3:bw=15,experts=[0]; c1:bw=21,experts=[0,1]; c2:bw=18,experts=[5]
   80 | 0.01000 |   1.6602 |   52.27% |   54.52% |    0:50.82
      bandwidth/experts | c5:bw=36,experts=[4,6,7]; c9:bw=29,experts=[4,6]; c7:bw=26,experts=[3,4]; c1:bw=17,experts=[4]; c3:bw=17,experts=[4]; c4:bw=32,experts=[0,4,6]; c2:bw=24,experts=[3,7]; c0:bw=26,experts=[0,7]; c6:bw=22,experts=[1,4]; c8:bw=28,experts=[1,2]
   81 | 0.01000 |   1.6103 |   58.30% |   58.30% |    0:50.76
      bandwidth/experts | c6:bw=29,experts=[1,6]; c2:bw=25,experts=[4,5]; c3:bw=37,experts=[0,1,5]; c1:bw=27,experts=[2,6]; c4:bw=23,experts=[3,6]; c5:bw=17,experts=[3]; c9:bw=15,experts=[0]; c7:bw=32,experts=[1,2,4]; c8:bw=26,experts=[1,7]; c0:bw=28,experts=[1,4]
   82 | 0.01000 |   1.5884 |   57.29% |   58.30% |    0:50.86
      bandwidth/experts | c1:bw=36,experts=[0,5,7]; c0:bw=17,experts=[2]; c6:bw=20,experts=[0,7]; c8:bw=32,experts=[1,2,3]; c7:bw=22,experts=[1,5]; c3:bw=22,experts=[0,6]; c2:bw=16,experts=[7]; c9:bw=31,experts=[2,3,7]; c5:bw=22,experts=[1,4]; c4:bw=16,experts=[0]
   83 | 0.01000 |   1.5904 |   52.60% |   58.30% |    0:50.81
      bandwidth/experts | c9:bw=29,experts=[2,6]; c4:bw=10,experts=[2]; c2:bw=23,experts=[3,4]; c7:bw=21,experts=[1,4]; c5:bw=10,experts=[2]; c0:bw=10,experts=[6]; c6:bw=29,experts=[6,7]; c1:bw=35,experts=[0,6,7]; c8:bw=22,experts=[4,6]; c3:bw=24,experts=[1,3]
   84 | 0.01000 |   1.5870 |   57.85% |   58.30% |    0:50.96
      bandwidth/experts | c8:bw=37,experts=[1,2,3]; c3:bw=18,experts=[6]; c1:bw=32,experts=[2,5,6]; c6:bw=10,experts=[4]; c9:bw=11,experts=[1]; c2:bw=20,experts=[1,6]; c7:bw=26,experts=[0,1]; c5:bw=11,experts=[6]; c4:bw=15,experts=[3]; c0:bw=10,experts=[0]
   85 | 0.01000 |   1.5490 |   58.12% |   58.30% |    0:50.85
      bandwidth/experts | c0:bw=21,experts=[1,3]; c2:bw=25,experts=[1,2]; c8:bw=39,experts=[2,4,7]; c6:bw=23,experts=[0,6]; c1:bw=31,experts=[0,1,2]; c4:bw=23,experts=[0,4]; c9:bw=32,experts=[2,3,4]; c3:bw=28,experts=[1,2]; c5:bw=10,experts=[1]; c7:bw=10,experts=[4]
   86 | 0.01000 |   1.5541 |   58.22% |   58.30% |    0:50.94
      bandwidth/experts | c5:bw=26,experts=[1,7]; c8:bw=15,experts=[1]; c2:bw=13,experts=[4]; c6:bw=31,experts=[2,4,6]; c0:bw=17,experts=[1]; c4:bw=10,experts=[4]; c7:bw=24,experts=[0,3]; c3:bw=15,experts=[0]; c1:bw=40,experts=[0,1,4,7]; c9:bw=24,experts=[0,2]
   87 | 0.01000 |   1.5478 |   51.96% |   58.30% |    0:50.90
      bandwidth/experts | c1:bw=16,experts=[2]; c2:bw=37,experts=[0,5,7]; c7:bw=12,experts=[1]; c5:bw=10,experts=[7]; c6:bw=33,experts=[2,5,7]; c3:bw=38,experts=[1,3,7]; c4:bw=19,experts=[5]; c9:bw=21,experts=[0,7]; c8:bw=26,experts=[0,4]; c0:bw=19,experts=[2]
   88 | 0.01000 |   1.5661 |   55.40% |   58.30% |    0:50.98
      bandwidth/experts | c8:bw=24,experts=[1,6]; c6:bw=15,experts=[7]; c3:bw=18,experts=[5]; c7:bw=23,experts=[0,7]; c0:bw=34,experts=[4,6,7]; c4:bw=21,experts=[2,5]; c9:bw=17,experts=[0]; c1:bw=16,experts=[4]; c5:bw=17,experts=[1]; c2:bw=25,experts=[1,4]
   89 | 0.01000 |   1.5600 |   56.27% |   58.30% |    0:50.94
      bandwidth/experts | c3:bw=17,experts=[5]; c8:bw=40,experts=[1,2,4,7]; c2:bw=25,experts=[5,7]; c9:bw=34,experts=[0,1,6]; c7:bw=12,experts=[6]; c5:bw=25,experts=[5,6]; c0:bw=10,experts=[0]; c6:bw=18,experts=[0]; c4:bw=17,experts=[7]; c1:bw=23,experts=[3,5]
   90 | 0.01000 |   1.5481 |   51.36% |   58.30% |    0:50.75
      bandwidth/experts | c7:bw=40,experts=[0,2,3,4]; c1:bw=17,experts=[2]; c3:bw=20,experts=[1,2]; c9:bw=35,experts=[0,6,7]; c0:bw=35,experts=[0,2,3]; c6:bw=14,experts=[5]; c2:bw=12,experts=[3]; c5:bw=15,experts=[1]; c8:bw=28,experts=[4,7]; c4:bw=20,experts=[2,6]
   91 | 0.01000 |   1.5771 |   56.91% |   58.30% |    0:50.80
      bandwidth/experts | c1:bw=28,experts=[6,7]; c9:bw=19,experts=[5]; c5:bw=29,experts=[1,2]; c7:bw=29,experts=[1,4]; c3:bw=22,experts=[2,3]; c4:bw=30,experts=[2,5,6]; c0:bw=12,experts=[7]; c6:bw=16,experts=[6]; c2:bw=10,experts=[0]; c8:bw=13,experts=[6]
   92 | 0.01000 |   1.5664 |   54.63% |   58.30% |    0:50.72
      bandwidth/experts | c3:bw=16,experts=[1]; c7:bw=19,experts=[6]; c1:bw=11,experts=[6]; c0:bw=16,experts=[7]; c8:bw=11,experts=[4]; c6:bw=25,experts=[3,7]; c9:bw=31,experts=[3,4,6]; c2:bw=14,experts=[5]; c5:bw=37,experts=[0,3,4]; c4:bw=15,experts=[1]
   93 | 0.01000 |   1.5757 |   50.31% |   58.30% |    0:50.70
      bandwidth/experts | c1:bw=26,experts=[2,6]; c3:bw=17,experts=[5]; c7:bw=12,experts=[5]; c9:bw=32,experts=[2,3,6]; c6:bw=12,experts=[5]; c8:bw=10,experts=[6]; c5:bw=10,experts=[6]; c4:bw=18,experts=[1]; c0:bw=10,experts=[7]; c2:bw=28,experts=[3,7]
   94 | 0.01000 |   1.5778 |   57.56% |   58.30% |    0:50.84
      bandwidth/experts | c7:bw=25,experts=[2,5]; c2:bw=36,experts=[2,5,6]; c5:bw=23,experts=[1,5]; c4:bw=17,experts=[0]; c6:bw=17,experts=[0]; c9:bw=28,experts=[0,4]; c1:bw=39,experts=[1,5,7]; c8:bw=10,experts=[1]; c0:bw=31,experts=[0,5,7]; c3:bw=19,experts=[4]
   95 | 0.01000 |   1.5150 |   57.53% |   58.30% |    0:50.82
      bandwidth/experts | c7:bw=33,experts=[1,2,4]; c9:bw=23,experts=[1,7]; c4:bw=10,experts=[4]; c6:bw=22,experts=[3,7]; c0:bw=19,experts=[3]; c3:bw=23,experts=[0,1]; c1:bw=17,experts=[4]; c8:bw=40,experts=[0,3,4,5]; c2:bw=13,experts=[6]; c5:bw=10,experts=[5]
   96 | 0.01000 |   1.4923 |   59.28% |   59.28% |    0:50.92
      bandwidth/experts | c2:bw=36,experts=[1,2,4]; c9:bw=25,experts=[1,3]; c3:bw=25,experts=[2,5]; c1:bw=20,experts=[0,5]; c5:bw=33,experts=[3,4,6]; c4:bw=27,experts=[4,6]; c6:bw=17,experts=[1]; c7:bw=28,experts=[2,7]; c0:bw=20,experts=[2,7]; c8:bw=36,experts=[1,4,6]
   97 | 0.01000 |   1.4971 |   47.07% |   59.28% |    0:50.95
      bandwidth/experts | c0:bw=23,experts=[4,5]; c9:bw=24,experts=[0,5]; c8:bw=24,experts=[4,5]; c4:bw=10,experts=[2]; c7:bw=17,experts=[0]; c1:bw=28,experts=[2,5]; c3:bw=19,experts=[2]; c5:bw=26,experts=[2,6]; c6:bw=28,experts=[6,7]; c2:bw=30,experts=[1,4,6]
   98 | 0.01000 |   1.5661 |   56.55% |   59.28% |    0:50.82
      bandwidth/experts | c4:bw=29,experts=[1,3]; c8:bw=30,experts=[0,4,6]; c9:bw=15,experts=[0]; c7:bw=13,experts=[6]; c6:bw=20,experts=[2,3]; c5:bw=27,experts=[0,5]; c0:bw=19,experts=[1]; c3:bw=14,experts=[6]; c1:bw=15,experts=[4]; c2:bw=13,experts=[1]
   99 | 0.01000 |   1.5378 |   56.99% |   59.28% |    0:50.86
      bandwidth/experts | c8:bw=19,experts=[2]; c5:bw=27,experts=[5,6]; c7:bw=25,experts=[4,5]; c1:bw=33,experts=[0,3,4]; c3:bw=21,experts=[4,5]; c9:bw=11,experts=[2]; c4:bw=14,experts=[1]; c0:bw=22,experts=[1,5]; c2:bw=17,experts=[4]; c6:bw=19,experts=[5]
  100 | 0.01000 |   1.5224 |   56.78% |   59.28% |    0:50.93
      bandwidth/experts | c2:bw=17,experts=[4]; c8:bw=25,experts=[0,4]; c9:bw=29,experts=[1,5]; c5:bw=10,experts=[7]; c6:bw=25,experts=[4,5]; c1:bw=10,experts=[6]; c4:bw=36,experts=[1,6,7]; c7:bw=10,experts=[7]; c3:bw=23,experts=[3,7]; c0:bw=36,experts=[2,6,7]

Done. Best Acc: 59.28% @ round 96
Total time: 1:24:04.02
[Export] 实验目录: /userhome/cs3/duanty/FedMoE/results/20260920-062407
[Export] 每轮明细: /userhome/cs3/duanty/FedMoE/results/20260920-062407/rounds.xlsx
[Export] 总体摘要: /userhome/cs3/duanty/FedMoE/results/20260920-062407/summary.xlsx
[Plot] result = /userhome/cs3/duanty/FedMoE/results/20260920-062407
[Plot] figures -> /userhome/cs3/duanty/FedMoE/results/20260920-062407/figure
  fig01_test_accuracy.pdf
  fig02_train_loss.pdf
  fig03_acc_and_loss.pdf
  fig04_bandwidth_and_k.pdf
  fig05_expert_round_heatmap.pdf
  fig06_client_expert_heatmap.pdf
  fig07_expert_frequency.pdf
  fig08_time_breakdown.pdf
  fig09_accuracy_vs_communication.pdf
  fig10_overview.pdf
[Export] 图片目录: /userhome/cs3/duanty/FedMoE/results/20260920-062407/figure
