========================================
Job    : exp05-c100-resnet-n20-fedavg-old
Host   : gpu-4090-102
Date   : Thu Sep 24 12:08:04 HKT 2026
GPU    : 0
Python : /userhome/cs3/duanty/miniconda3/envs/moe/bin/python
Command: python -u main.py --method ours --dataset cifar100 --backbone resnet --select ours --merge fedavg-old --device cuda --num_experts 8 --num_clients 20 --bw_min 10 --bw_max -1 --output_dir ./results/exp05-c100-resnet-n20-fedavg-old
========================================

==================================================================
 Ours  
  Dataset=cifar100 | beta=0.1 | Backbone=resnet | width_mult=1 | Clients=20 | Experts=8
  Select=ours | Merge=fedavg-old
  Expert refresh N_ref=8
  Rounds=100 | LR=0.01
  Bandwidth: expert_bw=10 | bw=[10, 80] | Rayleigh-Shannon, SNR=10 dB | k=floor(bw/10)
==================================================================


[Partition] Dirichlet beta=0.1, 20 clients
  Client 0:   1405 samples | 32/100 classes
  Client 1:   3603 samples | 46/100 classes
  Client 2:   2517 samples | 40/100 classes
  Client 3:   1391 samples | 36/100 classes
  Client 4:   3256 samples | 47/100 classes
  Client 5:   1209 samples | 37/100 classes
  Client 6:   1933 samples | 40/100 classes
  Client 7:   3123 samples | 50/100 classes
  Client 8:   2179 samples | 40/100 classes
  Client 9:   2148 samples | 39/100 classes
  Client 10:   1150 samples | 43/100 classes
  Client 11:   2282 samples | 44/100 classes
  Client 12:   2387 samples | 37/100 classes
  Client 13:   4032 samples | 50/100 classes
  Client 14:   3805 samples | 45/100 classes
  Client 15:   2872 samples | 52/100 classes
  Client 16:   2032 samples | 41/100 classes
  Client 17:   2165 samples | 39/100 classes
  Client 18:   2968 samples | 45/100 classes
  Client 19:   3543 samples | 100/100 classes

[Upload] expert_bw=10 | available bw=[10, 80] | Rayleigh-Shannon, SNR=10 dB | upload k=floor(bw/10), cap=8 | probe gate scores, refresh stale experts, then train selected

[Model] Total params: 13,684,576

[Export] 本次实验目录: /userhome/cs3/duanty/FedMoE/results/exp05-c100-resnet-n20-fedavg-old/20260924-120808

Round |      LR |  AvgLoss |  TestAcc |     Best |  RoundTime
--------------------------------------------------------------------------------
    1 | 0.00208 |   3.8769 |    1.41% |    1.41% |    0:54.64
      bandwidth/experts | c0:bw=10,experts=[2]; c17:bw=34,experts=[2,4,6]; c15:bw=58,experts=[1,2,4,5,6]; c1:bw=29,experts=[2,4]; c8:bw=55,experts=[1,2,4,5,6]; c5:bw=44,experts=[1,2,4,6]; c11:bw=24,experts=[2,4]; c3:bw=51,experts=[1,2,4,5,6]; c18:bw=30,experts=[2,4,6]; c16:bw=48,experts=[1,2,4,6]; c13:bw=42,experts=[1,2,4,6]; c2:bw=29,experts=[2,4]; c9:bw=45,experts=[1,2,4,6]; c19:bw=40,experts=[1,2,4,6]; c4:bw=40,experts=[1,2,4,6]; c12:bw=23,experts=[2,4]; c7:bw=20,experts=[2,6]; c10:bw=22,experts=[2,4]; c14:bw=54,experts=[1,2,4,5,6]; c6:bw=41,experts=[1,2,4,6]
    2 | 0.00406 |   3.3818 |    3.43% |    3.43% |    0:50.98
      bandwidth/experts | c19:bw=53,experts=[0,1,2,4,6]; c16:bw=16,experts=[4]; c15:bw=62,experts=[0,1,2,4,5,6]; c5:bw=69,experts=[0,1,2,4,5,6]; c4:bw=30,experts=[0,4,6]; c12:bw=16,experts=[4]; c14:bw=26,experts=[4,6]; c7:bw=55,experts=[0,1,4,5,6]; c3:bw=67,experts=[0,1,2,4,5,6]; c6:bw=17,experts=[4]; c2:bw=22,experts=[4,6]; c9:bw=46,experts=[0,1,4,6]; c13:bw=54,experts=[0,1,4,5,6]; c10:bw=59,experts=[0,1,4,5,6]; c18:bw=24,experts=[4,6]; c8:bw=48,experts=[0,1,4,6]; c17:bw=51,experts=[0,1,4,5,6]; c11:bw=29,experts=[4,6]; c0:bw=36,experts=[0,4,6]; c1:bw=41,experts=[0,1,4,6]
    3 | 0.00604 |   3.2560 |    5.41% |    5.41% |    0:57.05
      bandwidth/experts | c10:bw=10,experts=[4]; c7:bw=33,experts=[0,4,6]; c0:bw=50,experts=[0,1,4,5,6]; c2:bw=42,experts=[0,1,4,6]; c5:bw=13,experts=[4]; c18:bw=40,experts=[0,1,4,6]; c16:bw=31,experts=[0,4,6]; c12:bw=37,experts=[0,4,6]; c4:bw=52,experts=[0,1,4,5,6]; c14:bw=53,experts=[0,1,4,5,6]; c15:bw=16,experts=[4]; c9:bw=48,experts=[0,1,4,6]; c1:bw=13,experts=[4]; c13:bw=54,experts=[0,1,4,5,6]; c11:bw=66,experts=[0,1,2,4,5,6]; c19:bw=24,experts=[4,6]; c3:bw=26,experts=[4,6]; c17:bw=41,experts=[0,4,5,6]; c6:bw=40,experts=[0,4,5,6]; c8:bw=30,experts=[0,4,6]
    4 | 0.00802 |   3.1855 |    7.32% |    7.32% |    0:59.52
      bandwidth/experts | c0:bw=59,experts=[0,1,4,5,6]; c18:bw=43,experts=[0,1,4,6]; c6:bw=53,experts=[0,1,4,5,6]; c8:bw=31,experts=[0,4,6]; c17:bw=39,experts=[0,4,6]; c11:bw=49,experts=[0,1,4,6]; c4:bw=56,experts=[0,1,4,5,6]; c9:bw=22,experts=[4,6]; c12:bw=63,experts=[0,1,2,4,5,6]; c10:bw=64,experts=[0,1,2,4,5,6]; c5:bw=73,experts=[0,1,2,4,5,6,7]; c19:bw=47,experts=[0,1,4,6]; c15:bw=24,experts=[4,6]; c7:bw=45,experts=[0,1,4,6]; c1:bw=40,experts=[0,1,4,6]; c3:bw=34,experts=[0,4,6]; c16:bw=45,experts=[0,1,4,6]; c13:bw=49,experts=[0,1,4,6]; c2:bw=60,experts=[0,1,2,4,5,6]; c14:bw=32,experts=[0,4,6]
    5 | 0.01000 |   3.1336 |    8.65% |    8.65% |    0:59.32
      bandwidth/experts | c5:bw=40,experts=[0,1,4,6]; c2:bw=10,experts=[4]; c10:bw=35,experts=[0,4,6]; c19:bw=19,experts=[4]; c0:bw=50,experts=[0,1,2,4,6]; c12:bw=55,experts=[0,1,2,4,6]; c9:bw=62,experts=[0,1,2,4,5,6]; c16:bw=32,experts=[0,4,6]; c1:bw=20,experts=[4,6]; c4:bw=48,experts=[0,1,4,6]; c17:bw=64,experts=[0,1,2,4,5,6]; c8:bw=37,experts=[0,4,6]; c11:bw=21,experts=[4,6]; c6:bw=53,experts=[0,1,4,5,6]; c18:bw=10,experts=[4]; c7:bw=24,experts=[4,6]; c14:bw=53,experts=[0,1,2,4,6]; c15:bw=45,experts=[0,1,4,6]; c13:bw=36,experts=[0,4,6]; c3:bw=63,experts=[0,1,2,4,5,6]
    6 | 0.01000 |   3.0756 |   10.49% |   10.49% |    1:01.72
      bandwidth/experts | c3:bw=36,experts=[0,4,6]; c1:bw=32,experts=[0,4,6]; c4:bw=17,experts=[4]; c5:bw=27,experts=[4,6]; c15:bw=33,experts=[0,4,6]; c16:bw=54,experts=[0,1,2,4,6]; c9:bw=48,experts=[0,1,4,6]; c10:bw=10,experts=[4]; c13:bw=15,experts=[4]; c2:bw=42,experts=[0,1,4,6]; c18:bw=40,experts=[0,1,4,6]; c19:bw=37,experts=[0,4,6]; c11:bw=31,experts=[0,4,6]; c17:bw=27,experts=[4,6]; c7:bw=58,experts=[0,1,2,4,6]; c8:bw=67,experts=[0,1,2,4,5,6]; c6:bw=20,experts=[4,6]; c0:bw=31,experts=[0,4,6]; c12:bw=62,experts=[0,1,2,4,5,6]; c14:bw=40,experts=[0,1,4,6]
    7 | 0.01000 |   3.0095 |   12.82% |   12.82% |    0:59.61
      bandwidth/experts | c13:bw=25,experts=[4,6]; c10:bw=17,experts=[4]; c12:bw=47,experts=[0,1,4,6]; c16:bw=53,experts=[0,1,2,4,6]; c9:bw=10,experts=[4]; c5:bw=49,experts=[0,1,4,6]; c3:bw=26,experts=[4,6]; c2:bw=40,experts=[0,1,4,6]; c4:bw=14,experts=[4]; c15:bw=39,experts=[0,4,6]; c14:bw=13,experts=[4]; c17:bw=41,experts=[0,1,4,6]; c0:bw=36,experts=[0,4,6]; c1:bw=10,experts=[4]; c11:bw=60,experts=[0,1,2,4,5,6]; c7:bw=31,experts=[0,4,6]; c18:bw=20,experts=[4,6]; c19:bw=54,experts=[0,1,2,4,6]; c8:bw=57,experts=[0,1,2,4,6]; c6:bw=13,experts=[4]
    8 | 0.01000 |   3.0449 |   15.08% |   15.08% |    1:00.24
      bandwidth/experts | c17:bw=56,experts=[0,3,4,6,7]; c18:bw=39,experts=[3,5,7]; c1:bw=58,experts=[3,4,5,6,7]; c5:bw=28,experts=[3,4]; c3:bw=37,experts=[3,4,7]; c15:bw=66,experts=[0,1,3,4,6,7]; c7:bw=15,experts=[3]; c11:bw=45,experts=[3,4,6,7]; c16:bw=45,experts=[3,4,5,7]; c8:bw=37,experts=[3,4,7]; c10:bw=51,experts=[1,3,4,6,7]; c12:bw=51,experts=[0,3,4,6,7]; c6:bw=41,experts=[3,4,6,7]; c9:bw=59,experts=[1,3,4,6,7]; c19:bw=31,experts=[3,5,7]; c0:bw=32,experts=[3,4,7]; c2:bw=54,experts=[0,3,4,6,7]; c13:bw=35,experts=[3,4,7]; c14:bw=59,experts=[0,3,4,6,7]; c4:bw=10,experts=[3]
    9 | 0.01000 |   2.8913 |   16.21% |   16.21% |    1:00.55
      bandwidth/experts | c17:bw=49,experts=[0,1,4,6]; c11:bw=28,experts=[4,6]; c7:bw=46,experts=[0,4,6,7]; c13:bw=41,experts=[0,2,4,6]; c0:bw=52,experts=[0,1,2,4,6]; c9:bw=26,experts=[4,6]; c4:bw=59,experts=[0,2,4,6,7]; c8:bw=18,experts=[4]; c1:bw=14,experts=[2]; c5:bw=52,experts=[0,1,2,4,6]; c2:bw=21,experts=[4,6]; c16:bw=41,experts=[0,2,4,6]; c19:bw=26,experts=[4,6]; c15:bw=36,experts=[0,4,6]; c3:bw=23,experts=[4,6]; c18:bw=53,experts=[0,1,2,4,6]; c10:bw=34,experts=[0,4,6]; c14:bw=37,experts=[0,4,6]; c12:bw=38,experts=[0,4,6]; c6:bw=31,experts=[2,4,6]
   10 | 0.01000 |   2.8382 |   19.34% |   19.34% |    1:00.97
      bandwidth/experts | c4:bw=37,experts=[0,4,6]; c9:bw=35,experts=[0,4,6]; c1:bw=41,experts=[0,1,4,6]; c15:bw=10,experts=[2]; c7:bw=37,experts=[4,5,6]; c5:bw=58,experts=[0,1,2,4,6]; c16:bw=44,experts=[0,1,4,6]; c2:bw=34,experts=[0,4,6]; c18:bw=28,experts=[4,6]; c3:bw=46,experts=[0,1,4,6]; c12:bw=52,experts=[0,2,4,5,6]; c17:bw=35,experts=[0,4,6]; c8:bw=35,experts=[0,4,6]; c14:bw=57,experts=[0,1,2,4,6]; c0:bw=59,experts=[0,1,4,5,6]; c13:bw=38,experts=[0,4,6]; c6:bw=65,experts=[0,1,2,4,5,6]; c10:bw=54,experts=[0,1,2,4,6]; c19:bw=43,experts=[0,1,4,6]; c11:bw=21,experts=[4,6]
   11 | 0.01000 |   2.7769 |   19.42% |   19.42% |    0:59.74
      bandwidth/experts | c2:bw=27,experts=[4,6]; c6:bw=55,experts=[0,1,2,4,6]; c16:bw=43,experts=[0,2,4,6]; c4:bw=16,experts=[4]; c17:bw=44,experts=[1,2,4,6]; c1:bw=40,experts=[0,1,4,6]; c13:bw=40,experts=[0,4,5,6]; c12:bw=20,experts=[4,6]; c19:bw=25,experts=[4,6]; c3:bw=50,experts=[0,1,2,4,6]; c8:bw=39,experts=[0,4,6]; c15:bw=44,experts=[0,4,5,6]; c5:bw=28,experts=[4,6]; c10:bw=35,experts=[1,4,6]; c14:bw=15,experts=[5]; c7:bw=44,experts=[0,1,4,6]; c11:bw=34,experts=[0,4,6]; c9:bw=33,experts=[0,4,6]; c18:bw=47,experts=[0,1,4,6]; c0:bw=28,experts=[4,6]
   12 | 0.01000 |   2.6987 |   21.36% |   21.36% |    0:59.69
      bandwidth/experts | c14:bw=29,experts=[4,6]; c3:bw=35,experts=[1,4,6]; c9:bw=42,experts=[0,2,4,6]; c18:bw=45,experts=[0,1,4,6]; c8:bw=55,experts=[0,2,4,5,6]; c11:bw=45,experts=[0,1,4,6]; c17:bw=39,experts=[1,4,6]; c6:bw=29,experts=[4,6]; c5:bw=56,experts=[1,4,5,6,7]; c12:bw=73,experts=[0,1,2,4,5,6,7]; c19:bw=31,experts=[1,4,6]; c13:bw=53,experts=[1,2,4,5,6]; c10:bw=62,experts=[0,1,2,4,5,6]; c15:bw=36,experts=[0,4,6]; c7:bw=30,experts=[1,4,6]; c0:bw=49,experts=[0,2,4,6]; c4:bw=28,experts=[4,5]; c16:bw=28,experts=[4,6]; c2:bw=57,experts=[1,2,4,5,6]; c1:bw=42,experts=[0,2,4,6]
   13 | 0.01000 |   2.7044 |   22.79% |   22.79% |    0:59.65
      bandwidth/experts | c9:bw=15,experts=[5]; c8:bw=15,experts=[4]; c6:bw=36,experts=[0,4,6]; c14:bw=70,experts=[0,1,2,4,5,6,7]; c13:bw=32,experts=[0,4,6]; c2:bw=16,experts=[4]; c19:bw=36,experts=[1,4,6]; c12:bw=42,experts=[0,2,4,6]; c1:bw=47,experts=[0,2,4,6]; c17:bw=55,experts=[0,1,4,5,6]; c4:bw=10,experts=[1]; c15:bw=38,experts=[0,4,6]; c18:bw=51,experts=[0,1,2,4,6]; c0:bw=25,experts=[4,6]; c16:bw=10,experts=[4]; c7:bw=58,experts=[0,1,2,4,6]; c10:bw=42,experts=[1,2,4,6]; c3:bw=30,experts=[4,5,6]; c5:bw=29,experts=[4,6]; c11:bw=52,experts=[0,1,2,4,6]
   14 | 0.01000 |   2.5961 |   25.66% |   25.66% |    1:01.05
      bandwidth/experts | c5:bw=64,experts=[0,1,2,4,5,6]; c11:bw=36,experts=[0,4,6]; c4:bw=10,experts=[4]; c19:bw=42,experts=[2,4,5,6]; c9:bw=32,experts=[0,4,6]; c1:bw=38,experts=[0,4,6]; c12:bw=43,experts=[0,4,5,6]; c10:bw=31,experts=[2,4,6]; c7:bw=25,experts=[4,6]; c0:bw=25,experts=[4,6]; c8:bw=21,experts=[4,6]; c13:bw=34,experts=[0,4,6]; c6:bw=67,experts=[0,1,2,4,5,6]; c17:bw=10,experts=[4]; c16:bw=19,experts=[4]; c14:bw=25,experts=[4,6]; c18:bw=63,experts=[0,1,2,4,5,6]; c3:bw=45,experts=[0,4,5,6]; c2:bw=45,experts=[0,2,4,6]; c15:bw=12,experts=[4]
   15 | 0.01000 |   2.5582 |   26.50% |   26.50% |    0:59.82
      bandwidth/experts | c14:bw=50,experts=[0,2,4,5,6]; c16:bw=29,experts=[4,6]; c19:bw=59,experts=[0,1,2,4,6]; c13:bw=60,experts=[0,1,2,4,5,6]; c4:bw=47,experts=[2,4,5,6]; c12:bw=10,experts=[4]; c5:bw=18,experts=[4]; c7:bw=59,experts=[0,2,4,5,6]; c10:bw=13,experts=[4]; c1:bw=14,experts=[4]; c0:bw=20,experts=[4,6]; c15:bw=10,experts=[4]; c3:bw=10,experts=[4]; c8:bw=52,experts=[1,2,4,5,6]; c18:bw=34,experts=[1,4,6]; c11:bw=55,experts=[0,1,4,5,6]; c6:bw=33,experts=[2,4,6]; c2:bw=53,experts=[0,1,2,4,6]; c9:bw=19,experts=[4]; c17:bw=47,experts=[0,2,4,6]
   16 | 0.01000 |   2.6958 |   26.26% |   26.50% |    0:59.64
      bandwidth/experts | c6:bw=40,experts=[3,4,6,7]; c11:bw=10,experts=[3]; c4:bw=35,experts=[3,4,6]; c1:bw=29,experts=[3,5]; c18:bw=12,experts=[3]; c9:bw=24,experts=[1,3]; c14:bw=29,experts=[3,4]; c13:bw=24,experts=[3,7]; c10:bw=22,experts=[3,7]; c0:bw=57,experts=[0,3,4,6,7]; c12:bw=14,experts=[3]; c5:bw=40,experts=[3,4,5,6]; c7:bw=22,experts=[3,4]; c3:bw=43,experts=[3,4,6,7]; c17:bw=43,experts=[3,4,6,7]; c16:bw=54,experts=[3,4,5,6,7]; c15:bw=48,experts=[1,3,4,7]; c2:bw=52,experts=[0,3,4,6,7]; c19:bw=62,experts=[0,3,4,5,6,7]; c8:bw=49,experts=[3,4,6,7]
   17 | 0.01000 |   2.4940 |   29.73% |   29.73% |    1:02.45
      bandwidth/experts | c14:bw=33,experts=[0,4,6]; c7:bw=25,experts=[4,7]; c12:bw=74,experts=[0,1,2,4,5,6,7]; c6:bw=39,experts=[4,5,6]; c11:bw=10,experts=[7]; c4:bw=58,experts=[0,4,5,6,7]; c16:bw=30,experts=[0,4,6]; c9:bw=37,experts=[4,6,7]; c10:bw=44,experts=[0,4,5,6]; c0:bw=11,experts=[4]; c3:bw=52,experts=[0,2,4,5,6]; c8:bw=10,experts=[4]; c18:bw=31,experts=[4,6,7]; c5:bw=10,experts=[4]; c19:bw=40,experts=[0,4,5,6]; c1:bw=29,experts=[4,7]; c13:bw=27,experts=[4,6]; c17:bw=11,experts=[4]; c2:bw=19,experts=[4]; c15:bw=50,experts=[0,2,4,5,6]
   18 | 0.01000 |   2.4390 |   31.23% |   31.23% |    1:04.13
      bandwidth/experts | c7:bw=55,experts=[0,2,4,5,6]; c3:bw=37,experts=[0,4,6]; c4:bw=56,experts=[1,2,4,5,6]; c18:bw=60,experts=[0,1,2,4,5,6]; c1:bw=10,experts=[4]; c12:bw=18,experts=[4]; c8:bw=10,experts=[4]; c9:bw=19,experts=[4]; c14:bw=40,experts=[0,1,4,6]; c17:bw=50,experts=[0,2,4,5,6]; c19:bw=33,experts=[0,4,6]; c13:bw=43,experts=[0,4,5,6]; c6:bw=31,experts=[0,4,6]; c5:bw=35,experts=[0,4,6]; c2:bw=37,experts=[0,4,6]; c10:bw=27,experts=[4,6]; c11:bw=57,experts=[0,1,4,5,6]; c15:bw=51,experts=[0,2,4,5,6]; c0:bw=49,experts=[1,4,5,6]; c16:bw=38,experts=[1,4,6]
   19 | 0.01000 |   2.4192 |   30.82% |   31.23% |    1:04.94
      bandwidth/experts | c8:bw=56,experts=[0,2,4,5,6]; c7:bw=22,experts=[4,6]; c1:bw=46,experts=[1,4,5,6]; c6:bw=66,experts=[0,1,2,4,5,6]; c9:bw=38,experts=[4,5,6]; c10:bw=35,experts=[4,5,6]; c11:bw=20,experts=[4,6]; c19:bw=37,experts=[2,4,6]; c13:bw=10,experts=[4]; c5:bw=29,experts=[4,6]; c17:bw=67,experts=[0,1,2,4,5,6]; c12:bw=54,experts=[0,2,4,5,6]; c18:bw=31,experts=[4,5,6]; c16:bw=13,experts=[2]; c3:bw=40,experts=[0,4,5,6]; c2:bw=14,experts=[4]; c15:bw=39,experts=[0,4,6]; c4:bw=51,experts=[0,2,4,5,6]; c0:bw=42,experts=[0,4,5,6]; c14:bw=30,experts=[0,4,6]
   20 | 0.01000 |   2.4511 |   33.31% |   33.31% |    1:02.61
      bandwidth/experts | c17:bw=48,experts=[0,4,5,6]; c4:bw=59,experts=[0,2,4,5,6]; c3:bw=18,experts=[1]; c10:bw=16,experts=[4]; c6:bw=68,experts=[0,1,2,4,5,6]; c13:bw=40,experts=[0,1,4,6]; c14:bw=30,experts=[0,4,6]; c11:bw=10,experts=[4]; c7:bw=43,experts=[0,1,4,6]; c16:bw=40,experts=[0,4,5,6]; c12:bw=44,experts=[0,4,5,6]; c5:bw=10,experts=[7]; c9:bw=17,experts=[2]; c8:bw=50,experts=[0,2,4,5,6]; c1:bw=40,experts=[0,4,5,6]; c15:bw=19,experts=[4]; c19:bw=48,experts=[0,2,4,6]; c18:bw=21,experts=[4,6]; c0:bw=28,experts=[2,4]; c2:bw=41,experts=[0,4,5,6]
   21 | 0.01000 |   2.3270 |   34.93% |   34.93% |    1:02.87
      bandwidth/experts | c13:bw=23,experts=[4,6]; c14:bw=31,experts=[4,6,7]; c15:bw=19,experts=[4]; c17:bw=35,experts=[1,4,6]; c3:bw=10,experts=[4]; c4:bw=48,experts=[0,4,5,6]; c18:bw=60,experts=[0,1,2,4,5,6]; c19:bw=58,experts=[0,1,2,4,6]; c2:bw=39,experts=[0,4,6]; c11:bw=23,experts=[2,4]; c12:bw=38,experts=[0,4,6]; c9:bw=25,experts=[4,6]; c6:bw=16,experts=[4]; c5:bw=32,experts=[0,4,6]; c10:bw=40,experts=[0,1,4,6]; c8:bw=18,experts=[4]; c0:bw=66,experts=[0,1,2,4,5,6]; c7:bw=12,experts=[4]; c16:bw=33,experts=[0,4,6]; c1:bw=41,experts=[0,2,4,6]
   22 | 0.01000 |   2.3425 |   35.25% |   35.25% |    0:55.07
      bandwidth/experts | c4:bw=36,experts=[4,5,6]; c19:bw=45,experts=[0,4,5,6]; c8:bw=33,experts=[0,4,6]; c17:bw=62,experts=[0,1,2,4,5,6]; c18:bw=15,experts=[4]; c5:bw=17,experts=[1]; c10:bw=10,experts=[2]; c16:bw=34,experts=[0,4,6]; c9:bw=33,experts=[0,4,6]; c1:bw=10,experts=[4]; c6:bw=61,experts=[0,1,2,4,5,6]; c2:bw=66,experts=[0,1,2,4,5,6]; c11:bw=43,experts=[0,4,5,6]; c14:bw=48,experts=[0,4,5,6]; c13:bw=34,experts=[4,5,6]; c15:bw=66,experts=[0,1,2,4,5,6]; c7:bw=16,experts=[4]; c0:bw=67,experts=[0,1,2,4,5,6]; c12:bw=64,experts=[0,1,2,4,5,6]; c3:bw=56,experts=[0,1,4,5,6]
   23 | 0.01000 |   2.2666 |   37.11% |   37.11% |    0:55.34
      bandwidth/experts | c2:bw=32,experts=[0,4,6]; c13:bw=54,experts=[0,2,4,5,6]; c1:bw=62,experts=[0,1,2,4,5,6]; c19:bw=21,experts=[4,6]; c8:bw=35,experts=[1,4,6]; c15:bw=29,experts=[4,6]; c3:bw=15,experts=[4]; c6:bw=10,experts=[4]; c18:bw=26,experts=[4,6]; c12:bw=26,experts=[4,6]; c7:bw=15,experts=[4]; c0:bw=11,experts=[4]; c4:bw=56,experts=[0,1,4,5,6]; c11:bw=52,experts=[0,1,4,5,6]; c10:bw=67,experts=[0,1,2,4,5,6]; c17:bw=70,experts=[0,1,2,4,5,6,7]; c14:bw=52,experts=[0,1,2,4,6]; c5:bw=52,experts=[0,2,4,5,6]; c9:bw=50,experts=[0,1,4,5,6]; c16:bw=56,experts=[0,1,4,5,6]
   24 | 0.01000 |   2.3754 |   36.61% |   37.11% |    0:55.41
      bandwidth/experts | c3:bw=10,experts=[3]; c14:bw=42,experts=[0,3,4,6]; c13:bw=50,experts=[3,4,5,6,7]; c5:bw=25,experts=[3,4]; c8:bw=18,experts=[3]; c10:bw=39,experts=[3,4,7]; c4:bw=12,experts=[3]; c17:bw=56,experts=[0,3,4,5,6]; c6:bw=30,experts=[3,4,7]; c16:bw=41,experts=[3,4,6,7]; c18:bw=72,experts=[0,1,2,3,4,5,6]; c0:bw=31,experts=[3,4,7]; c19:bw=55,experts=[3,4,5,6,7]; c9:bw=50,experts=[0,1,3,4,6]; c11:bw=10,experts=[3]; c1:bw=10,experts=[3]; c12:bw=37,experts=[3,4,6]; c15:bw=44,experts=[3,4,6,7]; c7:bw=10,experts=[3]; c2:bw=43,experts=[3,4,6,7]
   25 | 0.01000 |   2.2430 |   38.60% |   38.60% |    0:55.78
      bandwidth/experts | c18:bw=59,experts=[0,4,5,6,7]; c15:bw=29,experts=[4,6]; c3:bw=14,experts=[7]; c2:bw=12,experts=[4]; c12:bw=36,experts=[4,6,7]; c6:bw=16,experts=[4]; c9:bw=40,experts=[4,5,6,7]; c10:bw=25,experts=[4,6]; c16:bw=52,experts=[0,1,4,5,6]; c4:bw=58,experts=[0,4,5,6,7]; c7:bw=40,experts=[1,4,6,7]; c19:bw=57,experts=[0,1,4,5,6]; c5:bw=64,experts=[0,1,2,4,5,6]; c13:bw=56,experts=[0,1,4,5,6]; c1:bw=49,experts=[0,4,6,7]; c14:bw=26,experts=[4,6]; c17:bw=52,experts=[0,1,4,5,6]; c0:bw=56,experts=[0,1,4,5,6]; c11:bw=60,experts=[0,1,4,5,6,7]; c8:bw=55,experts=[0,4,5,6,7]
   26 | 0.01000 |   2.1937 |   39.61% |   39.61% |    0:55.76
      bandwidth/experts | c5:bw=20,experts=[4,6]; c7:bw=31,experts=[2,4,5]; c1:bw=33,experts=[0,4,6]; c2:bw=30,experts=[0,4,6]; c8:bw=53,experts=[0,2,4,5,6]; c16:bw=10,experts=[4]; c12:bw=41,experts=[0,4,5,6]; c6:bw=34,experts=[0,4,6]; c19:bw=15,experts=[4]; c10:bw=38,experts=[4,5,6]; c9:bw=50,experts=[0,1,4,5,6]; c14:bw=49,experts=[0,4,5,6]; c3:bw=44,experts=[2,4,5,6]; c0:bw=11,experts=[4]; c17:bw=32,experts=[4,5,6]; c11:bw=57,experts=[0,1,4,5,6]; c13:bw=16,experts=[4]; c4:bw=48,experts=[0,4,5,6]; c18:bw=10,experts=[4]; c15:bw=42,experts=[0,4,5,6]
   27 | 0.01000 |   2.1617 |   40.21% |   40.21% |    0:55.09
      bandwidth/experts | c10:bw=62,experts=[0,1,2,4,5,6]; c5:bw=37,experts=[0,4,6]; c14:bw=26,experts=[4,6]; c13:bw=57,experts=[0,1,4,5,6]; c12:bw=22,experts=[4,6]; c17:bw=36,experts=[4,5,6]; c6:bw=63,experts=[0,1,2,4,5,6]; c8:bw=55,experts=[0,1,4,5,6]; c11:bw=66,experts=[0,1,2,4,5,6]; c18:bw=18,experts=[4]; c19:bw=18,experts=[4]; c7:bw=51,experts=[0,1,4,5,6]; c0:bw=36,experts=[0,4,6]; c15:bw=46,experts=[0,4,5,6]; c2:bw=20,experts=[4,6]; c16:bw=20,experts=[2,4]; c9:bw=18,experts=[4]; c1:bw=62,experts=[0,1,2,4,5,6]; c3:bw=21,experts=[4,6]; c4:bw=12,experts=[4]
   28 | 0.01000 |   2.1500 |   41.37% |   41.37% |    0:54.44
      bandwidth/experts | c5:bw=33,experts=[4,6,7]; c6:bw=29,experts=[4,6]; c19:bw=33,experts=[0,4,6]; c8:bw=29,experts=[4,6]; c3:bw=12,experts=[4]; c14:bw=15,experts=[4]; c1:bw=25,experts=[4,6]; c7:bw=10,experts=[4]; c9:bw=49,experts=[0,2,4,6]; c15:bw=32,experts=[4,5,6]; c13:bw=31,experts=[0,4,6]; c4:bw=10,experts=[2]; c10:bw=40,experts=[0,4,5,6]; c18:bw=34,experts=[0,4,6]; c12:bw=42,experts=[0,4,5,6]; c16:bw=35,experts=[4,5,6]; c0:bw=47,experts=[0,4,5,6]; c2:bw=10,experts=[4]; c17:bw=48,experts=[0,1,4,6]; c11:bw=66,experts=[0,1,2,4,5,6]
   29 | 0.01000 |   2.1102 |   42.37% |   42.37% |    0:54.60
      bandwidth/experts | c12:bw=10,experts=[4]; c5:bw=33,experts=[4,5,6]; c4:bw=38,experts=[0,4,6]; c15:bw=70,experts=[0,1,2,4,5,6,7]; c8:bw=34,experts=[0,4,6]; c3:bw=32,experts=[0,4,6]; c14:bw=35,experts=[4,6,7]; c16:bw=48,experts=[0,4,5,6]; c18:bw=24,experts=[4,6]; c10:bw=10,experts=[4]; c11:bw=59,experts=[0,1,4,5,6]; c19:bw=39,experts=[2,4,6]; c7:bw=21,experts=[4,6]; c9:bw=44,experts=[0,4,5,6]; c0:bw=44,experts=[0,4,5,6]; c6:bw=43,experts=[0,4,5,6]; c2:bw=18,experts=[4]; c17:bw=59,experts=[0,1,4,5,6]; c1:bw=33,experts=[0,4,6]; c13:bw=13,experts=[4]
   30 | 0.01000 |   2.1710 |   42.94% |   42.94% |    0:54.63
      bandwidth/experts | c14:bw=49,experts=[0,4,5,6]; c19:bw=24,experts=[4,6]; c13:bw=27,experts=[4,6]; c16:bw=31,experts=[0,4,6]; c15:bw=22,experts=[4,6]; c5:bw=62,experts=[0,1,2,4,5,6]; c6:bw=11,experts=[4]; c11:bw=46,experts=[0,1,4,6]; c1:bw=35,experts=[0,4,6]; c17:bw=19,experts=[4]; c12:bw=24,experts=[1,2]; c0:bw=17,experts=[2]; c2:bw=27,experts=[1,2]; c7:bw=12,experts=[4]; c8:bw=41,experts=[0,1,4,6]; c4:bw=51,experts=[0,1,4,5,6]; c9:bw=54,experts=[0,1,4,5,6]; c18:bw=57,experts=[0,1,4,5,6]; c3:bw=59,experts=[0,1,4,5,6]; c10:bw=71,experts=[0,1,2,4,5,6,7]
   31 | 0.01000 |   2.0995 |   43.67% |   43.67% |    0:54.82
      bandwidth/experts | c1:bw=30,experts=[4,5,6]; c6:bw=29,experts=[4,6]; c11:bw=29,experts=[4,6]; c9:bw=45,experts=[0,4,5,6]; c19:bw=40,experts=[0,4,5,6]; c4:bw=19,experts=[4]; c7:bw=63,experts=[0,1,2,4,5,6]; c14:bw=61,experts=[0,1,2,4,5,6]; c15:bw=55,experts=[0,1,4,5,6]; c18:bw=58,experts=[0,1,4,5,6]; c10:bw=33,experts=[0,4,6]; c5:bw=62,experts=[0,1,2,4,5,6]; c17:bw=35,experts=[2,4,7]; c3:bw=24,experts=[4,6]; c13:bw=32,experts=[2,4,6]; c0:bw=47,experts=[0,4,5,6]; c16:bw=36,experts=[4,5,6]; c8:bw=33,experts=[0,4,6]; c2:bw=15,experts=[5]; c12:bw=35,experts=[4,5,6]
   32 | 0.01000 |   2.0906 |   44.73% |   44.73% |    0:54.63
      bandwidth/experts | c12:bw=49,experts=[0,3,4,6]; c19:bw=27,experts=[3,7]; c1:bw=21,experts=[3,4]; c5:bw=36,experts=[3,4,6]; c7:bw=47,experts=[3,4,5,6]; c0:bw=46,experts=[3,4,6,7]; c6:bw=27,experts=[3,7]; c9:bw=31,experts=[3,4,6]; c10:bw=22,experts=[3,4]; c17:bw=28,experts=[3,4]; c3:bw=28,experts=[3,4]; c8:bw=21,experts=[3,4]; c11:bw=27,experts=[3,4]; c2:bw=54,experts=[3,4,5,6,7]; c16:bw=48,experts=[3,4,6,7]; c4:bw=49,experts=[3,4,5,6]; c15:bw=36,experts=[3,4,6]; c14:bw=32,experts=[3,4,6]; c18:bw=35,experts=[2,3,4]; c13:bw=63,experts=[0,3,4,5,6,7]
   33 | 0.01000 |   2.0433 |   44.73% |   44.73% |    0:54.80
      bandwidth/experts | c16:bw=44,experts=[0,1,4,6]; c14:bw=37,experts=[1,4,6]; c11:bw=53,experts=[0,4,5,6,7]; c3:bw=70,experts=[0,1,2,4,5,6,7]; c7:bw=52,experts=[0,4,5,6,7]; c15:bw=24,experts=[4,6]; c5:bw=29,experts=[4,6]; c17:bw=59,experts=[0,1,4,5,6]; c0:bw=62,experts=[0,1,2,4,5,6]; c9:bw=42,experts=[4,5,6,7]; c8:bw=50,experts=[0,4,5,6,7]; c1:bw=34,experts=[4,6,7]; c18:bw=55,experts=[0,4,5,6,7]; c10:bw=46,experts=[1,4,5,6]; c12:bw=46,experts=[0,4,6,7]; c19:bw=25,experts=[1,4]; c2:bw=24,experts=[4,6]; c4:bw=45,experts=[4,5,6,7]; c13:bw=30,experts=[4,5,6]; c6:bw=37,experts=[0,4,6]
   34 | 0.01000 |   2.0206 |   45.88% |   45.88% |    0:54.99
      bandwidth/experts | c10:bw=26,experts=[4,6]; c14:bw=66,experts=[0,1,2,4,5,6]; c18:bw=29,experts=[4,6]; c9:bw=68,experts=[0,1,2,4,5,6]; c16:bw=54,experts=[0,1,4,5,6]; c8:bw=42,experts=[2,4,5,6]; c13:bw=57,experts=[0,1,4,5,6]; c6:bw=48,experts=[0,4,5,6]; c11:bw=52,experts=[0,1,4,5,6]; c3:bw=72,experts=[0,1,2,4,5,6,7]; c15:bw=10,experts=[4]; c0:bw=22,experts=[4,6]; c12:bw=24,experts=[4,6]; c7:bw=32,experts=[4,5,6]; c2:bw=54,experts=[0,1,4,5,6]; c5:bw=60,experts=[0,1,2,4,5,6]; c19:bw=50,experts=[0,1,4,5,6]; c4:bw=46,experts=[1,4,5,6]; c1:bw=46,experts=[0,4,5,6]; c17:bw=16,experts=[4]
   35 | 0.01000 |   2.0226 |   45.93% |   45.93% |    0:54.67
      bandwidth/experts | c10:bw=57,experts=[0,1,4,5,6]; c19:bw=22,experts=[4,6]; c8:bw=50,experts=[0,1,4,5,6]; c12:bw=22,experts=[4,6]; c5:bw=41,experts=[0,1,4,6]; c0:bw=20,experts=[4,6]; c13:bw=48,experts=[0,1,4,6]; c4:bw=33,experts=[0,4,6]; c7:bw=48,experts=[0,4,5,6]; c3:bw=24,experts=[4,6]; c15:bw=47,experts=[1,4,5,6]; c1:bw=31,experts=[1,2,4]; c14:bw=20,experts=[4,6]; c17:bw=32,experts=[1,4,6]; c2:bw=46,experts=[0,4,5,6]; c16:bw=10,experts=[2]; c9:bw=27,experts=[4,6]; c6:bw=44,experts=[1,2,4,6]; c11:bw=69,experts=[0,1,2,4,5,6]; c18:bw=51,experts=[0,1,4,5,6]
   36 | 0.01000 |   1.9899 |   46.59% |   46.59% |    0:54.71
      bandwidth/experts | c10:bw=56,experts=[0,1,4,5,6]; c8:bw=51,experts=[0,1,4,5,6]; c1:bw=10,experts=[4]; c18:bw=11,experts=[4]; c7:bw=27,experts=[4,6]; c6:bw=43,experts=[0,1,4,6]; c2:bw=50,experts=[0,1,4,5,6]; c3:bw=60,experts=[0,1,2,4,5,6]; c15:bw=68,experts=[0,1,2,4,5,6]; c14:bw=18,experts=[4]; c19:bw=48,experts=[0,1,4,6]; c4:bw=74,experts=[0,1,2,4,5,6,7]; c13:bw=47,experts=[0,1,4,6]; c12:bw=35,experts=[0,4,6]; c11:bw=33,experts=[4,5,6]; c9:bw=37,experts=[0,4,6]; c17:bw=49,experts=[0,4,5,6]; c5:bw=49,experts=[4,5,6,7]; c0:bw=36,experts=[0,4,6]; c16:bw=10,experts=[4]
   37 | 0.01000 |   1.9794 |   47.28% |   47.28% |    0:54.85
      bandwidth/experts | c7:bw=42,experts=[0,4,5,6]; c11:bw=63,experts=[0,1,2,4,5,6]; c15:bw=51,experts=[0,4,5,6,7]; c17:bw=56,experts=[0,1,4,5,6]; c9:bw=40,experts=[0,1,4,6]; c1:bw=18,experts=[4]; c3:bw=36,experts=[1,4,6]; c10:bw=58,experts=[0,1,4,5,6]; c19:bw=42,experts=[2,4,5,6]; c6:bw=65,experts=[0,1,2,4,5,6]; c2:bw=36,experts=[0,4,6]; c12:bw=49,experts=[0,1,4,6]; c5:bw=39,experts=[4,5,6]; c4:bw=39,experts=[1,4,6]; c0:bw=54,experts=[0,1,4,5,6]; c18:bw=10,experts=[4]; c14:bw=28,experts=[4,7]; c13:bw=12,experts=[4]; c16:bw=31,experts=[4,5,6]; c8:bw=10,experts=[4]
   38 | 0.01000 |   1.9766 |   48.46% |   48.46% |    0:54.68
      bandwidth/experts | c2:bw=10,experts=[2]; c12:bw=47,experts=[0,2,4,6]; c1:bw=31,experts=[0,4,6]; c9:bw=26,experts=[4,6]; c6:bw=17,experts=[4]; c18:bw=44,experts=[0,4,5,6]; c13:bw=63,experts=[0,1,2,4,5,6]; c14:bw=41,experts=[0,4,5,6]; c16:bw=38,experts=[4,5,6]; c11:bw=17,experts=[4]; c15:bw=12,experts=[4]; c0:bw=40,experts=[0,1,4,6]; c5:bw=10,experts=[4]; c10:bw=39,experts=[2,4,7]; c19:bw=61,experts=[0,1,2,4,5,6]; c8:bw=46,experts=[0,1,4,6]; c4:bw=52,experts=[0,1,4,5,6]; c17:bw=41,experts=[0,4,5,6]; c7:bw=51,experts=[0,1,4,5,6]; c3:bw=38,experts=[0,4,6]
   39 | 0.01000 |   1.9456 |   47.63% |   48.46% |    0:54.96
      bandwidth/experts | c3:bw=26,experts=[4,6]; c13:bw=49,experts=[0,4,5,6]; c2:bw=36,experts=[4,5,6]; c11:bw=51,experts=[0,1,4,5,6]; c15:bw=30,experts=[0,4,6]; c19:bw=18,experts=[4]; c0:bw=10,experts=[4]; c12:bw=49,experts=[0,4,5,6]; c6:bw=31,experts=[0,4,6]; c18:bw=25,experts=[4,6]; c10:bw=24,experts=[4,6]; c16:bw=29,experts=[4,6]; c7:bw=40,experts=[2,4,5,6]; c9:bw=24,experts=[4,6]; c1:bw=45,experts=[0,1,4,6]; c8:bw=45,experts=[0,4,5,6]; c14:bw=57,experts=[0,1,4,5,6]; c4:bw=36,experts=[1,4,6]; c17:bw=42,experts=[2,4,6,7]; c5:bw=75,experts=[0,1,2,4,5,6,7]
   40 | 0.01000 |   2.0131 |   47.84% |   48.46% |    0:54.97
      bandwidth/experts | c15:bw=22,experts=[3,4]; c3:bw=10,experts=[3]; c9:bw=40,experts=[0,3,4,6]; c14:bw=58,experts=[0,1,3,4,6]; c13:bw=32,experts=[3,4,7]; c7:bw=66,experts=[0,1,3,4,5,6]; c19:bw=23,experts=[3,7]; c11:bw=15,experts=[3]; c17:bw=30,experts=[3,4,6]; c5:bw=32,experts=[3,4,6]; c6:bw=46,experts=[3,4,6,7]; c4:bw=19,experts=[3]; c18:bw=38,experts=[2,3,4]; c2:bw=65,experts=[0,1,3,4,6,7]; c8:bw=26,experts=[3,4]; c1:bw=42,experts=[3,4,5,6]; c0:bw=36,experts=[3,4,7]; c12:bw=42,experts=[0,3,4,6]; c16:bw=29,experts=[3,7]; c10:bw=60,experts=[0,1,3,4,5,6]
   41 | 0.01000 |   1.9842 |   48.68% |   48.68% |    0:55.35
      bandwidth/experts | c14:bw=61,experts=[0,1,2,4,5,6]; c11:bw=41,experts=[0,4,6,7]; c5:bw=61,experts=[0,1,2,4,5,6]; c15:bw=24,experts=[4,6]; c6:bw=10,experts=[4]; c10:bw=42,experts=[0,4,5,6]; c1:bw=10,experts=[7]; c7:bw=68,experts=[0,1,4,5,6,7]; c17:bw=52,experts=[0,1,4,5,6]; c12:bw=18,experts=[7]; c3:bw=40,experts=[0,4,5,6]; c2:bw=54,experts=[0,1,4,5,6]; c0:bw=10,experts=[2]; c8:bw=57,experts=[0,4,5,6,7]; c13:bw=45,experts=[0,1,4,6]; c19:bw=19,experts=[4]; c16:bw=25,experts=[4,6]; c18:bw=10,experts=[7]; c9:bw=54,experts=[1,4,5,6,7]; c4:bw=50,experts=[0,1,4,5,6]
   42 | 0.01000 |   1.9269 |   49.67% |   49.67% |    0:55.23
      bandwidth/experts | c12:bw=22,experts=[4,6]; c9:bw=51,experts=[0,1,2,4,6]; c3:bw=48,experts=[1,4,6,7]; c7:bw=20,experts=[4,6]; c19:bw=63,experts=[0,1,2,4,5,6]; c1:bw=49,experts=[0,1,4,6]; c15:bw=31,experts=[0,4,6]; c14:bw=13,experts=[4]; c13:bw=33,experts=[0,4,6]; c6:bw=34,experts=[0,4,6]; c16:bw=10,experts=[0]; c8:bw=42,experts=[0,2,4,6]; c10:bw=15,experts=[4]; c4:bw=55,experts=[0,1,4,5,6]; c18:bw=14,experts=[4]; c5:bw=50,experts=[0,1,4,5,6]; c0:bw=15,experts=[4]; c11:bw=59,experts=[0,1,4,5,6]; c17:bw=32,experts=[1,4,6]; c2:bw=40,experts=[0,1,4,6]
   43 | 0.01000 |   1.9169 |   50.20% |   50.20% |    0:55.37
      bandwidth/experts | c4:bw=34,experts=[0,4,6]; c9:bw=32,experts=[1,4,6]; c7:bw=21,experts=[4,6]; c12:bw=10,experts=[4]; c11:bw=55,experts=[0,1,4,5,6]; c14:bw=66,experts=[0,1,2,4,5,6]; c6:bw=12,experts=[4]; c0:bw=21,experts=[4,6]; c18:bw=24,experts=[1,4]; c8:bw=45,experts=[0,1,4,6]; c3:bw=65,experts=[0,1,2,4,5,6]; c15:bw=14,experts=[4]; c2:bw=51,experts=[0,1,4,5,6]; c10:bw=37,experts=[0,4,6]; c13:bw=16,experts=[4]; c16:bw=21,experts=[1,2]; c19:bw=54,experts=[0,1,4,5,6]; c17:bw=47,experts=[0,1,4,6]; c5:bw=53,experts=[0,1,2,4,6]; c1:bw=58,experts=[0,1,2,4,6]
   44 | 0.01000 |   1.8998 |   50.21% |   50.21% |    0:55.27
      bandwidth/experts | c12:bw=40,experts=[0,1,4,6]; c15:bw=50,experts=[0,1,2,4,6]; c13:bw=28,experts=[4,6]; c6:bw=20,experts=[4,6]; c2:bw=37,experts=[0,4,6]; c17:bw=12,experts=[4]; c8:bw=34,experts=[0,4,6]; c10:bw=56,experts=[0,1,4,5,6]; c14:bw=65,experts=[0,1,2,4,5,6]; c5:bw=24,experts=[4,6]; c1:bw=45,experts=[0,1,4,6]; c4:bw=29,experts=[2,7]; c7:bw=75,experts=[0,1,2,4,5,6,7]; c19:bw=10,experts=[4]; c11:bw=16,experts=[4]; c0:bw=66,experts=[0,1,2,4,5,6]; c18:bw=54,experts=[0,1,4,5,6]; c16:bw=76,experts=[0,1,2,4,5,6,7]; c9:bw=37,experts=[0,4,6]; c3:bw=47,experts=[0,4,5,6]
   45 | 0.01000 |   1.8963 |   50.65% |   50.65% |    0:55.40
      bandwidth/experts | c12:bw=61,experts=[0,1,2,4,5,6]; c0:bw=36,experts=[0,4,6]; c11:bw=53,experts=[0,2,4,5,6]; c5:bw=44,experts=[0,4,5,6]; c6:bw=10,experts=[1]; c1:bw=56,experts=[0,1,2,4,6]; c4:bw=64,experts=[0,1,2,4,5,6]; c17:bw=10,experts=[4]; c9:bw=25,experts=[4,6]; c2:bw=49,experts=[0,1,4,6]; c8:bw=55,experts=[0,1,4,5,6]; c13:bw=53,experts=[0,1,4,5,6]; c19:bw=67,experts=[0,1,2,4,5,6]; c16:bw=54,experts=[0,1,4,5,6]; c3:bw=67,experts=[0,1,2,4,5,6]; c7:bw=36,experts=[1,4,6]; c18:bw=16,experts=[4]; c10:bw=42,experts=[0,1,4,6]; c15:bw=33,experts=[4,5,7]; c14:bw=41,experts=[0,4,6,7]
   46 | 0.01000 |   1.8639 |   51.52% |   51.52% |    0:55.59
      bandwidth/experts | c7:bw=28,experts=[4,6]; c3:bw=27,experts=[4,6]; c16:bw=28,experts=[4,6]; c14:bw=39,experts=[0,4,6]; c2:bw=57,experts=[0,1,2,4,6]; c6:bw=39,experts=[2,4,5]; c12:bw=53,experts=[0,1,4,5,6]; c10:bw=59,experts=[0,2,4,6,7]; c13:bw=50,experts=[0,1,2,4,6]; c15:bw=14,experts=[4]; c1:bw=41,experts=[0,1,4,6]; c18:bw=44,experts=[0,1,4,6]; c11:bw=38,experts=[1,4,6]; c8:bw=39,experts=[0,4,6]; c19:bw=10,experts=[4]; c0:bw=55,experts=[0,1,4,5,6]; c5:bw=41,experts=[0,1,4,6]; c9:bw=37,experts=[0,4,6]; c17:bw=15,experts=[4]; c4:bw=64,experts=[0,1,2,4,5,6]
   47 | 0.01000 |   1.8647 |   51.20% |   51.52% |    0:56.62
      bandwidth/experts | c11:bw=39,experts=[4,5,6]; c18:bw=10,experts=[4]; c10:bw=51,experts=[0,1,4,5,6]; c13:bw=33,experts=[1,4,6]; c15:bw=42,experts=[0,1,4,6]; c8:bw=39,experts=[0,4,6]; c4:bw=10,experts=[4]; c1:bw=30,experts=[0,4,6]; c14:bw=24,experts=[4,6]; c6:bw=22,experts=[4,6]; c9:bw=17,experts=[4]; c5:bw=52,experts=[0,4,5,6,7]; c17:bw=20,experts=[2,7]; c19:bw=28,experts=[4,6]; c12:bw=15,experts=[4]; c2:bw=54,experts=[0,1,4,5,6]; c16:bw=68,experts=[0,1,2,4,5,6]; c7:bw=53,experts=[0,1,4,5,6]; c0:bw=46,experts=[0,1,4,6]; c3:bw=70,experts=[0,1,2,4,5,6,7]
   48 | 0.01000 |   1.9345 |   50.95% |   51.52% |    0:56.41
      bandwidth/experts | c16:bw=10,experts=[3]; c7:bw=62,experts=[0,1,3,4,5,6]; c8:bw=50,experts=[0,1,3,4,6]; c17:bw=38,experts=[3,4,6]; c3:bw=18,experts=[3]; c4:bw=67,experts=[0,1,3,4,5,6]; c0:bw=16,experts=[3]; c6:bw=45,experts=[3,4,6,7]; c15:bw=64,experts=[0,1,3,4,5,6]; c19:bw=45,experts=[3,4,6,7]; c5:bw=55,experts=[0,3,4,5,6]; c9:bw=52,experts=[1,3,4,5,6]; c1:bw=50,experts=[0,3,4,5,6]; c12:bw=31,experts=[3,4,6]; c11:bw=32,experts=[3,4,6]; c18:bw=62,experts=[0,1,2,3,4,6]; c10:bw=12,experts=[3]; c13:bw=50,experts=[1,3,4,6,7]; c14:bw=10,experts=[3]; c2:bw=57,experts=[0,3,4,6,7]
   49 | 0.01000 |   1.8363 |   51.96% |   51.96% |    0:55.55
      bandwidth/experts | c7:bw=44,experts=[0,1,4,6]; c4:bw=48,experts=[0,1,4,6]; c0:bw=20,experts=[4,7]; c10:bw=64,experts=[0,1,2,4,5,6]; c17:bw=30,experts=[4,5,6]; c5:bw=56,experts=[0,1,4,5,6]; c15:bw=42,experts=[0,1,4,6]; c18:bw=32,experts=[4,6,7]; c1:bw=54,experts=[0,1,4,6,7]; c13:bw=39,experts=[0,4,6]; c2:bw=58,experts=[0,1,4,5,6]; c9:bw=53,experts=[0,1,4,6,7]; c14:bw=58,experts=[0,1,4,5,6]; c8:bw=26,experts=[4,7]; c3:bw=32,experts=[1,4,6]; c12:bw=37,experts=[4,6,7]; c19:bw=10,experts=[4]; c11:bw=38,experts=[4,6,7]; c6:bw=13,experts=[4]; c16:bw=30,experts=[0,4,6]
   50 | 0.01000 |   1.8258 |   52.31% |   52.31% |    0:55.40
      bandwidth/experts | c2:bw=63,experts=[0,1,2,4,5,6]; c6:bw=68,experts=[0,1,2,4,5,6]; c14:bw=23,experts=[4,6]; c12:bw=34,experts=[0,4,6]; c13:bw=37,experts=[0,4,6]; c17:bw=33,experts=[0,4,6]; c11:bw=57,experts=[0,1,4,5,6]; c0:bw=29,experts=[4,6]; c16:bw=27,experts=[4,6]; c15:bw=31,experts=[0,4,6]; c7:bw=34,experts=[1,4,6]; c10:bw=23,experts=[4,6]; c1:bw=64,experts=[0,1,2,4,5,6]; c19:bw=43,experts=[0,1,4,6]; c3:bw=39,experts=[1,4,6]; c5:bw=31,experts=[0,4,6]; c4:bw=10,experts=[4]; c8:bw=32,experts=[2,4,6]; c9:bw=27,experts=[2,4]; c18:bw=44,experts=[0,1,4,6]
   51 | 0.01000 |   1.8127 |   52.69% |   52.69% |    0:55.46
      bandwidth/experts | c0:bw=53,experts=[0,1,4,5,6]; c9:bw=18,experts=[4]; c11:bw=60,experts=[0,1,2,4,5,6]; c16:bw=30,experts=[0,4,6]; c13:bw=40,experts=[0,1,4,6]; c19:bw=10,experts=[4]; c17:bw=43,experts=[0,1,4,6]; c1:bw=21,experts=[4,6]; c5:bw=47,experts=[0,2,4,6]; c12:bw=43,experts=[0,1,4,6]; c18:bw=37,experts=[1,4,6]; c4:bw=11,experts=[4]; c7:bw=27,experts=[4,6]; c14:bw=30,experts=[0,4,6]; c2:bw=20,experts=[4,6]; c6:bw=52,experts=[0,1,4,5,6]; c8:bw=46,experts=[0,4,5,6]; c10:bw=37,experts=[0,4,6]; c3:bw=55,experts=[0,1,4,5,6]; c15:bw=57,experts=[0,1,4,5,6]
   52 | 0.01000 |   1.8029 |   53.34% |   53.34% |    0:55.41
      bandwidth/experts | c6:bw=51,experts=[0,1,4,5,6]; c17:bw=19,experts=[4]; c15:bw=31,experts=[2,4,6]; c8:bw=18,experts=[4]; c0:bw=46,experts=[0,2,4,6]; c19:bw=46,experts=[0,1,4,6]; c12:bw=10,experts=[4]; c3:bw=43,experts=[0,1,4,6]; c13:bw=23,experts=[4,6]; c18:bw=49,experts=[0,4,5,6]; c4:bw=33,experts=[4,6,7]; c11:bw=60,experts=[0,1,2,4,5,6]; c2:bw=29,experts=[4,6]; c9:bw=31,experts=[0,4,6]; c7:bw=34,experts=[2,4,7]; c10:bw=31,experts=[0,4,6]; c14:bw=42,experts=[0,2,4,6]; c1:bw=40,experts=[0,4,5,6]; c5:bw=24,experts=[4,6]; c16:bw=59,experts=[0,1,4,6,7]
   53 | 0.01000 |   1.8105 |   53.26% |   53.34% |    0:55.36
      bandwidth/experts | c11:bw=11,experts=[4]; c9:bw=61,experts=[0,1,2,4,5,6]; c8:bw=22,experts=[4,6]; c12:bw=45,experts=[1,2,4,6]; c6:bw=36,experts=[0,4,6]; c15:bw=27,experts=[4,7]; c7:bw=44,experts=[0,1,4,6]; c1:bw=59,experts=[0,1,4,5,6]; c16:bw=44,experts=[0,4,5,6]; c18:bw=17,experts=[4]; c2:bw=51,experts=[0,1,4,5,6]; c19:bw=10,experts=[2]; c3:bw=47,experts=[0,1,4,6]; c10:bw=52,experts=[0,1,4,5,6]; c17:bw=28,experts=[4,6]; c4:bw=28,experts=[4,6]; c5:bw=44,experts=[0,1,4,6]; c13:bw=10,experts=[5]; c0:bw=39,experts=[0,4,6]; c14:bw=34,experts=[4,6,7]
   54 | 0.01000 |   1.8068 |   53.11% |   53.34% |    0:55.41
      bandwidth/experts | c11:bw=58,experts=[0,1,4,5,6]; c13:bw=55,experts=[0,1,2,4,6]; c3:bw=30,experts=[0,4,6]; c18:bw=33,experts=[0,4,6]; c16:bw=10,experts=[4]; c14:bw=33,experts=[0,4,6]; c9:bw=50,experts=[0,1,4,5,6]; c12:bw=74,experts=[0,1,2,4,5,6,7]; c2:bw=10,experts=[4]; c6:bw=54,experts=[0,1,4,5,6]; c5:bw=10,experts=[4]; c19:bw=21,experts=[4,5]; c10:bw=10,experts=[7]; c15:bw=32,experts=[0,4,6]; c17:bw=27,experts=[4,6]; c8:bw=55,experts=[0,1,4,5,6]; c4:bw=32,experts=[2,4,6]; c0:bw=37,experts=[0,4,6]; c1:bw=53,experts=[0,1,4,5,6]; c7:bw=61,experts=[0,1,2,4,5,6]
   55 | 0.01000 |   1.7728 |   54.27% |   54.27% |    0:55.64
      bandwidth/experts | c17:bw=39,experts=[2,4,7]; c9:bw=62,experts=[0,1,2,4,5,6]; c6:bw=42,experts=[0,1,4,6]; c13:bw=24,experts=[4,6]; c14:bw=33,experts=[0,4,6]; c19:bw=60,experts=[0,1,2,4,5,6]; c3:bw=52,experts=[1,2,4,6,7]; c16:bw=57,experts=[0,1,2,4,6]; c4:bw=14,experts=[4]; c18:bw=70,experts=[0,1,2,4,5,6,7]; c12:bw=62,experts=[0,1,2,4,5,6]; c5:bw=53,experts=[0,1,4,6,7]; c7:bw=54,experts=[0,1,4,5,6]; c0:bw=27,experts=[4,6]; c15:bw=30,experts=[0,4,6]; c2:bw=41,experts=[0,1,4,6]; c11:bw=40,experts=[0,1,4,6]; c1:bw=60,experts=[0,1,2,4,5,6]; c8:bw=14,experts=[4]; c10:bw=57,experts=[0,1,4,5,6]
   56 | 0.01000 |   1.8750 |   52.32% |   54.27% |    0:55.73
      bandwidth/experts | c19:bw=10,experts=[3]; c14:bw=42,experts=[0,3,4,6]; c17:bw=10,experts=[3]; c15:bw=35,experts=[3,4,6]; c10:bw=20,experts=[3,4]; c0:bw=70,experts=[0,1,2,3,4,5,6]; c5:bw=31,experts=[3,4,6]; c4:bw=10,experts=[3]; c2:bw=53,experts=[0,3,4,6,7]; c11:bw=26,experts=[3,4]; c6:bw=23,experts=[3,7]; c16:bw=42,experts=[0,3,4,6]; c7:bw=18,experts=[3]; c1:bw=56,experts=[0,1,3,4,6]; c8:bw=13,experts=[3]; c9:bw=52,experts=[0,1,3,4,6]; c12:bw=38,experts=[3,4,6]; c3:bw=10,experts=[3]; c13:bw=18,experts=[3]; c18:bw=54,experts=[0,1,3,4,6]
   57 | 0.01000 |   1.7694 |   54.43% |   54.43% |    0:55.65
      bandwidth/experts | c15:bw=36,experts=[0,4,6]; c10:bw=58,experts=[0,1,2,4,6]; c8:bw=43,experts=[0,4,6,7]; c0:bw=70,experts=[0,1,2,4,5,6,7]; c4:bw=41,experts=[0,1,4,5]; c3:bw=64,experts=[0,1,2,4,5,6]; c18:bw=44,experts=[0,1,4,6]; c9:bw=19,experts=[7]; c17:bw=52,experts=[0,1,4,5,6]; c12:bw=17,experts=[4]; c11:bw=26,experts=[4,7]; c5:bw=44,experts=[0,4,5,6]; c19:bw=44,experts=[0,4,6,7]; c6:bw=48,experts=[0,1,4,6]; c2:bw=33,experts=[0,4,6]; c16:bw=33,experts=[0,4,6]; c7:bw=69,experts=[0,1,2,4,5,6]; c13:bw=31,experts=[4,6,7]; c1:bw=49,experts=[0,4,6,7]; c14:bw=36,experts=[1,4,5]
   58 | 0.01000 |   1.7673 |   54.77% |   54.77% |    0:57.12
      bandwidth/experts | c11:bw=47,experts=[0,1,4,6]; c14:bw=22,experts=[4,6]; c12:bw=29,experts=[4,6]; c7:bw=24,experts=[4,6]; c8:bw=40,experts=[0,2,4,6]; c13:bw=40,experts=[0,1,4,6]; c15:bw=38,experts=[0,4,6]; c2:bw=10,experts=[2]; c16:bw=42,experts=[0,1,4,6]; c9:bw=57,experts=[0,1,4,5,6]; c1:bw=30,experts=[0,4,6]; c18:bw=50,experts=[0,1,4,5,6]; c19:bw=43,experts=[0,1,4,6]; c17:bw=12,experts=[4]; c6:bw=55,experts=[0,1,2,4,6]; c10:bw=43,experts=[0,1,4,6]; c4:bw=38,experts=[0,4,6]; c0:bw=47,experts=[0,1,4,6]; c5:bw=35,experts=[1,4,6]; c3:bw=61,experts=[0,1,2,4,5,6]
   59 | 0.01000 |   1.7484 |   55.17% |   55.17% |    0:57.55
      bandwidth/experts | c6:bw=19,experts=[4]; c5:bw=32,experts=[2,4,6]; c0:bw=52,experts=[0,1,4,5,6]; c16:bw=23,experts=[4,6]; c8:bw=56,experts=[0,1,4,5,6]; c15:bw=50,experts=[0,1,4,5,6]; c17:bw=55,experts=[0,1,4,5,6]; c13:bw=13,experts=[4]; c9:bw=28,experts=[4,6]; c2:bw=37,experts=[0,4,6]; c10:bw=26,experts=[4,6]; c1:bw=65,experts=[0,1,2,4,5,6]; c11:bw=34,experts=[1,4,6]; c3:bw=35,experts=[0,4,6]; c18:bw=10,experts=[4]; c19:bw=14,experts=[4]; c4:bw=26,experts=[4,6]; c7:bw=28,experts=[4,6]; c14:bw=40,experts=[0,1,4,6]; c12:bw=47,experts=[0,1,4,6]
   60 | 0.01000 |   1.7405 |   55.07% |   55.17% |    0:57.96
      bandwidth/experts | c4:bw=30,experts=[4,6,7]; c8:bw=24,experts=[4,6]; c13:bw=59,experts=[0,1,4,5,6]; c15:bw=51,experts=[0,1,2,4,6]; c2:bw=30,experts=[0,4,6]; c3:bw=44,experts=[0,1,4,6]; c11:bw=40,experts=[0,2,4,6]; c0:bw=53,experts=[0,1,4,5,6]; c1:bw=54,experts=[0,1,4,5,6]; c14:bw=42,experts=[0,2,4,6]; c12:bw=16,experts=[4]; c19:bw=60,experts=[0,1,2,4,5,6]; c18:bw=26,experts=[4,6]; c6:bw=59,experts=[0,1,4,5,6]; c17:bw=39,experts=[0,4,6]; c16:bw=63,experts=[0,1,4,5,6,7]; c5:bw=33,experts=[0,4,6]; c7:bw=48,experts=[1,4,6,7]; c9:bw=10,experts=[4]; c10:bw=10,experts=[4]
   61 | 0.01000 |   1.7399 |   55.64% |   55.64% |    0:59.96
      bandwidth/experts | c3:bw=43,experts=[0,4,5,6]; c6:bw=37,experts=[0,4,6]; c1:bw=33,experts=[1,4,6]; c13:bw=34,experts=[0,4,6]; c19:bw=52,experts=[0,1,4,5,6]; c0:bw=60,experts=[0,1,2,4,5,6]; c10:bw=11,experts=[4]; c15:bw=16,experts=[7]; c12:bw=27,experts=[4,6]; c18:bw=50,experts=[0,1,4,5,6]; c2:bw=29,experts=[4,5]; c5:bw=49,experts=[0,1,4,6]; c8:bw=55,experts=[0,1,4,5,6]; c17:bw=46,experts=[1,4,5,6]; c14:bw=38,experts=[4,6,7]; c11:bw=39,experts=[0,4,6]; c16:bw=38,experts=[0,4,6]; c9:bw=38,experts=[0,4,6]; c7:bw=43,experts=[0,1,4,6]; c4:bw=38,experts=[0,4,6]
   62 | 0.01000 |   1.7467 |   55.71% |   55.71% |    1:00.11
      bandwidth/experts | c10:bw=21,experts=[4,7]; c6:bw=62,experts=[0,1,2,4,5,6]; c5:bw=67,experts=[0,1,2,4,5,6]; c17:bw=19,experts=[4]; c2:bw=42,experts=[0,4,5,6]; c18:bw=26,experts=[4,6]; c1:bw=75,experts=[0,1,2,4,5,6,7]; c12:bw=11,experts=[7]; c11:bw=36,experts=[4,5,6]; c19:bw=42,experts=[0,4,5,6]; c9:bw=16,experts=[4]; c13:bw=30,experts=[2,4,6]; c15:bw=46,experts=[0,1,4,6]; c8:bw=13,experts=[4]; c16:bw=26,experts=[4,6]; c4:bw=60,experts=[0,1,2,4,5,6]; c14:bw=14,experts=[4]; c7:bw=44,experts=[0,4,5,6]; c0:bw=28,experts=[4,6]; c3:bw=53,experts=[0,1,4,5,6]
   63 | 0.01000 |   1.7345 |   55.84% |   55.84% |    1:00.48
      bandwidth/experts | c13:bw=58,experts=[0,1,4,5,6]; c9:bw=21,experts=[2,4]; c16:bw=58,experts=[0,1,2,4,6]; c8:bw=32,experts=[0,4,6]; c4:bw=52,experts=[0,1,4,5,6]; c3:bw=52,experts=[0,1,4,6,7]; c11:bw=45,experts=[0,1,4,6]; c7:bw=68,experts=[0,1,2,4,5,6]; c18:bw=47,experts=[2,4,6,7]; c2:bw=28,experts=[1,4]; c12:bw=51,experts=[0,2,4,5,6]; c0:bw=41,experts=[0,1,4,6]; c14:bw=41,experts=[0,1,4,6]; c15:bw=61,experts=[0,1,2,4,5,6]; c19:bw=34,experts=[0,4,6]; c17:bw=37,experts=[2,4,7]; c6:bw=34,experts=[0,4,6]; c1:bw=50,experts=[0,1,4,5,6]; c5:bw=10,experts=[7]; c10:bw=27,experts=[4,5]
   64 | 0.01000 |   1.7430 |   55.86% |   55.86% |    1:00.55
      bandwidth/experts | c11:bw=57,experts=[0,1,3,4,6]; c9:bw=59,experts=[0,1,3,4,6]; c2:bw=56,experts=[0,3,4,6,7]; c1:bw=28,experts=[3,4]; c4:bw=38,experts=[3,4,6]; c13:bw=42,experts=[0,3,4,6]; c18:bw=37,experts=[3,4,6]; c12:bw=27,experts=[3,4]; c7:bw=34,experts=[3,4,6]; c19:bw=10,experts=[3]; c5:bw=24,experts=[3,4]; c14:bw=46,experts=[0,3,4,6]; c15:bw=59,experts=[0,1,3,4,6]; c8:bw=53,experts=[0,1,3,4,6]; c3:bw=38,experts=[3,4,6]; c0:bw=32,experts=[3,4,6]; c6:bw=50,experts=[0,3,4,6,7]; c16:bw=16,experts=[3]; c17:bw=10,experts=[3]; c10:bw=49,experts=[0,3,4,6]
   65 | 0.01000 |   1.7086 |   56.55% |   56.55% |    1:00.12
      bandwidth/experts | c19:bw=28,experts=[4,7]; c8:bw=66,experts=[0,1,4,5,6,7]; c6:bw=50,experts=[0,1,4,5,6]; c4:bw=57,experts=[0,1,4,5,6]; c11:bw=10,experts=[7]; c9:bw=47,experts=[0,4,6,7]; c17:bw=26,experts=[4,6]; c3:bw=42,experts=[0,1,4,6]; c5:bw=29,experts=[4,6]; c10:bw=26,experts=[2,4]; c13:bw=48,experts=[0,4,6,7]; c14:bw=45,experts=[0,4,5,6]; c0:bw=41,experts=[0,4,6,7]; c1:bw=58,experts=[0,1,2,4,6]; c2:bw=28,experts=[4,6]; c7:bw=10,experts=[4]; c15:bw=38,experts=[0,4,6]; c12:bw=44,experts=[0,1,4,6]; c16:bw=45,experts=[0,1,4,6]; c18:bw=18,experts=[4]
   66 | 0.01000 |   1.7042 |   56.83% |   56.83% |    1:00.03
      bandwidth/experts | c7:bw=50,experts=[0,1,4,5,6]; c8:bw=24,experts=[2,4]; c3:bw=66,experts=[0,1,2,4,5,6]; c15:bw=50,experts=[0,1,4,5,6]; c5:bw=17,experts=[4]; c12:bw=42,experts=[0,1,4,6]; c4:bw=41,experts=[0,1,4,6]; c16:bw=59,experts=[0,1,4,5,6]; c14:bw=23,experts=[4,6]; c10:bw=46,experts=[0,1,4,6]; c19:bw=56,experts=[0,1,4,5,6]; c0:bw=38,experts=[0,4,6]; c11:bw=10,experts=[4]; c1:bw=54,experts=[0,1,4,5,6]; c13:bw=32,experts=[0,4,6]; c18:bw=24,experts=[4,6]; c17:bw=35,experts=[0,4,6]; c9:bw=31,experts=[4,5,6]; c2:bw=41,experts=[0,2,4,6]; c6:bw=30,experts=[0,4,6]
   67 | 0.01000 |   1.6889 |   57.10% |   57.10% |    1:00.64
      bandwidth/experts | c6:bw=53,experts=[0,1,4,5,6]; c17:bw=48,experts=[0,1,4,6]; c13:bw=39,experts=[0,4,6]; c18:bw=31,experts=[0,4,6]; c8:bw=10,experts=[4]; c3:bw=25,experts=[4,6]; c10:bw=36,experts=[1,4,6]; c5:bw=48,experts=[0,1,4,6]; c9:bw=60,experts=[0,1,2,4,5,6]; c12:bw=44,experts=[0,1,4,6]; c15:bw=49,experts=[0,1,4,6]; c1:bw=36,experts=[0,4,6]; c19:bw=14,experts=[4]; c11:bw=43,experts=[0,1,4,6]; c0:bw=32,experts=[0,4,6]; c16:bw=53,experts=[0,1,4,5,6]; c2:bw=43,experts=[0,1,4,6]; c4:bw=51,experts=[0,1,4,5,6]; c14:bw=18,experts=[4]; c7:bw=59,experts=[0,1,4,5,6]
   68 | 0.01000 |   1.7097 |   57.25% |   57.25% |    1:00.30
      bandwidth/experts | c7:bw=28,experts=[4,7]; c12:bw=67,experts=[0,1,2,4,5,6]; c18:bw=54,experts=[0,1,4,5,6]; c19:bw=28,experts=[2,4]; c5:bw=45,experts=[0,1,4,6]; c1:bw=42,experts=[0,1,4,6]; c8:bw=31,experts=[0,4,6]; c11:bw=14,experts=[2]; c3:bw=26,experts=[4,6]; c10:bw=31,experts=[0,4,6]; c2:bw=58,experts=[0,1,4,5,6]; c4:bw=49,experts=[4,5,6,7]; c14:bw=10,experts=[2]; c0:bw=30,experts=[0,4,6]; c16:bw=54,experts=[0,1,4,6,7]; c9:bw=15,experts=[4]; c6:bw=32,experts=[0,4,6]; c17:bw=72,experts=[0,1,2,4,5,6,7]; c15:bw=28,experts=[4,6]; c13:bw=35,experts=[0,4,6]
   69 | 0.01000 |   1.6724 |   57.82% |   57.82% |    1:00.60
      bandwidth/experts | c12:bw=10,experts=[4]; c17:bw=48,experts=[0,1,4,6]; c15:bw=20,experts=[4,7]; c13:bw=67,experts=[0,1,2,4,5,6]; c16:bw=60,experts=[0,1,2,4,5,6]; c0:bw=52,experts=[0,2,4,5,6]; c8:bw=42,experts=[0,1,4,6]; c7:bw=58,experts=[0,1,4,5,6]; c5:bw=39,experts=[0,4,6]; c18:bw=10,experts=[4]; c4:bw=41,experts=[0,1,4,6]; c3:bw=41,experts=[0,1,4,6]; c11:bw=45,experts=[0,1,4,6]; c14:bw=37,experts=[4,6,7]; c6:bw=26,experts=[4,6]; c2:bw=66,experts=[0,1,2,4,5,6]; c1:bw=31,experts=[0,4,6]; c9:bw=35,experts=[0,4,6]; c10:bw=16,experts=[4]; c19:bw=43,experts=[0,1,4,6]
   70 | 0.01000 |   1.6792 |   57.35% |   57.82% |    1:00.76
      bandwidth/experts | c5:bw=23,experts=[2,5]; c17:bw=41,experts=[0,1,4,6]; c3:bw=32,experts=[1,4,6]; c10:bw=58,experts=[0,1,4,6,7]; c12:bw=40,experts=[0,4,6,7]; c15:bw=75,experts=[0,1,2,4,5,6,7]; c19:bw=37,experts=[0,4,6]; c4:bw=58,experts=[0,1,2,4,6]; c18:bw=63,experts=[0,1,2,4,5,6]; c7:bw=28,experts=[4,6]; c8:bw=48,experts=[0,1,4,6]; c14:bw=10,experts=[4]; c2:bw=55,experts=[0,1,4,5,6]; c1:bw=24,experts=[4,7]; c0:bw=30,experts=[0,4,6]; c6:bw=26,experts=[2,4]; c13:bw=33,experts=[0,4,6]; c9:bw=10,experts=[4]; c16:bw=67,experts=[0,1,2,4,5,6]; c11:bw=53,experts=[0,1,4,5,6]
   71 | 0.01000 |   1.6857 |   57.54% |   57.82% |    1:00.89
      bandwidth/experts | c6:bw=50,experts=[0,1,4,5,6]; c19:bw=54,experts=[0,1,4,5,6]; c2:bw=61,experts=[0,1,2,4,5,6]; c11:bw=44,experts=[0,1,4,6]; c16:bw=19,experts=[4]; c7:bw=20,experts=[2,4]; c13:bw=25,experts=[4,6]; c0:bw=16,experts=[1]; c14:bw=10,experts=[1]; c15:bw=28,experts=[4,6]; c8:bw=39,experts=[0,4,6]; c3:bw=62,experts=[0,1,4,5,6,7]; c9:bw=40,experts=[0,1,4,6]; c17:bw=61,experts=[0,1,2,4,5,6]; c18:bw=45,experts=[0,4,6,7]; c5:bw=33,experts=[4,6,7]; c10:bw=69,experts=[0,1,2,4,5,6]; c4:bw=42,experts=[0,1,4,6]; c1:bw=52,experts=[0,1,4,5,6]; c12:bw=43,experts=[0,1,4,6]
   72 | 0.01000 |   1.6965 |   57.82% |   57.82% |    1:00.37
      bandwidth/experts | c2:bw=23,experts=[3,7]; c10:bw=28,experts=[3,4]; c13:bw=54,experts=[0,1,3,4,6]; c17:bw=18,experts=[3]; c15:bw=41,experts=[0,3,4,6]; c16:bw=46,experts=[0,3,4,6]; c18:bw=29,experts=[3,4]; c3:bw=23,experts=[3,4]; c14:bw=43,experts=[0,3,4,6]; c0:bw=52,experts=[0,1,3,4,6]; c19:bw=32,experts=[3,4,6]; c6:bw=19,experts=[3]; c4:bw=39,experts=[3,4,6]; c8:bw=30,experts=[3,4,6]; c12:bw=28,experts=[3,4]; c11:bw=10,experts=[3]; c1:bw=39,experts=[3,4,6]; c7:bw=48,experts=[1,3,4,6]; c5:bw=43,experts=[0,3,4,6]; c9:bw=38,experts=[3,4,6]
   73 | 0.01000 |   1.6768 |   57.95% |   57.95% |    1:01.24
      bandwidth/experts | c8:bw=11,experts=[5]; c11:bw=46,experts=[1,4,6,7]; c12:bw=37,experts=[0,4,6]; c13:bw=50,experts=[0,1,4,6,7]; c4:bw=41,experts=[0,1,4,6]; c9:bw=52,experts=[0,1,4,6,7]; c1:bw=66,experts=[0,1,2,4,5,6]; c5:bw=17,experts=[4]; c2:bw=47,experts=[0,1,4,6]; c15:bw=47,experts=[0,1,4,6]; c6:bw=20,experts=[4,7]; c14:bw=16,experts=[5]; c19:bw=10,experts=[7]; c17:bw=17,experts=[4]; c16:bw=61,experts=[0,1,2,4,5,6]; c7:bw=37,experts=[0,4,6]; c10:bw=42,experts=[0,1,4,6]; c3:bw=40,experts=[0,1,4,6]; c18:bw=34,experts=[0,4,6]; c0:bw=28,experts=[4,7]
   74 | 0.01000 |   1.6728 |   58.03% |   58.03% |    1:01.24
      bandwidth/experts | c9:bw=32,experts=[0,4,6]; c17:bw=62,experts=[0,1,2,4,5,6]; c19:bw=20,experts=[4,6]; c7:bw=65,experts=[0,1,2,4,5,6]; c5:bw=50,experts=[0,1,4,5,6]; c6:bw=10,experts=[4]; c15:bw=50,experts=[0,1,4,5,6]; c4:bw=47,experts=[0,4,5,6]; c11:bw=37,experts=[0,4,6]; c8:bw=28,experts=[2,7]; c1:bw=28,experts=[4,6]; c18:bw=60,experts=[0,1,2,4,5,6]; c12:bw=10,experts=[4]; c16:bw=48,experts=[0,1,4,6]; c13:bw=42,experts=[0,1,4,6]; c0:bw=40,experts=[0,1,4,6]; c10:bw=25,experts=[4,6]; c2:bw=10,experts=[4]; c14:bw=32,experts=[0,4,6]; c3:bw=10,experts=[2]
   75 | 0.01000 |   1.6387 |   58.58% |   58.58% |    1:00.97
      bandwidth/experts | c8:bw=53,experts=[0,1,2,4,6]; c0:bw=60,experts=[0,1,2,4,5,6]; c17:bw=43,experts=[0,1,4,6]; c16:bw=46,experts=[0,1,4,6]; c18:bw=68,experts=[0,1,2,4,5,6]; c12:bw=40,experts=[0,1,4,6]; c19:bw=19,experts=[4]; c3:bw=20,experts=[4,6]; c13:bw=46,experts=[0,1,4,6]; c5:bw=31,experts=[0,4,6]; c14:bw=60,experts=[0,1,2,4,5,6]; c11:bw=42,experts=[0,1,4,6]; c4:bw=56,experts=[0,1,4,5,6]; c1:bw=54,experts=[0,1,4,5,6]; c15:bw=20,experts=[4,6]; c2:bw=40,experts=[0,1,4,6]; c6:bw=56,experts=[0,1,4,5,6]; c9:bw=61,experts=[0,1,2,4,5,6]; c7:bw=28,experts=[4,6]; c10:bw=23,experts=[4,6]
   76 | 0.01000 |   1.6577 |   58.36% |   58.58% |    1:01.09
      bandwidth/experts | c12:bw=21,experts=[2,5]; c3:bw=15,experts=[4]; c15:bw=42,experts=[0,1,4,6]; c1:bw=53,experts=[0,1,4,5,6]; c18:bw=39,experts=[0,4,6]; c8:bw=29,experts=[4,6]; c5:bw=37,experts=[0,4,6]; c10:bw=46,experts=[0,1,4,6]; c6:bw=23,experts=[4,6]; c0:bw=31,experts=[0,4,6]; c4:bw=60,experts=[0,1,4,5,6,7]; c17:bw=33,experts=[4,6,7]; c2:bw=25,experts=[4,6]; c7:bw=66,experts=[0,1,4,5,6,7]; c13:bw=39,experts=[0,4,6]; c11:bw=42,experts=[0,2,4,6]; c14:bw=22,experts=[4,6]; c19:bw=44,experts=[0,2,4,6]; c9:bw=57,experts=[0,1,2,4,6]; c16:bw=39,experts=[4,6,7]
   77 | 0.01000 |   1.6309 |   58.94% |   58.94% |    1:00.68
      bandwidth/experts | c7:bw=10,experts=[4]; c3:bw=40,experts=[0,1,4,6]; c17:bw=37,experts=[0,4,6]; c2:bw=34,experts=[0,4,6]; c10:bw=39,experts=[0,4,6]; c18:bw=31,experts=[0,4,6]; c11:bw=28,experts=[4,6]; c1:bw=62,experts=[0,1,2,4,5,6]; c5:bw=59,experts=[0,1,4,5,6]; c4:bw=10,experts=[4]; c16:bw=34,experts=[0,4,6]; c13:bw=37,experts=[2,4,5]; c0:bw=63,experts=[0,1,2,4,5,6]; c6:bw=57,experts=[0,1,2,4,6]; c9:bw=29,experts=[4,6]; c15:bw=43,experts=[0,1,4,6]; c19:bw=37,experts=[0,4,6]; c12:bw=46,experts=[0,1,4,6]; c8:bw=10,experts=[4]; c14:bw=64,experts=[0,1,4,5,6,7]
   78 | 0.01000 |   1.6207 |   59.14% |   59.14% |    1:00.57
      bandwidth/experts | c5:bw=63,experts=[0,1,2,4,5,6]; c11:bw=37,experts=[4,5,6]; c13:bw=59,experts=[0,1,4,5,6]; c8:bw=54,experts=[0,1,4,5,6]; c14:bw=52,experts=[0,1,4,5,6]; c4:bw=23,experts=[2,4]; c12:bw=31,experts=[4,6,7]; c3:bw=38,experts=[0,4,6]; c19:bw=12,experts=[4]; c18:bw=35,experts=[0,4,6]; c0:bw=26,experts=[4,6]; c16:bw=44,experts=[0,1,4,6]; c9:bw=31,experts=[0,4,6]; c10:bw=59,experts=[0,1,4,6,7]; c1:bw=41,experts=[0,4,6,7]; c2:bw=34,experts=[0,4,6]; c6:bw=57,experts=[0,1,4,5,6]; c17:bw=31,experts=[0,4,6]; c7:bw=36,experts=[0,4,6]; c15:bw=38,experts=[2,4,7]
   79 | 0.01000 |   1.6544 |   58.91% |   59.14% |    1:01.15
      bandwidth/experts | c2:bw=33,experts=[2,4,5]; c10:bw=34,experts=[2,4,5]; c17:bw=58,experts=[0,1,4,5,6]; c18:bw=12,experts=[7]; c13:bw=43,experts=[0,1,4,6]; c9:bw=10,experts=[4]; c4:bw=80,experts=[0,1,2,3,4,5,6,7]; c15:bw=54,experts=[0,1,4,5,6]; c16:bw=59,experts=[0,1,4,5,6]; c1:bw=37,experts=[0,4,6]; c8:bw=44,experts=[0,1,4,6]; c5:bw=53,experts=[0,1,4,6,7]; c12:bw=10,experts=[4]; c3:bw=26,experts=[5,7]; c0:bw=36,experts=[0,4,6]; c19:bw=26,experts=[1,5]; c14:bw=62,experts=[0,1,2,4,5,6]; c6:bw=21,experts=[4,6]; c11:bw=32,experts=[0,4,6]; c7:bw=46,experts=[0,1,4,6]
   80 | 0.01000 |   1.6546 |   59.19% |   59.19% |    1:02.07
      bandwidth/experts | c13:bw=39,experts=[3,4,6]; c8:bw=51,experts=[0,1,3,4,6]; c5:bw=65,experts=[0,1,3,4,5,6]; c14:bw=30,experts=[3,4,6]; c11:bw=62,experts=[0,1,3,4,5,6]; c7:bw=48,experts=[0,3,4,6]; c18:bw=13,experts=[3]; c15:bw=41,experts=[0,3,4,6]; c4:bw=57,experts=[0,1,4,5,6]; c0:bw=47,experts=[0,3,4,6]; c3:bw=31,experts=[3,4,6]; c6:bw=39,experts=[3,4,6]; c10:bw=18,experts=[3]; c19:bw=35,experts=[3,4,6]; c17:bw=61,experts=[0,1,3,4,5,6]; c16:bw=44,experts=[0,3,4,6]; c12:bw=10,experts=[3]; c1:bw=31,experts=[3,4,6]; c9:bw=53,experts=[0,1,3,4,6]; c2:bw=44,experts=[3,4,6,7]
   81 | 0.01000 |   1.6130 |   59.69% |   59.69% |    1:01.10
      bandwidth/experts | c9:bw=26,experts=[4,7]; c10:bw=44,experts=[0,1,4,6]; c5:bw=30,experts=[0,4,6]; c15:bw=65,experts=[0,1,2,4,5,6]; c19:bw=52,experts=[0,1,4,6,7]; c8:bw=48,experts=[0,1,4,6]; c14:bw=46,experts=[0,1,4,6]; c17:bw=27,experts=[4,6]; c18:bw=60,experts=[0,1,2,4,5,6]; c11:bw=22,experts=[4,7]; c3:bw=67,experts=[0,1,2,4,5,6]; c1:bw=49,experts=[0,1,4,6]; c7:bw=58,experts=[0,1,4,5,6]; c13:bw=21,experts=[4,7]; c12:bw=75,experts=[0,1,2,4,5,6,7]; c2:bw=45,experts=[0,1,4,6]; c16:bw=35,experts=[2,4,6]; c0:bw=50,experts=[0,1,4,6,7]; c4:bw=42,experts=[0,1,4,6]; c6:bw=51,experts=[0,1,4,6,7]
   82 | 0.01000 |   1.6009 |   59.81% |   59.81% |    1:01.83
      bandwidth/experts | c9:bw=56,experts=[0,1,4,5,6]; c16:bw=32,experts=[1,4,6]; c0:bw=30,experts=[0,4,6]; c13:bw=35,experts=[0,4,6]; c2:bw=30,experts=[0,4,6]; c15:bw=16,experts=[4]; c19:bw=21,experts=[4,6]; c12:bw=63,experts=[0,1,2,4,5,6]; c8:bw=58,experts=[0,1,4,6,7]; c1:bw=64,experts=[0,1,2,4,5,6]; c14:bw=54,experts=[0,1,4,5,6]; c7:bw=40,experts=[0,2,4,6]; c6:bw=36,experts=[0,4,6]; c5:bw=40,experts=[0,1,4,6]; c18:bw=45,experts=[0,1,4,6]; c10:bw=18,experts=[4]; c17:bw=44,experts=[0,2,4,6]; c4:bw=30,experts=[0,4,6]; c11:bw=47,experts=[0,1,4,6]; c3:bw=39,experts=[1,4,6]
   83 | 0.01000 |   1.5993 |   59.42% |   59.81% |    1:01.54
      bandwidth/experts | c3:bw=42,experts=[0,1,4,6]; c15:bw=39,experts=[0,4,6]; c11:bw=27,experts=[4,6]; c14:bw=39,experts=[0,4,6]; c6:bw=53,experts=[0,1,4,5,6]; c4:bw=10,experts=[4]; c5:bw=10,experts=[4]; c7:bw=37,experts=[1,4,6]; c2:bw=41,experts=[0,1,4,6]; c19:bw=67,experts=[0,1,2,4,5,6]; c0:bw=10,experts=[4]; c17:bw=31,experts=[1,4,6]; c16:bw=49,experts=[0,1,4,6]; c8:bw=39,experts=[2,4,6]; c1:bw=63,experts=[0,1,2,4,5,6]; c10:bw=37,experts=[0,4,6]; c9:bw=51,experts=[0,1,4,5,6]; c13:bw=46,experts=[0,1,4,6]; c12:bw=44,experts=[0,1,4,6]; c18:bw=21,experts=[4,6]
   84 | 0.01000 |   1.5876 |   59.93% |   59.93% |    1:01.60
      bandwidth/experts | c14:bw=45,experts=[0,1,4,6]; c6:bw=10,experts=[4]; c13:bw=30,experts=[1,4,6]; c3:bw=32,experts=[0,4,6]; c4:bw=27,experts=[4,6]; c5:bw=20,experts=[4,6]; c18:bw=55,experts=[0,1,4,5,6]; c15:bw=75,experts=[0,1,2,4,5,6,7]; c7:bw=47,experts=[0,4,6,7]; c0:bw=10,experts=[4]; c11:bw=50,experts=[0,1,2,4,6]; c1:bw=58,experts=[0,1,4,5,6]; c17:bw=43,experts=[1,4,6,7]; c9:bw=20,experts=[2,4]; c10:bw=10,experts=[4]; c12:bw=45,experts=[0,1,4,6]; c19:bw=22,experts=[4,6]; c2:bw=36,experts=[0,4,6]; c8:bw=67,experts=[0,1,2,4,5,6]; c16:bw=47,experts=[0,4,6,7]
   85 | 0.01000 |   1.5830 |   60.05% |   60.05% |    1:01.51
      bandwidth/experts | c5:bw=12,experts=[4]; c16:bw=19,experts=[4]; c9:bw=58,experts=[0,1,4,5,6]; c12:bw=47,experts=[0,1,4,6]; c6:bw=42,experts=[0,2,4,6]; c18:bw=51,experts=[0,1,4,5,6]; c15:bw=70,experts=[0,1,2,4,5,6,7]; c0:bw=38,experts=[2,4,5]; c11:bw=10,experts=[4]; c17:bw=49,experts=[0,1,4,6]; c14:bw=44,experts=[0,4,6,7]; c2:bw=45,experts=[0,1,4,6]; c7:bw=11,experts=[4]; c19:bw=54,experts=[0,1,4,5,6]; c10:bw=44,experts=[0,1,4,6]; c1:bw=57,experts=[0,1,4,5,6]; c4:bw=42,experts=[0,1,4,6]; c13:bw=35,experts=[2,4,6]; c3:bw=51,experts=[0,1,4,5,6]; c8:bw=70,experts=[0,1,2,4,5,6,7]
   86 | 0.01000 |   1.5806 |   60.15% |   60.15% |    1:00.80
      bandwidth/experts | c2:bw=24,experts=[4,6]; c13:bw=55,experts=[0,1,4,5,6]; c11:bw=38,experts=[0,4,6]; c0:bw=30,experts=[0,4,6]; c6:bw=55,experts=[0,1,4,5,6]; c16:bw=50,experts=[0,1,4,5,6]; c8:bw=28,experts=[4,6]; c3:bw=28,experts=[4,6]; c12:bw=28,experts=[4,6]; c15:bw=55,experts=[0,1,4,5,6]; c17:bw=40,experts=[0,1,4,6]; c9:bw=43,experts=[0,1,4,6]; c19:bw=18,experts=[4]; c18:bw=52,experts=[0,1,4,5,6]; c7:bw=44,experts=[0,1,4,6]; c5:bw=47,experts=[0,2,4,6]; c14:bw=45,experts=[0,1,4,6]; c1:bw=72,experts=[0,1,2,4,5,6,7]; c10:bw=47,experts=[0,4,6,7]; c4:bw=18,experts=[4]
   87 | 0.01000 |   1.5906 |   60.61% |   60.61% |    1:01.25
      bandwidth/experts | c15:bw=63,experts=[0,1,2,4,5,6]; c6:bw=60,experts=[0,1,2,4,5,6]; c13:bw=45,experts=[0,1,4,6]; c4:bw=34,experts=[2,3,7]; c8:bw=46,experts=[0,1,4,6]; c11:bw=18,experts=[4]; c3:bw=68,experts=[0,1,4,5,6,7]; c9:bw=37,experts=[1,4,6]; c17:bw=25,experts=[4,6]; c14:bw=36,experts=[2,4,6]; c5:bw=10,experts=[7]; c0:bw=35,experts=[0,4,6]; c18:bw=45,experts=[0,4,6,7]; c10:bw=49,experts=[2,4,5,6]; c16:bw=45,experts=[0,1,4,6]; c1:bw=29,experts=[4,6]; c19:bw=33,experts=[0,4,6]; c2:bw=67,experts=[0,1,2,4,5,6]; c12:bw=45,experts=[0,1,4,6]; c7:bw=22,experts=[4,6]
   88 | 0.01000 |   1.5895 |   60.69% |   60.69% |    1:01.58
      bandwidth/experts | c15:bw=60,experts=[0,1,3,4,5,6]; c0:bw=62,experts=[0,1,3,4,5,6]; c7:bw=41,experts=[0,3,4,6]; c16:bw=30,experts=[3,4,6]; c13:bw=34,experts=[3,4,6]; c1:bw=28,experts=[3,4]; c18:bw=22,experts=[3,4]; c2:bw=46,experts=[3,4,6,7]; c8:bw=43,experts=[0,3,4,6]; c17:bw=30,experts=[3,4,5]; c4:bw=38,experts=[4,5,6]; c6:bw=27,experts=[3,4]; c11:bw=10,experts=[3]; c5:bw=30,experts=[3,4,5]; c19:bw=23,experts=[3,4]; c14:bw=10,experts=[3]; c3:bw=33,experts=[3,4,6]; c9:bw=31,experts=[3,4,6]; c12:bw=61,experts=[0,1,3,4,5,6]; c10:bw=71,experts=[0,1,2,3,4,5,6]
   89 | 0.01000 |   1.5819 |   60.84% |   60.84% |    1:00.97
      bandwidth/experts | c5:bw=46,experts=[0,1,4,6]; c2:bw=44,experts=[0,1,4,6]; c7:bw=21,experts=[4,5]; c4:bw=30,experts=[0,4,6]; c18:bw=55,experts=[0,1,2,4,6]; c10:bw=28,experts=[4,6]; c15:bw=61,experts=[0,1,2,4,5,6]; c9:bw=60,experts=[0,1,4,5,6,7]; c8:bw=74,experts=[0,1,2,4,5,6,7]; c0:bw=13,experts=[7]; c16:bw=50,experts=[0,1,2,4,6]; c19:bw=16,experts=[7]; c11:bw=36,experts=[4,5,7]; c14:bw=30,experts=[0,4,6]; c12:bw=34,experts=[4,6,7]; c13:bw=10,experts=[7]; c1:bw=41,experts=[0,1,4,6]; c3:bw=31,experts=[2,4,6]; c17:bw=40,experts=[0,1,4,6]; c6:bw=32,experts=[4,6,7]
   90 | 0.01000 |   1.5670 |   61.25% |   61.25% |    1:01.73
      bandwidth/experts | c12:bw=43,experts=[0,2,4,6]; c10:bw=10,experts=[4]; c0:bw=64,experts=[0,1,2,4,5,6]; c2:bw=21,experts=[4,6]; c17:bw=22,experts=[2,4]; c14:bw=16,experts=[5]; c19:bw=15,experts=[4]; c7:bw=72,experts=[0,1,2,4,5,6,7]; c16:bw=57,experts=[0,1,4,5,6]; c3:bw=36,experts=[0,4,6]; c18:bw=50,experts=[0,1,4,5,6]; c4:bw=35,experts=[0,4,6]; c13:bw=65,experts=[0,1,2,4,5,6]; c11:bw=41,experts=[0,1,4,6]; c1:bw=31,experts=[0,4,6]; c8:bw=50,experts=[0,1,4,5,6]; c9:bw=63,experts=[0,1,2,4,5,6]; c6:bw=26,experts=[4,6]; c5:bw=27,experts=[4,6]; c15:bw=61,experts=[0,1,2,4,5,6]
   91 | 0.01000 |   1.5547 |   60.90% |   61.25% |    1:00.79
      bandwidth/experts | c5:bw=52,experts=[0,1,4,5,6]; c6:bw=29,experts=[4,6]; c1:bw=50,experts=[0,1,4,5,6]; c17:bw=63,experts=[0,1,2,4,5,6]; c18:bw=13,experts=[4]; c7:bw=51,experts=[0,1,4,5,6]; c8:bw=23,experts=[4,6]; c4:bw=54,experts=[0,1,4,5,6]; c19:bw=51,experts=[0,1,2,4,6]; c2:bw=11,experts=[4]; c10:bw=49,experts=[0,1,4,6]; c3:bw=40,experts=[0,1,4,6]; c11:bw=67,experts=[0,1,2,4,5,6]; c12:bw=62,experts=[0,1,2,4,5,6]; c14:bw=42,experts=[0,1,4,6]; c15:bw=45,experts=[0,1,4,6]; c13:bw=46,experts=[0,1,4,6]; c0:bw=22,experts=[4,6]; c9:bw=35,experts=[0,4,6]; c16:bw=24,experts=[4,6]
   92 | 0.01000 |   1.5664 |   61.46% |   61.46% |    1:00.67
      bandwidth/experts | c15:bw=19,experts=[4]; c11:bw=15,experts=[4]; c19:bw=54,experts=[0,1,4,5,6]; c17:bw=32,experts=[4,6,7]; c5:bw=66,experts=[0,1,2,4,5,6]; c4:bw=26,experts=[4,6]; c7:bw=34,experts=[0,4,6]; c9:bw=56,experts=[0,1,4,5,6]; c6:bw=45,experts=[0,1,4,6]; c8:bw=19,experts=[4]; c2:bw=25,experts=[4,6]; c0:bw=29,experts=[4,6]; c3:bw=28,experts=[4,6]; c12:bw=48,experts=[0,1,4,6]; c16:bw=14,experts=[7]; c13:bw=17,experts=[4]; c1:bw=20,experts=[4,6]; c10:bw=37,experts=[0,4,6]; c18:bw=37,experts=[0,4,6]; c14:bw=30,experts=[0,4,6]
   93 | 0.01000 |   1.5518 |   61.41% |   61.46% |    1:01.01
      bandwidth/experts | c9:bw=58,experts=[0,1,4,5,6]; c1:bw=47,experts=[0,1,4,6]; c6:bw=22,experts=[4,6]; c8:bw=10,experts=[4]; c15:bw=36,experts=[4,6,7]; c18:bw=23,experts=[4,6]; c0:bw=19,experts=[4]; c17:bw=32,experts=[0,4,6]; c5:bw=10,experts=[4]; c3:bw=31,experts=[0,4,6]; c12:bw=52,experts=[0,1,4,5,6]; c4:bw=32,experts=[0,4,6]; c14:bw=25,experts=[4,7]; c7:bw=22,experts=[4,6]; c11:bw=32,experts=[0,4,6]; c19:bw=39,experts=[0,4,6]; c16:bw=46,experts=[0,1,4,6]; c2:bw=51,experts=[0,1,4,5,6]; c10:bw=15,experts=[4]; c13:bw=63,experts=[0,1,2,4,5,6]
   94 | 0.01000 |   1.5476 |   61.92% |   61.92% |    1:01.12
      bandwidth/experts | c9:bw=50,experts=[0,1,4,5,6]; c19:bw=48,experts=[0,1,4,6]; c3:bw=34,experts=[1,4,6]; c10:bw=61,experts=[0,1,4,5,6,7]; c16:bw=28,experts=[4,6]; c6:bw=30,experts=[0,4,6]; c4:bw=31,experts=[0,4,6]; c18:bw=47,experts=[0,1,4,6]; c13:bw=44,experts=[0,4,5,6]; c12:bw=14,experts=[4]; c17:bw=12,experts=[4]; c11:bw=48,experts=[0,1,4,6]; c7:bw=45,experts=[0,1,4,6]; c8:bw=10,experts=[4]; c0:bw=55,experts=[0,1,4,5,6]; c15:bw=40,experts=[0,1,4,6]; c2:bw=65,experts=[0,1,2,4,5,6]; c1:bw=70,experts=[0,1,2,4,5,6,7]; c14:bw=38,experts=[1,4,6]; c5:bw=41,experts=[0,1,4,6]
   95 | 0.01000 |   1.5613 |   61.59% |   61.92% |    1:00.75
      bandwidth/experts | c7:bw=59,experts=[0,1,4,5,6]; c16:bw=24,experts=[4,6]; c1:bw=31,experts=[0,4,6]; c12:bw=10,experts=[4]; c4:bw=15,experts=[2]; c9:bw=42,experts=[0,1,4,6]; c17:bw=47,experts=[0,1,4,6]; c5:bw=10,experts=[7]; c14:bw=49,experts=[0,2,4,6]; c10:bw=42,experts=[0,1,4,6]; c15:bw=34,experts=[0,4,6]; c0:bw=35,experts=[0,4,6]; c19:bw=42,experts=[0,1,4,6]; c8:bw=76,experts=[0,1,2,4,5,6,7]; c13:bw=59,experts=[0,1,4,5,6]; c3:bw=41,experts=[4,5,6,7]; c18:bw=28,experts=[4,7]; c11:bw=10,experts=[4]; c2:bw=23,experts=[4,6]; c6:bw=40,experts=[2,4,5,6]
   96 | 0.01000 |   1.5459 |   61.13% |   61.92% |    1:01.06
      bandwidth/experts | c6:bw=31,experts=[3,4,6]; c15:bw=78,experts=[0,1,2,3,4,5,6]; c14:bw=10,experts=[3]; c17:bw=35,experts=[3,4,6]; c2:bw=65,experts=[0,1,3,4,6,7]; c9:bw=44,experts=[0,3,4,6]; c11:bw=44,experts=[0,3,4,6]; c3:bw=46,experts=[0,3,4,6]; c0:bw=36,experts=[3,4,6]; c8:bw=64,experts=[0,1,2,3,4,6]; c18:bw=29,experts=[3,4]; c5:bw=60,experts=[0,1,3,4,5,6]; c13:bw=55,experts=[0,1,3,4,6]; c1:bw=36,experts=[3,4,6]; c4:bw=49,experts=[3,4,6,7]; c19:bw=38,experts=[3,4,6]; c16:bw=72,experts=[0,1,2,3,4,5,6]; c12:bw=71,experts=[0,1,2,3,4,5,6]; c10:bw=53,experts=[1,2,3,4,6]; c7:bw=50,experts=[0,1,3,4,6]
   97 | 0.01000 |   1.5519 |   61.83% |   61.92% |    1:01.14
      bandwidth/experts | c12:bw=13,experts=[7]; c2:bw=54,experts=[0,1,4,5,6]; c4:bw=16,experts=[4]; c6:bw=50,experts=[0,1,4,6,7]; c9:bw=43,experts=[0,4,6,7]; c10:bw=51,experts=[0,1,4,5,6]; c1:bw=50,experts=[0,1,4,5,6]; c19:bw=30,experts=[4,6,7]; c7:bw=30,experts=[0,4,6]; c0:bw=41,experts=[0,4,6,7]; c3:bw=35,experts=[2,4,6]; c17:bw=54,experts=[0,1,4,5,6]; c18:bw=70,experts=[0,1,2,4,5,6,7]; c5:bw=46,experts=[0,1,4,6]; c14:bw=23,experts=[4,6]; c15:bw=59,experts=[0,1,4,5,6]; c13:bw=51,experts=[0,1,4,6,7]; c11:bw=22,experts=[4,7]; c16:bw=54,experts=[0,1,4,5,6]; c8:bw=43,experts=[0,1,4,6]
   98 | 0.01000 |   1.5356 |   61.96% |   61.96% |    1:00.86
      bandwidth/experts | c10:bw=45,experts=[0,1,4,6]; c4:bw=52,experts=[0,1,4,5,6]; c2:bw=24,experts=[4,6]; c17:bw=17,experts=[4]; c15:bw=17,experts=[4]; c7:bw=24,experts=[2,7]; c19:bw=45,experts=[0,1,4,6]; c14:bw=67,experts=[0,1,2,4,5,6]; c11:bw=10,experts=[4]; c16:bw=41,experts=[0,1,4,6]; c13:bw=31,experts=[0,4,6]; c1:bw=26,experts=[4,6]; c6:bw=36,experts=[0,4,6]; c5:bw=49,experts=[0,1,4,6]; c9:bw=27,experts=[2,4]; c3:bw=25,experts=[4,6]; c18:bw=32,experts=[1,4,6]; c0:bw=33,experts=[2,4,6]; c12:bw=16,experts=[4]; c8:bw=54,experts=[0,1,4,5,6]
   99 | 0.01000 |   1.5284 |   62.03% |   62.03% |    1:01.52
      bandwidth/experts | c13:bw=25,experts=[4,6]; c0:bw=40,experts=[0,1,4,6]; c14:bw=33,experts=[0,4,6]; c4:bw=24,experts=[4,6]; c19:bw=48,experts=[0,2,4,6]; c9:bw=20,experts=[4,6]; c16:bw=34,experts=[0,4,6]; c3:bw=38,experts=[0,4,6]; c12:bw=34,experts=[0,4,6]; c10:bw=11,experts=[4]; c7:bw=45,experts=[0,1,4,6]; c11:bw=10,experts=[2]; c1:bw=59,experts=[0,1,4,5,6]; c15:bw=47,experts=[0,1,4,6]; c6:bw=35,experts=[0,4,6]; c17:bw=43,experts=[0,2,4,6]; c18:bw=55,experts=[0,1,4,5,6]; c8:bw=34,experts=[0,4,6]; c5:bw=49,experts=[0,1,4,6]; c2:bw=31,experts=[0,4,6]
  100 | 0.01000 |   1.5402 |   61.81% |   62.03% |    1:09.83
      bandwidth/experts | c10:bw=56,experts=[0,1,4,5,6]; c12:bw=37,experts=[0,4,6]; c11:bw=17,experts=[5]; c0:bw=64,experts=[0,1,2,4,5,6]; c4:bw=65,experts=[0,1,2,4,5,6]; c7:bw=10,experts=[4]; c6:bw=44,experts=[0,1,4,6]; c17:bw=55,experts=[0,1,4,6,7]; c14:bw=10,experts=[4]; c1:bw=17,experts=[4]; c13:bw=10,experts=[4]; c8:bw=44,experts=[0,1,4,6]; c2:bw=30,experts=[0,4,6]; c18:bw=80,experts=[0,1,2,3,4,5,6,7]; c16:bw=46,experts=[0,4,6,7]; c9:bw=53,experts=[0,1,4,5,6]; c5:bw=18,experts=[2]; c3:bw=42,experts=[0,1,4,6]; c15:bw=30,experts=[0,4,6]; c19:bw=18,experts=[5]

Done. Best Acc: 62.03% @ round 99
Total time: 1:37:52.33
[Export] 实验目录: /userhome/cs3/duanty/FedMoE/results/exp05-c100-resnet-n20-fedavg-old/20260924-120808
[Export] 每轮明细: /userhome/cs3/duanty/FedMoE/results/exp05-c100-resnet-n20-fedavg-old/20260924-120808/rounds.xlsx
[Export] 总体摘要: /userhome/cs3/duanty/FedMoE/results/exp05-c100-resnet-n20-fedavg-old/20260924-120808/summary.xlsx
[Plot] result = /userhome/cs3/duanty/FedMoE/results/exp05-c100-resnet-n20-fedavg-old/20260924-120808
[Plot] figures -> /userhome/cs3/duanty/FedMoE/results/exp05-c100-resnet-n20-fedavg-old/20260924-120808/figure
  fig01_test_accuracy.pdf
  fig02_train_loss.pdf
  fig03_acc_and_loss.pdf
  fig04_bandwidth_and_k.pdf
  fig05_expert_round_heatmap.pdf
  fig06_client_expert_heatmap.pdf
  fig07_expert_frequency.pdf
  fig08_time_breakdown.pdf
  fig09_accuracy_vs_communication.pdf
  fig10_overview.pdf
[Export] 图片目录: /userhome/cs3/duanty/FedMoE/results/exp05-c100-resnet-n20-fedavg-old/20260924-120808/figure
