========================================
Job    : exp03-c100-resnet-e32-fedavg
Host   : gpu-4090-102
Date   : Wed Sep 23 17:15:28 HKT 2026
GPU    : 0
Python : /userhome/cs3/duanty/miniconda3/envs/moe/bin/python
Command: python -u main.py --method ours --dataset cifar100 --backbone resnet --select ours --merge fedavg --device cuda --num_experts 32 --num_clients 10 --bw_min 10 --bw_max -1 --output_dir ./results/exp03-c100-resnet-e32-fedavg
========================================

==================================================================
 Ours  
  Dataset=cifar100 | beta=0.1 | Backbone=resnet | width_mult=1 | Clients=10 | Experts=32
  Select=ours | Merge=fedavg
  Expert refresh N_ref=32
  Rounds=100 | LR=0.01
  Bandwidth: expert_bw=10 | bw=[10, 320] | Rayleigh-Shannon, SNR=10 dB | k=floor(bw/10)
==================================================================


[Partition] Dirichlet beta=0.1, 10 clients
  Client 0:   4573 samples | 45/100 classes
  Client 1:   4218 samples | 54/100 classes
  Client 2:   3656 samples | 48/100 classes
  Client 3:   5018 samples | 43/100 classes
  Client 4:   6664 samples | 52/100 classes
  Client 5:   6137 samples | 45/100 classes
  Client 6:   6582 samples | 49/100 classes
  Client 7:   4512 samples | 39/100 classes
  Client 8:   5219 samples | 46/100 classes
  Client 9:   3421 samples | 100/100 classes

[Upload] expert_bw=10 | available bw=[10, 320] | Rayleigh-Shannon, SNR=10 dB | upload k=floor(bw/10), cap=32 | probe gate scores, refresh stale experts, then train selected

[Model] Total params: 21,231,808

[Export] 本次实验目录: /userhome/cs3/duanty/FedMoE/results/exp03-c100-resnet-e32-fedavg/20260923-171533

Round |      LR |  AvgLoss |  TestAcc |     Best |  RoundTime
--------------------------------------------------------------------------------
    1 | 0.00208 |   3.8650 |    1.47% |    1.47% |    1:12.01
      bandwidth/experts | c8:bw=202,experts=[0,1,2,4,5,6,10,11,12,13,15,16,18,21,22,23,24,26,28,30]; c1:bw=107,experts=[0,1,2,4,5,6,13,23,24,26]; c5:bw=163,experts=[0,1,2,4,5,6,10,11,13,15,18,21,23,24,26,30]; c0:bw=10,experts=[13]; c7:bw=75,experts=[1,2,4,6,13,23,24]; c2:bw=106,experts=[0,1,2,4,5,6,13,23,24,26]; c9:bw=166,experts=[0,1,2,4,5,6,10,11,13,15,18,21,23,24,26,30]; c4:bw=146,experts=[0,1,2,4,5,6,13,15,18,21,23,24,26,30]; c3:bw=187,experts=[0,1,2,4,5,6,10,11,13,15,16,18,21,22,23,24,26,30]; c6:bw=150,experts=[0,1,2,4,5,6,11,13,15,18,21,23,24,26,30]
    2 | 0.00406 |   3.3505 |    4.36% |    4.36% |    1:05.67
      bandwidth/experts | c0:bw=130,experts=[0,1,2,4,5,6,8,10,11,13,18,24,26]; c1:bw=152,experts=[0,1,2,4,5,6,8,10,11,12,13,18,21,24,26]; c8:bw=177,experts=[0,1,2,4,5,6,8,9,10,11,12,13,18,21,24,26,28]; c5:bw=251,experts=[0,1,2,4,5,6,8,9,10,11,12,13,14,15,16,17,18,21,23,24,25,26,27,28,29]; c3:bw=246,experts=[0,1,2,4,5,6,8,9,10,11,12,13,15,16,17,18,21,23,24,25,26,27,28,29]; c4:bw=109,experts=[0,2,4,6,10,11,13,18,24,26]; c7:bw=202,experts=[0,1,2,4,5,6,8,9,10,11,12,13,16,18,21,23,24,25,26,28]; c9:bw=170,experts=[0,1,2,4,5,6,8,9,10,11,12,13,18,21,24,26,28]; c6:bw=62,experts=[2,4,6,10,13,26]; c2:bw=79,experts=[0,2,4,6,10,13,26]
    3 | 0.00604 |   3.2118 |    6.50% |    6.50% |    1:06.99
      bandwidth/experts | c9:bw=174,experts=[0,1,2,4,5,6,8,9,10,11,12,13,18,21,24,25,26]; c2:bw=152,experts=[0,1,2,4,5,6,8,9,10,11,12,13,18,24,26]; c0:bw=182,experts=[0,1,2,4,5,6,8,9,10,11,12,13,18,21,24,25,26,28]; c6:bw=146,experts=[0,1,2,4,5,6,8,10,11,12,13,18,24,26]; c8:bw=110,experts=[0,2,4,5,6,10,11,12,13,18,26]; c5:bw=49,experts=[4,6,13,26]; c3:bw=94,experts=[0,2,4,6,11,12,13,18,26]; c7:bw=120,experts=[0,2,4,5,6,10,11,12,13,18,24,26]; c1:bw=49,experts=[4,6,13,26]; c4:bw=190,experts=[0,1,2,4,5,6,8,9,10,11,12,13,18,21,23,24,25,26,28]
    4 | 0.00802 |   3.1235 |    8.38% |    8.38% |    1:00.97
      bandwidth/experts | c1:bw=145,experts=[0,1,2,4,5,6,8,10,11,12,13,18,24,26]; c7:bw=164,experts=[0,1,2,4,5,6,8,10,11,12,13,18,24,25,26,28]; c6:bw=194,experts=[0,1,2,4,5,6,8,9,10,11,12,13,18,21,24,25,26,27,28]; c2:bw=219,experts=[0,1,2,4,5,6,8,9,10,11,12,13,14,18,21,23,24,25,26,27,28]; c8:bw=115,experts=[0,1,2,4,5,6,12,13,18,24,26]; c0:bw=215,experts=[0,1,2,4,5,6,8,9,10,11,12,13,16,18,21,23,24,25,26,27,28]; c3:bw=124,experts=[0,1,2,4,5,6,10,11,12,13,18,26]; c4:bw=204,experts=[0,1,2,4,5,6,8,9,10,11,12,13,18,21,23,24,25,26,27,28]; c5:bw=268,experts=[0,1,2,3,4,5,6,8,9,10,11,12,13,14,15,16,17,18,21,23,24,25,26,27,28,29]; c9:bw=79,experts=[2,4,6,12,13,18,26]
    5 | 0.01000 |   3.0321 |   11.21% |   11.21% |    1:06.22
      bandwidth/experts | c1:bw=72,experts=[2,4,6,12,13,18,26]; c5:bw=145,experts=[0,1,2,4,5,6,8,9,10,12,13,18,24,26]; c4:bw=178,experts=[0,1,2,4,5,6,8,9,10,11,12,13,18,23,24,26,28]; c8:bw=135,experts=[0,1,2,4,5,6,8,10,12,13,18,24,26]; c0:bw=182,experts=[0,1,2,4,5,6,8,9,10,11,12,13,18,21,24,25,26,28]; c7:bw=89,experts=[0,2,4,6,12,13,18,26]; c6:bw=195,experts=[0,1,2,4,5,6,8,9,10,11,12,13,18,21,24,25,26,27,28]; c3:bw=232,experts=[0,1,2,3,4,5,6,8,9,10,11,12,13,14,18,21,23,24,25,26,27,28,29]; c2:bw=26,experts=[4,6]; c9:bw=229,experts=[0,1,2,4,5,6,8,9,10,11,12,13,14,16,18,21,23,24,25,26,27,28]
    6 | 0.01000 |   2.9095 |   14.56% |   14.56% |    1:09.18
      bandwidth/experts | c8:bw=245,experts=[0,1,2,4,5,6,8,9,10,11,12,13,14,15,16,18,21,22,23,24,25,26,28,30]; c2:bw=152,experts=[0,1,2,4,5,6,10,11,12,13,18,23,24,26,28]; c5:bw=100,experts=[0,1,2,4,6,10,12,13,18,26]; c7:bw=213,experts=[0,1,2,4,5,6,8,9,10,11,12,13,14,16,18,21,23,24,25,26,28]; c3:bw=133,experts=[0,1,2,4,5,6,10,12,13,18,24,26,28]; c1:bw=118,experts=[0,1,2,4,6,10,12,13,18,24,26]; c9:bw=176,experts=[0,1,2,4,5,6,8,9,10,11,12,13,18,24,25,26,28]; c0:bw=114,experts=[0,1,2,4,6,10,12,13,18,24,26]; c4:bw=64,experts=[2,4,6,13,18,26]; c6:bw=74,experts=[2,4,6,12,13,18,26]
    7 | 0.01000 |   2.7991 |   16.83% |   16.83% |    1:06.65
      bandwidth/experts | c0:bw=132,experts=[0,1,2,4,5,6,10,12,13,18,24,26,28]; c5:bw=178,experts=[0,1,2,4,5,6,8,10,11,12,13,18,21,24,25,26,28]; c2:bw=146,experts=[0,1,2,4,5,6,8,10,12,13,18,24,26,28]; c6:bw=48,experts=[4,6,13,26]; c3:bw=97,experts=[0,1,2,4,6,10,13,18,26]; c7:bw=113,experts=[0,1,2,4,6,10,12,13,18,24,26]; c4:bw=50,experts=[2,4,6,13,26]; c1:bw=35,experts=[4,6,26]; c8:bw=210,experts=[0,1,2,4,5,6,8,10,11,12,13,14,15,16,18,21,23,24,25,26,28]; c9:bw=10,experts=[4]
    8 | 0.01000 |   2.6973 |   19.50% |   19.50% |    1:07.11
      bandwidth/experts | c4:bw=16,experts=[4]; c8:bw=135,experts=[0,1,2,4,5,6,10,12,13,18,24,26,28]; c1:bw=213,experts=[0,1,2,4,5,6,8,9,10,11,12,13,14,16,18,21,24,25,26,28,31]; c3:bw=136,experts=[0,1,2,4,5,6,10,12,13,18,24,26,28]; c0:bw=119,experts=[0,1,2,4,6,10,12,13,18,26,28]; c5:bw=103,experts=[0,1,2,4,6,10,12,13,18,26]; c2:bw=197,experts=[0,1,2,4,5,6,8,9,10,11,12,13,14,18,21,23,24,26,28]; c9:bw=215,experts=[0,1,2,4,5,6,8,9,10,11,12,13,15,18,21,24,25,26,28,30,31]; c7:bw=55,experts=[0,4,6,13,26]; c6:bw=151,experts=[0,1,2,4,5,6,8,10,11,12,13,18,24,26,28]
    9 | 0.01000 |   2.6073 |   23.21% |   23.21% |    0:58.84
      bandwidth/experts | c2:bw=78,experts=[0,1,2,4,6,13,26]; c0:bw=192,experts=[0,1,2,4,5,6,8,10,11,12,13,14,18,21,22,23,24,26,28]; c4:bw=218,experts=[0,1,2,4,5,6,8,9,10,11,12,13,14,18,21,22,23,24,25,26,28]; c9:bw=96,experts=[0,1,2,4,6,10,13,18,26]; c8:bw=66,experts=[0,2,4,6,13,26]; c6:bw=114,experts=[0,1,2,4,6,10,12,13,18,24,26]; c7:bw=168,experts=[0,1,2,4,5,6,8,10,11,12,13,14,18,24,26,28]; c5:bw=192,experts=[0,1,2,4,5,6,8,10,11,12,13,14,18,21,22,23,24,26,28]; c1:bw=53,experts=[0,4,6,13,26]; c3:bw=84,experts=[0,1,2,4,6,13,26,28]
   10 | 0.01000 |   2.5277 |   24.15% |   24.15% |    0:55.67
      bandwidth/experts | c4:bw=135,experts=[0,1,2,4,5,6,10,12,13,18,24,26,28]; c2:bw=124,experts=[0,1,2,4,5,6,10,12,13,18,24,26]; c7:bw=137,experts=[0,1,2,4,5,6,10,12,13,18,24,26,28]; c0:bw=216,experts=[0,1,2,4,5,6,8,9,10,11,12,13,14,18,21,22,23,24,25,26,28]; c6:bw=238,experts=[0,1,2,4,5,6,8,9,10,11,12,13,14,15,18,19,21,22,23,24,25,26,28]; c3:bw=168,experts=[0,1,2,4,5,6,8,10,11,12,13,14,18,24,26,28]; c5:bw=212,experts=[0,1,2,4,5,6,8,9,10,11,12,13,14,18,21,22,23,24,25,26,28]; c8:bw=129,experts=[0,2,4,5,6,10,12,13,18,24,26,28]; c9:bw=129,experts=[0,1,2,4,5,6,10,13,18,24,26,28]; c1:bw=149,experts=[0,1,2,4,5,6,8,10,12,13,18,24,26,28]
   11 | 0.01000 |   2.4535 |   26.90% |   26.90% |    0:55.70
      bandwidth/experts | c5:bw=102,experts=[0,4,5,6,10,12,13,18,24,26]; c2:bw=100,experts=[0,2,4,6,10,12,13,18,24,26]; c7:bw=160,experts=[0,1,2,4,5,6,8,10,12,13,14,18,21,24,26,28]; c3:bw=184,experts=[0,1,2,4,5,6,8,10,11,12,13,14,18,21,23,24,26,28]; c0:bw=103,experts=[0,2,4,5,6,10,13,18,24,26]; c8:bw=143,experts=[0,1,2,4,5,6,8,10,12,13,18,24,26,28]; c9:bw=121,experts=[0,1,2,4,6,8,10,12,13,18,24,26]; c6:bw=203,experts=[0,1,2,4,5,6,8,9,10,11,12,13,14,18,21,23,24,25,26,28]; c1:bw=148,experts=[0,1,2,4,5,6,8,10,12,13,18,24,26,28]; c4:bw=58,experts=[0,4,6,13,26]
   12 | 0.01000 |   2.3912 |   28.53% |   28.53% |    0:55.91
      bandwidth/experts | c1:bw=155,experts=[0,1,2,4,5,6,8,10,12,13,18,21,24,26,28]; c5:bw=205,experts=[0,1,2,4,5,6,8,9,10,11,12,13,14,18,21,23,24,25,26,28]; c2:bw=211,experts=[0,1,2,4,5,6,8,9,10,11,12,13,14,18,21,22,23,24,25,26,28]; c4:bw=103,experts=[0,2,4,5,6,10,13,18,24,26]; c3:bw=128,experts=[0,1,4,5,6,10,12,13,18,24,26,28]; c7:bw=108,experts=[0,4,5,6,10,12,13,18,24,26]; c9:bw=154,experts=[0,1,2,4,5,6,8,10,12,13,18,21,24,26,28]; c6:bw=106,experts=[0,1,2,4,6,10,13,18,24,26]; c8:bw=201,experts=[0,1,2,4,5,6,8,9,10,11,12,13,18,21,23,24,25,26,28,30]; c0:bw=180,experts=[0,1,2,4,5,6,8,10,11,12,13,14,18,21,23,24,26,28]
   13 | 0.01000 |   2.3331 |   31.01% |   31.01% |    0:55.55
      bandwidth/experts | c3:bw=111,experts=[0,4,5,6,10,12,13,18,24,26,28]; c1:bw=174,experts=[0,1,2,4,5,6,8,10,11,12,13,18,21,23,24,26,28]; c4:bw=13,experts=[4]; c5:bw=107,experts=[0,1,2,4,5,6,10,13,24,26]; c8:bw=56,experts=[0,4,6,13,26]; c6:bw=133,experts=[0,1,4,5,6,10,12,13,18,21,24,26,28]; c9:bw=54,experts=[0,4,6,13,26]; c7:bw=214,experts=[0,1,2,4,5,6,8,9,10,11,12,13,14,18,21,22,23,24,25,26,28]; c0:bw=93,experts=[0,2,4,5,6,13,18,24,26]; c2:bw=59,experts=[0,4,6,13,26]
   14 | 0.01000 |   2.2804 |   32.69% |   32.69% |    0:55.70
      bandwidth/experts | c2:bw=165,experts=[0,1,2,4,5,6,10,11,12,13,18,21,23,24,26,28]; c4:bw=21,experts=[4,26]; c5:bw=234,experts=[0,1,2,4,5,6,8,9,10,11,12,13,14,18,19,20,21,22,23,24,25,26,28]; c1:bw=141,experts=[0,1,2,4,5,6,10,12,13,18,21,24,26,28]; c7:bw=92,experts=[0,4,5,6,10,13,24,26,28]; c0:bw=93,experts=[0,4,5,6,10,13,18,26,28]; c9:bw=116,experts=[0,4,5,6,10,12,13,18,24,26,28]; c3:bw=167,experts=[0,1,2,4,5,6,10,11,12,13,18,21,23,24,26,28]; c8:bw=77,experts=[2,4,5,6,10,13,26]; c6:bw=246,experts=[0,1,2,4,5,6,8,9,10,11,12,13,14,18,19,20,21,22,23,24,25,26,28,30]
   15 | 0.01000 |   2.2379 |   35.17% |   35.17% |    0:55.94
      bandwidth/experts | c7:bw=216,experts=[0,1,2,4,5,6,8,9,10,11,12,13,14,18,21,22,23,24,25,26,28]; c0:bw=75,experts=[0,2,4,5,6,13,26]; c1:bw=52,experts=[0,4,6,13,26]; c8:bw=190,experts=[0,1,2,4,5,6,8,10,11,12,13,15,16,18,21,24,25,26,28]; c3:bw=38,experts=[4,6,26]; c2:bw=193,experts=[0,1,2,4,5,6,8,10,11,12,13,18,21,23,24,25,26,28,30]; c4:bw=171,experts=[0,1,2,4,5,6,8,10,11,12,13,18,21,23,24,26,28]; c5:bw=65,experts=[0,4,5,6,13,26]; c9:bw=71,experts=[0,2,4,6,10,13,26]; c6:bw=120,experts=[0,2,4,5,6,10,12,13,18,24,26,28]
   16 | 0.01000 |   2.1932 |   36.46% |   36.46% |    0:55.86
      bandwidth/experts | c6:bw=147,experts=[0,1,2,4,5,6,10,12,13,18,21,24,26,28]; c1:bw=105,experts=[0,2,4,5,6,10,13,18,24,26]; c3:bw=159,experts=[0,1,2,4,5,6,10,11,12,13,18,21,24,26,28]; c8:bw=180,experts=[0,1,2,4,5,6,8,10,11,12,13,14,18,21,23,24,26,28]; c7:bw=81,experts=[0,4,5,6,13,18,24,26]; c5:bw=145,experts=[0,1,2,4,5,6,10,12,13,18,21,24,26,28]; c4:bw=130,experts=[0,1,2,4,5,6,10,12,13,18,24,26,28]; c9:bw=88,experts=[0,2,4,5,6,13,24,26]; c0:bw=208,experts=[0,1,2,4,5,6,8,9,10,11,12,13,15,18,21,23,24,25,26,28]; c2:bw=189,experts=[0,1,2,4,5,6,8,10,11,12,13,14,18,21,23,24,26,28]
   17 | 0.01000 |   2.1520 |   37.98% |   37.98% |    0:55.58
      bandwidth/experts | c4:bw=212,experts=[0,1,2,4,5,6,8,9,10,11,12,13,14,18,19,21,22,23,24,26,28]; c7:bw=90,experts=[0,4,5,6,10,13,18,24,26]; c8:bw=29,experts=[4,26]; c3:bw=192,experts=[0,1,2,4,5,6,8,9,10,11,12,13,14,18,21,23,24,26,28]; c5:bw=11,experts=[4]; c1:bw=106,experts=[0,2,4,5,6,10,13,18,24,26]; c0:bw=39,experts=[4,6,26]; c2:bw=71,experts=[0,4,5,6,13,18,26]; c9:bw=136,experts=[0,2,4,5,6,10,12,13,18,21,24,26,28]; c6:bw=141,experts=[0,1,4,5,6,10,11,12,13,18,21,24,26,28]
   18 | 0.01000 |   2.1172 |   40.00% |   40.00% |    0:55.86
      bandwidth/experts | c1:bw=23,experts=[4,6]; c8:bw=18,experts=[4]; c5:bw=127,experts=[0,4,5,6,10,12,13,18,21,24,26,28]; c2:bw=137,experts=[0,1,2,4,5,6,10,12,13,18,24,26,28]; c9:bw=69,experts=[0,4,6,13,18,26]; c7:bw=200,experts=[0,1,2,4,5,6,8,9,10,11,12,13,14,18,21,22,23,24,26,28]; c4:bw=204,experts=[0,1,2,4,5,6,8,9,10,11,12,13,14,18,21,22,23,24,26,28]; c3:bw=137,experts=[0,1,2,4,5,6,10,13,18,21,24,26,28]; c0:bw=179,experts=[0,1,2,4,5,6,9,10,11,12,13,14,18,21,24,26,28]; c6:bw=115,experts=[0,1,2,4,5,6,10,13,18,24,26]
   19 | 0.01000 |   2.0832 |   40.36% |   40.36% |    0:55.91
      bandwidth/experts | c8:bw=205,experts=[0,1,2,4,5,6,8,9,10,11,12,13,14,18,21,23,24,25,26,28]; c0:bw=154,experts=[0,1,2,4,5,6,9,10,12,13,18,21,24,26,28]; c4:bw=188,experts=[0,1,2,4,5,6,9,10,11,12,13,14,18,21,23,24,26,28]; c1:bw=169,experts=[0,1,2,4,5,6,9,10,11,12,13,18,21,24,26,28]; c9:bw=140,experts=[0,1,2,4,5,6,10,12,13,18,21,24,26,28]; c5:bw=106,experts=[0,4,5,6,10,12,13,18,24,26]; c7:bw=82,experts=[0,2,4,6,13,24,26,28]; c2:bw=52,experts=[0,4,6,13,26]; c6:bw=241,experts=[0,1,2,4,5,6,8,9,10,11,12,13,14,18,19,20,21,22,23,24,25,26,28,30]; c3:bw=145,experts=[0,1,2,4,5,6,10,11,13,18,21,24,26,28]
   20 | 0.01000 |   2.0545 |   41.21% |   41.21% |    0:55.96
      bandwidth/experts | c0:bw=101,experts=[0,4,5,6,10,13,18,21,24,26]; c2:bw=151,experts=[0,1,2,4,5,6,8,10,12,13,18,21,24,26,28]; c1:bw=147,experts=[0,2,4,5,6,10,11,12,13,18,21,24,26,28]; c9:bw=61,experts=[0,4,6,13,18,26]; c7:bw=157,experts=[0,1,2,4,5,6,9,10,12,13,18,21,24,26,28]; c6:bw=248,experts=[0,1,2,4,5,6,8,9,10,11,12,13,14,18,19,20,21,22,23,24,25,26,28,30]; c3:bw=67,experts=[0,4,6,13,18,26]; c5:bw=13,experts=[4]; c4:bw=217,experts=[0,1,2,4,5,6,8,9,10,11,12,13,14,18,19,21,22,23,24,26,28]; c8:bw=184,experts=[0,1,2,4,5,6,8,10,11,12,13,18,21,24,25,26,28,30]
   21 | 0.01000 |   2.0247 |   42.90% |   42.90% |    0:55.86
      bandwidth/experts | c1:bw=150,experts=[0,1,2,4,5,6,8,10,11,13,18,21,24,26,28]; c2:bw=145,experts=[0,2,4,5,6,9,10,12,13,18,21,24,26,28]; c7:bw=46,experts=[4,6,13,26]; c4:bw=175,experts=[0,2,4,5,6,9,10,11,12,13,14,18,21,23,24,26,28]; c8:bw=67,experts=[0,4,6,13,18,26]; c5:bw=118,experts=[0,4,5,6,10,12,13,18,21,24,26]; c0:bw=243,experts=[0,1,2,4,5,6,8,9,10,11,12,13,14,18,19,20,21,22,23,24,25,26,28,30]; c3:bw=27,experts=[4,26]; c6:bw=57,experts=[0,4,13,18,26]; c9:bw=93,experts=[0,2,4,5,6,10,13,18,26]
   22 | 0.01000 |   1.9940 |   43.92% |   43.92% |    0:55.99
      bandwidth/experts | c7:bw=59,experts=[0,4,6,13,26]; c9:bw=120,experts=[0,2,4,5,6,9,10,13,18,21,24,26]; c1:bw=24,experts=[4,26]; c6:bw=224,experts=[0,1,2,4,5,6,8,9,10,11,12,13,14,18,19,21,22,23,24,25,26,28]; c5:bw=61,experts=[0,4,5,6,13,26]; c2:bw=242,experts=[0,1,2,4,5,6,8,9,10,11,12,13,14,15,16,18,19,21,23,24,25,26,28,30]; c0:bw=245,experts=[0,1,2,4,5,6,8,9,10,11,12,13,14,18,19,20,21,22,23,24,25,26,28,30]; c4:bw=133,experts=[0,4,5,6,9,10,12,13,14,18,21,24,26]; c3:bw=204,experts=[0,1,2,4,5,6,8,9,10,11,12,13,14,18,19,21,23,24,26,28]; c8:bw=120,experts=[0,2,4,5,6,10,13,18,21,24,26,28]
   23 | 0.01000 |   1.9715 |   43.92% |   43.92% |    0:55.87
      bandwidth/experts | c5:bw=190,experts=[0,1,2,4,5,6,9,10,11,12,13,14,18,21,23,24,25,26,28]; c7:bw=55,experts=[0,4,6,13,26]; c4:bw=205,experts=[0,1,2,4,5,6,8,9,10,11,12,13,14,18,19,21,23,24,26,28]; c6:bw=37,experts=[4,6,26]; c9:bw=184,experts=[0,1,2,4,5,6,8,9,10,12,13,14,18,21,23,24,26,28]; c8:bw=128,experts=[0,4,5,6,10,12,13,18,21,24,26,28]; c3:bw=57,experts=[0,4,6,13,26]; c1:bw=226,experts=[0,1,2,4,5,6,8,9,10,11,12,13,14,15,16,18,21,23,24,25,26,28]; c2:bw=118,experts=[0,4,5,6,10,13,18,21,24,26,28]; c0:bw=41,experts=[4,6,13,26]
   24 | 0.01000 |   1.9474 |   45.36% |   45.36% |    0:56.04
      bandwidth/experts | c6:bw=110,experts=[0,2,4,5,6,10,13,18,21,24,26]; c4:bw=46,experts=[4,6,13,26]; c7:bw=12,experts=[4]; c9:bw=182,experts=[0,1,2,4,5,6,8,9,10,11,12,13,18,21,24,25,26,28]; c2:bw=158,experts=[0,2,4,5,6,8,9,10,12,13,18,21,24,26,28]; c1:bw=10,experts=[4]; c5:bw=90,experts=[0,4,5,6,10,13,18,21,26]; c8:bw=67,experts=[4,5,6,13,18,26]; c3:bw=10,experts=[4]; c0:bw=115,experts=[0,2,4,5,6,10,13,18,21,24,26]
   25 | 0.01000 |   1.9242 |   46.43% |   46.43% |    0:56.18
      bandwidth/experts | c9:bw=148,experts=[0,2,4,5,6,9,10,12,13,18,21,24,26,28]; c6:bw=58,experts=[4,6,13,18,26]; c4:bw=214,experts=[0,1,2,4,5,6,8,9,10,11,12,13,14,18,19,21,23,24,25,26,28]; c3:bw=50,experts=[2,4,6,13,26]; c5:bw=233,experts=[0,1,2,4,5,6,8,9,10,11,12,13,14,18,19,20,21,22,23,24,25,26,28]; c1:bw=179,experts=[0,1,2,4,5,6,8,9,10,11,12,13,18,21,24,26,28]; c8:bw=200,experts=[0,1,2,4,5,6,8,10,11,12,13,15,16,18,21,23,24,25,26,28]; c2:bw=46,experts=[4,6,13,26]; c0:bw=206,experts=[0,1,2,4,5,6,8,9,10,11,12,13,14,18,19,21,23,24,26,28]; c7:bw=146,experts=[0,2,4,5,6,9,10,12,13,18,21,24,26,28]
   26 | 0.01000 |   1.8999 |   46.91% |   46.91% |    0:56.16
      bandwidth/experts | c3:bw=162,experts=[0,2,4,5,6,9,10,11,12,13,14,18,21,24,26,28]; c6:bw=123,experts=[0,2,4,5,6,10,13,18,21,24,26,28]; c9:bw=184,experts=[0,1,2,4,5,6,9,10,12,13,14,18,19,20,21,24,26,28]; c7:bw=114,experts=[0,2,4,5,6,10,13,18,21,24,26]; c1:bw=122,experts=[0,2,4,5,6,9,10,13,18,21,24,26]; c5:bw=75,experts=[4,5,6,13,18,21,26]; c2:bw=110,experts=[0,1,2,4,5,6,10,13,18,24,26]; c8:bw=195,experts=[0,2,4,5,6,9,10,11,12,13,14,18,19,20,21,23,24,26,28]; c0:bw=39,experts=[4,13,26]; c4:bw=175,experts=[0,2,4,5,6,9,10,12,13,14,18,19,20,21,24,26,28]
   27 | 0.01000 |   1.8842 |   48.06% |   48.06% |    0:56.24
      bandwidth/experts | c7:bw=188,experts=[0,2,4,5,6,8,9,10,12,13,14,18,19,20,21,24,26,28]; c1:bw=227,experts=[0,1,2,4,5,6,8,9,10,11,12,13,14,18,19,20,21,23,24,25,26,28]; c4:bw=45,experts=[4,6,13,26]; c0:bw=131,experts=[0,2,4,5,6,9,10,12,13,18,21,24,26]; c9:bw=66,experts=[0,2,4,6,13,26]; c2:bw=73,experts=[0,4,5,6,13,18,26]; c8:bw=202,experts=[0,1,2,4,5,6,8,9,10,11,12,13,14,18,19,20,21,24,26,28]; c3:bw=77,experts=[4,5,6,13,18,21,26]; c6:bw=231,experts=[0,1,2,4,5,6,8,9,10,11,12,13,14,18,19,20,21,22,23,24,25,26,28]; c5:bw=134,experts=[0,2,4,5,6,9,10,12,13,18,21,24,26]
   28 | 0.01000 |   1.8642 |   48.30% |   48.30% |    0:55.94
      bandwidth/experts | c6:bw=108,experts=[0,4,5,6,10,13,18,21,24,26]; c9:bw=179,experts=[0,2,4,5,6,9,10,11,12,13,14,18,19,21,24,26,28]; c0:bw=172,experts=[0,1,2,4,5,6,8,9,10,11,12,13,18,21,23,24,26]; c8:bw=108,experts=[0,4,5,6,9,10,13,18,21,26]; c2:bw=10,experts=[4]; c5:bw=122,experts=[0,4,5,6,9,10,12,13,18,21,24,26]; c1:bw=91,experts=[0,4,5,6,10,13,18,21,26]; c3:bw=42,experts=[4,13,18,26]; c4:bw=28,experts=[4,26]; c7:bw=10,experts=[4]
   29 | 0.01000 |   1.8473 |   49.90% |   49.90% |    0:56.10
      bandwidth/experts | c4:bw=140,experts=[0,4,5,6,9,10,12,13,14,18,21,24,26,28]; c0:bw=161,experts=[0,1,2,4,5,6,9,10,12,13,18,19,21,24,26,28]; c1:bw=122,experts=[0,1,2,4,5,6,10,13,18,21,24,26]; c9:bw=160,experts=[0,1,2,4,5,6,9,10,11,12,13,18,21,24,25,26]; c6:bw=157,experts=[0,2,4,5,6,9,10,11,12,13,14,18,21,24,26]; c8:bw=123,experts=[0,2,4,5,6,10,12,13,18,21,24,26]; c7:bw=77,experts=[0,2,4,6,13,18,26]; c3:bw=116,experts=[0,2,4,5,6,10,13,18,21,24,26]; c2:bw=66,experts=[0,4,5,6,13,26]; c5:bw=123,experts=[0,2,4,5,6,10,12,13,18,24,26,28]
   30 | 0.01000 |   1.8313 |   49.37% |   49.90% |    0:56.28
      bandwidth/experts | c5:bw=226,experts=[0,1,2,4,5,6,8,9,10,11,12,13,14,18,19,20,21,23,24,25,26,28]; c1:bw=129,experts=[0,1,2,4,5,6,10,13,18,21,24,26]; c9:bw=200,experts=[0,1,2,4,5,6,8,9,10,11,12,13,14,18,21,23,24,25,26,28]; c4:bw=189,experts=[0,1,2,4,5,6,9,10,11,12,13,18,19,21,23,24,26,28]; c0:bw=64,experts=[0,4,6,13,18,26]; c8:bw=152,experts=[0,2,4,5,6,9,10,12,13,14,18,21,24,26,28]; c6:bw=39,experts=[4,6,26]; c7:bw=44,experts=[4,6,13,26]; c3:bw=216,experts=[0,2,4,5,6,8,9,10,11,12,13,14,18,19,20,21,22,23,24,26,28]; c2:bw=99,experts=[0,4,5,6,10,13,18,21,26]
   31 | 0.01000 |   1.8150 |   50.50% |   50.50% |    0:56.29
      bandwidth/experts | c6:bw=108,experts=[0,1,2,4,5,6,13,18,24,26]; c4:bw=70,experts=[0,4,5,6,13,18,26]; c9:bw=164,experts=[0,1,2,4,5,6,9,10,12,13,18,21,24,25,26,28]; c1:bw=111,experts=[0,4,5,6,9,10,13,18,21,24,26]; c5:bw=226,experts=[0,1,2,4,5,6,8,9,10,11,12,13,14,18,19,20,21,23,24,25,26,28]; c8:bw=120,experts=[0,4,5,6,9,10,12,13,18,21,24,26]; c3:bw=87,experts=[4,5,6,13,18,21,24,26]; c2:bw=57,experts=[2,4,6,13,26]; c0:bw=172,experts=[0,2,4,5,6,9,10,12,13,14,18,19,21,23,24,26,28]; c7:bw=230,experts=[0,1,2,4,5,6,8,9,10,11,12,13,14,18,19,20,21,22,23,24,25,26,28]
   32 | 0.01000 |   1.8255 |   50.25% |   50.50% |    0:56.30
      bandwidth/experts | c8:bw=79,experts=[3,4,7,17,27,29,31]; c5:bw=130,experts=[0,4,5,6,7,9,10,13,18,21,24,26,31]; c4:bw=178,experts=[0,3,4,5,6,7,10,12,13,16,17,18,21,24,26,29,31]; c7:bw=171,experts=[0,2,3,4,5,6,7,13,15,17,18,24,26,27,29,30,31]; c0:bw=167,experts=[0,3,4,5,6,7,9,10,13,17,18,21,24,26,29,31]; c1:bw=77,experts=[3,7,17,22,27,29,30]; c3:bw=103,experts=[4,5,6,7,13,18,21,24,26,31]; c6:bw=98,experts=[3,4,7,13,16,17,26,29,31]; c2:bw=197,experts=[0,2,3,4,5,6,7,9,10,12,13,17,18,20,21,24,26,29,31]; c9:bw=115,experts=[0,3,4,6,7,13,17,18,22,26,29]
   33 | 0.01000 |   1.7881 |   51.05% |   51.05% |    0:56.65
      bandwidth/experts | c7:bw=192,experts=[0,1,2,4,5,6,8,9,10,11,12,13,14,18,21,23,24,26,28]; c1:bw=126,experts=[0,4,5,6,9,10,12,13,18,21,24,26]; c3:bw=256,experts=[0,1,2,4,5,6,7,8,9,10,11,12,13,14,15,18,20,21,23,24,25,26,27,28,30]; c6:bw=135,experts=[0,4,5,6,9,10,12,13,14,18,21,24,26]; c5:bw=108,experts=[2,4,5,6,10,13,18,24,26,30]; c9:bw=152,experts=[0,2,4,5,6,9,10,12,13,14,18,20,21,24,26]; c2:bw=86,experts=[4,5,6,13,18,21,24,26]; c8:bw=182,experts=[0,1,2,4,5,6,8,9,10,11,12,13,18,21,23,24,26,28]; c4:bw=165,experts=[0,1,2,4,5,6,9,10,11,13,15,18,21,24,26,30]; c0:bw=229,experts=[0,2,4,5,6,8,9,10,11,12,13,14,18,19,20,21,22,23,24,25,26,28]
   34 | 0.01000 |   1.7719 |   52.42% |   52.42% |    0:56.47
      bandwidth/experts | c4:bw=169,experts=[0,2,4,5,6,9,10,11,12,13,14,18,20,21,24,26]; c1:bw=170,experts=[0,1,2,4,5,6,8,9,10,11,12,13,18,21,24,25,26]; c6:bw=176,experts=[0,4,5,6,8,9,10,11,12,13,14,18,20,21,24,26,28]; c9:bw=248,experts=[0,1,2,4,5,6,8,9,10,11,12,13,14,18,19,20,21,22,23,24,25,26,27,28]; c8:bw=153,experts=[0,2,4,5,6,8,9,10,11,12,13,18,21,24,26]; c0:bw=82,experts=[0,4,5,6,13,18,21,26]; c5:bw=219,experts=[0,2,4,5,6,8,9,10,11,12,13,14,18,19,20,21,23,24,25,26,28]; c7:bw=119,experts=[0,2,4,5,6,10,12,13,18,24,26]; c3:bw=265,experts=[0,1,2,4,5,6,8,9,10,11,12,13,14,16,17,18,19,20,21,22,23,24,25,26,27,28]; c2:bw=197,experts=[0,1,2,4,5,6,8,9,10,11,12,13,18,21,23,24,25,26,28]
   35 | 0.01000 |   1.7616 |   52.41% |   52.42% |    1:03.22
      bandwidth/experts | c4:bw=120,experts=[0,4,5,6,9,10,12,13,18,21,24,26]; c0:bw=74,experts=[4,5,6,13,18,21,26]; c1:bw=112,experts=[0,4,5,6,9,10,13,18,21,24,26]; c6:bw=160,experts=[0,4,5,6,9,10,12,13,14,18,19,20,21,24,26,28]; c2:bw=167,experts=[0,2,4,5,6,8,9,10,12,13,14,18,21,24,25,26]; c8:bw=182,experts=[0,1,2,4,5,6,8,10,11,12,13,18,21,23,24,25,26,28]; c9:bw=99,experts=[0,2,4,5,6,13,18,21,26]; c7:bw=175,experts=[0,2,4,5,6,8,9,10,12,13,14,18,21,23,24,26,28]; c5:bw=149,experts=[0,2,4,5,6,9,10,12,13,14,18,21,24,26]; c3:bw=88,experts=[0,2,4,5,6,13,24,26]
   36 | 0.01000 |   1.7475 |   53.03% |   53.03% |    1:14.56
      bandwidth/experts | c9:bw=137,experts=[0,4,5,6,9,10,12,13,18,19,21,24,26]; c0:bw=132,experts=[0,4,5,6,9,10,13,16,18,21,24,26,27]; c3:bw=219,experts=[0,2,4,5,6,8,9,10,11,12,13,14,18,19,20,21,23,24,25,26,28]; c7:bw=100,experts=[0,4,5,6,10,13,18,21,24,26]; c6:bw=158,experts=[0,1,2,4,5,6,9,10,11,12,13,18,21,24,26]; c5:bw=180,experts=[0,3,4,5,6,9,10,12,13,15,16,17,18,21,24,26,27,29]; c1:bw=31,experts=[4,6,26]; c4:bw=272,experts=[0,1,2,4,5,6,8,9,10,11,12,13,14,15,16,18,19,20,21,22,23,24,25,26,27,28,30]; c8:bw=188,experts=[0,1,2,4,5,6,8,10,11,12,13,16,18,21,23,24,26,28]; c2:bw=185,experts=[0,2,4,5,6,8,9,10,11,12,13,18,21,23,24,26,27,28]
   37 | 0.01000 |   1.7372 |   52.80% |   53.03% |    1:11.37
      bandwidth/experts | c1:bw=67,experts=[4,5,13,18,21,26]; c5:bw=143,experts=[0,2,4,5,6,9,10,12,13,18,21,24,26,28]; c2:bw=132,experts=[0,2,4,5,6,9,10,12,13,18,21,24,26]; c6:bw=239,experts=[0,1,2,4,5,6,8,9,10,11,12,13,14,15,17,18,21,23,24,25,26,27,28]; c4:bw=144,experts=[0,2,4,5,6,9,10,11,12,13,18,21,24,26]; c7:bw=153,experts=[0,4,5,6,9,10,12,13,14,18,20,21,24,26,28]; c9:bw=146,experts=[0,2,4,5,6,9,10,12,13,16,18,21,24,26]; c0:bw=199,experts=[0,4,5,6,8,9,10,11,12,13,14,18,19,20,21,23,24,26,28]; c3:bw=132,experts=[0,1,2,3,4,5,6,12,13,18,24,26,29]; c8:bw=21,experts=[4,6]
   38 | 0.01000 |   1.7210 |   52.97% |   53.03% |    1:16.10
      bandwidth/experts | c8:bw=168,experts=[0,4,5,6,9,10,11,12,13,14,18,20,21,22,24,26]; c6:bw=62,experts=[2,4,6,13,18,26]; c4:bw=190,experts=[0,2,4,5,6,9,10,11,12,13,14,18,19,20,21,23,24,26,28]; c1:bw=113,experts=[0,4,5,6,9,10,13,18,21,24,26]; c5:bw=10,experts=[4]; c2:bw=11,experts=[4]; c3:bw=139,experts=[0,1,2,4,5,6,10,12,13,18,24,26,28]; c7:bw=187,experts=[0,4,5,6,8,9,10,12,13,14,16,18,20,21,23,24,26,28]; c9:bw=94,experts=[0,4,5,6,9,13,18,21,26]; c0:bw=148,experts=[0,2,4,5,6,9,10,12,13,14,18,21,24,26]
   39 | 0.01000 |   1.7074 |   54.06% |   54.06% |    1:16.85
      bandwidth/experts | c3:bw=96,experts=[4,5,6,10,13,18,21,24,26]; c0:bw=11,experts=[4]; c1:bw=164,experts=[1,2,4,5,6,8,10,11,12,13,18,21,24,25,26,28]; c7:bw=146,experts=[0,4,5,6,9,10,12,13,14,18,20,21,24,26]; c6:bw=112,experts=[0,4,5,6,9,10,13,18,21,24,26]; c8:bw=164,experts=[0,2,4,5,6,8,9,10,11,12,13,18,21,24,26,28]; c2:bw=132,experts=[0,1,2,4,5,6,10,12,13,18,21,24,26]; c4:bw=131,experts=[0,2,4,5,6,9,10,12,13,18,21,24,26]; c9:bw=87,experts=[0,4,5,6,13,18,21,26]; c5:bw=274,experts=[0,1,2,4,5,6,8,9,10,11,12,13,14,15,16,18,19,20,21,22,23,24,25,26,27,28,30]
   40 | 0.01000 |   1.6961 |   54.52% |   54.52% |    1:16.83
      bandwidth/experts | c8:bw=95,experts=[0,4,5,6,13,18,21,24,26]; c1:bw=154,experts=[0,1,2,4,5,6,8,10,13,18,21,24,25,26,31]; c5:bw=116,experts=[0,2,4,5,6,10,13,18,21,24,26]; c6:bw=170,experts=[0,2,4,5,6,9,10,11,12,13,14,18,20,21,23,24,26]; c2:bw=238,experts=[0,1,2,4,5,6,8,9,10,11,12,13,14,18,19,20,21,22,23,24,25,26,28]; c7:bw=243,experts=[0,1,2,4,5,6,8,9,10,11,12,13,14,16,18,19,20,21,22,23,24,25,26,28]; c3:bw=24,experts=[4,26]; c4:bw=70,experts=[4,5,6,13,18,21,26]; c9:bw=145,experts=[0,4,5,6,9,10,13,15,18,21,24,26,30,31]; c0:bw=131,experts=[0,2,4,5,6,9,10,13,14,18,21,24,26]
   41 | 0.01000 |   1.6897 |   54.97% |   54.97% |    1:17.10
      bandwidth/experts | c2:bw=196,experts=[0,1,2,4,5,6,8,9,10,11,12,13,18,19,21,24,25,26,28]; c6:bw=10,experts=[4]; c8:bw=207,experts=[0,1,2,4,5,6,8,9,10,11,12,13,14,18,20,21,24,25,26,28]; c1:bw=29,experts=[4,26]; c4:bw=185,experts=[0,2,4,5,6,8,9,10,11,12,13,18,21,23,24,25,26,28]; c5:bw=224,experts=[0,1,2,4,5,6,8,9,10,11,12,13,14,18,19,20,21,23,24,25,26,28]; c7:bw=250,experts=[0,1,2,4,5,6,8,9,10,11,12,13,14,16,18,19,20,21,22,23,24,25,26,28,31]; c3:bw=146,experts=[0,2,4,5,6,9,10,12,13,18,21,24,25,26]; c9:bw=196,experts=[0,4,5,6,9,10,11,12,13,14,18,19,20,21,23,24,25,26,28]; c0:bw=10,experts=[4]
   42 | 0.01000 |   1.6751 |   54.96% |   54.97% |    1:09.12
      bandwidth/experts | c5:bw=185,experts=[0,1,2,4,5,6,8,9,10,11,12,13,18,21,24,25,26,28]; c1:bw=179,experts=[0,1,2,4,5,6,9,10,11,12,13,18,21,24,25,26,28]; c3:bw=177,experts=[0,1,2,4,5,6,9,10,11,12,13,18,21,23,24,25,26]; c9:bw=186,experts=[0,1,2,4,5,6,8,9,10,11,12,13,18,21,24,25,26,28]; c6:bw=125,experts=[0,1,2,4,5,6,10,13,18,21,24,26]; c0:bw=54,experts=[2,4,6,13,26]; c7:bw=73,experts=[0,4,6,13,18,21,26]; c4:bw=200,experts=[0,2,4,5,6,8,9,10,11,12,13,14,18,19,21,23,24,25,26,28]; c8:bw=154,experts=[0,1,2,4,5,6,9,10,11,12,13,18,21,24,26]; c2:bw=147,experts=[0,4,5,6,9,10,12,13,14,18,20,21,24,26]
   43 | 0.01000 |   1.6682 |   55.79% |   55.79% |    1:06.51
      bandwidth/experts | c5:bw=194,experts=[0,4,5,6,8,9,10,11,12,13,14,18,20,21,23,24,25,26,28]; c1:bw=213,experts=[0,1,2,4,5,6,8,9,10,11,12,13,14,16,18,21,23,24,25,26,28]; c2:bw=186,experts=[0,1,2,4,5,6,9,10,11,12,13,16,18,21,24,25,26,28]; c8:bw=165,experts=[0,4,5,6,9,10,11,12,13,14,18,20,21,24,25,26]; c9:bw=116,experts=[0,2,4,5,6,9,10,13,18,21,26]; c7:bw=77,experts=[4,5,6,13,18,21,26]; c4:bw=126,experts=[0,2,4,5,6,9,10,12,13,18,24,26]; c6:bw=44,experts=[4,6,13,26]; c3:bw=237,experts=[0,1,2,4,5,6,8,9,10,11,12,13,14,18,19,20,21,22,23,24,25,26,28]; c0:bw=78,experts=[4,5,13,18,21,24,26]
   44 | 0.01000 |   1.6554 |   55.91% |   55.91% |    1:16.01
      bandwidth/experts | c0:bw=244,experts=[0,1,2,4,5,6,8,9,10,11,12,13,14,16,18,19,20,21,22,23,24,25,26,28]; c3:bw=171,experts=[0,2,4,5,6,8,9,10,11,12,13,18,21,23,24,26,28]; c4:bw=105,experts=[2,4,5,6,10,12,13,18,24,26]; c2:bw=134,experts=[0,2,4,5,6,9,10,12,13,18,21,24,26]; c7:bw=275,experts=[0,1,2,4,5,6,8,9,10,11,12,13,14,16,17,18,19,20,21,22,23,24,25,26,27,28,30]; c5:bw=88,experts=[2,4,5,6,13,18,24,26]; c6:bw=75,experts=[4,5,6,13,18,24,26]; c9:bw=136,experts=[0,2,4,5,6,9,10,13,18,21,24,25,26]; c8:bw=126,experts=[0,4,5,6,9,10,12,13,18,21,24,26]; c1:bw=163,experts=[0,1,2,4,5,6,9,10,11,12,13,18,21,24,26,31]
   45 | 0.01000 |   1.6461 |   55.96% |   55.96% |    1:14.43
      bandwidth/experts | c8:bw=201,experts=[0,1,2,4,5,6,8,9,10,11,12,13,15,18,21,23,24,25,26,28]; c0:bw=131,experts=[0,4,5,6,9,10,12,13,18,20,21,24,26]; c3:bw=245,experts=[0,1,2,4,5,6,8,9,10,11,12,13,14,15,16,18,21,23,24,25,26,27,28,30]; c4:bw=235,experts=[0,1,2,4,5,6,8,9,10,11,12,13,14,18,19,20,21,22,23,24,25,26,28]; c7:bw=131,experts=[0,2,4,5,6,9,10,12,13,18,21,24,26]; c2:bw=180,experts=[0,1,2,4,5,6,9,10,11,12,13,15,18,21,24,25,26,28]; c9:bw=91,experts=[0,4,5,6,10,13,18,21,26]; c6:bw=14,experts=[4]; c5:bw=163,experts=[0,1,2,4,5,6,9,10,11,12,13,18,21,24,25,26]; c1:bw=204,experts=[0,2,4,5,6,8,9,10,11,12,13,14,18,20,21,23,24,25,26,28]
   46 | 0.01000 |   1.6391 |   56.97% |   56.97% |    1:16.84
      bandwidth/experts | c9:bw=134,experts=[0,1,2,4,5,6,9,10,13,18,21,24,26]; c3:bw=98,experts=[0,4,5,6,13,18,21,24,26]; c6:bw=141,experts=[0,1,2,4,5,6,10,11,13,18,21,24,26,28]; c1:bw=149,experts=[0,4,5,6,9,10,12,13,18,20,21,24,26,28]; c4:bw=234,experts=[0,1,2,4,5,6,8,9,10,11,12,13,14,16,18,19,21,22,23,24,25,26,28]; c5:bw=150,experts=[0,2,4,5,6,9,10,11,12,13,18,21,24,26,28]; c2:bw=208,experts=[0,2,4,5,6,9,10,11,12,13,14,18,19,20,21,23,24,25,26,28]; c8:bw=142,experts=[0,2,4,5,6,9,10,12,13,18,21,24,26,28]; c0:bw=201,experts=[0,1,2,4,5,6,8,9,10,11,12,13,14,18,21,23,24,25,26,28]; c7:bw=103,experts=[0,4,5,9,10,13,18,21,24,26]
   47 | 0.01000 |   1.6274 |   57.49% |   57.49% |    1:16.21
      bandwidth/experts | c5:bw=189,experts=[0,1,2,4,5,6,8,9,10,11,12,13,18,21,24,25,26,28]; c6:bw=82,experts=[4,5,6,13,18,21,24,26]; c7:bw=195,experts=[0,1,2,4,5,6,8,9,10,11,12,13,18,21,24,25,26,28,30]; c9:bw=63,experts=[4,5,6,13,18,26]; c8:bw=144,experts=[0,1,2,4,5,6,8,10,11,13,18,24,26,28]; c3:bw=255,experts=[0,1,2,4,5,6,8,9,10,11,12,13,14,15,16,18,21,22,23,24,25,26,27,28,30]; c4:bw=35,experts=[4,6,26]; c0:bw=167,experts=[0,1,2,4,5,6,9,10,11,12,13,18,21,24,25,26]; c1:bw=111,experts=[0,4,5,6,9,10,13,18,21,24,26]; c2:bw=199,experts=[0,1,2,4,5,6,8,9,10,11,12,13,18,21,23,24,25,26,28]
   48 | 0.01000 |   1.6204 |   57.27% |   57.49% |    1:16.14
      bandwidth/experts | c1:bw=182,experts=[0,1,2,4,5,6,8,9,10,11,12,13,18,21,24,25,26,28]; c8:bw=183,experts=[0,1,2,4,5,6,8,9,10,11,12,13,18,21,23,24,26,28]; c4:bw=246,experts=[0,1,2,4,5,6,8,9,10,11,12,13,14,18,19,20,21,22,23,24,25,26,28,31]; c2:bw=207,experts=[0,1,2,4,5,6,8,9,10,11,12,13,16,18,21,23,24,25,26,28]; c9:bw=192,experts=[0,4,5,6,9,10,11,12,13,14,18,19,20,21,23,24,25,26,28]; c6:bw=165,experts=[0,2,4,5,6,9,10,11,12,13,18,21,24,25,26,28]; c5:bw=202,experts=[0,2,4,5,6,8,9,10,11,12,13,14,18,20,21,23,24,25,26,28]; c7:bw=229,experts=[0,1,2,4,5,6,8,9,10,11,12,13,14,18,19,20,21,23,24,25,26,28]; c0:bw=57,experts=[4,6,13,15,26]; c3:bw=67,experts=[4,5,6,13,21,26]
   49 | 0.01000 |   1.6157 |   57.58% |   57.58% |    1:05.91
      bandwidth/experts | c4:bw=176,experts=[0,4,5,6,9,10,11,12,13,18,19,20,21,24,25,26,28]; c3:bw=116,experts=[0,1,2,4,5,6,12,13,18,24,26]; c8:bw=96,experts=[1,2,4,5,6,13,18,24,26]; c0:bw=72,experts=[0,2,4,6,13,18,26]; c2:bw=214,experts=[0,1,2,4,5,6,8,9,10,11,12,13,15,17,18,21,23,24,25,26,28]; c5:bw=205,experts=[0,1,2,4,5,6,8,9,10,11,12,13,15,16,18,21,24,25,26,28]; c6:bw=46,experts=[4,6,13,26]; c7:bw=162,experts=[0,1,2,4,5,6,9,10,11,12,13,18,24,25,26,28]; c9:bw=194,experts=[0,2,4,5,6,8,9,10,12,13,18,19,20,21,23,24,25,26,28]; c1:bw=198,experts=[0,1,2,4,5,6,8,9,10,11,12,13,16,18,21,24,25,26,28]
   50 | 0.01000 |   1.6033 |   57.69% |   57.69% |    0:56.77
      bandwidth/experts | c8:bw=118,experts=[0,2,4,5,6,10,12,13,18,24,26]; c4:bw=28,experts=[4,26]; c7:bw=126,experts=[0,2,4,5,6,9,12,13,18,21,24,26]; c6:bw=249,experts=[0,1,2,3,4,5,6,8,9,10,11,12,13,14,16,18,19,20,21,23,24,25,26,28]; c2:bw=232,experts=[0,1,2,4,5,6,8,9,10,11,12,13,14,18,19,20,21,22,23,24,25,26,28]; c1:bw=236,experts=[0,1,2,4,5,6,8,9,10,11,12,13,14,18,19,20,21,23,24,25,26,27,28]; c3:bw=142,experts=[0,4,5,6,9,10,12,13,18,20,21,24,26,28]; c0:bw=106,experts=[0,2,4,5,6,10,13,18,24,26]; c9:bw=99,experts=[0,1,2,4,6,13,18,24,26]; c5:bw=114,experts=[0,1,2,4,5,6,12,13,18,24,26]
   51 | 0.01000 |   1.5998 |   58.51% |   58.51% |    0:56.94
      bandwidth/experts | c5:bw=173,experts=[0,2,4,5,6,9,10,11,12,13,18,20,21,24,25,26,28]; c0:bw=195,experts=[0,1,2,4,5,6,9,10,11,12,13,18,20,21,23,24,25,26,28]; c1:bw=77,experts=[2,4,5,6,13,18,26]; c2:bw=73,experts=[4,5,6,13,18,21,26]; c8:bw=168,experts=[0,1,2,4,5,6,10,11,12,13,18,21,24,25,26,28]; c6:bw=191,experts=[0,1,2,4,5,6,8,9,10,11,12,13,18,21,23,24,25,26,28]; c9:bw=66,experts=[4,5,6,13,21,26]; c3:bw=203,experts=[0,1,2,4,5,6,8,9,10,11,12,13,14,18,21,23,24,25,26,28]; c4:bw=40,experts=[4,5,13,26]; c7:bw=99,experts=[2,4,5,6,13,18,21,24,26]
   52 | 0.01000 |   1.5824 |   58.73% |   58.73% |    0:57.13
      bandwidth/experts | c0:bw=169,experts=[0,4,5,6,9,10,12,13,14,18,20,21,24,25,26,28]; c8:bw=64,experts=[2,4,6,13,26,30]; c5:bw=89,experts=[2,4,5,6,10,13,24,26]; c7:bw=125,experts=[0,1,2,4,5,6,10,12,13,18,24,26]; c1:bw=148,experts=[0,2,4,5,6,9,10,12,13,18,21,24,25,26]; c4:bw=122,experts=[0,2,4,5,6,10,12,13,18,21,24,26]; c9:bw=112,experts=[0,4,5,6,9,10,13,18,21,24,26]; c6:bw=186,experts=[0,2,4,5,6,9,10,12,13,18,20,21,23,24,25,26,28,30]; c2:bw=107,experts=[2,4,5,6,12,13,18,21,24,26]; c3:bw=157,experts=[0,1,2,4,5,6,9,10,12,13,18,21,24,25,26]
   53 | 0.01000 |   1.5762 |   58.76% |   58.76% |    0:57.04
      bandwidth/experts | c8:bw=79,experts=[4,5,6,13,18,21,26]; c4:bw=103,experts=[0,4,5,6,10,13,18,21,24,26]; c5:bw=161,experts=[0,4,5,6,9,10,11,12,13,18,20,21,23,24,26,28]; c1:bw=215,experts=[0,1,2,4,5,6,8,9,10,11,12,13,18,19,20,21,23,24,25,26,28]; c3:bw=173,experts=[0,1,2,4,5,6,8,10,11,12,13,18,21,23,24,25,26]; c9:bw=224,experts=[0,1,2,4,5,6,8,9,10,11,12,13,18,19,20,21,24,25,26,28,30,31]; c6:bw=131,experts=[0,1,2,4,5,6,10,12,13,18,21,24,26]; c7:bw=160,experts=[0,1,2,4,5,6,8,10,11,12,13,18,24,25,26,28]; c0:bw=141,experts=[0,1,2,4,5,6,9,10,12,13,18,24,25,26]; c2:bw=189,experts=[0,1,2,4,5,6,9,10,11,12,13,18,20,21,24,25,26,28]
   54 | 0.01000 |   1.5724 |   58.89% |   58.89% |    0:56.98
      bandwidth/experts | c2:bw=30,experts=[4,26,30]; c1:bw=193,experts=[0,1,2,4,5,6,8,9,10,11,12,13,14,18,21,24,25,26,28]; c8:bw=203,experts=[0,2,4,5,6,8,9,10,11,12,13,14,18,20,21,23,24,25,26,28]; c7:bw=223,experts=[0,2,4,5,6,8,9,10,11,12,13,14,18,19,20,21,22,23,24,25,26,28]; c3:bw=111,experts=[0,2,4,5,6,10,13,18,21,24,26]; c0:bw=135,experts=[0,1,2,4,5,6,10,12,13,18,24,26,30]; c6:bw=198,experts=[0,1,2,4,5,6,8,9,10,11,12,13,17,18,21,24,25,26,28]; c5:bw=10,experts=[4]; c9:bw=185,experts=[0,1,2,4,5,6,8,9,10,11,12,13,18,21,24,25,26,28]; c4:bw=116,experts=[0,1,2,4,5,6,10,13,18,24,26]
   55 | 0.01000 |   1.5624 |   58.78% |   58.89% |    0:57.27
      bandwidth/experts | c7:bw=199,experts=[0,1,2,4,5,6,8,9,10,11,12,13,18,21,23,24,25,26,28]; c2:bw=150,experts=[0,2,4,5,6,9,10,12,13,18,21,24,25,26,28]; c4:bw=53,experts=[2,4,6,13,26]; c3:bw=192,experts=[0,2,4,5,6,8,9,10,11,12,13,14,18,20,21,23,24,26,28]; c8:bw=50,experts=[4,5,6,13,26]; c5:bw=194,experts=[0,1,2,4,5,6,8,9,10,11,12,13,18,21,23,24,25,26,28]; c1:bw=220,experts=[0,2,4,5,6,8,9,10,11,12,13,14,15,18,19,20,21,23,24,25,26,28]; c6:bw=154,experts=[0,2,4,5,6,8,9,10,12,13,18,21,24,26,28]; c0:bw=101,experts=[0,4,5,6,9,13,18,21,24,26]; c9:bw=228,experts=[0,1,2,4,5,6,8,9,10,11,12,13,15,17,18,21,24,25,26,27,28,30]
   56 | 0.01000 |   1.5581 |   59.81% |   59.81% |    0:59.19
      bandwidth/experts | c9:bw=191,experts=[0,1,2,4,5,6,8,9,10,11,12,13,18,20,21,24,25,26,28]; c1:bw=205,experts=[0,2,4,5,6,8,9,10,11,12,13,14,18,20,21,23,24,25,26,28]; c3:bw=31,experts=[4,6,26]; c2:bw=195,experts=[0,1,2,4,5,6,8,9,10,11,12,13,18,21,23,24,25,26,28]; c5:bw=113,experts=[0,2,4,5,6,10,13,18,21,24,26]; c4:bw=34,experts=[4,5,26]; c8:bw=49,experts=[4,5,13,26]; c7:bw=66,experts=[2,4,6,9,13,26]; c6:bw=86,experts=[2,4,5,6,12,13,18,26]; c0:bw=256,experts=[0,1,2,4,5,6,8,9,10,11,12,13,14,15,16,17,18,21,23,24,25,26,27,28,30]
   57 | 0.01000 |   1.5482 |   59.19% |   59.81% |    0:58.27
      bandwidth/experts | c3:bw=234,experts=[0,1,2,4,5,6,8,9,10,11,12,13,14,18,19,20,21,22,23,24,25,26,28]; c8:bw=156,experts=[0,1,2,4,5,6,8,10,11,12,13,18,21,24,26]; c6:bw=176,experts=[0,1,2,4,5,6,8,9,10,11,12,13,18,21,24,25,26]; c1:bw=181,experts=[0,1,2,4,5,6,8,9,10,11,12,13,18,21,24,25,26,28]; c7:bw=253,experts=[0,1,2,3,4,5,6,8,9,10,11,12,13,15,16,18,19,20,21,23,24,25,26,27,28]; c0:bw=257,experts=[0,1,2,4,5,6,8,9,10,11,12,13,14,18,19,20,21,22,23,24,25,26,28,30,31]; c5:bw=161,experts=[0,1,2,4,5,6,9,10,12,13,18,21,24,25,26,28]; c4:bw=151,experts=[0,4,5,6,9,10,12,13,18,20,21,23,24,26,28]; c2:bw=120,experts=[0,4,5,6,9,10,12,13,18,21,24,26]; c9:bw=69,experts=[0,2,4,6,13,26]
   58 | 0.01000 |   1.5404 |   60.36% |   60.36% |    1:01.75
      bandwidth/experts | c7:bw=88,experts=[0,4,5,6,13,18,24,26]; c2:bw=15,experts=[4]; c9:bw=209,experts=[0,1,2,4,5,6,8,9,10,11,12,13,18,20,21,24,25,26,28,30]; c6:bw=201,experts=[0,1,2,4,5,6,8,9,10,11,12,13,14,18,21,23,24,25,26,28]; c5:bw=127,experts=[0,4,5,6,9,10,12,13,18,21,24,26]; c1:bw=109,experts=[4,5,6,9,10,13,18,21,24,26]; c8:bw=145,experts=[0,2,4,5,6,8,10,11,12,13,18,24,26,28]; c4:bw=139,experts=[0,2,4,5,6,9,10,12,13,18,21,24,26]; c3:bw=225,experts=[0,1,2,4,5,6,8,9,10,11,12,13,14,18,19,21,23,24,25,26,27,28]; c0:bw=174,experts=[0,1,2,4,5,6,9,10,11,12,13,18,24,25,26,28,30]
   59 | 0.01000 |   1.5310 |   60.12% |   60.36% |    0:57.96
      bandwidth/experts | c2:bw=134,experts=[0,2,4,5,6,10,12,13,18,21,24,26,28]; c8:bw=204,experts=[0,1,2,4,5,6,8,10,11,12,13,18,19,21,24,25,26,27,28,30]; c9:bw=101,experts=[0,2,4,5,6,10,13,18,21,26]; c6:bw=70,experts=[4,5,13,21,22,24,26]; c1:bw=239,experts=[0,1,2,4,5,6,8,9,10,11,12,13,14,18,20,21,22,23,24,25,26,28,31]; c4:bw=94,experts=[2,4,5,6,10,13,18,24,26]; c7:bw=102,experts=[2,4,5,6,9,13,18,21,24,26]; c5:bw=117,experts=[0,4,5,6,9,10,13,18,21,24,26]; c0:bw=191,experts=[0,1,2,4,5,6,8,9,10,12,13,14,18,21,23,24,25,26,28]; c3:bw=129,experts=[1,2,4,5,6,10,11,13,18,21,24,26]
   60 | 0.01000 |   1.5236 |   60.25% |   60.36% |    0:57.27
      bandwidth/experts | c0:bw=194,experts=[0,1,2,4,5,6,9,10,12,13,14,18,20,21,23,24,25,26,28]; c7:bw=175,experts=[0,1,2,4,5,6,8,9,10,11,12,13,18,24,25,26,28]; c4:bw=110,experts=[0,2,4,5,6,10,13,18,21,24,26]; c2:bw=111,experts=[0,2,4,5,6,10,12,13,18,24,26]; c5:bw=122,experts=[0,4,5,6,9,10,12,13,18,21,24,26]; c8:bw=89,experts=[2,4,5,6,13,18,24,26]; c6:bw=218,experts=[0,1,2,4,5,6,8,9,10,11,12,13,14,18,19,21,23,24,25,26,28]; c9:bw=27,experts=[4,26]; c1:bw=197,experts=[0,2,4,5,6,9,10,11,12,13,14,18,20,21,23,24,25,26,28]; c3:bw=160,experts=[0,2,4,5,6,9,10,11,12,13,18,21,23,24,26,28]
   61 | 0.01000 |   1.5184 |   60.57% |   60.57% |    0:57.45
      bandwidth/experts | c5:bw=178,experts=[0,1,2,4,5,6,9,10,11,12,13,18,21,23,24,26,28]; c6:bw=136,experts=[0,4,5,6,9,10,12,13,18,20,21,24,26]; c2:bw=107,experts=[0,2,4,5,6,12,13,18,24,26]; c9:bw=138,experts=[0,4,5,6,9,10,12,13,18,20,21,24,26]; c1:bw=122,experts=[0,2,4,5,6,9,10,13,18,21,24,26]; c3:bw=157,experts=[0,1,2,4,5,6,8,10,11,12,13,18,24,26,28]; c8:bw=203,experts=[0,1,2,4,5,6,8,10,11,12,13,15,16,18,21,23,24,25,26,28]; c4:bw=140,experts=[0,2,4,5,6,9,10,12,13,18,21,24,26,28]; c7:bw=159,experts=[0,2,4,5,6,9,10,12,13,18,21,24,25,26,28]; c0:bw=220,experts=[0,1,2,4,5,6,8,9,10,11,12,13,14,17,18,21,22,23,24,25,26,28]
   62 | 0.01000 |   1.5123 |   61.08% |   61.08% |    0:57.55
      bandwidth/experts | c8:bw=48,experts=[4,5,21,26]; c6:bw=228,experts=[0,1,2,4,5,6,8,9,10,11,12,13,14,18,19,20,21,23,24,25,26,28]; c9:bw=59,experts=[2,4,6,13,26]; c4:bw=221,experts=[0,2,4,5,6,8,9,10,11,12,13,14,18,19,20,21,22,23,24,25,26,28]; c5:bw=246,experts=[0,1,2,4,5,6,8,9,10,11,12,13,14,18,19,20,21,22,23,24,25,26,28,31]; c0:bw=103,experts=[0,1,2,4,6,9,13,18,24,26]; c3:bw=193,experts=[0,1,2,4,5,6,8,9,10,11,12,13,18,21,23,24,25,26,28]; c2:bw=154,experts=[0,1,2,4,5,6,10,11,12,13,18,21,24,25,26]; c1:bw=274,experts=[0,1,2,3,4,5,6,8,9,10,11,12,13,14,15,16,17,18,19,20,21,23,24,25,26,28,31]; c7:bw=163,experts=[0,4,5,6,9,10,12,13,18,20,21,23,24,25,26,28]
   63 | 0.01000 |   1.5062 |   60.95% |   61.08% |    0:57.40
      bandwidth/experts | c5:bw=33,experts=[4,13,26]; c9:bw=77,experts=[4,5,6,13,18,21,26]; c6:bw=124,experts=[0,2,4,5,6,9,10,13,18,21,24,26]; c3:bw=192,experts=[0,1,2,4,5,6,8,9,10,11,12,13,18,21,23,24,25,26,28]; c8:bw=116,experts=[0,4,5,6,9,10,13,18,21,24,26]; c1:bw=183,experts=[0,4,5,6,9,10,11,12,13,18,20,21,22,23,24,25,26,28]; c7:bw=251,experts=[0,1,2,4,5,6,8,9,10,11,12,13,14,16,18,19,20,21,22,23,24,25,26,27,28]; c0:bw=151,experts=[0,4,5,6,9,10,11,12,13,18,20,21,23,24,26]; c2:bw=102,experts=[1,2,4,5,6,12,13,18,24,26]; c4:bw=192,experts=[0,1,2,4,5,6,8,9,10,11,12,13,18,21,23,24,25,26,28]
   64 | 0.01000 |   1.4946 |   61.27% |   61.27% |    0:57.58
      bandwidth/experts | c6:bw=182,experts=[0,2,4,5,6,7,9,10,12,13,18,21,24,25,26,28,29,31]; c4:bw=138,experts=[3,4,5,6,7,9,13,17,18,21,24,26,29]; c5:bw=87,experts=[2,4,5,6,7,13,18,26]; c3:bw=138,experts=[0,2,4,5,6,10,12,13,18,21,24,26,31]; c7:bw=124,experts=[4,5,6,7,9,10,13,18,21,24,26,29]; c0:bw=116,experts=[3,4,5,6,7,9,13,18,21,26,29]; c8:bw=195,experts=[0,3,4,5,6,7,9,10,12,13,17,18,21,23,24,26,28,29,31]; c9:bw=217,experts=[0,1,2,3,4,5,6,7,8,9,10,11,12,13,18,21,24,25,26,28,29]; c2:bw=205,experts=[0,2,3,4,5,6,7,9,10,12,13,18,21,23,24,25,26,28,29,31]; c1:bw=104,experts=[4,5,6,7,13,18,21,26,29,30]
   65 | 0.01000 |   1.4935 |   61.80% |   61.80% |    0:57.50
      bandwidth/experts | c7:bw=33,experts=[4,6,26]; c5:bw=105,experts=[0,4,5,6,9,10,13,18,21,26]; c4:bw=210,experts=[0,1,2,4,5,6,8,9,10,11,12,13,14,18,21,23,24,25,26,27,28]; c6:bw=182,experts=[0,2,4,5,6,8,9,10,11,12,13,18,21,23,24,25,26,28]; c8:bw=241,experts=[0,1,2,4,5,6,8,9,10,11,12,13,14,18,19,20,21,22,23,24,25,26,28,31]; c3:bw=156,experts=[0,1,2,4,5,6,7,10,12,13,18,21,24,26,28]; c0:bw=151,experts=[0,2,4,5,6,9,10,12,13,18,21,24,25,26,28]; c2:bw=104,experts=[0,4,5,6,9,13,18,21,24,26]; c1:bw=211,experts=[0,2,4,5,6,8,9,10,11,12,13,14,18,20,21,22,23,24,25,26,28]; c9:bw=171,experts=[0,2,4,5,6,9,10,11,12,13,18,21,23,24,25,26,28]
   66 | 0.01000 |   1.4861 |   61.80% |   61.80% |    0:57.61
      bandwidth/experts | c2:bw=149,experts=[0,4,5,6,9,10,12,13,18,20,21,24,26,28]; c5:bw=63,experts=[2,4,5,6,13,26]; c1:bw=198,experts=[0,1,2,4,5,6,8,9,10,11,12,13,18,21,23,24,25,26,28]; c8:bw=88,experts=[2,4,5,6,13,18,24,26]; c9:bw=115,experts=[0,2,4,5,6,12,13,18,22,24,26]; c6:bw=108,experts=[4,5,6,9,12,13,18,21,24,26]; c4:bw=152,experts=[0,2,4,5,6,9,10,12,13,18,21,23,24,26,28]; c0:bw=139,experts=[0,1,2,4,5,6,10,13,18,21,24,26,28]; c3:bw=244,experts=[0,1,2,4,5,6,8,9,10,11,12,13,14,17,18,19,20,21,23,24,25,26,28,30]; c7:bw=184,experts=[0,4,5,6,8,9,10,11,12,13,18,20,21,23,24,25,26,28]
   67 | 0.01000 |   1.4834 |   62.57% |   62.57% |    0:57.66
      bandwidth/experts | c4:bw=188,experts=[0,4,5,6,9,10,11,12,13,18,20,21,22,23,24,25,26,28]; c5:bw=177,experts=[0,1,2,4,5,6,9,10,11,12,13,18,21,24,25,26,28]; c1:bw=134,experts=[0,2,4,5,6,10,11,12,13,18,21,24,26]; c3:bw=93,experts=[4,5,6,10,13,18,21,24,26]; c6:bw=194,experts=[0,1,2,4,5,6,8,9,10,11,12,13,18,21,23,24,25,26,28]; c0:bw=119,experts=[0,2,4,5,6,10,12,13,18,24,26]; c2:bw=157,experts=[0,2,4,5,6,9,10,11,12,13,18,21,24,26,28]; c9:bw=219,experts=[0,1,2,4,5,6,8,9,10,11,12,13,15,18,21,24,25,26,27,28,30]; c7:bw=215,experts=[0,2,4,5,6,8,9,10,11,12,13,14,18,20,21,22,23,24,25,26,28]; c8:bw=33,experts=[4,5,26]
   68 | 0.01000 |   1.4700 |   61.86% |   62.57% |    0:57.69
      bandwidth/experts | c1:bw=153,experts=[0,2,4,5,6,9,10,12,13,18,21,24,25,26,28]; c8:bw=114,experts=[4,5,6,9,10,12,13,18,21,24,26]; c2:bw=214,experts=[0,1,2,4,5,6,8,9,10,11,12,13,15,16,18,21,24,25,26,27,28]; c0:bw=110,experts=[0,2,4,5,6,10,13,18,21,24,26]; c3:bw=94,experts=[0,4,5,6,13,18,21,24,26]; c4:bw=180,experts=[0,2,4,5,6,9,10,12,13,15,18,21,23,24,25,26,28,30]; c5:bw=163,experts=[0,2,3,4,5,6,9,10,12,13,17,18,21,24,26,29]; c9:bw=57,experts=[4,5,6,13,26]; c7:bw=102,experts=[2,4,5,6,9,10,13,18,24,26]; c6:bw=116,experts=[0,2,4,5,6,10,12,13,18,24,26]
   69 | 0.01000 |   1.4646 |   62.38% |   62.57% |    0:57.78
      bandwidth/experts | c3:bw=152,experts=[0,3,4,5,6,9,10,12,13,18,20,21,24,26,29]; c7:bw=214,experts=[0,2,4,5,6,8,9,10,11,12,13,14,18,20,21,22,23,24,25,26,28]; c1:bw=115,experts=[4,5,6,9,10,12,13,18,21,24,26]; c4:bw=152,experts=[0,2,4,5,6,9,10,12,13,18,21,23,24,25,26]; c9:bw=130,experts=[0,4,5,6,9,10,12,13,16,18,21,24,26]; c5:bw=145,experts=[0,4,5,6,9,10,12,13,18,20,21,23,24,26]; c0:bw=192,experts=[0,4,5,6,9,10,11,12,13,14,18,20,21,22,23,24,25,26,28]; c2:bw=243,experts=[0,1,2,4,5,6,8,9,10,11,12,13,15,16,17,18,21,23,24,25,26,27,28,30]; c8:bw=154,experts=[0,4,5,6,9,10,12,13,18,20,21,23,24,26,28]; c6:bw=96,experts=[4,5,6,9,13,15,21,26,27]
   70 | 0.01000 |   1.4644 |   62.37% |   62.57% |    0:57.54
      bandwidth/experts | c1:bw=89,experts=[4,5,6,13,18,21,24,26]; c9:bw=10,experts=[4]; c7:bw=103,experts=[0,2,4,5,6,9,13,18,24,26]; c3:bw=116,experts=[4,5,6,9,10,12,13,18,21,24,26]; c0:bw=110,experts=[0,2,4,5,6,12,13,18,21,24,26]; c6:bw=94,experts=[2,4,5,6,10,13,18,24,26]; c2:bw=202,experts=[0,1,2,4,5,6,8,9,10,11,12,13,18,21,23,24,25,26,28,30]; c4:bw=212,experts=[0,2,4,5,6,8,9,10,11,12,13,14,18,20,21,22,23,24,25,26,28]; c5:bw=83,experts=[0,2,4,5,6,13,24,26]; c8:bw=176,experts=[0,1,2,4,5,6,8,9,10,11,12,13,18,21,24,26,28]
   71 | 0.01000 |   1.4559 |   62.65% |   62.65% |    0:57.40
      bandwidth/experts | c4:bw=155,experts=[0,1,2,4,5,6,10,11,12,13,18,21,24,26,28]; c0:bw=59,experts=[2,4,6,13,26]; c1:bw=191,experts=[0,1,2,4,5,6,8,9,10,11,12,13,16,18,21,24,25,26,28]; c9:bw=147,experts=[0,2,4,5,6,9,10,12,13,18,21,24,25,26]; c7:bw=75,experts=[0,4,5,6,13,18,26]; c5:bw=123,experts=[0,2,4,5,6,12,13,18,24,26,27,30]; c3:bw=226,experts=[0,1,2,4,5,6,8,10,11,12,13,14,15,16,18,21,22,23,24,26,27,28]; c6:bw=182,experts=[0,1,2,4,5,6,8,10,11,12,13,18,21,23,24,25,26,28]; c8:bw=141,experts=[0,1,2,4,5,6,10,11,12,13,18,24,26,28]; c2:bw=222,experts=[0,1,2,4,5,6,8,9,10,11,12,13,14,18,20,21,23,24,25,26,27,28]
   72 | 0.01000 |   1.4525 |   62.64% |   62.65% |    0:57.82
      bandwidth/experts | c8:bw=109,experts=[4,5,6,10,12,13,18,21,24,26]; c1:bw=145,experts=[0,2,4,5,6,8,10,12,13,18,21,24,26,28]; c5:bw=158,experts=[0,1,2,4,5,6,10,11,12,13,18,21,24,26,28]; c7:bw=177,experts=[0,1,2,4,5,6,8,10,11,12,13,18,23,24,25,26,28]; c6:bw=70,experts=[4,5,6,13,18,21,26]; c0:bw=191,experts=[0,1,2,4,5,6,9,10,11,12,13,16,18,21,22,24,25,26,28]; c3:bw=84,experts=[2,4,5,6,13,18,21,26]; c2:bw=84,experts=[4,5,6,10,12,13,18,26]; c9:bw=139,experts=[0,2,4,5,6,9,10,12,13,18,21,24,26]; c4:bw=144,experts=[0,2,4,5,6,9,10,12,13,18,21,23,24,26]
   73 | 0.01000 |   1.4430 |   62.99% |   62.99% |    0:57.44
      bandwidth/experts | c2:bw=173,experts=[0,2,4,5,6,8,9,10,12,13,18,20,21,23,24,26,28]; c8:bw=39,experts=[4,6,26]; c3:bw=145,experts=[0,2,4,5,6,9,10,12,13,18,21,24,25,26]; c1:bw=242,experts=[0,2,4,5,6,8,9,10,11,12,13,14,16,18,19,20,21,22,23,24,25,26,28,31]; c5:bw=62,experts=[4,5,6,13,18,26]; c9:bw=190,experts=[0,2,4,5,6,8,9,10,11,12,13,18,20,21,23,24,25,26,28]; c0:bw=103,experts=[0,4,5,6,9,13,18,21,24,26]; c7:bw=135,experts=[0,4,5,6,9,10,12,13,18,21,24,26,31]; c6:bw=73,experts=[4,5,6,9,13,18,26]; c4:bw=150,experts=[0,1,2,4,5,6,10,11,12,13,18,21,24,26,28]
   74 | 0.01000 |   1.4414 |   63.32% |   63.32% |    0:57.56
      bandwidth/experts | c3:bw=26,experts=[4,26]; c0:bw=146,experts=[0,1,2,4,5,6,9,10,12,13,18,24,26,28]; c1:bw=101,experts=[4,5,6,9,10,13,18,21,24,26]; c5:bw=184,experts=[0,1,2,4,5,6,8,10,11,12,13,15,18,21,23,24,26,28]; c7:bw=238,experts=[0,1,2,4,5,6,8,9,10,11,12,13,14,16,18,19,20,21,23,24,25,26,28]; c8:bw=104,experts=[2,4,5,6,10,13,18,21,24,26]; c6:bw=30,experts=[4,6,26]; c2:bw=21,experts=[4,26]; c4:bw=172,experts=[0,1,2,4,5,6,9,10,11,12,13,18,23,24,26,28,30]; c9:bw=117,experts=[0,2,4,5,6,9,10,13,18,21,26]
   75 | 0.01000 |   1.4323 |   63.18% |   63.32% |    0:58.14
      bandwidth/experts | c2:bw=145,experts=[0,2,4,5,6,9,10,12,13,18,20,21,24,26]; c9:bw=223,experts=[0,1,2,4,5,6,8,9,10,11,12,13,15,18,21,23,24,25,26,27,28,30]; c1:bw=198,experts=[0,1,2,4,5,6,8,9,10,11,12,13,18,21,23,24,25,26,28]; c3:bw=72,experts=[4,5,6,9,13,18,26]; c7:bw=104,experts=[0,2,4,5,6,9,13,18,24,26]; c6:bw=204,experts=[0,1,2,4,5,6,8,9,10,11,12,13,14,18,21,23,24,25,26,28]; c5:bw=114,experts=[4,5,6,9,10,12,13,18,21,24,26]; c4:bw=207,experts=[0,1,2,4,5,6,8,9,10,11,12,13,16,18,21,23,24,25,26,28]; c0:bw=222,experts=[0,1,2,4,5,6,8,9,10,11,12,13,14,17,18,21,23,24,25,26,27,28]; c8:bw=195,experts=[0,1,2,4,5,6,8,9,10,11,12,13,18,21,23,24,25,26,28]
   76 | 0.01000 |   1.4291 |   62.97% |   63.32% |    0:57.74
      bandwidth/experts | c8:bw=105,experts=[0,2,4,5,6,10,12,13,18,26]; c5:bw=136,experts=[0,4,5,6,9,10,12,13,18,20,21,24,26]; c0:bw=114,experts=[0,4,5,6,9,10,13,18,21,24,26]; c3:bw=54,experts=[4,5,13,21,26]; c2:bw=91,experts=[2,4,5,6,10,13,18,21,26]; c6:bw=86,experts=[4,5,9,13,18,21,24,26]; c7:bw=244,experts=[0,2,4,5,6,8,9,10,11,12,13,14,17,18,19,20,21,22,23,24,25,26,28,31]; c4:bw=221,experts=[0,2,4,5,6,8,9,10,11,12,13,14,18,20,21,22,23,24,25,26,28,31]; c9:bw=210,experts=[0,2,4,5,6,8,9,10,12,13,14,18,20,21,22,23,24,25,26,28,31]; c1:bw=196,experts=[0,1,2,4,5,6,8,9,10,11,12,13,18,21,23,24,25,26,28]
   77 | 0.01000 |   1.4261 |   63.46% |   63.46% |    0:57.59
      bandwidth/experts | c9:bw=106,experts=[0,2,4,5,6,10,13,18,25,26]; c2:bw=126,experts=[0,2,4,5,6,10,12,13,18,21,24,26]; c1:bw=229,experts=[0,2,4,5,6,8,9,10,11,12,13,14,18,20,21,22,23,24,25,26,28,31]; c8:bw=10,experts=[4]; c4:bw=16,experts=[4]; c7:bw=31,experts=[4,6,26]; c6:bw=209,experts=[0,2,4,5,6,8,9,10,12,13,14,18,20,21,22,23,24,25,26,28]; c0:bw=232,experts=[0,1,2,4,5,6,8,9,10,11,12,13,14,15,16,17,18,21,23,24,25,26,28]; c3:bw=148,experts=[0,2,4,5,6,9,10,12,13,18,21,24,26,28]; c5:bw=217,experts=[0,2,4,5,6,8,9,10,11,12,13,14,18,20,21,22,23,24,25,26,28]
   78 | 0.01000 |   1.4217 |   64.51% |   64.51% |    0:57.92
      bandwidth/experts | c0:bw=97,experts=[0,2,4,5,6,13,18,24,26]; c4:bw=84,experts=[4,5,6,13,18,21,24,26]; c3:bw=138,experts=[0,2,4,5,6,9,10,12,13,18,21,24,26]; c7:bw=133,experts=[0,1,2,4,5,6,10,11,12,13,18,24,26]; c8:bw=197,experts=[0,2,4,5,6,8,9,10,11,12,13,18,20,21,23,24,25,26,28]; c1:bw=149,experts=[0,2,4,5,6,9,10,12,13,18,21,24,26,28]; c9:bw=113,experts=[0,2,4,5,6,9,13,18,21,24,26]; c6:bw=211,experts=[0,1,2,4,5,6,8,9,10,11,12,13,14,18,21,22,23,24,25,26,28]; c5:bw=231,experts=[0,1,2,4,5,6,8,9,10,11,12,13,14,18,20,21,22,23,24,25,26,28,31]; c2:bw=126,experts=[0,4,5,6,9,10,12,13,18,21,24,26]
   79 | 0.01000 |   1.4116 |   64.47% |   64.51% |    0:57.72
      bandwidth/experts | c6:bw=77,experts=[4,5,6,13,21,24,26]; c9:bw=34,experts=[4,6,26]; c0:bw=131,experts=[0,2,4,5,6,9,10,12,13,18,21,24,26]; c4:bw=311,experts=[0,1,2,3,4,5,6,8,9,10,11,12,13,14,15,16,17,18,19,20,21,22,23,24,25,26,27,28,29,30,31]; c7:bw=168,experts=[0,2,4,5,6,9,10,12,13,18,21,24,25,26,28,30]; c8:bw=163,experts=[0,2,4,5,6,8,9,10,12,13,18,21,23,24,26,28]; c5:bw=195,experts=[0,1,2,4,5,6,8,9,10,12,13,18,20,21,22,23,24,26,28]; c3:bw=96,experts=[2,4,5,6,10,13,18,24,26]; c1:bw=136,experts=[0,4,5,6,9,10,12,13,18,20,21,24,26]; c2:bw=122,experts=[0,1,2,4,5,6,10,12,13,18,24,26]
   80 | 0.01000 |   1.4111 |   63.65% |   64.51% |    0:57.96
      bandwidth/experts | c5:bw=240,experts=[0,1,2,4,5,6,8,9,10,11,12,13,15,16,17,18,20,21,23,24,25,26,28,30]; c9:bw=193,experts=[0,1,2,4,5,6,8,9,10,11,12,13,18,20,21,24,25,26,28]; c7:bw=174,experts=[0,2,4,5,6,8,9,10,12,13,18,20,21,24,25,26,28]; c1:bw=112,experts=[4,5,6,9,10,12,13,18,21,24,26]; c3:bw=115,experts=[0,1,2,4,5,6,12,13,18,24,26]; c4:bw=210,experts=[0,1,2,4,5,6,8,9,10,11,12,13,18,21,22,23,24,25,26,28,30]; c2:bw=160,experts=[0,2,4,5,6,8,9,10,12,13,18,21,24,25,26,28]; c0:bw=174,experts=[0,4,5,6,8,9,10,12,13,18,20,21,22,23,24,26,28]; c6:bw=144,experts=[0,1,2,4,5,6,9,10,12,13,18,21,24,26]; c8:bw=187,experts=[0,2,4,5,6,8,9,10,12,13,18,20,21,23,24,25,26,28]
   81 | 0.01000 |   1.4057 |   64.48% |   64.51% |    0:58.18
      bandwidth/experts | c6:bw=188,experts=[0,1,2,4,5,6,9,10,11,12,13,18,21,23,24,25,26,28]; c2:bw=165,experts=[0,1,2,4,5,6,9,10,11,12,13,18,21,24,25,26]; c3:bw=245,experts=[0,1,2,4,5,6,8,9,10,11,12,13,14,18,19,20,21,22,23,24,25,26,28,31]; c1:bw=181,experts=[0,2,4,5,6,9,10,11,12,13,18,20,21,22,23,24,26,28]; c4:bw=154,experts=[0,1,2,4,5,6,10,11,12,13,18,21,24,26,28]; c5:bw=111,experts=[4,5,6,9,10,12,13,18,21,24,26]; c9:bw=97,experts=[0,2,4,5,6,9,13,18,26]; c7:bw=212,experts=[0,2,4,5,6,8,9,10,11,12,13,14,18,20,21,22,23,24,25,26,28]; c8:bw=175,experts=[0,2,4,5,6,9,10,12,13,18,20,21,23,24,25,26,28]; c0:bw=184,experts=[0,1,2,4,5,6,8,9,10,11,12,13,18,21,23,24,25,26]
   82 | 0.01000 |   1.3984 |   64.20% |   64.51% |    0:58.06
      bandwidth/experts | c1:bw=235,experts=[0,2,4,5,6,8,9,10,11,12,13,14,18,20,21,22,23,24,25,26,27,28,31]; c0:bw=110,experts=[0,1,2,4,5,6,10,13,18,24,26]; c6:bw=134,experts=[1,2,3,4,5,6,10,11,13,16,18,24,26]; c8:bw=212,experts=[0,1,2,4,5,6,8,9,10,11,12,13,15,18,21,24,25,26,27,28,30]; c7:bw=146,experts=[0,4,5,6,9,10,12,13,18,20,21,23,24,26]; c3:bw=144,experts=[0,2,4,5,6,10,11,12,13,18,21,24,26,28]; c2:bw=109,experts=[4,5,6,9,13,18,19,22,24,26]; c9:bw=204,experts=[0,1,2,4,5,6,8,9,10,11,12,13,18,21,24,25,26,27,30,31]; c5:bw=147,experts=[0,4,5,6,9,10,12,13,18,20,21,23,24,26]; c4:bw=108,experts=[0,2,4,5,6,12,13,18,24,26]
   83 | 0.01000 |   1.3961 |   64.73% |   64.73% |    1:02.41
      bandwidth/experts | c9:bw=189,experts=[0,1,2,4,5,6,8,9,10,12,13,18,21,24,25,26,28,30]; c4:bw=37,experts=[4,6,26]; c2:bw=150,experts=[0,2,4,5,6,9,10,12,13,18,20,21,24,25,26]; c7:bw=137,experts=[0,2,4,5,6,9,10,12,13,18,21,24,26]; c5:bw=10,experts=[4]; c0:bw=10,experts=[4]; c6:bw=193,experts=[0,1,2,4,5,6,9,10,11,12,13,16,18,21,23,24,25,26,28]; c1:bw=232,experts=[0,1,2,4,5,6,8,9,10,11,12,13,14,15,16,18,20,21,23,24,25,26,28]; c8:bw=144,experts=[0,2,4,5,6,9,10,11,12,13,18,21,24,26]; c3:bw=155,experts=[0,2,4,5,6,9,10,12,13,18,20,21,23,24,26]
   84 | 0.01000 |   1.3917 |   64.40% |   64.73% |    0:57.88
      bandwidth/experts | c8:bw=245,experts=[0,1,2,4,5,6,8,9,10,11,12,13,14,15,16,18,21,23,24,25,26,27,28,30]; c3:bw=118,experts=[2,4,5,6,10,12,13,18,21,24,26]; c1:bw=213,experts=[0,1,2,4,5,6,8,9,10,11,12,13,16,18,21,23,24,25,26,28,30]; c6:bw=13,experts=[30]; c9:bw=75,experts=[4,5,6,13,18,21,26]; c2:bw=134,experts=[0,2,4,5,6,9,10,12,13,18,21,24,26]; c7:bw=172,experts=[0,2,4,5,6,8,9,10,12,13,18,20,21,23,24,25,26]; c5:bw=73,experts=[2,4,5,6,12,13,26]; c4:bw=100,experts=[2,4,5,6,10,13,18,21,24,26]; c0:bw=37,experts=[4,13,26]
   85 | 0.01000 |   1.3972 |   64.17% |   64.73% |    0:58.49
      bandwidth/experts | c0:bw=140,experts=[0,1,2,4,5,6,9,10,12,13,18,24,25,26]; c2:bw=166,experts=[0,1,2,4,5,6,9,10,12,13,18,21,24,25,26,28]; c8:bw=257,experts=[0,1,2,4,5,6,8,9,10,11,12,13,14,15,16,17,18,21,23,24,25,26,27,28,30]; c6:bw=154,experts=[0,1,2,4,5,6,9,10,12,13,18,21,24,26,28]; c1:bw=208,experts=[0,1,2,4,5,6,8,9,10,11,12,13,15,16,18,21,24,25,26,28]; c4:bw=154,experts=[0,2,4,5,6,9,10,12,13,18,20,21,23,24,26]; c9:bw=211,experts=[0,1,2,4,5,6,8,9,10,11,12,13,18,19,20,21,24,25,26,28,30]; c3:bw=188,experts=[0,2,4,5,6,9,10,12,13,14,18,20,21,22,23,24,25,26]; c5:bw=45,experts=[4,5,21,26]; c7:bw=42,experts=[4,5,13,26]
   86 | 0.01000 |   1.3810 |   64.21% |   64.73% |    0:58.15
      bandwidth/experts | c5:bw=174,experts=[0,2,4,5,6,9,10,12,13,18,20,21,22,23,24,26,28]; c8:bw=102,experts=[1,2,4,5,6,10,13,18,24,26]; c2:bw=88,experts=[4,5,6,13,18,21,24,26]; c6:bw=202,experts=[0,1,2,4,5,6,8,9,10,11,12,13,17,18,21,23,24,25,26,28]; c0:bw=109,experts=[0,1,2,4,5,6,13,18,24,26]; c4:bw=67,experts=[2,4,5,6,13,26]; c7:bw=161,experts=[0,1,2,4,5,6,8,10,12,13,18,23,24,25,26,28]; c3:bw=101,experts=[0,1,2,4,5,6,13,18,24,26]; c1:bw=264,experts=[0,1,2,4,5,6,8,9,10,11,12,13,14,17,18,19,20,21,22,23,24,25,26,27,28,31]; c9:bw=157,experts=[0,2,4,5,6,9,10,12,13,18,20,21,24,25,26]
   87 | 0.01000 |   1.3783 |   64.37% |   64.73% |    0:58.44
      bandwidth/experts | c1:bw=106,experts=[0,2,4,5,6,10,13,18,24,26]; c2:bw=246,experts=[0,1,2,4,5,6,8,9,10,11,12,13,14,18,19,20,21,22,23,24,25,26,28,31]; c7:bw=81,experts=[4,5,6,13,18,21,24,26]; c5:bw=10,experts=[4]; c6:bw=220,experts=[0,1,2,4,5,6,8,9,10,11,12,13,16,17,18,21,23,24,25,26,27,28]; c3:bw=249,experts=[0,2,4,5,6,8,9,10,11,12,13,14,18,19,20,21,22,23,24,25,26,27,28,31]; c4:bw=124,experts=[0,4,5,6,9,10,12,13,18,21,24,26]; c9:bw=137,experts=[0,1,2,4,5,6,10,12,13,17,18,26,30]; c8:bw=170,experts=[0,1,2,4,5,6,8,9,10,11,12,13,18,21,24,25,26]; c0:bw=128,experts=[0,4,5,6,9,10,12,13,18,21,24,26]
   88 | 0.01000 |   1.3748 |   64.95% |   64.95% |    0:58.25
      bandwidth/experts | c8:bw=157,experts=[0,2,4,5,6,9,10,12,13,18,21,23,24,26,28]; c6:bw=98,experts=[4,5,6,9,13,18,21,24,26]; c3:bw=120,experts=[1,2,4,5,6,10,12,13,18,21,24,26]; c7:bw=151,experts=[0,1,2,4,5,6,9,10,12,13,18,21,23,24,26]; c0:bw=227,experts=[0,1,2,4,5,6,8,9,10,11,12,13,14,18,20,21,22,23,24,25,26,28]; c4:bw=138,experts=[0,1,2,4,5,6,11,12,13,15,18,24,26]; c9:bw=113,experts=[0,4,5,6,9,12,13,18,21,24,26]; c1:bw=103,experts=[1,2,4,5,6,9,13,18,24,26]; c5:bw=111,experts=[0,4,5,6,9,10,13,18,21,24,26]; c2:bw=167,experts=[0,4,5,6,9,10,12,13,18,20,21,22,23,24,26,28]
   89 | 0.01000 |   1.3692 |   64.41% |   64.95% |    0:58.39
      bandwidth/experts | c3:bw=112,experts=[0,2,4,5,6,10,12,13,18,24,26]; c8:bw=270,experts=[0,1,2,4,5,6,8,9,10,11,12,13,14,15,16,17,18,20,21,23,24,25,26,27,28,30,31]; c2:bw=162,experts=[0,1,2,4,5,6,10,11,12,13,15,18,21,24,26,28]; c9:bw=222,experts=[0,2,4,5,6,8,9,10,11,12,13,14,18,20,21,22,23,24,25,26,28,31]; c7:bw=79,experts=[2,3,4,6,13,15,26]; c5:bw=168,experts=[0,2,4,5,6,8,9,10,11,12,13,18,21,24,26,28]; c0:bw=47,experts=[4,19,26,31]; c6:bw=116,experts=[0,1,2,4,5,6,13,18,21,24,26]; c4:bw=112,experts=[0,1,2,4,5,6,10,13,18,24,26]; c1:bw=150,experts=[0,1,2,4,5,6,9,10,11,12,13,18,21,24,26]
   90 | 0.01000 |   1.3635 |   64.59% |   64.95% |    0:58.47
      bandwidth/experts | c7:bw=262,experts=[0,1,2,3,4,5,6,8,9,10,11,12,13,14,15,16,18,20,21,23,24,25,26,27,28,30]; c1:bw=113,experts=[0,1,2,4,5,6,12,13,18,24,26]; c3:bw=132,experts=[0,4,5,6,9,10,12,13,18,20,21,24,26]; c9:bw=232,experts=[0,1,2,4,5,6,8,9,10,11,12,13,15,16,17,18,21,24,25,26,28,30,31]; c0:bw=234,experts=[0,1,2,4,5,6,8,9,10,11,12,13,14,16,18,20,21,23,24,25,26,28,30]; c6:bw=95,experts=[4,5,9,12,13,18,21,24,26]; c2:bw=77,experts=[2,4,5,6,13,18,26]; c5:bw=99,experts=[4,5,6,12,13,18,21,24,26]; c8:bw=185,experts=[0,4,5,6,9,10,11,12,13,18,20,21,22,23,24,25,26,28]; c4:bw=130,experts=[0,2,4,5,6,9,10,12,13,18,21,24,26]
   91 | 0.01000 |   1.3611 |   64.82% |   64.95% |    0:58.24
      bandwidth/experts | c1:bw=182,experts=[0,1,2,4,5,6,8,9,10,11,12,13,18,21,24,25,26,28]; c9:bw=129,experts=[0,1,2,4,5,6,9,12,13,18,24,26]; c5:bw=190,experts=[0,1,2,4,5,6,8,9,10,11,12,13,18,21,23,24,25,26,28]; c7:bw=188,experts=[0,2,4,5,6,8,9,10,12,13,18,20,21,22,23,24,25,26]; c3:bw=146,experts=[0,1,2,4,5,6,10,12,13,18,21,24,26,28]; c4:bw=198,experts=[0,1,2,4,5,6,8,10,11,12,13,16,18,21,23,24,26,28,30]; c0:bw=82,experts=[4,5,6,13,18,21,24,26]; c6:bw=107,experts=[4,5,6,9,12,13,18,21,24,26]; c2:bw=42,experts=[4,6,13,26]; c8:bw=83,experts=[0,1,2,4,5,6,13,26]
   92 | 0.01000 |   1.3569 |   65.46% |   65.46% |    0:58.44
      bandwidth/experts | c3:bw=104,experts=[0,1,2,4,5,6,13,18,24,26]; c7:bw=125,experts=[0,1,2,4,5,6,9,12,13,18,24,26]; c1:bw=73,experts=[4,5,6,13,18,24,26]; c0:bw=108,experts=[0,4,5,6,12,13,18,21,24,26]; c8:bw=70,experts=[4,5,6,13,18,21,26]; c6:bw=166,experts=[0,4,5,6,9,10,12,13,18,20,21,22,23,24,26,28]; c9:bw=204,experts=[0,1,2,4,5,6,8,9,10,11,12,13,18,21,23,24,25,26,28,30]; c2:bw=92,experts=[0,2,4,6,12,13,18,24,26]; c5:bw=242,experts=[0,1,2,4,5,6,8,9,10,11,12,13,15,16,18,21,23,24,25,26,27,28,29,30]; c4:bw=97,experts=[0,1,2,4,5,6,13,24,26]
   93 | 0.01000 |   1.3561 |   65.24% |   65.46% |    0:58.36
      bandwidth/experts | c1:bw=173,experts=[0,2,4,5,6,9,10,11,12,13,18,20,21,23,24,26,28]; c3:bw=114,experts=[0,4,5,6,9,12,13,18,21,24,26]; c7:bw=82,experts=[4,5,6,9,13,18,24,26]; c9:bw=212,experts=[0,1,2,4,5,6,8,9,10,11,12,13,15,18,21,24,25,26,27,28,30]; c6:bw=82,experts=[0,2,4,5,6,13,24,26]; c8:bw=17,experts=[4]; c5:bw=29,experts=[4,6]; c4:bw=116,experts=[0,1,2,4,5,6,12,13,18,24,26]; c0:bw=69,experts=[4,5,13,18,21,26]; c2:bw=187,experts=[0,1,2,4,5,6,9,10,11,12,13,18,21,24,25,26,27,28]
   94 | 0.01000 |   1.3465 |   65.42% |   65.46% |    0:58.73
      bandwidth/experts | c7:bw=163,experts=[0,1,2,4,5,6,8,10,11,12,13,18,23,24,26,28]; c2:bw=237,experts=[0,1,2,4,5,6,8,9,10,11,12,13,15,16,17,18,21,23,24,25,26,28,30]; c5:bw=149,experts=[0,4,5,6,9,10,12,13,18,19,21,23,24,26]; c4:bw=115,experts=[0,4,5,6,9,12,13,18,21,24,26]; c6:bw=111,experts=[2,4,5,6,9,12,13,18,19,24,26]; c9:bw=184,experts=[0,2,4,5,6,8,9,10,12,13,18,20,21,22,23,24,25,26]; c1:bw=258,experts=[0,1,2,3,4,5,6,8,9,10,11,12,13,15,16,17,18,21,23,24,25,26,27,28,30]; c8:bw=28,experts=[4,6]; c0:bw=203,experts=[0,1,2,4,5,6,9,10,11,12,13,16,18,20,21,23,24,25,26,28]; c3:bw=124,experts=[0,2,4,5,6,10,12,13,18,21,24,26]
   95 | 0.01000 |   1.3475 |   66.21% |   66.21% |    0:58.69
      bandwidth/experts | c7:bw=217,experts=[0,1,2,3,4,5,6,8,9,10,11,12,13,15,18,21,23,24,25,26,28]; c9:bw=155,experts=[0,1,2,4,5,6,9,10,12,13,18,21,24,25,26]; c4:bw=56,experts=[2,4,6,13,26]; c6:bw=147,experts=[0,1,2,4,5,6,10,11,12,13,18,21,24,26]; c0:bw=128,experts=[0,1,2,4,5,6,11,12,13,18,24,26]; c3:bw=149,experts=[0,2,4,5,6,9,10,12,13,18,20,21,24,26]; c1:bw=114,experts=[0,1,2,4,5,6,12,13,18,24,26]; c8:bw=277,experts=[0,1,2,4,5,6,8,9,10,11,12,13,14,16,18,19,20,21,22,23,24,25,26,27,28,30,31]; c2:bw=84,experts=[1,2,4,5,6,12,13,26]; c5:bw=31,experts=[4,6,26]
   96 | 0.01000 |   1.3475 |   65.40% |   66.21% |    0:58.50
      bandwidth/experts | c2:bw=238,experts=[0,1,2,3,4,5,6,7,8,9,10,11,12,13,15,18,21,23,24,25,26,28,29]; c9:bw=162,experts=[0,2,3,4,5,6,7,9,10,12,13,18,21,24,26,29]; c3:bw=167,experts=[0,1,2,4,5,6,10,11,12,13,18,21,24,25,26,28]; c1:bw=132,experts=[0,2,4,5,6,7,9,13,18,21,24,26,29]; c5:bw=219,experts=[0,1,2,4,5,6,7,9,10,11,12,13,14,16,18,21,23,24,25,26,28]; c4:bw=179,experts=[0,1,2,4,5,6,7,9,10,11,12,13,18,21,24,26,28]; c6:bw=115,experts=[1,2,4,6,7,12,13,24,26,29,31]; c7:bw=185,experts=[0,1,2,4,5,6,7,8,10,11,12,13,15,18,24,26,28,29]; c0:bw=132,experts=[0,3,4,5,6,7,12,13,18,21,24,26,29]; c8:bw=236,experts=[0,1,2,3,4,5,6,7,8,9,10,11,12,13,16,18,21,23,24,25,26,28,29]
   97 | 0.01000 |   1.3414 |   66.03% |   66.21% |    0:58.75
      bandwidth/experts | c0:bw=150,experts=[0,1,2,4,5,6,9,10,12,13,14,18,21,24,26]; c9:bw=158,experts=[0,1,2,4,5,6,10,11,12,13,18,21,24,25,26]; c8:bw=158,experts=[0,2,4,5,6,8,9,10,11,12,13,18,21,24,26]; c4:bw=59,experts=[2,4,6,13,26]; c7:bw=111,experts=[0,4,5,6,9,10,13,18,21,24,26]; c1:bw=184,experts=[0,1,2,4,5,6,9,10,11,12,13,16,18,21,23,24,26,28]; c3:bw=127,experts=[4,5,6,7,9,10,12,13,18,21,24,26]; c5:bw=170,experts=[0,2,4,5,6,9,10,11,12,13,18,20,21,23,24,26,28]; c6:bw=184,experts=[0,1,2,4,5,6,9,10,11,12,13,15,18,21,24,25,26,28]; c2:bw=198,experts=[0,2,4,5,6,9,10,11,12,13,14,18,20,21,23,24,25,26,28]
   98 | 0.01000 |   1.3361 |   65.99% |   66.21% |    0:58.73
      bandwidth/experts | c4:bw=190,experts=[0,2,4,5,6,8,9,10,11,12,13,14,18,20,21,22,23,24,26]; c8:bw=196,experts=[0,1,2,4,5,6,8,9,10,11,12,13,18,21,23,24,25,26,28]; c9:bw=98,experts=[0,2,4,5,6,13,18,24,26]; c7:bw=87,experts=[2,4,5,6,12,13,24,26]; c6:bw=133,experts=[0,2,4,5,6,9,10,12,13,18,21,24,26]; c5:bw=180,experts=[0,2,4,5,6,9,10,11,12,13,18,20,21,22,23,24,26,28]; c0:bw=122,experts=[0,2,4,5,6,9,10,13,18,21,24,26]; c3:bw=93,experts=[4,5,6,13,17,18,21,26,30]; c1:bw=96,experts=[0,4,5,6,13,18,21,24,26]; c2:bw=89,experts=[0,2,4,5,6,13,18,26]
   99 | 0.01000 |   1.3277 |   66.43% |   66.43% |    0:58.57
      bandwidth/experts | c8:bw=124,experts=[0,2,4,5,6,10,11,12,13,18,21,26]; c5:bw=180,experts=[0,1,2,4,5,6,8,9,10,11,12,13,18,21,23,24,26,28]; c7:bw=166,experts=[0,1,2,4,5,6,10,11,12,13,15,18,23,24,25,26]; c1:bw=217,experts=[0,1,2,4,5,6,8,9,10,11,12,13,16,18,21,23,24,25,26,28,31]; c3:bw=138,experts=[0,2,4,5,6,9,10,12,13,18,21,24,26]; c9:bw=75,experts=[0,2,4,6,13,18,26]; c4:bw=89,experts=[0,2,4,5,6,13,24,26]; c0:bw=147,experts=[0,2,4,5,6,9,10,12,13,18,20,21,24,26]; c2:bw=113,experts=[0,4,5,6,9,12,13,18,21,24,26]; c6:bw=128,experts=[0,2,4,5,6,9,12,13,18,21,24,26]
  100 | 0.01000 |   1.3245 |   65.86% |   66.43% |    0:58.72
      bandwidth/experts | c2:bw=111,experts=[4,5,6,9,10,12,13,18,21,24,26]; c8:bw=162,experts=[0,2,4,5,6,9,10,12,13,18,20,21,23,24,26,28]; c9:bw=194,experts=[0,2,4,5,6,9,10,12,13,18,20,21,22,23,24,25,26,28,31]; c5:bw=68,experts=[3,4,5,6,13,26]; c6:bw=162,experts=[0,1,2,4,5,6,9,10,11,12,13,18,21,24,26,28]; c1:bw=63,experts=[2,4,5,6,13,26]; c4:bw=239,experts=[0,1,2,4,5,6,8,9,10,11,12,13,14,15,16,18,21,23,24,25,26,27,28]; c7:bw=25,experts=[4,26]; c3:bw=152,experts=[0,2,4,5,6,9,10,12,13,18,20,21,23,24,26]; c0:bw=236,experts=[0,1,2,4,5,6,9,10,11,12,13,14,15,16,17,18,21,23,24,25,26,28,30]

Done. Best Acc: 66.43% @ round 99
Total time: 1:40:55.83
[Export] 实验目录: /userhome/cs3/duanty/FedMoE/results/exp03-c100-resnet-e32-fedavg/20260923-171533
[Export] 每轮明细: /userhome/cs3/duanty/FedMoE/results/exp03-c100-resnet-e32-fedavg/20260923-171533/rounds.xlsx
[Export] 总体摘要: /userhome/cs3/duanty/FedMoE/results/exp03-c100-resnet-e32-fedavg/20260923-171533/summary.xlsx
[Plot] result = /userhome/cs3/duanty/FedMoE/results/exp03-c100-resnet-e32-fedavg/20260923-171533
[Plot] figures -> /userhome/cs3/duanty/FedMoE/results/exp03-c100-resnet-e32-fedavg/20260923-171533/figure
  fig01_test_accuracy.pdf
  fig02_train_loss.pdf
  fig03_acc_and_loss.pdf
  fig04_bandwidth_and_k.pdf
  fig05_expert_round_heatmap.pdf
  fig06_client_expert_heatmap.pdf
  fig07_expert_frequency.pdf
  fig08_time_breakdown.pdf
  fig09_accuracy_vs_communication.pdf
  fig10_overview.pdf
[Export] 图片目录: /userhome/cs3/duanty/FedMoE/results/exp03-c100-resnet-e32-fedavg/20260923-171533/figure
