========================================
Job    : exp03-c100-resnet-e4-fedavg
Host   : gpu-4090-104
Date   : Wed Sep 23 13:48:30 HKT 2026
GPU    : 0
Python : /userhome/cs3/duanty/miniconda3/envs/moe/bin/python
Command: python -u main.py --method ours --dataset cifar100 --backbone resnet --select ours --merge fedavg --device cuda --num_experts 4 --num_clients 10 --bw_min 10 --bw_max -1 --output_dir ./results/exp03-c100-resnet-e4-fedavg
========================================

==================================================================
 Ours  
  Dataset=cifar100 | beta=0.1 | Backbone=resnet | width_mult=1 | Clients=10 | Experts=4
  Select=ours | Merge=fedavg
  Expert refresh N_ref=4
  Rounds=100 | LR=0.01
  Bandwidth: expert_bw=10 | bw=[10, 40] | Rayleigh-Shannon, SNR=10 dB | k=floor(bw/10)
==================================================================


[Partition] Dirichlet beta=0.1, 10 clients
  Client 0:   4573 samples | 45/100 classes
  Client 1:   4218 samples | 54/100 classes
  Client 2:   3656 samples | 48/100 classes
  Client 3:   5018 samples | 43/100 classes
  Client 4:   6664 samples | 52/100 classes
  Client 5:   6137 samples | 45/100 classes
  Client 6:   6582 samples | 49/100 classes
  Client 7:   4512 samples | 39/100 classes
  Client 8:   5219 samples | 46/100 classes
  Client 9:   3421 samples | 100/100 classes

[Upload] expert_bw=10 | available bw=[10, 40] | Rayleigh-Shannon, SNR=10 dB | upload k=floor(bw/10), cap=4 | probe gate scores, refresh stale experts, then train selected

[Model] Total params: 12,426,704

[Export] 本次实验目录: /userhome/cs3/duanty/FedMoE/results/exp03-c100-resnet-e4-fedavg/20260923-134834

Round |      LR |  AvgLoss |  TestAcc |     Best |  RoundTime
--------------------------------------------------------------------------------
    1 | 0.00208 |   3.6275 |    1.51% |    1.51% |    0:50.67
      bandwidth/experts | c8:bw=31,experts=[0,1,2]; c1:bw=16,experts=[2]; c5:bw=25,experts=[1,2]; c0:bw=10,experts=[2]; c7:bw=11,experts=[2]; c2:bw=16,experts=[2]; c9:bw=25,experts=[1,2]; c4:bw=22,experts=[1,2]; c3:bw=28,experts=[1,2]; c6:bw=23,experts=[1,2]
    2 | 0.00406 |   3.3144 |    4.44% |    4.44% |    0:50.67
      bandwidth/experts | c0:bw=20,experts=[1,2]; c1:bw=23,experts=[1,2]; c8:bw=27,experts=[1,2]; c5:bw=38,experts=[0,1,2]; c3:bw=37,experts=[0,1,2]; c4:bw=17,experts=[2]; c7:bw=31,experts=[0,1,2]; c9:bw=26,experts=[1,2]; c6:bw=10,experts=[2]; c2:bw=12,experts=[2]
    3 | 0.00604 |   3.1975 |    6.56% |    6.56% |    0:51.25
      bandwidth/experts | c9:bw=26,experts=[1,2]; c2:bw=23,experts=[1,2]; c0:bw=28,experts=[1,2]; c6:bw=22,experts=[1,2]; c8:bw=17,experts=[2]; c5:bw=10,experts=[2]; c3:bw=14,experts=[2]; c7:bw=18,experts=[2]; c1:bw=10,experts=[2]; c4:bw=29,experts=[1,2]
    4 | 0.00802 |   3.3867 |    6.57% |    6.57% |    0:50.50
      bandwidth/experts | c1:bw=22,experts=[0,3]; c7:bw=25,experts=[2,3]; c6:bw=29,experts=[0,3]; c2:bw=33,experts=[0,2,3]; c8:bw=17,experts=[3]; c0:bw=33,experts=[0,2,3]; c3:bw=19,experts=[3]; c4:bw=31,experts=[0,2,3]; c5:bw=40,experts=[0,1,2,3]; c9:bw=12,experts=[0]
    5 | 0.01000 |   3.1181 |    8.61% |    8.61% |    0:50.78
      bandwidth/experts | c1:bw=11,experts=[2]; c5:bw=22,experts=[1,2]; c4:bw=27,experts=[1,2]; c8:bw=20,experts=[0,2]; c0:bw=28,experts=[1,2]; c7:bw=14,experts=[2]; c6:bw=29,experts=[1,2]; c3:bw=35,experts=[0,1,2]; c2:bw=10,experts=[2]; c9:bw=35,experts=[1,2,3]
    6 | 0.01000 |   3.0618 |   10.83% |   10.83% |    0:50.71
      bandwidth/experts | c8:bw=37,experts=[0,1,2]; c2:bw=23,experts=[1,2]; c5:bw=15,experts=[2]; c7:bw=32,experts=[0,1,2]; c3:bw=20,experts=[1,2]; c1:bw=18,experts=[1]; c9:bw=27,experts=[1,2]; c0:bw=17,experts=[2]; c4:bw=10,experts=[2]; c6:bw=11,experts=[2]
    7 | 0.01000 |   2.8733 |   14.16% |   14.16% |    0:50.87
      bandwidth/experts | c0:bw=20,experts=[1,2]; c5:bw=27,experts=[1,2]; c2:bw=22,experts=[1,2]; c6:bw=10,experts=[2]; c3:bw=15,experts=[2]; c7:bw=17,experts=[2]; c4:bw=10,experts=[2]; c1:bw=10,experts=[2]; c8:bw=32,experts=[0,1,2]; c9:bw=10,experts=[2]
    8 | 0.01000 |   3.2045 |   14.13% |   14.16% |    0:50.87
      bandwidth/experts | c4:bw=10,experts=[0]; c8:bw=20,experts=[2,3]; c1:bw=32,experts=[0,2,3]; c3:bw=21,experts=[2,3]; c0:bw=18,experts=[0]; c5:bw=16,experts=[0]; c2:bw=30,experts=[0,2,3]; c9:bw=33,experts=[0,1,2]; c7:bw=10,experts=[3]; c6:bw=23,experts=[0,3]
    9 | 0.01000 |   3.2413 |   12.90% |   14.16% |    0:50.82
      bandwidth/experts | c2:bw=12,experts=[2]; c0:bw=29,experts=[2,3]; c4:bw=33,experts=[1,2,3]; c9:bw=15,experts=[3]; c8:bw=10,experts=[2]; c6:bw=17,experts=[1]; c7:bw=25,experts=[1,2]; c5:bw=29,experts=[2,3]; c1:bw=10,experts=[2]; c3:bw=13,experts=[0]
   10 | 0.01000 |   2.7372 |   15.63% |   15.63% |    0:51.05
      bandwidth/experts | c4:bw=20,experts=[1,2]; c2:bw=19,experts=[2]; c7:bw=21,experts=[0,2]; c0:bw=33,experts=[0,1,2]; c6:bw=36,experts=[1,2,3]; c3:bw=26,experts=[1,2]; c5:bw=32,experts=[0,1,2]; c8:bw=20,experts=[1,2]; c9:bw=20,experts=[1,2]; c1:bw=23,experts=[1,2]
   11 | 0.01000 |   2.7180 |   18.21% |   18.21% |    0:50.92
      bandwidth/experts | c5:bw=15,experts=[2]; c2:bw=15,experts=[1]; c7:bw=24,experts=[1,2]; c3:bw=28,experts=[1,2]; c0:bw=16,experts=[2]; c8:bw=22,experts=[0,2]; c9:bw=18,experts=[2]; c6:bw=31,experts=[1,2,3]; c1:bw=22,experts=[1,2]; c4:bw=10,experts=[2]
   12 | 0.01000 |   3.0531 |   14.88% |   18.21% |    0:50.98
      bandwidth/experts | c1:bw=24,experts=[0,3]; c5:bw=31,experts=[0,1,2]; c2:bw=32,experts=[0,2,3]; c4:bw=16,experts=[0]; c3:bw=19,experts=[3]; c7:bw=16,experts=[3]; c9:bw=23,experts=[0,2]; c6:bw=16,experts=[0]; c8:bw=31,experts=[1,2,3]; c0:bw=27,experts=[1,2]
   13 | 0.01000 |   3.3871 |   13.82% |   18.21% |    0:50.71
      bandwidth/experts | c3:bw=17,experts=[0]; c1:bw=26,experts=[1,2]; c4:bw=10,experts=[3]; c5:bw=16,experts=[3]; c8:bw=10,experts=[2]; c6:bw=20,experts=[1,2]; c9:bw=10,experts=[3]; c7:bw=32,experts=[1,2,3]; c0:bw=14,experts=[3]; c2:bw=10,experts=[2]
   14 | 0.01000 |   3.3151 |   13.71% |   18.21% |    0:50.80
      bandwidth/experts | c2:bw=25,experts=[1,2]; c4:bw=10,experts=[1]; c5:bw=36,experts=[1,2,3]; c1:bw=21,experts=[1,2]; c7:bw=14,experts=[0]; c0:bw=14,experts=[0]; c9:bw=18,experts=[1]; c3:bw=25,experts=[1,2]; c8:bw=12,experts=[2]; c6:bw=37,experts=[1,2,3]
   15 | 0.01000 |   2.5634 |   17.56% |   18.21% |    0:50.73
      bandwidth/experts | c7:bw=33,experts=[1,2,3]; c0:bw=11,experts=[2]; c1:bw=10,experts=[2]; c8:bw=29,experts=[0,2]; c3:bw=10,experts=[2]; c2:bw=29,experts=[1,2]; c4:bw=26,experts=[1,2]; c5:bw=10,experts=[2]; c9:bw=11,experts=[2]; c6:bw=18,experts=[2]
   16 | 0.01000 |   2.8738 |   19.05% |   19.05% |    0:50.90
      bandwidth/experts | c6:bw=22,experts=[0,2]; c1:bw=16,experts=[0]; c3:bw=24,experts=[2,3]; c8:bw=27,experts=[1,3]; c7:bw=12,experts=[2]; c5:bw=22,experts=[0,2]; c4:bw=20,experts=[0,2]; c9:bw=13,experts=[0]; c0:bw=32,experts=[0,1,2]; c2:bw=29,experts=[0,3]
   17 | 0.01000 |   2.7341 |   19.51% |   19.51% |    0:51.05
      bandwidth/experts | c4:bw=32,experts=[1,2,3]; c7:bw=14,experts=[2]; c8:bw=10,experts=[2]; c3:bw=29,experts=[0,2]; c5:bw=10,experts=[2]; c1:bw=16,experts=[3]; c0:bw=10,experts=[3]; c2:bw=11,experts=[2]; c9:bw=21,experts=[2,3]; c6:bw=21,experts=[1,2]
   18 | 0.01000 |   2.8707 |   19.46% |   19.51% |    0:50.96
      bandwidth/experts | c1:bw=10,experts=[1]; c8:bw=10,experts=[2]; c5:bw=19,experts=[1]; c2:bw=21,experts=[1,2]; c9:bw=10,experts=[1]; c7:bw=30,experts=[0,1,2]; c4:bw=31,experts=[1,2,3]; c3:bw=21,experts=[1,2]; c0:bw=27,experts=[1,2]; c6:bw=17,experts=[3]
   19 | 0.01000 |   2.7539 |   20.01% |   20.01% |    0:51.00
      bandwidth/experts | c8:bw=31,experts=[0,1,2]; c0:bw=23,experts=[1,2]; c4:bw=28,experts=[1,2]; c1:bw=26,experts=[1,2]; c9:bw=21,experts=[1,2]; c5:bw=16,experts=[3]; c7:bw=12,experts=[3]; c2:bw=10,experts=[2]; c6:bw=36,experts=[1,2,3]; c3:bw=22,experts=[1,2]
   20 | 0.01000 |   3.0125 |   18.43% |   20.01% |    0:50.89
      bandwidth/experts | c0:bw=15,experts=[0]; c2:bw=23,experts=[0,3]; c1:bw=22,experts=[0,2]; c9:bw=10,experts=[0]; c7:bw=24,experts=[1,2]; c6:bw=38,experts=[0,1,2]; c3:bw=10,experts=[3]; c5:bw=10,experts=[0]; c4:bw=33,experts=[0,1,2]; c8:bw=28,experts=[2,3]
   21 | 0.01000 |   2.7265 |   19.94% |   20.01% |    0:50.81
      bandwidth/experts | c1:bw=23,experts=[2,3]; c2:bw=22,experts=[1,2]; c7:bw=10,experts=[2]; c4:bw=26,experts=[1,2]; c8:bw=10,experts=[2]; c5:bw=18,experts=[2]; c0:bw=37,experts=[1,2,3]; c3:bw=10,experts=[0]; c6:bw=10,experts=[2]; c9:bw=14,experts=[3]
   22 | 0.01000 |   2.5904 |   21.71% |   21.71% |    0:51.00
      bandwidth/experts | c7:bw=10,experts=[0]; c9:bw=18,experts=[2]; c1:bw=10,experts=[2]; c6:bw=34,experts=[1,2,3]; c5:bw=10,experts=[1]; c2:bw=37,experts=[1,2,3]; c0:bw=37,experts=[1,2,3]; c4:bw=20,experts=[2,3]; c3:bw=31,experts=[1,2,3]; c8:bw=18,experts=[2]
   23 | 0.01000 |   2.5625 |   23.81% |   23.81% |    0:50.92
      bandwidth/experts | c5:bw=29,experts=[2,3]; c7:bw=10,experts=[3]; c4:bw=31,experts=[1,2,3]; c6:bw=10,experts=[2]; c9:bw=28,experts=[1,2]; c8:bw=19,experts=[0]; c3:bw=10,experts=[2]; c1:bw=34,experts=[1,2,3]; c2:bw=18,experts=[2]; c0:bw=10,experts=[2]
   24 | 0.01000 |   3.1183 |   18.67% |   23.81% |    0:53.72
      bandwidth/experts | c6:bw=17,experts=[0]; c4:bw=10,experts=[0]; c7:bw=10,experts=[1]; c9:bw=28,experts=[0,2]; c2:bw=24,experts=[0,2]; c1:bw=10,experts=[0]; c5:bw=14,experts=[0]; c8:bw=10,experts=[1]; c3:bw=10,experts=[2]; c0:bw=17,experts=[0]
   25 | 0.01000 |   2.6643 |   19.33% |   23.81% |    0:54.47
      bandwidth/experts | c9:bw=22,experts=[2,3]; c6:bw=10,experts=[2]; c4:bw=32,experts=[1,2,3]; c3:bw=10,experts=[0]; c5:bw=35,experts=[1,2,3]; c1:bw=27,experts=[1,2]; c8:bw=30,experts=[1,2,3]; c2:bw=10,experts=[2]; c0:bw=31,experts=[1,2,3]; c7:bw=22,experts=[2,3]
   26 | 0.01000 |   2.8296 |   19.68% |   23.81% |    0:54.24
      bandwidth/experts | c3:bw=25,experts=[1,3]; c6:bw=19,experts=[1]; c9:bw=28,experts=[1,2]; c7:bw=17,experts=[0]; c1:bw=18,experts=[2]; c5:bw=11,experts=[2]; c2:bw=17,experts=[1]; c8:bw=30,experts=[0,1,2]; c0:bw=10,experts=[2]; c4:bw=26,experts=[1,2]
   27 | 0.01000 |   2.4351 |   23.49% |   23.81% |    0:54.17
      bandwidth/experts | c7:bw=29,experts=[1,2]; c1:bw=34,experts=[1,2,3]; c4:bw=10,experts=[2]; c0:bw=20,experts=[1,2]; c9:bw=10,experts=[2]; c2:bw=11,experts=[3]; c8:bw=31,experts=[1,2,3]; c3:bw=12,experts=[2]; c6:bw=35,experts=[1,2,3]; c5:bw=20,experts=[1,2]
   28 | 0.01000 |   2.7428 |   22.49% |   23.81% |    0:54.15
      bandwidth/experts | c6:bw=16,experts=[0]; c9:bw=27,experts=[0,2]; c0:bw=26,experts=[0,2]; c8:bw=16,experts=[2]; c2:bw=10,experts=[0]; c5:bw=18,experts=[0]; c1:bw=14,experts=[0]; c3:bw=10,experts=[2]; c4:bw=10,experts=[0]; c7:bw=10,experts=[2]
   29 | 0.01000 |   2.8577 |   20.79% |   23.81% |    0:54.09
      bandwidth/experts | c4:bw=21,experts=[2,3]; c0:bw=24,experts=[2,3]; c1:bw=18,experts=[2]; c9:bw=24,experts=[2,3]; c6:bw=24,experts=[1,2]; c8:bw=19,experts=[2]; c7:bw=12,experts=[3]; c3:bw=18,experts=[0]; c2:bw=10,experts=[2]; c5:bw=19,experts=[3]
   30 | 0.01000 |   2.5601 |   23.48% |   23.81% |    0:54.19
      bandwidth/experts | c5:bw=34,experts=[0,1,2]; c1:bw=20,experts=[1,2]; c9:bw=30,experts=[1,2,3]; c4:bw=29,experts=[1,2]; c0:bw=10,experts=[2]; c8:bw=23,experts=[0,2]; c6:bw=10,experts=[2]; c7:bw=10,experts=[0]; c3:bw=33,experts=[1,2,3]; c2:bw=15,experts=[1]
   31 | 0.01000 |   2.6609 |   23.52% |   23.81% |    0:54.13
      bandwidth/experts | c6:bw=16,experts=[3]; c4:bw=11,experts=[2]; c9:bw=25,experts=[1,2]; c1:bw=17,experts=[3]; c5:bw=34,experts=[0,1,2]; c8:bw=18,experts=[1]; c3:bw=13,experts=[2]; c2:bw=10,experts=[3]; c0:bw=26,experts=[1,2]; c7:bw=35,experts=[0,1,2]
   32 | 0.01000 |   2.8709 |   22.28% |   23.81% |    0:54.11
      bandwidth/experts | c8:bw=12,experts=[3]; c5:bw=20,experts=[1,2]; c4:bw=27,experts=[0,2]; c7:bw=26,experts=[1,2]; c0:bw=25,experts=[0,2]; c1:bw=12,experts=[0]; c3:bw=16,experts=[2]; c6:bw=15,experts=[0]; c2:bw=30,experts=[0,1,2]; c9:bw=17,experts=[0]
   33 | 0.01000 |   2.3464 |   26.30% |   26.30% |    0:54.40
      bandwidth/experts | c7:bw=29,experts=[2,3]; c1:bw=19,experts=[2]; c3:bw=39,experts=[0,1,2]; c6:bw=20,experts=[1,2]; c5:bw=16,experts=[3]; c9:bw=23,experts=[1,2]; c2:bw=13,experts=[2]; c8:bw=28,experts=[1,2]; c4:bw=25,experts=[2,3]; c0:bw=35,experts=[1,2,3]
   34 | 0.01000 |   2.1145 |   29.01% |   29.01% |    0:54.34
      bandwidth/experts | c4:bw=26,experts=[1,2]; c1:bw=26,experts=[1,2]; c6:bw=27,experts=[1,2]; c9:bw=38,experts=[1,2,3]; c8:bw=23,experts=[0,2]; c0:bw=12,experts=[2]; c5:bw=33,experts=[0,1,2]; c7:bw=18,experts=[2]; c3:bw=40,experts=[0,1,2,3]; c2:bw=30,experts=[0,1,2]
   35 | 0.01000 |   2.1545 |   29.75% |   29.75% |    0:54.19
      bandwidth/experts | c4:bw=18,experts=[2]; c0:bw=11,experts=[2]; c1:bw=17,experts=[3]; c6:bw=24,experts=[2,3]; c2:bw=25,experts=[2,3]; c8:bw=28,experts=[1,2]; c9:bw=15,experts=[2]; c7:bw=27,experts=[0,2]; c5:bw=23,experts=[1,2]; c3:bw=13,experts=[2]
   36 | 0.01000 |   2.2690 |   29.37% |   29.75% |    0:54.75
      bandwidth/experts | c9:bw=21,experts=[0,2]; c0:bw=20,experts=[0,2]; c3:bw=33,experts=[0,1,2]; c7:bw=15,experts=[1]; c6:bw=24,experts=[0,2]; c5:bw=27,experts=[1,2]; c1:bw=10,experts=[0]; c4:bw=40,experts=[0,1,2,3]; c8:bw=28,experts=[2,3]; c2:bw=28,experts=[1,2]
   37 | 0.01000 |   2.0503 |   31.43% |   31.43% |    0:54.04
      bandwidth/experts | c1:bw=10,experts=[2]; c5:bw=22,experts=[2,3]; c2:bw=20,experts=[1,2]; c6:bw=36,experts=[0,1,2]; c4:bw=22,experts=[1,2]; c7:bw=23,experts=[2,3]; c9:bw=22,experts=[1,2]; c0:bw=30,experts=[1,2,3]; c3:bw=20,experts=[1,2]; c8:bw=10,experts=[2]
   38 | 0.01000 |   2.3348 |   30.37% |   31.43% |    0:54.09
      bandwidth/experts | c8:bw=25,experts=[0,2]; c6:bw=10,experts=[2]; c4:bw=29,experts=[1,2]; c1:bw=17,experts=[1]; c5:bw=10,experts=[0]; c2:bw=10,experts=[0]; c3:bw=21,experts=[2,3]; c7:bw=28,experts=[1,2]; c9:bw=14,experts=[3]; c0:bw=22,experts=[1,2]
   39 | 0.01000 |   2.1784 |   31.17% |   31.43% |    0:54.16
      bandwidth/experts | c3:bw=14,experts=[2]; c0:bw=10,experts=[2]; c1:bw=25,experts=[2,3]; c7:bw=22,experts=[0,2]; c6:bw=17,experts=[3]; c8:bw=25,experts=[1,2]; c2:bw=20,experts=[2,3]; c4:bw=20,experts=[1,2]; c9:bw=13,experts=[2]; c5:bw=40,experts=[0,1,2,3]
   40 | 0.01000 |   2.2977 |   28.58% |   31.43% |    0:53.92
      bandwidth/experts | c8:bw=14,experts=[3]; c1:bw=23,experts=[0,2]; c5:bw=18,experts=[2]; c6:bw=26,experts=[1,2]; c2:bw=36,experts=[0,1,2]; c7:bw=37,experts=[0,1,2]; c3:bw=10,experts=[0]; c4:bw=11,experts=[0]; c9:bw=22,experts=[0,2]; c0:bw=20,experts=[0,2]
   41 | 0.01000 |   2.3288 |   29.59% |   31.43% |    0:53.94
      bandwidth/experts | c2:bw=30,experts=[0,1,2]; c6:bw=10,experts=[0]; c8:bw=31,experts=[0,1,2]; c1:bw=10,experts=[2]; c4:bw=28,experts=[2,3]; c5:bw=34,experts=[0,1,2]; c7:bw=38,experts=[1,2,3]; c3:bw=22,experts=[1,2]; c9:bw=30,experts=[1,2,3]; c0:bw=10,experts=[3]
   42 | 0.01000 |   2.1676 |   30.70% |   31.43% |    0:53.87
      bandwidth/experts | c5:bw=28,experts=[1,2]; c1:bw=27,experts=[1,2]; c3:bw=27,experts=[2,3]; c9:bw=28,experts=[1,2]; c6:bw=19,experts=[2]; c0:bw=10,experts=[1]; c7:bw=11,experts=[2]; c4:bw=30,experts=[0,1,2]; c8:bw=23,experts=[1,2]; c2:bw=22,experts=[1,2]
   43 | 0.01000 |   2.0761 |   32.19% |   32.19% |    0:53.81
      bandwidth/experts | c5:bw=29,experts=[2,3]; c1:bw=32,experts=[1,2,3]; c2:bw=28,experts=[2,3]; c8:bw=25,experts=[1,2]; c9:bw=18,experts=[2]; c7:bw=12,experts=[2]; c4:bw=19,experts=[2]; c6:bw=10,experts=[3]; c3:bw=36,experts=[0,1,2]; c0:bw=12,experts=[2]
   44 | 0.01000 |   2.1970 |   33.33% |   33.33% |    0:54.26
      bandwidth/experts | c0:bw=37,experts=[0,1,2]; c3:bw=26,experts=[1,2]; c4:bw=16,experts=[2]; c2:bw=20,experts=[1,2]; c7:bw=40,experts=[0,1,2,3]; c5:bw=13,experts=[2]; c6:bw=11,experts=[1]; c9:bw=21,experts=[0,2]; c8:bw=19,experts=[3]; c1:bw=25,experts=[0,2]
   45 | 0.01000 |   2.2474 |   31.72% |   33.33% |    0:54.03
      bandwidth/experts | c8:bw=31,experts=[0,1,2]; c0:bw=20,experts=[2,3]; c3:bw=37,experts=[0,1,2]; c4:bw=36,experts=[1,2,3]; c7:bw=20,experts=[1,2]; c2:bw=27,experts=[0,2]; c9:bw=14,experts=[3]; c6:bw=10,experts=[0]; c5:bw=25,experts=[0,2]; c1:bw=31,experts=[0,1,2]
   46 | 0.01000 |   2.0556 |   33.86% |   33.86% |    0:53.98
      bandwidth/experts | c9:bw=20,experts=[1,2]; c3:bw=15,experts=[3]; c6:bw=21,experts=[1,2]; c1:bw=23,experts=[1,2]; c4:bw=35,experts=[0,1,2]; c5:bw=23,experts=[1,2]; c2:bw=32,experts=[0,1,2]; c8:bw=22,experts=[1,2]; c0:bw=30,experts=[0,1,2]; c7:bw=16,experts=[2]
   47 | 0.01000 |   2.1313 |   33.77% |   33.86% |    0:53.83
      bandwidth/experts | c5:bw=29,experts=[2,3]; c6:bw=12,experts=[3]; c7:bw=29,experts=[1,2]; c9:bw=10,experts=[2]; c8:bw=22,experts=[1,2]; c3:bw=39,experts=[0,1,2]; c4:bw=10,experts=[2]; c0:bw=25,experts=[1,2]; c1:bw=17,experts=[3]; c2:bw=30,experts=[1,2,3]
   48 | 0.01000 |   1.9268 |   35.07% |   35.07% |    0:54.07
      bandwidth/experts | c1:bw=28,experts=[1,2]; c8:bw=28,experts=[2,3]; c4:bw=37,experts=[0,1,2]; c2:bw=31,experts=[0,1,2]; c9:bw=29,experts=[0,2]; c6:bw=25,experts=[1,2]; c5:bw=31,experts=[0,1,2]; c7:bw=35,experts=[0,2,3]; c0:bw=10,experts=[2]; c3:bw=10,experts=[2]
   49 | 0.01000 |   2.1556 |   35.12% |   35.12% |    0:54.23
      bandwidth/experts | c4:bw=27,experts=[2,3]; c3:bw=18,experts=[2]; c8:bw=15,experts=[0]; c0:bw=11,experts=[3]; c2:bw=32,experts=[0,1,2]; c5:bw=31,experts=[0,1,2]; c6:bw=10,experts=[0]; c7:bw=24,experts=[1,2]; c9:bw=29,experts=[2,3]; c1:bw=30,experts=[0,1,2]
   50 | 0.01000 |   2.2165 |   33.92% |   35.12% |    0:53.98
      bandwidth/experts | c8:bw=18,experts=[2]; c4:bw=10,experts=[2]; c7:bw=19,experts=[2]; c6:bw=38,experts=[0,1,2]; c2:bw=35,experts=[0,1,2]; c1:bw=36,experts=[0,1,2]; c3:bw=22,experts=[2,3]; c0:bw=16,experts=[0]; c9:bw=15,experts=[1]; c5:bw=17,experts=[2]
   51 | 0.01000 |   2.1151 |   34.88% |   35.12% |    0:54.28
      bandwidth/experts | c5:bw=26,experts=[2,3]; c0:bw=30,experts=[0,1,2]; c1:bw=12,experts=[3]; c2:bw=11,experts=[3]; c8:bw=26,experts=[1,2]; c6:bw=29,experts=[2,3]; c9:bw=10,experts=[2]; c3:bw=31,experts=[0,1,2]; c4:bw=10,experts=[2]; c7:bw=15,experts=[2]
   52 | 0.01000 |   2.3279 |   32.12% |   35.12% |    0:54.02
      bandwidth/experts | c0:bw=26,experts=[1,2]; c8:bw=10,experts=[3]; c5:bw=13,experts=[2]; c7:bw=19,experts=[0]; c1:bw=22,experts=[1,2]; c4:bw=18,experts=[0]; c9:bw=17,experts=[0]; c6:bw=28,experts=[1,2]; c2:bw=16,experts=[2]; c3:bw=24,experts=[1,2]
   53 | 0.01000 |   2.6528 |   30.05% |   35.12% |    0:54.20
      bandwidth/experts | c8:bw=12,experts=[0]; c4:bw=16,experts=[1]; c5:bw=24,experts=[0,1]; c1:bw=33,experts=[0,1,2]; c3:bw=26,experts=[1,2]; c9:bw=34,experts=[1,2,3]; c6:bw=20,experts=[1,2]; c7:bw=24,experts=[1,3]; c0:bw=21,experts=[2,3]; c2:bw=29,experts=[1,2]
   54 | 0.01000 |   2.5201 |   26.81% |   35.12% |    0:53.96
      bandwidth/experts | c2:bw=10,experts=[0]; c1:bw=29,experts=[1,2]; c8:bw=31,experts=[0,1,2]; c7:bw=34,experts=[1,2,3]; c3:bw=17,experts=[3]; c0:bw=20,experts=[1,2]; c6:bw=30,experts=[0,1,2]; c5:bw=10,experts=[2]; c9:bw=28,experts=[1,2]; c4:bw=18,experts=[3]
   55 | 0.01000 |   2.1033 |   31.54% |   35.12% |    0:54.29
      bandwidth/experts | c7:bw=30,experts=[0,1,2]; c2:bw=23,experts=[2,3]; c4:bw=10,experts=[2]; c3:bw=29,experts=[0,2]; c8:bw=10,experts=[2]; c5:bw=29,experts=[2,3]; c1:bw=33,experts=[1,2,3]; c6:bw=23,experts=[2,3]; c0:bw=15,experts=[0]; c9:bw=34,experts=[0,1,2]
   56 | 0.01000 |   2.0957 |   32.61% |   35.12% |    0:54.10
      bandwidth/experts | c9:bw=29,experts=[1,2]; c1:bw=31,experts=[0,1,2]; c3:bw=10,experts=[2]; c2:bw=29,experts=[0,2]; c5:bw=17,experts=[2]; c4:bw=10,experts=[0]; c8:bw=10,experts=[3]; c7:bw=10,experts=[2]; c6:bw=13,experts=[2]; c0:bw=39,experts=[0,1,2]
   57 | 0.01000 |   2.2372 |   34.39% |   35.12% |    0:54.43
      bandwidth/experts | c3:bw=35,experts=[0,1,2]; c8:bw=24,experts=[1,2]; c6:bw=27,experts=[1,2]; c1:bw=27,experts=[1,2]; c7:bw=38,experts=[0,1,2]; c0:bw=39,experts=[1,2,3]; c5:bw=24,experts=[0,1]; c4:bw=23,experts=[1,2]; c2:bw=18,experts=[1]; c9:bw=11,experts=[3]
   58 | 0.01000 |   2.0255 |   33.65% |   35.12% |    0:54.30
      bandwidth/experts | c7:bw=13,experts=[3]; c2:bw=10,experts=[2]; c9:bw=32,experts=[0,1,2]; c6:bw=30,experts=[0,1,2]; c5:bw=19,experts=[2]; c1:bw=17,experts=[2]; c8:bw=22,experts=[0,2]; c4:bw=21,experts=[2,3]; c3:bw=34,experts=[1,2,3]; c0:bw=26,experts=[1,2]
   59 | 0.01000 |   2.0238 |   36.47% |   36.47% |    0:54.32
      bandwidth/experts | c2:bw=20,experts=[2,3]; c8:bw=31,experts=[0,1,2]; c9:bw=15,experts=[2]; c6:bw=11,experts=[3]; c1:bw=36,experts=[1,2,3]; c4:bw=14,experts=[2]; c7:bw=15,experts=[2]; c5:bw=18,experts=[3]; c0:bw=29,experts=[1,2]; c3:bw=20,experts=[1,2]
   60 | 0.01000 |   2.1949 |   34.60% |   36.47% |    0:54.47
      bandwidth/experts | c0:bw=29,experts=[0,2]; c7:bw=26,experts=[1,2]; c4:bw=17,experts=[0]; c2:bw=17,experts=[0]; c5:bw=18,experts=[2]; c8:bw=14,experts=[3]; c6:bw=33,experts=[0,1,2]; c9:bw=10,experts=[2]; c1:bw=30,experts=[0,1,2]; c3:bw=24,experts=[1,2]
   61 | 0.01000 |   2.1662 |   35.64% |   36.47% |    0:54.30
      bandwidth/experts | c5:bw=27,experts=[0,1]; c6:bw=21,experts=[1,2]; c2:bw=16,experts=[1]; c9:bw=21,experts=[2,3]; c1:bw=19,experts=[2]; c3:bw=24,experts=[0,2]; c8:bw=31,experts=[1,2,3]; c4:bw=21,experts=[1,2]; c7:bw=24,experts=[0,2]; c0:bw=33,experts=[1,2,3]
   62 | 0.01000 |   1.9676 |   36.42% |   36.47% |    0:54.18
      bandwidth/experts | c8:bw=10,experts=[2]; c6:bw=35,experts=[0,1,2]; c9:bw=10,experts=[0]; c4:bw=33,experts=[1,2,3]; c5:bw=37,experts=[0,1,2]; c0:bw=16,experts=[2]; c3:bw=29,experts=[2,3]; c2:bw=23,experts=[1,2]; c1:bw=40,experts=[0,1,2,3]; c7:bw=25,experts=[2,3]
   63 | 0.01000 |   2.3048 |   34.85% |   36.47% |    0:53.97
      bandwidth/experts | c5:bw=10,experts=[3]; c9:bw=12,experts=[1]; c6:bw=19,experts=[3]; c3:bw=29,experts=[0,2]; c8:bw=18,experts=[0]; c1:bw=28,experts=[1,2]; c7:bw=38,experts=[0,1,2]; c0:bw=23,experts=[1,2]; c2:bw=15,experts=[3]; c4:bw=29,experts=[1,2]
   64 | 0.01000 |   2.0965 |   34.74% |   36.47% |    0:54.13
      bandwidth/experts | c6:bw=28,experts=[1,2]; c4:bw=21,experts=[0,2]; c5:bw=13,experts=[2]; c3:bw=21,experts=[1,2]; c7:bw=19,experts=[2]; c0:bw=18,experts=[0]; c8:bw=30,experts=[0,1,2]; c9:bw=33,experts=[0,1,2]; c2:bw=31,experts=[0,1,2]; c1:bw=16,experts=[2]
   65 | 0.01000 |   1.8118 |   36.37% |   36.47% |    0:54.39
      bandwidth/experts | c7:bw=10,experts=[2]; c5:bw=16,experts=[2]; c4:bw=32,experts=[0,1,2]; c6:bw=28,experts=[1,2]; c8:bw=37,experts=[1,2,3]; c3:bw=24,experts=[1,2]; c0:bw=23,experts=[2,3]; c2:bw=16,experts=[2]; c1:bw=32,experts=[0,1,2]; c9:bw=26,experts=[2,3]
   66 | 0.01000 |   1.9362 |   39.11% |   39.11% |    0:54.30
      bandwidth/experts | c2:bw=23,experts=[1,2]; c5:bw=10,experts=[0]; c1:bw=30,experts=[1,2,3]; c8:bw=13,experts=[2]; c9:bw=17,experts=[2]; c6:bw=16,experts=[0]; c4:bw=23,experts=[2,3]; c0:bw=21,experts=[1,2]; c3:bw=37,experts=[0,2,3]; c7:bw=28,experts=[2,3]
   67 | 0.01000 |   1.9295 |   38.64% |   39.11% |    0:54.34
      bandwidth/experts | c4:bw=28,experts=[1,2]; c5:bw=27,experts=[1,3]; c1:bw=20,experts=[1,2]; c3:bw=14,experts=[2]; c6:bw=29,experts=[2,3]; c0:bw=18,experts=[2]; c2:bw=24,experts=[2,3]; c9:bw=33,experts=[0,1,2]; c7:bw=33,experts=[0,1,2]; c8:bw=10,experts=[2]
   68 | 0.01000 |   1.9835 |   39.44% |   39.44% |    0:54.05
      bandwidth/experts | c1:bw=23,experts=[1,2]; c8:bw=17,experts=[0]; c2:bw=32,experts=[0,1,2]; c0:bw=17,experts=[0]; c3:bw=14,experts=[2]; c4:bw=27,experts=[0,2]; c5:bw=25,experts=[1,2]; c9:bw=10,experts=[2]; c7:bw=15,experts=[2]; c6:bw=18,experts=[2]
   69 | 0.01000 |   2.1253 |   38.77% |   39.44% |    0:54.03
      bandwidth/experts | c3:bw=23,experts=[1,2]; c7:bw=32,experts=[0,1,2]; c1:bw=17,experts=[0]; c4:bw=23,experts=[1,2]; c9:bw=20,experts=[2,3]; c5:bw=22,experts=[0,2]; c0:bw=29,experts=[2,3]; c2:bw=37,experts=[0,1,2]; c8:bw=23,experts=[1,3]; c6:bw=15,experts=[1]
   70 | 0.01000 |   2.5881 |   31.76% |   39.44% |    0:54.15
      bandwidth/experts | c1:bw=13,experts=[3]; c9:bw=10,experts=[2]; c7:bw=16,experts=[3]; c3:bw=18,experts=[0]; c0:bw=17,experts=[1]; c6:bw=14,experts=[0]; c2:bw=31,experts=[0,1,2]; c4:bw=32,experts=[1,2,3]; c5:bw=13,experts=[2]; c8:bw=27,experts=[1,2]
   71 | 0.01000 |   2.2492 |   34.02% |   39.44% |    0:54.22
      bandwidth/experts | c4:bw=24,experts=[1,2]; c0:bw=10,experts=[2]; c1:bw=29,experts=[1,2]; c9:bw=22,experts=[0,1]; c7:bw=11,experts=[2]; c5:bw=19,experts=[3]; c3:bw=34,experts=[1,2,3]; c6:bw=28,experts=[2,3]; c8:bw=21,experts=[1,2]; c2:bw=34,experts=[1,2,3]
   72 | 0.01000 |   1.9265 |   37.56% |   39.44% |    0:54.52
      bandwidth/experts | c8:bw=16,experts=[0]; c1:bw=22,experts=[1,2]; c5:bw=24,experts=[1,2]; c7:bw=27,experts=[0,2]; c6:bw=11,experts=[2]; c0:bw=29,experts=[0,2]; c3:bw=13,experts=[2]; c2:bw=13,experts=[2]; c9:bw=21,experts=[1,2]; c4:bw=22,experts=[0,2]
   73 | 0.01000 |   2.2087 |   36.96% |   39.44% |    0:54.42
      bandwidth/experts | c2:bw=26,experts=[1,2]; c8:bw=10,experts=[3]; c3:bw=22,experts=[2,3]; c1:bw=37,experts=[0,1,2]; c5:bw=10,experts=[0]; c9:bw=29,experts=[2,3]; c0:bw=16,experts=[3]; c7:bw=20,experts=[1,2]; c6:bw=11,experts=[1]; c4:bw=23,experts=[1,2]
   74 | 0.01000 |   2.5404 |   31.18% |   39.44% |    0:54.39
      bandwidth/experts | c3:bw=10,experts=[0]; c0:bw=22,experts=[1,2]; c1:bw=15,experts=[3]; c5:bw=28,experts=[1,2]; c7:bw=36,experts=[1,2,3]; c8:bw=16,experts=[2]; c6:bw=10,experts=[0]; c2:bw=10,experts=[0]; c4:bw=26,experts=[2,3]; c9:bw=18,experts=[2]
   75 | 0.01000 |   2.2011 |   34.81% |   39.44% |    0:54.42
      bandwidth/experts | c2:bw=22,experts=[2,3]; c9:bw=34,experts=[0,1,2]; c1:bw=30,experts=[1,2,3]; c3:bw=11,experts=[1]; c7:bw=16,experts=[2]; c6:bw=31,experts=[1,2,3]; c5:bw=17,experts=[3]; c4:bw=31,experts=[1,2,3]; c0:bw=34,experts=[1,2,3]; c8:bw=30,experts=[1,2,3]
   76 | 0.01000 |   2.0620 |   37.49% |   39.44% |    0:54.39
      bandwidth/experts | c8:bw=16,experts=[0]; c5:bw=21,experts=[0,2]; c0:bw=17,experts=[0]; c3:bw=10,experts=[2]; c2:bw=14,experts=[2]; c6:bw=13,experts=[2]; c7:bw=37,experts=[0,1,2]; c4:bw=34,experts=[0,1,2]; c9:bw=32,experts=[1,2,3]; c1:bw=30,experts=[0,1,2]
   77 | 0.01000 |   1.8799 |   38.42% |   39.44% |    0:54.24
      bandwidth/experts | c9:bw=16,experts=[2]; c2:bw=19,experts=[1]; c1:bw=35,experts=[0,1,2]; c8:bw=10,experts=[2]; c4:bw=10,experts=[2]; c7:bw=10,experts=[2]; c6:bw=32,experts=[0,1,2]; c0:bw=35,experts=[0,1,2]; c3:bw=22,experts=[2,3]; c5:bw=33,experts=[0,1,2]
   78 | 0.01000 |   1.8381 |   40.45% |   40.45% |    0:54.58
      bandwidth/experts | c0:bw=15,experts=[2]; c4:bw=13,experts=[2]; c3:bw=21,experts=[0,2]; c7:bw=20,experts=[2,3]; c8:bw=30,experts=[0,1,2]; c1:bw=23,experts=[1,2]; c9:bw=17,experts=[2]; c6:bw=32,experts=[0,1,2]; c5:bw=35,experts=[0,1,2]; c2:bw=19,experts=[0]
   79 | 0.01000 |   2.0683 |   37.72% |   40.45% |    0:54.61
      bandwidth/experts | c6:bw=12,experts=[3]; c9:bw=10,experts=[0]; c0:bw=20,experts=[2,3]; c4:bw=40,experts=[0,1,2,3]; c7:bw=25,experts=[1,2]; c8:bw=25,experts=[2,3]; c5:bw=29,experts=[2,3]; c3:bw=15,experts=[1]; c1:bw=21,experts=[2,3]; c2:bw=18,experts=[3]
   80 | 0.01000 |   1.9342 |   37.88% |   40.45% |    0:54.71
      bandwidth/experts | c5:bw=36,experts=[0,1,2]; c9:bw=29,experts=[1,3]; c7:bw=26,experts=[0,2]; c1:bw=17,experts=[2]; c3:bw=17,experts=[2]; c4:bw=32,experts=[1,2,3]; c2:bw=24,experts=[0,2]; c0:bw=26,experts=[1,2]; c6:bw=22,experts=[1,2]; c8:bw=28,experts=[1,2]
   81 | 0.01000 |   1.7041 |   40.77% |   40.77% |    0:54.66
      bandwidth/experts | c6:bw=29,experts=[1,2]; c2:bw=25,experts=[1,2]; c3:bw=37,experts=[1,2,3]; c1:bw=27,experts=[0,2]; c4:bw=23,experts=[0,2]; c5:bw=17,experts=[2]; c9:bw=15,experts=[2]; c7:bw=32,experts=[0,1,2]; c8:bw=26,experts=[1,2]; c0:bw=28,experts=[0,2]
   82 | 0.01000 |   1.6790 |   42.92% |   42.92% |    0:54.67
      bandwidth/experts | c1:bw=36,experts=[0,1,2]; c0:bw=17,experts=[2]; c6:bw=20,experts=[0,2]; c8:bw=32,experts=[0,1,2]; c7:bw=22,experts=[2,3]; c3:bw=22,experts=[0,2]; c2:bw=16,experts=[2]; c9:bw=31,experts=[1,2,3]; c5:bw=22,experts=[0,2]; c4:bw=16,experts=[2]
   83 | 0.01000 |   1.8013 |   43.62% |   43.62% |    0:54.46
      bandwidth/experts | c9:bw=29,experts=[0,2]; c4:bw=10,experts=[2]; c2:bw=23,experts=[2,3]; c7:bw=21,experts=[1,2]; c5:bw=10,experts=[3]; c0:bw=10,experts=[3]; c6:bw=29,experts=[2,3]; c1:bw=35,experts=[1,2,3]; c8:bw=22,experts=[2,3]; c3:bw=24,experts=[0,2]
   84 | 0.01000 |   2.0127 |   41.66% |   43.62% |    0:54.63
      bandwidth/experts | c8:bw=37,experts=[1,2,3]; c3:bw=18,experts=[2]; c1:bw=32,experts=[0,1,2]; c6:bw=10,experts=[2]; c9:bw=11,experts=[2]; c2:bw=20,experts=[0,2]; c7:bw=26,experts=[1,2]; c5:bw=11,experts=[1]; c4:bw=15,experts=[1]; c0:bw=10,experts=[1]
   85 | 0.01000 |   2.1993 |   35.48% |   43.62% |    0:54.48
      bandwidth/experts | c0:bw=21,experts=[0,2]; c2:bw=25,experts=[1,2]; c8:bw=39,experts=[1,2,3]; c6:bw=23,experts=[1,2]; c1:bw=31,experts=[0,1,2]; c4:bw=23,experts=[0,3]; c9:bw=32,experts=[1,2,3]; c3:bw=28,experts=[1,3]; c5:bw=10,experts=[2]; c7:bw=10,experts=[0]
   86 | 0.01000 |   1.8907 |   40.54% |   43.62% |    0:54.34
      bandwidth/experts | c5:bw=26,experts=[0,2]; c8:bw=15,experts=[0]; c2:bw=13,experts=[2]; c6:bw=31,experts=[0,1,2]; c0:bw=17,experts=[2]; c4:bw=10,experts=[2]; c7:bw=24,experts=[2,3]; c3:bw=15,experts=[2]; c1:bw=40,experts=[0,1,2,3]; c9:bw=24,experts=[1,2]
   87 | 0.01000 |   1.8846 |   41.41% |   43.62% |    0:54.58
      bandwidth/experts | c1:bw=16,experts=[2]; c2:bw=37,experts=[1,2,3]; c7:bw=12,experts=[2]; c5:bw=10,experts=[3]; c6:bw=33,experts=[1,2,3]; c3:bw=38,experts=[0,1,2]; c4:bw=19,experts=[2]; c9:bw=21,experts=[0,2]; c8:bw=26,experts=[1,2]; c0:bw=19,experts=[3]
   88 | 0.01000 |   1.8339 |   40.89% |   43.62% |    0:54.52
      bandwidth/experts | c8:bw=24,experts=[1,2]; c6:bw=15,experts=[2]; c3:bw=18,experts=[2]; c7:bw=23,experts=[1,2]; c0:bw=34,experts=[1,2,3]; c4:bw=21,experts=[1,2]; c9:bw=17,experts=[2]; c1:bw=16,experts=[2]; c5:bw=17,experts=[1]; c2:bw=25,experts=[0,2]
   89 | 0.01000 |   2.0630 |   37.72% |   43.62% |    0:54.49
      bandwidth/experts | c3:bw=17,experts=[3]; c8:bw=40,experts=[0,1,2,3]; c2:bw=25,experts=[1,2]; c9:bw=34,experts=[1,2,3]; c7:bw=12,experts=[0]; c5:bw=25,experts=[1,2]; c0:bw=10,experts=[0]; c6:bw=18,experts=[2]; c4:bw=17,experts=[0]; c1:bw=23,experts=[1,2]
   90 | 0.01000 |   2.2300 |   36.48% |   43.62% |    0:54.62
      bandwidth/experts | c7:bw=40,experts=[0,1,2,3]; c1:bw=17,experts=[0]; c3:bw=20,experts=[1,2]; c9:bw=35,experts=[0,1,2]; c0:bw=35,experts=[1,2,3]; c6:bw=14,experts=[0]; c2:bw=12,experts=[2]; c5:bw=15,experts=[0]; c8:bw=28,experts=[1,2]; c4:bw=20,experts=[2,3]
   91 | 0.01000 |   2.0745 |   37.19% |   43.62% |    0:54.70
      bandwidth/experts | c1:bw=28,experts=[2,3]; c9:bw=19,experts=[2]; c5:bw=29,experts=[2,3]; c7:bw=29,experts=[1,2]; c3:bw=22,experts=[0,2]; c4:bw=30,experts=[1,2,3]; c0:bw=12,experts=[2]; c6:bw=16,experts=[1]; c2:bw=10,experts=[3]; c8:bw=13,experts=[2]
   92 | 0.01000 |   1.8292 |   40.86% |   43.62% |    0:54.68
      bandwidth/experts | c3:bw=16,experts=[2]; c7:bw=19,experts=[2]; c1:bw=11,experts=[2]; c0:bw=16,experts=[2]; c8:bw=11,experts=[2]; c6:bw=25,experts=[2,3]; c9:bw=31,experts=[1,2,3]; c2:bw=14,experts=[0]; c5:bw=37,experts=[0,1,2]; c4:bw=15,experts=[2]
   93 | 0.01000 |   2.0195 |   38.13% |   43.62% |    0:54.51
      bandwidth/experts | c1:bw=26,experts=[1,2]; c3:bw=17,experts=[3]; c7:bw=12,experts=[2]; c9:bw=32,experts=[1,2,3]; c6:bw=12,experts=[2]; c8:bw=10,experts=[0]; c5:bw=10,experts=[2]; c4:bw=18,experts=[0]; c0:bw=10,experts=[0]; c2:bw=28,experts=[1,2]
   94 | 0.01000 |   2.4750 |   34.40% |   43.62% |    0:54.57
      bandwidth/experts | c7:bw=25,experts=[0,3]; c2:bw=36,experts=[0,1,2]; c5:bw=23,experts=[1,2]; c4:bw=17,experts=[2]; c6:bw=17,experts=[0]; c9:bw=28,experts=[0,2]; c1:bw=39,experts=[0,1,2]; c8:bw=10,experts=[3]; c0:bw=31,experts=[1,2,3]; c3:bw=19,experts=[1]
   95 | 0.01000 |   2.4602 |   35.20% |   43.62% |    0:54.30
      bandwidth/experts | c7:bw=33,experts=[0,1,2]; c9:bw=23,experts=[1,2]; c4:bw=10,experts=[1]; c6:bw=22,experts=[1,2]; c0:bw=19,experts=[2]; c3:bw=23,experts=[0,2]; c1:bw=17,experts=[3]; c8:bw=40,experts=[0,1,2,3]; c2:bw=13,experts=[3]; c5:bw=10,experts=[3]
   96 | 0.01000 |   1.9430 |   36.90% |   43.62% |    0:54.58
      bandwidth/experts | c2:bw=36,experts=[0,1,2]; c9:bw=25,experts=[1,2]; c3:bw=25,experts=[1,2]; c1:bw=20,experts=[1,2]; c5:bw=33,experts=[0,1,2]; c4:bw=27,experts=[2,3]; c6:bw=17,experts=[3]; c7:bw=28,experts=[1,2]; c0:bw=20,experts=[1,2]; c8:bw=36,experts=[1,2,3]
   97 | 0.01000 |   1.9038 |   38.43% |   43.62% |    0:54.40
      bandwidth/experts | c0:bw=23,experts=[0,2]; c9:bw=24,experts=[2,3]; c8:bw=24,experts=[1,2]; c4:bw=10,experts=[0]; c7:bw=17,experts=[2]; c1:bw=28,experts=[1,2]; c3:bw=19,experts=[3]; c5:bw=26,experts=[1,2]; c6:bw=28,experts=[1,2]; c2:bw=30,experts=[0,1,2]
   98 | 0.01000 |   2.2314 |   36.43% |   43.62% |    0:54.78
      bandwidth/experts | c4:bw=29,experts=[1,2]; c8:bw=30,experts=[1,2,3]; c9:bw=15,experts=[0]; c7:bw=13,experts=[3]; c6:bw=20,experts=[0,2]; c5:bw=27,experts=[1,2]; c0:bw=19,experts=[3]; c3:bw=14,experts=[2]; c1:bw=15,experts=[0]; c2:bw=13,experts=[2]
   99 | 0.01000 |   2.0129 |   38.80% |   43.62% |    0:56.23
      bandwidth/experts | c8:bw=19,experts=[0]; c5:bw=27,experts=[2,3]; c7:bw=25,experts=[0,2]; c1:bw=33,experts=[1,2,3]; c3:bw=21,experts=[0,2]; c9:bw=11,experts=[2]; c4:bw=14,experts=[2]; c0:bw=22,experts=[1,2]; c2:bw=17,experts=[3]; c6:bw=19,experts=[2]
  100 | 0.01000 |   1.9177 |   39.05% |   43.62% |    0:54.94
      bandwidth/experts | c2:bw=17,experts=[2]; c8:bw=25,experts=[1,2]; c9:bw=29,experts=[1,2]; c5:bw=10,experts=[0]; c6:bw=25,experts=[2,3]; c1:bw=10,experts=[2]; c4:bw=36,experts=[1,2,3]; c7:bw=10,experts=[1]; c3:bw=23,experts=[1,2]; c0:bw=36,experts=[0,1,2]

Done. Best Acc: 43.62% @ round 83
Total time: 1:29:15.70
[Export] 实验目录: /userhome/cs3/duanty/FedMoE/results/exp03-c100-resnet-e4-fedavg/20260923-134834
[Export] 每轮明细: /userhome/cs3/duanty/FedMoE/results/exp03-c100-resnet-e4-fedavg/20260923-134834/rounds.xlsx
[Export] 总体摘要: /userhome/cs3/duanty/FedMoE/results/exp03-c100-resnet-e4-fedavg/20260923-134834/summary.xlsx
[Plot] result = /userhome/cs3/duanty/FedMoE/results/exp03-c100-resnet-e4-fedavg/20260923-134834
[Plot] figures -> /userhome/cs3/duanty/FedMoE/results/exp03-c100-resnet-e4-fedavg/20260923-134834/figure
  fig01_test_accuracy.pdf
  fig02_train_loss.pdf
  fig03_acc_and_loss.pdf
  fig04_bandwidth_and_k.pdf
  fig05_expert_round_heatmap.pdf
  fig06_client_expert_heatmap.pdf
  fig07_expert_frequency.pdf
  fig08_time_breakdown.pdf
  fig09_accuracy_vs_communication.pdf
  fig10_overview.pdf
[Export] 图片目录: /userhome/cs3/duanty/FedMoE/results/exp03-c100-resnet-e4-fedavg/20260923-134834/figure
