========================================
Job    : exp01-stl10-resnet-e8-fedadam-b2999
Host   : gpu-4090-101
Date   : Tue Sep 22 01:32:01 HKT 2026
GPU    : 0
Python : /userhome/cs3/duanty/miniconda3/envs/moe/bin/python
Command: python -u main.py --method ours --dataset stl10 --backbone resnet --select ours --merge fedadam --device cuda --num_experts 8 --bw_max -1 --output_dir ./results/exp01-stl10-resnet-e8-fedadam-b2999 --fedadam_beta2 0.999
========================================

==================================================================
 Ours  
  Dataset=stl10 | beta=0.1 | Backbone=resnet | width_mult=1 | Clients=10 | Experts=8
  Select=ours | Merge=fedadam
  Expert refresh N_ref=8
  Rounds=100 | LR=0.01
  Bandwidth: expert_bw=10 | bw=[10, 80] | Rayleigh-Shannon, SNR=10 dB | k=floor(bw/10)
==================================================================


[Partition] Dirichlet beta=0.1, 10 clients
  Client 0:    416 samples | 5/10 classes
  Client 1:    666 samples | 5/10 classes
  Client 2:    674 samples | 7/10 classes
  Client 3:    833 samples | 4/10 classes
  Client 4:    557 samples | 4/10 classes
  Client 5:    414 samples | 2/10 classes
  Client 6:    295 samples | 3/10 classes
  Client 7:    999 samples | 5/10 classes
  Client 8:     23 samples | 3/10 classes
  Client 9:    123 samples | 10/10 classes

[Upload] expert_bw=10 | available bw=[10, 80] | Rayleigh-Shannon, SNR=10 dB | upload k=floor(bw/10), cap=8 | probe gate scores, refresh stale experts, then train selected

[Model] Total params: 13,315,216

[Export] 本次实验目录: /userhome/cs3/duanty/FedMoE/results/exp01-stl10-resnet-e8-fedadam-b2999/20260922-013213

Round |      LR |  AvgLoss |  TestAcc |     Best |  RoundTime
--------------------------------------------------------------------------------
    1 | 0.00208 |   2.0412 |    9.88% |    9.88% |    0:11.04
      bandwidth/experts | c8:bw=55,experts=[1,2,4,5,6]; c1:bw=29,experts=[2,6]; c5:bw=44,experts=[1,2,4,6]; c0:bw=10,experts=[2]; c7:bw=20,experts=[2,6]; c2:bw=29,experts=[2,6]; c9:bw=45,experts=[1,2,4,6]; c4:bw=40,experts=[1,2,4,6]; c3:bw=51,experts=[1,2,4,5,6]; c6:bw=41,experts=[1,2,4,6]
    2 | 0.00406 |   1.7245 |   10.78% |   10.78% |    0:10.08
      bandwidth/experts | c0:bw=36,experts=[0,4,6]; c1:bw=41,experts=[0,3,4,6]; c8:bw=48,experts=[0,3,4,6]; c5:bw=69,experts=[0,1,3,4,5,6]; c3:bw=67,experts=[0,1,3,4,5,6]; c4:bw=30,experts=[0,4,6]; c7:bw=55,experts=[0,1,3,4,6]; c9:bw=46,experts=[0,3,4,6]; c6:bw=17,experts=[4]; c2:bw=22,experts=[4,6]
    3 | 0.00604 |   1.5825 |   17.74% |   17.74% |    0:09.82
      bandwidth/experts | c9:bw=48,experts=[0,2,4,6]; c2:bw=42,experts=[0,2,4,6]; c0:bw=50,experts=[0,2,3,4,6]; c6:bw=40,experts=[0,2,4,6]; c8:bw=30,experts=[2,4,6]; c5:bw=13,experts=[6]; c3:bw=26,experts=[4,6]; c7:bw=33,experts=[2,4,6]; c1:bw=13,experts=[6]; c4:bw=52,experts=[0,2,4,6,7]
    4 | 0.00802 |   1.4685 |   16.93% |   17.74% |    0:09.82
      bandwidth/experts | c1:bw=40,experts=[2,3,4,6]; c7:bw=45,experts=[2,4,6,7]; c6:bw=53,experts=[0,2,3,4,6]; c2:bw=60,experts=[0,2,3,4,6,7]; c8:bw=31,experts=[2,4,6]; c0:bw=59,experts=[2,3,4,6,7]; c3:bw=34,experts=[2,4,6]; c4:bw=56,experts=[2,3,4,6,7]; c5:bw=73,experts=[0,2,3,4,5,6,7]; c9:bw=22,experts=[4,6]
    5 | 0.01000 |   1.3329 |   16.45% |   17.74% |    0:09.89
      bandwidth/experts | c1:bw=20,experts=[4,6]; c5:bw=40,experts=[2,3,4,6]; c4:bw=48,experts=[2,3,4,6]; c8:bw=37,experts=[2,4,6]; c0:bw=50,experts=[2,3,4,6,7]; c7:bw=24,experts=[4,6]; c6:bw=53,experts=[2,3,4,6,7]; c3:bw=63,experts=[0,2,3,4,6,7]; c2:bw=10,experts=[6]; c9:bw=62,experts=[0,2,3,4,6,7]
    6 | 0.01000 |   1.4000 |   22.06% |   22.06% |    0:10.64
      bandwidth/experts | c8:bw=67,experts=[2,3,4,5,6,7]; c2:bw=42,experts=[2,3,4,6]; c5:bw=27,experts=[4,6]; c7:bw=58,experts=[2,3,4,6,7]; c3:bw=36,experts=[2,4,6]; c1:bw=32,experts=[2,4,6]; c9:bw=48,experts=[2,3,4,6]; c0:bw=31,experts=[2,4,6]; c4:bw=17,experts=[6]; c6:bw=20,experts=[4,6]
    7 | 0.01000 |   1.4293 |   20.84% |   22.06% |    0:10.21
      bandwidth/experts | c0:bw=36,experts=[2,4,6]; c5:bw=49,experts=[2,4,6,7]; c2:bw=40,experts=[2,3,4,6]; c6:bw=13,experts=[6]; c3:bw=26,experts=[4,6]; c7:bw=31,experts=[2,4,6]; c4:bw=14,experts=[6]; c1:bw=10,experts=[6]; c8:bw=57,experts=[2,3,4,6,7]; c9:bw=10,experts=[6]
    8 | 0.01000 |   1.5541 |   26.84% |   26.84% |    0:10.63
      bandwidth/experts | c4:bw=10,experts=[5]; c8:bw=37,experts=[2,4,6]; c1:bw=58,experts=[1,4,5,6,7]; c3:bw=37,experts=[2,4,6]; c0:bw=32,experts=[1,5,6]; c5:bw=28,experts=[4,6]; c2:bw=54,experts=[1,2,4,5,6]; c9:bw=59,experts=[2,4,5,6,7]; c7:bw=15,experts=[5]; c6:bw=41,experts=[2,4,5,6]
    9 | 0.01000 |   1.3670 |   26.25% |   26.84% |    0:11.21
      bandwidth/experts | c2:bw=21,experts=[4,6]; c0:bw=52,experts=[2,3,4,6,7]; c4:bw=59,experts=[1,2,4,6,7]; c9:bw=26,experts=[1,6]; c8:bw=18,experts=[1]; c6:bw=31,experts=[1,4,6]; c7:bw=46,experts=[2,4,6,7]; c5:bw=52,experts=[2,3,4,6,7]; c1:bw=14,experts=[6]; c3:bw=23,experts=[4,6]
   10 | 0.01000 |   1.3749 |   27.29% |   27.29% |    0:10.89
      bandwidth/experts | c4:bw=37,experts=[2,4,6]; c2:bw=34,experts=[2,4,6]; c7:bw=37,experts=[0,1,6]; c0:bw=59,experts=[2,3,4,6,7]; c6:bw=65,experts=[2,3,4,5,6,7]; c3:bw=46,experts=[1,4,5,6]; c5:bw=58,experts=[1,2,4,6,7]; c8:bw=35,experts=[0,4,6]; c9:bw=35,experts=[2,4,6]; c1:bw=41,experts=[0,2,4,6]
   11 | 0.01000 |   1.4753 |   28.16% |   28.16% |    0:11.14
      bandwidth/experts | c5:bw=28,experts=[4,6]; c2:bw=27,experts=[4,6]; c7:bw=44,experts=[2,4,6,7]; c3:bw=50,experts=[2,3,4,6,7]; c0:bw=28,experts=[0,6]; c8:bw=39,experts=[2,4,6]; c9:bw=33,experts=[2,4,6]; c6:bw=55,experts=[2,3,4,6,7]; c1:bw=40,experts=[2,4,6,7]; c4:bw=16,experts=[0]
   12 | 0.01000 |   1.3656 |   27.82% |   28.16% |    0:10.64
      bandwidth/experts | c1:bw=42,experts=[2,3,4,6]; c5:bw=56,experts=[0,2,4,5,6]; c2:bw=57,experts=[0,2,4,6,7]; c4:bw=28,experts=[4,6]; c3:bw=35,experts=[2,4,6]; c7:bw=30,experts=[2,4,6]; c9:bw=42,experts=[2,4,6,7]; c6:bw=29,experts=[0,6]; c8:bw=55,experts=[2,3,4,6,7]; c0:bw=49,experts=[2,4,6,7]
   13 | 0.01000 |   1.4391 |   30.48% |   30.48% |    0:10.38
      bandwidth/experts | c3:bw=30,experts=[0,4,6]; c1:bw=47,experts=[2,4,6,7]; c4:bw=10,experts=[3]; c5:bw=29,experts=[4,6]; c8:bw=15,experts=[6]; c6:bw=36,experts=[2,4,6]; c9:bw=15,experts=[0]; c7:bw=58,experts=[2,3,4,6,7]; c0:bw=25,experts=[2,6]; c2:bw=16,experts=[6]
   14 | 0.01000 |   1.3387 |   29.50% |   30.48% |    0:11.06
      bandwidth/experts | c2:bw=45,experts=[2,4,6,7]; c4:bw=10,experts=[6]; c5:bw=64,experts=[2,3,4,5,6,7]; c1:bw=38,experts=[2,4,6]; c7:bw=25,experts=[4,6]; c0:bw=25,experts=[4,6]; c9:bw=32,experts=[3,4,6]; c3:bw=45,experts=[2,4,6,7]; c8:bw=21,experts=[4,5]; c6:bw=67,experts=[2,3,4,5,6,7]
   15 | 0.01000 |   1.2965 |   28.49% |   30.48% |    0:11.33
      bandwidth/experts | c7:bw=59,experts=[2,3,4,6,7]; c0:bw=20,experts=[2,6]; c1:bw=14,experts=[6]; c8:bw=52,experts=[2,3,4,6,7]; c3:bw=10,experts=[6]; c2:bw=53,experts=[2,3,4,6,7]; c4:bw=47,experts=[2,4,6,7]; c5:bw=18,experts=[6]; c9:bw=19,experts=[6]; c6:bw=33,experts=[2,4,6]
   16 | 0.01000 |   1.3787 |   30.85% |   30.85% |    0:11.53
      bandwidth/experts | c6:bw=40,experts=[2,4,6,7]; c1:bw=29,experts=[1,5]; c3:bw=43,experts=[2,4,6,7]; c8:bw=49,experts=[2,4,6,7]; c7:bw=22,experts=[5,6]; c5:bw=40,experts=[2,4,6,7]; c4:bw=35,experts=[2,5,6]; c9:bw=24,experts=[5,6]; c0:bw=57,experts=[1,2,4,5,6]; c2:bw=52,experts=[1,2,4,5,6]
   17 | 0.01000 |   1.3458 |   29.45% |   30.85% |    0:12.01
      bandwidth/experts | c4:bw=58,experts=[1,2,4,6,7]; c7:bw=25,experts=[4,6]; c8:bw=10,experts=[1]; c3:bw=52,experts=[2,3,4,6,7]; c5:bw=10,experts=[6]; c1:bw=29,experts=[4,6]; c0:bw=11,experts=[6]; c2:bw=19,experts=[6]; c9:bw=37,experts=[1,4,6]; c6:bw=39,experts=[1,2,6]
   18 | 0.01000 |   1.3251 |   31.99% |   31.99% |    0:11.70
      bandwidth/experts | c1:bw=10,experts=[0]; c8:bw=10,experts=[0]; c5:bw=35,experts=[1,4,6]; c2:bw=37,experts=[2,4,6]; c9:bw=19,experts=[6]; c7:bw=55,experts=[0,1,2,4,6]; c4:bw=56,experts=[2,3,4,6,7]; c3:bw=37,experts=[1,5,6]; c0:bw=49,experts=[2,3,4,6]; c6:bw=31,experts=[2,4,6]
   19 | 0.01000 |   1.2323 |   31.14% |   31.99% |    0:11.70
      bandwidth/experts | c8:bw=56,experts=[2,3,4,6,7]; c0:bw=42,experts=[0,2,4,6]; c4:bw=51,experts=[0,2,4,6,7]; c1:bw=46,experts=[2,4,6,7]; c9:bw=38,experts=[2,4,6]; c5:bw=29,experts=[4,6]; c7:bw=22,experts=[2,6]; c2:bw=14,experts=[6]; c6:bw=66,experts=[0,2,3,4,6,7]; c3:bw=40,experts=[2,4,6,7]
   20 | 0.01000 |   1.3151 |   33.24% |   33.24% |    0:11.32
      bandwidth/experts | c0:bw=28,experts=[6,7]; c2:bw=41,experts=[0,2,4,6]; c1:bw=40,experts=[2,3,4,6]; c9:bw=17,experts=[7]; c7:bw=43,experts=[2,4,6,7]; c6:bw=68,experts=[0,2,3,4,6,7]; c3:bw=18,experts=[6]; c5:bw=10,experts=[0]; c4:bw=59,experts=[2,3,4,6,7]; c8:bw=50,experts=[2,3,4,6,7]
   21 | 0.01000 |   1.2841 |   36.46% |   36.46% |    0:11.35
      bandwidth/experts | c1:bw=41,experts=[2,4,6,7]; c2:bw=39,experts=[2,4,6]; c7:bw=12,experts=[6]; c4:bw=48,experts=[2,4,6,7]; c8:bw=18,experts=[6]; c5:bw=32,experts=[2,4,6]; c0:bw=66,experts=[0,2,3,4,6,7]; c3:bw=10,experts=[0]; c6:bw=16,experts=[6]; c9:bw=25,experts=[0,6]
   22 | 0.01000 |   1.3102 |   35.14% |   36.46% |    0:11.11
      bandwidth/experts | c7:bw=16,experts=[6]; c9:bw=33,experts=[3,4,6]; c1:bw=10,experts=[6]; c6:bw=61,experts=[2,3,4,5,6,7]; c5:bw=17,experts=[3]; c2:bw=66,experts=[0,2,3,4,6,7]; c0:bw=67,experts=[0,2,3,4,6,7]; c4:bw=36,experts=[2,4,6]; c3:bw=56,experts=[2,3,4,6,7]; c8:bw=33,experts=[4,5,6]
   23 | 0.01000 |   1.2544 |   35.01% |   36.46% |    0:11.24
      bandwidth/experts | c5:bw=52,experts=[2,4,5,6,7]; c7:bw=15,experts=[3]; c4:bw=56,experts=[2,3,4,6,7]; c6:bw=10,experts=[6]; c9:bw=50,experts=[2,3,4,6,7]; c8:bw=35,experts=[2,4,6]; c3:bw=15,experts=[6]; c1:bw=62,experts=[0,2,3,4,6,7]; c2:bw=32,experts=[2,4,6]; c0:bw=11,experts=[6]
   24 | 0.01000 |   1.2934 |   27.77% |   36.46% |    0:11.51
      bandwidth/experts | c6:bw=30,experts=[2,4,6]; c4:bw=12,experts=[5]; c7:bw=10,experts=[5]; c9:bw=50,experts=[2,4,5,6,7]; c2:bw=43,experts=[1,4,5,6]; c1:bw=10,experts=[1]; c5:bw=25,experts=[4,6]; c8:bw=18,experts=[6]; c3:bw=10,experts=[6]; c0:bw=31,experts=[1,5,6]
   25 | 0.01000 |   1.1983 |   33.56% |   36.46% |    0:11.40
      bandwidth/experts | c9:bw=40,experts=[1,2,4,6]; c6:bw=16,experts=[1]; c4:bw=58,experts=[1,2,4,6,7]; c3:bw=14,experts=[6]; c5:bw=64,experts=[0,2,3,4,6,7]; c1:bw=49,experts=[2,4,5,6]; c8:bw=55,experts=[1,2,4,6,7]; c2:bw=12,experts=[6]; c0:bw=56,experts=[2,3,4,6,7]; c7:bw=40,experts=[2,4,6,7]
   26 | 0.01000 |   1.1634 |   33.91% |   36.46% |    0:11.13
      bandwidth/experts | c3:bw=44,experts=[1,4,5,6]; c6:bw=34,experts=[2,4,6]; c9:bw=50,experts=[2,3,4,6,7]; c7:bw=31,experts=[0,1,6]; c1:bw=33,experts=[2,4,6]; c5:bw=20,experts=[1,6]; c2:bw=30,experts=[2,4,6]; c8:bw=53,experts=[0,2,4,6,7]; c0:bw=11,experts=[6]; c4:bw=48,experts=[2,4,6,7]
   27 | 0.01000 |   1.3553 |   35.67% |   36.46% |    0:11.21
      bandwidth/experts | c7:bw=51,experts=[2,3,4,6,7]; c1:bw=62,experts=[0,2,3,4,6,7]; c4:bw=12,experts=[0]; c0:bw=36,experts=[2,4,6]; c9:bw=18,experts=[6]; c2:bw=20,experts=[4,6]; c8:bw=55,experts=[2,3,4,6,7]; c3:bw=21,experts=[4,6]; c6:bw=63,experts=[0,2,3,4,6,7]; c5:bw=37,experts=[2,4,6]
   28 | 0.01000 |   1.2474 |   40.01% |   40.01% |    0:11.24
      bandwidth/experts | c6:bw=29,experts=[2,6]; c9:bw=49,experts=[2,4,6,7]; c0:bw=47,experts=[2,4,6,7]; c8:bw=29,experts=[4,6]; c2:bw=10,experts=[6]; c5:bw=33,experts=[2,4,6]; c1:bw=25,experts=[2,6]; c3:bw=12,experts=[6]; c4:bw=10,experts=[6]; c7:bw=10,experts=[6]
   29 | 0.01000 |   1.1771 |   34.92% |   40.01% |    0:11.21
      bandwidth/experts | c4:bw=38,experts=[2,4,6]; c0:bw=44,experts=[2,4,6,7]; c1:bw=33,experts=[2,4,6]; c9:bw=44,experts=[0,2,4,6]; c6:bw=43,experts=[2,4,6,7]; c8:bw=34,experts=[2,4,6]; c7:bw=21,experts=[2,6]; c3:bw=32,experts=[0,2,6]; c2:bw=18,experts=[6]; c5:bw=33,experts=[2,4,6]
   30 | 0.01000 |   1.2669 |   34.73% |   40.01% |    0:11.24
      bandwidth/experts | c5:bw=62,experts=[0,2,3,4,6,7]; c1:bw=35,experts=[2,4,6]; c9:bw=54,experts=[2,3,4,6,7]; c4:bw=51,experts=[2,3,4,6,7]; c0:bw=17,experts=[0]; c8:bw=41,experts=[2,4,5,6]; c6:bw=11,experts=[5]; c7:bw=12,experts=[6]; c3:bw=59,experts=[2,3,4,6,7]; c2:bw=27,experts=[0,3]
   31 | 0.01000 |   1.2264 |   31.32% |   40.01% |    0:11.30
      bandwidth/experts | c6:bw=29,experts=[2,6]; c4:bw=19,experts=[6]; c9:bw=45,experts=[2,4,6,7]; c1:bw=30,experts=[2,4,6]; c5:bw=62,experts=[2,3,4,5,6,7]; c8:bw=33,experts=[2,4,6]; c3:bw=24,experts=[2,6]; c2:bw=15,experts=[7]; c0:bw=47,experts=[2,4,6,7]; c7:bw=63,experts=[0,2,3,4,6,7]
   32 | 0.01000 |   1.2187 |   33.24% |   40.01% |    0:11.33
      bandwidth/experts | c8:bw=21,experts=[4,6]; c5:bw=36,experts=[2,4,6]; c4:bw=49,experts=[2,4,5,6]; c7:bw=47,experts=[2,4,5,6]; c0:bw=46,experts=[1,2,5,6]; c1:bw=21,experts=[1,6]; c3:bw=28,experts=[2,6]; c6:bw=27,experts=[2,6]; c2:bw=54,experts=[1,2,4,5,6]; c9:bw=31,experts=[4,5,6]
   33 | 0.01000 |   1.1646 |   39.26% |   40.01% |    0:11.32
      bandwidth/experts | c7:bw=52,experts=[2,3,4,6,7]; c1:bw=34,experts=[4,5,6]; c3:bw=70,experts=[0,2,3,4,5,6,7]; c6:bw=37,experts=[1,2,6]; c5:bw=29,experts=[4,6]; c9:bw=42,experts=[1,2,4,6]; c2:bw=24,experts=[4,6]; c8:bw=50,experts=[1,2,4,6,7]; c4:bw=45,experts=[1,2,4,6]; c0:bw=62,experts=[0,2,3,4,6,7]
   34 | 0.01000 |   1.1217 |   35.34% |   40.01% |    0:11.26
      bandwidth/experts | c4:bw=46,experts=[2,4,6,7]; c1:bw=46,experts=[2,4,6,7]; c6:bw=48,experts=[2,4,6,7]; c9:bw=68,experts=[0,2,3,4,6,7]; c8:bw=42,experts=[0,2,4,6]; c0:bw=22,experts=[2,6]; c5:bw=60,experts=[1,2,3,4,6,7]; c7:bw=32,experts=[1,2,6]; c3:bw=72,experts=[0,1,2,3,4,6,7]; c2:bw=54,experts=[2,3,4,6,7]
   35 | 0.01000 |   1.1364 |   34.50% |   40.01% |    0:11.34
      bandwidth/experts | c4:bw=33,experts=[0,2,6]; c0:bw=20,experts=[2,6]; c1:bw=31,experts=[0,3,6]; c6:bw=44,experts=[0,2,3,6]; c2:bw=46,experts=[2,4,6,7]; c8:bw=50,experts=[2,3,4,6,7]; c9:bw=27,experts=[2,6]; c7:bw=48,experts=[2,4,6,7]; c5:bw=41,experts=[2,4,6,7]; c3:bw=24,experts=[2,6]
   36 | 0.01000 |   1.1469 |   35.92% |   40.01% |    0:11.35
      bandwidth/experts | c9:bw=37,experts=[2,4,6]; c0:bw=36,experts=[2,4,6]; c3:bw=60,experts=[2,3,4,5,6,7]; c7:bw=27,experts=[2,6]; c6:bw=43,experts=[2,4,6,7]; c5:bw=49,experts=[2,4,6,7]; c1:bw=10,experts=[6]; c4:bw=74,experts=[0,2,3,4,5,6,7]; c8:bw=51,experts=[2,3,4,6,7]; c2:bw=50,experts=[2,3,4,6,7]
   37 | 0.01000 |   1.1400 |   37.30% |   40.01% |    0:10.40
      bandwidth/experts | c1:bw=18,experts=[6]; c5:bw=39,experts=[2,4,6]; c2:bw=36,experts=[2,4,6]; c6:bw=65,experts=[2,3,4,5,6,7]; c4:bw=39,experts=[2,4,6]; c7:bw=42,experts=[2,4,6,7]; c9:bw=40,experts=[2,4,6,7]; c0:bw=54,experts=[2,3,4,6,7]; c3:bw=36,experts=[2,4,6]; c8:bw=10,experts=[6]
   38 | 0.01000 |   1.1465 |   43.94% |   43.94% |    0:10.42
      bandwidth/experts | c8:bw=46,experts=[2,4,5,6]; c6:bw=17,experts=[6]; c4:bw=52,experts=[2,3,4,6,7]; c1:bw=31,experts=[2,4,6]; c5:bw=10,experts=[0]; c2:bw=10,experts=[0]; c3:bw=38,experts=[2,4,6]; c7:bw=51,experts=[2,3,4,6,7]; c9:bw=26,experts=[2,6]; c0:bw=40,experts=[2,4,6,7]
   39 | 0.01000 |   1.1424 |   46.16% |   46.16% |    0:11.15
      bandwidth/experts | c3:bw=26,experts=[2,6]; c0:bw=10,experts=[6]; c1:bw=45,experts=[2,4,6,7]; c7:bw=40,experts=[0,2,4,6]; c6:bw=31,experts=[2,4,6]; c8:bw=45,experts=[2,4,6,7]; c2:bw=36,experts=[2,4,6]; c4:bw=36,experts=[2,4,6]; c9:bw=24,experts=[2,6]; c5:bw=75,experts=[0,2,3,4,5,6,7]
   40 | 0.01000 |   1.1132 |   41.21% |   46.16% |    0:11.39
      bandwidth/experts | c8:bw=26,experts=[4,6]; c1:bw=42,experts=[1,2,4,6]; c5:bw=32,experts=[2,4,6]; c6:bw=46,experts=[2,4,6,7]; c2:bw=65,experts=[1,2,4,5,6,7]; c7:bw=66,experts=[2,3,4,5,6,7]; c3:bw=10,experts=[6]; c4:bw=19,experts=[6]; c9:bw=40,experts=[2,4,5,6]; c0:bw=36,experts=[1,5,6]
   41 | 0.01000 |   1.1443 |   40.15% |   46.16% |    0:11.05
      bandwidth/experts | c2:bw=54,experts=[2,3,4,6,7]; c6:bw=10,experts=[1]; c8:bw=57,experts=[1,2,4,6,7]; c1:bw=10,experts=[5]; c4:bw=50,experts=[1,2,4,6,7]; c5:bw=61,experts=[0,2,3,4,6,7]; c7:bw=68,experts=[0,2,3,4,6,7]; c3:bw=40,experts=[2,4,6,7]; c9:bw=54,experts=[1,2,4,6,7]; c0:bw=10,experts=[0]
   42 | 0.01000 |   1.0507 |   37.55% |   46.16% |    0:11.37
      bandwidth/experts | c5:bw=50,experts=[1,2,4,6,7]; c1:bw=49,experts=[2,4,6,7]; c3:bw=48,experts=[0,1,2,6]; c9:bw=51,experts=[0,2,3,4,6]; c6:bw=34,experts=[2,4,6]; c0:bw=15,experts=[6]; c7:bw=20,experts=[1,6]; c4:bw=55,experts=[2,3,4,6,7]; c8:bw=42,experts=[0,2,4,6]; c2:bw=40,experts=[2,4,6,7]
   43 | 0.01000 |   1.1005 |   35.29% |   46.16% |    0:11.29
      bandwidth/experts | c5:bw=53,experts=[2,3,4,6,7]; c1:bw=58,experts=[0,2,3,4,6]; c2:bw=51,experts=[2,3,4,6,7]; c8:bw=45,experts=[2,4,6,7]; c9:bw=32,experts=[2,4,6]; c7:bw=21,experts=[2,6]; c4:bw=34,experts=[2,4,6]; c6:bw=12,experts=[0]; c3:bw=65,experts=[0,2,3,4,6,7]; c0:bw=21,experts=[2,6]
   44 | 0.01000 |   1.1051 |   41.21% |   46.16% |    0:11.33
      bandwidth/experts | c0:bw=66,experts=[0,2,3,4,6,7]; c3:bw=47,experts=[2,4,5,6]; c4:bw=29,experts=[0,5]; c2:bw=37,experts=[2,4,6]; c7:bw=75,experts=[0,2,3,4,5,6,7]; c5:bw=24,experts=[4,6]; c6:bw=20,experts=[2,6]; c9:bw=37,experts=[2,4,6]; c8:bw=34,experts=[3,4,6]; c1:bw=45,experts=[2,4,6,7]
   45 | 0.01000 |   1.0279 |   41.70% |   46.16% |    0:11.65
      bandwidth/experts | c8:bw=55,experts=[2,3,4,6,7]; c0:bw=36,experts=[2,4,6]; c3:bw=67,experts=[0,2,3,4,6,7]; c4:bw=64,experts=[0,2,3,4,6,7]; c7:bw=36,experts=[2,4,6]; c2:bw=49,experts=[2,4,6,7]; c9:bw=25,experts=[4,6]; c6:bw=10,experts=[3]; c5:bw=44,experts=[2,4,6,7]; c1:bw=56,experts=[2,3,4,6,7]
   46 | 0.01000 |   0.9722 |   39.42% |   46.16% |    0:11.82
      bandwidth/experts | c9:bw=37,experts=[2,4,6]; c3:bw=27,experts=[2,6]; c6:bw=39,experts=[2,5,6]; c1:bw=41,experts=[2,4,6,7]; c4:bw=64,experts=[0,2,3,4,6,7]; c5:bw=41,experts=[2,4,6,7]; c2:bw=57,experts=[0,2,4,6,7]; c8:bw=39,experts=[4,5,6]; c0:bw=55,experts=[2,3,4,6,7]; c7:bw=28,experts=[2,6]
   47 | 0.01000 |   0.9874 |   43.98% |   46.16% |    0:11.77
      bandwidth/experts | c5:bw=52,experts=[2,4,5,6,7]; c6:bw=22,experts=[2,6]; c7:bw=53,experts=[2,3,4,6,7]; c9:bw=17,experts=[6]; c8:bw=39,experts=[2,4,6]; c3:bw=70,experts=[0,2,3,4,5,6,7]; c4:bw=10,experts=[6]; c0:bw=46,experts=[2,4,6,7]; c1:bw=30,experts=[2,4,6]; c2:bw=54,experts=[2,3,4,6,7]
   48 | 0.01000 |   0.9999 |   41.31% |   46.16% |    0:11.52
      bandwidth/experts | c1:bw=50,experts=[1,2,4,6,7]; c8:bw=50,experts=[2,3,4,6,7]; c4:bw=67,experts=[0,2,3,4,6,7]; c2:bw=57,experts=[1,2,4,5,6]; c9:bw=52,experts=[2,4,5,6,7]; c6:bw=45,experts=[2,4,6,7]; c5:bw=55,experts=[2,3,4,6,7]; c7:bw=62,experts=[0,2,3,4,6,7]; c0:bw=16,experts=[1]; c3:bw=18,experts=[6]
   49 | 0.01000 |   1.0667 |   35.00% |   46.16% |    0:11.16
      bandwidth/experts | c4:bw=48,experts=[1,2,4,6]; c3:bw=32,experts=[2,4,6]; c8:bw=26,experts=[1,6]; c0:bw=20,experts=[5,6]; c2:bw=58,experts=[2,3,4,6,7]; c5:bw=56,experts=[0,2,4,6,7]; c6:bw=13,experts=[1]; c7:bw=44,experts=[2,4,6,7]; c9:bw=53,experts=[1,2,4,6,7]; c1:bw=54,experts=[2,4,5,6,7]
   50 | 0.01000 |   1.0387 |   33.04% |   46.16% |    0:11.50
      bandwidth/experts | c8:bw=32,experts=[0,4,6]; c4:bw=10,experts=[6]; c7:bw=34,experts=[1,2,6]; c6:bw=68,experts=[0,2,3,4,6,7]; c2:bw=63,experts=[0,2,3,4,6,7]; c1:bw=64,experts=[0,2,3,4,6,7]; c3:bw=39,experts=[1,2,6]; c0:bw=29,experts=[2,6]; c9:bw=27,experts=[0,3]; c5:bw=31,experts=[1,4,6]
   51 | 0.01000 |   0.9830 |   39.69% |   46.16% |    0:11.42
      bandwidth/experts | c5:bw=47,experts=[2,4,6,7]; c0:bw=53,experts=[2,3,4,6,7]; c1:bw=21,experts=[2,6]; c2:bw=20,experts=[2,6]; c8:bw=46,experts=[2,4,6,7]; c6:bw=52,experts=[2,3,4,6,7]; c9:bw=18,experts=[6]; c3:bw=55,experts=[2,3,4,6,7]; c4:bw=11,experts=[6]; c7:bw=27,experts=[2,6]
   52 | 0.01000 |   0.9309 |   37.71% |   46.16% |    0:11.40
      bandwidth/experts | c0:bw=46,experts=[0,2,4,6]; c8:bw=18,experts=[6]; c5:bw=24,experts=[4,6]; c7:bw=34,experts=[4,5,6]; c1:bw=40,experts=[2,4,6,7]; c4:bw=33,experts=[4,5,6]; c9:bw=31,experts=[2,4,6]; c6:bw=51,experts=[2,3,4,6,7]; c2:bw=29,experts=[4,6]; c3:bw=43,experts=[2,4,6,7]
   53 | 0.01000 |   0.9494 |   38.02% |   46.16% |    0:11.39
      bandwidth/experts | c8:bw=22,experts=[4,6]; c4:bw=28,experts=[2,6]; c5:bw=44,experts=[2,4,6,7]; c1:bw=59,experts=[2,3,4,6,7]; c3:bw=47,experts=[2,4,6,7]; c9:bw=61,experts=[0,2,3,4,6,7]; c6:bw=36,experts=[2,4,6]; c7:bw=44,experts=[2,4,6,7]; c0:bw=39,experts=[2,4,6]; c2:bw=51,experts=[2,3,4,6,7]
   54 | 0.01000 |   0.9712 |   41.75% |   46.16% |    0:11.17
      bandwidth/experts | c2:bw=10,experts=[6]; c1:bw=53,experts=[2,3,4,6,7]; c8:bw=55,experts=[2,4,5,6,7]; c7:bw=61,experts=[0,2,3,4,6,7]; c3:bw=30,experts=[2,4,6]; c0:bw=37,experts=[2,4,6]; c6:bw=54,experts=[2,4,5,6,7]; c5:bw=10,experts=[6]; c9:bw=50,experts=[2,3,4,6,7]; c4:bw=32,experts=[2,4,6]
   55 | 0.01000 |   0.9118 |   44.55% |   46.16% |    0:11.31
      bandwidth/experts | c7:bw=54,experts=[2,3,4,6,7]; c2:bw=41,experts=[2,4,6,7]; c4:bw=14,experts=[6]; c3:bw=52,experts=[0,2,4,5,6]; c8:bw=14,experts=[6]; c5:bw=53,experts=[2,4,5,6,7]; c1:bw=60,experts=[0,2,3,4,6,7]; c6:bw=42,experts=[2,4,6,7]; c0:bw=27,experts=[2,6]; c9:bw=62,experts=[0,2,3,4,6,7]
   56 | 0.01000 |   0.9372 |   41.14% |   46.16% |    0:11.30
      bandwidth/experts | c9:bw=52,experts=[2,4,5,6,7]; c1:bw=56,experts=[1,2,4,6,7]; c3:bw=10,experts=[6]; c2:bw=53,experts=[1,2,4,5,6]; c5:bw=31,experts=[3,4,6]; c4:bw=10,experts=[0]; c8:bw=13,experts=[3]; c7:bw=18,experts=[6]; c6:bw=23,experts=[2,6]; c0:bw=70,experts=[0,1,2,3,4,6,7]
   57 | 0.01000 |   0.8858 |   40.46% |   46.16% |    0:11.41
      bandwidth/experts | c3:bw=64,experts=[0,2,3,4,6,7]; c8:bw=43,experts=[1,2,4,6]; c6:bw=48,experts=[1,2,4,6]; c1:bw=49,experts=[2,4,5,6]; c7:bw=69,experts=[0,2,3,4,6,7]; c0:bw=70,experts=[0,2,3,4,5,6,7]; c5:bw=44,experts=[0,2,4,6]; c4:bw=41,experts=[1,3,6,7]; c2:bw=33,experts=[2,4,6]; c9:bw=19,experts=[1]
   58 | 0.01000 |   0.9088 |   40.64% |   46.16% |    0:11.38
      bandwidth/experts | c7:bw=24,experts=[1,6]; c2:bw=10,experts=[0]; c9:bw=57,experts=[2,3,4,6,7]; c6:bw=55,experts=[0,2,4,6,7]; c5:bw=35,experts=[1,4,6]; c1:bw=30,experts=[2,4,6]; c8:bw=40,experts=[0,2,4,6]; c4:bw=38,experts=[2,4,6]; c3:bw=61,experts=[1,2,3,4,6,7]; c0:bw=47,experts=[2,4,6,7]
   59 | 0.01000 |   0.9432 |   44.90% |   46.16% |    0:11.37
      bandwidth/experts | c2:bw=37,experts=[2,4,6]; c8:bw=56,experts=[2,3,4,6,7]; c9:bw=28,experts=[4,6]; c6:bw=19,experts=[6]; c1:bw=65,experts=[0,2,3,4,6,7]; c4:bw=26,experts=[4,6]; c7:bw=28,experts=[2,6]; c5:bw=32,experts=[2,4,6]; c0:bw=52,experts=[2,3,4,6,7]; c3:bw=35,experts=[2,4,6]
   60 | 0.01000 |   0.9269 |   43.66% |   46.16% |    0:11.38
      bandwidth/experts | c0:bw=53,experts=[2,3,4,6,7]; c7:bw=48,experts=[2,4,5,6]; c4:bw=30,experts=[2,5,6]; c2:bw=30,experts=[2,4,6]; c5:bw=33,experts=[2,4,6]; c8:bw=24,experts=[4,6]; c6:bw=59,experts=[2,3,4,6,7]; c9:bw=10,experts=[6]; c1:bw=54,experts=[2,3,4,6,7]; c3:bw=44,experts=[2,4,6,7]
   61 | 0.01000 |   0.8924 |   42.89% |   46.16% |    0:11.77
      bandwidth/experts | c5:bw=49,experts=[2,4,6,7]; c6:bw=37,experts=[2,4,6]; c2:bw=29,experts=[3,6]; c9:bw=38,experts=[2,4,6]; c1:bw=33,experts=[2,4,6]; c3:bw=43,experts=[2,4,6,7]; c8:bw=55,experts=[2,3,4,6,7]; c4:bw=38,experts=[2,4,6]; c7:bw=43,experts=[2,4,6,7]; c0:bw=60,experts=[0,2,3,4,6,7]
   62 | 0.01000 |   0.8335 |   38.30% |   46.16% |    0:11.75
      bandwidth/experts | c8:bw=13,experts=[5]; c6:bw=62,experts=[2,3,4,5,6,7]; c9:bw=16,experts=[6]; c4:bw=60,experts=[0,2,3,4,6,7]; c5:bw=67,experts=[0,2,3,4,6,7]; c0:bw=28,experts=[2,6]; c3:bw=53,experts=[2,3,4,6,7]; c2:bw=42,experts=[2,4,6,7]; c1:bw=75,experts=[0,2,3,4,5,6,7]; c7:bw=44,experts=[2,4,6,7]
   63 | 0.01000 |   0.8405 |   36.92% |   46.16% |    0:11.34
      bandwidth/experts | c5:bw=10,experts=[5]; c9:bw=21,experts=[0,6]; c6:bw=34,experts=[2,4,6]; c3:bw=52,experts=[2,4,5,6,7]; c8:bw=32,experts=[2,4,6]; c1:bw=50,experts=[2,3,4,6,7]; c7:bw=68,experts=[0,2,3,4,6,7]; c0:bw=41,experts=[2,4,6,7]; c2:bw=28,experts=[2,6]; c4:bw=52,experts=[2,3,4,6,7]
   64 | 0.01000 |   0.8532 |   42.86% |   46.16% |    0:11.29
      bandwidth/experts | c6:bw=50,experts=[2,3,4,6,7]; c4:bw=38,experts=[2,4,6]; c5:bw=24,experts=[4,6]; c3:bw=38,experts=[2,4,6]; c7:bw=34,experts=[2,4,6]; c0:bw=32,experts=[1,2,6]; c8:bw=53,experts=[2,3,4,6,7]; c9:bw=59,experts=[2,4,5,6,7]; c2:bw=56,experts=[1,2,4,5,6]; c1:bw=28,experts=[1,6]
   65 | 0.01000 |   0.8739 |   45.75% |   46.16% |    0:11.16
      bandwidth/experts | c7:bw=10,experts=[6]; c5:bw=29,experts=[4,6]; c4:bw=57,experts=[1,2,4,6,7]; c6:bw=50,experts=[1,2,4,6,7]; c8:bw=66,experts=[1,2,3,4,6,7]; c3:bw=42,experts=[0,2,4,6]; c0:bw=41,experts=[2,4,5,6]; c2:bw=28,experts=[4,6]; c1:bw=58,experts=[2,3,4,6,7]; c9:bw=47,experts=[1,2,4,6]
   66 | 0.01000 |   0.8647 |   44.70% |   46.16% |    0:11.35
      bandwidth/experts | c2:bw=41,experts=[0,2,4,6]; c5:bw=17,experts=[1]; c1:bw=54,experts=[2,3,4,6,7]; c8:bw=24,experts=[0,6]; c9:bw=31,experts=[3,4,6]; c6:bw=30,experts=[0,2,6]; c4:bw=41,experts=[2,4,6,7]; c0:bw=38,experts=[2,4,6]; c3:bw=66,experts=[1,2,3,4,6,7]; c7:bw=50,experts=[1,2,4,6,7]
   67 | 0.01000 |   0.8181 |   38.35% |   46.16% |    0:11.28
      bandwidth/experts | c4:bw=51,experts=[2,3,4,6,7]; c5:bw=48,experts=[2,4,6,7]; c1:bw=36,experts=[2,4,6]; c3:bw=25,experts=[2,6]; c6:bw=53,experts=[2,3,4,6,7]; c0:bw=32,experts=[2,4,6]; c2:bw=43,experts=[2,4,6,7]; c9:bw=60,experts=[0,2,3,4,6,7]; c7:bw=59,experts=[2,3,4,6,7]; c8:bw=10,experts=[6]
   68 | 0.01000 |   0.8362 |   38.94% |   46.16% |    0:11.40
      bandwidth/experts | c1:bw=42,experts=[2,4,6,7]; c8:bw=31,experts=[2,4,6]; c2:bw=58,experts=[2,3,4,6,7]; c0:bw=30,experts=[2,4,6]; c3:bw=26,experts=[2,6]; c4:bw=49,experts=[2,4,5,6]; c5:bw=45,experts=[2,4,6,7]; c9:bw=15,experts=[6]; c7:bw=28,experts=[5,6]; c6:bw=32,experts=[2,4,6]
   69 | 0.01000 |   0.8158 |   41.65% |   46.16% |    0:11.50
      bandwidth/experts | c3:bw=41,experts=[2,4,6,7]; c7:bw=58,experts=[2,3,4,6,7]; c1:bw=31,experts=[2,4,6]; c4:bw=41,experts=[2,4,6,7]; c9:bw=35,experts=[2,4,6]; c5:bw=39,experts=[2,4,6]; c0:bw=52,experts=[0,2,3,4,6]; c2:bw=66,experts=[0,2,3,4,6,7]; c8:bw=42,experts=[2,4,6,7]; c6:bw=26,experts=[2,6]
   70 | 0.01000 |   0.8226 |   41.10% |   46.16% |    0:11.44
      bandwidth/experts | c1:bw=24,experts=[0,5]; c9:bw=10,experts=[6]; c7:bw=28,experts=[2,6]; c3:bw=32,experts=[2,4,6]; c0:bw=30,experts=[2,4,6]; c6:bw=26,experts=[5,6]; c2:bw=55,experts=[2,3,4,6,7]; c4:bw=58,experts=[0,2,4,6,7]; c5:bw=23,experts=[0,3]; c8:bw=48,experts=[2,4,5,6]
   71 | 0.01000 |   0.8110 |   40.84% |   46.16% |    0:11.59
      bandwidth/experts | c4:bw=42,experts=[2,4,6,7]; c0:bw=16,experts=[7]; c1:bw=52,experts=[2,3,4,6,7]; c9:bw=40,experts=[2,4,6,7]; c7:bw=20,experts=[0,6]; c5:bw=33,experts=[4,5,6]; c3:bw=62,experts=[2,3,4,5,6,7]; c6:bw=50,experts=[2,3,4,6,7]; c8:bw=39,experts=[2,4,6]; c2:bw=61,experts=[0,2,3,4,6,7]
   72 | 0.01000 |   0.8208 |   37.52% |   46.16% |    0:11.39
      bandwidth/experts | c8:bw=30,experts=[2,4,6]; c1:bw=39,experts=[1,2,6]; c5:bw=43,experts=[2,4,6,7]; c7:bw=48,experts=[2,4,6,7]; c6:bw=19,experts=[6]; c0:bw=52,experts=[1,2,4,6,7]; c3:bw=23,experts=[2,6]; c2:bw=23,experts=[1,5]; c9:bw=38,experts=[4,5,6]; c4:bw=39,experts=[2,4,6]
   73 | 0.01000 |   0.8195 |   38.41% |   46.16% |    0:11.72
      bandwidth/experts | c2:bw=47,experts=[2,4,6,7]; c8:bw=11,experts=[1]; c3:bw=40,experts=[0,2,4,6]; c1:bw=66,experts=[0,2,3,4,6,7]; c5:bw=17,experts=[6]; c9:bw=52,experts=[1,2,4,6,7]; c0:bw=28,experts=[5,6]; c7:bw=37,experts=[2,4,6]; c6:bw=20,experts=[1,6]; c4:bw=41,experts=[1,2,4,6]
   74 | 0.01000 |   0.8305 |   40.02% |   46.16% |    0:11.90
      bandwidth/experts | c3:bw=10,experts=[1]; c0:bw=40,experts=[2,4,6,7]; c1:bw=28,experts=[2,6]; c5:bw=50,experts=[1,2,4,6,7]; c7:bw=65,experts=[1,2,3,4,6,7]; c8:bw=28,experts=[0,3]; c6:bw=10,experts=[0]; c2:bw=10,experts=[6]; c4:bw=47,experts=[2,4,6,7]; c9:bw=32,experts=[2,4,6]
   75 | 0.01000 |   0.7893 |   38.74% |   46.16% |    0:11.93
      bandwidth/experts | c2:bw=40,experts=[2,4,6,7]; c9:bw=61,experts=[0,2,3,4,6,7]; c1:bw=54,experts=[2,3,4,6,7]; c3:bw=20,experts=[2,6]; c7:bw=28,experts=[2,6]; c6:bw=56,experts=[2,3,4,6,7]; c5:bw=31,experts=[2,4,6]; c4:bw=56,experts=[2,3,4,6,7]; c0:bw=60,experts=[0,2,3,4,6,7]; c8:bw=53,experts=[2,3,4,6,7]
   76 | 0.01000 |   0.7605 |   38.58% |   46.16% |    0:11.42
      bandwidth/experts | c8:bw=29,experts=[4,6]; c5:bw=37,experts=[2,4,6]; c0:bw=31,experts=[2,4,6]; c3:bw=15,experts=[6]; c2:bw=25,experts=[2,6]; c6:bw=23,experts=[2,6]; c7:bw=66,experts=[2,3,4,5,6,7]; c4:bw=60,experts=[2,3,4,5,6,7]; c9:bw=57,experts=[2,3,4,6,7]; c1:bw=53,experts=[2,3,4,6,7]
   77 | 0.01000 |   0.7881 |   41.94% |   46.16% |    0:11.18
      bandwidth/experts | c9:bw=29,experts=[4,6]; c2:bw=34,experts=[2,4,6]; c1:bw=62,experts=[0,2,3,4,6,7]; c8:bw=10,experts=[6]; c4:bw=10,experts=[6]; c7:bw=10,experts=[6]; c6:bw=57,experts=[2,3,4,6,7]; c0:bw=63,experts=[0,2,3,4,6,7]; c3:bw=40,experts=[2,4,6,7]; c5:bw=59,experts=[2,3,4,6,7]
   78 | 0.01000 |   0.8007 |   42.69% |   46.16% |    0:11.35
      bandwidth/experts | c0:bw=26,experts=[2,6]; c4:bw=23,experts=[0,6]; c3:bw=38,experts=[2,4,6]; c7:bw=36,experts=[2,4,6]; c8:bw=54,experts=[2,4,5,6,7]; c1:bw=41,experts=[2,4,5,6]; c9:bw=31,experts=[2,4,6]; c6:bw=57,experts=[2,4,5,6,7]; c5:bw=63,experts=[0,2,3,4,6,7]; c2:bw=34,experts=[2,4,6]
   79 | 0.01000 |   0.8052 |   41.81% |   46.16% |    0:11.44
      bandwidth/experts | c6:bw=21,experts=[2,6]; c9:bw=10,experts=[6]; c0:bw=36,experts=[2,4,6]; c4:bw=80,experts=[0,1,2,3,4,5,6,7]; c7:bw=46,experts=[0,2,4,6]; c8:bw=44,experts=[2,4,6,7]; c5:bw=53,experts=[2,4,5,6,7]; c3:bw=26,experts=[3,5]; c1:bw=37,experts=[2,4,6]; c2:bw=33,experts=[0,3,6]
   80 | 0.01000 |   0.7671 |   40.31% |   46.16% |    0:11.35
      bandwidth/experts | c5:bw=65,experts=[0,2,3,4,6,7]; c9:bw=53,experts=[2,4,5,6,7]; c7:bw=48,experts=[2,4,6,7]; c1:bw=31,experts=[1,2,6]; c3:bw=31,experts=[2,4,6]; c4:bw=57,experts=[2,3,4,6,7]; c2:bw=44,experts=[1,2,5,6]; c0:bw=47,experts=[1,2,4,6]; c6:bw=39,experts=[2,4,6]; c8:bw=51,experts=[2,3,4,6,7]
   81 | 0.01000 |   0.7509 |   39.31% |   46.16% |    0:11.21
      bandwidth/experts | c6:bw=51,experts=[1,2,4,6,7]; c2:bw=45,experts=[2,4,6,7]; c3:bw=67,experts=[0,2,3,4,6,7]; c1:bw=49,experts=[2,4,6,7]; c4:bw=42,experts=[2,4,6,7]; c5:bw=30,experts=[2,4,6]; c9:bw=26,experts=[1,6]; c7:bw=58,experts=[2,3,4,6,7]; c8:bw=48,experts=[1,2,4,6]; c0:bw=50,experts=[2,4,5,6,7]
   82 | 0.01000 |   0.7587 |   41.70% |   46.16% |    0:11.30
      bandwidth/experts | c1:bw=64,experts=[0,2,3,4,6,7]; c0:bw=30,experts=[2,4,6]; c6:bw=36,experts=[0,2,6]; c8:bw=58,experts=[0,2,4,6,7]; c7:bw=40,experts=[1,2,4,6]; c3:bw=39,experts=[1,2,6]; c2:bw=30,experts=[2,4,6]; c9:bw=56,experts=[2,3,4,6,7]; c5:bw=40,experts=[1,2,4,6]; c4:bw=30,experts=[2,4,6]
   83 | 0.01000 |   0.7779 |   46.96% |   46.96% |    0:11.62
      bandwidth/experts | c9:bw=51,experts=[0,2,4,6,7]; c4:bw=10,experts=[6]; c2:bw=41,experts=[2,4,6,7]; c7:bw=37,experts=[2,4,6]; c5:bw=10,experts=[6]; c0:bw=10,experts=[6]; c6:bw=53,experts=[2,3,4,6,7]; c1:bw=63,experts=[0,2,3,4,6,7]; c8:bw=39,experts=[2,4,6]; c3:bw=42,experts=[2,4,6,7]
   84 | 0.01000 |   0.7827 |   47.84% |   47.84% |    0:11.36
      bandwidth/experts | c8:bw=67,experts=[0,2,3,4,6,7]; c3:bw=32,experts=[2,4,6]; c1:bw=58,experts=[2,3,4,6,7]; c6:bw=10,experts=[6]; c9:bw=20,experts=[4,6]; c2:bw=36,experts=[2,4,6]; c7:bw=47,experts=[2,4,5,6]; c5:bw=20,experts=[4,6]; c4:bw=27,experts=[4,6]; c0:bw=10,experts=[6]
   85 | 0.01000 |   0.8033 |   43.46% |   47.84% |    0:11.34
      bandwidth/experts | c0:bw=38,experts=[0,3,6]; c2:bw=45,experts=[2,4,6,7]; c8:bw=70,experts=[0,2,3,4,5,6,7]; c6:bw=42,experts=[2,4,6,7]; c1:bw=57,experts=[2,3,4,6,7]; c4:bw=42,experts=[2,4,6,7]; c9:bw=58,experts=[2,3,4,6,7]; c3:bw=51,experts=[2,3,4,6,7]; c5:bw=12,experts=[6]; c7:bw=11,experts=[6]
   86 | 0.01000 |   0.7950 |   40.36% |   47.84% |    0:11.34
      bandwidth/experts | c5:bw=47,experts=[2,4,6,7]; c8:bw=28,experts=[4,6]; c2:bw=24,experts=[2,6]; c6:bw=55,experts=[2,4,5,6,7]; c0:bw=30,experts=[2,4,6]; c4:bw=18,experts=[6]; c7:bw=44,experts=[2,4,6,7]; c3:bw=28,experts=[2,6]; c1:bw=72,experts=[0,2,3,4,5,6,7]; c9:bw=43,experts=[2,4,6,7]
   87 | 0.01000 |   0.7727 |   38.74% |   47.84% |    0:11.34
      bandwidth/experts | c1:bw=29,experts=[2,6]; c2:bw=67,experts=[0,2,3,4,6,7]; c7:bw=22,experts=[0,6]; c5:bw=10,experts=[5]; c6:bw=60,experts=[0,2,3,4,6,7]; c3:bw=68,experts=[2,3,4,5,6,7]; c4:bw=34,experts=[0,1,5]; c9:bw=37,experts=[2,4,6]; c8:bw=46,experts=[2,4,6,7]; c0:bw=35,experts=[2,4,6]
   88 | 0.01000 |   0.7530 |   41.99% |   47.84% |    0:11.37
      bandwidth/experts | c8:bw=43,experts=[2,4,6,7]; c6:bw=27,experts=[2,6]; c3:bw=33,experts=[2,4,6]; c7:bw=41,experts=[2,4,6,7]; c0:bw=62,experts=[1,2,3,4,6,7]; c4:bw=38,experts=[3,4,6]; c9:bw=31,experts=[4,5,6]; c1:bw=28,experts=[1,6]; c5:bw=30,experts=[0,3,6]; c2:bw=46,experts=[1,2,5,6]
   89 | 0.01000 |   0.7250 |   41.02% |   47.84% |    0:11.60
      bandwidth/experts | c3:bw=31,experts=[0,4,6]; c8:bw=74,experts=[0,1,2,3,4,6,7]; c2:bw=44,experts=[2,4,6,7]; c9:bw=60,experts=[1,2,3,4,6,7]; c7:bw=21,experts=[3,6]; c5:bw=46,experts=[2,4,6,7]; c0:bw=13,experts=[5]; c6:bw=32,experts=[1,2,6]; c4:bw=30,experts=[2,4,6]; c1:bw=41,experts=[2,4,6,7]
   90 | 0.01000 |   0.7464 |   45.14% |   47.84% |    0:11.33
      bandwidth/experts | c7:bw=72,experts=[0,1,2,3,4,6,7]; c1:bw=31,experts=[2,4,6]; c3:bw=36,experts=[1,4,6]; c9:bw=63,experts=[0,2,3,4,6,7]; c0:bw=64,experts=[0,2,3,4,6,7]; c6:bw=26,experts=[2,6]; c2:bw=21,experts=[4,6]; c5:bw=27,experts=[1,6]; c8:bw=50,experts=[2,3,4,6,7]; c4:bw=35,experts=[2,4,6]
   91 | 0.01000 |   0.7715 |   41.76% |   47.84% |    0:11.28
      bandwidth/experts | c1:bw=50,experts=[2,3,4,6,7]; c9:bw=35,experts=[2,4,6]; c5:bw=52,experts=[2,3,4,6,7]; c7:bw=51,experts=[2,3,4,6,7]; c3:bw=40,experts=[2,4,6,7]; c4:bw=54,experts=[2,3,4,6,7]; c0:bw=22,experts=[2,6]; c6:bw=29,experts=[2,6]; c2:bw=11,experts=[6]; c8:bw=23,experts=[4,6]
   92 | 0.01000 |   0.7840 |   40.29% |   47.84% |    0:11.12
      bandwidth/experts | c3:bw=28,experts=[2,6]; c7:bw=34,experts=[2,5,6]; c1:bw=20,experts=[2,6]; c0:bw=29,experts=[2,6]; c8:bw=19,experts=[6]; c6:bw=45,experts=[2,4,6,7]; c9:bw=56,experts=[2,3,4,6,7]; c2:bw=25,experts=[2,6]; c5:bw=66,experts=[0,2,3,4,6,7]; c4:bw=26,experts=[4,6]
   93 | 0.01000 |   0.8128 |   43.49% |   47.84% |    0:11.23
      bandwidth/experts | c1:bw=47,experts=[2,4,6,7]; c3:bw=31,experts=[2,4,6]; c7:bw=22,experts=[2,6]; c9:bw=58,experts=[2,3,4,6,7]; c6:bw=22,experts=[2,6]; c8:bw=10,experts=[5]; c5:bw=10,experts=[6]; c4:bw=32,experts=[2,4,6]; c0:bw=19,experts=[6]; c2:bw=51,experts=[2,3,4,6,7]
   94 | 0.01000 |   0.7752 |   46.69% |   47.84% |    0:11.43
      bandwidth/experts | c7:bw=45,experts=[2,4,6,7]; c2:bw=65,experts=[0,2,3,4,6,7]; c5:bw=41,experts=[2,4,6,7]; c4:bw=31,experts=[2,4,6]; c6:bw=30,experts=[2,5,6]; c9:bw=50,experts=[2,3,4,6,7]; c1:bw=70,experts=[0,2,3,4,5,6,7]; c8:bw=10,experts=[6]; c0:bw=55,experts=[2,3,4,6,7]; c3:bw=34,experts=[2,4,6]
   95 | 0.01000 |   0.7404 |   47.96% |   47.96% |    0:11.43
      bandwidth/experts | c7:bw=59,experts=[2,3,4,6,7]; c9:bw=42,experts=[2,4,6,7]; c4:bw=15,experts=[0]; c6:bw=40,experts=[0,2,3,6]; c0:bw=35,experts=[2,4,6]; c3:bw=41,experts=[2,3,5,6]; c1:bw=31,experts=[2,4,6]; c8:bw=76,experts=[0,2,3,4,5,6,7]; c2:bw=23,experts=[2,6]; c5:bw=10,experts=[5]
   96 | 0.01000 |   0.7360 |   42.54% |   47.96% |    0:11.20
      bandwidth/experts | c2:bw=65,experts=[1,2,4,5,6,7]; c9:bw=44,experts=[2,4,5,6]; c3:bw=46,experts=[2,4,6,7]; c1:bw=36,experts=[1,2,6]; c5:bw=60,experts=[0,2,3,4,6,7]; c4:bw=49,experts=[1,2,5,6]; c6:bw=31,experts=[2,4,6]; c7:bw=50,experts=[2,3,4,6,7]; c0:bw=36,experts=[1,2,6]; c8:bw=64,experts=[0,2,3,4,6,7]
   97 | 0.01000 |   0.7657 |   40.45% |   47.96% |    0:11.27
      bandwidth/experts | c0:bw=41,experts=[2,4,5,6]; c9:bw=43,experts=[1,2,4,6]; c8:bw=43,experts=[1,2,4,6]; c4:bw=16,experts=[6]; c7:bw=30,experts=[2,4,6]; c1:bw=50,experts=[2,3,4,6,7]; c3:bw=35,experts=[0,2,6]; c5:bw=46,experts=[2,4,6,7]; c6:bw=50,experts=[1,2,4,6,7]; c2:bw=54,experts=[2,3,4,6,7]
   98 | 0.01000 |   0.7981 |   41.73% |   47.96% |    0:11.25
      bandwidth/experts | c4:bw=52,experts=[2,3,4,6,7]; c8:bw=54,experts=[2,3,4,6,7]; c9:bw=27,experts=[0,6]; c7:bw=24,experts=[0,1]; c6:bw=36,experts=[2,4,6]; c5:bw=49,experts=[1,2,4,6]; c0:bw=33,experts=[0,2,6]; c3:bw=25,experts=[1,6]; c1:bw=26,experts=[2,6]; c2:bw=24,experts=[2,6]
   99 | 0.01000 |   0.7336 |   38.50% |   47.96% |    0:11.60
      bandwidth/experts | c8:bw=34,experts=[2,4,6]; c5:bw=49,experts=[2,4,6,7]; c7:bw=45,experts=[2,4,6,7]; c1:bw=59,experts=[2,3,4,6,7]; c3:bw=38,experts=[2,4,6]; c9:bw=20,experts=[4,6]; c4:bw=24,experts=[4,6]; c0:bw=40,experts=[2,4,6,7]; c2:bw=31,experts=[2,4,6]; c6:bw=35,experts=[2,4,6]
  100 | 0.01000 |   0.7241 |   39.62% |   47.96% |    0:11.56
      bandwidth/experts | c2:bw=30,experts=[2,4,6]; c8:bw=44,experts=[2,4,6,7]; c9:bw=53,experts=[2,3,4,6,7]; c5:bw=18,experts=[6]; c6:bw=44,experts=[2,4,6,7]; c1:bw=17,experts=[6]; c4:bw=65,experts=[0,2,3,4,6,7]; c7:bw=10,experts=[5]; c3:bw=42,experts=[2,4,6,7]; c0:bw=64,experts=[0,2,3,4,6,7]

Done. Best Acc: 47.96% @ round 95
Total time: 18:49.01
[Export] 实验目录: /userhome/cs3/duanty/FedMoE/results/exp01-stl10-resnet-e8-fedadam-b2999/20260922-013213
[Export] 每轮明细: /userhome/cs3/duanty/FedMoE/results/exp01-stl10-resnet-e8-fedadam-b2999/20260922-013213/rounds.xlsx
[Export] 总体摘要: /userhome/cs3/duanty/FedMoE/results/exp01-stl10-resnet-e8-fedadam-b2999/20260922-013213/summary.xlsx
[Plot] result = /userhome/cs3/duanty/FedMoE/results/exp01-stl10-resnet-e8-fedadam-b2999/20260922-013213
[Plot] figures -> /userhome/cs3/duanty/FedMoE/results/exp01-stl10-resnet-e8-fedadam-b2999/20260922-013213/figure
  fig01_test_accuracy.pdf
  fig02_train_loss.pdf
  fig03_acc_and_loss.pdf
  fig04_bandwidth_and_k.pdf
  fig05_expert_round_heatmap.pdf
  fig06_client_expert_heatmap.pdf
  fig07_expert_frequency.pdf
  fig08_time_breakdown.pdf
  fig09_accuracy_vs_communication.pdf
  fig10_overview.pdf
[Export] 图片目录: /userhome/cs3/duanty/FedMoE/results/exp01-stl10-resnet-e8-fedadam-b2999/20260922-013213/figure
