========================================
Job    : exp06-c100-resnet-e8-posthoc
Host   : gpu-4090-111
Date   : Thu Sep 24 17:11:38 HKT 2026
GPU    : 0
Python : /userhome/cs3/duanty/miniconda3/envs/moe/bin/python
Command: python -u main.py --method ours --dataset cifar100 --backbone resnet --select posthoc --merge ours --device cuda --num_experts 8 --bw_max -1 --output_dir ./results/exp06-c100-resnet-e8-posthoc
========================================

==================================================================
 Ours  
  Dataset=cifar100 | beta=0.1 | Backbone=resnet | width_mult=1 | Clients=10 | Experts=8
  Select=posthoc | Merge=ours
  Rounds=100 | LR=0.01
  Bandwidth: expert_bw=10 | bw=[10, 80] | Rayleigh-Shannon, SNR=10 dB | k=floor(bw/10)
==================================================================


[Partition] Dirichlet beta=0.1, 10 clients
  Client 0:   4573 samples | 45/100 classes
  Client 1:   4218 samples | 54/100 classes
  Client 2:   3656 samples | 48/100 classes
  Client 3:   5018 samples | 43/100 classes
  Client 4:   6664 samples | 52/100 classes
  Client 5:   6137 samples | 45/100 classes
  Client 6:   6582 samples | 49/100 classes
  Client 7:   4512 samples | 39/100 classes
  Client 8:   5219 samples | 46/100 classes
  Client 9:   3421 samples | 100/100 classes

[Upload] expert_bw=10 | available bw=[10, 80] | Rayleigh-Shannon, SNR=10 dB | upload k=floor(bw/10), cap=8 | train all experts, then upload top-k by gate scores

[Model] Total params: 13,684,576

[Export] 本次实验目录: /userhome/cs3/duanty/FedMoE/results/exp06-c100-resnet-e8-posthoc/20260924-171143

Round |      LR |  AvgLoss |  TestAcc |     Best |  RoundTime
--------------------------------------------------------------------------------
    1 | 0.00208 |   3.6418 |    1.43% |    1.43% |    1:12.83
      bandwidth/experts | c8:bw=55,experts=[0,1,4,5,6]; c1:bw=29,experts=[1,4]; c5:bw=44,experts=[0,1,4,6]; c0:bw=10,experts=[6]; c7:bw=20,experts=[1,6]; c2:bw=29,experts=[4,6]; c9:bw=45,experts=[0,1,4,6]; c4:bw=40,experts=[0,1,4,6]; c3:bw=51,experts=[0,2,4,5,6]; c6:bw=41,experts=[0,1,4,6]
    2 | 0.00406 |   3.3070 |    3.82% |    3.82% |    1:10.30
      bandwidth/experts | c0:bw=36,experts=[1,4,6]; c1:bw=41,experts=[0,1,4,6]; c8:bw=48,experts=[0,1,4,6]; c5:bw=69,experts=[0,1,2,4,5,6]; c3:bw=67,experts=[0,1,2,4,5,6]; c4:bw=30,experts=[1,4,6]; c7:bw=55,experts=[0,1,4,5,6]; c9:bw=46,experts=[0,1,4,6]; c6:bw=17,experts=[4]; c2:bw=22,experts=[4,6]
    3 | 0.00604 |   3.1903 |    7.00% |    7.00% |    1:09.85
      bandwidth/experts | c9:bw=48,experts=[0,1,4,6]; c2:bw=42,experts=[1,4,5,6]; c0:bw=50,experts=[0,1,2,4,6]; c6:bw=40,experts=[0,1,4,6]; c8:bw=30,experts=[0,4,6]; c5:bw=13,experts=[4]; c3:bw=26,experts=[4,6]; c7:bw=33,experts=[1,4,6]; c1:bw=13,experts=[4]; c4:bw=52,experts=[1,2,4,5,6]
    4 | 0.00802 |   3.0975 |    8.93% |    8.93% |    1:10.09
      bandwidth/experts | c1:bw=40,experts=[0,1,4,6]; c7:bw=45,experts=[0,1,4,6]; c6:bw=53,experts=[1,2,4,5,6]; c2:bw=60,experts=[0,1,2,4,5,6]; c8:bw=31,experts=[1,4,6]; c0:bw=59,experts=[0,1,3,4,6]; c3:bw=34,experts=[0,4,6]; c4:bw=56,experts=[1,2,4,5,6]; c5:bw=73,experts=[0,1,2,3,4,5,6]; c9:bw=22,experts=[4,6]
    5 | 0.01000 |   3.0009 |   12.41% |   12.41% |    1:10.23
      bandwidth/experts | c1:bw=20,experts=[4,6]; c5:bw=40,experts=[0,1,4,6]; c4:bw=48,experts=[1,2,4,6]; c8:bw=37,experts=[3,4,6]; c0:bw=50,experts=[1,2,4,5,6]; c7:bw=24,experts=[4,6]; c6:bw=53,experts=[0,1,2,4,6]; c3:bw=63,experts=[0,1,2,4,5,6]; c2:bw=10,experts=[4]; c9:bw=62,experts=[0,1,3,4,5,6]
    6 | 0.01000 |   2.8774 |   14.59% |   14.59% |    1:10.34
      bandwidth/experts | c8:bw=67,experts=[0,1,2,4,5,6]; c2:bw=42,experts=[1,2,4,6]; c5:bw=27,experts=[4,6]; c7:bw=58,experts=[1,2,4,5,6]; c3:bw=36,experts=[1,4,6]; c1:bw=32,experts=[1,4,6]; c9:bw=48,experts=[1,4,5,6]; c0:bw=31,experts=[1,4,6]; c4:bw=17,experts=[4]; c6:bw=20,experts=[4,6]
    7 | 0.01000 |   2.7659 |   18.21% |   18.21% |    1:10.01
      bandwidth/experts | c0:bw=36,experts=[1,4,6]; c5:bw=49,experts=[2,4,5,6]; c2:bw=40,experts=[1,2,4,6]; c6:bw=13,experts=[4]; c3:bw=26,experts=[4,6]; c7:bw=31,experts=[1,4,6]; c4:bw=14,experts=[4]; c1:bw=10,experts=[4]; c8:bw=57,experts=[1,2,4,5,6]; c9:bw=10,experts=[4]
    8 | 0.01000 |   2.6701 |   18.68% |   18.68% |    1:10.64
      bandwidth/experts | c4:bw=10,experts=[3]; c8:bw=37,experts=[4,6,7]; c1:bw=58,experts=[2,3,4,5,7]; c3:bw=37,experts=[3,4,7]; c0:bw=32,experts=[4,6,7]; c5:bw=28,experts=[4,7]; c2:bw=54,experts=[1,3,4,6,7]; c9:bw=59,experts=[1,2,4,6,7]; c7:bw=15,experts=[3]; c6:bw=41,experts=[3,4,6,7]
    9 | 0.01000 |   2.5754 |   22.45% |   22.45% |    1:10.04
      bandwidth/experts | c2:bw=21,experts=[4,6]; c0:bw=52,experts=[1,2,4,5,6]; c4:bw=59,experts=[0,1,4,6,7]; c9:bw=26,experts=[4,6]; c8:bw=18,experts=[4]; c6:bw=31,experts=[1,4,6]; c7:bw=46,experts=[4,5,6,7]; c5:bw=52,experts=[0,1,4,5,6]; c1:bw=14,experts=[4]; c3:bw=23,experts=[4,6]
   10 | 0.01000 |   2.4962 |   24.00% |   24.00% |    1:10.16
      bandwidth/experts | c4:bw=37,experts=[1,4,6]; c2:bw=34,experts=[1,4,6]; c7:bw=37,experts=[4,5,6]; c0:bw=59,experts=[0,1,4,5,6]; c6:bw=65,experts=[0,1,2,4,5,6]; c3:bw=46,experts=[1,4,5,6]; c5:bw=58,experts=[0,1,4,5,6]; c8:bw=35,experts=[1,4,6]; c9:bw=35,experts=[1,4,6]; c1:bw=41,experts=[1,2,4,6]
   11 | 0.01000 |   2.4205 |   28.28% |   28.28% |    1:09.84
      bandwidth/experts | c5:bw=28,experts=[4,6]; c2:bw=27,experts=[4,6]; c7:bw=44,experts=[0,1,4,6]; c3:bw=50,experts=[0,1,4,5,6]; c0:bw=28,experts=[4,6]; c8:bw=39,experts=[1,4,6]; c9:bw=33,experts=[1,4,6]; c6:bw=55,experts=[1,2,4,5,6]; c1:bw=40,experts=[0,1,4,6]; c4:bw=16,experts=[4]
   12 | 0.01000 |   2.3616 |   29.39% |   29.39% |    1:10.45
      bandwidth/experts | c1:bw=42,experts=[0,1,4,6]; c5:bw=56,experts=[0,1,3,4,6]; c2:bw=57,experts=[0,1,4,5,6]; c4:bw=28,experts=[4,5]; c3:bw=35,experts=[0,4,6]; c7:bw=30,experts=[0,4,6]; c9:bw=42,experts=[0,1,4,6]; c6:bw=29,experts=[4,6]; c8:bw=55,experts=[0,1,2,4,6]; c0:bw=49,experts=[1,3,4,6]
   13 | 0.01000 |   2.3061 |   28.62% |   29.39% |    1:10.33
      bandwidth/experts | c3:bw=30,experts=[2,4,6]; c1:bw=47,experts=[0,1,4,6]; c4:bw=10,experts=[2]; c5:bw=29,experts=[4,6]; c8:bw=15,experts=[3]; c6:bw=36,experts=[1,4,6]; c9:bw=15,experts=[3]; c7:bw=58,experts=[0,1,4,5,6]; c0:bw=25,experts=[4,6]; c2:bw=16,experts=[4]
   14 | 0.01000 |   2.2603 |   32.70% |   32.70% |    1:10.71
      bandwidth/experts | c2:bw=45,experts=[1,4,5,6]; c4:bw=10,experts=[4]; c5:bw=64,experts=[0,1,2,4,5,6]; c1:bw=38,experts=[0,4,6]; c7:bw=25,experts=[2,4]; c0:bw=25,experts=[4,6]; c9:bw=32,experts=[4,5,6]; c3:bw=45,experts=[0,4,5,6]; c8:bw=21,experts=[4,6]; c6:bw=67,experts=[0,1,2,4,5,6]
   15 | 0.01000 |   2.2085 |   34.31% |   34.31% |    1:10.84
      bandwidth/experts | c7:bw=59,experts=[0,1,4,5,6]; c0:bw=20,experts=[4,6]; c1:bw=14,experts=[4]; c8:bw=52,experts=[0,1,4,5,6]; c3:bw=10,experts=[4]; c2:bw=53,experts=[1,2,4,5,6]; c4:bw=47,experts=[0,1,4,6]; c5:bw=18,experts=[4]; c9:bw=19,experts=[4]; c6:bw=33,experts=[1,4,6]
   16 | 0.01000 |   2.1662 |   35.36% |   35.36% |    1:11.53
      bandwidth/experts | c6:bw=40,experts=[3,4,6,7]; c1:bw=29,experts=[3,5]; c3:bw=43,experts=[3,4,6,7]; c8:bw=49,experts=[1,4,6,7]; c7:bw=22,experts=[3,4]; c5:bw=40,experts=[0,4,6,7]; c4:bw=35,experts=[3,4,6]; c9:bw=24,experts=[2,7]; c0:bw=57,experts=[1,4,5,6,7]; c2:bw=52,experts=[1,3,4,6,7]
   17 | 0.01000 |   2.1314 |   37.09% |   37.09% |    1:12.05
      bandwidth/experts | c4:bw=58,experts=[1,2,4,6,7]; c7:bw=25,experts=[4,7]; c8:bw=10,experts=[4]; c3:bw=52,experts=[0,1,4,5,6]; c5:bw=10,experts=[4]; c1:bw=29,experts=[4,7]; c0:bw=11,experts=[2]; c2:bw=19,experts=[4]; c9:bw=37,experts=[1,4,6]; c6:bw=39,experts=[1,4,6]
   18 | 0.01000 |   2.0959 |   38.57% |   38.57% |    1:11.61
      bandwidth/experts | c1:bw=10,experts=[2]; c8:bw=10,experts=[4]; c5:bw=35,experts=[1,4,6]; c2:bw=37,experts=[1,4,6]; c9:bw=19,experts=[4]; c7:bw=55,experts=[0,1,4,5,6]; c4:bw=56,experts=[0,1,2,4,6]; c3:bw=37,experts=[4,5,6]; c0:bw=49,experts=[0,1,4,6]; c6:bw=31,experts=[4,5,6]
   19 | 0.01000 |   2.0649 |   41.41% |   41.41% |    1:12.10
      bandwidth/experts | c8:bw=56,experts=[0,1,4,5,6]; c0:bw=42,experts=[0,1,4,6]; c4:bw=51,experts=[0,1,4,5,6]; c1:bw=46,experts=[0,1,4,6]; c9:bw=38,experts=[1,4,6]; c5:bw=29,experts=[4,6]; c7:bw=22,experts=[4,6]; c2:bw=14,experts=[4]; c6:bw=66,experts=[0,1,2,4,5,6]; c3:bw=40,experts=[1,4,5,6]
   20 | 0.01000 |   2.0330 |   42.36% |   42.36% |    1:12.42
      bandwidth/experts | c0:bw=28,experts=[3,4]; c2:bw=41,experts=[0,1,4,6]; c1:bw=40,experts=[1,4,5,6]; c9:bw=17,experts=[0]; c7:bw=43,experts=[0,1,4,6]; c6:bw=68,experts=[0,1,2,4,5,6]; c3:bw=18,experts=[4]; c5:bw=10,experts=[3]; c4:bw=59,experts=[0,1,2,4,6]; c8:bw=50,experts=[0,1,2,4,6]
   21 | 0.01000 |   2.0063 |   41.61% |   42.36% |    1:11.75
      bandwidth/experts | c1:bw=41,experts=[0,1,4,6]; c2:bw=39,experts=[1,4,6]; c7:bw=12,experts=[4]; c4:bw=48,experts=[0,1,4,6]; c8:bw=18,experts=[3]; c5:bw=32,experts=[0,4,6]; c0:bw=66,experts=[0,1,2,4,5,6]; c3:bw=10,experts=[2]; c6:bw=16,experts=[4]; c9:bw=25,experts=[3,4]
   22 | 0.01000 |   1.9821 |   43.23% |   43.23% |    1:12.33
      bandwidth/experts | c7:bw=16,experts=[2]; c9:bw=33,experts=[4,5,6]; c1:bw=10,experts=[4]; c6:bw=61,experts=[0,1,2,4,5,6]; c5:bw=17,experts=[2]; c2:bw=66,experts=[0,1,2,4,5,6]; c0:bw=67,experts=[0,1,2,4,5,6]; c4:bw=36,experts=[1,4,6]; c3:bw=56,experts=[0,1,4,5,6]; c8:bw=33,experts=[1,4,6]
   23 | 0.01000 |   1.9600 |   45.24% |   45.24% |    1:12.16
      bandwidth/experts | c5:bw=52,experts=[0,1,4,5,6]; c7:bw=15,experts=[4]; c4:bw=56,experts=[0,1,4,5,6]; c6:bw=10,experts=[4]; c9:bw=50,experts=[0,1,4,5,6]; c8:bw=35,experts=[1,4,6]; c3:bw=15,experts=[4]; c1:bw=62,experts=[0,1,2,4,5,6]; c2:bw=32,experts=[1,4,6]; c0:bw=11,experts=[4]
   24 | 0.01000 |   1.9273 |   40.97% |   45.24% |    1:14.76
      bandwidth/experts | c6:bw=30,experts=[3,4,7]; c4:bw=12,experts=[3]; c7:bw=10,experts=[3]; c9:bw=50,experts=[1,2,4,6,7]; c2:bw=43,experts=[3,4,6,7]; c1:bw=10,experts=[3]; c5:bw=25,experts=[4,7]; c8:bw=18,experts=[7]; c3:bw=10,experts=[3]; c0:bw=31,experts=[4,6,7]
