========================================
Job    : exp03-c100-resnet-e4-fedadam
Host   : gpu-4090-101
Date   : Wed Sep 23 13:52:35 HKT 2026
GPU    : 0
Python : /userhome/cs3/duanty/miniconda3/envs/moe/bin/python
Command: python -u main.py --method ours --dataset cifar100 --backbone resnet --select ours --merge fedadam --device cuda --num_experts 4 --num_clients 10 --bw_min 10 --bw_max -1 --output_dir ./results/exp03-c100-resnet-e4-fedadam --fedadam_tau 0.01
========================================

==================================================================
 Ours  
  Dataset=cifar100 | beta=0.1 | Backbone=resnet | width_mult=1 | Clients=10 | Experts=4
  Select=ours | Merge=fedadam
  Expert refresh N_ref=4
  Rounds=100 | LR=0.01
  Bandwidth: expert_bw=10 | bw=[10, 40] | Rayleigh-Shannon, SNR=10 dB | k=floor(bw/10)
==================================================================


[Partition] Dirichlet beta=0.1, 10 clients
  Client 0:   4573 samples | 45/100 classes
  Client 1:   4218 samples | 54/100 classes
  Client 2:   3656 samples | 48/100 classes
  Client 3:   5018 samples | 43/100 classes
  Client 4:   6664 samples | 52/100 classes
  Client 5:   6137 samples | 45/100 classes
  Client 6:   6582 samples | 49/100 classes
  Client 7:   4512 samples | 39/100 classes
  Client 8:   5219 samples | 46/100 classes
  Client 9:   3421 samples | 100/100 classes

[Upload] expert_bw=10 | available bw=[10, 40] | Rayleigh-Shannon, SNR=10 dB | upload k=floor(bw/10), cap=4 | probe gate scores, refresh stale experts, then train selected

[Model] Total params: 12,426,704

[Export] 本次实验目录: /userhome/cs3/duanty/FedMoE/results/exp03-c100-resnet-e4-fedadam/20260923-135239

Round |      LR |  AvgLoss |  TestAcc |     Best |  RoundTime
--------------------------------------------------------------------------------
    1 | 0.00208 |   3.6285 |    1.01% |    1.01% |    0:51.29
      bandwidth/experts | c8:bw=31,experts=[0,1,2]; c1:bw=16,experts=[2]; c5:bw=25,experts=[1,2]; c0:bw=10,experts=[2]; c7:bw=11,experts=[2]; c2:bw=16,experts=[2]; c9:bw=25,experts=[1,2]; c4:bw=22,experts=[1,2]; c3:bw=28,experts=[1,2]; c6:bw=23,experts=[1,2]
    2 | 0.00406 |   3.4755 |    1.00% |    1.01% |    0:50.36
      bandwidth/experts | c0:bw=20,experts=[1,2]; c1:bw=23,experts=[1,2]; c8:bw=27,experts=[1,2]; c5:bw=38,experts=[0,1,2]; c3:bw=37,experts=[0,1,2]; c4:bw=17,experts=[1]; c7:bw=31,experts=[0,1,2]; c9:bw=26,experts=[1,2]; c6:bw=10,experts=[1]; c2:bw=12,experts=[1]
    3 | 0.00604 |   3.3944 |    1.00% |    1.01% |    0:50.70
      bandwidth/experts | c9:bw=26,experts=[1,2]; c2:bw=23,experts=[1,2]; c0:bw=28,experts=[1,2]; c6:bw=22,experts=[1,2]; c8:bw=17,experts=[1]; c5:bw=10,experts=[1]; c3:bw=14,experts=[1]; c7:bw=18,experts=[1]; c1:bw=10,experts=[1]; c4:bw=29,experts=[1,2]
    4 | 0.00802 |   3.6513 |    1.00% |    1.01% |    0:50.83
      bandwidth/experts | c1:bw=22,experts=[0,3]; c7:bw=25,experts=[1,3]; c6:bw=29,experts=[0,3]; c2:bw=33,experts=[0,1,3]; c8:bw=17,experts=[3]; c0:bw=33,experts=[0,1,3]; c3:bw=19,experts=[3]; c4:bw=31,experts=[0,1,3]; c5:bw=40,experts=[0,1,2,3]; c9:bw=12,experts=[0]
    5 | 0.01000 |   3.3044 |    1.09% |    1.09% |    0:50.53
      bandwidth/experts | c1:bw=11,experts=[1]; c5:bw=22,experts=[1,2]; c4:bw=27,experts=[1,2]; c8:bw=20,experts=[0,1]; c0:bw=28,experts=[1,2]; c7:bw=14,experts=[1]; c6:bw=29,experts=[1,2]; c3:bw=35,experts=[0,1,2]; c2:bw=10,experts=[1]; c9:bw=35,experts=[1,2,3]
    6 | 0.01000 |   3.2777 |    1.39% |    1.39% |    0:50.73
      bandwidth/experts | c8:bw=37,experts=[0,1,2]; c2:bw=23,experts=[1,2]; c5:bw=15,experts=[1]; c7:bw=32,experts=[0,1,2]; c3:bw=20,experts=[1,2]; c1:bw=18,experts=[2]; c9:bw=27,experts=[1,2]; c0:bw=17,experts=[1]; c4:bw=10,experts=[1]; c6:bw=11,experts=[1]
    7 | 0.01000 |   3.2403 |    2.34% |    2.34% |    0:49.59
      bandwidth/experts | c0:bw=20,experts=[1,2]; c5:bw=27,experts=[1,2]; c2:bw=22,experts=[1,2]; c6:bw=10,experts=[1]; c3:bw=15,experts=[1]; c7:bw=17,experts=[1]; c4:bw=10,experts=[1]; c1:bw=10,experts=[1]; c8:bw=32,experts=[0,1,2]; c9:bw=10,experts=[1]
    8 | 0.01000 |   3.5044 |    4.74% |    4.74% |    0:49.39
      bandwidth/experts | c4:bw=10,experts=[0]; c8:bw=20,experts=[1,3]; c1:bw=32,experts=[0,1,3]; c3:bw=21,experts=[1,3]; c0:bw=18,experts=[0]; c5:bw=16,experts=[0]; c2:bw=30,experts=[0,1,3]; c9:bw=33,experts=[0,1,2]; c7:bw=10,experts=[3]; c6:bw=23,experts=[0,3]
    9 | 0.01000 |   3.3354 |    6.12% |    6.12% |    0:49.45
      bandwidth/experts | c2:bw=12,experts=[1]; c0:bw=29,experts=[1,3]; c4:bw=33,experts=[1,2,3]; c9:bw=15,experts=[3]; c8:bw=10,experts=[1]; c6:bw=17,experts=[2]; c7:bw=25,experts=[1,2]; c5:bw=29,experts=[1,3]; c1:bw=10,experts=[1]; c3:bw=13,experts=[0]
   10 | 0.01000 |   3.1213 |    6.16% |    6.16% |    0:51.70
      bandwidth/experts | c4:bw=20,experts=[1,2]; c2:bw=19,experts=[1]; c7:bw=21,experts=[0,1]; c0:bw=33,experts=[1,2,3]; c6:bw=36,experts=[1,2,3]; c3:bw=26,experts=[1,2]; c5:bw=32,experts=[1,2,3]; c8:bw=20,experts=[1,2]; c9:bw=20,experts=[1,2]; c1:bw=23,experts=[1,2]
   11 | 0.01000 |   3.1470 |    6.33% |    6.33% |    0:59.76
      bandwidth/experts | c5:bw=15,experts=[1]; c2:bw=15,experts=[2]; c7:bw=24,experts=[1,2]; c3:bw=28,experts=[1,2]; c0:bw=16,experts=[1]; c8:bw=22,experts=[0,1]; c9:bw=18,experts=[1]; c6:bw=31,experts=[1,2,3]; c1:bw=22,experts=[1,2]; c4:bw=10,experts=[1]
   12 | 0.01000 |   3.3551 |    6.60% |    6.60% |    0:54.35
      bandwidth/experts | c1:bw=24,experts=[0,3]; c5:bw=31,experts=[0,1,2]; c2:bw=32,experts=[0,1,3]; c4:bw=16,experts=[0]; c3:bw=19,experts=[3]; c7:bw=16,experts=[3]; c9:bw=23,experts=[0,1]; c6:bw=16,experts=[0]; c8:bw=31,experts=[1,2,3]; c0:bw=27,experts=[0,1]
   13 | 0.01000 |   3.1766 |    7.65% |    7.65% |    0:50.32
      bandwidth/experts | c3:bw=17,experts=[0]; c1:bw=26,experts=[1,2]; c4:bw=10,experts=[3]; c5:bw=16,experts=[1]; c8:bw=10,experts=[1]; c6:bw=20,experts=[1,2]; c9:bw=10,experts=[3]; c7:bw=32,experts=[1,2,3]; c0:bw=14,experts=[1]; c2:bw=10,experts=[1]
   14 | 0.01000 |   3.2379 |    8.20% |    8.20% |    0:49.59
      bandwidth/experts | c2:bw=25,experts=[1,2]; c4:bw=10,experts=[2]; c5:bw=36,experts=[1,2,3]; c1:bw=21,experts=[1,2]; c7:bw=14,experts=[0]; c0:bw=14,experts=[2]; c9:bw=18,experts=[2]; c3:bw=25,experts=[1,2]; c8:bw=12,experts=[1]; c6:bw=37,experts=[1,2,3]
   15 | 0.01000 |   3.0070 |    9.17% |    9.17% |    0:49.41
      bandwidth/experts | c7:bw=33,experts=[1,2,3]; c0:bw=11,experts=[3]; c1:bw=10,experts=[1]; c8:bw=29,experts=[0,1]; c3:bw=10,experts=[1]; c2:bw=29,experts=[1,2]; c4:bw=26,experts=[1,2]; c5:bw=10,experts=[1]; c9:bw=11,experts=[1]; c6:bw=18,experts=[1]
   16 | 0.01000 |   3.1244 |   10.63% |   10.63% |    0:49.49
      bandwidth/experts | c6:bw=22,experts=[0,1]; c1:bw=16,experts=[0]; c3:bw=24,experts=[1,3]; c8:bw=27,experts=[2,3]; c7:bw=12,experts=[1]; c5:bw=22,experts=[0,1]; c4:bw=20,experts=[0,1]; c9:bw=13,experts=[0]; c0:bw=32,experts=[0,1,2]; c2:bw=29,experts=[0,3]
   17 | 0.01000 |   2.9261 |   11.95% |   11.95% |    0:49.50
      bandwidth/experts | c4:bw=32,experts=[1,2,3]; c7:bw=14,experts=[1]; c8:bw=10,experts=[1]; c3:bw=29,experts=[0,1]; c5:bw=10,experts=[1]; c1:bw=16,experts=[3]; c0:bw=10,experts=[1]; c2:bw=11,experts=[1]; c9:bw=21,experts=[1,3]; c6:bw=21,experts=[1,2]
   18 | 0.01000 |   3.0343 |   12.27% |   12.27% |    0:49.54
      bandwidth/experts | c1:bw=10,experts=[2]; c8:bw=10,experts=[1]; c5:bw=19,experts=[2]; c2:bw=21,experts=[1,2]; c9:bw=10,experts=[2]; c7:bw=30,experts=[0,1,2]; c4:bw=31,experts=[1,2,3]; c3:bw=21,experts=[1,2]; c0:bw=27,experts=[1,2]; c6:bw=17,experts=[3]
   19 | 0.01000 |   2.9073 |   14.42% |   14.42% |    0:49.42
      bandwidth/experts | c8:bw=31,experts=[0,1,2]; c0:bw=23,experts=[1,3]; c4:bw=28,experts=[1,2]; c1:bw=26,experts=[1,2]; c9:bw=21,experts=[1,2]; c5:bw=16,experts=[3]; c7:bw=12,experts=[3]; c2:bw=10,experts=[1]; c6:bw=36,experts=[1,2,3]; c3:bw=22,experts=[1,2]
   20 | 0.01000 |   3.0198 |   15.23% |   15.23% |    0:49.32
      bandwidth/experts | c0:bw=15,experts=[0]; c2:bw=23,experts=[0,3]; c1:bw=22,experts=[0,1]; c9:bw=10,experts=[0]; c7:bw=24,experts=[1,2]; c6:bw=38,experts=[0,1,2]; c3:bw=10,experts=[3]; c5:bw=10,experts=[0]; c4:bw=33,experts=[0,1,2]; c8:bw=28,experts=[1,3]
   21 | 0.01000 |   2.8326 |   15.15% |   15.23% |    0:49.60
      bandwidth/experts | c1:bw=23,experts=[1,3]; c2:bw=22,experts=[1,2]; c7:bw=10,experts=[1]; c4:bw=26,experts=[1,2]; c8:bw=10,experts=[1]; c5:bw=18,experts=[1]; c0:bw=37,experts=[1,2,3]; c3:bw=10,experts=[0]; c6:bw=10,experts=[1]; c9:bw=14,experts=[3]
   22 | 0.01000 |   2.7951 |   17.17% |   17.17% |    0:49.87
      bandwidth/experts | c7:bw=10,experts=[0]; c9:bw=18,experts=[1]; c1:bw=10,experts=[1]; c6:bw=34,experts=[1,2,3]; c5:bw=10,experts=[2]; c2:bw=37,experts=[1,2,3]; c0:bw=37,experts=[1,2,3]; c4:bw=20,experts=[1,3]; c3:bw=31,experts=[1,2,3]; c8:bw=18,experts=[1]
   23 | 0.01000 |   2.7637 |   16.27% |   17.17% |    0:49.75
      bandwidth/experts | c5:bw=29,experts=[1,3]; c7:bw=10,experts=[3]; c4:bw=31,experts=[1,2,3]; c6:bw=10,experts=[1]; c9:bw=28,experts=[1,2]; c8:bw=19,experts=[0]; c3:bw=10,experts=[1]; c1:bw=34,experts=[1,2,3]; c2:bw=18,experts=[1]; c0:bw=10,experts=[1]
   24 | 0.01000 |   2.9361 |   15.87% |   17.17% |    0:50.56
      bandwidth/experts | c6:bw=17,experts=[0]; c4:bw=10,experts=[0]; c7:bw=10,experts=[2]; c9:bw=28,experts=[0,1]; c2:bw=24,experts=[0,1]; c1:bw=10,experts=[0]; c5:bw=14,experts=[0]; c8:bw=10,experts=[2]; c3:bw=10,experts=[1]; c0:bw=17,experts=[0]
   25 | 0.01000 |   2.6445 |   18.03% |   18.03% |    0:49.60
      bandwidth/experts | c9:bw=22,experts=[1,3]; c6:bw=10,experts=[1]; c4:bw=32,experts=[1,2,3]; c3:bw=10,experts=[0]; c5:bw=35,experts=[1,2,3]; c1:bw=27,experts=[1,2]; c8:bw=30,experts=[1,2,3]; c2:bw=10,experts=[1]; c0:bw=31,experts=[1,2,3]; c7:bw=22,experts=[1,2]
   26 | 0.01000 |   2.7519 |   19.21% |   19.21% |    0:49.46
      bandwidth/experts | c3:bw=25,experts=[2,3]; c6:bw=19,experts=[2]; c9:bw=28,experts=[1,2]; c7:bw=17,experts=[0]; c1:bw=18,experts=[1]; c5:bw=11,experts=[1]; c2:bw=17,experts=[2]; c8:bw=30,experts=[1,2,3]; c0:bw=10,experts=[1]; c4:bw=26,experts=[1,2]
   27 | 0.01000 |   2.6012 |   22.21% |   22.21% |    0:49.56
      bandwidth/experts | c7:bw=29,experts=[1,3]; c1:bw=34,experts=[1,2,3]; c4:bw=10,experts=[1]; c0:bw=20,experts=[1,2]; c9:bw=10,experts=[1]; c2:bw=11,experts=[3]; c8:bw=31,experts=[0,1,2]; c3:bw=12,experts=[1]; c6:bw=35,experts=[1,2,3]; c5:bw=20,experts=[1,2]
   28 | 0.01000 |   2.6991 |   23.61% |   23.61% |    0:49.44
      bandwidth/experts | c6:bw=16,experts=[0]; c9:bw=27,experts=[0,1]; c0:bw=26,experts=[0,1]; c8:bw=16,experts=[1]; c2:bw=10,experts=[0]; c5:bw=18,experts=[0]; c1:bw=14,experts=[0]; c3:bw=10,experts=[1]; c4:bw=10,experts=[0]; c7:bw=10,experts=[1]
   29 | 0.01000 |   2.6143 |   25.07% |   25.07% |    0:49.44
      bandwidth/experts | c4:bw=21,experts=[1,3]; c0:bw=24,experts=[1,3]; c1:bw=18,experts=[1]; c9:bw=24,experts=[1,3]; c6:bw=24,experts=[1,2]; c8:bw=19,experts=[1]; c7:bw=12,experts=[2]; c3:bw=18,experts=[0]; c2:bw=10,experts=[1]; c5:bw=19,experts=[3]
   30 | 0.01000 |   2.5731 |   25.79% |   25.79% |    0:49.56
      bandwidth/experts | c5:bw=34,experts=[1,2,3]; c1:bw=20,experts=[1,2]; c9:bw=30,experts=[1,2,3]; c4:bw=29,experts=[1,2]; c0:bw=10,experts=[1]; c8:bw=23,experts=[1,3]; c6:bw=10,experts=[1]; c7:bw=10,experts=[0]; c3:bw=33,experts=[1,2,3]; c2:bw=15,experts=[2]
   31 | 0.01000 |   2.5952 |   26.31% |   26.31% |    0:53.66
      bandwidth/experts | c6:bw=16,experts=[3]; c4:bw=11,experts=[1]; c9:bw=25,experts=[1,2]; c1:bw=17,experts=[3]; c5:bw=34,experts=[1,2,3]; c8:bw=18,experts=[0]; c3:bw=13,experts=[1]; c2:bw=10,experts=[3]; c0:bw=26,experts=[1,2]; c7:bw=35,experts=[1,2,3]
   32 | 0.01000 |   2.5513 |   26.84% |   26.84% |    0:57.15
      bandwidth/experts | c8:bw=12,experts=[2]; c5:bw=20,experts=[0,1]; c4:bw=27,experts=[0,1]; c7:bw=26,experts=[1,2]; c0:bw=25,experts=[0,1]; c1:bw=12,experts=[0]; c3:bw=16,experts=[1]; c6:bw=15,experts=[0]; c2:bw=30,experts=[0,1,2]; c9:bw=17,experts=[0]
   33 | 0.01000 |   2.3997 |   25.11% |   26.84% |    0:49.74
      bandwidth/experts | c7:bw=29,experts=[1,2]; c1:bw=19,experts=[1]; c3:bw=39,experts=[0,1,2]; c6:bw=20,experts=[1,2]; c5:bw=16,experts=[1]; c9:bw=23,experts=[1,2]; c2:bw=13,experts=[1]; c8:bw=28,experts=[1,2]; c4:bw=25,experts=[1,3]; c0:bw=35,experts=[1,2,3]
   34 | 0.01000 |   2.4268 |   27.57% |   27.57% |    0:49.68
      bandwidth/experts | c4:bw=26,experts=[1,2]; c1:bw=26,experts=[1,2]; c6:bw=27,experts=[1,2]; c9:bw=38,experts=[1,2,3]; c8:bw=23,experts=[1,3]; c0:bw=12,experts=[1]; c5:bw=33,experts=[1,2,3]; c7:bw=18,experts=[0]; c3:bw=40,experts=[0,1,2,3]; c2:bw=30,experts=[1,2,3]
   35 | 0.01000 |   2.3864 |   29.16% |   29.16% |    0:50.91
      bandwidth/experts | c4:bw=18,experts=[1]; c0:bw=11,experts=[1]; c1:bw=17,experts=[3]; c6:bw=24,experts=[1,3]; c2:bw=25,experts=[1,2]; c8:bw=28,experts=[0,1]; c9:bw=15,experts=[1]; c7:bw=27,experts=[1,3]; c5:bw=23,experts=[1,2]; c3:bw=13,experts=[1]
   36 | 0.01000 |   2.3610 |   28.80% |   29.16% |    0:56.34
      bandwidth/experts | c9:bw=21,experts=[0,1]; c0:bw=20,experts=[0,1]; c3:bw=33,experts=[1,2,3]; c7:bw=15,experts=[1]; c6:bw=24,experts=[0,1]; c5:bw=27,experts=[0,1]; c1:bw=10,experts=[0]; c4:bw=40,experts=[0,1,2,3]; c8:bw=28,experts=[1,2]; c2:bw=28,experts=[0,1]
   37 | 0.01000 |   2.3088 |   30.46% |   30.46% |    0:49.58
      bandwidth/experts | c1:bw=10,experts=[1]; c5:bw=22,experts=[1,2]; c2:bw=20,experts=[1,2]; c6:bw=36,experts=[1,2,3]; c4:bw=22,experts=[1,2]; c7:bw=23,experts=[1,2]; c9:bw=22,experts=[1,2]; c0:bw=30,experts=[1,2,3]; c3:bw=20,experts=[1,2]; c8:bw=10,experts=[1]
   38 | 0.01000 |   2.4331 |   32.47% |   32.47% |    0:49.74
      bandwidth/experts | c8:bw=25,experts=[1,3]; c6:bw=10,experts=[1]; c4:bw=29,experts=[1,2]; c1:bw=17,experts=[2]; c5:bw=10,experts=[3]; c2:bw=10,experts=[3]; c3:bw=21,experts=[0,1]; c7:bw=28,experts=[0,1]; c9:bw=14,experts=[3]; c0:bw=22,experts=[1,2]
   39 | 0.01000 |   2.2632 |   33.23% |   33.23% |    0:52.63
      bandwidth/experts | c3:bw=14,experts=[1]; c0:bw=10,experts=[1]; c1:bw=25,experts=[1,3]; c7:bw=22,experts=[1,3]; c6:bw=17,experts=[1]; c8:bw=25,experts=[0,1]; c2:bw=20,experts=[1,2]; c4:bw=20,experts=[1,2]; c9:bw=13,experts=[1]; c5:bw=40,experts=[0,1,2,3]
   40 | 0.01000 |   2.3229 |   33.27% |   33.27% |    0:59.17
      bandwidth/experts | c8:bw=14,experts=[2]; c1:bw=23,experts=[0,1]; c5:bw=18,experts=[1]; c6:bw=26,experts=[0,1]; c2:bw=36,experts=[0,1,2]; c7:bw=37,experts=[1,2,3]; c3:bw=10,experts=[3]; c4:bw=11,experts=[0]; c9:bw=22,experts=[0,1]; c0:bw=20,experts=[0,1]
   41 | 0.01000 |   2.2791 |   34.79% |   34.79% |    0:58.79
      bandwidth/experts | c2:bw=30,experts=[1,2,3]; c6:bw=10,experts=[2]; c8:bw=31,experts=[1,2,3]; c1:bw=10,experts=[1]; c4:bw=28,experts=[1,3]; c5:bw=34,experts=[1,2,3]; c7:bw=38,experts=[1,2,3]; c3:bw=22,experts=[1,2]; c9:bw=30,experts=[1,2,3]; c0:bw=10,experts=[3]
   42 | 0.01000 |   2.2971 |   35.45% |   35.45% |    0:55.73
      bandwidth/experts | c5:bw=28,experts=[1,2]; c1:bw=27,experts=[1,2]; c3:bw=27,experts=[0,1]; c9:bw=28,experts=[1,2]; c6:bw=19,experts=[3]; c0:bw=10,experts=[2]; c7:bw=11,experts=[0]; c4:bw=30,experts=[1,2,3]; c8:bw=23,experts=[1,2]; c2:bw=22,experts=[1,2]
   43 | 0.01000 |   2.1847 |   36.00% |   36.00% |    0:50.24
      bandwidth/experts | c5:bw=29,experts=[0,1]; c1:bw=32,experts=[1,2,3]; c2:bw=28,experts=[1,2]; c8:bw=25,experts=[0,1]; c9:bw=18,experts=[1]; c7:bw=12,experts=[1]; c4:bw=19,experts=[1]; c6:bw=10,experts=[1]; c3:bw=36,experts=[1,2,3]; c0:bw=12,experts=[1]
   44 | 0.01000 |   2.1996 |   37.09% |   37.09% |    0:51.55
      bandwidth/experts | c0:bw=37,experts=[0,1,2]; c3:bw=26,experts=[1,2]; c4:bw=16,experts=[0]; c2:bw=20,experts=[0,1]; c7:bw=40,experts=[0,1,2,3]; c5:bw=13,experts=[1]; c6:bw=11,experts=[0]; c9:bw=21,experts=[0,1]; c8:bw=19,experts=[1]; c1:bw=25,experts=[0,1]
   45 | 0.01000 |   2.2037 |   37.64% |   37.64% |    0:59.75
      bandwidth/experts | c8:bw=31,experts=[1,2,3]; c0:bw=20,experts=[1,3]; c3:bw=37,experts=[1,2,3]; c4:bw=36,experts=[1,2,3]; c7:bw=20,experts=[1,2]; c2:bw=27,experts=[1,3]; c9:bw=14,experts=[3]; c6:bw=10,experts=[2]; c5:bw=25,experts=[1,3]; c1:bw=31,experts=[1,2,3]
   46 | 0.01000 |   2.1436 |   38.81% |   38.81% |    1:04.15
      bandwidth/experts | c9:bw=20,experts=[1,2]; c3:bw=15,experts=[0]; c6:bw=21,experts=[1,3]; c1:bw=23,experts=[1,2]; c4:bw=35,experts=[1,2,3]; c5:bw=23,experts=[1,2]; c2:bw=32,experts=[1,2,3]; c8:bw=22,experts=[1,2]; c0:bw=30,experts=[1,2,3]; c7:bw=16,experts=[1]
   47 | 0.01000 |   2.1092 |   38.90% |   38.90% |    1:01.20
      bandwidth/experts | c5:bw=29,experts=[0,1]; c6:bw=12,experts=[1]; c7:bw=29,experts=[1,2]; c9:bw=10,experts=[1]; c8:bw=22,experts=[0,1]; c3:bw=39,experts=[1,2,3]; c4:bw=10,experts=[1]; c0:bw=25,experts=[1,2]; c1:bw=17,experts=[1]; c2:bw=30,experts=[1,2,3]
   48 | 0.01000 |   2.1189 |   40.05% |   40.05% |    0:54.97
      bandwidth/experts | c1:bw=28,experts=[0,1]; c8:bw=28,experts=[1,2]; c4:bw=37,experts=[0,1,2]; c2:bw=31,experts=[0,1,2]; c9:bw=29,experts=[0,1]; c6:bw=25,experts=[0,1]; c5:bw=31,experts=[1,2,3]; c7:bw=35,experts=[0,1,3]; c0:bw=10,experts=[0]; c3:bw=10,experts=[1]
   49 | 0.01000 |   2.1284 |   40.48% |   40.48% |    0:50.82
      bandwidth/experts | c4:bw=27,experts=[1,2]; c3:bw=18,experts=[1]; c8:bw=15,experts=[3]; c0:bw=11,experts=[1]; c2:bw=32,experts=[1,2,3]; c5:bw=31,experts=[1,2,3]; c6:bw=10,experts=[2]; c7:bw=24,experts=[1,2]; c9:bw=29,experts=[1,3]; c1:bw=30,experts=[1,2,3]
   50 | 0.01000 |   2.1364 |   40.70% |   40.70% |    0:51.97
      bandwidth/experts | c8:bw=18,experts=[1]; c4:bw=10,experts=[3]; c7:bw=19,experts=[1]; c6:bw=38,experts=[1,2,3]; c2:bw=35,experts=[1,2,3]; c1:bw=36,experts=[1,2,3]; c3:bw=22,experts=[0,1]; c0:bw=16,experts=[3]; c9:bw=15,experts=[2]; c5:bw=17,experts=[1]
   51 | 0.01000 |   2.0432 |   41.06% |   41.06% |    0:56.32
      bandwidth/experts | c5:bw=26,experts=[0,1]; c0:bw=30,experts=[1,2,3]; c1:bw=12,experts=[1]; c2:bw=11,experts=[1]; c8:bw=26,experts=[0,1]; c6:bw=29,experts=[1,2]; c9:bw=10,experts=[1]; c3:bw=31,experts=[1,2,3]; c4:bw=10,experts=[1]; c7:bw=15,experts=[1]
   52 | 0.01000 |   2.1740 |   42.33% |   42.33% |    0:57.86
      bandwidth/experts | c0:bw=26,experts=[0,1]; c8:bw=10,experts=[2]; c5:bw=13,experts=[1]; c7:bw=19,experts=[0]; c1:bw=22,experts=[0,1]; c4:bw=18,experts=[0]; c9:bw=17,experts=[0]; c6:bw=28,experts=[0,1]; c2:bw=16,experts=[0]; c3:bw=24,experts=[1,2]
   53 | 0.01000 |   2.1150 |   42.51% |   42.51% |    0:57.62
      bandwidth/experts | c8:bw=12,experts=[3]; c4:bw=16,experts=[2]; c5:bw=24,experts=[2,3]; c1:bw=33,experts=[1,2,3]; c3:bw=26,experts=[1,2]; c9:bw=34,experts=[1,2,3]; c6:bw=20,experts=[1,2]; c7:bw=24,experts=[2,3]; c0:bw=21,experts=[1,2]; c2:bw=29,experts=[1,2]
   54 | 0.01000 |   2.0746 |   42.83% |   42.83% |    0:55.73
      bandwidth/experts | c2:bw=10,experts=[3]; c1:bw=29,experts=[1,2]; c8:bw=31,experts=[1,2,3]; c7:bw=34,experts=[1,2,3]; c3:bw=17,experts=[0]; c0:bw=20,experts=[1,2]; c6:bw=30,experts=[1,2,3]; c5:bw=10,experts=[1]; c9:bw=28,experts=[1,2]; c4:bw=18,experts=[3]
   55 | 0.01000 |   2.0482 |   43.08% |   43.08% |    0:56.26
      bandwidth/experts | c7:bw=30,experts=[1,2,3]; c2:bw=23,experts=[1,2]; c4:bw=10,experts=[1]; c3:bw=29,experts=[1,3]; c8:bw=10,experts=[0]; c5:bw=29,experts=[0,1]; c1:bw=33,experts=[1,2,3]; c6:bw=23,experts=[1,2]; c0:bw=15,experts=[3]; c9:bw=34,experts=[1,2,3]
   56 | 0.01000 |   2.0489 |   43.31% |   43.31% |    0:54.16
      bandwidth/experts | c9:bw=29,experts=[0,1]; c1:bw=31,experts=[0,1,2]; c3:bw=10,experts=[1]; c2:bw=29,experts=[0,1]; c5:bw=17,experts=[1]; c4:bw=10,experts=[0]; c8:bw=10,experts=[1]; c7:bw=10,experts=[0]; c6:bw=13,experts=[0]; c0:bw=39,experts=[0,1,2]
   57 | 0.01000 |   1.9850 |   44.16% |   44.16% |    0:51.10
      bandwidth/experts | c3:bw=35,experts=[1,2,3]; c8:bw=24,experts=[1,2]; c6:bw=27,experts=[1,2]; c1:bw=27,experts=[1,2]; c7:bw=38,experts=[1,2,3]; c0:bw=39,experts=[1,2,3]; c5:bw=24,experts=[2,3]; c4:bw=23,experts=[1,2]; c2:bw=18,experts=[1]; c9:bw=11,experts=[1]
   58 | 0.01000 |   1.9826 |   45.33% |   45.33% |    0:50.18
      bandwidth/experts | c7:bw=13,experts=[1]; c2:bw=10,experts=[3]; c9:bw=32,experts=[1,2,3]; c6:bw=30,experts=[1,2,3]; c5:bw=19,experts=[1]; c1:bw=17,experts=[1]; c8:bw=22,experts=[1,3]; c4:bw=21,experts=[1,3]; c3:bw=34,experts=[0,1,2]; c0:bw=26,experts=[1,2]
   59 | 0.01000 |   1.9578 |   46.17% |   46.17% |    0:52.66
      bandwidth/experts | c2:bw=20,experts=[1,2]; c8:bw=31,experts=[0,1,2]; c9:bw=15,experts=[1]; c6:bw=11,experts=[1]; c1:bw=36,experts=[1,2,3]; c4:bw=14,experts=[1]; c7:bw=15,experts=[1]; c5:bw=18,experts=[0]; c0:bw=29,experts=[1,2]; c3:bw=20,experts=[1,2]
   60 | 0.01000 |   2.0116 |   47.07% |   47.07% |    0:52.01
      bandwidth/experts | c0:bw=29,experts=[0,1]; c7:bw=26,experts=[0,1]; c4:bw=17,experts=[0]; c2:bw=17,experts=[0]; c5:bw=18,experts=[1]; c8:bw=14,experts=[1]; c6:bw=33,experts=[0,1,2]; c9:bw=10,experts=[0]; c1:bw=30,experts=[0,1,2]; c3:bw=24,experts=[1,2]
   61 | 0.01000 |   1.9716 |   46.66% |   47.07% |    0:52.07
      bandwidth/experts | c5:bw=27,experts=[2,3]; c6:bw=21,experts=[1,2]; c2:bw=16,experts=[1]; c9:bw=21,experts=[1,2]; c1:bw=19,experts=[1]; c3:bw=24,experts=[1,3]; c8:bw=31,experts=[1,2,3]; c4:bw=21,experts=[1,2]; c7:bw=24,experts=[2,3]; c0:bw=33,experts=[1,2,3]
   62 | 0.01000 |   1.9412 |   46.99% |   47.07% |    0:51.42
      bandwidth/experts | c8:bw=10,experts=[1]; c6:bw=35,experts=[1,2,3]; c9:bw=10,experts=[3]; c4:bw=33,experts=[1,2,3]; c5:bw=37,experts=[1,2,3]; c0:bw=16,experts=[1]; c3:bw=29,experts=[0,1]; c2:bw=23,experts=[1,3]; c1:bw=40,experts=[0,1,2,3]; c7:bw=25,experts=[1,2]
   63 | 0.01000 |   1.9707 |   46.27% |   47.07% |    0:54.37
      bandwidth/experts | c5:bw=10,experts=[0]; c9:bw=12,experts=[1]; c6:bw=19,experts=[1]; c3:bw=29,experts=[1,2]; c8:bw=18,experts=[0]; c1:bw=28,experts=[1,2]; c7:bw=38,experts=[1,2,3]; c0:bw=23,experts=[1,2]; c2:bw=15,experts=[2]; c4:bw=29,experts=[1,2]
   64 | 0.01000 |   1.9363 |   46.91% |   47.07% |    0:51.19
      bandwidth/experts | c6:bw=28,experts=[0,1]; c4:bw=21,experts=[0,1]; c5:bw=13,experts=[1]; c3:bw=21,experts=[1,2]; c7:bw=19,experts=[0]; c0:bw=18,experts=[0]; c8:bw=30,experts=[1,2,3]; c9:bw=33,experts=[0,1,2]; c2:bw=31,experts=[0,1,2]; c1:bw=16,experts=[1]
   65 | 0.01000 |   1.8828 |   46.82% |   47.07% |    0:52.31
      bandwidth/experts | c7:bw=10,experts=[1]; c5:bw=16,experts=[1]; c4:bw=32,experts=[1,2,3]; c6:bw=28,experts=[1,2]; c8:bw=37,experts=[1,2,3]; c3:bw=24,experts=[1,3]; c0:bw=23,experts=[1,3]; c2:bw=16,experts=[1]; c1:bw=32,experts=[1,2,3]; c9:bw=26,experts=[1,2]
   66 | 0.01000 |   1.9305 |   48.33% |   48.33% |    0:54.72
      bandwidth/experts | c2:bw=23,experts=[1,3]; c5:bw=10,experts=[2]; c1:bw=30,experts=[0,1,2]; c8:bw=13,experts=[1]; c9:bw=17,experts=[3]; c6:bw=16,experts=[3]; c4:bw=23,experts=[1,2]; c0:bw=21,experts=[1,2]; c3:bw=37,experts=[0,1,2]; c7:bw=28,experts=[1,2]
   67 | 0.01000 |   1.8895 |   47.64% |   48.33% |    0:51.96
      bandwidth/experts | c4:bw=28,experts=[1,2]; c5:bw=27,experts=[0,3]; c1:bw=20,experts=[1,2]; c3:bw=14,experts=[1]; c6:bw=29,experts=[1,2]; c0:bw=18,experts=[1]; c2:bw=24,experts=[1,2]; c9:bw=33,experts=[1,2,3]; c7:bw=33,experts=[1,2,3]; c8:bw=10,experts=[0]
   68 | 0.01000 |   1.9395 |   48.55% |   48.55% |    0:54.85
      bandwidth/experts | c1:bw=23,experts=[1,2]; c8:bw=17,experts=[1]; c2:bw=32,experts=[0,1,2]; c0:bw=17,experts=[0]; c3:bw=14,experts=[1]; c4:bw=27,experts=[0,1]; c5:bw=25,experts=[1,2]; c9:bw=10,experts=[0]; c7:bw=15,experts=[0]; c6:bw=18,experts=[0]
   69 | 0.01000 |   1.8760 |   48.35% |   48.55% |    0:51.25
      bandwidth/experts | c3:bw=23,experts=[1,3]; c7:bw=32,experts=[1,2,3]; c1:bw=17,experts=[3]; c4:bw=23,experts=[1,3]; c9:bw=20,experts=[1,2]; c5:bw=22,experts=[1,2]; c0:bw=29,experts=[1,3]; c2:bw=37,experts=[1,2,3]; c8:bw=23,experts=[2,3]; c6:bw=15,experts=[1]
   70 | 0.01000 |   1.9010 |   48.81% |   48.81% |    0:51.21
      bandwidth/experts | c1:bw=13,experts=[0]; c9:bw=10,experts=[1]; c7:bw=16,experts=[1]; c3:bw=18,experts=[0]; c0:bw=17,experts=[2]; c6:bw=14,experts=[3]; c2:bw=31,experts=[1,2,3]; c4:bw=32,experts=[1,2,3]; c5:bw=13,experts=[1]; c8:bw=27,experts=[1,2]
   71 | 0.01000 |   1.8322 |   49.20% |   49.20% |    0:51.17
      bandwidth/experts | c4:bw=24,experts=[1,2]; c0:bw=10,experts=[1]; c1:bw=29,experts=[1,2]; c9:bw=22,experts=[1,3]; c7:bw=11,experts=[1]; c5:bw=19,experts=[0]; c3:bw=34,experts=[1,2,3]; c6:bw=28,experts=[1,2]; c8:bw=21,experts=[0,1]; c2:bw=34,experts=[1,2,3]
   72 | 0.01000 |   1.8440 |   50.31% |   50.31% |    0:51.32
      bandwidth/experts | c8:bw=16,experts=[1]; c1:bw=22,experts=[1,2]; c5:bw=24,experts=[1,3]; c7:bw=27,experts=[0,1]; c6:bw=11,experts=[0]; c0:bw=29,experts=[0,1]; c3:bw=13,experts=[1]; c2:bw=13,experts=[0]; c9:bw=21,experts=[0,1]; c4:bw=22,experts=[0,1]
   73 | 0.01000 |   1.8782 |   50.43% |   50.43% |    0:51.14
      bandwidth/experts | c2:bw=26,experts=[1,2]; c8:bw=10,experts=[3]; c3:bw=22,experts=[1,2]; c1:bw=37,experts=[1,2,3]; c5:bw=10,experts=[2]; c9:bw=29,experts=[1,2]; c0:bw=16,experts=[3]; c7:bw=20,experts=[2,3]; c6:bw=11,experts=[1]; c4:bw=23,experts=[1,2]
   74 | 0.01000 |   1.8602 |   51.12% |   51.12% |    0:50.92
      bandwidth/experts | c3:bw=10,experts=[0]; c0:bw=22,experts=[1,2]; c1:bw=15,experts=[0]; c5:bw=28,experts=[1,2]; c7:bw=36,experts=[1,2,3]; c8:bw=16,experts=[2]; c6:bw=10,experts=[3]; c2:bw=10,experts=[1]; c4:bw=26,experts=[1,3]; c9:bw=18,experts=[1]
   75 | 0.01000 |   1.8047 |   50.72% |   51.12% |    0:50.87
      bandwidth/experts | c2:bw=22,experts=[1,3]; c9:bw=34,experts=[1,2,3]; c1:bw=30,experts=[1,2,3]; c3:bw=11,experts=[3]; c7:bw=16,experts=[1]; c6:bw=31,experts=[1,2,3]; c5:bw=17,experts=[0]; c4:bw=31,experts=[1,2,3]; c0:bw=34,experts=[1,2,3]; c8:bw=30,experts=[0,1,2]
   76 | 0.01000 |   1.8310 |   51.45% |   51.45% |    0:52.35
      bandwidth/experts | c8:bw=16,experts=[1]; c5:bw=21,experts=[1,3]; c0:bw=17,experts=[0]; c3:bw=10,experts=[1]; c2:bw=14,experts=[0]; c6:bw=13,experts=[0]; c7:bw=37,experts=[0,1,2]; c4:bw=34,experts=[0,1,2]; c9:bw=32,experts=[0,1,2]; c1:bw=30,experts=[1,2,3]
   77 | 0.01000 |   1.7969 |   52.19% |   52.19% |    0:52.67
      bandwidth/experts | c9:bw=16,experts=[1]; c2:bw=19,experts=[2]; c1:bw=35,experts=[1,2,3]; c8:bw=10,experts=[3]; c4:bw=10,experts=[1]; c7:bw=10,experts=[1]; c6:bw=32,experts=[1,2,3]; c0:bw=35,experts=[1,2,3]; c3:bw=22,experts=[1,2]; c5:bw=33,experts=[1,2,3]
   78 | 0.01000 |   1.7564 |   51.73% |   52.19% |    0:52.83
      bandwidth/experts | c0:bw=15,experts=[1]; c4:bw=13,experts=[1]; c3:bw=21,experts=[0,1]; c7:bw=20,experts=[1,3]; c8:bw=30,experts=[1,2,3]; c1:bw=23,experts=[0,1]; c9:bw=17,experts=[1]; c6:bw=32,experts=[1,2,3]; c5:bw=35,experts=[1,2,3]; c2:bw=19,experts=[1]
   79 | 0.01000 |   1.7981 |   52.31% |   52.31% |    0:51.11
      bandwidth/experts | c6:bw=12,experts=[1]; c9:bw=10,experts=[3]; c0:bw=20,experts=[1,2]; c4:bw=40,experts=[0,1,2,3]; c7:bw=25,experts=[1,2]; c8:bw=25,experts=[0,1]; c5:bw=29,experts=[0,1]; c3:bw=15,experts=[3]; c1:bw=21,experts=[1,2]; c2:bw=18,experts=[3]
   80 | 0.01000 |   1.7560 |   51.82% |   52.31% |    0:51.24
      bandwidth/experts | c5:bw=36,experts=[1,2,3]; c9:bw=29,experts=[0,2]; c7:bw=26,experts=[0,1]; c1:bw=17,experts=[1]; c3:bw=17,experts=[1]; c4:bw=32,experts=[1,2,3]; c2:bw=24,experts=[0,1]; c0:bw=26,experts=[0,1]; c6:bw=22,experts=[0,1]; c8:bw=28,experts=[1,2]
   81 | 0.01000 |   1.7308 |   53.41% |   53.41% |    0:51.24
      bandwidth/experts | c6:bw=29,experts=[1,2]; c2:bw=25,experts=[1,2]; c3:bw=37,experts=[1,2,3]; c1:bw=27,experts=[1,3]; c4:bw=23,experts=[1,2]; c5:bw=17,experts=[1]; c9:bw=15,experts=[1]; c7:bw=32,experts=[1,2,3]; c8:bw=26,experts=[1,2]; c0:bw=28,experts=[1,3]
   82 | 0.01000 |   1.7242 |   52.75% |   53.41% |    0:51.16
      bandwidth/experts | c1:bw=36,experts=[0,1,2]; c0:bw=17,experts=[1]; c6:bw=20,experts=[1,3]; c8:bw=32,experts=[1,2,3]; c7:bw=22,experts=[1,2]; c3:bw=22,experts=[0,1]; c2:bw=16,experts=[1]; c9:bw=31,experts=[1,2,3]; c5:bw=22,experts=[1,2]; c4:bw=16,experts=[1]
   83 | 0.01000 |   1.7562 |   52.91% |   53.41% |    0:51.30
      bandwidth/experts | c9:bw=29,experts=[1,2]; c4:bw=10,experts=[0]; c2:bw=23,experts=[1,3]; c7:bw=21,experts=[1,2]; c5:bw=10,experts=[0]; c0:bw=10,experts=[2]; c6:bw=29,experts=[1,2]; c1:bw=35,experts=[1,2,3]; c8:bw=22,experts=[0,1]; c3:bw=24,experts=[1,2]
   84 | 0.01000 |   1.7863 |   53.47% |   53.47% |    0:51.01
      bandwidth/experts | c8:bw=37,experts=[1,2,3]; c3:bw=18,experts=[1]; c1:bw=32,experts=[1,2,3]; c6:bw=10,experts=[0]; c9:bw=11,experts=[0]; c2:bw=20,experts=[0,1]; c7:bw=26,experts=[0,1]; c5:bw=11,experts=[3]; c4:bw=15,experts=[3]; c0:bw=10,experts=[0]
   85 | 0.01000 |   1.7224 |   54.36% |   54.36% |    0:52.27
      bandwidth/experts | c0:bw=21,experts=[1,3]; c2:bw=25,experts=[1,2]; c8:bw=39,experts=[1,2,3]; c6:bw=23,experts=[1,2]; c1:bw=31,experts=[1,2,3]; c4:bw=23,experts=[1,2]; c9:bw=32,experts=[1,2,3]; c3:bw=28,experts=[1,3]; c5:bw=10,experts=[1]; c7:bw=10,experts=[3]
   86 | 0.01000 |   1.7099 |   53.75% |   54.36% |    0:51.01
      bandwidth/experts | c5:bw=26,experts=[1,2]; c8:bw=15,experts=[1]; c2:bw=13,experts=[1]; c6:bw=31,experts=[1,2,3]; c0:bw=17,experts=[1]; c4:bw=10,experts=[1]; c7:bw=24,experts=[1,2]; c3:bw=15,experts=[0]; c1:bw=40,experts=[0,1,2,3]; c9:bw=24,experts=[1,2]
   87 | 0.01000 |   1.7340 |   53.52% |   54.36% |    0:54.87
      bandwidth/experts | c1:bw=16,experts=[1]; c2:bw=37,experts=[1,2,3]; c7:bw=12,experts=[1]; c5:bw=10,experts=[0]; c6:bw=33,experts=[1,2,3]; c3:bw=38,experts=[1,2,3]; c4:bw=19,experts=[0]; c9:bw=21,experts=[1,2]; c8:bw=26,experts=[0,1]; c0:bw=19,experts=[2]
   88 | 0.01000 |   1.7307 |   54.55% |   54.55% |    0:51.15
      bandwidth/experts | c8:bw=24,experts=[1,2]; c6:bw=15,experts=[0]; c3:bw=18,experts=[1]; c7:bw=23,experts=[0,1]; c0:bw=34,experts=[0,1,2]; c4:bw=21,experts=[1,3]; c9:bw=17,experts=[0]; c1:bw=16,experts=[1]; c5:bw=17,experts=[3]; c2:bw=25,experts=[0,1]
   89 | 0.01000 |   1.7240 |   54.20% |   54.55% |    0:51.09
      bandwidth/experts | c3:bw=17,experts=[1]; c8:bw=40,experts=[0,1,2,3]; c2:bw=25,experts=[1,2]; c9:bw=34,experts=[1,2,3]; c7:bw=12,experts=[3]; c5:bw=25,experts=[1,2]; c0:bw=10,experts=[3]; c6:bw=18,experts=[1]; c4:bw=17,experts=[2]; c1:bw=23,experts=[1,2]
   90 | 0.01000 |   1.6723 |   55.49% |   55.49% |    0:51.17
      bandwidth/experts | c7:bw=40,experts=[0,1,2,3]; c1:bw=17,experts=[0]; c3:bw=20,experts=[0,1]; c9:bw=35,experts=[1,2,3]; c0:bw=35,experts=[1,2,3]; c6:bw=14,experts=[1]; c2:bw=12,experts=[1]; c5:bw=15,experts=[1]; c8:bw=28,experts=[1,2]; c4:bw=20,experts=[1,2]
   91 | 0.01000 |   1.6959 |   54.98% |   55.49% |    0:51.20
      bandwidth/experts | c1:bw=28,experts=[1,3]; c9:bw=19,experts=[1]; c5:bw=29,experts=[0,1]; c7:bw=29,experts=[1,2]; c3:bw=22,experts=[2,3]; c4:bw=30,experts=[0,1,2]; c0:bw=12,experts=[1]; c6:bw=16,experts=[2]; c2:bw=10,experts=[3]; c8:bw=13,experts=[1]
   92 | 0.01000 |   1.7109 |   55.75% |   55.75% |    0:50.93
      bandwidth/experts | c3:bw=16,experts=[1]; c7:bw=19,experts=[1]; c1:bw=11,experts=[1]; c0:bw=16,experts=[0]; c8:bw=11,experts=[1]; c6:bw=25,experts=[0,3]; c9:bw=31,experts=[0,1,2]; c2:bw=14,experts=[0]; c5:bw=37,experts=[1,2,3]; c4:bw=15,experts=[3]
   93 | 0.01000 |   1.6563 |   55.91% |   55.91% |    0:51.00
      bandwidth/experts | c1:bw=26,experts=[1,2]; c3:bw=17,experts=[1]; c7:bw=12,experts=[1]; c9:bw=32,experts=[1,2,3]; c6:bw=12,experts=[1]; c8:bw=10,experts=[0]; c5:bw=10,experts=[1]; c4:bw=18,experts=[1]; c0:bw=10,experts=[1]; c2:bw=28,experts=[1,2]
   94 | 0.01000 |   1.6732 |   56.52% |   56.52% |    0:51.09
      bandwidth/experts | c7:bw=25,experts=[0,3]; c2:bw=36,experts=[1,2,3]; c5:bw=23,experts=[1,2]; c4:bw=17,experts=[1]; c6:bw=17,experts=[1]; c9:bw=28,experts=[1,2]; c1:bw=39,experts=[0,1,2]; c8:bw=10,experts=[3]; c0:bw=31,experts=[1,2,3]; c3:bw=19,experts=[0]
   95 | 0.01000 |   1.6722 |   56.41% |   56.52% |    0:52.41
      bandwidth/experts | c7:bw=33,experts=[1,2,3]; c9:bw=23,experts=[1,2]; c4:bw=10,experts=[0]; c6:bw=22,experts=[1,2]; c0:bw=19,experts=[1]; c3:bw=23,experts=[2,3]; c1:bw=17,experts=[3]; c8:bw=40,experts=[0,1,2,3]; c2:bw=13,experts=[1]; c5:bw=10,experts=[0]
   96 | 0.01000 |   1.6467 |   56.57% |   56.57% |    0:55.36
      bandwidth/experts | c2:bw=36,experts=[0,1,2]; c9:bw=25,experts=[0,1]; c3:bw=25,experts=[1,2]; c1:bw=20,experts=[1,2]; c5:bw=33,experts=[1,2,3]; c4:bw=27,experts=[2,3]; c6:bw=17,experts=[0]; c7:bw=28,experts=[1,2]; c0:bw=20,experts=[0,1]; c8:bw=36,experts=[1,2,3]
   97 | 0.01000 |   1.6186 |   56.87% |   56.87% |    0:52.11
      bandwidth/experts | c0:bw=23,experts=[1,2]; c9:bw=24,experts=[1,3]; c8:bw=24,experts=[1,2]; c4:bw=10,experts=[1]; c7:bw=17,experts=[1]; c1:bw=28,experts=[1,2]; c3:bw=19,experts=[1]; c5:bw=26,experts=[1,2]; c6:bw=28,experts=[1,3]; c2:bw=30,experts=[1,2,3]
   98 | 0.01000 |   1.6682 |   56.86% |   56.87% |    0:51.40
      bandwidth/experts | c4:bw=29,experts=[1,2]; c8:bw=30,experts=[1,2,3]; c9:bw=15,experts=[1]; c7:bw=13,experts=[0]; c6:bw=20,experts=[1,2]; c5:bw=27,experts=[1,2]; c0:bw=19,experts=[3]; c3:bw=14,experts=[0]; c1:bw=15,experts=[0]; c2:bw=13,experts=[1]
   99 | 0.01000 |   1.6428 |   57.66% |   57.66% |    0:51.13
      bandwidth/experts | c8:bw=19,experts=[0]; c5:bw=27,experts=[0,1]; c7:bw=25,experts=[1,3]; c1:bw=33,experts=[1,2,3]; c3:bw=21,experts=[1,3]; c9:bw=11,experts=[2]; c4:bw=14,experts=[0]; c0:bw=22,experts=[1,2]; c2:bw=17,experts=[1]; c6:bw=19,experts=[1]
  100 | 0.01000 |   1.6444 |   56.61% |   57.66% |    0:51.06
      bandwidth/experts | c2:bw=17,experts=[0]; c8:bw=25,experts=[1,2]; c9:bw=29,experts=[0,1]; c5:bw=10,experts=[3]; c6:bw=25,experts=[0,1]; c1:bw=10,experts=[1]; c4:bw=36,experts=[1,2,3]; c7:bw=10,experts=[2]; c3:bw=23,experts=[1,2]; c0:bw=36,experts=[0,1,2]

Done. Best Acc: 57.66% @ round 99
Total time: 1:27:01.46
[Export] 实验目录: /userhome/cs3/duanty/FedMoE/results/exp03-c100-resnet-e4-fedadam/20260923-135239
[Export] 每轮明细: /userhome/cs3/duanty/FedMoE/results/exp03-c100-resnet-e4-fedadam/20260923-135239/rounds.xlsx
[Export] 总体摘要: /userhome/cs3/duanty/FedMoE/results/exp03-c100-resnet-e4-fedadam/20260923-135239/summary.xlsx
[Plot] result = /userhome/cs3/duanty/FedMoE/results/exp03-c100-resnet-e4-fedadam/20260923-135239
[Plot] figures -> /userhome/cs3/duanty/FedMoE/results/exp03-c100-resnet-e4-fedadam/20260923-135239/figure
  fig01_test_accuracy.pdf
  fig02_train_loss.pdf
  fig03_acc_and_loss.pdf
  fig04_bandwidth_and_k.pdf
  fig05_expert_round_heatmap.pdf
  fig06_client_expert_heatmap.pdf
  fig07_expert_frequency.pdf
  fig08_time_breakdown.pdf
  fig09_accuracy_vs_communication.pdf
  fig10_overview.pdf
[Export] 图片目录: /userhome/cs3/duanty/FedMoE/results/exp03-c100-resnet-e4-fedadam/20260923-135239/figure
