========================================
Job    : exp03-c100-resnet-n30-random
Host   : gpu-4090-104
Date   : Wed Sep 23 21:17:53 HKT 2026
GPU    : 0
Python : /userhome/cs3/duanty/miniconda3/envs/moe/bin/python
Command: python -u main.py --method ours --dataset cifar100 --backbone resnet --select random --merge ours --device cuda --num_experts 8 --num_clients 30 --bw_min 10 --bw_max -1 --output_dir ./results/exp03-c100-resnet-n30-random
========================================

==================================================================
 Ours  
  Dataset=cifar100 | beta=0.1 | Backbone=resnet | width_mult=1 | Clients=30 | Experts=8
  Select=random | Merge=ours
  Rounds=100 | LR=0.01
  Bandwidth: expert_bw=10 | bw=[10, 80] | Rayleigh-Shannon, SNR=10 dB | k=floor(bw/10)
==================================================================


[Partition] Dirichlet beta=0.1, 30 clients
  Client 0:   1069 samples | 38/100 classes
  Client 1:   1034 samples | 38/100 classes
  Client 2:   1235 samples | 37/100 classes
  Client 3:   1542 samples | 39/100 classes
  Client 4:   2112 samples | 41/100 classes
  Client 5:   3175 samples | 44/100 classes
  Client 6:   1095 samples | 38/100 classes
  Client 7:   1290 samples | 40/100 classes
  Client 8:   1143 samples | 38/100 classes
  Client 9:   1354 samples | 43/100 classes
  Client 10:   2567 samples | 39/100 classes
  Client 11:   2283 samples | 41/100 classes
  Client 12:   1821 samples | 38/100 classes
  Client 13:   1635 samples | 40/100 classes
  Client 14:   1319 samples | 51/100 classes
  Client 15:   1137 samples | 31/100 classes
  Client 16:   1815 samples | 35/100 classes
  Client 17:   2000 samples | 46/100 classes
  Client 18:   1730 samples | 33/100 classes
  Client 19:   1470 samples | 41/100 classes
  Client 20:   2103 samples | 41/100 classes
  Client 21:    999 samples | 33/100 classes
  Client 22:   1626 samples | 38/100 classes
  Client 23:   1328 samples | 35/100 classes
  Client 24:   1215 samples | 31/100 classes
  Client 25:   2098 samples | 48/100 classes
  Client 26:   1018 samples | 33/100 classes
  Client 27:   1881 samples | 38/100 classes
  Client 28:   1589 samples | 30/100 classes
  Client 29:   3317 samples | 100/100 classes

[Upload] expert_bw=10 | available bw=[10, 80] | Rayleigh-Shannon, SNR=10 dB | upload k=floor(bw/10), cap=8 | random K experts from bandwidth, then train selected

[Model] Total params: 13,684,576

[Export] 本次实验目录: /userhome/cs3/duanty/FedMoE/results/exp03-c100-resnet-n30-random/20260923-211757

Round |      LR |  AvgLoss |  TestAcc |     Best |  RoundTime
--------------------------------------------------------------------------------
    1 | 0.00208 |   4.2184 |    1.31% |    1.31% |    0:53.99
      bandwidth/experts | c27:bw=21,experts=[0,4]; c15:bw=58,experts=[2,3,5,6,7]; c23:bw=65,experts=[1,2,4,5,6,7]; c17:bw=34,experts=[1,2,6]; c8:bw=55,experts=[0,2,3,6,7]; c9:bw=45,experts=[0,1,6,7]; c28:bw=39,experts=[1,4,6]; c24:bw=34,experts=[0,3,7]; c12:bw=23,experts=[1,7]; c0:bw=10,experts=[7]; c4:bw=40,experts=[0,5,6,7]; c16:bw=48,experts=[1,3,5,6]; c5:bw=44,experts=[0,3,5,7]; c13:bw=42,experts=[1,2,6,7]; c11:bw=24,experts=[3,5]; c22:bw=26,experts=[1,5]; c1:bw=29,experts=[2,6]; c2:bw=29,experts=[2,3]; c25:bw=55,experts=[0,1,3,4,5]; c3:bw=51,experts=[0,1,2,4,6]; c21:bw=20,experts=[2,5]; c26:bw=38,experts=[0,1,4]; c18:bw=30,experts=[0,2,4]; c29:bw=26,experts=[3,6]; c20:bw=55,experts=[1,3,4,6,7]; c7:bw=20,experts=[4,5]; c10:bw=22,experts=[0,5]; c14:bw=54,experts=[1,2,3,4,6]; c19:bw=40,experts=[0,2,3,4]; c6:bw=41,experts=[0,4,6,7]
    2 | 0.00406 |   3.8830 |    1.51% |    1.51% |    0:51.92
      bandwidth/experts | c0:bw=36,experts=[5,6,7]; c5:bw=69,experts=[1,2,4,5,6,7]; c20:bw=15,experts=[0]; c26:bw=35,experts=[0,1,4]; c13:bw=54,experts=[0,1,3,4,6]; c7:bw=55,experts=[0,1,2,3,7]; c21:bw=28,experts=[3,4]; c10:bw=59,experts=[0,2,3,4,6]; c12:bw=16,experts=[3]; c29:bw=60,experts=[0,1,2,4,5,6]; c24:bw=10,experts=[1]; c22:bw=38,experts=[0,5,7]; c16:bw=16,experts=[0]; c3:bw=67,experts=[0,1,2,3,5,6]; c1:bw=41,experts=[2,3,4,5]; c17:bw=51,experts=[0,1,4,5,7]; c8:bw=48,experts=[0,2,3,4]; c6:bw=17,experts=[3]; c23:bw=70,experts=[1,2,3,4,5,6,7]; c4:bw=30,experts=[0,2,4]; c2:bw=22,experts=[3,7]; c19:bw=53,experts=[0,1,2,6,7]; c11:bw=29,experts=[3,6]; c18:bw=24,experts=[0,5]; c25:bw=25,experts=[1,5]; c14:bw=26,experts=[0,1]; c15:bw=62,experts=[0,2,3,4,6,7]; c28:bw=65,experts=[0,2,4,5,6,7]; c27:bw=24,experts=[1,5]; c9:bw=46,experts=[2,3,4,7]
    3 | 0.00604 |   3.7722 |    3.99% |    3.99% |    0:52.16
      bandwidth/experts | c4:bw=52,experts=[2,4,5,6,7]; c25:bw=35,experts=[3,5,6]; c10:bw=10,experts=[0]; c0:bw=50,experts=[1,2,3,5,6]; c8:bw=30,experts=[0,2,3]; c20:bw=56,experts=[1,2,3,4,5]; c29:bw=15,experts=[5]; c26:bw=52,experts=[0,2,4,5,6]; c15:bw=16,experts=[2]; c28:bw=56,experts=[2,3,5,6,7]; c24:bw=29,experts=[1,7]; c23:bw=11,experts=[2]; c18:bw=40,experts=[0,2,3,6]; c12:bw=37,experts=[0,4,7]; c21:bw=48,experts=[3,4,5,7]; c19:bw=24,experts=[6,7]; c9:bw=48,experts=[2,3,5,7]; c5:bw=13,experts=[6]; c1:bw=13,experts=[1]; c22:bw=54,experts=[0,1,2,5,6]; c27:bw=34,experts=[2,3,6]; c17:bw=41,experts=[0,2,3,7]; c3:bw=26,experts=[2,5]; c16:bw=31,experts=[1,3,7]; c13:bw=54,experts=[0,2,3,5,6]; c2:bw=42,experts=[0,2,4,6]; c14:bw=53,experts=[1,3,5,6,7]; c7:bw=33,experts=[1,2,5]; c11:bw=66,experts=[0,1,2,3,5,6]; c6:bw=40,experts=[0,1,2,3]
    4 | 0.00802 |   3.4842 |    5.45% |    5.45% |    0:51.79
      bandwidth/experts | c3:bw=34,experts=[0,4,5]; c1:bw=40,experts=[1,2,4,7]; c4:bw=56,experts=[0,2,3,6,7]; c5:bw=73,experts=[0,1,2,3,4,5,6]; c16:bw=45,experts=[2,4,6,7]; c26:bw=37,experts=[1,2,4]; c9:bw=22,experts=[0,6]; c13:bw=49,experts=[0,1,3,4]; c24:bw=19,experts=[1]; c2:bw=60,experts=[0,1,3,4,5,7]; c10:bw=64,experts=[0,1,2,3,5,6]; c19:bw=47,experts=[2,3,5,7]; c28:bw=63,experts=[0,1,3,4,6,7]; c11:bw=49,experts=[0,5,6,7]; c18:bw=43,experts=[2,3,4,6]; c7:bw=45,experts=[1,3,4,5]; c21:bw=27,experts=[0,4]; c6:bw=53,experts=[0,3,5,6,7]; c0:bw=59,experts=[2,3,4,6,7]; c22:bw=49,experts=[2,4,5,6]; c25:bw=43,experts=[2,3,4,6]; c8:bw=31,experts=[1,3,6]; c27:bw=58,experts=[0,2,3,5,7]; c23:bw=15,experts=[2]; c29:bw=44,experts=[1,3,4,7]; c14:bw=32,experts=[0,6,7]; c17:bw=39,experts=[2,6,7]; c12:bw=63,experts=[0,1,2,4,6,7]; c15:bw=24,experts=[2,3]; c20:bw=70,experts=[0,2,3,4,5,6,7]
    5 | 0.01000 |   3.5379 |    5.21% |    5.45% |    0:51.64
      bandwidth/experts | c26:bw=19,experts=[0]; c3:bw=63,experts=[0,1,4,5,6,7]; c16:bw=32,experts=[0,2,7]; c28:bw=45,experts=[1,5,6,7]; c9:bw=62,experts=[0,1,3,5,6,7]; c20:bw=50,experts=[0,2,3,5,7]; c22:bw=49,experts=[1,5,6,7]; c14:bw=53,experts=[0,2,3,5,7]; c12:bw=55,experts=[0,1,3,5,7]; c17:bw=64,experts=[0,1,2,3,5,6]; c19:bw=19,experts=[0]; c13:bw=36,experts=[0,6,7]; c21:bw=35,experts=[0,6,7]; c18:bw=10,experts=[3]; c10:bw=35,experts=[1,2,6]; c5:bw=40,experts=[1,4,5,6]; c24:bw=12,experts=[2]; c23:bw=29,experts=[0,6]; c2:bw=10,experts=[1]; c4:bw=48,experts=[1,2,5,7]; c15:bw=45,experts=[1,2,3,5]; c0:bw=50,experts=[0,1,3,4,6]; c1:bw=20,experts=[1,7]; c11:bw=21,experts=[5,7]; c7:bw=24,experts=[1,6]; c27:bw=30,experts=[1,6,7]; c29:bw=55,experts=[0,3,5,6,7]; c8:bw=37,experts=[1,2,6]; c25:bw=34,experts=[0,4,5]; c6:bw=53,experts=[1,2,4,6,7]
    6 | 0.01000 |   3.6092 |    5.85% |    5.85% |    0:50.57
      bandwidth/experts | c17:bw=27,experts=[1,7]; c11:bw=31,experts=[1,3,6]; c7:bw=58,experts=[1,3,5,6,7]; c13:bw=15,experts=[5]; c0:bw=31,experts=[4,5,7]; c28:bw=74,experts=[0,1,2,3,4,5,7]; c20:bw=44,experts=[0,3,4,7]; c8:bw=67,experts=[0,1,4,5,6,7]; c1:bw=32,experts=[1,2,4]; c5:bw=27,experts=[3,4]; c2:bw=42,experts=[2,4,6,7]; c23:bw=73,experts=[0,2,3,4,5,6,7]; c22:bw=32,experts=[0,2,5]; c15:bw=33,experts=[0,5,6]; c21:bw=10,experts=[3]; c29:bw=41,experts=[0,1,3,6]; c10:bw=10,experts=[1]; c14:bw=40,experts=[1,2,4,5]; c26:bw=43,experts=[1,2,6,7]; c24:bw=18,experts=[1]; c4:bw=17,experts=[5]; c3:bw=36,experts=[4,5,7]; c19:bw=37,experts=[4,5,6]; c16:bw=54,experts=[1,2,3,6,7]; c6:bw=20,experts=[3,5]; c18:bw=40,experts=[0,1,2,7]; c12:bw=62,experts=[1,2,4,5,6,7]; c27:bw=43,experts=[1,3,4,7]; c9:bw=48,experts=[0,3,4,5]; c25:bw=43,experts=[0,1,4,5]
    7 | 0.01000 |   3.5482 |    7.05% |    7.05% |    0:50.42
      bandwidth/experts | c20:bw=16,experts=[6]; c1:bw=10,experts=[0]; c29:bw=57,experts=[0,3,4,5,6]; c3:bw=26,experts=[4,5]; c13:bw=25,experts=[2,4]; c15:bw=39,experts=[2,4,7]; c9:bw=10,experts=[6]; c16:bw=53,experts=[2,3,4,5,7]; c14:bw=13,experts=[3]; c17:bw=41,experts=[3,5,6,7]; c21:bw=60,experts=[0,3,4,5,6,7]; c4:bw=14,experts=[1]; c18:bw=20,experts=[3,6]; c25:bw=50,experts=[1,3,5,6,7]; c7:bw=31,experts=[1,2,5]; c5:bw=49,experts=[0,2,4,7]; c23:bw=41,experts=[0,2,6,7]; c2:bw=40,experts=[0,3,6,7]; c8:bw=57,experts=[0,3,4,5,7]; c12:bw=47,experts=[1,2,4,7]; c26:bw=49,experts=[3,4,6,7]; c24:bw=31,experts=[5,6,7]; c0:bw=36,experts=[0,4,7]; c6:bw=13,experts=[6]; c22:bw=55,experts=[1,3,4,5,7]; c10:bw=17,experts=[1]; c19:bw=54,experts=[1,2,3,5,7]; c28:bw=10,experts=[2]; c11:bw=60,experts=[0,2,3,4,5,7]; c27:bw=26,experts=[1,2]
    8 | 0.01000 |   3.4723 |    8.99% |    8.99% |    0:50.44
      bandwidth/experts | c10:bw=51,experts=[0,1,2,5,6]; c14:bw=59,experts=[1,3,4,5,7]; c7:bw=15,experts=[2]; c9:bw=59,experts=[0,1,2,4,6]; c13:bw=35,experts=[2,3,5]; c8:bw=37,experts=[0,1,7]; c3:bw=37,experts=[1,6,7]; c12:bw=51,experts=[0,1,2,5,6]; c18:bw=39,experts=[0,2,4]; c23:bw=35,experts=[0,3,4]; c15:bw=66,experts=[0,1,2,3,4,7]; c0:bw=32,experts=[4,5,6]; c21:bw=31,experts=[0,1,6]; c28:bw=38,experts=[0,6,7]; c5:bw=28,experts=[2,7]; c26:bw=55,experts=[2,3,4,5,6]; c17:bw=56,experts=[0,1,2,4,7]; c24:bw=42,experts=[0,2,4,6]; c27:bw=41,experts=[0,1,5,6]; c20:bw=42,experts=[0,1,3,5]; c22:bw=61,experts=[0,1,2,3,4,7]; c4:bw=10,experts=[7]; c29:bw=71,experts=[0,1,2,3,5,6,7]; c2:bw=54,experts=[2,4,5,6,7]; c1:bw=58,experts=[0,2,3,6,7]; c6:bw=41,experts=[1,3,5,7]; c11:bw=45,experts=[0,2,6,7]; c19:bw=31,experts=[0,2,5]; c25:bw=41,experts=[0,2,4,5]; c16:bw=45,experts=[1,2,3,4]
    9 | 0.01000 |   3.5313 |    7.96% |    8.99% |    0:50.70
      bandwidth/experts | c17:bw=49,experts=[1,2,4,7]; c7:bw=46,experts=[0,1,4,5]; c13:bw=41,experts=[1,3,4,5]; c25:bw=67,experts=[0,2,4,5,6,7]; c9:bw=26,experts=[4,5]; c6:bw=31,experts=[2,5,7]; c28:bw=58,experts=[0,2,4,5,6]; c29:bw=46,experts=[0,1,5,7]; c18:bw=53,experts=[0,1,3,4,5]; c14:bw=37,experts=[2,5,6]; c3:bw=23,experts=[6,7]; c2:bw=21,experts=[2,4]; c12:bw=38,experts=[3,4,5]; c22:bw=39,experts=[0,1,4]; c20:bw=58,experts=[0,1,5,6,7]; c11:bw=28,experts=[3,4]; c8:bw=18,experts=[1]; c0:bw=52,experts=[0,3,4,5,6]; c24:bw=25,experts=[2,4]; c15:bw=36,experts=[2,4,7]; c10:bw=34,experts=[2,3,6]; c21:bw=66,experts=[1,2,3,4,5,7]; c27:bw=27,experts=[2,4]; c1:bw=14,experts=[1]; c19:bw=26,experts=[3,4]; c4:bw=59,experts=[1,2,3,4,6]; c23:bw=68,experts=[2,3,4,5,6,7]; c5:bw=52,experts=[2,3,4,5,6]; c16:bw=41,experts=[0,2,5,7]; c26:bw=19,experts=[3]
   10 | 0.01000 |   3.5177 |   10.29% |   10.29% |    0:50.54
      bandwidth/experts | c16:bw=44,experts=[0,1,5,7]; c13:bw=38,experts=[0,1,3]; c14:bw=57,experts=[0,2,3,4,7]; c18:bw=28,experts=[0,5]; c5:bw=58,experts=[0,3,5,6,7]; c22:bw=10,experts=[3]; c19:bw=43,experts=[1,2,5,6]; c24:bw=68,experts=[0,1,3,4,5,6]; c20:bw=10,experts=[3]; c4:bw=37,experts=[1,3,5]; c12:bw=52,experts=[0,1,5,6,7]; c1:bw=41,experts=[0,1,4,7]; c23:bw=10,experts=[5]; c11:bw=21,experts=[1,7]; c3:bw=46,experts=[1,3,4,5]; c29:bw=25,experts=[1,7]; c21:bw=10,experts=[1]; c15:bw=10,experts=[4]; c26:bw=58,experts=[2,3,5,6,7]; c2:bw=34,experts=[1,3,4]; c9:bw=35,experts=[2,4,7]; c25:bw=66,experts=[0,3,4,5,6,7]; c10:bw=54,experts=[0,1,2,3,6]; c28:bw=24,experts=[1,2]; c27:bw=24,experts=[0,4]; c17:bw=35,experts=[0,4,7]; c6:bw=65,experts=[1,2,4,5,6,7]; c7:bw=37,experts=[1,5,6]; c0:bw=59,experts=[1,3,4,6,7]; c8:bw=35,experts=[0,1,5]
   11 | 0.01000 |   3.4430 |   10.75% |   10.75% |    0:50.73
      bandwidth/experts | c6:bw=55,experts=[0,1,2,3,4]; c20:bw=10,experts=[1]; c29:bw=10,experts=[3]; c24:bw=45,experts=[3,5,6,7]; c4:bw=16,experts=[5]; c11:bw=34,experts=[4,5,6]; c17:bw=44,experts=[3,4,5,6]; c25:bw=10,experts=[3]; c9:bw=33,experts=[3,4,7]; c1:bw=40,experts=[1,2,4,6]; c12:bw=20,experts=[0,7]; c14:bw=15,experts=[2]; c8:bw=39,experts=[2,3,5]; c28:bw=26,experts=[3,6]; c13:bw=40,experts=[0,1,2,7]; c18:bw=47,experts=[0,2,3,6]; c22:bw=10,experts=[0]; c5:bw=28,experts=[2,7]; c3:bw=50,experts=[0,3,4,5,7]; c7:bw=44,experts=[0,3,4,7]; c16:bw=43,experts=[0,3,4,6]; c10:bw=35,experts=[0,6,7]; c27:bw=53,experts=[0,2,3,4,6]; c0:bw=28,experts=[2,3]; c26:bw=33,experts=[2,4,6]; c21:bw=34,experts=[0,1,4]; c23:bw=63,experts=[0,1,2,3,4,5]; c19:bw=25,experts=[0,6]; c2:bw=27,experts=[1,4]; c15:bw=44,experts=[0,1,4,5]
   12 | 0.01000 |   3.4095 |   10.94% |   10.94% |    0:51.09
      bandwidth/experts | c8:bw=55,experts=[0,1,4,6,7]; c9:bw=42,experts=[0,1,4,5]; c22:bw=54,experts=[0,3,4,5,7]; c17:bw=39,experts=[0,4,5]; c3:bw=35,experts=[4,5,7]; c25:bw=44,experts=[0,4,5,7]; c10:bw=62,experts=[0,1,2,4,5,7]; c4:bw=28,experts=[5,6]; c1:bw=42,experts=[0,3,5,7]; c24:bw=24,experts=[0,3]; c18:bw=45,experts=[2,3,4,5]; c21:bw=61,experts=[0,1,2,4,6,7]; c12:bw=73,experts=[0,1,2,4,5,6,7]; c14:bw=29,experts=[4,6]; c5:bw=56,experts=[1,2,5,6,7]; c27:bw=51,experts=[0,1,2,6,7]; c28:bw=11,experts=[6]; c11:bw=45,experts=[2,3,6,7]; c26:bw=21,experts=[5,7]; c29:bw=52,experts=[1,2,3,4,7]; c16:bw=28,experts=[4,5]; c2:bw=57,experts=[0,1,2,4,5]; c6:bw=29,experts=[2,5]; c7:bw=30,experts=[3,4,7]; c23:bw=60,experts=[0,1,2,4,5,7]; c19:bw=31,experts=[2,5,7]; c15:bw=36,experts=[0,3,6]; c20:bw=75,experts=[0,1,2,4,5,6,7]; c13:bw=53,experts=[0,1,2,6,7]; c0:bw=49,experts=[2,3,4,5]
   13 | 0.01000 |   3.3271 |   14.05% |   14.05% |    0:51.29
      bandwidth/experts | c17:bw=55,experts=[1,2,3,5,7]; c19:bw=36,experts=[0,3,6]; c1:bw=47,experts=[1,2,6,7]; c9:bw=15,experts=[5]; c21:bw=30,experts=[2,4,5]; c10:bw=42,experts=[1,4,5,7]; c6:bw=36,experts=[2,4,5]; c29:bw=49,experts=[0,1,2,6]; c14:bw=70,experts=[0,1,2,3,4,6,7]; c25:bw=58,experts=[1,3,5,6,7]; c20:bw=10,experts=[7]; c26:bw=17,experts=[3]; c22:bw=75,experts=[1,2,3,4,5,6,7]; c0:bw=25,experts=[2,4]; c12:bw=42,experts=[1,2,5,6]; c7:bw=58,experts=[0,2,3,4,6]; c4:bw=10,experts=[2]; c8:bw=15,experts=[0]; c24:bw=35,experts=[2,4,6]; c5:bw=29,experts=[0,4]; c13:bw=32,experts=[2,3,7]; c11:bw=52,experts=[2,3,4,6,7]; c23:bw=53,experts=[0,1,2,3,4]; c16:bw=10,experts=[4]; c2:bw=16,experts=[3]; c3:bw=30,experts=[2,4,6]; c18:bw=51,experts=[0,1,3,6,7]; c15:bw=38,experts=[2,6,7]; c28:bw=47,experts=[1,4,5,6]; c27:bw=57,experts=[0,1,2,4,6]
   14 | 0.01000 |   3.2962 |   13.84% |   14.05% |    0:51.48
      bandwidth/experts | c12:bw=43,experts=[0,1,3,5]; c24:bw=42,experts=[1,2,5,6]; c28:bw=49,experts=[0,1,2,4]; c22:bw=35,experts=[3,4,6]; c3:bw=45,experts=[3,4,6,7]; c4:bw=10,experts=[3]; c15:bw=12,experts=[6]; c18:bw=63,experts=[2,3,4,5,6,7]; c26:bw=42,experts=[1,3,4,5]; c11:bw=36,experts=[4,5,6]; c19:bw=42,experts=[4,5,6,7]; c6:bw=67,experts=[0,1,2,4,5,6]; c5:bw=64,experts=[0,3,4,5,6,7]; c10:bw=31,experts=[0,1,7]; c8:bw=21,experts=[1,6]; c0:bw=25,experts=[1,2]; c27:bw=40,experts=[0,1,2,4]; c16:bw=19,experts=[3]; c20:bw=31,experts=[3,6,7]; c29:bw=36,experts=[1,2,6]; c1:bw=38,experts=[0,1,7]; c14:bw=25,experts=[4,7]; c17:bw=10,experts=[1]; c23:bw=63,experts=[0,1,3,5,6,7]; c13:bw=34,experts=[1,2,5]; c7:bw=25,experts=[5,7]; c2:bw=45,experts=[1,3,5,6]; c25:bw=53,experts=[0,2,3,5,7]; c21:bw=36,experts=[0,1,7]; c9:bw=32,experts=[0,1,7]
   15 | 0.01000 |   3.3871 |   12.99% |   14.05% |    0:51.67
      bandwidth/experts | c8:bw=52,experts=[1,2,3,4,5]; c17:bw=47,experts=[0,1,3,4]; c2:bw=53,experts=[2,3,4,5,7]; c27:bw=36,experts=[2,3,7]; c28:bw=40,experts=[0,1,4,5]; c6:bw=33,experts=[0,3,5]; c23:bw=58,experts=[2,3,5,6,7]; c21:bw=14,experts=[4]; c25:bw=32,experts=[0,2,4]; c26:bw=48,experts=[0,3,5,7]; c4:bw=47,experts=[0,2,4,7]; c10:bw=13,experts=[5]; c22:bw=60,experts=[0,1,2,4,5,6]; c5:bw=18,experts=[5]; c9:bw=19,experts=[2]; c29:bw=10,experts=[0]; c16:bw=29,experts=[1,6]; c20:bw=43,experts=[3,5,6,7]; c1:bw=14,experts=[0]; c14:bw=50,experts=[0,2,3,4,5]; c18:bw=34,experts=[2,3,6]; c11:bw=55,experts=[0,1,2,6,7]; c24:bw=45,experts=[0,2,5,6]; c15:bw=10,experts=[2]; c13:bw=60,experts=[0,1,2,3,4,7]; c7:bw=59,experts=[1,3,4,5,7]; c0:bw=20,experts=[0,1]; c19:bw=59,experts=[0,1,3,4,6]; c12:bw=10,experts=[0]; c3:bw=10,experts=[4]
   16 | 0.01000 |   3.3496 |   15.40% |   15.40% |    0:51.84
      bandwidth/experts | c23:bw=12,experts=[2]; c25:bw=35,experts=[0,2,7]; c10:bw=22,experts=[2,6]; c3:bw=43,experts=[0,1,5,6]; c11:bw=10,experts=[1]; c29:bw=37,experts=[0,1,5]; c1:bw=29,experts=[0,3]; c20:bw=50,experts=[0,2,3,5,7]; c21:bw=49,experts=[1,2,3,5]; c0:bw=57,experts=[1,2,5,6,7]; c26:bw=51,experts=[1,2,3,4,7]; c8:bw=49,experts=[0,4,6,7]; c6:bw=40,experts=[1,4,5,7]; c13:bw=24,experts=[0,3]; c24:bw=25,experts=[0,3]; c18:bw=12,experts=[3]; c4:bw=35,experts=[1,3,5]; c16:bw=54,experts=[0,1,3,6,7]; c9:bw=24,experts=[0,3]; c17:bw=43,experts=[0,1,4,7]; c28:bw=56,experts=[0,2,4,5,6]; c15:bw=48,experts=[2,3,6,7]; c27:bw=57,experts=[0,4,5,6,7]; c7:bw=22,experts=[6,7]; c22:bw=53,experts=[0,1,2,3,7]; c2:bw=52,experts=[0,1,2,3,5]; c14:bw=29,experts=[0,2]; c19:bw=62,experts=[0,1,2,3,5,7]; c12:bw=14,experts=[3]; c5:bw=40,experts=[1,4,6,7]
   17 | 0.01000 |   3.2561 |   16.28% |   16.28% |    0:51.93
      bandwidth/experts | c5:bw=10,experts=[6]; c7:bw=25,experts=[4,6]; c1:bw=29,experts=[4,7]; c23:bw=39,experts=[0,1,6]; c8:bw=10,experts=[6]; c25:bw=27,experts=[1,3]; c12:bw=74,experts=[0,2,3,4,5,6,7]; c27:bw=27,experts=[1,6]; c24:bw=40,experts=[1,2,4,6]; c10:bw=44,experts=[1,2,3,7]; c9:bw=37,experts=[1,5,7]; c17:bw=11,experts=[7]; c3:bw=52,experts=[1,2,3,5,6]; c16:bw=30,experts=[1,2,3]; c20:bw=58,experts=[0,2,3,5,7]; c29:bw=48,experts=[0,3,5,6]; c14:bw=33,experts=[4,6,7]; c19:bw=40,experts=[0,3,6,7]; c13:bw=27,experts=[0,6]; c26:bw=43,experts=[0,1,3,4]; c18:bw=31,experts=[0,1,3]; c28:bw=18,experts=[0]; c11:bw=10,experts=[6]; c2:bw=19,experts=[1]; c22:bw=31,experts=[3,4,5]; c21:bw=10,experts=[2]; c4:bw=58,experts=[0,1,3,4,5]; c6:bw=39,experts=[3,4,7]; c15:bw=50,experts=[0,1,3,4,7]; c0:bw=11,experts=[5]
   18 | 0.01000 |   3.1938 |   16.65% |   16.65% |    0:52.04
      bandwidth/experts | c13:bw=43,experts=[1,2,3,7]; c20:bw=45,experts=[1,2,4,6]; c6:bw=31,experts=[5,6,7]; c14:bw=40,experts=[1,2,4,7]; c5:bw=35,experts=[3,5,7]; c24:bw=30,experts=[1,5,6]; c29:bw=39,experts=[0,4,5]; c8:bw=10,experts=[6]; c17:bw=50,experts=[0,1,2,3,7]; c2:bw=37,experts=[3,4,5]; c16:bw=38,experts=[1,2,4]; c7:bw=55,experts=[2,3,4,5,6]; c25:bw=32,experts=[2,3,5]; c10:bw=27,experts=[2,4]; c11:bw=57,experts=[0,2,4,5,7]; c22:bw=49,experts=[0,3,5,6]; c26:bw=57,experts=[0,2,4,5,6]; c23:bw=56,experts=[1,2,3,5,7]; c15:bw=51,experts=[0,1,2,3,4]; c27:bw=31,experts=[0,3,7]; c12:bw=18,experts=[1]; c28:bw=43,experts=[0,1,5,6]; c0:bw=49,experts=[1,2,4,5]; c18:bw=60,experts=[0,1,2,5,6,7]; c9:bw=19,experts=[1]; c19:bw=33,experts=[2,4,6]; c1:bw=10,experts=[6]; c3:bw=37,experts=[1,2,5]; c4:bw=56,experts=[0,1,3,5,7]; c21:bw=26,experts=[4,6]
   19 | 0.01000 |   3.2410 |   16.96% |   16.96% |    0:52.02
      bandwidth/experts | c5:bw=29,experts=[3,7]; c19:bw=37,experts=[2,3,5]; c26:bw=33,experts=[0,2,3]; c29:bw=36,experts=[3,4,6]; c15:bw=39,experts=[3,4,5]; c4:bw=51,experts=[1,2,4,5,7]; c23:bw=15,experts=[7]; c3:bw=40,experts=[0,4,5,7]; c6:bw=66,experts=[0,1,3,4,5,6]; c8:bw=56,experts=[0,3,4,5,7]; c20:bw=21,experts=[0,3]; c21:bw=52,experts=[1,3,4,6,7]; c22:bw=29,experts=[2,6]; c14:bw=30,experts=[0,3,6]; c27:bw=34,experts=[0,2,4]; c24:bw=45,experts=[0,1,2,3]; c28:bw=10,experts=[5]; c16:bw=13,experts=[6]; c2:bw=14,experts=[1]; c17:bw=67,experts=[1,2,3,4,5,7]; c18:bw=31,experts=[2,4,5]; c1:bw=46,experts=[0,1,5,7]; c13:bw=10,experts=[2]; c25:bw=59,experts=[0,3,4,6,7]; c12:bw=54,experts=[1,3,4,6,7]; c11:bw=20,experts=[1,3]; c10:bw=35,experts=[1,3,4]; c9:bw=38,experts=[1,4,5]; c7:bw=22,experts=[3,6]; c0:bw=42,experts=[2,3,4,7]
   20 | 0.01000 |   3.1731 |   16.50% |   16.96% |    0:52.09
      bandwidth/experts | c12:bw=44,experts=[0,1,5,7]; c19:bw=48,experts=[0,3,4,6]; c17:bw=48,experts=[1,2,4,6]; c5:bw=10,experts=[5]; c18:bw=21,experts=[2,6]; c29:bw=17,experts=[1]; c21:bw=44,experts=[0,3,5,6]; c10:bw=16,experts=[3]; c11:bw=10,experts=[1]; c14:bw=30,experts=[4,5,7]; c22:bw=75,experts=[0,1,2,3,4,5,7]; c13:bw=40,experts=[4,5,6,7]; c7:bw=43,experts=[0,2,5,7]; c6:bw=68,experts=[0,1,3,4,5,7]; c0:bw=28,experts=[1,7]; c1:bw=40,experts=[0,2,5,6]; c25:bw=21,experts=[6,7]; c15:bw=19,experts=[2]; c26:bw=31,experts=[3,5,7]; c16:bw=40,experts=[1,2,3,5]; c2:bw=41,experts=[0,1,3,6]; c8:bw=50,experts=[0,1,3,4,7]; c4:bw=59,experts=[0,2,3,4,7]; c9:bw=17,experts=[4]; c28:bw=34,experts=[2,5,6]; c27:bw=42,experts=[1,2,4,7]; c20:bw=58,experts=[0,3,4,5,7]; c24:bw=43,experts=[0,1,3,6]; c3:bw=18,experts=[2]; c23:bw=37,experts=[2,4,5]
   21 | 0.01000 |   3.1109 |   19.50% |   19.50% |    0:52.23
      bandwidth/experts | c22:bw=48,experts=[1,2,5,6]; c1:bw=41,experts=[0,5,6,7]; c5:bw=32,experts=[1,2,4]; c7:bw=12,experts=[2]; c27:bw=33,experts=[2,5,7]; c0:bw=66,experts=[0,1,2,3,4,7]; c26:bw=45,experts=[0,2,3,6]; c14:bw=31,experts=[1,2,7]; c10:bw=40,experts=[1,3,4,6]; c4:bw=48,experts=[1,2,4,7]; c9:bw=25,experts=[4,5]; c2:bw=39,experts=[2,4,6]; c25:bw=39,experts=[1,4,6]; c13:bw=23,experts=[4,5]; c17:bw=35,experts=[0,4,6]; c6:bw=16,experts=[0]; c28:bw=13,experts=[5]; c20:bw=40,experts=[0,2,4,6]; c23:bw=37,experts=[2,6,7]; c8:bw=18,experts=[3]; c11:bw=23,experts=[0,4]; c3:bw=10,experts=[5]; c29:bw=52,experts=[1,4,5,6,7]; c18:bw=60,experts=[1,2,3,4,6,7]; c12:bw=38,experts=[0,2,3]; c21:bw=15,experts=[6]; c24:bw=38,experts=[2,5,6]; c15:bw=19,experts=[5]; c19:bw=58,experts=[0,2,3,4,7]; c16:bw=33,experts=[3,4,7]
   22 | 0.01000 |   3.1661 |   18.97% |   19.50% |    0:52.16
      bandwidth/experts | c18:bw=15,experts=[2]; c3:bw=56,experts=[1,3,4,5,7]; c7:bw=16,experts=[1]; c16:bw=34,experts=[0,3,5]; c27:bw=61,experts=[0,1,4,5,6,7]; c19:bw=45,experts=[0,1,3,7]; c26:bw=61,experts=[0,1,2,5,6,7]; c21:bw=23,experts=[2,4]; c5:bw=17,experts=[0]; c0:bw=67,experts=[0,2,3,4,6,7]; c23:bw=28,experts=[4,7]; c28:bw=42,experts=[3,5,6,7]; c8:bw=33,experts=[0,2,5]; c11:bw=43,experts=[0,4,6,7]; c14:bw=48,experts=[1,2,3,5]; c1:bw=10,experts=[1]; c17:bw=62,experts=[0,1,2,3,4,7]; c10:bw=10,experts=[3]; c2:bw=66,experts=[0,1,3,4,6,7]; c4:bw=36,experts=[2,4,7]; c13:bw=34,experts=[0,5,7]; c25:bw=13,experts=[1]; c9:bw=33,experts=[1,3,4]; c29:bw=54,experts=[2,4,5,6,7]; c12:bw=64,experts=[0,1,2,4,5,7]; c6:bw=61,experts=[0,1,2,3,4,7]; c24:bw=25,experts=[1,3]; c15:bw=66,experts=[0,2,3,4,5,7]; c22:bw=44,experts=[1,3,5,6]; c20:bw=25,experts=[1,2]
   23 | 0.01000 |   3.0222 |   21.84% |   21.84% |    0:52.23
      bandwidth/experts | c14:bw=52,experts=[0,2,3,4,5]; c23:bw=70,experts=[1,2,3,4,5,6,7]; c28:bw=26,experts=[0,5]; c20:bw=44,experts=[1,2,4,5]; c26:bw=35,experts=[1,2,5]; c8:bw=35,experts=[1,4,7]; c10:bw=67,experts=[0,2,3,4,6,7]; c9:bw=50,experts=[0,1,2,4,7]; c24:bw=40,experts=[0,3,4,6]; c17:bw=70,experts=[0,1,2,4,5,6,7]; c13:bw=54,experts=[1,2,3,5,6]; c2:bw=32,experts=[2,5,6]; c11:bw=52,experts=[0,3,5,6,7]; c29:bw=43,experts=[1,2,4,6]; c22:bw=62,experts=[0,1,2,3,5,6]; c3:bw=15,experts=[0]; c21:bw=55,experts=[2,3,4,5,7]; c6:bw=10,experts=[1]; c16:bw=56,experts=[0,1,4,6,7]; c19:bw=21,experts=[3,7]; c0:bw=11,experts=[3]; c12:bw=26,experts=[3,4]; c15:bw=29,experts=[2,7]; c7:bw=15,experts=[1]; c18:bw=26,experts=[5,6]; c5:bw=52,experts=[0,3,5,6,7]; c27:bw=18,experts=[4]; c4:bw=56,experts=[0,1,5,6,7]; c1:bw=62,experts=[0,2,4,5,6,7]; c25:bw=18,experts=[6]
   24 | 0.01000 |   3.0484 |   21.16% |   21.84% |    0:52.20
      bandwidth/experts | c20:bw=36,experts=[2,3,4]; c9:bw=50,experts=[0,1,2,4,5]; c24:bw=16,experts=[0]; c1:bw=10,experts=[0]; c27:bw=63,experts=[1,2,3,5,6,7]; c28:bw=58,experts=[0,2,3,6,7]; c26:bw=12,experts=[0]; c22:bw=50,experts=[0,1,2,3,5]; c3:bw=10,experts=[5]; c10:bw=39,experts=[1,3,7]; c13:bw=50,experts=[0,1,2,3,4]; c17:bw=56,experts=[0,2,4,6,7]; c4:bw=12,experts=[5]; c14:bw=42,experts=[0,3,5,7]; c15:bw=44,experts=[0,2,6,7]; c21:bw=42,experts=[0,1,3,4]; c11:bw=10,experts=[4]; c18:bw=72,experts=[0,1,2,3,4,5,7]; c5:bw=25,experts=[1,5]; c23:bw=36,experts=[0,1,5]; c16:bw=41,experts=[0,2,4,6]; c12:bw=37,experts=[2,5,6]; c2:bw=43,experts=[0,5,6,7]; c0:bw=31,experts=[4,5,6]; c6:bw=30,experts=[0,4,6]; c8:bw=18,experts=[0]; c7:bw=10,experts=[5]; c19:bw=55,experts=[0,1,2,3,6]; c25:bw=30,experts=[1,4,5]; c29:bw=65,experts=[0,1,2,4,6,7]
   25 | 0.01000 |   3.0292 |   20.73% |   21.84% |    0:52.50
      bandwidth/experts | c12:bw=36,experts=[1,3,4]; c22:bw=38,experts=[0,3,4]; c26:bw=30,experts=[4,5,7]; c17:bw=52,experts=[1,2,5,6,7]; c6:bw=16,experts=[4]; c8:bw=55,experts=[0,1,3,5,7]; c25:bw=40,experts=[1,5,6,7]; c1:bw=49,experts=[0,3,4,5]; c3:bw=14,experts=[0]; c18:bw=59,experts=[1,2,4,5,6]; c28:bw=41,experts=[1,2,5,7]; c4:bw=58,experts=[0,1,3,4,7]; c27:bw=59,experts=[0,1,2,4,7]; c29:bw=27,experts=[6,7]; c19:bw=57,experts=[1,2,3,5,7]; c5:bw=64,experts=[0,3,4,5,6,7]; c7:bw=40,experts=[0,4,5,7]; c23:bw=21,experts=[2,3]; c9:bw=40,experts=[1,3,5,7]; c11:bw=60,experts=[0,2,4,5,6,7]; c10:bw=25,experts=[0,6]; c15:bw=29,experts=[4,7]; c2:bw=12,experts=[6]; c24:bw=25,experts=[2,5]; c21:bw=35,experts=[0,3,5]; c20:bw=15,experts=[6]; c0:bw=56,experts=[0,2,3,4,7]; c14:bw=26,experts=[0,5]; c13:bw=56,experts=[0,2,3,5,7]; c16:bw=52,experts=[0,1,2,3,6]
   26 | 0.01000 |   2.9751 |   22.99% |   22.99% |    0:52.42
      bandwidth/experts | c10:bw=38,experts=[1,2,4]; c29:bw=45,experts=[0,4,6,7]; c28:bw=61,experts=[1,3,4,5,6,7]; c22:bw=14,experts=[3]; c24:bw=14,experts=[4]; c6:bw=34,experts=[0,4,5]; c18:bw=10,experts=[3]; c14:bw=49,experts=[0,2,5,6]; c11:bw=57,experts=[0,2,3,4,5]; c7:bw=31,experts=[0,1,4]; c9:bw=50,experts=[1,2,4,6,7]; c23:bw=14,experts=[6]; c25:bw=50,experts=[0,2,3,4,7]; c4:bw=48,experts=[1,2,4,7]; c17:bw=32,experts=[1,3,5]; c1:bw=33,experts=[1,5,6]; c5:bw=20,experts=[1,7]; c2:bw=30,experts=[3,6,7]; c13:bw=16,experts=[5]; c27:bw=40,experts=[0,3,4,5]; c15:bw=42,experts=[2,3,6,7]; c12:bw=41,experts=[2,3,6,7]; c19:bw=15,experts=[1]; c20:bw=25,experts=[5,6]; c0:bw=11,experts=[7]; c8:bw=53,experts=[0,1,3,4,7]; c16:bw=10,experts=[7]; c21:bw=35,experts=[0,3,6]; c26:bw=13,experts=[7]; c3:bw=44,experts=[0,1,6,7]
   27 | 0.01000 |   2.9153 |   21.79% |   22.99% |    0:52.58
      bandwidth/experts | c3:bw=21,experts=[6,7]; c7:bw=51,experts=[0,2,3,6,7]; c19:bw=18,experts=[2]; c23:bw=75,experts=[1,2,3,4,5,6,7]; c18:bw=18,experts=[4]; c29:bw=27,experts=[2,7]; c9:bw=18,experts=[2]; c17:bw=36,experts=[0,1,5]; c13:bw=57,experts=[1,2,3,5,7]; c27:bw=54,experts=[0,1,4,5,6]; c15:bw=46,experts=[1,2,3,4]; c22:bw=47,experts=[0,2,6,7]; c11:bw=66,experts=[0,2,3,5,6,7]; c5:bw=37,experts=[0,3,4]; c6:bw=63,experts=[0,1,2,4,5,6]; c4:bw=12,experts=[3]; c26:bw=32,experts=[2,6,7]; c2:bw=20,experts=[1,4]; c8:bw=55,experts=[0,3,4,5,7]; c1:bw=62,experts=[1,3,4,5,6,7]; c0:bw=36,experts=[0,2,5]; c12:bw=22,experts=[1,4]; c28:bw=10,experts=[0]; c21:bw=45,experts=[2,4,5,6]; c24:bw=29,experts=[1,6]; c25:bw=30,experts=[1,3,7]; c20:bw=37,experts=[4,6,7]; c10:bw=62,experts=[0,1,2,3,4,5]; c16:bw=20,experts=[1,2]; c14:bw=26,experts=[1,2]
   28 | 0.01000 |   2.9639 |   23.63% |   23.63% |    0:52.71
      bandwidth/experts | c4:bw=10,experts=[2]; c19:bw=33,experts=[1,5,6]; c22:bw=44,experts=[0,3,5,7]; c25:bw=59,experts=[1,2,4,5,7]; c24:bw=42,experts=[3,4,5,7]; c2:bw=10,experts=[7]; c27:bw=12,experts=[0]; c5:bw=33,experts=[2,4,5]; c14:bw=15,experts=[3]; c10:bw=40,experts=[3,4,5,6]; c9:bw=49,experts=[1,2,3,4]; c6:bw=29,experts=[2,4]; c17:bw=48,experts=[0,4,5,7]; c11:bw=66,experts=[1,2,3,4,5,7]; c1:bw=25,experts=[4,6]; c15:bw=32,experts=[4,5,7]; c7:bw=10,experts=[3]; c28:bw=50,experts=[1,3,5,6,7]; c23:bw=34,experts=[1,2,7]; c3:bw=12,experts=[3]; c21:bw=10,experts=[5]; c12:bw=42,experts=[1,2,6,7]; c29:bw=32,experts=[3,5,6]; c0:bw=47,experts=[0,2,4,7]; c26:bw=35,experts=[2,3,6]; c8:bw=29,experts=[3,6]; c13:bw=31,experts=[0,6,7]; c20:bw=47,experts=[1,2,4,7]; c16:bw=35,experts=[0,3,5]; c18:bw=34,experts=[3,5,6]
   29 | 0.01000 |   2.9659 |   20.82% |   23.63% |    0:52.70
      bandwidth/experts | c8:bw=34,experts=[1,3,4]; c12:bw=10,experts=[0]; c20:bw=42,experts=[0,1,4,5]; c7:bw=21,experts=[1,5]; c0:bw=44,experts=[1,2,3,4]; c3:bw=32,experts=[3,5,7]; c9:bw=44,experts=[1,2,3,5]; c25:bw=35,experts=[3,5,6]; c2:bw=18,experts=[2]; c17:bw=59,experts=[0,2,3,5,7]; c21:bw=74,experts=[0,1,3,4,5,6,7]; c19:bw=39,experts=[1,2,7]; c27:bw=26,experts=[4,6]; c18:bw=24,experts=[4,5]; c29:bw=23,experts=[0,7]; c5:bw=33,experts=[0,4,5]; c6:bw=43,experts=[0,1,4,6]; c10:bw=10,experts=[7]; c1:bw=33,experts=[2,4,7]; c13:bw=13,experts=[0]; c28:bw=50,experts=[0,1,2,3,4]; c23:bw=20,experts=[2,6]; c22:bw=54,experts=[3,4,5,6,7]; c14:bw=35,experts=[0,1,7]; c15:bw=70,experts=[0,1,2,3,4,5,7]; c16:bw=48,experts=[0,3,4,6]; c24:bw=14,experts=[2]; c26:bw=25,experts=[2,5]; c4:bw=38,experts=[1,4,5]; c11:bw=59,experts=[0,1,2,3,7]
   30 | 0.01000 |   2.9654 |   22.29% |   23.63% |    0:52.78
      bandwidth/experts | c13:bw=27,experts=[0,1]; c15:bw=22,experts=[1,7]; c0:bw=17,experts=[4]; c29:bw=44,experts=[1,2,3,7]; c28:bw=36,experts=[1,3,6]; c19:bw=24,experts=[1,2]; c7:bw=12,experts=[3]; c6:bw=11,experts=[7]; c8:bw=41,experts=[0,2,3,6]; c2:bw=27,experts=[1,2]; c11:bw=46,experts=[0,2,5,6]; c10:bw=71,experts=[0,1,2,4,5,6,7]; c12:bw=24,experts=[4,6]; c25:bw=56,experts=[0,1,3,4,7]; c17:bw=19,experts=[5]; c5:bw=62,experts=[0,1,2,5,6,7]; c1:bw=35,experts=[0,3,5]; c23:bw=37,experts=[1,6,7]; c20:bw=60,experts=[0,1,2,3,4,5]; c21:bw=10,experts=[0]; c24:bw=10,experts=[5]; c26:bw=12,experts=[7]; c3:bw=59,experts=[0,2,3,5,7]; c4:bw=51,experts=[1,2,3,4,5]; c16:bw=31,experts=[3,4,5]; c18:bw=57,experts=[0,2,3,4,5]; c9:bw=54,experts=[0,3,4,5,7]; c22:bw=26,experts=[1,4]; c27:bw=53,experts=[1,2,4,5,6]; c14:bw=49,experts=[3,4,5,7]
   31 | 0.01000 |   2.8950 |   25.04% |   25.04% |    0:52.98
      bandwidth/experts | c12:bw=35,experts=[0,2,3]; c3:bw=24,experts=[4,7]; c7:bw=63,experts=[0,1,2,4,5,6]; c21:bw=46,experts=[0,1,3,6]; c29:bw=48,experts=[2,3,5,6]; c19:bw=40,experts=[0,1,3,5]; c15:bw=55,experts=[0,1,2,3,5]; c6:bw=29,experts=[1,3]; c10:bw=33,experts=[3,4,7]; c16:bw=36,experts=[0,2,3]; c14:bw=61,experts=[0,2,4,5,6,7]; c24:bw=72,experts=[1,2,3,4,5,6,7]; c1:bw=30,experts=[0,1,6]; c13:bw=32,experts=[1,2,3]; c23:bw=24,experts=[0,6]; c11:bw=29,experts=[5,6]; c8:bw=33,experts=[4,5,6]; c22:bw=41,experts=[2,5,6,7]; c0:bw=47,experts=[2,3,4,5]; c5:bw=62,experts=[0,1,2,3,4,7]; c9:bw=45,experts=[0,2,4,7]; c27:bw=10,experts=[1]; c4:bw=19,experts=[1]; c20:bw=11,experts=[6]; c28:bw=56,experts=[0,1,3,4,7]; c18:bw=58,experts=[0,1,2,4,6]; c25:bw=46,experts=[1,3,5,7]; c17:bw=35,experts=[1,2,5]; c26:bw=10,experts=[0]; c2:bw=15,experts=[1]
   32 | 0.01000 |   2.7902 |   27.72% |   27.72% |    0:52.92
      bandwidth/experts | c15:bw=36,experts=[0,4,5]; c8:bw=21,experts=[1,3]; c9:bw=31,experts=[2,3,6]; c28:bw=19,experts=[1]; c4:bw=49,experts=[0,2,4,7]; c27:bw=27,experts=[0,6]; c21:bw=64,experts=[1,2,4,5,6,7]; c11:bw=27,experts=[0,2]; c5:bw=36,experts=[0,5,6]; c18:bw=35,experts=[2,3,5]; c17:bw=28,experts=[2,6]; c29:bw=41,experts=[0,1,4,5]; c6:bw=27,experts=[2,4]; c24:bw=10,experts=[0]; c26:bw=29,experts=[0,6]; c10:bw=22,experts=[0,3]; c23:bw=15,experts=[4]; c12:bw=49,experts=[0,4,5,7]; c1:bw=21,experts=[2,5]; c20:bw=39,experts=[0,3,6]; c13:bw=63,experts=[0,2,3,4,6,7]; c22:bw=35,experts=[5,6,7]; c14:bw=32,experts=[4,5,6]; c19:bw=27,experts=[3,6]; c2:bw=54,experts=[0,2,5,6,7]; c16:bw=48,experts=[1,2,5,6]; c7:bw=47,experts=[0,2,3,6]; c0:bw=46,experts=[0,2,5,6]; c3:bw=28,experts=[2,3]; c25:bw=67,experts=[1,2,3,4,5,7]
   33 | 0.01000 |   2.7545 |   27.17% |   27.72% |    0:52.99
      bandwidth/experts | c26:bw=44,experts=[0,2,3,7]; c27:bw=38,experts=[3,5,6]; c23:bw=63,experts=[0,1,4,5,6,7]; c4:bw=45,experts=[0,2,6,7]; c17:bw=59,experts=[1,3,4,6,7]; c29:bw=62,experts=[2,3,4,5,6,7]; c18:bw=55,experts=[0,1,2,3,4]; c13:bw=30,experts=[1,2,4]; c0:bw=62,experts=[0,1,3,4,5,6]; c10:bw=46,experts=[0,3,5,7]; c7:bw=52,experts=[0,1,3,5,6]; c15:bw=24,experts=[2,4]; c5:bw=29,experts=[2,4]; c20:bw=40,experts=[0,2,4,7]; c14:bw=37,experts=[0,6,7]; c1:bw=34,experts=[2,6,7]; c22:bw=56,experts=[0,2,3,6,7]; c8:bw=50,experts=[0,1,4,5,6]; c2:bw=24,experts=[0,2]; c9:bw=42,experts=[0,2,3,6]; c3:bw=70,experts=[1,2,3,4,5,6,7]; c19:bw=25,experts=[1,5]; c12:bw=46,experts=[0,1,6,7]; c28:bw=29,experts=[2,4]; c11:bw=53,experts=[2,3,4,5,6]; c25:bw=14,experts=[7]; c21:bw=65,experts=[0,1,2,4,6,7]; c6:bw=37,experts=[0,1,2]; c16:bw=44,experts=[0,3,4,7]; c24:bw=28,experts=[1,3]
   34 | 0.01000 |   2.7414 |   27.67% |   27.72% |    0:53.68
      bandwidth/experts | c22:bw=30,experts=[0,2,5]; c28:bw=39,experts=[2,3,7]; c29:bw=13,experts=[5]; c18:bw=29,experts=[2,4]; c16:bw=54,experts=[0,4,5,6,7]; c27:bw=34,experts=[5,6,7]; c9:bw=68,experts=[2,3,4,5,6,7]; c14:bw=66,experts=[0,1,2,3,4,7]; c2:bw=54,experts=[0,1,4,5,6]; c11:bw=52,experts=[0,2,3,5,6]; c8:bw=42,experts=[0,5,6,7]; c6:bw=48,experts=[0,1,3,5]; c7:bw=32,experts=[1,2,5]; c17:bw=16,experts=[5]; c10:bw=26,experts=[0,4]; c13:bw=57,experts=[0,1,2,4,6]; c3:bw=72,experts=[1,2,3,4,5,6,7]; c15:bw=10,experts=[1]; c19:bw=50,experts=[0,1,3,4,7]; c24:bw=60,experts=[0,2,3,4,5,6]; c21:bw=48,experts=[0,1,4,7]; c20:bw=62,experts=[1,2,3,4,6,7]; c0:bw=22,experts=[2,5]; c4:bw=46,experts=[0,2,5,6]; c5:bw=60,experts=[0,1,2,3,4,7]; c12:bw=24,experts=[5,6]; c23:bw=36,experts=[1,2,4]; c26:bw=55,experts=[2,3,4,6,7]; c1:bw=46,experts=[2,3,5,6]; c25:bw=49,experts=[0,2,5,7]
   35 | 0.01000 |   2.7546 |   28.22% |   28.22% |    0:53.28
      bandwidth/experts | c6:bw=44,experts=[3,5,6,7]; c28:bw=55,experts=[1,2,3,6,7]; c22:bw=32,experts=[1,2,6]; c8:bw=50,experts=[0,2,4,5,6]; c0:bw=20,experts=[2,5]; c15:bw=47,experts=[0,1,6,7]; c13:bw=48,experts=[1,2,6,7]; c25:bw=40,experts=[4,5,6,7]; c17:bw=32,experts=[1,3,4]; c20:bw=53,experts=[0,1,2,3,5]; c4:bw=33,experts=[2,3,7]; c11:bw=69,experts=[0,1,2,4,6,7]; c12:bw=22,experts=[0,1]; c2:bw=46,experts=[0,2,4,5]; c9:bw=27,experts=[0,6]; c7:bw=48,experts=[0,4,6,7]; c26:bw=59,experts=[1,2,3,4,7]; c24:bw=15,experts=[2]; c29:bw=28,experts=[1,2]; c18:bw=51,experts=[0,2,3,4,5]; c23:bw=13,experts=[4]; c16:bw=10,experts=[0]; c21:bw=10,experts=[5]; c5:bw=41,experts=[0,3,6,7]; c14:bw=20,experts=[1,5]; c3:bw=24,experts=[2,5]; c10:bw=57,experts=[1,2,4,6,7]; c27:bw=64,experts=[0,3,4,5,6,7]; c19:bw=22,experts=[3,7]; c1:bw=31,experts=[1,2,3]
   36 | 0.01000 |   2.7500 |   27.77% |   28.22% |    0:53.67
      bandwidth/experts | c26:bw=41,experts=[2,4,6,7]; c19:bw=48,experts=[0,2,4,7]; c8:bw=51,experts=[0,2,3,5,7]; c17:bw=49,experts=[1,2,3,6]; c20:bw=49,experts=[2,4,5,7]; c15:bw=68,experts=[0,1,2,4,5,7]; c29:bw=53,experts=[2,4,5,6,7]; c18:bw=11,experts=[4]; c22:bw=13,experts=[3]; c21:bw=42,experts=[0,3,5,7]; c7:bw=27,experts=[5,7]; c1:bw=10,experts=[0]; c11:bw=33,experts=[0,2,7]; c16:bw=10,experts=[6]; c6:bw=43,experts=[0,5,6,7]; c24:bw=12,experts=[1]; c9:bw=37,experts=[1,3,5]; c27:bw=40,experts=[1,2,3,5]; c28:bw=37,experts=[0,3,4]; c2:bw=50,experts=[0,1,5,6,7]; c23:bw=58,experts=[1,3,4,5,6]; c12:bw=35,experts=[1,2,7]; c3:bw=60,experts=[1,2,3,4,6,7]; c10:bw=56,experts=[0,1,3,4,7]; c4:bw=74,experts=[0,1,2,3,4,6,7]; c5:bw=49,experts=[1,5,6,7]; c13:bw=47,experts=[1,2,6,7]; c25:bw=11,experts=[1]; c0:bw=36,experts=[0,2,3]; c14:bw=18,experts=[2]
   37 | 0.01000 |   2.7200 |   26.91% |   28.22% |    0:53.72
      bandwidth/experts | c21:bw=18,experts=[5]; c9:bw=40,experts=[0,1,4,5]; c6:bw=65,experts=[0,1,3,4,5,7]; c20:bw=38,experts=[1,5,6]; c29:bw=39,experts=[1,4,7]; c19:bw=42,experts=[0,1,2,6]; c3:bw=36,experts=[1,6,7]; c24:bw=61,experts=[1,2,3,4,5,6]; c28:bw=10,experts=[7]; c18:bw=10,experts=[4]; c12:bw=49,experts=[0,1,2,4]; c27:bw=55,experts=[0,2,3,4,7]; c7:bw=42,experts=[0,3,6,7]; c0:bw=54,experts=[0,2,3,5,7]; c15:bw=51,experts=[0,3,4,6,7]; c25:bw=56,experts=[2,3,5,6,7]; c26:bw=10,experts=[6]; c1:bw=18,experts=[0]; c8:bw=10,experts=[0]; c10:bw=58,experts=[1,2,4,5,6]; c13:bw=12,experts=[3]; c17:bw=56,experts=[1,2,4,5,6]; c11:bw=63,experts=[0,1,2,3,4,7]; c4:bw=39,experts=[0,1,3]; c16:bw=31,experts=[0,3,7]; c2:bw=36,experts=[0,2,3]; c22:bw=10,experts=[3]; c5:bw=39,experts=[0,1,5]; c23:bw=44,experts=[2,3,6,7]; c14:bw=28,experts=[2,5]
   38 | 0.01000 |   2.6478 |   30.54% |   30.54% |    0:53.75
      bandwidth/experts | c16:bw=38,experts=[1,5,6]; c10:bw=39,experts=[0,2,4]; c14:bw=41,experts=[0,1,2,7]; c28:bw=30,experts=[2,3,4]; c4:bw=52,experts=[1,2,3,6,7]; c1:bw=31,experts=[1,2,6]; c21:bw=51,experts=[0,1,2,4,7]; c22:bw=46,experts=[0,2,5,6]; c8:bw=46,experts=[1,2,5,6]; c11:bw=17,experts=[0]; c29:bw=21,experts=[1,4]; c0:bw=40,experts=[1,2,6,7]; c5:bw=10,experts=[6]; c23:bw=30,experts=[0,3,4]; c2:bw=10,experts=[4]; c15:bw=12,experts=[3]; c27:bw=48,experts=[0,1,5,6]; c19:bw=61,experts=[1,2,3,4,5,6]; c6:bw=17,experts=[5]; c20:bw=36,experts=[3,5,7]; c7:bw=51,experts=[0,1,3,6,7]; c17:bw=41,experts=[0,2,4,5]; c9:bw=26,experts=[0,6]; c12:bw=47,experts=[1,3,4,6]; c24:bw=38,experts=[1,2,7]; c3:bw=38,experts=[2,5,7]; c25:bw=58,experts=[0,1,4,5,7]; c13:bw=63,experts=[0,2,3,4,6,7]; c26:bw=44,experts=[1,2,3,6]; c18:bw=44,experts=[1,2,4,6]
   39 | 0.01000 |   2.6611 |   28.99% |   30.54% |    0:53.66
      bandwidth/experts | c22:bw=28,experts=[5,7]; c26:bw=37,experts=[2,3,7]; c13:bw=49,experts=[0,2,3,4]; c11:bw=51,experts=[1,3,4,5,7]; c1:bw=45,experts=[3,5,6,7]; c23:bw=49,experts=[0,2,4,7]; c16:bw=29,experts=[1,2]; c21:bw=52,experts=[2,3,4,5,6]; c15:bw=30,experts=[1,2,6]; c17:bw=42,experts=[1,2,5,6]; c10:bw=24,experts=[0,3]; c4:bw=36,experts=[2,3,6]; c24:bw=44,experts=[3,5,6,7]; c8:bw=45,experts=[0,1,2,4]; c27:bw=39,experts=[0,3,7]; c12:bw=49,experts=[1,2,3,6]; c3:bw=26,experts=[3,6]; c25:bw=35,experts=[3,5,6]; c0:bw=10,experts=[3]; c20:bw=68,experts=[1,2,3,4,5,7]; c14:bw=57,experts=[0,2,3,4,7]; c19:bw=18,experts=[7]; c9:bw=24,experts=[3,6]; c7:bw=40,experts=[1,2,4,5]; c29:bw=16,experts=[7]; c6:bw=31,experts=[0,1,6]; c2:bw=36,experts=[0,1,3]; c28:bw=54,experts=[1,2,4,6,7]; c5:bw=75,experts=[0,2,3,4,5,6,7]; c18:bw=25,experts=[0,1]
   40 | 0.01000 |   2.6402 |   31.00% |   31.00% |    0:53.84
      bandwidth/experts | c28:bw=10,experts=[7]; c27:bw=38,experts=[3,4,7]; c26:bw=63,experts=[0,1,3,4,6,7]; c8:bw=26,experts=[0,7]; c18:bw=38,experts=[1,4,6]; c6:bw=46,experts=[0,2,3,5]; c17:bw=30,experts=[0,2,7]; c13:bw=32,experts=[1,6,7]; c29:bw=43,experts=[0,2,3,4]; c16:bw=29,experts=[2,5]; c15:bw=22,experts=[0,7]; c2:bw=65,experts=[1,2,4,5,6,7]; c10:bw=60,experts=[0,2,3,4,5,6]; c1:bw=42,experts=[0,2,3,4]; c22:bw=43,experts=[1,3,6,7]; c11:bw=15,experts=[5]; c23:bw=50,experts=[0,1,5,6,7]; c20:bw=21,experts=[4,5]; c4:bw=19,experts=[2]; c7:bw=66,experts=[0,1,2,3,6,7]; c24:bw=51,experts=[1,2,3,5,6]; c19:bw=23,experts=[0,5]; c25:bw=67,experts=[2,3,4,5,6,7]; c3:bw=10,experts=[7]; c14:bw=58,experts=[0,2,3,5,7]; c12:bw=42,experts=[1,2,3,7]; c5:bw=32,experts=[5,6,7]; c21:bw=35,experts=[2,3,6]; c0:bw=36,experts=[3,4,7]; c9:bw=40,experts=[3,5,6,7]
   41 | 0.01000 |   2.6911 |   30.32% |   31.00% |    0:53.73
      bandwidth/experts | c6:bw=10,experts=[3]; c26:bw=10,experts=[4]; c2:bw=54,experts=[1,2,3,4,5]; c29:bw=38,experts=[0,1,4]; c16:bw=25,experts=[4,7]; c1:bw=10,experts=[7]; c8:bw=57,experts=[1,2,3,5,7]; c15:bw=24,experts=[4,5]; c4:bw=50,experts=[0,2,3,6,7]; c19:bw=19,experts=[0]; c3:bw=40,experts=[0,1,2,3]; c24:bw=58,experts=[0,1,4,5,7]; c21:bw=18,experts=[6]; c20:bw=39,experts=[1,2,7]; c18:bw=10,experts=[0]; c23:bw=37,experts=[3,4,7]; c0:bw=10,experts=[2]; c17:bw=52,experts=[2,4,5,6,7]; c25:bw=29,experts=[1,6]; c12:bw=18,experts=[3]; c11:bw=41,experts=[0,4,5,6]; c10:bw=42,experts=[1,5,6,7]; c13:bw=45,experts=[0,1,5,7]; c14:bw=61,experts=[0,1,3,4,5,7]; c22:bw=46,experts=[2,3,4,5]; c28:bw=51,experts=[2,3,5,6,7]; c27:bw=52,experts=[1,2,3,6,7]; c5:bw=61,experts=[0,2,3,5,6,7]; c7:bw=68,experts=[0,1,2,4,5,7]; c9:bw=54,experts=[0,1,2,6,7]
   42 | 0.01000 |   2.6842 |   31.23% |   31.23% |    0:53.85
      bandwidth/experts | c12:bw=22,experts=[3,7]; c15:bw=31,experts=[2,3,6]; c27:bw=34,experts=[0,2,3]; c9:bw=51,experts=[1,3,4,6,7]; c11:bw=59,experts=[0,2,3,4,6]; c17:bw=32,experts=[2,3,5]; c1:bw=49,experts=[3,4,5,7]; c16:bw=10,experts=[1]; c22:bw=26,experts=[2,3]; c24:bw=34,experts=[0,5,6]; c19:bw=63,experts=[0,1,2,3,4,5]; c25:bw=28,experts=[1,2]; c2:bw=40,experts=[0,2,4,6]; c6:bw=34,experts=[3,4,7]; c5:bw=50,experts=[1,2,3,5,7]; c14:bw=13,experts=[3]; c23:bw=51,experts=[0,1,2,3,7]; c3:bw=48,experts=[0,1,3,4]; c20:bw=42,experts=[0,1,2,6]; c4:bw=55,experts=[1,2,4,5,6]; c26:bw=16,experts=[2]; c0:bw=15,experts=[3]; c10:bw=15,experts=[7]; c28:bw=54,experts=[0,1,3,4,7]; c29:bw=40,experts=[0,1,2,6]; c7:bw=20,experts=[2,4]; c13:bw=33,experts=[1,2,5]; c18:bw=14,experts=[2]; c21:bw=32,experts=[2,3,6]; c8:bw=42,experts=[2,3,5,7]
   43 | 0.01000 |   2.5776 |   32.91% |   32.91% |    0:53.71
      bandwidth/experts | c29:bw=28,experts=[6,7]; c8:bw=45,experts=[0,2,4,5]; c12:bw=10,experts=[6]; c9:bw=32,experts=[1,3,4]; c15:bw=14,experts=[2]; c28:bw=27,experts=[2,5]; c18:bw=24,experts=[1,6]; c13:bw=16,experts=[3]; c20:bw=48,experts=[0,3,5,7]; c14:bw=66,experts=[0,1,2,3,4,5]; c21:bw=34,experts=[1,3,7]; c0:bw=21,experts=[3,4]; c7:bw=21,experts=[2,7]; c4:bw=34,experts=[4,6,7]; c27:bw=61,experts=[0,2,3,4,5,6]; c3:bw=65,experts=[0,1,2,4,5,7]; c22:bw=41,experts=[2,3,4,5]; c11:bw=55,experts=[2,3,4,6,7]; c26:bw=59,experts=[1,3,4,5,6]; c16:bw=21,experts=[0,5]; c23:bw=34,experts=[0,5,6]; c17:bw=47,experts=[0,1,2,7]; c6:bw=12,experts=[6]; c1:bw=58,experts=[0,1,3,5,7]; c5:bw=53,experts=[1,2,4,6,7]; c10:bw=37,experts=[0,4,6]; c25:bw=44,experts=[2,4,6,7]; c24:bw=54,experts=[1,2,3,4,7]; c19:bw=54,experts=[1,2,3,4,6]; c2:bw=51,experts=[0,2,3,4,5]
   44 | 0.01000 |   2.5200 |   32.72% |   32.91% |    0:53.81
      bandwidth/experts | c3:bw=47,experts=[1,3,4,7]; c19:bw=10,experts=[5]; c8:bw=34,experts=[2,4,7]; c4:bw=29,experts=[1,5]; c20:bw=56,experts=[0,2,3,5,7]; c24:bw=31,experts=[0,4,6]; c9:bw=37,experts=[3,5,7]; c10:bw=56,experts=[0,1,2,4,5]; c13:bw=28,experts=[6,7]; c5:bw=24,experts=[2,4]; c11:bw=16,experts=[6]; c14:bw=65,experts=[1,2,3,4,5,6]; c17:bw=12,experts=[0]; c23:bw=36,experts=[2,5,6]; c1:bw=45,experts=[1,2,5,7]; c2:bw=37,experts=[0,2,5]; c26:bw=45,experts=[0,1,2,4]; c15:bw=50,experts=[0,2,5,6,7]; c22:bw=23,experts=[3,7]; c25:bw=36,experts=[4,5,6]; c28:bw=36,experts=[1,3,6]; c18:bw=54,experts=[1,3,4,6,7]; c12:bw=40,experts=[0,5,6,7]; c0:bw=66,experts=[0,2,3,5,6,7]; c6:bw=20,experts=[4,6]; c16:bw=76,experts=[0,1,2,3,4,6,7]; c7:bw=75,experts=[0,1,2,3,4,6,7]; c27:bw=31,experts=[5,6,7]; c29:bw=68,experts=[1,2,3,5,6,7]; c21:bw=58,experts=[0,1,5,6,7]
   45 | 0.01000 |   2.5854 |   30.74% |   32.91% |    0:53.91
      bandwidth/experts | c3:bw=67,experts=[0,1,2,3,4,5]; c21:bw=58,experts=[1,2,4,5,6]; c24:bw=13,experts=[3]; c15:bw=33,experts=[2,3,4]; c29:bw=50,experts=[0,3,4,5,6]; c4:bw=64,experts=[0,1,3,4,5,7]; c11:bw=53,experts=[2,3,4,5,7]; c16:bw=54,experts=[0,1,2,5,7]; c5:bw=44,experts=[1,3,4,7]; c12:bw=61,experts=[0,1,3,4,6,7]; c10:bw=42,experts=[1,3,4,5]; c14:bw=41,experts=[0,1,3,7]; c19:bw=67,experts=[0,1,3,5,6,7]; c26:bw=22,experts=[4,7]; c23:bw=42,experts=[1,4,5,7]; c8:bw=55,experts=[0,2,3,5,6]; c20:bw=52,experts=[0,2,3,4,5]; c7:bw=36,experts=[0,5,6]; c27:bw=10,experts=[4]; c17:bw=10,experts=[2]; c0:bw=36,experts=[3,4,6]; c1:bw=56,experts=[0,1,2,3,7]; c13:bw=53,experts=[0,1,2,6,7]; c18:bw=16,experts=[7]; c25:bw=32,experts=[0,2,6]; c9:bw=25,experts=[3,6]; c2:bw=49,experts=[1,4,6,7]; c6:bw=10,experts=[0]; c22:bw=37,experts=[3,4,5]; c28:bw=21,experts=[1,3]
   46 | 0.01000 |   2.5515 |   34.55% |   34.55% |    0:53.87
      bandwidth/experts | c21:bw=32,experts=[0,4,7]; c5:bw=41,experts=[0,4,5,6]; c16:bw=28,experts=[2,4]; c11:bw=38,experts=[0,3,7]; c19:bw=10,experts=[7]; c8:bw=39,experts=[1,3,6]; c17:bw=15,experts=[0]; c28:bw=11,experts=[6]; c26:bw=48,experts=[1,3,5,7]; c18:bw=44,experts=[2,3,5,7]; c12:bw=53,experts=[0,1,2,3,6]; c0:bw=55,experts=[1,2,5,6,7]; c29:bw=10,experts=[4]; c9:bw=37,experts=[2,5,6]; c6:bw=39,experts=[2,5,6]; c27:bw=22,experts=[1,2]; c20:bw=50,experts=[0,2,3,6,7]; c22:bw=31,experts=[1,4,6]; c4:bw=64,experts=[0,1,3,4,5,6]; c3:bw=27,experts=[1,5]; c15:bw=14,experts=[1]; c10:bw=59,experts=[0,1,4,5,7]; c24:bw=30,experts=[1,2,3]; c25:bw=20,experts=[3,4]; c13:bw=50,experts=[0,2,3,4,6]; c23:bw=37,experts=[0,2,5]; c2:bw=57,experts=[0,1,2,5,7]; c1:bw=41,experts=[3,4,5,7]; c7:bw=28,experts=[0,7]; c14:bw=39,experts=[1,4,5]
   47 | 0.01000 |   2.5417 |   33.82% |   34.55% |    0:53.95
      bandwidth/experts | c16:bw=68,experts=[0,1,2,3,5,6]; c13:bw=33,experts=[3,6,7]; c28:bw=34,experts=[1,2,7]; c6:bw=22,experts=[0,1]; c12:bw=15,experts=[2]; c25:bw=23,experts=[5,6]; c15:bw=42,experts=[2,4,6,7]; c29:bw=11,experts=[4]; c7:bw=53,experts=[0,1,5,6,7]; c17:bw=20,experts=[4,6]; c24:bw=40,experts=[0,1,3,4]; c3:bw=70,experts=[0,1,2,4,5,6,7]; c22:bw=63,experts=[1,3,4,5,6,7]; c21:bw=45,experts=[1,2,3,5]; c18:bw=10,experts=[2]; c23:bw=10,experts=[4]; c8:bw=39,experts=[4,5,7]; c5:bw=52,experts=[0,2,3,6,7]; c20:bw=53,experts=[0,1,3,6,7]; c27:bw=48,experts=[1,2,6,7]; c26:bw=10,experts=[3]; c11:bw=39,experts=[3,4,7]; c2:bw=54,experts=[0,1,2,6,7]; c1:bw=30,experts=[0,1,7]; c9:bw=17,experts=[7]; c10:bw=51,experts=[0,1,2,3,7]; c19:bw=28,experts=[0,4]; c4:bw=10,experts=[1]; c14:bw=24,experts=[2,3]; c0:bw=46,experts=[2,4,5,7]
   48 | 0.01000 |   2.4965 |   35.33% |   35.33% |    0:53.92
      bandwidth/experts | c27:bw=61,experts=[0,1,3,4,5,6]; c2:bw=57,experts=[0,2,3,5,7]; c19:bw=45,experts=[2,4,5,7]; c0:bw=16,experts=[5]; c26:bw=34,experts=[3,6,7]; c23:bw=49,experts=[0,3,5,7]; c14:bw=10,experts=[2]; c11:bw=32,experts=[0,1,2]; c5:bw=55,experts=[2,3,4,6,7]; c4:bw=67,experts=[0,1,2,5,6,7]; c20:bw=53,experts=[0,1,2,3,4]; c22:bw=35,experts=[0,3,6]; c28:bw=10,experts=[5]; c21:bw=44,experts=[0,4,5,6]; c15:bw=64,experts=[0,1,2,3,5,7]; c9:bw=52,experts=[1,4,5,6,7]; c3:bw=18,experts=[1]; c25:bw=17,experts=[0]; c10:bw=12,experts=[4]; c24:bw=59,experts=[1,2,3,4,6]; c6:bw=45,experts=[0,4,5,7]; c12:bw=31,experts=[2,4,7]; c1:bw=50,experts=[1,3,4,5,7]; c7:bw=62,experts=[0,1,3,4,5,6]; c8:bw=50,experts=[1,3,4,5,7]; c13:bw=50,experts=[0,1,2,3,6]; c29:bw=49,experts=[1,2,3,4]; c18:bw=62,experts=[0,1,3,4,6,7]; c17:bw=38,experts=[3,4,6]; c16:bw=10,experts=[6]
   49 | 0.01000 |   2.5159 |   33.62% |   35.33% |    0:54.00
      bandwidth/experts | c2:bw=58,experts=[0,2,3,4,5]; c10:bw=64,experts=[0,1,2,3,5,7]; c14:bw=58,experts=[0,3,4,5,7]; c18:bw=32,experts=[2,4,5]; c15:bw=42,experts=[1,2,4,5]; c17:bw=30,experts=[0,1,7]; c19:bw=10,experts=[1]; c3:bw=32,experts=[0,3,5]; c13:bw=39,experts=[0,4,7]; c29:bw=16,experts=[1]; c0:bw=20,experts=[1,6]; c21:bw=10,experts=[7]; c6:bw=13,experts=[3]; c28:bw=48,experts=[0,1,3,4]; c8:bw=26,experts=[0,4]; c12:bw=37,experts=[3,4,5]; c27:bw=41,experts=[1,2,3,6]; c1:bw=54,experts=[1,2,5,6,7]; c7:bw=44,experts=[0,5,6,7]; c26:bw=17,experts=[6]; c23:bw=10,experts=[6]; c9:bw=53,experts=[0,1,2,6,7]; c20:bw=16,experts=[1]; c22:bw=29,experts=[4,7]; c11:bw=38,experts=[2,5,7]; c25:bw=58,experts=[1,2,3,4,6]; c5:bw=56,experts=[2,4,5,6,7]; c24:bw=21,experts=[6,7]; c4:bw=48,experts=[0,1,4,5]; c16:bw=30,experts=[0,2,6]
   50 | 0.01000 |   2.4923 |   34.83% |   35.33% |    0:53.99
      bandwidth/experts | c8:bw=32,experts=[3,4,5]; c13:bw=37,experts=[1,6,7]; c9:bw=27,experts=[4,5]; c19:bw=43,experts=[0,1,3,4]; c21:bw=17,experts=[1]; c24:bw=43,experts=[0,3,5,7]; c14:bw=23,experts=[0,7]; c29:bw=62,experts=[1,2,3,4,5,6]; c12:bw=34,experts=[2,3,6]; c4:bw=10,experts=[0]; c11:bw=57,experts=[0,2,3,4,6]; c15:bw=31,experts=[1,3,6]; c17:bw=33,experts=[3,5,6]; c25:bw=32,experts=[1,4,7]; c1:bw=64,experts=[0,1,4,5,6,7]; c5:bw=31,experts=[2,3,5]; c2:bw=63,experts=[0,1,2,3,6,7]; c22:bw=16,experts=[3]; c6:bw=68,experts=[0,1,2,3,5,7]; c16:bw=27,experts=[0,6]; c26:bw=56,experts=[1,3,4,5,6]; c23:bw=41,experts=[2,3,5,7]; c7:bw=34,experts=[3,4,5]; c10:bw=23,experts=[2,4]; c27:bw=57,experts=[1,2,4,5,7]; c28:bw=35,experts=[0,2,5]; c3:bw=39,experts=[0,3,4]; c20:bw=46,experts=[1,3,5,7]; c18:bw=44,experts=[0,3,4,6]; c0:bw=29,experts=[1,2]
   51 | 0.01000 |   2.4869 |   34.36% |   35.33% |    0:53.92
      bandwidth/experts | c17:bw=43,experts=[1,2,5,7]; c11:bw=60,experts=[1,3,4,5,6,7]; c14:bw=30,experts=[0,3,4]; c5:bw=47,experts=[2,3,5,7]; c3:bw=55,experts=[1,3,5,6,7]; c4:bw=11,experts=[3]; c22:bw=22,experts=[0,7]; c13:bw=40,experts=[2,5,6,7]; c2:bw=20,experts=[5,7]; c6:bw=52,experts=[0,1,3,4,7]; c15:bw=57,experts=[0,1,2,5,7]; c9:bw=18,experts=[2]; c18:bw=37,experts=[2,3,6]; c25:bw=53,experts=[0,2,4,5,6]; c27:bw=10,experts=[6]; c19:bw=10,experts=[2]; c0:bw=53,experts=[0,2,3,5,7]; c28:bw=51,experts=[0,2,3,4,5]; c7:bw=27,experts=[0,3]; c21:bw=14,experts=[2]; c23:bw=38,experts=[1,2,5]; c20:bw=30,experts=[1,2,5]; c24:bw=54,experts=[2,3,5,6,7]; c8:bw=46,experts=[0,1,2,4]; c1:bw=21,experts=[4,6]; c29:bw=44,experts=[0,1,2,3]; c12:bw=43,experts=[0,1,4,7]; c26:bw=31,experts=[1,4,6]; c16:bw=30,experts=[2,3,5]; c10:bw=37,experts=[3,6,7]
   52 | 0.01000 |   2.4311 |   37.63% |   37.63% |    0:54.19
      bandwidth/experts | c21:bw=45,experts=[0,1,4,5]; c12:bw=10,experts=[4]; c26:bw=52,experts=[3,4,5,6,7]; c2:bw=29,experts=[2,4]; c3:bw=43,experts=[0,5,6,7]; c8:bw=18,experts=[7]; c28:bw=35,experts=[2,3,7]; c13:bw=23,experts=[5,7]; c20:bw=10,experts=[5]; c10:bw=31,experts=[0,4,6]; c29:bw=43,experts=[0,4,5,6]; c17:bw=19,experts=[7]; c6:bw=51,experts=[0,2,4,5,6]; c0:bw=46,experts=[0,1,3,5]; c25:bw=62,experts=[0,1,2,3,4,6]; c19:bw=46,experts=[0,1,5,7]; c7:bw=34,experts=[2,4,6]; c15:bw=31,experts=[1,5,6]; c24:bw=35,experts=[3,5,7]; c14:bw=42,experts=[0,2,5,6]; c22:bw=21,experts=[5,6]; c9:bw=31,experts=[2,4,6]; c23:bw=10,experts=[3]; c16:bw=59,experts=[0,2,3,4,6]; c27:bw=40,experts=[0,2,3,6]; c4:bw=33,experts=[3,5,7]; c18:bw=49,experts=[1,2,3,6]; c11:bw=60,experts=[0,1,2,3,4,6]; c1:bw=40,experts=[0,1,4,7]; c5:bw=24,experts=[0,7]
   53 | 0.01000 |   2.4438 |   37.52% |   37.63% |    0:54.05
      bandwidth/experts | c27:bw=58,experts=[0,3,4,6,7]; c4:bw=28,experts=[3,6]; c0:bw=39,experts=[0,2,5]; c5:bw=44,experts=[1,2,3,5]; c22:bw=10,experts=[1]; c18:bw=17,experts=[5]; c28:bw=66,experts=[0,1,2,3,4,5]; c24:bw=37,experts=[0,6,7]; c11:bw=11,experts=[2]; c3:bw=47,experts=[0,1,3,4]; c19:bw=10,experts=[4]; c17:bw=28,experts=[1,4]; c10:bw=52,experts=[0,1,2,5,6]; c1:bw=59,experts=[1,2,3,4,7]; c7:bw=44,experts=[1,2,4,5]; c2:bw=51,experts=[0,1,2,3,4]; c29:bw=46,experts=[2,3,6,7]; c21:bw=37,experts=[0,1,2]; c26:bw=39,experts=[0,5,6]; c13:bw=10,experts=[5]; c23:bw=10,experts=[3]; c20:bw=62,experts=[0,1,4,5,6,7]; c16:bw=44,experts=[1,3,6,7]; c6:bw=36,experts=[0,2,7]; c15:bw=27,experts=[4,6]; c9:bw=61,experts=[1,2,4,5,6,7]; c14:bw=34,experts=[0,1,5]; c25:bw=44,experts=[2,4,5,7]; c12:bw=45,experts=[1,2,6,7]; c8:bw=22,experts=[0,2]
   54 | 0.01000 |   2.3927 |   36.05% |   37.63% |    0:54.24
      bandwidth/experts | c17:bw=27,experts=[2,7]; c22:bw=16,experts=[3]; c21:bw=71,experts=[0,1,2,3,4,6,7]; c29:bw=44,experts=[1,2,3,5]; c18:bw=33,experts=[2,3,6]; c13:bw=55,experts=[0,1,3,4,5]; c24:bw=80,experts=[0,1,2,3,4,5,6,7]; c19:bw=21,experts=[1,4]; c20:bw=52,experts=[0,1,2,4,6]; c9:bw=50,experts=[2,3,4,5,7]; c0:bw=37,experts=[0,3,5]; c25:bw=57,experts=[0,1,2,3,4]; c15:bw=32,experts=[0,1,3]; c8:bw=55,experts=[0,2,4,6,7]; c5:bw=10,experts=[6]; c26:bw=37,experts=[0,2,6]; c3:bw=30,experts=[1,4,5]; c16:bw=10,experts=[3]; c14:bw=33,experts=[3,4,6]; c6:bw=54,experts=[1,2,3,5,7]; c27:bw=46,experts=[0,1,2,5]; c7:bw=61,experts=[1,2,3,4,5,6]; c10:bw=10,experts=[7]; c4:bw=32,experts=[2,4,5]; c28:bw=48,experts=[1,2,4,6]; c1:bw=53,experts=[0,1,2,5,6]; c12:bw=74,experts=[0,1,3,4,5,6,7]; c11:bw=58,experts=[1,4,5,6,7]; c2:bw=10,experts=[0]; c23:bw=40,experts=[1,3,4,7]
   55 | 0.01000 |   2.4343 |   34.91% |   37.63% |    0:54.17
      bandwidth/experts | c22:bw=47,experts=[1,2,3,6]; c27:bw=27,experts=[1,7]; c7:bw=54,experts=[1,3,4,6,7]; c28:bw=57,experts=[0,1,2,5,7]; c1:bw=60,experts=[1,2,3,5,6,7]; c23:bw=10,experts=[1]; c5:bw=53,experts=[0,1,2,3,5]; c18:bw=70,experts=[0,1,2,3,4,5,6]; c26:bw=33,experts=[0,3,5]; c10:bw=57,experts=[0,1,3,6,7]; c0:bw=27,experts=[4,6]; c4:bw=14,experts=[1]; c3:bw=52,experts=[0,2,3,5,7]; c25:bw=26,experts=[1,5]; c8:bw=14,experts=[1]; c24:bw=16,experts=[2]; c9:bw=62,experts=[0,2,3,4,5,7]; c14:bw=33,experts=[2,3,6]; c21:bw=10,experts=[4]; c15:bw=30,experts=[0,1,4]; c11:bw=40,experts=[2,3,4,5]; c20:bw=35,experts=[1,4,7]; c16:bw=57,experts=[0,1,2,5,7]; c19:bw=60,experts=[1,3,4,5,6,7]; c13:bw=24,experts=[2,3]; c6:bw=42,experts=[1,3,4,7]; c2:bw=41,experts=[1,4,5,7]; c17:bw=39,experts=[1,2,6]; c29:bw=26,experts=[3,5]; c12:bw=62,experts=[2,3,4,5,6,7]
   56 | 0.01000 |   2.3718 |   38.83% |   38.83% |    0:54.12
      bandwidth/experts | c9:bw=52,experts=[1,3,4,5,6]; c25:bw=37,experts=[0,6,7]; c26:bw=37,experts=[0,3,4]; c28:bw=24,experts=[6,7]; c2:bw=53,experts=[0,3,4,5,6]; c27:bw=43,experts=[1,2,5,7]; c19:bw=10,experts=[4]; c12:bw=38,experts=[0,5,7]; c22:bw=29,experts=[1,3]; c1:bw=56,experts=[1,2,5,6,7]; c21:bw=49,experts=[2,3,4,6]; c7:bw=18,experts=[2]; c6:bw=23,experts=[3,6]; c5:bw=31,experts=[3,5,6]; c18:bw=54,experts=[0,1,2,5,7]; c10:bw=20,experts=[3,6]; c17:bw=10,experts=[6]; c29:bw=53,experts=[0,1,4,6,7]; c11:bw=26,experts=[4,6]; c3:bw=10,experts=[4]; c16:bw=42,experts=[1,2,5,7]; c23:bw=41,experts=[0,3,4,6]; c8:bw=13,experts=[1]; c14:bw=42,experts=[2,4,5,6]; c13:bw=18,experts=[7]; c20:bw=52,experts=[0,1,3,4,5]; c0:bw=70,experts=[0,1,2,3,5,6,7]; c15:bw=35,experts=[1,2,5]; c24:bw=33,experts=[0,1,7]; c4:bw=10,experts=[7]
   57 | 0.01000 |   2.3712 |   37.86% |   38.83% |    0:54.40
      bandwidth/experts | c11:bw=26,experts=[0,5]; c7:bw=69,experts=[0,1,2,3,4,7]; c24:bw=44,experts=[1,3,4,7]; c15:bw=36,experts=[2,3,5]; c25:bw=42,experts=[1,2,3,7]; c22:bw=39,experts=[4,6,7]; c23:bw=45,experts=[2,3,6,7]; c28:bw=19,experts=[6]; c26:bw=26,experts=[4,5]; c3:bw=64,experts=[0,1,2,4,5,6]; c19:bw=44,experts=[0,1,2,6]; c29:bw=67,experts=[0,2,3,4,6,7]; c0:bw=70,experts=[0,1,2,3,5,6,7]; c6:bw=48,experts=[1,2,4,5]; c14:bw=36,experts=[3,5,6]; c27:bw=10,experts=[5]; c17:bw=52,experts=[0,1,3,5,6]; c4:bw=41,experts=[0,1,3,4]; c5:bw=44,experts=[2,3,5,7]; c2:bw=33,experts=[0,4,5]; c16:bw=33,experts=[1,2,5]; c8:bw=43,experts=[1,3,5,7]; c1:bw=49,experts=[1,2,4,5]; c10:bw=58,experts=[0,2,4,6,7]; c9:bw=19,experts=[6]; c13:bw=31,experts=[4,5,6]; c12:bw=17,experts=[4]; c18:bw=44,experts=[1,2,5,7]; c20:bw=56,experts=[0,3,4,5,7]; c21:bw=32,experts=[0,5,7]
   58 | 0.01000 |   2.3017 |   40.48% |   40.48% |    0:54.18
      bandwidth/experts | c25:bw=39,experts=[0,6,7]; c6:bw=55,experts=[0,1,3,4,7]; c18:bw=50,experts=[0,2,4,5,7]; c9:bw=57,experts=[0,1,3,4,6]; c0:bw=47,experts=[0,2,6,7]; c22:bw=61,experts=[0,1,2,3,6,7]; c20:bw=53,experts=[1,2,3,6,7]; c17:bw=12,experts=[6]; c24:bw=10,experts=[2]; c19:bw=43,experts=[0,1,3,6]; c15:bw=38,experts=[0,1,4]; c11:bw=47,experts=[0,4,5,6]; c29:bw=38,experts=[0,1,2]; c26:bw=34,experts=[2,3,6]; c7:bw=24,experts=[1,7]; c21:bw=73,experts=[0,1,2,3,4,5,7]; c10:bw=43,experts=[2,4,6,7]; c1:bw=30,experts=[4,5,6]; c4:bw=38,experts=[0,4,5]; c13:bw=40,experts=[0,5,6,7]; c3:bw=61,experts=[0,2,3,4,5,6]; c8:bw=40,experts=[0,2,4,7]; c14:bw=22,experts=[0,5]; c28:bw=10,experts=[0]; c12:bw=29,experts=[3,6]; c5:bw=35,experts=[2,3,6]; c27:bw=36,experts=[2,6,7]; c2:bw=10,experts=[3]; c23:bw=30,experts=[1,6,7]; c16:bw=42,experts=[0,3,5,7]
   59 | 0.01000 |   2.3232 |   39.36% |   40.48% |    0:54.25
      bandwidth/experts | c19:bw=14,experts=[1]; c6:bw=19,experts=[1]; c3:bw=35,experts=[0,3,6]; c13:bw=13,experts=[2]; c25:bw=57,experts=[0,4,5,6,7]; c8:bw=56,experts=[0,1,2,4,6]; c20:bw=68,experts=[0,2,3,4,6,7]; c29:bw=55,experts=[0,1,3,5,6]; c9:bw=28,experts=[4,6]; c2:bw=37,experts=[3,6,7]; c28:bw=19,experts=[0]; c27:bw=34,experts=[1,2,4]; c0:bw=52,experts=[0,1,2,4,6]; c16:bw=23,experts=[1,2]; c18:bw=10,experts=[4]; c11:bw=34,experts=[0,1,5]; c12:bw=47,experts=[0,3,5,6]; c21:bw=29,experts=[0,4]; c22:bw=43,experts=[0,4,6,7]; c24:bw=36,experts=[0,5,7]; c17:bw=55,experts=[0,2,3,4,5]; c15:bw=50,experts=[0,3,4,6,7]; c4:bw=26,experts=[2,6]; c7:bw=28,experts=[3,5]; c5:bw=32,experts=[0,4,7]; c14:bw=40,experts=[0,3,4,6]; c23:bw=36,experts=[1,3,5]; c1:bw=65,experts=[0,2,3,4,6,7]; c26:bw=43,experts=[0,1,3,6]; c10:bw=26,experts=[3,7]
   60 | 0.01000 |   2.2868 |   41.34% |   41.34% |    0:54.10
      bandwidth/experts | c14:bw=42,experts=[1,3,5,6]; c25:bw=45,experts=[2,3,6,7]; c11:bw=40,experts=[1,2,4,7]; c26:bw=41,experts=[0,1,3,6]; c28:bw=35,experts=[2,5,7]; c1:bw=54,experts=[2,4,5,6,7]; c13:bw=59,experts=[1,4,5,6,7]; c17:bw=39,experts=[4,5,6]; c24:bw=26,experts=[0,5]; c16:bw=63,experts=[1,2,3,4,5,6]; c2:bw=30,experts=[0,2,4]; c29:bw=30,experts=[0,4,7]; c19:bw=60,experts=[0,2,4,5,6,7]; c20:bw=78,experts=[0,1,2,4,5,6,7]; c21:bw=37,experts=[1,6,7]; c4:bw=30,experts=[3,5,7]; c6:bw=59,experts=[0,4,5,6,7]; c5:bw=33,experts=[0,5,7]; c3:bw=44,experts=[2,4,5,7]; c9:bw=10,experts=[0]; c22:bw=45,experts=[1,2,4,6]; c10:bw=10,experts=[0]; c12:bw=16,experts=[4]; c8:bw=24,experts=[1,5]; c27:bw=27,experts=[1,3]; c0:bw=53,experts=[0,1,2,5,7]; c7:bw=48,experts=[1,2,5,6]; c15:bw=51,experts=[1,2,3,4,6]; c18:bw=26,experts=[1,3]; c23:bw=55,experts=[2,3,4,6,7]
   61 | 0.01000 |   2.2477 |   42.26% |   42.26% |    0:53.95
      bandwidth/experts | c0:bw=60,experts=[0,1,2,3,6,7]; c14:bw=38,experts=[1,5,6]; c29:bw=13,experts=[7]; c20:bw=58,experts=[0,2,3,5,7]; c18:bw=50,experts=[0,1,2,4,6]; c3:bw=43,experts=[0,1,2,7]; c21:bw=59,experts=[0,2,3,5,6]; c10:bw=11,experts=[2]; c4:bw=38,experts=[3,4,6]; c19:bw=52,experts=[1,3,4,6,7]; c22:bw=12,experts=[7]; c9:bw=38,experts=[0,4,7]; c27:bw=50,experts=[0,3,4,5,6]; c24:bw=39,experts=[1,4,6]; c17:bw=46,experts=[0,1,4,6]; c5:bw=49,experts=[1,2,3,6]; c15:bw=16,experts=[6]; c2:bw=29,experts=[0,4]; c25:bw=59,experts=[0,2,5,6,7]; c26:bw=17,experts=[4]; c7:bw=43,experts=[0,1,2,4]; c23:bw=28,experts=[2,7]; c8:bw=55,experts=[2,3,4,5,6]; c16:bw=38,experts=[2,3,6]; c13:bw=34,experts=[2,4,6]; c12:bw=27,experts=[6,7]; c1:bw=33,experts=[1,4,5]; c6:bw=37,experts=[3,5,6]; c11:bw=39,experts=[2,3,5]; c28:bw=19,experts=[6]
   62 | 0.01000 |   2.2834 |   40.70% |   42.26% |    0:54.02
      bandwidth/experts | c24:bw=37,experts=[2,3,6]; c12:bw=11,experts=[7]; c4:bw=60,experts=[0,2,4,5,6,7]; c1:bw=75,experts=[0,1,2,3,5,6,7]; c8:bw=13,experts=[1]; c18:bw=26,experts=[1,3]; c7:bw=44,experts=[4,5,6,7]; c19:bw=42,experts=[0,4,5,6]; c5:bw=67,experts=[0,3,4,5,6,7]; c22:bw=13,experts=[2]; c6:bw=62,experts=[0,2,3,4,6,7]; c25:bw=65,experts=[0,1,2,3,6,7]; c15:bw=46,experts=[0,3,4,6]; c2:bw=42,experts=[1,4,5,7]; c10:bw=21,experts=[5,7]; c3:bw=53,experts=[0,1,5,6,7]; c27:bw=36,experts=[1,3,7]; c14:bw=14,experts=[0]; c13:bw=30,experts=[5,6,7]; c20:bw=31,experts=[5,6,7]; c17:bw=19,experts=[4]; c23:bw=44,experts=[1,3,4,7]; c0:bw=28,experts=[4,6]; c29:bw=52,experts=[0,2,3,5,6]; c9:bw=16,experts=[4]; c28:bw=46,experts=[1,3,5,6]; c21:bw=33,experts=[4,5,7]; c11:bw=36,experts=[1,5,7]; c16:bw=26,experts=[0,3]; c26:bw=49,experts=[1,2,3,7]
   63 | 0.01000 |   2.3329 |   38.72% |   42.26% |    0:54.12
      bandwidth/experts | c9:bw=21,experts=[2,4]; c23:bw=26,experts=[0,5]; c17:bw=37,experts=[0,1,7]; c18:bw=47,experts=[2,3,4,5]; c15:bw=61,experts=[0,1,3,4,5,7]; c11:bw=45,experts=[0,1,3,4]; c22:bw=80,experts=[0,1,2,3,4,5,6,7]; c21:bw=31,experts=[0,4,6]; c4:bw=52,experts=[0,1,2,4,6]; c7:bw=68,experts=[0,2,3,4,6,7]; c0:bw=41,experts=[1,2,3,6]; c24:bw=33,experts=[2,3,5]; c25:bw=61,experts=[0,1,4,5,6,7]; c19:bw=34,experts=[0,4,5]; c5:bw=10,experts=[0]; c26:bw=44,experts=[0,1,2,5]; c28:bw=38,experts=[2,4,5]; c20:bw=51,experts=[1,2,3,4,5]; c27:bw=34,experts=[0,2,5]; c10:bw=27,experts=[2,7]; c14:bw=41,experts=[1,2,3,5]; c6:bw=34,experts=[1,3,5]; c8:bw=32,experts=[0,2,3]; c12:bw=51,experts=[0,2,3,4,5]; c2:bw=28,experts=[1,2]; c16:bw=58,experts=[0,1,2,4,5]; c3:bw=52,experts=[0,1,3,6,7]; c29:bw=10,experts=[6]; c13:bw=58,experts=[0,3,4,5,6]; c1:bw=50,experts=[0,2,3,4,6]
   64 | 0.01000 |   2.2724 |   40.92% |   42.26% |    0:54.02
      bandwidth/experts | c9:bw=59,experts=[0,1,4,5,6]; c18:bw=37,experts=[2,4,6]; c12:bw=27,experts=[3,5]; c3:bw=38,experts=[1,3,6]; c22:bw=58,experts=[0,2,3,4,5]; c24:bw=12,experts=[0]; c21:bw=47,experts=[0,1,3,5]; c6:bw=50,experts=[0,2,4,6,7]; c13:bw=42,experts=[1,3,6,7]; c29:bw=19,experts=[0]; c27:bw=25,experts=[2,5]; c8:bw=53,experts=[2,3,4,5,6]; c20:bw=39,experts=[2,3,6]; c7:bw=34,experts=[2,3,6]; c10:bw=49,experts=[1,4,5,7]; c15:bw=59,experts=[2,3,4,5,7]; c19:bw=10,experts=[7]; c23:bw=55,experts=[0,1,3,4,5]; c17:bw=10,experts=[0]; c11:bw=57,experts=[0,1,3,5,6]; c16:bw=16,experts=[4]; c28:bw=15,experts=[2]; c1:bw=28,experts=[3,7]; c14:bw=46,experts=[2,3,6,7]; c5:bw=24,experts=[1,2]; c25:bw=66,experts=[1,2,3,4,6,7]; c0:bw=32,experts=[1,5,6]; c26:bw=26,experts=[0,5]; c2:bw=56,experts=[1,2,4,6,7]; c4:bw=38,experts=[3,4,7]
   65 | 0.01000 |   2.2271 |   42.66% |   42.66% |    0:54.09
      bandwidth/experts | c26:bw=29,experts=[3,5]; c7:bw=10,experts=[6]; c10:bw=26,experts=[5,7]; c18:bw=18,experts=[7]; c0:bw=41,experts=[0,2,3,6]; c27:bw=30,experts=[3,5,6]; c24:bw=55,experts=[0,1,3,5,6]; c1:bw=58,experts=[0,1,4,6,7]; c9:bw=47,experts=[0,1,4,5]; c4:bw=57,experts=[0,1,2,3,7]; c12:bw=44,experts=[1,5,6,7]; c21:bw=42,experts=[0,1,3,4]; c17:bw=26,experts=[3,6]; c15:bw=38,experts=[3,4,6]; c5:bw=29,experts=[4,6]; c8:bw=66,experts=[0,2,3,4,5,6]; c3:bw=42,experts=[3,4,5,7]; c29:bw=10,experts=[5]; c16:bw=45,experts=[3,5,6,7]; c6:bw=50,experts=[0,1,4,5,6]; c22:bw=51,experts=[0,1,5,6,7]; c14:bw=45,experts=[0,5,6,7]; c13:bw=48,experts=[0,2,3,4]; c19:bw=28,experts=[1,4]; c2:bw=28,experts=[4,7]; c25:bw=64,experts=[1,2,4,5,6,7]; c23:bw=10,experts=[4]; c20:bw=35,experts=[0,2,3]; c11:bw=10,experts=[7]; c28:bw=31,experts=[1,2,6]
   66 | 0.01000 |   2.2504 |   42.70% |   42.70% |    0:53.97
      bandwidth/experts | c15:bw=50,experts=[0,3,4,5,6]; c2:bw=41,experts=[0,2,3,5]; c4:bw=41,experts=[0,1,2,5]; c6:bw=30,experts=[1,2,6]; c9:bw=31,experts=[1,3,5]; c18:bw=24,experts=[0,5]; c1:bw=54,experts=[0,1,2,3,5]; c26:bw=54,experts=[3,4,5,6,7]; c19:bw=56,experts=[0,2,3,4,6]; c22:bw=69,experts=[0,1,2,3,6,7]; c3:bw=66,experts=[0,1,2,3,4,6]; c23:bw=14,experts=[7]; c21:bw=41,experts=[0,2,4,6]; c27:bw=42,experts=[3,4,6,7]; c28:bw=68,experts=[0,1,2,3,4,5]; c11:bw=10,experts=[0]; c16:bw=59,experts=[0,2,5,6,7]; c20:bw=52,experts=[0,1,2,4,7]; c24:bw=30,experts=[2,3,5]; c7:bw=50,experts=[1,2,4,5,6]; c8:bw=24,experts=[1,3]; c25:bw=30,experts=[0,3,6]; c0:bw=38,experts=[0,4,7]; c12:bw=42,experts=[3,4,5,6]; c10:bw=46,experts=[0,3,4,7]; c5:bw=17,experts=[0]; c14:bw=23,experts=[4,7]; c13:bw=32,experts=[3,4,5]; c17:bw=35,experts=[0,1,6]; c29:bw=31,experts=[2,4,7]
   67 | 0.01000 |   2.2175 |   44.35% |   44.35% |    0:54.15
      bandwidth/experts | c4:bw=51,experts=[1,3,5,6,7]; c15:bw=49,experts=[0,1,6,7]; c3:bw=25,experts=[0,6]; c16:bw=53,experts=[0,1,3,5,6]; c18:bw=31,experts=[4,5,7]; c25:bw=51,experts=[0,1,3,6,7]; c29:bw=25,experts=[1,2]; c26:bw=31,experts=[2,4,7]; c24:bw=44,experts=[0,1,4,7]; c2:bw=43,experts=[0,3,6,7]; c10:bw=36,experts=[3,5,7]; c7:bw=59,experts=[1,2,4,5,7]; c27:bw=59,experts=[0,2,3,6,7]; c11:bw=43,experts=[1,2,5,7]; c20:bw=27,experts=[5,6]; c9:bw=60,experts=[0,1,2,3,4,7]; c22:bw=47,experts=[0,1,6,7]; c14:bw=18,experts=[7]; c17:bw=48,experts=[0,1,3,5]; c13:bw=39,experts=[0,1,4]; c23:bw=53,experts=[2,3,5,6,7]; c5:bw=48,experts=[2,3,5,6]; c1:bw=36,experts=[3,4,7]; c6:bw=53,experts=[1,2,3,6,7]; c21:bw=53,experts=[0,1,4,6,7]; c19:bw=14,experts=[6]; c28:bw=10,experts=[0]; c0:bw=32,experts=[0,1,5]; c12:bw=44,experts=[0,1,6,7]; c8:bw=10,experts=[5]
   68 | 0.01000 |   2.2055 |   44.61% |   44.61% |    0:54.28
      bandwidth/experts | c27:bw=48,experts=[3,4,5,6]; c22:bw=15,experts=[4]; c0:bw=30,experts=[0,4,6]; c7:bw=28,experts=[0,2]; c4:bw=49,experts=[3,5,6,7]; c21:bw=29,experts=[2,5]; c16:bw=54,experts=[0,1,2,3,6]; c12:bw=67,experts=[1,2,3,4,6,7]; c17:bw=72,experts=[0,1,2,4,5,6,7]; c23:bw=46,experts=[1,3,4,6]; c18:bw=54,experts=[1,2,3,4,6]; c25:bw=47,experts=[1,3,4,6]; c11:bw=14,experts=[5]; c20:bw=38,experts=[1,4,7]; c1:bw=42,experts=[3,5,6,7]; c24:bw=32,experts=[1,2,3]; c13:bw=35,experts=[3,4,5]; c9:bw=15,experts=[5]; c8:bw=31,experts=[3,5,6]; c2:bw=58,experts=[0,1,3,4,5]; c5:bw=45,experts=[1,2,5,6]; c3:bw=26,experts=[4,7]; c15:bw=28,experts=[2,7]; c28:bw=40,experts=[2,5,6,7]; c10:bw=31,experts=[3,5,6]; c6:bw=32,experts=[0,2,6]; c26:bw=40,experts=[0,1,3,5]; c14:bw=10,experts=[5]; c19:bw=28,experts=[1,3]; c29:bw=57,experts=[1,3,4,5,6]
   69 | 0.01000 |   2.1961 |   42.93% |   44.61% |    0:54.14
      bandwidth/experts | c10:bw=16,experts=[1]; c16:bw=60,experts=[0,1,2,3,4,6]; c1:bw=31,experts=[4,6,7]; c26:bw=42,experts=[0,1,3,4]; c13:bw=67,experts=[1,3,4,5,6,7]; c19:bw=43,experts=[0,1,5,7]; c23:bw=33,experts=[1,6,7]; c3:bw=41,experts=[0,2,4,7]; c7:bw=58,experts=[0,3,4,6,7]; c29:bw=34,experts=[0,4,7]; c14:bw=37,experts=[0,1,7]; c6:bw=26,experts=[3,7]; c0:bw=52,experts=[0,1,3,5,6]; c24:bw=53,experts=[0,3,4,6,7]; c15:bw=20,experts=[6,7]; c12:bw=10,experts=[6]; c28:bw=58,experts=[0,3,4,5,6]; c9:bw=35,experts=[1,2,3]; c2:bw=66,experts=[0,1,2,3,6,7]; c8:bw=42,experts=[0,2,3,6]; c4:bw=41,experts=[1,3,4,7]; c21:bw=58,experts=[0,2,3,5,6]; c27:bw=46,experts=[2,4,5,6]; c25:bw=31,experts=[1,5,7]; c5:bw=39,experts=[0,4,5]; c17:bw=48,experts=[0,2,3,7]; c11:bw=45,experts=[1,3,4,5]; c18:bw=10,experts=[4]; c22:bw=44,experts=[1,2,5,7]; c20:bw=28,experts=[1,5]
   70 | 0.01000 |   2.2202 |   44.72% |   44.72% |    0:54.12
      bandwidth/experts | c10:bw=58,experts=[2,3,4,5,7]; c26:bw=27,experts=[0,4]; c25:bw=10,experts=[5]; c24:bw=10,experts=[1]; c0:bw=30,experts=[1,4,7]; c7:bw=28,experts=[1,7]; c29:bw=29,experts=[2,6]; c4:bw=58,experts=[0,1,2,4,6]; c11:bw=53,experts=[3,4,5,6,7]; c15:bw=75,experts=[0,1,2,3,4,5,6]; c13:bw=33,experts=[1,3,6]; c12:bw=40,experts=[0,2,6,7]; c2:bw=55,experts=[0,1,5,6,7]; c9:bw=10,experts=[0]; c6:bw=26,experts=[2,5]; c5:bw=23,experts=[0,3]; c22:bw=10,experts=[4]; c19:bw=37,experts=[0,2,4]; c14:bw=10,experts=[7]; c21:bw=35,experts=[0,3,4]; c28:bw=63,experts=[0,2,3,4,6,7]; c1:bw=24,experts=[4,5]; c20:bw=36,experts=[0,3,7]; c3:bw=32,experts=[1,4,7]; c8:bw=48,experts=[2,4,5,7]; c18:bw=63,experts=[1,2,4,5,6,7]; c16:bw=67,experts=[1,2,3,4,5,7]; c17:bw=41,experts=[1,3,4,6]; c23:bw=30,experts=[0,2,6]; c27:bw=24,experts=[2,7]
   71 | 0.01000 |   2.2155 |   42.28% |   44.72% |    0:54.42
      bandwidth/experts | c26:bw=45,experts=[1,4,5,6]; c20:bw=31,experts=[0,2,7]; c10:bw=69,experts=[2,3,4,5,6,7]; c25:bw=38,experts=[2,3,4]; c18:bw=45,experts=[0,2,3,6]; c16:bw=19,experts=[4]; c2:bw=61,experts=[0,1,3,4,6,7]; c0:bw=16,experts=[6]; c19:bw=54,experts=[0,1,4,5,7]; c28:bw=18,experts=[3]; c27:bw=43,experts=[2,3,5,7]; c29:bw=53,experts=[1,3,4,5,7]; c17:bw=61,experts=[1,2,3,4,6,7]; c6:bw=50,experts=[0,2,3,4,7]; c7:bw=20,experts=[1,7]; c23:bw=33,experts=[0,5,7]; c14:bw=10,experts=[4]; c8:bw=39,experts=[2,4,5]; c12:bw=43,experts=[0,3,5,7]; c5:bw=33,experts=[0,3,5]; c21:bw=30,experts=[2,3,5]; c4:bw=42,experts=[3,4,5,7]; c1:bw=52,experts=[0,1,3,5,6]; c24:bw=58,experts=[0,1,2,4,6]; c13:bw=25,experts=[0,4]; c11:bw=44,experts=[2,5,6,7]; c9:bw=40,experts=[1,5,6,7]; c22:bw=29,experts=[0,5]; c15:bw=28,experts=[0,3]; c3:bw=62,experts=[0,1,2,3,5,7]
   72 | 0.01000 |   2.1796 |   43.39% |   44.72% |    0:54.31
      bandwidth/experts | c5:bw=43,experts=[0,2,5,7]; c6:bw=19,experts=[2]; c1:bw=39,experts=[0,2,6]; c17:bw=18,experts=[6]; c20:bw=41,experts=[0,1,2,4]; c21:bw=62,experts=[0,1,2,3,4,6]; c18:bw=29,experts=[0,4]; c26:bw=44,experts=[0,1,2,5]; c24:bw=18,experts=[5]; c28:bw=23,experts=[1,2]; c27:bw=46,experts=[0,1,3,5]; c8:bw=30,experts=[2,3,5]; c25:bw=29,experts=[3,5]; c16:bw=46,experts=[0,3,6,7]; c22:bw=75,experts=[0,1,2,3,4,5,7]; c19:bw=32,experts=[2,4,6]; c15:bw=41,experts=[3,4,6,7]; c13:bw=54,experts=[0,2,3,4,5]; c2:bw=23,experts=[0,7]; c9:bw=38,experts=[3,5,6]; c10:bw=28,experts=[2,3]; c14:bw=43,experts=[0,2,5,6]; c12:bw=28,experts=[3,6]; c3:bw=23,experts=[3,6]; c23:bw=41,experts=[0,1,4,7]; c11:bw=10,experts=[2]; c7:bw=48,experts=[3,4,5,6]; c0:bw=52,experts=[2,3,4,5,6]; c29:bw=59,experts=[1,2,3,5,6]; c4:bw=39,experts=[4,5,6]
   73 | 0.01000 |   2.1424 |   44.95% |   44.95% |    0:54.25
      bandwidth/experts | c20:bw=62,experts=[0,1,3,4,6,7]; c6:bw=20,experts=[5,7]; c7:bw=37,experts=[3,5,6]; c2:bw=47,experts=[0,4,6,7]; c0:bw=28,experts=[1,7]; c9:bw=52,experts=[1,2,3,5,6]; c17:bw=17,experts=[7]; c13:bw=50,experts=[2,3,4,6,7]; c22:bw=24,experts=[5,7]; c8:bw=11,experts=[2]; c15:bw=47,experts=[0,2,3,6]; c1:bw=66,experts=[0,2,3,4,5,7]; c3:bw=40,experts=[1,2,3,4]; c12:bw=37,experts=[3,5,6]; c29:bw=13,experts=[3]; c19:bw=10,experts=[3]; c5:bw=17,experts=[0]; c18:bw=34,experts=[2,4,6]; c25:bw=24,experts=[1,6]; c23:bw=33,experts=[2,6,7]; c21:bw=29,experts=[2,5]; c16:bw=61,experts=[1,2,3,5,6,7]; c28:bw=33,experts=[0,1,5]; c11:bw=46,experts=[1,4,5,6]; c26:bw=10,experts=[7]; c14:bw=16,experts=[6]; c4:bw=41,experts=[0,1,5,6]; c10:bw=42,experts=[0,1,4,5]; c24:bw=66,experts=[0,1,3,4,6,7]; c27:bw=48,experts=[1,2,5,7]
   74 | 0.01000 |   2.2010 |   42.88% |   44.95% |    0:54.27
      bandwidth/experts | c25:bw=59,experts=[0,1,3,5,6]; c2:bw=10,experts=[5]; c28:bw=16,experts=[6]; c22:bw=45,experts=[0,3,4,5]; c27:bw=20,experts=[2,5]; c23:bw=46,experts=[0,1,2,3]; c5:bw=50,experts=[0,1,3,5,6]; c3:bw=10,experts=[6]; c21:bw=66,experts=[0,2,3,4,5,6]; c14:bw=32,experts=[1,2,5]; c7:bw=65,experts=[1,2,3,5,6,7]; c6:bw=10,experts=[2]; c15:bw=50,experts=[0,3,5,6,7]; c12:bw=10,experts=[3]; c24:bw=16,experts=[0]; c8:bw=28,experts=[4,7]; c1:bw=28,experts=[3,4]; c10:bw=25,experts=[3,5]; c17:bw=62,experts=[0,1,2,3,5,7]; c19:bw=20,experts=[4,7]; c9:bw=32,experts=[0,6,7]; c11:bw=37,experts=[0,3,4]; c13:bw=42,experts=[0,1,4,7]; c18:bw=60,experts=[0,1,2,4,5,7]; c16:bw=48,experts=[2,3,5,6]; c0:bw=40,experts=[1,2,3,4]; c29:bw=14,experts=[5]; c26:bw=32,experts=[1,3,6]; c20:bw=42,experts=[1,2,4,5]; c4:bw=47,experts=[0,2,3,7]
   75 | 0.01000 |   2.1682 |   44.59% |   44.95% |    0:54.16
      bandwidth/experts | c25:bw=17,experts=[2]; c23:bw=35,experts=[1,2,3]; c21:bw=50,experts=[0,1,2,3,5]; c2:bw=40,experts=[1,2,5,6]; c3:bw=20,experts=[5,6]; c8:bw=53,experts=[1,4,5,6,7]; c18:bw=68,experts=[0,1,2,4,5,6]; c11:bw=42,experts=[0,1,2,7]; c16:bw=46,experts=[3,5,6,7]; c12:bw=40,experts=[0,4,5,6]; c26:bw=10,experts=[0]; c13:bw=46,experts=[2,5,6,7]; c10:bw=23,experts=[2,4]; c9:bw=61,experts=[0,2,4,5,6,7]; c15:bw=20,experts=[4,7]; c6:bw=56,experts=[0,3,4,5,7]; c24:bw=73,experts=[0,1,2,3,4,5,7]; c1:bw=54,experts=[0,3,4,5,6]; c19:bw=19,experts=[1]; c14:bw=60,experts=[0,1,2,3,5,7]; c4:bw=56,experts=[1,2,3,4,6]; c5:bw=31,experts=[1,2,3]; c29:bw=29,experts=[4,5]; c28:bw=55,experts=[1,2,5,6,7]; c0:bw=60,experts=[2,3,4,5,6,7]; c20:bw=44,experts=[1,2,5,6]; c17:bw=43,experts=[1,2,4,7]; c7:bw=28,experts=[0,6]; c22:bw=10,experts=[2]; c27:bw=36,experts=[1,4,7]
   76 | 0.01000 |   2.1874 |   43.70% |   44.95% |    0:54.30
      bandwidth/experts | c22:bw=26,experts=[0,6]; c6:bw=23,experts=[5,6]; c2:bw=25,experts=[0,7]; c7:bw=66,experts=[0,1,2,3,5,6]; c9:bw=57,experts=[1,2,3,5,7]; c26:bw=37,experts=[3,4,5]; c10:bw=46,experts=[1,2,5,7]; c19:bw=44,experts=[0,2,3,5]; c29:bw=36,experts=[0,1,3]; c11:bw=42,experts=[0,1,5,7]; c21:bw=42,experts=[0,1,2,7]; c24:bw=61,experts=[0,1,2,4,5,7]; c12:bw=21,experts=[0,3]; c14:bw=22,experts=[1,7]; c16:bw=39,experts=[2,3,7]; c27:bw=39,experts=[2,3,7]; c23:bw=29,experts=[1,6]; c5:bw=37,experts=[4,6,7]; c17:bw=33,experts=[1,3,5]; c1:bw=53,experts=[0,2,3,4,5]; c8:bw=29,experts=[1,7]; c4:bw=60,experts=[1,2,4,5,6,7]; c25:bw=10,experts=[7]; c20:bw=54,experts=[1,2,4,5,6]; c13:bw=39,experts=[0,2,5]; c15:bw=42,experts=[0,2,4,5]; c18:bw=39,experts=[0,4,7]; c28:bw=30,experts=[1,2,4]; c0:bw=31,experts=[1,5,6]; c3:bw=15,experts=[6]
   77 | 0.01000 |   2.1737 |   45.77% |   45.77% |    0:57.35
      bandwidth/experts | c23:bw=54,experts=[0,1,2,5,7]; c15:bw=43,experts=[1,5,6,7]; c16:bw=34,experts=[3,6,7]; c7:bw=10,experts=[1]; c29:bw=41,experts=[3,4,5,6]; c5:bw=59,experts=[0,1,2,4,5]; c3:bw=40,experts=[4,5,6,7]; c13:bw=37,experts=[2,6,7]; c9:bw=29,experts=[2,3]; c25:bw=15,experts=[7]; c24:bw=12,experts=[0]; c26:bw=10,experts=[3]; c28:bw=37,experts=[2,4,6]; c2:bw=34,experts=[3,5,6]; c4:bw=10,experts=[3]; c19:bw=37,experts=[1,2,5]; c20:bw=45,experts=[1,3,4,7]; c11:bw=28,experts=[4,6]; c21:bw=57,experts=[0,2,4,5,7]; c14:bw=64,experts=[0,1,3,4,5,7]; c6:bw=57,experts=[0,1,2,5,6]; c0:bw=63,experts=[0,1,2,3,6,7]; c10:bw=39,experts=[0,3,7]; c27:bw=24,experts=[2,4]; c18:bw=31,experts=[2,6,7]; c22:bw=34,experts=[0,5,7]; c8:bw=10,experts=[2]; c12:bw=46,experts=[1,3,4,6]; c17:bw=37,experts=[0,1,3]; c1:bw=62,experts=[0,1,2,4,5,7]
   78 | 0.01000 |   2.1449 |   46.56% |   46.56% |    0:56.10
      bandwidth/experts | c24:bw=45,experts=[3,4,6,7]; c21:bw=54,experts=[1,3,4,5,6]; c27:bw=13,experts=[5]; c0:bw=26,experts=[0,3]; c14:bw=52,experts=[3,4,5,6,7]; c25:bw=11,experts=[5]; c23:bw=57,experts=[0,3,4,5,7]; c12:bw=31,experts=[2,6,7]; c22:bw=63,experts=[0,2,3,4,6,7]; c18:bw=35,experts=[1,3,4]; c6:bw=57,experts=[0,2,3,4,7]; c10:bw=59,experts=[0,2,3,5,7]; c3:bw=38,experts=[0,5,7]; c17:bw=31,experts=[0,3,5]; c16:bw=44,experts=[0,4,5,6]; c19:bw=12,experts=[7]; c4:bw=23,experts=[2,3]; c11:bw=37,experts=[0,4,7]; c5:bw=63,experts=[0,1,2,4,6,7]; c26:bw=40,experts=[0,1,4,6]; c15:bw=38,experts=[1,4,7]; c7:bw=36,experts=[1,4,7]; c20:bw=37,experts=[1,3,4]; c2:bw=34,experts=[4,6,7]; c8:bw=54,experts=[0,1,2,6,7]; c28:bw=24,experts=[0,7]; c1:bw=41,experts=[1,4,5,7]; c9:bw=31,experts=[2,3,7]; c29:bw=69,experts=[0,2,3,4,6,7]; c13:bw=59,experts=[0,2,3,4,6]
   79 | 0.01000 |   2.1230 |   46.86% |   46.86% |    0:59.87
      bandwidth/experts | c11:bw=32,experts=[2,5,6]; c8:bw=44,experts=[0,4,6,7]; c9:bw=10,experts=[4]; c16:bw=59,experts=[1,2,5,6,7]; c0:bw=36,experts=[1,6,7]; c6:bw=21,experts=[1,5]; c17:bw=58,experts=[1,3,4,6,7]; c5:bw=53,experts=[0,3,4,5,7]; c28:bw=37,experts=[1,2,5]; c7:bw=46,experts=[0,2,4,6]; c2:bw=33,experts=[2,3,5]; c29:bw=43,experts=[0,1,3,5]; c26:bw=41,experts=[2,3,4,7]; c4:bw=80,experts=[0,1,2,3,4,5,6,7]; c19:bw=26,experts=[0,7]; c21:bw=46,experts=[1,3,5,7]; c13:bw=43,experts=[0,2,3,7]; c1:bw=37,experts=[0,1,7]; c12:bw=10,experts=[0]; c23:bw=46,experts=[1,4,5,6]; c25:bw=29,experts=[2,7]; c18:bw=12,experts=[1]; c10:bw=34,experts=[0,4,7]; c3:bw=26,experts=[0,4]; c24:bw=58,experts=[0,1,4,5,6]; c27:bw=52,experts=[2,3,4,5,6]; c20:bw=39,experts=[3,6,7]; c14:bw=62,experts=[0,1,2,3,4,6]; c15:bw=54,experts=[2,3,4,5,7]; c22:bw=33,experts=[0,1,5]
   80 | 0.01000 |   2.0675 |   47.25% |   47.25% |    0:57.36
      bandwidth/experts | c2:bw=44,experts=[3,4,6,7]; c13:bw=39,experts=[0,1,5]; c1:bw=31,experts=[4,5,7]; c14:bw=30,experts=[0,5,7]; c17:bw=61,experts=[0,1,2,3,5,6]; c23:bw=36,experts=[0,6,7]; c4:bw=57,experts=[0,2,4,6,7]; c8:bw=51,experts=[0,1,2,3,5]; c15:bw=41,experts=[4,5,6,7]; c21:bw=64,experts=[0,2,4,5,6,7]; c28:bw=10,experts=[0]; c19:bw=35,experts=[0,1,4]; c7:bw=48,experts=[0,3,4,6]; c26:bw=41,experts=[2,5,6,7]; c0:bw=47,experts=[0,2,6,7]; c5:bw=65,experts=[0,1,3,4,6,7]; c22:bw=43,experts=[4,5,6,7]; c18:bw=13,experts=[6]; c3:bw=31,experts=[4,5,6]; c20:bw=25,experts=[0,1]; c25:bw=38,experts=[0,5,6]; c16:bw=44,experts=[0,1,2,4]; c24:bw=43,experts=[1,4,6,7]; c12:bw=10,experts=[1]; c27:bw=27,experts=[2,4]; c9:bw=53,experts=[0,1,3,4,6]; c11:bw=62,experts=[2,3,4,5,6,7]; c6:bw=39,experts=[1,2,4]; c10:bw=18,experts=[6]; c29:bw=10,experts=[4]
   81 | 0.01000 |   2.0921 |   46.84% |   47.25% |    0:53.94
      bandwidth/experts | c29:bw=28,experts=[5,7]; c5:bw=30,experts=[3,4,7]; c27:bw=13,experts=[6]; c11:bw=22,experts=[2,5]; c12:bw=75,experts=[0,1,2,4,5,6,7]; c10:bw=44,experts=[1,2,5,6]; c20:bw=12,experts=[7]; c13:bw=21,experts=[0,4]; c21:bw=54,experts=[0,2,3,5,6]; c0:bw=50,experts=[0,1,2,4,5]; c22:bw=10,experts=[0]; c18:bw=60,experts=[0,1,4,5,6,7]; c2:bw=45,experts=[2,3,4,5]; c1:bw=49,experts=[0,2,6,7]; c8:bw=48,experts=[1,2,4,7]; c26:bw=39,experts=[0,4,7]; c6:bw=51,experts=[0,1,3,4,6]; c19:bw=52,experts=[0,1,2,5,7]; c17:bw=27,experts=[0,3]; c3:bw=67,experts=[0,1,3,5,6,7]; c4:bw=42,experts=[0,3,5,6]; c16:bw=35,experts=[0,2,6]; c15:bw=65,experts=[0,2,3,4,6,7]; c7:bw=58,experts=[1,2,4,5,7]; c28:bw=61,experts=[0,1,4,5,6,7]; c24:bw=57,experts=[0,2,4,6,7]; c25:bw=34,experts=[0,3,4]; c23:bw=27,experts=[5,6]; c9:bw=26,experts=[0,5]; c14:bw=46,experts=[1,4,5,7]
   82 | 0.01000 |   2.1059 |   46.23% |   47.25% |    0:54.03
      bandwidth/experts | c5:bw=40,experts=[1,3,4,6]; c3:bw=39,experts=[0,6,7]; c0:bw=30,experts=[2,5,6]; c19:bw=21,experts=[2,6]; c25:bw=33,experts=[1,5,7]; c7:bw=40,experts=[1,2,5,7]; c28:bw=46,experts=[0,1,2,7]; c11:bw=47,experts=[0,4,5,7]; c24:bw=53,experts=[0,3,4,6,7]; c26:bw=35,experts=[0,2,3]; c29:bw=39,experts=[3,4,7]; c1:bw=64,experts=[0,2,3,5,6,7]; c23:bw=14,experts=[4]; c17:bw=44,experts=[0,5,6,7]; c18:bw=45,experts=[1,4,5,7]; c27:bw=32,experts=[0,6,7]; c12:bw=63,experts=[0,1,4,5,6,7]; c13:bw=35,experts=[0,1,3]; c8:bw=58,experts=[1,2,3,4,5]; c9:bw=56,experts=[2,3,4,6,7]; c10:bw=18,experts=[7]; c6:bw=36,experts=[0,4,7]; c2:bw=30,experts=[3,5,7]; c14:bw=54,experts=[3,4,5,6,7]; c4:bw=30,experts=[0,3,4]; c15:bw=16,experts=[0]; c21:bw=44,experts=[0,4,5,6]; c16:bw=32,experts=[1,2,4]; c20:bw=11,experts=[6]; c22:bw=51,experts=[1,2,3,5,7]
   83 | 0.01000 |   2.0896 |   45.68% |   47.25% |    0:53.99
      bandwidth/experts | c22:bw=70,experts=[0,1,2,3,5,6,7]; c19:bw=67,experts=[1,2,3,5,6,7]; c1:bw=63,experts=[0,1,3,5,6,7]; c11:bw=27,experts=[3,4]; c29:bw=46,experts=[1,2,6,7]; c16:bw=49,experts=[0,1,4,6]; c14:bw=39,experts=[2,5,7]; c21:bw=53,experts=[3,4,5,6,7]; c20:bw=50,experts=[0,1,2,4,7]; c27:bw=58,experts=[1,3,4,6,7]; c15:bw=39,experts=[0,5,7]; c17:bw=31,experts=[1,3,7]; c8:bw=39,experts=[0,4,6]; c2:bw=41,experts=[2,3,4,7]; c25:bw=48,experts=[1,3,4,6]; c0:bw=10,experts=[6]; c4:bw=10,experts=[2]; c7:bw=37,experts=[0,1,4]; c24:bw=43,experts=[2,5,6,7]; c26:bw=17,experts=[2]; c12:bw=44,experts=[3,4,5,7]; c28:bw=10,experts=[2]; c9:bw=51,experts=[0,2,4,5,6]; c5:bw=10,experts=[2]; c3:bw=42,experts=[0,1,3,7]; c18:bw=21,experts=[2,7]; c13:bw=46,experts=[2,4,5,6]; c23:bw=34,experts=[0,1,4]; c6:bw=53,experts=[2,3,5,6,7]; c10:bw=37,experts=[1,4,5]
   84 | 0.01000 |   2.0785 |   47.52% |   47.52% |    0:54.42
      bandwidth/experts | c8:bw=67,experts=[1,2,3,4,5,7]; c12:bw=45,experts=[0,3,5,6]; c29:bw=12,experts=[1]; c13:bw=30,experts=[0,1,2]; c10:bw=10,experts=[4]; c16:bw=47,experts=[1,3,4,6]; c9:bw=20,experts=[1,7]; c14:bw=45,experts=[0,2,4,5]; c23:bw=58,experts=[1,2,3,6,7]; c3:bw=32,experts=[4,5,6]; c6:bw=10,experts=[4]; c15:bw=75,experts=[0,2,3,4,5,6,7]; c19:bw=22,experts=[0,7]; c0:bw=10,experts=[0]; c18:bw=55,experts=[2,3,4,5,6]; c22:bw=67,experts=[0,2,3,4,5,6]; c27:bw=21,experts=[3,4]; c1:bw=58,experts=[1,2,5,6,7]; c24:bw=37,experts=[4,5,6]; c21:bw=10,experts=[0]; c28:bw=30,experts=[1,2,7]; c2:bw=36,experts=[0,1,6]; c17:bw=43,experts=[1,2,3,7]; c25:bw=17,experts=[3]; c5:bw=20,experts=[0,6]; c7:bw=47,experts=[0,1,2,4]; c20:bw=64,experts=[0,1,2,4,5,7]; c26:bw=38,experts=[2,3,7]; c11:bw=50,experts=[0,1,2,3,5]; c4:bw=27,experts=[1,3]
   85 | 0.01000 |   2.0780 |   46.68% |   47.52% |    1:04.00
      bandwidth/experts | c10:bw=44,experts=[0,1,3,6]; c8:bw=70,experts=[0,1,2,4,5,6,7]; c1:bw=57,experts=[0,1,2,4,5]; c25:bw=19,experts=[2]; c0:bw=38,experts=[1,3,4]; c29:bw=35,experts=[2,4,7]; c3:bw=51,experts=[0,1,2,3,4]; c4:bw=42,experts=[0,2,4,7]; c5:bw=12,experts=[1]; c17:bw=49,experts=[3,4,5,6]; c20:bw=30,experts=[2,4,5]; c18:bw=51,experts=[2,3,4,6,7]; c6:bw=42,experts=[0,2,5,6]; c12:bw=47,experts=[0,2,3,7]; c13:bw=35,experts=[4,5,7]; c19:bw=54,experts=[1,2,3,6,7]; c2:bw=45,experts=[1,2,6,7]; c7:bw=11,experts=[4]; c21:bw=64,experts=[0,1,2,5,6,7]; c23:bw=57,experts=[0,1,3,5,7]; c16:bw=19,experts=[5]; c11:bw=10,experts=[0]; c26:bw=36,experts=[0,3,7]; c27:bw=53,experts=[2,3,5,6,7]; c28:bw=47,experts=[3,5,6,7]; c9:bw=58,experts=[2,3,4,6,7]; c15:bw=70,experts=[0,1,2,4,5,6,7]; c22:bw=27,experts=[2,6]; c24:bw=18,experts=[4]; c14:bw=44,experts=[0,1,6,7]
   86 | 0.01000 |   2.0770 |   47.80% |   47.80% |    1:03.21
      bandwidth/experts | c9:bw=43,experts=[0,2,5,7]; c10:bw=47,experts=[0,3,5,6]; c16:bw=50,experts=[0,1,5,6,7]; c25:bw=36,experts=[1,6,7]; c29:bw=18,experts=[0]; c14:bw=45,experts=[1,2,4,6]; c27:bw=44,experts=[1,3,6,7]; c2:bw=24,experts=[4,5]; c22:bw=44,experts=[1,5,6,7]; c4:bw=18,experts=[4]; c8:bw=28,experts=[1,7]; c26:bw=66,experts=[2,3,4,5,6,7]; c12:bw=28,experts=[2,3]; c18:bw=52,experts=[2,3,4,5,7]; c24:bw=24,experts=[2,7]; c23:bw=47,experts=[0,2,6,7]; c3:bw=28,experts=[0,3]; c13:bw=55,experts=[1,2,5,6,7]; c1:bw=72,experts=[0,1,2,3,4,5,7]; c28:bw=42,experts=[0,3,5,6]; c11:bw=38,experts=[1,3,7]; c15:bw=55,experts=[2,4,5,6,7]; c20:bw=27,experts=[2,3]; c0:bw=30,experts=[1,2,7]; c6:bw=55,experts=[1,2,4,5,6]; c7:bw=44,experts=[0,2,3,5]; c17:bw=40,experts=[1,2,3,7]; c21:bw=34,experts=[1,6,7]; c5:bw=47,experts=[1,2,4,7]; c19:bw=18,experts=[5]
   87 | 0.01000 |   2.0753 |   47.24% |   47.80% |    1:03.71
      bandwidth/experts | c16:bw=45,experts=[1,3,5,6]; c8:bw=46,experts=[0,4,6,7]; c18:bw=45,experts=[0,1,6,7]; c13:bw=45,experts=[0,4,5,7]; c15:bw=63,experts=[0,1,3,5,6,7]; c26:bw=47,experts=[1,2,3,4]; c6:bw=60,experts=[0,1,2,5,6,7]; c20:bw=54,experts=[1,2,4,5,7]; c12:bw=45,experts=[2,5,6,7]; c7:bw=22,experts=[1,6]; c24:bw=30,experts=[1,2,5]; c1:bw=29,experts=[2,3]; c23:bw=30,experts=[1,2,5]; c27:bw=62,experts=[0,2,3,5,6,7]; c0:bw=35,experts=[1,2,3]; c19:bw=33,experts=[3,5,7]; c11:bw=18,experts=[7]; c9:bw=37,experts=[0,2,7]; c4:bw=34,experts=[3,5,6]; c14:bw=36,experts=[0,2,7]; c10:bw=49,experts=[2,4,5,7]; c21:bw=36,experts=[0,2,3]; c2:bw=67,experts=[0,3,4,5,6,7]; c5:bw=10,experts=[7]; c28:bw=31,experts=[1,4,7]; c17:bw=25,experts=[4,7]; c3:bw=68,experts=[0,1,3,4,6,7]; c25:bw=67,experts=[0,1,2,3,6,7]; c22:bw=21,experts=[3,7]; c29:bw=24,experts=[0,3]
   88 | 0.01000 |   2.0440 |   48.02% |   48.02% |    0:58.61
      bandwidth/experts | c21:bw=42,experts=[0,3,4,6]; c11:bw=10,experts=[6]; c6:bw=27,experts=[1,7]; c20:bw=41,experts=[0,2,4,5]; c7:bw=41,experts=[0,1,6,7]; c4:bw=38,experts=[2,4,5]; c16:bw=30,experts=[1,4,7]; c14:bw=10,experts=[4]; c8:bw=43,experts=[0,1,6,7]; c10:bw=71,experts=[0,1,2,3,4,5,6]; c28:bw=24,experts=[0,6]; c18:bw=22,experts=[0,4]; c12:bw=61,experts=[0,3,4,5,6,7]; c15:bw=60,experts=[1,2,3,4,5,7]; c5:bw=30,experts=[1,2,5]; c22:bw=57,experts=[0,2,3,4,6]; c23:bw=52,experts=[0,2,5,6,7]; c24:bw=36,experts=[2,5,7]; c3:bw=33,experts=[2,5,6]; c0:bw=62,experts=[0,2,3,4,6,7]; c27:bw=40,experts=[0,3,5,6]; c9:bw=31,experts=[0,2,5]; c25:bw=26,experts=[1,6]; c19:bw=23,experts=[0,6]; c13:bw=34,experts=[0,4,7]; c17:bw=30,experts=[3,5,7]; c2:bw=46,experts=[0,1,4,5]; c29:bw=16,experts=[1]; c26:bw=69,experts=[1,2,3,4,5,6]; c1:bw=28,experts=[1,4]
   89 | 0.01000 |   2.0503 |   49.66% |   49.66% |    0:53.92
      bandwidth/experts | c22:bw=42,experts=[1,3,6,7]; c26:bw=10,experts=[2]; c16:bw=50,experts=[0,2,3,4,5]; c21:bw=28,experts=[5,6]; c23:bw=24,experts=[0,3]; c15:bw=61,experts=[1,2,3,5,6,7]; c0:bw=13,experts=[0]; c6:bw=32,experts=[0,2,6]; c7:bw=21,experts=[4,6]; c28:bw=20,experts=[5,7]; c18:bw=55,experts=[0,2,4,5,6]; c27:bw=10,experts=[7]; c8:bw=74,experts=[0,1,2,3,4,5,7]; c9:bw=60,experts=[0,1,3,4,5,6]; c20:bw=31,experts=[0,3,4]; c2:bw=44,experts=[4,5,6,7]; c4:bw=30,experts=[0,2,7]; c1:bw=41,experts=[1,3,5,7]; c10:bw=28,experts=[3,6]; c5:bw=46,experts=[0,3,5,6]; c17:bw=40,experts=[1,2,5,6]; c19:bw=16,experts=[4]; c13:bw=10,experts=[5]; c25:bw=17,experts=[1]; c11:bw=36,experts=[3,5,6]; c12:bw=34,experts=[0,5,7]; c29:bw=14,experts=[2]; c14:bw=30,experts=[0,1,4]; c24:bw=58,experts=[1,2,3,4,6]; c3:bw=31,experts=[3,5,6]
   90 | 0.01000 |   2.0607 |   46.14% |   49.66% |    0:54.08
      bandwidth/experts | c8:bw=50,experts=[0,3,4,6,7]; c23:bw=44,experts=[0,3,4,7]; c10:bw=10,experts=[7]; c2:bw=21,experts=[1,3]; c19:bw=15,experts=[4]; c24:bw=43,experts=[0,1,5,6]; c17:bw=22,experts=[1,3]; c9:bw=63,experts=[0,2,3,5,6,7]; c1:bw=31,experts=[2,4,7]; c29:bw=17,experts=[4]; c5:bw=27,experts=[1,7]; c28:bw=44,experts=[1,4,5,7]; c14:bw=16,experts=[4]; c12:bw=43,experts=[0,1,3,5]; c21:bw=66,experts=[0,2,3,5,6,7]; c11:bw=41,experts=[1,2,3,7]; c20:bw=56,experts=[0,2,4,5,7]; c4:bw=35,experts=[2,4,6]; c16:bw=57,experts=[0,1,3,4,7]; c7:bw=72,experts=[0,1,2,3,4,5,6]; c26:bw=55,experts=[0,1,2,6,7]; c22:bw=31,experts=[2,3,5]; c3:bw=36,experts=[0,1,2]; c0:bw=64,experts=[0,2,3,4,5,6]; c25:bw=51,experts=[0,1,2,5,6]; c15:bw=61,experts=[1,2,3,5,6,7]; c6:bw=26,experts=[4,5]; c18:bw=50,experts=[0,2,3,6,7]; c13:bw=65,experts=[0,1,2,3,4,6]; c27:bw=27,experts=[5,7]
   91 | 0.01000 |   2.0122 |   49.06% |   49.66% |    0:54.12
      bandwidth/experts | c7:bw=51,experts=[0,1,4,5,6]; c19:bw=51,experts=[1,2,3,5,7]; c2:bw=11,experts=[0]; c18:bw=13,experts=[4]; c3:bw=40,experts=[2,3,6,7]; c16:bw=24,experts=[4,6]; c8:bw=23,experts=[5,6]; c10:bw=49,experts=[1,2,3,6]; c11:bw=67,experts=[0,1,3,4,5,7]; c29:bw=14,experts=[3]; c24:bw=41,experts=[0,1,3,6]; c17:bw=63,experts=[1,2,4,5,6,7]; c15:bw=45,experts=[1,3,5,7]; c12:bw=62,experts=[1,2,3,4,6,7]; c0:bw=22,experts=[0,7]; c23:bw=22,experts=[1,5]; c26:bw=63,experts=[1,2,3,4,6,7]; c9:bw=35,experts=[1,5,7]; c14:bw=42,experts=[0,1,2,4]; c5:bw=52,experts=[1,2,3,4,5]; c20:bw=20,experts=[5,6]; c1:bw=50,experts=[2,3,4,6,7]; c22:bw=21,experts=[0,7]; c25:bw=49,experts=[0,3,4,6]; c28:bw=42,experts=[1,2,3,6]; c4:bw=54,experts=[1,2,5,6,7]; c6:bw=29,experts=[3,6]; c13:bw=46,experts=[0,3,5,6]; c21:bw=46,experts=[0,2,3,4]; c27:bw=46,experts=[1,2,3,5]
   92 | 0.01000 |   2.0548 |   47.47% |   49.66% |    0:58.90
      bandwidth/experts | c14:bw=30,experts=[3,5,6]; c21:bw=57,experts=[1,2,3,5,7]; c25:bw=30,experts=[4,6,7]; c28:bw=40,experts=[2,3,4,5]; c13:bw=17,experts=[7]; c6:bw=45,experts=[2,3,6,7]; c18:bw=37,experts=[1,3,6]; c16:bw=14,experts=[0]; c0:bw=29,experts=[4,7]; c11:bw=15,experts=[0]; c4:bw=26,experts=[0,1]; c9:bw=56,experts=[2,3,4,6,7]; c5:bw=66,experts=[0,1,2,3,4,7]; c24:bw=33,experts=[0,3,7]; c23:bw=19,experts=[0]; c12:bw=48,experts=[1,2,3,7]; c8:bw=19,experts=[4]; c2:bw=25,experts=[0,5]; c7:bw=34,experts=[2,4,6]; c17:bw=32,experts=[0,2,7]; c15:bw=19,experts=[7]; c26:bw=46,experts=[3,5,6,7]; c1:bw=20,experts=[5,6]; c3:bw=28,experts=[1,2]; c29:bw=35,experts=[1,2,6]; c22:bw=44,experts=[1,2,4,7]; c19:bw=54,experts=[1,2,3,4,5]; c20:bw=56,experts=[1,3,4,6,7]; c10:bw=37,experts=[0,3,4]; c27:bw=63,experts=[0,1,3,4,5,7]
   93 | 0.01000 |   2.0204 |   49.57% |   49.66% |    0:54.04
      bandwidth/experts | c21:bw=34,experts=[2,3,7]; c8:bw=10,experts=[6]; c3:bw=31,experts=[0,2,5]; c5:bw=10,experts=[6]; c29:bw=47,experts=[0,1,5,7]; c26:bw=61,experts=[1,2,4,5,6,7]; c13:bw=63,experts=[1,3,4,5,6,7]; c22:bw=14,experts=[4]; c25:bw=52,experts=[0,2,5,6,7]; c27:bw=39,experts=[2,3,7]; c4:bw=32,experts=[1,2,4]; c2:bw=51,experts=[3,4,5,6,7]; c12:bw=52,experts=[0,2,4,5,7]; c19:bw=39,experts=[1,3,5]; c6:bw=22,experts=[2,5]; c11:bw=32,experts=[1,3,4]; c18:bw=23,experts=[2,4]; c14:bw=25,experts=[0,2]; c16:bw=46,experts=[0,3,6,7]; c23:bw=22,experts=[6,7]; c24:bw=50,experts=[3,4,5,6,7]; c1:bw=47,experts=[1,2,5,6]; c10:bw=15,experts=[5]; c20:bw=57,experts=[0,1,4,5,7]; c7:bw=22,experts=[2,5]; c17:bw=32,experts=[0,2,4]; c9:bw=58,experts=[1,2,3,4,6]; c0:bw=19,experts=[7]; c28:bw=47,experts=[0,1,4,7]; c15:bw=36,experts=[1,2,6]
   94 | 0.01000 |   2.0606 |   46.22% |   49.66% |    0:53.94
      bandwidth/experts | c27:bw=26,experts=[0,4]; c26:bw=55,experts=[0,1,2,3,4]; c21:bw=30,experts=[3,5,7]; c28:bw=60,experts=[1,2,3,4,5,7]; c1:bw=70,experts=[0,1,2,3,4,5,7]; c11:bw=48,experts=[3,4,5,7]; c8:bw=10,experts=[1]; c17:bw=12,experts=[1]; c0:bw=55,experts=[0,1,5,6,7]; c12:bw=14,experts=[0]; c15:bw=40,experts=[0,3,4,6]; c22:bw=52,experts=[0,4,5,6,7]; c5:bw=41,experts=[0,1,3,5]; c18:bw=47,experts=[3,4,6,7]; c25:bw=18,experts=[6]; c9:bw=50,experts=[0,1,2,3,4]; c24:bw=39,experts=[2,6,7]; c6:bw=30,experts=[0,1,4]; c14:bw=38,experts=[0,1,2]; c10:bw=61,experts=[0,2,3,4,6,7]; c3:bw=34,experts=[2,4,6]; c13:bw=44,experts=[2,3,5,7]; c7:bw=45,experts=[1,2,3,5]; c20:bw=10,experts=[1]; c19:bw=48,experts=[0,1,3,5]; c4:bw=31,experts=[0,2,7]; c16:bw=28,experts=[2,5]; c29:bw=10,experts=[0]; c2:bw=65,experts=[0,2,3,4,5,6]; c23:bw=38,experts=[1,2,7]
   95 | 0.01000 |   2.0659 |   48.38% |   49.66% |    0:55.21
      bandwidth/experts | c26:bw=28,experts=[0,4]; c6:bw=40,experts=[0,1,3,7]; c2:bw=23,experts=[3,6]; c19:bw=42,experts=[0,2,5,7]; c15:bw=34,experts=[1,4,5]; c24:bw=33,experts=[1,5,6]; c14:bw=49,experts=[0,5,6,7]; c23:bw=32,experts=[0,5,6]; c0:bw=35,experts=[1,3,5]; c21:bw=46,experts=[0,1,3,4]; c10:bw=42,experts=[0,2,3,5]; c29:bw=48,experts=[1,4,5,7]; c18:bw=28,experts=[3,7]; c4:bw=15,experts=[4]; c12:bw=10,experts=[2]; c5:bw=10,experts=[5]; c1:bw=31,experts=[2,4,6]; c7:bw=59,experts=[1,2,3,4,5]; c11:bw=10,experts=[7]; c27:bw=10,experts=[1]; c20:bw=56,experts=[1,2,4,5,7]; c9:bw=42,experts=[1,3,4,7]; c17:bw=47,experts=[2,3,4,7]; c22:bw=10,experts=[1]; c25:bw=36,experts=[0,4,6]; c8:bw=76,experts=[0,1,2,3,4,5,6]; c13:bw=59,experts=[0,2,4,6,7]; c28:bw=30,experts=[4,5,7]; c3:bw=41,experts=[0,1,2,3]; c16:bw=24,experts=[0,3]
   96 | 0.01000 |   1.9887 |   50.38% |   50.38% |    1:03.88
      bandwidth/experts | c15:bw=78,experts=[0,1,2,4,5,6,7]; c10:bw=53,experts=[1,3,4,6,7]; c12:bw=71,experts=[0,1,2,3,4,5,6]; c23:bw=27,experts=[3,7]; c26:bw=60,experts=[1,2,3,4,5,6]; c3:bw=46,experts=[1,2,3,5]; c22:bw=55,experts=[0,1,3,4,5]; c5:bw=60,experts=[2,3,4,5,6,7]; c9:bw=44,experts=[1,3,4,6]; c7:bw=50,experts=[2,3,4,5,7]; c14:bw=10,experts=[3]; c4:bw=49,experts=[1,4,6,7]; c1:bw=36,experts=[0,2,5]; c8:bw=64,experts=[1,2,3,4,6,7]; c28:bw=38,experts=[1,3,6]; c0:bw=36,experts=[2,4,7]; c6:bw=31,experts=[1,5,7]; c2:bw=65,experts=[1,2,4,5,6,7]; c16:bw=72,experts=[0,1,2,4,5,6,7]; c13:bw=55,experts=[0,3,4,5,7]; c18:bw=29,experts=[1,4]; c11:bw=44,experts=[0,1,4,7]; c20:bw=37,experts=[0,1,3]; c29:bw=55,experts=[0,1,5,6,7]; c19:bw=38,experts=[0,3,6]; c21:bw=17,experts=[5]; c17:bw=35,experts=[0,6,7]; c24:bw=45,experts=[1,2,3,6]; c25:bw=29,experts=[1,6]; c27:bw=43,experts=[1,3,4,7]
   97 | 0.01000 |   2.0006 |   51.45% |   51.45% |    1:03.45
      bandwidth/experts | c8:bw=43,experts=[1,4,5,7]; c28:bw=20,experts=[0,2]; c23:bw=10,experts=[2]; c27:bw=34,experts=[3,5,7]; c3:bw=35,experts=[1,2,5]; c13:bw=51,experts=[0,1,2,4,6]; c6:bw=50,experts=[1,2,5,6,7]; c9:bw=43,experts=[0,2,4,5]; c15:bw=59,experts=[0,1,3,6,7]; c2:bw=54,experts=[1,2,4,6,7]; c7:bw=30,experts=[0,4,5]; c0:bw=41,experts=[0,3,4,5]; c16:bw=54,experts=[0,1,2,3,6]; c4:bw=16,experts=[2]; c29:bw=33,experts=[0,6,7]; c5:bw=46,experts=[0,2,4,6]; c26:bw=71,experts=[0,1,2,4,5,6,7]; c11:bw=22,experts=[0,2]; c18:bw=70,experts=[0,1,2,3,5,6,7]; c22:bw=32,experts=[0,1,6]; c25:bw=44,experts=[3,4,5,7]; c19:bw=30,experts=[1,2,4]; c14:bw=23,experts=[1,3]; c20:bw=42,experts=[0,3,4,5]; c1:bw=50,experts=[2,3,4,5,6]; c17:bw=54,experts=[2,3,4,5,7]; c12:bw=13,experts=[5]; c21:bw=35,experts=[1,5,7]; c24:bw=46,experts=[0,3,5,6]; c10:bw=51,experts=[0,1,3,5,7]
   98 | 0.01000 |   1.9614 |   50.51% |   51.45% |    1:02.91
      bandwidth/experts | c5:bw=49,experts=[0,3,5,7]; c21:bw=22,experts=[1,6]; c12:bw=16,experts=[3]; c17:bw=17,experts=[4]; c18:bw=32,experts=[3,4,6]; c13:bw=31,experts=[1,5,7]; c16:bw=41,experts=[1,3,6,7]; c24:bw=48,experts=[3,4,5,6]; c6:bw=36,experts=[1,2,3]; c20:bw=36,experts=[3,4,5]; c28:bw=52,experts=[1,3,4,6,7]; c8:bw=54,experts=[0,4,5,6,7]; c10:bw=45,experts=[0,1,4,7]; c1:bw=26,experts=[0,4]; c26:bw=54,experts=[1,3,5,6,7]; c19:bw=45,experts=[0,1,4,7]; c23:bw=40,experts=[0,2,5,6]; c3:bw=25,experts=[4,6]; c22:bw=34,experts=[4,5,6]; c2:bw=24,experts=[1,3]; c29:bw=47,experts=[0,1,3,4]; c11:bw=10,experts=[4]; c0:bw=33,experts=[0,1,5]; c27:bw=41,experts=[2,3,4,6]; c15:bw=17,experts=[0]; c25:bw=55,experts=[1,2,3,5,6]; c9:bw=27,experts=[0,2]; c7:bw=24,experts=[1,6]; c14:bw=67,experts=[0,2,3,4,5,6]; c4:bw=52,experts=[0,1,3,4,7]
   99 | 0.01000 |   1.9964 |   50.67% |   51.45% |    0:53.97
      bandwidth/experts | c6:bw=35,experts=[1,4,5]; c12:bw=34,experts=[2,5,7]; c0:bw=40,experts=[1,2,3,5]; c8:bw=34,experts=[2,6,7]; c20:bw=26,experts=[0,5]; c29:bw=57,experts=[1,2,5,6,7]; c14:bw=33,experts=[1,2,5]; c22:bw=18,experts=[7]; c17:bw=43,experts=[2,3,5,6]; c18:bw=55,experts=[0,1,2,4,6]; c23:bw=33,experts=[0,3,6]; c28:bw=28,experts=[0,3]; c26:bw=18,experts=[1]; c4:bw=24,experts=[0,1]; c2:bw=31,experts=[0,4,6]; c7:bw=45,experts=[0,3,4,5]; c5:bw=49,experts=[1,2,5,6]; c15:bw=47,experts=[0,2,3,6]; c10:bw=11,experts=[5]; c1:bw=59,experts=[0,3,4,6,7]; c24:bw=42,experts=[0,5,6,7]; c13:bw=25,experts=[2,7]; c16:bw=34,experts=[0,1,7]; c11:bw=10,experts=[2]; c27:bw=10,experts=[2]; c25:bw=27,experts=[1,3]; c9:bw=20,experts=[1,2]; c21:bw=56,experts=[0,1,2,3,5]; c3:bw=38,experts=[0,4,5]; c19:bw=48,experts=[1,5,6,7]
  100 | 0.01000 |   1.9523 |   51.44% |   51.45% |    0:54.32
      bandwidth/experts | c22:bw=36,experts=[0,3,6]; c0:bw=64,experts=[0,2,3,4,6,7]; c10:bw=56,experts=[2,3,4,5,6]; c14:bw=10,experts=[6]; c27:bw=20,experts=[0,2]; c8:bw=44,experts=[0,1,2,4]; c25:bw=45,experts=[0,3,4,6]; c1:bw=17,experts=[6]; c17:bw=55,experts=[0,1,5,6,7]; c15:bw=30,experts=[2,3,5]; c11:bw=17,experts=[1]; c18:bw=80,experts=[0,1,2,3,4,5,6,7]; c21:bw=47,experts=[1,3,4,7]; c26:bw=38,experts=[1,4,5]; c4:bw=65,experts=[0,1,4,5,6,7]; c29:bw=33,experts=[0,4,7]; c2:bw=30,experts=[0,2,4]; c24:bw=53,experts=[1,2,4,5,6]; c23:bw=16,experts=[3]; c28:bw=50,experts=[0,1,2,6,7]; c16:bw=46,experts=[1,3,5,6]; c19:bw=18,experts=[1]; c12:bw=37,experts=[0,2,7]; c3:bw=42,experts=[3,4,6,7]; c13:bw=10,experts=[5]; c5:bw=18,experts=[7]; c9:bw=53,experts=[0,1,3,5,6]; c20:bw=47,experts=[3,4,6,7]; c6:bw=44,experts=[1,3,4,5]; c7:bw=10,experts=[7]

Done. Best Acc: 51.45% @ round 97
Total time: 1:30:19.31
[Export] 实验目录: /userhome/cs3/duanty/FedMoE/results/exp03-c100-resnet-n30-random/20260923-211757
[Export] 每轮明细: /userhome/cs3/duanty/FedMoE/results/exp03-c100-resnet-n30-random/20260923-211757/rounds.xlsx
[Export] 总体摘要: /userhome/cs3/duanty/FedMoE/results/exp03-c100-resnet-n30-random/20260923-211757/summary.xlsx
[Plot] result = /userhome/cs3/duanty/FedMoE/results/exp03-c100-resnet-n30-random/20260923-211757
[Plot] figures -> /userhome/cs3/duanty/FedMoE/results/exp03-c100-resnet-n30-random/20260923-211757/figure
  fig01_test_accuracy.pdf
  fig02_train_loss.pdf
  fig03_acc_and_loss.pdf
  fig04_bandwidth_and_k.pdf
  fig05_expert_round_heatmap.pdf
  fig06_client_expert_heatmap.pdf
  fig07_expert_frequency.pdf
  fig08_time_breakdown.pdf
  fig09_accuracy_vs_communication.pdf
  fig10_overview.pdf
[Export] 图片目录: /userhome/cs3/duanty/FedMoE/results/exp03-c100-resnet-n30-random/20260923-211757/figure
