========================================
Job    : exp02-cinic-vgg11-e8-fedadam
Host   : gpu-4090-102
Date   : Wed Sep 23 03:01:38 HKT 2026
GPU    : 0
Python : /userhome/cs3/duanty/miniconda3/envs/moe/bin/python
Command: python -u main.py --method ours --dataset cinic-10 --backbone vgg11 --select ours --merge fedadam --device cuda --num_experts 8 --bw_max -1 --output_dir ./results/exp02-cinic-vgg11-e8-fedadam --fedadam_tau 0.01
========================================

==================================================================
 Ours  
  Dataset=cinic-10 | beta=0.1 | Backbone=vgg11 | width_mult=1 | Clients=10 | Experts=8
  Select=ours | Merge=fedadam
  Expert refresh N_ref=8
  Rounds=100 | LR=0.01
  Bandwidth: expert_bw=10 | bw=[10, 80] | Rayleigh-Shannon, SNR=10 dB | k=floor(bw/10)
==================================================================


[Partition] Dirichlet beta=0.1, 10 clients
  Client 0:   3965 samples | 2/10 classes
  Client 1:   8598 samples | 7/10 classes
  Client 2:   8213 samples | 5/10 classes
  Client 3:   3690 samples | 4/10 classes
  Client 4:  37608 samples | 8/10 classes
  Client 5:   9093 samples | 5/10 classes
  Client 6:  10275 samples | 6/10 classes
  Client 7:    306 samples | 6/10 classes
  Client 8:   5696 samples | 6/10 classes
  Client 9:   2556 samples | 10/10 classes

[Upload] expert_bw=10 | available bw=[10, 80] | Rayleigh-Shannon, SNR=10 dB | upload k=floor(bw/10), cap=8 | probe gate scores, refresh stale experts, then train selected

[Model] Total params: 11,369,616

[Export] 本次实验目录: /userhome/cs3/duanty/FedMoE/results/exp02-cinic-vgg11-e8-fedadam/20260923-030142

Round |      LR |  AvgLoss |  TestAcc |     Best |  RoundTime
--------------------------------------------------------------------------------
    1 | 0.00208 |   1.2553 |   10.75% |   10.75% |    2:42.41
      bandwidth/experts | c8:bw=55,experts=[0,2,3,4,5]; c1:bw=29,experts=[2,3]; c5:bw=44,experts=[0,2,3,5]; c0:bw=10,experts=[3]; c7:bw=20,experts=[2,3]; c2:bw=29,experts=[2,3]; c9:bw=45,experts=[0,2,3,5]; c4:bw=40,experts=[0,2,3,5]; c3:bw=51,experts=[0,2,3,4,5]; c6:bw=41,experts=[0,2,3,5]
    2 | 0.00406 |   1.1820 |   10.00% |   10.75% |    2:41.09
      bandwidth/experts | c0:bw=36,experts=[0,3,7]; c1:bw=41,experts=[0,2,3,7]; c8:bw=48,experts=[0,2,3,7]; c5:bw=69,experts=[0,1,2,3,6,7]; c3:bw=67,experts=[0,1,2,3,6,7]; c4:bw=30,experts=[0,3,7]; c7:bw=55,experts=[0,2,3,6,7]; c9:bw=46,experts=[0,2,3,7]; c6:bw=17,experts=[0]; c2:bw=22,experts=[0,3]
    3 | 0.00604 |   1.1415 |   13.18% |   13.18% |    2:53.52
      bandwidth/experts | c9:bw=48,experts=[0,2,3,7]; c2:bw=42,experts=[0,2,3,7]; c0:bw=50,experts=[0,1,2,3,7]; c6:bw=40,experts=[0,2,3,7]; c8:bw=30,experts=[0,2,3]; c5:bw=13,experts=[0]; c3:bw=26,experts=[0,2]; c7:bw=33,experts=[0,2,7]; c1:bw=13,experts=[0]; c4:bw=52,experts=[0,2,3,6,7]
    4 | 0.00802 |   1.1090 |   11.66% |   13.18% |    2:56.55
      bandwidth/experts | c1:bw=40,experts=[0,1,2,4]; c7:bw=45,experts=[0,1,2,3]; c6:bw=53,experts=[0,1,2,3,4]; c2:bw=60,experts=[0,1,2,3,4,6]; c8:bw=31,experts=[0,1,2]; c0:bw=59,experts=[0,1,2,3,4]; c3:bw=34,experts=[0,1,2]; c4:bw=56,experts=[0,1,2,3,4]; c5:bw=73,experts=[0,1,2,3,4,6,7]; c9:bw=22,experts=[0,2]
    5 | 0.01000 |   1.0784 |   13.87% |   13.87% |    2:57.10
      bandwidth/experts | c1:bw=20,experts=[0,1]; c5:bw=40,experts=[0,1,2,6]; c4:bw=48,experts=[0,1,2,7]; c8:bw=37,experts=[0,1,2]; c0:bw=50,experts=[0,1,2,3,7]; c7:bw=24,experts=[0,1]; c6:bw=53,experts=[0,1,2,6,7]; c3:bw=63,experts=[0,1,2,3,6,7]; c2:bw=10,experts=[0]; c9:bw=62,experts=[0,1,2,3,6,7]
    6 | 0.01000 |   1.0527 |   18.58% |   18.58% |    2:45.67
      bandwidth/experts | c8:bw=67,experts=[0,1,3,5,6,7]; c2:bw=42,experts=[0,1,3,6]; c5:bw=27,experts=[0,6]; c7:bw=58,experts=[0,1,3,6,7]; c3:bw=36,experts=[0,3,6]; c1:bw=32,experts=[0,3,6]; c9:bw=48,experts=[0,1,3,6]; c0:bw=31,experts=[0,3,6]; c4:bw=17,experts=[0]; c6:bw=20,experts=[0,6]
    7 | 0.01000 |   1.0365 |   32.49% |   32.49% |    2:44.24
      bandwidth/experts | c0:bw=36,experts=[0,1,6]; c5:bw=49,experts=[0,1,5,6]; c2:bw=40,experts=[0,1,6,7]; c6:bw=13,experts=[0]; c3:bw=26,experts=[0,1]; c7:bw=31,experts=[0,1,6]; c4:bw=14,experts=[0]; c1:bw=10,experts=[0]; c8:bw=57,experts=[0,1,3,6,7]; c9:bw=10,experts=[0]
    8 | 0.01000 |   1.0525 |   41.31% |   41.31% |    2:44.66
      bandwidth/experts | c4:bw=10,experts=[0]; c8:bw=37,experts=[0,3,6]; c1:bw=58,experts=[0,2,5,6,7]; c3:bw=37,experts=[0,3,6]; c0:bw=32,experts=[0,5,6]; c5:bw=28,experts=[0,6]; c2:bw=54,experts=[0,2,5,6,7]; c9:bw=59,experts=[0,4,5,6,7]; c7:bw=15,experts=[4]; c6:bw=41,experts=[0,5,6,7]
    9 | 0.01000 |   1.0783 |   44.25% |   44.25% |    2:47.03
      bandwidth/experts | c2:bw=21,experts=[0,6]; c0:bw=52,experts=[0,3,4,6,7]; c4:bw=59,experts=[0,1,5,6,7]; c9:bw=26,experts=[0,3]; c8:bw=18,experts=[4]; c6:bw=31,experts=[0,5,6]; c7:bw=46,experts=[0,1,5,6]; c5:bw=52,experts=[0,1,5,6,7]; c1:bw=14,experts=[0]; c3:bw=23,experts=[4,5]
   10 | 0.01000 |   1.0111 |   46.93% |   46.93% |    2:47.92
      bandwidth/experts | c4:bw=37,experts=[0,5,6]; c2:bw=34,experts=[0,5,6]; c7:bw=37,experts=[0,5,6]; c0:bw=59,experts=[0,2,3,6,7]; c6:bw=65,experts=[0,1,3,5,6,7]; c3:bw=46,experts=[0,3,6,7]; c5:bw=58,experts=[0,1,5,6,7]; c8:bw=35,experts=[0,3,6]; c9:bw=35,experts=[0,3,5]; c1:bw=41,experts=[0,3,5,6]
   11 | 0.01000 |   1.0045 |   48.95% |   48.95% |    2:48.19
      bandwidth/experts | c5:bw=28,experts=[0,6]; c2:bw=27,experts=[0,6]; c7:bw=44,experts=[0,1,5,6]; c3:bw=50,experts=[0,2,3,4,6]; c0:bw=28,experts=[0,3]; c8:bw=39,experts=[0,3,6]; c9:bw=33,experts=[0,3,6]; c6:bw=55,experts=[0,1,3,5,6]; c1:bw=40,experts=[0,3,5,6]; c4:bw=16,experts=[0]
   12 | 0.01000 |   0.9984 |   45.19% |   48.95% |    2:45.81
      bandwidth/experts | c1:bw=42,experts=[0,3,4,5]; c5:bw=56,experts=[0,1,3,4,5]; c2:bw=57,experts=[0,3,4,5,6]; c4:bw=28,experts=[3,4]; c3:bw=35,experts=[0,3,6]; c7:bw=30,experts=[0,2,6]; c9:bw=42,experts=[0,1,3,5]; c6:bw=29,experts=[0,4]; c8:bw=55,experts=[0,3,5,6,7]; c0:bw=49,experts=[0,3,4,6]
   13 | 0.01000 |   1.0482 |   44.68% |   48.95% |    2:46.12
      bandwidth/experts | c3:bw=30,experts=[0,3,4]; c1:bw=47,experts=[0,1,3,5]; c4:bw=10,experts=[2]; c5:bw=29,experts=[0,2]; c8:bw=15,experts=[2]; c6:bw=36,experts=[0,2,5]; c9:bw=15,experts=[2]; c7:bw=58,experts=[0,2,3,5,6]; c0:bw=25,experts=[0,3]; c2:bw=16,experts=[0]
   14 | 0.01000 |   0.9744 |   47.24% |   48.95% |    2:47.44
      bandwidth/experts | c2:bw=45,experts=[0,2,3,5]; c4:bw=10,experts=[0]; c5:bw=64,experts=[0,1,2,3,5,6]; c1:bw=38,experts=[0,1,3]; c7:bw=25,experts=[0,7]; c0:bw=25,experts=[0,3]; c9:bw=32,experts=[0,3,5]; c3:bw=45,experts=[0,1,2,3]; c8:bw=21,experts=[0,3]; c6:bw=67,experts=[0,1,2,3,5,6]
   15 | 0.01000 |   0.9614 |   47.63% |   48.95% |    2:47.13
      bandwidth/experts | c7:bw=59,experts=[0,1,3,5,6]; c0:bw=20,experts=[0,1]; c1:bw=14,experts=[0]; c8:bw=52,experts=[0,1,3,5,6]; c3:bw=10,experts=[0]; c2:bw=53,experts=[0,1,5,6,7]; c4:bw=47,experts=[0,1,5,6]; c5:bw=18,experts=[0]; c9:bw=19,experts=[0]; c6:bw=33,experts=[0,5,6]
   16 | 0.01000 |   1.0045 |   51.10% |   51.10% |    2:48.61
      bandwidth/experts | c6:bw=40,experts=[0,1,5,6]; c1:bw=29,experts=[2,7]; c3:bw=43,experts=[0,3,5,6]; c8:bw=49,experts=[0,3,5,6]; c7:bw=22,experts=[0,4]; c5:bw=40,experts=[0,1,5,6]; c4:bw=35,experts=[0,1,5]; c9:bw=24,experts=[4,7]; c0:bw=57,experts=[0,3,4,5,6]; c2:bw=52,experts=[0,1,5,6,7]
   17 | 0.01000 |   0.9647 |   52.63% |   52.63% |    2:46.67
      bandwidth/experts | c4:bw=58,experts=[0,1,5,6,7]; c7:bw=25,experts=[0,6]; c8:bw=10,experts=[4]; c3:bw=52,experts=[0,3,5,6,7]; c5:bw=10,experts=[0]; c1:bw=29,experts=[0,3]; c0:bw=11,experts=[0]; c2:bw=19,experts=[0]; c9:bw=37,experts=[0,5,6]; c6:bw=39,experts=[0,5,6]
   18 | 0.01000 |   0.9315 |   53.03% |   53.03% |    2:46.05
      bandwidth/experts | c1:bw=10,experts=[0]; c8:bw=10,experts=[0]; c5:bw=35,experts=[0,1,7]; c2:bw=37,experts=[0,3,5]; c9:bw=19,experts=[0]; c7:bw=55,experts=[0,1,3,5,6]; c4:bw=56,experts=[0,1,3,5,6]; c3:bw=37,experts=[0,3,6]; c0:bw=49,experts=[0,2,3,7]; c6:bw=31,experts=[0,1,7]
   19 | 0.01000 |   0.9248 |   53.32% |   53.32% |    2:52.37
      bandwidth/experts | c8:bw=56,experts=[0,3,5,6,7]; c0:bw=42,experts=[0,3,6,7]; c4:bw=51,experts=[0,1,5,6,7]; c1:bw=46,experts=[0,5,6,7]; c9:bw=38,experts=[0,5,6]; c5:bw=29,experts=[0,6]; c7:bw=22,experts=[0,6]; c2:bw=14,experts=[0]; c6:bw=66,experts=[0,1,3,5,6,7]; c3:bw=40,experts=[0,3,6,7]
   20 | 0.01000 |   0.9629 |   54.02% |   54.02% |    2:45.85
      bandwidth/experts | c0:bw=28,experts=[0,3]; c2:bw=41,experts=[0,4,5,6]; c1:bw=40,experts=[0,4,5,6]; c9:bw=17,experts=[1]; c7:bw=43,experts=[0,1,5,6]; c6:bw=68,experts=[0,1,4,5,6,7]; c3:bw=18,experts=[0]; c5:bw=10,experts=[4]; c4:bw=59,experts=[0,1,4,5,6]; c8:bw=50,experts=[0,1,3,5,6]
   21 | 0.01000 |   1.0299 |   53.23% |   54.02% |    2:47.11
      bandwidth/experts | c1:bw=41,experts=[0,3,5,6]; c2:bw=39,experts=[0,5,6]; c7:bw=12,experts=[2]; c4:bw=48,experts=[0,2,5,6]; c8:bw=18,experts=[2]; c5:bw=32,experts=[0,1,5]; c0:bw=66,experts=[0,3,4,5,6,7]; c3:bw=10,experts=[4]; c6:bw=16,experts=[0]; c9:bw=25,experts=[0,2]
   22 | 0.01000 |   0.9600 |   52.60% |   54.02% |    2:47.36
      bandwidth/experts | c7:bw=16,experts=[7]; c9:bw=33,experts=[0,3,5]; c1:bw=10,experts=[1]; c6:bw=61,experts=[0,1,2,5,6,7]; c5:bw=17,experts=[2]; c2:bw=66,experts=[0,1,2,5,6,7]; c0:bw=67,experts=[0,3,4,5,6,7]; c4:bw=36,experts=[0,1,5]; c3:bw=56,experts=[0,1,2,3,6]; c8:bw=33,experts=[0,3,6]
   23 | 0.01000 |   1.0009 |   53.08% |   54.02% |    2:47.64
      bandwidth/experts | c5:bw=52,experts=[0,1,3,5,6]; c7:bw=15,experts=[0]; c4:bw=56,experts=[0,1,5,6,7]; c6:bw=10,experts=[0]; c9:bw=50,experts=[0,1,5,6,7]; c8:bw=35,experts=[0,3,6]; c3:bw=15,experts=[0]; c1:bw=62,experts=[0,1,3,5,6,7]; c2:bw=32,experts=[0,5,6]; c0:bw=11,experts=[1]
   24 | 0.01000 |   0.9486 |   51.67% |   54.02% |    2:45.33
      bandwidth/experts | c6:bw=30,experts=[0,1,5]; c4:bw=12,experts=[0]; c7:bw=10,experts=[4]; c9:bw=50,experts=[0,1,4,5,6]; c2:bw=43,experts=[0,5,6,7]; c1:bw=10,experts=[2]; c5:bw=25,experts=[0,1]; c8:bw=18,experts=[0]; c3:bw=10,experts=[0]; c0:bw=31,experts=[0,3,6]
   25 | 0.01000 |   0.9800 |   53.21% |   54.02% |    2:48.04
      bandwidth/experts | c9:bw=40,experts=[0,1,5,6]; c6:bw=16,experts=[0]; c4:bw=58,experts=[0,1,5,6,7]; c3:bw=14,experts=[5]; c5:bw=64,experts=[0,1,4,5,6,7]; c1:bw=49,experts=[0,1,5,6]; c8:bw=55,experts=[0,1,3,4,6]; c2:bw=12,experts=[0]; c0:bw=56,experts=[0,3,5,6,7]; c7:bw=40,experts=[0,1,5,6]
   26 | 0.01000 |   0.9856 |   55.13% |   55.13% |    2:45.90
      bandwidth/experts | c3:bw=44,experts=[0,3,6,7]; c6:bw=34,experts=[0,5,6]; c9:bw=50,experts=[0,1,5,6,7]; c7:bw=31,experts=[0,3,6]; c1:bw=33,experts=[0,3,6]; c5:bw=20,experts=[0,1]; c2:bw=30,experts=[0,3,6]; c8:bw=53,experts=[0,1,3,5,6]; c0:bw=11,experts=[2]; c4:bw=48,experts=[0,1,3,6]
   27 | 0.01000 |   0.8871 |   54.93% |   55.13% |    2:46.87
      bandwidth/experts | c7:bw=51,experts=[0,1,5,6,7]; c1:bw=62,experts=[0,1,3,5,6,7]; c4:bw=12,experts=[0]; c0:bw=36,experts=[0,3,6]; c9:bw=18,experts=[0]; c2:bw=20,experts=[0,6]; c8:bw=55,experts=[0,3,5,6,7]; c3:bw=21,experts=[0,3]; c6:bw=63,experts=[0,1,3,5,6,7]; c5:bw=37,experts=[0,1,6]
   28 | 0.01000 |   0.8929 |   57.36% |   57.36% |    2:43.95
      bandwidth/experts | c6:bw=29,experts=[0,4]; c9:bw=49,experts=[0,1,5,6]; c0:bw=47,experts=[0,3,4,6]; c8:bw=29,experts=[0,3]; c2:bw=10,experts=[4]; c5:bw=33,experts=[0,1,6]; c1:bw=25,experts=[0,4]; c3:bw=12,experts=[0]; c4:bw=10,experts=[4]; c7:bw=10,experts=[0]
   29 | 0.01000 |   0.8758 |   59.45% |   59.45% |    2:44.88
      bandwidth/experts | c4:bw=38,experts=[0,1,2]; c0:bw=44,experts=[0,3,4,6]; c1:bw=33,experts=[0,1,6]; c9:bw=44,experts=[0,1,2,5]; c6:bw=43,experts=[0,1,5,6]; c8:bw=34,experts=[0,2,3]; c7:bw=21,experts=[0,2]; c3:bw=32,experts=[0,3,4]; c2:bw=18,experts=[0]; c5:bw=33,experts=[0,1,5]
   30 | 0.01000 |   0.8854 |   60.79% |   60.79% |    2:46.93
      bandwidth/experts | c5:bw=62,experts=[0,1,2,5,6,7]; c1:bw=35,experts=[0,5,6]; c9:bw=54,experts=[0,1,3,5,6]; c4:bw=51,experts=[0,1,5,6,7]; c0:bw=17,experts=[0]; c8:bw=41,experts=[0,3,5,6]; c6:bw=11,experts=[2]; c7:bw=12,experts=[0]; c3:bw=59,experts=[0,1,2,3,6]; c2:bw=27,experts=[1,2]
   31 | 0.01000 |   0.8651 |   60.46% |   60.79% |    2:47.39
      bandwidth/experts | c6:bw=29,experts=[0,6]; c4:bw=19,experts=[0]; c9:bw=45,experts=[0,1,5,6]; c1:bw=30,experts=[0,5,6]; c5:bw=62,experts=[0,1,3,5,6,7]; c8:bw=33,experts=[0,3,6]; c3:bw=24,experts=[0,3]; c2:bw=15,experts=[0]; c0:bw=47,experts=[0,1,3,6]; c7:bw=63,experts=[0,1,4,5,6,7]
   32 | 0.01000 |   0.8588 |   61.36% |   61.36% |    2:47.25
      bandwidth/experts | c8:bw=21,experts=[0,3]; c5:bw=36,experts=[0,1,6]; c4:bw=49,experts=[0,1,5,6]; c7:bw=47,experts=[0,1,5,6]; c0:bw=46,experts=[0,3,6,7]; c1:bw=21,experts=[0,2]; c3:bw=28,experts=[0,3]; c6:bw=27,experts=[0,6]; c2:bw=54,experts=[0,1,5,6,7]; c9:bw=31,experts=[0,1,4]
   33 | 0.01000 |   0.8565 |   61.46% |   61.46% |    2:44.92
      bandwidth/experts | c7:bw=52,experts=[0,1,5,6,7]; c1:bw=34,experts=[0,1,6]; c3:bw=70,experts=[0,1,3,4,5,6,7]; c6:bw=37,experts=[0,1,6]; c5:bw=29,experts=[0,4]; c9:bw=42,experts=[0,1,5,6]; c2:bw=24,experts=[0,6]; c8:bw=50,experts=[0,3,4,5,6]; c4:bw=45,experts=[0,1,5,6]; c0:bw=62,experts=[0,3,4,5,6,7]
   34 | 0.01000 |   0.8481 |   60.69% |   61.46% |    2:46.78
      bandwidth/experts | c4:bw=46,experts=[0,1,3,6]; c1:bw=46,experts=[0,1,5,6]; c6:bw=48,experts=[0,1,5,6]; c9:bw=68,experts=[0,1,4,5,6,7]; c8:bw=42,experts=[0,1,3,6]; c0:bw=22,experts=[0,2]; c5:bw=60,experts=[0,1,4,5,6,7]; c7:bw=32,experts=[0,1,3]; c3:bw=72,experts=[0,1,3,4,5,6,7]; c2:bw=54,experts=[0,3,5,6,7]
   35 | 0.01000 |   0.8452 |   61.36% |   61.46% |    2:48.37
      bandwidth/experts | c4:bw=33,experts=[0,1,6]; c0:bw=20,experts=[0,3]; c1:bw=31,experts=[0,3,7]; c6:bw=44,experts=[0,3,6,7]; c2:bw=46,experts=[0,1,5,6]; c8:bw=50,experts=[0,3,5,6,7]; c9:bw=27,experts=[0,1]; c7:bw=48,experts=[0,1,5,6]; c5:bw=41,experts=[0,1,5,6]; c3:bw=24,experts=[0,6]
   36 | 0.01000 |   0.8527 |   60.00% |   61.46% |    2:47.76
      bandwidth/experts | c9:bw=37,experts=[0,1,6]; c0:bw=36,experts=[0,3,6]; c3:bw=60,experts=[0,1,3,5,6,7]; c7:bw=27,experts=[0,1]; c6:bw=43,experts=[0,1,4,6]; c5:bw=49,experts=[0,1,5,6]; c1:bw=10,experts=[4]; c4:bw=74,experts=[0,1,3,4,5,6,7]; c8:bw=51,experts=[0,3,5,6,7]; c2:bw=50,experts=[0,1,4,5,6]
   37 | 0.01000 |   0.8504 |   60.67% |   61.46% |    2:47.63
      bandwidth/experts | c1:bw=18,experts=[0]; c5:bw=39,experts=[0,1,6]; c2:bw=36,experts=[0,5,6]; c6:bw=65,experts=[0,1,4,5,6,7]; c4:bw=39,experts=[0,1,2]; c7:bw=42,experts=[0,1,2,6]; c9:bw=40,experts=[0,1,2,6]; c0:bw=54,experts=[0,3,4,6,7]; c3:bw=36,experts=[0,3,6]; c8:bw=10,experts=[2]
   38 | 0.01000 |   0.8542 |   60.58% |   61.46% |    2:46.43
      bandwidth/experts | c8:bw=46,experts=[0,3,5,6]; c6:bw=17,experts=[2]; c4:bw=52,experts=[0,1,5,6,7]; c1:bw=31,experts=[0,5,6]; c5:bw=10,experts=[2]; c2:bw=10,experts=[2]; c3:bw=38,experts=[0,2,3]; c7:bw=51,experts=[0,1,5,6,7]; c9:bw=26,experts=[0,3]; c0:bw=40,experts=[0,3,6,7]
   39 | 0.01000 |   0.9071 |   59.51% |   61.46% |    2:46.76
      bandwidth/experts | c3:bw=26,experts=[0,3]; c0:bw=10,experts=[1]; c1:bw=45,experts=[0,1,5,6]; c7:bw=40,experts=[0,1,4,6]; c6:bw=31,experts=[0,1,6]; c8:bw=45,experts=[0,3,5,6]; c2:bw=36,experts=[0,5,6]; c4:bw=36,experts=[0,1,6]; c9:bw=24,experts=[0,1]; c5:bw=75,experts=[0,1,3,4,5,6,7]
   40 | 0.01000 |   0.8331 |   58.27% |   61.46% |    3:01.55
      bandwidth/experts | c8:bw=26,experts=[0,3]; c1:bw=42,experts=[0,2,5,6]; c5:bw=32,experts=[0,1,6]; c6:bw=46,experts=[0,1,5,6]; c2:bw=65,experts=[0,1,4,5,6,7]; c7:bw=66,experts=[0,1,4,5,6,7]; c3:bw=10,experts=[0]; c4:bw=19,experts=[0]; c9:bw=40,experts=[0,1,5,6]; c0:bw=36,experts=[0,3,6]
   41 | 0.01000 |   0.9053 |   59.48% |   61.46% |    2:51.51
      bandwidth/experts | c2:bw=54,experts=[0,1,5,6,7]; c6:bw=10,experts=[0]; c8:bw=57,experts=[0,3,4,5,6]; c1:bw=10,experts=[0]; c4:bw=50,experts=[0,1,5,6,7]; c5:bw=61,experts=[0,1,4,5,6,7]; c7:bw=68,experts=[0,1,4,5,6,7]; c3:bw=40,experts=[0,3,6,7]; c9:bw=54,experts=[0,1,5,6,7]; c0:bw=10,experts=[5]
   42 | 0.01000 |   0.8972 |   60.38% |   61.46% |    2:53.54
      bandwidth/experts | c5:bw=50,experts=[0,1,4,5,6]; c1:bw=49,experts=[0,1,5,6]; c3:bw=48,experts=[0,3,4,6]; c9:bw=51,experts=[0,1,4,5,6]; c6:bw=34,experts=[0,1,6]; c0:bw=15,experts=[2]; c7:bw=20,experts=[0,3]; c4:bw=55,experts=[0,1,5,6,7]; c8:bw=42,experts=[0,1,3,6]; c2:bw=40,experts=[0,1,3,6]
   43 | 0.01000 |   0.8289 |   59.66% |   61.46% |    2:50.80
      bandwidth/experts | c5:bw=53,experts=[0,1,5,6,7]; c1:bw=58,experts=[0,3,5,6,7]; c2:bw=51,experts=[0,1,5,6,7]; c8:bw=45,experts=[0,3,5,6]; c9:bw=32,experts=[0,1,6]; c7:bw=21,experts=[0,6]; c4:bw=34,experts=[0,1,6]; c6:bw=12,experts=[3]; c3:bw=65,experts=[0,1,3,5,6,7]; c0:bw=21,experts=[0,3]
   44 | 0.01000 |   0.8212 |   59.52% |   61.46% |    2:48.15
      bandwidth/experts | c0:bw=66,experts=[0,3,4,5,6,7]; c3:bw=47,experts=[0,3,4,6]; c4:bw=29,experts=[3,4]; c2:bw=37,experts=[0,5,6]; c7:bw=75,experts=[0,1,2,4,5,6,7]; c5:bw=24,experts=[0,1]; c6:bw=20,experts=[0,6]; c9:bw=37,experts=[0,1,6]; c8:bw=34,experts=[0,3,7]; c1:bw=45,experts=[0,1,4,6]
   45 | 0.01000 |   0.8167 |   61.53% |   61.53% |    2:49.14
      bandwidth/experts | c8:bw=55,experts=[0,2,3,5,6]; c0:bw=36,experts=[0,3,6]; c3:bw=67,experts=[0,1,3,5,6,7]; c4:bw=64,experts=[0,1,2,5,6,7]; c7:bw=36,experts=[0,1,6]; c2:bw=49,experts=[0,5,6,7]; c9:bw=25,experts=[0,2]; c6:bw=10,experts=[4]; c5:bw=44,experts=[0,1,5,6]; c1:bw=56,experts=[0,1,5,6,7]
   46 | 0.01000 |   0.8092 |   63.44% |   63.44% |    2:50.69
      bandwidth/experts | c9:bw=37,experts=[0,1,3]; c3:bw=27,experts=[0,2]; c6:bw=39,experts=[0,2,7]; c1:bw=41,experts=[0,1,5,6]; c4:bw=64,experts=[0,1,4,5,6,7]; c5:bw=41,experts=[0,1,2,6]; c2:bw=57,experts=[0,1,2,5,6]; c8:bw=39,experts=[0,3,6]; c0:bw=55,experts=[0,3,4,6,7]; c7:bw=28,experts=[0,1]
   47 | 0.01000 |   0.8067 |   62.94% |   63.44% |    2:49.10
      bandwidth/experts | c5:bw=52,experts=[0,1,3,5,6]; c6:bw=22,experts=[0,6]; c7:bw=53,experts=[0,1,5,6,7]; c9:bw=17,experts=[0]; c8:bw=39,experts=[0,3,6]; c3:bw=70,experts=[0,1,3,4,5,6,7]; c4:bw=10,experts=[0]; c0:bw=46,experts=[0,1,3,6]; c1:bw=30,experts=[0,1,6]; c2:bw=54,experts=[0,1,5,6,7]
   48 | 0.01000 |   0.8055 |   63.72% |   63.72% |    2:54.55
      bandwidth/experts | c1:bw=50,experts=[0,1,2,5,6]; c8:bw=50,experts=[0,1,3,5,6]; c4:bw=67,experts=[0,1,4,5,6,7]; c2:bw=57,experts=[0,1,4,5,6]; c9:bw=52,experts=[0,1,5,6,7]; c6:bw=45,experts=[0,1,5,6]; c5:bw=55,experts=[0,1,5,6,7]; c7:bw=62,experts=[0,1,4,5,6,7]; c0:bw=16,experts=[0]; c3:bw=18,experts=[0]
   49 | 0.01000 |   0.7997 |   63.30% |   63.72% |    2:50.38
      bandwidth/experts | c4:bw=48,experts=[0,1,5,6]; c3:bw=32,experts=[0,3,6]; c8:bw=26,experts=[0,4]; c0:bw=20,experts=[0,3]; c2:bw=58,experts=[0,1,5,6,7]; c5:bw=56,experts=[0,1,5,6,7]; c6:bw=13,experts=[0]; c7:bw=44,experts=[0,1,5,6]; c9:bw=53,experts=[0,1,5,6,7]; c1:bw=54,experts=[0,1,5,6,7]
   50 | 0.01000 |   0.7968 |   62.96% |   63.72% |    2:50.97
      bandwidth/experts | c8:bw=32,experts=[0,1,6]; c4:bw=10,experts=[0]; c7:bw=34,experts=[0,1,3]; c6:bw=68,experts=[0,1,4,5,6,7]; c2:bw=63,experts=[0,1,3,5,6,7]; c1:bw=64,experts=[0,1,3,5,6,7]; c3:bw=39,experts=[0,3,6]; c0:bw=29,experts=[0,2]; c9:bw=27,experts=[0,4]; c5:bw=31,experts=[0,1,4]
   51 | 0.01000 |   0.7982 |   62.25% |   63.72% |    2:47.61
      bandwidth/experts | c5:bw=47,experts=[0,1,5,6]; c0:bw=53,experts=[0,3,4,5,6]; c1:bw=21,experts=[0,6]; c2:bw=20,experts=[0,6]; c8:bw=46,experts=[0,3,5,6]; c6:bw=52,experts=[0,1,3,5,6]; c9:bw=18,experts=[0]; c3:bw=55,experts=[0,3,5,6,7]; c4:bw=11,experts=[0]; c7:bw=27,experts=[0,1]
   52 | 0.01000 |   0.8012 |   62.27% |   63.72% |    2:50.85
      bandwidth/experts | c0:bw=46,experts=[0,3,6,7]; c8:bw=18,experts=[7]; c5:bw=24,experts=[0,1]; c7:bw=34,experts=[0,1,2]; c1:bw=40,experts=[0,1,4,6]; c4:bw=33,experts=[0,1,3]; c9:bw=31,experts=[0,1,6]; c6:bw=51,experts=[0,1,5,6,7]; c2:bw=29,experts=[0,6]; c3:bw=43,experts=[0,3,4,6]
   53 | 0.01000 |   0.7937 |   62.15% |   63.72% |    2:50.13
      bandwidth/experts | c8:bw=22,experts=[0,2]; c4:bw=28,experts=[0,2]; c5:bw=44,experts=[0,1,5,6]; c1:bw=59,experts=[0,1,5,6,7]; c3:bw=47,experts=[0,3,4,6]; c9:bw=61,experts=[0,1,2,5,6,7]; c6:bw=36,experts=[0,1,6]; c7:bw=44,experts=[0,1,5,6]; c0:bw=39,experts=[0,3,6]; c2:bw=51,experts=[0,1,5,6,7]
   54 | 0.01000 |   0.8020 |   62.22% |   63.72% |    2:45.82
      bandwidth/experts | c2:bw=10,experts=[2]; c1:bw=53,experts=[0,1,5,6,7]; c8:bw=55,experts=[0,1,3,5,6]; c7:bw=61,experts=[0,1,4,5,6,7]; c3:bw=30,experts=[0,2,6]; c0:bw=37,experts=[0,3,6]; c6:bw=54,experts=[0,1,2,5,6]; c5:bw=10,experts=[2]; c9:bw=50,experts=[0,1,3,5,6]; c4:bw=32,experts=[0,1,6]
   55 | 0.01000 |   0.7915 |   61.26% |   63.72% |    2:48.11
      bandwidth/experts | c7:bw=54,experts=[0,1,5,6,7]; c2:bw=41,experts=[0,1,5,6]; c4:bw=14,experts=[0]; c3:bw=52,experts=[0,1,3,5,6]; c8:bw=14,experts=[0]; c5:bw=53,experts=[0,1,3,5,6]; c1:bw=60,experts=[0,1,4,5,6,7]; c6:bw=42,experts=[0,1,5,6]; c0:bw=27,experts=[0,1]; c9:bw=62,experts=[0,1,4,5,6,7]
   56 | 0.01000 |   0.7875 |   60.69% |   63.72% |    2:43.72
      bandwidth/experts | c9:bw=52,experts=[0,1,5,6,7]; c1:bw=56,experts=[0,1,2,5,6]; c3:bw=10,experts=[0]; c2:bw=53,experts=[0,1,4,5,6]; c5:bw=31,experts=[0,1,6]; c4:bw=10,experts=[4]; c8:bw=13,experts=[0]; c7:bw=18,experts=[0]; c6:bw=23,experts=[0,1]; c0:bw=70,experts=[0,1,3,4,5,6,7]
   57 | 0.01000 |   0.7873 |   62.47% |   63.72% |    2:45.01
      bandwidth/experts | c3:bw=64,experts=[0,1,3,5,6,7]; c8:bw=43,experts=[0,1,4,6]; c6:bw=48,experts=[0,1,5,6]; c1:bw=49,experts=[0,1,5,6]; c7:bw=69,experts=[0,1,4,5,6,7]; c0:bw=70,experts=[0,1,3,4,5,6,7]; c5:bw=44,experts=[0,1,6,7]; c4:bw=41,experts=[0,1,5,7]; c2:bw=33,experts=[0,1,6]; c9:bw=19,experts=[0]
   58 | 0.01000 |   0.7898 |   62.96% |   63.72% |    2:45.95
      bandwidth/experts | c7:bw=24,experts=[0,3]; c2:bw=10,experts=[3]; c9:bw=57,experts=[0,1,5,6,7]; c6:bw=55,experts=[0,1,4,5,6]; c5:bw=35,experts=[0,1,4]; c1:bw=30,experts=[0,1,3]; c8:bw=40,experts=[0,1,3,6]; c4:bw=38,experts=[0,1,6]; c3:bw=61,experts=[0,1,3,4,5,6]; c0:bw=47,experts=[0,2,3,6]
   59 | 0.01000 |   0.7801 |   64.10% |   64.10% |    2:46.11
      bandwidth/experts | c2:bw=37,experts=[0,1,6]; c8:bw=56,experts=[0,1,3,5,6]; c9:bw=28,experts=[0,1]; c6:bw=19,experts=[3]; c1:bw=65,experts=[0,1,3,5,6,7]; c4:bw=26,experts=[0,1]; c7:bw=28,experts=[0,1]; c5:bw=32,experts=[0,1,6]; c0:bw=52,experts=[0,3,5,6,7]; c3:bw=35,experts=[0,3,6]
   60 | 0.01000 |   0.7772 |   63.51% |   64.10% |    2:46.54
      bandwidth/experts | c0:bw=53,experts=[0,3,4,6,7]; c7:bw=48,experts=[0,1,2,6]; c4:bw=30,experts=[0,1,3]; c2:bw=30,experts=[0,1,6]; c5:bw=33,experts=[0,1,6]; c8:bw=24,experts=[0,7]; c6:bw=59,experts=[0,1,5,6,7]; c9:bw=10,experts=[0]; c1:bw=54,experts=[0,1,5,6,7]; c3:bw=44,experts=[0,1,3,6]
   61 | 0.01000 |   0.7755 |   63.55% |   64.10% |    2:44.27
      bandwidth/experts | c5:bw=49,experts=[0,1,5,6]; c6:bw=37,experts=[0,1,6]; c2:bw=29,experts=[0,7]; c9:bw=38,experts=[0,1,2]; c1:bw=33,experts=[0,1,6]; c3:bw=43,experts=[0,1,3,6]; c8:bw=55,experts=[0,1,2,5,6]; c4:bw=38,experts=[0,1,2]; c7:bw=43,experts=[0,1,5,6]; c0:bw=60,experts=[0,1,3,5,6,7]
   62 | 0.01000 |   0.7778 |   63.34% |   64.10% |    2:46.71
      bandwidth/experts | c8:bw=13,experts=[0]; c6:bw=62,experts=[0,1,2,5,6,7]; c9:bw=16,experts=[3]; c4:bw=60,experts=[0,1,4,5,6,7]; c5:bw=67,experts=[0,1,2,5,6,7]; c0:bw=28,experts=[0,3]; c3:bw=53,experts=[0,1,2,3,6]; c2:bw=42,experts=[0,1,2,6]; c1:bw=75,experts=[0,1,3,4,5,6,7]; c7:bw=44,experts=[0,1,5,6]
   63 | 0.01000 |   0.7703 |   63.33% |   64.10% |    2:43.57
      bandwidth/experts | c5:bw=10,experts=[3]; c9:bw=21,experts=[0,4]; c6:bw=34,experts=[0,1,6]; c3:bw=52,experts=[0,1,3,5,6]; c8:bw=32,experts=[0,1,6]; c1:bw=50,experts=[0,1,5,6,7]; c7:bw=68,experts=[0,1,4,5,6,7]; c0:bw=41,experts=[0,3,5,6]; c2:bw=28,experts=[0,6]; c4:bw=52,experts=[0,1,5,6,7]
   64 | 0.01000 |   0.7690 |   63.29% |   64.10% |    2:44.82
      bandwidth/experts | c6:bw=50,experts=[0,1,5,6,7]; c4:bw=38,experts=[0,1,6]; c5:bw=24,experts=[0,1]; c3:bw=38,experts=[0,1,6]; c7:bw=34,experts=[0,1,6]; c0:bw=32,experts=[0,3,6]; c8:bw=53,experts=[0,1,5,6,7]; c9:bw=59,experts=[0,1,5,6,7]; c2:bw=56,experts=[0,1,4,5,6]; c1:bw=28,experts=[0,2]
   65 | 0.01000 |   0.7663 |   64.42% |   64.42% |    2:46.42
      bandwidth/experts | c7:bw=10,experts=[0]; c5:bw=29,experts=[0,1]; c4:bw=57,experts=[0,1,5,6,7]; c6:bw=50,experts=[0,1,5,6,7]; c8:bw=66,experts=[0,1,3,4,5,6]; c3:bw=42,experts=[0,1,3,7]; c0:bw=41,experts=[0,3,5,6]; c2:bw=28,experts=[0,6]; c1:bw=58,experts=[0,1,5,6,7]; c9:bw=47,experts=[0,1,5,6]
   66 | 0.01000 |   0.7663 |   64.80% |   64.80% |    2:46.27
      bandwidth/experts | c2:bw=41,experts=[0,1,3,6]; c5:bw=17,experts=[4]; c1:bw=54,experts=[0,1,5,6,7]; c8:bw=24,experts=[0,6]; c9:bw=31,experts=[0,1,6]; c6:bw=30,experts=[0,1,4]; c4:bw=41,experts=[0,1,5,6]; c0:bw=38,experts=[0,2,3]; c3:bw=66,experts=[0,1,3,4,5,6]; c7:bw=50,experts=[0,1,3,5,6]
   67 | 0.01000 |   0.7659 |   63.44% |   64.80% |    2:46.06
      bandwidth/experts | c4:bw=51,experts=[0,1,5,6,7]; c5:bw=48,experts=[0,1,5,6]; c1:bw=36,experts=[0,1,6]; c3:bw=25,experts=[0,3]; c6:bw=53,experts=[0,1,3,5,6]; c0:bw=32,experts=[0,3,6]; c2:bw=43,experts=[0,1,5,6]; c9:bw=60,experts=[0,1,4,5,6,7]; c7:bw=59,experts=[0,1,5,6,7]; c8:bw=10,experts=[0]
   68 | 0.01000 |   0.7608 |   63.65% |   64.80% |    2:45.68
      bandwidth/experts | c1:bw=42,experts=[0,1,5,6]; c8:bw=31,experts=[0,1,6]; c2:bw=58,experts=[0,1,5,6,7]; c0:bw=30,experts=[0,3,4]; c3:bw=26,experts=[0,3]; c4:bw=49,experts=[0,1,3,6]; c5:bw=45,experts=[0,1,5,6]; c9:bw=15,experts=[0]; c7:bw=28,experts=[0,2]; c6:bw=32,experts=[0,1,6]
   69 | 0.01000 |   0.7626 |   64.15% |   64.80% |    2:44.04
      bandwidth/experts | c3:bw=41,experts=[0,1,3,6]; c7:bw=58,experts=[0,1,5,6,7]; c1:bw=31,experts=[0,1,6]; c4:bw=41,experts=[0,1,2,5]; c9:bw=35,experts=[0,1,2]; c5:bw=39,experts=[0,1,6]; c0:bw=52,experts=[0,1,3,6,7]; c2:bw=66,experts=[0,1,2,5,6,7]; c8:bw=42,experts=[0,1,2,6]; c6:bw=26,experts=[0,1]
   70 | 0.01000 |   0.7726 |   63.08% |   64.80% |    2:44.82
      bandwidth/experts | c1:bw=24,experts=[3,4]; c9:bw=10,experts=[3]; c7:bw=28,experts=[0,1]; c3:bw=32,experts=[0,2,6]; c0:bw=30,experts=[0,3,6]; c6:bw=26,experts=[0,2]; c2:bw=55,experts=[0,1,5,6,7]; c4:bw=58,experts=[0,1,4,5,6]; c5:bw=23,experts=[2,7]; c8:bw=48,experts=[0,1,5,6]
   71 | 0.01000 |   0.7581 |   63.53% |   64.80% |    2:45.95
      bandwidth/experts | c4:bw=42,experts=[0,1,5,6]; c0:bw=16,experts=[0]; c1:bw=52,experts=[0,1,5,6,7]; c9:bw=40,experts=[0,1,5,6]; c7:bw=20,experts=[0,4]; c5:bw=33,experts=[0,1,3]; c3:bw=62,experts=[0,1,3,5,6,7]; c6:bw=50,experts=[0,1,5,6,7]; c8:bw=39,experts=[0,1,6]; c2:bw=61,experts=[0,1,2,5,6,7]
   72 | 0.01000 |   0.7581 |   63.53% |   64.80% |    2:44.09
      bandwidth/experts | c8:bw=30,experts=[0,6,7]; c1:bw=39,experts=[0,1,2]; c5:bw=43,experts=[0,1,5,6]; c7:bw=48,experts=[0,1,5,6]; c6:bw=19,experts=[0]; c0:bw=52,experts=[0,1,3,4,6]; c3:bw=23,experts=[0,3]; c2:bw=23,experts=[0,4]; c9:bw=38,experts=[0,1,5]; c4:bw=39,experts=[0,1,6]
   73 | 0.01000 |   0.7615 |   64.15% |   64.80% |    2:45.23
      bandwidth/experts | c2:bw=47,experts=[0,1,5,6]; c8:bw=11,experts=[3]; c3:bw=40,experts=[0,1,5,6]; c1:bw=66,experts=[0,1,4,5,6,7]; c5:bw=17,experts=[0]; c9:bw=52,experts=[0,1,5,6,7]; c0:bw=28,experts=[0,5]; c7:bw=37,experts=[0,1,6]; c6:bw=20,experts=[0,1]; c4:bw=41,experts=[0,1,5,6]
   74 | 0.01000 |   0.7915 |   63.15% |   64.80% |    2:44.65
      bandwidth/experts | c3:bw=10,experts=[4]; c0:bw=40,experts=[0,2,3,6]; c1:bw=28,experts=[0,1]; c5:bw=50,experts=[0,1,4,5,6]; c7:bw=65,experts=[0,1,3,5,6,7]; c8:bw=28,experts=[0,4]; c6:bw=10,experts=[4]; c2:bw=10,experts=[3]; c4:bw=47,experts=[0,1,5,6]; c9:bw=32,experts=[0,1,6]
   75 | 0.01000 |   0.7547 |   62.96% |   64.80% |    2:46.10
      bandwidth/experts | c2:bw=40,experts=[0,1,5,6]; c9:bw=61,experts=[0,1,4,5,6,7]; c1:bw=54,experts=[0,1,5,6,7]; c3:bw=20,experts=[0,3]; c7:bw=28,experts=[0,1]; c6:bw=56,experts=[0,1,3,5,6]; c5:bw=31,experts=[0,1,6]; c4:bw=56,experts=[0,1,5,6,7]; c0:bw=60,experts=[0,1,3,4,6,7]; c8:bw=53,experts=[0,1,5,6,7]
   76 | 0.01000 |   0.7543 |   63.43% |   64.80% |    2:47.83
      bandwidth/experts | c8:bw=29,experts=[0,1]; c5:bw=37,experts=[0,1,6]; c0:bw=31,experts=[0,3,6]; c3:bw=15,experts=[0]; c2:bw=25,experts=[0,1]; c6:bw=23,experts=[0,1]; c7:bw=66,experts=[0,1,2,4,5,6]; c4:bw=60,experts=[0,1,3,4,5,6]; c9:bw=57,experts=[0,1,5,6,7]; c1:bw=53,experts=[0,1,4,5,6]
   77 | 0.01000 |   0.7522 |   63.20% |   64.80% |    2:44.75
      bandwidth/experts | c9:bw=29,experts=[0,2]; c2:bw=34,experts=[0,1,6]; c1:bw=62,experts=[0,1,3,5,6,7]; c8:bw=10,experts=[2]; c4:bw=10,experts=[2]; c7:bw=10,experts=[0]; c6:bw=57,experts=[0,1,5,6,7]; c0:bw=63,experts=[0,1,3,4,5,6]; c3:bw=40,experts=[0,1,5,6]; c5:bw=59,experts=[0,1,5,6,7]
   78 | 0.01000 |   0.7479 |   64.51% |   64.80% |    2:44.68
      bandwidth/experts | c0:bw=26,experts=[0,3]; c4:bw=23,experts=[0,1]; c3:bw=38,experts=[0,1,2]; c7:bw=36,experts=[0,1,6]; c8:bw=54,experts=[0,1,3,5,6]; c1:bw=41,experts=[0,1,5,6]; c9:bw=31,experts=[0,1,3]; c6:bw=57,experts=[0,1,2,5,6]; c5:bw=63,experts=[0,1,2,5,6,7]; c2:bw=34,experts=[0,1,6]
   79 | 0.01000 |   0.7467 |   63.96% |   64.80% |    2:44.15
      bandwidth/experts | c6:bw=21,experts=[0,1]; c9:bw=10,experts=[0]; c0:bw=36,experts=[0,3,6]; c4:bw=80,experts=[0,1,2,3,4,5,6,7]; c7:bw=46,experts=[0,1,5,6]; c8:bw=44,experts=[0,1,5,6]; c5:bw=53,experts=[0,1,3,5,6]; c3:bw=26,experts=[0,7]; c1:bw=37,experts=[0,1,6]; c2:bw=33,experts=[0,2,7]
   80 | 0.01000 |   0.7395 |   65.25% |   65.25% |    2:45.27
      bandwidth/experts | c5:bw=65,experts=[0,1,4,5,6,7]; c9:bw=53,experts=[0,1,5,6,7]; c7:bw=48,experts=[0,1,5,6]; c1:bw=31,experts=[0,1,2]; c3:bw=31,experts=[0,1,6]; c4:bw=57,experts=[0,1,5,6,7]; c2:bw=44,experts=[0,1,4,6]; c0:bw=47,experts=[0,1,3,6]; c6:bw=39,experts=[0,1,6]; c8:bw=51,experts=[0,1,5,6,7]
   81 | 0.01000 |   0.7408 |   65.78% |   65.78% |    2:47.06
      bandwidth/experts | c6:bw=51,experts=[0,1,5,6,7]; c2:bw=45,experts=[0,1,5,6]; c3:bw=67,experts=[0,1,3,4,5,6]; c1:bw=49,experts=[0,1,5,6]; c4:bw=42,experts=[0,1,5,6]; c5:bw=30,experts=[0,1,6]; c9:bw=26,experts=[0,1]; c7:bw=58,experts=[0,1,5,6,7]; c8:bw=48,experts=[0,1,5,6]; c0:bw=50,experts=[0,1,3,5,6]
   82 | 0.01000 |   0.7380 |   64.99% |   65.78% |    2:50.10
      bandwidth/experts | c1:bw=64,experts=[0,1,4,5,6,7]; c0:bw=30,experts=[0,1,2]; c6:bw=36,experts=[0,1,4]; c8:bw=58,experts=[0,1,4,5,6]; c7:bw=40,experts=[0,1,3,6]; c3:bw=39,experts=[0,1,3]; c2:bw=30,experts=[0,3,6]; c9:bw=56,experts=[0,1,5,6,7]; c5:bw=40,experts=[0,1,5,6]; c4:bw=30,experts=[0,1,6]
   83 | 0.01000 |   0.7589 |   64.95% |   65.78% |    2:44.90
      bandwidth/experts | c9:bw=51,experts=[0,1,4,5,6]; c4:bw=10,experts=[0]; c2:bw=41,experts=[0,1,5,6]; c7:bw=37,experts=[0,1,6]; c5:bw=10,experts=[0]; c0:bw=10,experts=[7]; c6:bw=53,experts=[0,1,3,5,6]; c1:bw=63,experts=[0,1,4,5,6,7]; c8:bw=39,experts=[0,1,6]; c3:bw=42,experts=[0,1,5,6]
   84 | 0.01000 |   0.7366 |   66.19% |   66.19% |    2:42.16
      bandwidth/experts | c8:bw=67,experts=[0,1,4,5,6,7]; c3:bw=32,experts=[0,1,3]; c1:bw=58,experts=[0,1,5,6,7]; c6:bw=10,experts=[0]; c9:bw=20,experts=[0,1]; c2:bw=36,experts=[0,1,6]; c7:bw=47,experts=[0,1,2,4]; c5:bw=20,experts=[0,1]; c4:bw=27,experts=[0,1]; c0:bw=10,experts=[0]
   85 | 0.01000 |   0.7343 |   65.42% |   66.19% |    2:45.81
      bandwidth/experts | c0:bw=38,experts=[0,3,4]; c2:bw=45,experts=[0,1,5,6]; c8:bw=70,experts=[0,1,2,3,4,5,6]; c6:bw=42,experts=[0,1,5,6]; c1:bw=57,experts=[0,1,3,5,6]; c4:bw=42,experts=[0,1,5,6]; c9:bw=58,experts=[0,1,2,5,6]; c3:bw=51,experts=[0,1,3,4,6]; c5:bw=12,experts=[0]; c7:bw=11,experts=[0]
   86 | 0.01000 |   0.7339 |   65.98% |   66.19% |    2:45.90
      bandwidth/experts | c5:bw=47,experts=[0,1,2,5]; c8:bw=28,experts=[0,1]; c2:bw=24,experts=[0,1]; c6:bw=55,experts=[0,1,2,5,6]; c0:bw=30,experts=[0,3,6]; c4:bw=18,experts=[0]; c7:bw=44,experts=[0,1,5,6]; c3:bw=28,experts=[0,2]; c1:bw=72,experts=[0,1,3,4,5,6,7]; c9:bw=43,experts=[0,1,3,5]
   87 | 0.01000 |   0.7342 |   64.45% |   66.19% |    2:42.52
      bandwidth/experts | c1:bw=29,experts=[0,1]; c2:bw=67,experts=[0,1,2,5,6,7]; c7:bw=22,experts=[0,1]; c5:bw=10,experts=[3]; c6:bw=60,experts=[0,1,2,5,6,7]; c3:bw=68,experts=[0,1,3,4,6,7]; c4:bw=34,experts=[2,3,4]; c9:bw=37,experts=[0,1,6]; c8:bw=46,experts=[0,1,5,6]; c0:bw=35,experts=[0,3,6]
   88 | 0.01000 |   0.7335 |   66.29% |   66.29% |    2:45.31
      bandwidth/experts | c8:bw=43,experts=[0,1,5,6]; c6:bw=27,experts=[0,1]; c3:bw=33,experts=[0,3,6]; c7:bw=41,experts=[0,1,5,6]; c0:bw=62,experts=[0,1,3,4,5,6]; c4:bw=38,experts=[0,1,7]; c9:bw=31,experts=[0,1,6]; c1:bw=28,experts=[0,2]; c5:bw=30,experts=[0,4,7]; c2:bw=46,experts=[0,1,4,6]
   89 | 0.01000 |   0.7295 |   64.96% |   66.29% |    2:44.35
      bandwidth/experts | c3:bw=31,experts=[0,3,6]; c8:bw=74,experts=[0,1,3,4,5,6,7]; c2:bw=44,experts=[0,1,5,6]; c9:bw=60,experts=[0,1,4,5,6,7]; c7:bw=21,experts=[0,7]; c5:bw=46,experts=[0,1,5,6]; c0:bw=13,experts=[0]; c6:bw=32,experts=[0,1,6]; c4:bw=30,experts=[0,1,6]; c1:bw=41,experts=[0,1,5,6]
   90 | 0.01000 |   0.7278 |   64.96% |   66.29% |    2:41.42
      bandwidth/experts | c7:bw=72,experts=[0,1,3,4,5,6,7]; c1:bw=31,experts=[0,1,6]; c3:bw=36,experts=[0,3,6]; c9:bw=63,experts=[0,1,4,5,6,7]; c0:bw=64,experts=[0,1,2,3,5,6]; c6:bw=26,experts=[0,4]; c2:bw=21,experts=[0,3]; c5:bw=27,experts=[0,1]; c8:bw=50,experts=[0,1,3,5,6]; c4:bw=35,experts=[0,1,6]
   91 | 0.01000 |   0.7240 |   64.96% |   66.29% |    2:46.12
      bandwidth/experts | c1:bw=50,experts=[0,1,3,5,6]; c9:bw=35,experts=[0,1,6]; c5:bw=52,experts=[0,1,5,6,7]; c7:bw=51,experts=[0,1,4,5,6]; c3:bw=40,experts=[0,1,3,5]; c4:bw=54,experts=[0,1,4,5,6]; c0:bw=22,experts=[0,7]; c6:bw=29,experts=[0,3]; c2:bw=11,experts=[0]; c8:bw=23,experts=[0,6]
   92 | 0.01000 |   0.7222 |   65.15% |   66.29% |    2:44.83
      bandwidth/experts | c3:bw=28,experts=[0,3]; c7:bw=34,experts=[0,1,2]; c1:bw=20,experts=[0,1]; c0:bw=29,experts=[0,3]; c8:bw=19,experts=[0]; c6:bw=45,experts=[0,1,5,6]; c9:bw=56,experts=[0,1,4,5,6]; c2:bw=25,experts=[0,1]; c5:bw=66,experts=[0,1,2,4,5,6]; c4:bw=26,experts=[0,1]
   93 | 0.01000 |   0.7287 |   65.38% |   66.29% |    2:43.82
      bandwidth/experts | c1:bw=47,experts=[0,1,5,6]; c3:bw=31,experts=[0,1,3]; c7:bw=22,experts=[0,1]; c9:bw=58,experts=[0,1,2,5,6]; c6:bw=22,experts=[0,1]; c8:bw=10,experts=[2]; c5:bw=10,experts=[0]; c4:bw=32,experts=[0,1,6]; c0:bw=19,experts=[0]; c2:bw=51,experts=[0,1,5,6,7]
   94 | 0.01000 |   0.7256 |   64.92% |   66.29% |    2:44.20
      bandwidth/experts | c7:bw=45,experts=[0,1,5,6]; c2:bw=65,experts=[0,1,2,5,6,7]; c5:bw=41,experts=[0,1,5,6]; c4:bw=31,experts=[0,1,6]; c6:bw=30,experts=[0,1,6]; c9:bw=50,experts=[0,1,3,5,6]; c1:bw=70,experts=[0,1,2,4,5,6,7]; c8:bw=10,experts=[0]; c0:bw=55,experts=[0,1,3,4,6]; c3:bw=34,experts=[0,2,3]
   95 | 0.01000 |   0.7219 |   65.35% |   66.29% |    2:44.76
      bandwidth/experts | c7:bw=59,experts=[0,1,5,6,7]; c9:bw=42,experts=[0,1,5,6]; c4:bw=15,experts=[2]; c6:bw=40,experts=[0,1,2,7]; c0:bw=35,experts=[0,3,6]; c3:bw=41,experts=[0,3,4,7]; c1:bw=31,experts=[0,1,6]; c8:bw=76,experts=[0,1,3,4,5,6,7]; c2:bw=23,experts=[0,1]; c5:bw=10,experts=[3]
   96 | 0.01000 |   0.7222 |   66.03% |   66.29% |    2:43.10
      bandwidth/experts | c2:bw=65,experts=[0,1,4,5,6,7]; c9:bw=44,experts=[0,1,5,6]; c3:bw=46,experts=[0,1,3,6]; c1:bw=36,experts=[0,1,6]; c5:bw=60,experts=[0,1,4,5,6,7]; c4:bw=49,experts=[0,1,3,7]; c6:bw=31,experts=[0,1,6]; c7:bw=50,experts=[0,1,5,6,7]; c0:bw=36,experts=[0,3,6]; c8:bw=64,experts=[0,1,3,5,6,7]
   97 | 0.01000 |   0.7170 |   65.90% |   66.29% |    2:44.95
      bandwidth/experts | c0:bw=41,experts=[0,1,3,6]; c9:bw=43,experts=[0,1,5,6]; c8:bw=43,experts=[0,1,3,6]; c4:bw=16,experts=[0]; c7:bw=30,experts=[0,1,6]; c1:bw=50,experts=[0,1,5,6,7]; c3:bw=35,experts=[0,3,6]; c5:bw=46,experts=[0,1,5,6]; c6:bw=50,experts=[0,1,2,5,6]; c2:bw=54,experts=[0,1,5,6,7]
   98 | 0.01000 |   0.7166 |   66.45% |   66.45% |    2:47.42
      bandwidth/experts | c4:bw=52,experts=[0,1,5,6,7]; c8:bw=54,experts=[0,1,3,5,6]; c9:bw=27,experts=[0,7]; c7:bw=24,experts=[0,3]; c6:bw=36,experts=[0,1,4]; c5:bw=49,experts=[0,1,5,6]; c0:bw=33,experts=[0,2,5]; c3:bw=25,experts=[0,3]; c1:bw=26,experts=[0,1]; c2:bw=24,experts=[0,3]
   99 | 0.01000 |   0.7161 |   66.03% |   66.45% |    2:47.34
      bandwidth/experts | c8:bw=34,experts=[0,1,6]; c5:bw=49,experts=[0,1,5,6]; c7:bw=45,experts=[0,1,4,6]; c1:bw=59,experts=[0,1,3,5,6]; c3:bw=38,experts=[0,3,5]; c9:bw=20,experts=[0,1]; c4:bw=24,experts=[0,4]; c0:bw=40,experts=[0,3,6,7]; c2:bw=31,experts=[0,1,6]; c6:bw=35,experts=[0,1,3]
  100 | 0.01000 |   0.7277 |   66.14% |   66.45% |    2:45.67
      bandwidth/experts | c2:bw=30,experts=[0,1,6]; c8:bw=44,experts=[0,1,5,6]; c9:bw=53,experts=[0,1,4,5,6]; c5:bw=18,experts=[2]; c6:bw=44,experts=[0,1,5,6]; c1:bw=17,experts=[0]; c4:bw=65,experts=[0,1,4,5,6,7]; c7:bw=10,experts=[2]; c3:bw=42,experts=[0,1,3,6]; c0:bw=64,experts=[0,3,4,5,6,7]

Done. Best Acc: 66.45% @ round 98
Total time: 4:38:11.83
[Export] 实验目录: /userhome/cs3/duanty/FedMoE/results/exp02-cinic-vgg11-e8-fedadam/20260923-030142
[Export] 每轮明细: /userhome/cs3/duanty/FedMoE/results/exp02-cinic-vgg11-e8-fedadam/20260923-030142/rounds.xlsx
[Export] 总体摘要: /userhome/cs3/duanty/FedMoE/results/exp02-cinic-vgg11-e8-fedadam/20260923-030142/summary.xlsx
[Plot] result = /userhome/cs3/duanty/FedMoE/results/exp02-cinic-vgg11-e8-fedadam/20260923-030142
[Plot] figures -> /userhome/cs3/duanty/FedMoE/results/exp02-cinic-vgg11-e8-fedadam/20260923-030142/figure
  fig01_test_accuracy.pdf
  fig02_train_loss.pdf
  fig03_acc_and_loss.pdf
  fig04_bandwidth_and_k.pdf
  fig05_expert_round_heatmap.pdf
  fig06_client_expert_heatmap.pdf
  fig07_expert_frequency.pdf
  fig08_time_breakdown.pdf
  fig09_accuracy_vs_communication.pdf
  fig10_overview.pdf
[Export] 图片目录: /userhome/cs3/duanty/FedMoE/results/exp02-cinic-vgg11-e8-fedadam/20260923-030142/figure
