========================================
Job    : exp09-c100-vgg11-e32-k12-posthoc
Host   : gpu-4090-a01
Date   : Fri Sep 25 04:36:26 HKT 2026
GPU    : 0
Python : /userhome/cs3/duanty/miniconda3/envs/moe/bin/python
Command: python -u main.py --method ours --dataset cifar100 --backbone vgg11 --select posthoc --merge ours --device cuda --num_experts 32 --bw_min 10 --bw_max 20 --output_dir ./results/exp09-c100-vgg11-e32-k12-posthoc
========================================

==================================================================
 Ours  
  Dataset=cifar100 | beta=0.1 | Backbone=vgg11 | width_mult=1 | Clients=10 | Experts=32
  Select=posthoc | Merge=ours
  Rounds=100 | LR=0.01
  Bandwidth: expert_bw=10 | bw=[10, 20] | Rayleigh-Shannon, SNR=10 dB | k=floor(bw/10)
==================================================================


[Partition] Dirichlet beta=0.1, 10 clients
  Client 0:   4573 samples | 45/100 classes
  Client 1:   4218 samples | 54/100 classes
  Client 2:   3656 samples | 48/100 classes
  Client 3:   5018 samples | 43/100 classes
  Client 4:   6664 samples | 52/100 classes
  Client 5:   6137 samples | 45/100 classes
  Client 6:   6582 samples | 49/100 classes
  Client 7:   4512 samples | 39/100 classes
  Client 8:   5219 samples | 46/100 classes
  Client 9:   3421 samples | 100/100 classes

[Upload] expert_bw=10 | available bw=[10, 20] | Rayleigh-Shannon, SNR=10 dB | upload k=floor(bw/10), cap=32 | train all experts, then upload top-k by gate scores

[Model] Total params: 19,286,208

[Export] 本次实验目录: /userhome/cs3/duanty/FedMoE/results/exp09-c100-vgg11-e32-k12-posthoc/20260925-043635

Round |      LR |  AvgLoss |  TestAcc |     Best |  RoundTime
--------------------------------------------------------------------------------
    1 | 0.00208 |   3.6344 |    2.23% |    2.23% |    0:56.48
      bandwidth/experts | c8:bw=18,experts=[10]; c1:bw=10,experts=[17]; c5:bw=15,experts=[17]; c0:bw=10,experts=[20]; c7:bw=10,experts=[11]; c2:bw=10,experts=[15]; c9:bw=15,experts=[0]; c4:bw=13,experts=[15]; c3:bw=17,experts=[20]; c6:bw=14,experts=[20]
    2 | 0.00406 |   3.1906 |    4.05% |    4.05% |    0:53.69
      bandwidth/experts | c0:bw=12,experts=[20]; c1:bw=14,experts=[17]; c8:bw=16,experts=[10]; c5:bw=20,experts=[11,17]; c3:bw=20,experts=[0,20]; c4:bw=10,experts=[15]; c7:bw=18,experts=[11]; c9:bw=15,experts=[20]; c6:bw=10,experts=[20]; c2:bw=10,experts=[15]
    3 | 0.00604 |   3.0682 |    8.02% |    8.02% |    0:53.03
      bandwidth/experts | c9:bw=16,experts=[20]; c2:bw=14,experts=[20]; c0:bw=17,experts=[20]; c6:bw=13,experts=[20]; c8:bw=10,experts=[10]; c5:bw=10,experts=[17]; c3:bw=10,experts=[20]; c7:bw=11,experts=[11]; c1:bw=10,experts=[17]; c4:bw=17,experts=[15]
    4 | 0.00802 |   2.9878 |    9.06% |    9.06% |    0:53.56
      bandwidth/experts | c1:bw=13,experts=[17]; c7:bw=15,experts=[11]; c6:bw=18,experts=[20]; c2:bw=20,experts=[10,20]; c8:bw=10,experts=[10]; c0:bw=20,experts=[17,20]; c3:bw=11,experts=[20]; c4:bw=19,experts=[15]; c5:bw=20,experts=[11,17]; c9:bw=10,experts=[20]
    5 | 0.01000 |   2.9085 |   12.10% |   12.10% |    0:53.65
      bandwidth/experts | c1:bw=10,experts=[17]; c5:bw=13,experts=[17]; c4:bw=16,experts=[20]; c8:bw=12,experts=[10]; c0:bw=17,experts=[20]; c7:bw=10,experts=[20]; c6:bw=18,experts=[20]; c3:bw=20,experts=[15,20]; c2:bw=10,experts=[20]; c9:bw=20,experts=[15,20]
    6 | 0.01000 |   2.8300 |   16.29% |   16.29% |    0:56.63
      bandwidth/experts | c8:bw=20,experts=[10,17]; c2:bw=14,experts=[20]; c5:bw=10,experts=[17]; c7:bw=19,experts=[20]; c3:bw=12,experts=[20]; c1:bw=11,experts=[20]; c9:bw=16,experts=[20]; c0:bw=10,experts=[20]; c4:bw=10,experts=[20]; c6:bw=10,experts=[20]
    7 | 0.01000 |   2.7192 |   19.50% |   19.50% |    0:57.40
      bandwidth/experts | c0:bw=12,experts=[20]; c5:bw=16,experts=[17]; c2:bw=13,experts=[20]; c6:bw=10,experts=[20]; c3:bw=10,experts=[20]; c7:bw=10,experts=[20]; c4:bw=10,experts=[20]; c1:bw=10,experts=[20]; c8:bw=19,experts=[10]; c9:bw=10,experts=[20]
    8 | 0.01000 |   2.6448 |   22.07% |   22.07% |    0:57.06
      bandwidth/experts | c4:bw=10,experts=[20]; c8:bw=12,experts=[20]; c1:bw=19,experts=[20]; c3:bw=12,experts=[20]; c0:bw=11,experts=[20]; c5:bw=10,experts=[17]; c2:bw=18,experts=[20]; c9:bw=20,experts=[17,20]; c7:bw=10,experts=[20]; c6:bw=14,experts=[20]
    9 | 0.01000 |   2.5738 |   24.01% |   24.01% |    0:57.50
      bandwidth/experts | c2:bw=10,experts=[20]; c0:bw=17,experts=[20]; c4:bw=20,experts=[10,20]; c9:bw=10,experts=[20]; c8:bw=10,experts=[20]; c6:bw=10,experts=[20]; c7:bw=15,experts=[20]; c5:bw=17,experts=[17]; c1:bw=10,experts=[20]; c3:bw=10,experts=[20]
   10 | 0.01000 |   2.5155 |   25.40% |   25.40% |    0:57.29
      bandwidth/experts | c4:bw=12,experts=[20]; c2:bw=11,experts=[20]; c7:bw=12,experts=[20]; c0:bw=20,experts=[17,20]; c6:bw=20,experts=[17,20]; c3:bw=15,experts=[20]; c5:bw=19,experts=[17]; c8:bw=12,experts=[20]; c9:bw=12,experts=[20]; c1:bw=14,experts=[20]
   11 | 0.01000 |   2.4618 |   27.82% |   27.82% |    0:57.28
      bandwidth/experts | c5:bw=10,experts=[17]; c2:bw=10,experts=[20]; c7:bw=15,experts=[20]; c3:bw=17,experts=[20]; c0:bw=10,experts=[20]; c8:bw=13,experts=[20]; c9:bw=11,experts=[20]; c6:bw=18,experts=[20]; c1:bw=13,experts=[20]; c4:bw=10,experts=[20]
   12 | 0.01000 |   2.4342 |   31.18% |   31.18% |    0:57.87
      bandwidth/experts | c1:bw=14,experts=[20]; c5:bw=19,experts=[20]; c2:bw=19,experts=[20]; c4:bw=10,experts=[20]; c3:bw=12,experts=[20]; c7:bw=10,experts=[20]; c9:bw=14,experts=[20]; c6:bw=10,experts=[20]; c8:bw=18,experts=[20]; c0:bw=16,experts=[20]
   13 | 0.01000 |   2.3762 |   31.72% |   31.72% |    0:58.15
      bandwidth/experts | c3:bw=10,experts=[20]; c1:bw=16,experts=[20]; c4:bw=10,experts=[20]; c5:bw=10,experts=[17]; c8:bw=10,experts=[20]; c6:bw=12,experts=[20]; c9:bw=10,experts=[20]; c7:bw=19,experts=[20]; c0:bw=10,experts=[20]; c2:bw=10,experts=[20]
   14 | 0.01000 |   2.3422 |   33.86% |   33.86% |    0:57.73
      bandwidth/experts | c2:bw=15,experts=[20]; c4:bw=10,experts=[20]; c5:bw=20,experts=[10,17]; c1:bw=13,experts=[20]; c7:bw=10,experts=[20]; c0:bw=10,experts=[20]; c9:bw=11,experts=[20]; c3:bw=15,experts=[20]; c8:bw=10,experts=[20]; c6:bw=20,experts=[17,20]
   15 | 0.01000 |   2.3052 |   33.46% |   33.86% |    0:57.73
      bandwidth/experts | c7:bw=20,experts=[17,20]; c0:bw=10,experts=[20]; c1:bw=10,experts=[20]; c8:bw=17,experts=[20]; c3:bw=10,experts=[20]; c2:bw=18,experts=[20]; c4:bw=16,experts=[20]; c5:bw=10,experts=[17]; c9:bw=10,experts=[20]; c6:bw=11,experts=[20]
   16 | 0.01000 |   2.2697 |   35.88% |   35.88% |    0:57.16
      bandwidth/experts | c6:bw=13,experts=[20]; c1:bw=10,experts=[20]; c3:bw=14,experts=[20]; c8:bw=16,experts=[20]; c7:bw=10,experts=[20]; c5:bw=13,experts=[17]; c4:bw=12,experts=[20]; c9:bw=10,experts=[20]; c0:bw=19,experts=[20]; c2:bw=17,experts=[20]
   17 | 0.01000 |   2.2481 |   37.03% |   37.03% |    0:57.33
      bandwidth/experts | c4:bw=19,experts=[20]; c7:bw=10,experts=[20]; c8:bw=10,experts=[20]; c3:bw=17,experts=[20]; c5:bw=10,experts=[17]; c1:bw=10,experts=[20]; c0:bw=10,experts=[20]; c2:bw=10,experts=[20]; c9:bw=12,experts=[20]; c6:bw=13,experts=[20]
   18 | 0.01000 |   2.2106 |   38.17% |   38.17% |    0:58.93
      bandwidth/experts | c1:bw=10,experts=[20]; c8:bw=10,experts=[20]; c5:bw=12,experts=[17]; c2:bw=12,experts=[20]; c9:bw=10,experts=[20]; c7:bw=18,experts=[20]; c4:bw=19,experts=[20]; c3:bw=12,experts=[20]; c0:bw=16,experts=[20]; c6:bw=10,experts=[20]
   19 | 0.01000 |   2.1757 |   38.95% |   38.95% |    0:59.56
      bandwidth/experts | c8:bw=19,experts=[20]; c0:bw=14,experts=[20]; c4:bw=17,experts=[20]; c1:bw=15,experts=[20]; c9:bw=13,experts=[20]; c5:bw=10,experts=[17]; c7:bw=10,experts=[20]; c2:bw=10,experts=[20]; c6:bw=20,experts=[17,20]; c3:bw=13,experts=[20]
   20 | 0.01000 |   2.1575 |   40.25% |   40.25% |    1:01.03
      bandwidth/experts | c0:bw=10,experts=[20]; c2:bw=14,experts=[20]; c1:bw=13,experts=[20]; c9:bw=10,experts=[20]; c7:bw=14,experts=[20]; c6:bw=20,experts=[17,20]; c3:bw=10,experts=[20]; c5:bw=10,experts=[17]; c4:bw=20,experts=[17,20]; c8:bw=17,experts=[20]
   21 | 0.01000 |   2.1289 |   40.33% |   40.33% |    1:01.44
      bandwidth/experts | c1:bw=14,experts=[20]; c2:bw=13,experts=[20]; c7:bw=10,experts=[20]; c4:bw=16,experts=[20]; c8:bw=10,experts=[20]; c5:bw=11,experts=[17]; c0:bw=20,experts=[17,20]; c3:bw=10,experts=[20]; c6:bw=10,experts=[20]; c9:bw=10,experts=[20]
   22 | 0.01000 |   2.1091 |   40.20% |   40.33% |    1:00.03
      bandwidth/experts | c7:bw=10,experts=[20]; c9:bw=11,experts=[20]; c1:bw=10,experts=[20]; c6:bw=20,experts=[17,20]; c5:bw=10,experts=[17]; c2:bw=20,experts=[17,20]; c0:bw=20,experts=[17,20]; c4:bw=12,experts=[20]; c3:bw=19,experts=[20]; c8:bw=11,experts=[20]
   23 | 0.01000 |   2.0853 |   41.87% |   41.87% |    1:00.65
      bandwidth/experts | c5:bw=17,experts=[17]; c7:bw=10,experts=[20]; c4:bw=19,experts=[20]; c6:bw=10,experts=[20]; c9:bw=17,experts=[20]; c8:bw=12,experts=[20]; c3:bw=10,experts=[20]; c1:bw=20,experts=[17,20]; c2:bw=11,experts=[20]; c0:bw=10,experts=[20]
   24 | 0.01000 |   2.0738 |   42.89% |   42.89% |    1:01.69
      bandwidth/experts | c6:bw=10,experts=[20]; c4:bw=10,experts=[20]; c7:bw=10,experts=[20]; c9:bw=17,experts=[20]; c2:bw=14,experts=[20]; c1:bw=10,experts=[20]; c5:bw=10,experts=[17]; c8:bw=10,experts=[20]; c3:bw=10,experts=[20]; c0:bw=10,experts=[20]
   25 | 0.01000 |   2.0473 |   43.68% |   43.68% |    1:04.70
      bandwidth/experts | c9:bw=13,experts=[20]; c6:bw=10,experts=[20]; c4:bw=19,experts=[20]; c3:bw=10,experts=[20]; c5:bw=20,experts=[10,17]; c1:bw=16,experts=[20]; c8:bw=18,experts=[20]; c2:bw=10,experts=[20]; c0:bw=19,experts=[20]; c7:bw=13,experts=[20]
   26 | 0.01000 |   2.0281 |   43.92% |   43.92% |    0:59.82
      bandwidth/experts | c3:bw=15,experts=[20]; c6:bw=11,experts=[20]; c9:bw=17,experts=[20]; c7:bw=10,experts=[20]; c1:bw=11,experts=[20]; c5:bw=10,experts=[17]; c2:bw=10,experts=[20]; c8:bw=18,experts=[20]; c0:bw=10,experts=[20]; c4:bw=16,experts=[20]
   27 | 0.01000 |   2.0142 |   43.89% |   43.92% |    1:00.96
      bandwidth/experts | c7:bw=17,experts=[20]; c1:bw=20,experts=[17,20]; c4:bw=10,experts=[20]; c0:bw=12,experts=[20]; c9:bw=10,experts=[20]; c2:bw=10,experts=[20]; c8:bw=18,experts=[20]; c3:bw=10,experts=[20]; c6:bw=20,experts=[17,20]; c5:bw=12,experts=[17]
   28 | 0.01000 |   1.9964 |   44.93% |   44.93% |    1:00.97
      bandwidth/experts | c6:bw=10,experts=[20]; c9:bw=16,experts=[20]; c0:bw=16,experts=[20]; c8:bw=10,experts=[20]; c2:bw=10,experts=[20]; c5:bw=11,experts=[17]; c1:bw=10,experts=[20]; c3:bw=10,experts=[20]; c4:bw=10,experts=[20]; c7:bw=10,experts=[20]
   29 | 0.01000 |   1.9901 |   46.42% |   46.42% |    0:59.99
      bandwidth/experts | c4:bw=13,experts=[20]; c0:bw=15,experts=[20]; c1:bw=11,experts=[20]; c9:bw=15,experts=[20]; c6:bw=14,experts=[20]; c8:bw=11,experts=[20]; c7:bw=10,experts=[20]; c3:bw=11,experts=[20]; c2:bw=10,experts=[20]; c5:bw=11,experts=[20]
   30 | 0.01000 |   1.9688 |   47.03% |   47.03% |    1:01.38
      bandwidth/experts | c5:bw=20,experts=[17,20]; c1:bw=12,experts=[20]; c9:bw=18,experts=[20]; c4:bw=17,experts=[20]; c0:bw=10,experts=[20]; c8:bw=14,experts=[20]; c6:bw=10,experts=[20]; c7:bw=10,experts=[20]; c3:bw=20,experts=[17,20]; c2:bw=10,experts=[20]
   31 | 0.01000 |   1.9555 |   47.08% |   47.08% |    0:59.41
      bandwidth/experts | c6:bw=10,experts=[20]; c4:bw=10,experts=[20]; c9:bw=15,experts=[20]; c1:bw=10,experts=[20]; c5:bw=20,experts=[10,17]; c8:bw=11,experts=[20]; c3:bw=10,experts=[20]; c2:bw=10,experts=[20]; c0:bw=16,experts=[20]; c7:bw=20,experts=[17,20]
   32 | 0.01000 |   1.9317 |   47.38% |   47.38% |    1:00.97
      bandwidth/experts | c8:bw=10,experts=[0]; c5:bw=12,experts=[0]; c4:bw=16,experts=[0]; c7:bw=16,experts=[0]; c0:bw=15,experts=[0]; c1:bw=10,experts=[0]; c3:bw=10,experts=[1]; c6:bw=10,experts=[0]; c2:bw=18,experts=[0]; c9:bw=10,experts=[1]
   33 | 0.01000 |   1.9156 |   48.16% |   48.16% |    1:01.92
      bandwidth/experts | c7:bw=17,experts=[1]; c1:bw=11,experts=[1]; c3:bw=20,experts=[2,3]; c6:bw=12,experts=[1]; c5:bw=10,experts=[1]; c9:bw=14,experts=[2]; c2:bw=10,experts=[1]; c8:bw=17,experts=[1]; c4:bw=15,experts=[1]; c0:bw=20,experts=[1,2]
   34 | 0.01000 |   1.9074 |   48.25% |   48.25% |    1:00.22
      bandwidth/experts | c4:bw=15,experts=[2]; c1:bw=15,experts=[2]; c6:bw=16,experts=[2]; c9:bw=20,experts=[3,4]; c8:bw=14,experts=[2]; c0:bw=10,experts=[3]; c5:bw=20,experts=[2,3]; c7:bw=11,experts=[2]; c3:bw=20,experts=[4,5]; c2:bw=18,experts=[2]
   35 | 0.01000 |   1.8948 |   48.59% |   48.59% |    1:00.61
      bandwidth/experts | c4:bw=11,experts=[3]; c0:bw=10,experts=[4]; c1:bw=10,experts=[3]; c6:bw=15,experts=[3]; c2:bw=15,experts=[3]; c8:bw=17,experts=[3]; c9:bw=10,experts=[5]; c7:bw=16,experts=[3]; c5:bw=14,experts=[4]; c3:bw=10,experts=[6]
   36 | 0.01000 |   1.8835 |   48.68% |   48.68% |    1:00.06
      bandwidth/experts | c9:bw=12,experts=[6]; c0:bw=12,experts=[5]; c3:bw=20,experts=[7,8]; c7:bw=10,experts=[4]; c6:bw=14,experts=[4]; c5:bw=16,experts=[5]; c1:bw=10,experts=[4]; c4:bw=20,experts=[4,5]; c8:bw=17,experts=[4]; c2:bw=17,experts=[4]
   37 | 0.01000 |   1.8784 |   48.98% |   48.98% |    1:01.27
      bandwidth/experts | c1:bw=10,experts=[5]; c5:bw=13,experts=[6]; c2:bw=12,experts=[5]; c6:bw=20,experts=[5,6]; c4:bw=13,experts=[6]; c7:bw=14,experts=[5]; c9:bw=13,experts=[7]; c0:bw=18,experts=[6]; c3:bw=12,experts=[9]; c8:bw=10,experts=[5]
   38 | 0.01000 |   1.8703 |   49.03% |   49.03% |    1:00.79
      bandwidth/experts | c8:bw=15,experts=[6]; c6:bw=10,experts=[7]; c4:bw=17,experts=[7]; c1:bw=10,experts=[6]; c5:bw=10,experts=[7]; c2:bw=10,experts=[6]; c3:bw=13,experts=[10]; c7:bw=17,experts=[6]; c9:bw=10,experts=[8]; c0:bw=13,experts=[7]
   39 | 0.01000 |   1.8540 |   49.39% |   49.39% |    1:00.57
      bandwidth/experts | c3:bw=10,experts=[11]; c0:bw=10,experts=[8]; c1:bw=15,experts=[7]; c7:bw=13,experts=[7]; c6:bw=10,experts=[8]; c8:bw=15,experts=[7]; c2:bw=12,experts=[7]; c4:bw=12,experts=[8]; c9:bw=10,experts=[9]; c5:bw=20,experts=[8,9]
   40 | 0.01000 |   1.8469 |   49.85% |   49.85% |    1:01.75
      bandwidth/experts | c8:bw=10,experts=[8]; c1:bw=14,experts=[8]; c5:bw=11,experts=[12]; c6:bw=15,experts=[9]; c2:bw=20,experts=[8,9]; c7:bw=20,experts=[8,9]; c3:bw=10,experts=[12]; c4:bw=10,experts=[9]; c9:bw=13,experts=[10]; c0:bw=12,experts=[9]
   41 | 0.01000 |   1.8419 |   49.85% |   49.85% |    1:00.18
      bandwidth/experts | c2:bw=18,experts=[11]; c6:bw=10,experts=[10]; c8:bw=19,experts=[9]; c1:bw=10,experts=[9]; c4:bw=17,experts=[11]; c5:bw=20,experts=[13,14]; c7:bw=20,experts=[10,12]; c3:bw=13,experts=[13]; c9:bw=18,experts=[11]; c0:bw=10,experts=[10]
   42 | 0.01000 |   1.8241 |   50.31% |   50.31% |    1:00.50
      bandwidth/experts | c5:bw=17,experts=[15]; c1:bw=16,experts=[10]; c3:bw=16,experts=[14]; c9:bw=17,experts=[12]; c6:bw=11,experts=[11]; c0:bw=10,experts=[11]; c7:bw=10,experts=[13]; c4:bw=18,experts=[12]; c8:bw=14,experts=[11]; c2:bw=13,experts=[12]
   43 | 0.01000 |   1.8200 |   50.47% |   50.47% |    1:01.37
      bandwidth/experts | c5:bw=18,experts=[16]; c1:bw=19,experts=[11]; c2:bw=17,experts=[13]; c8:bw=15,experts=[12]; c9:bw=11,experts=[13]; c7:bw=10,experts=[14]; c4:bw=11,experts=[13]; c6:bw=10,experts=[12]; c3:bw=20,experts=[16,18]; c0:bw=10,experts=[12]
   44 | 0.01000 |   1.8140 |   51.28% |   51.28% |    1:00.53
      bandwidth/experts | c0:bw=20,experts=[13,14]; c3:bw=16,experts=[19]; c4:bw=10,experts=[14]; c2:bw=12,experts=[14]; c7:bw=20,experts=[15,16]; c5:bw=10,experts=[18]; c6:bw=10,experts=[13]; c9:bw=12,experts=[14]; c8:bw=11,experts=[13]; c1:bw=15,experts=[12]
   45 | 0.01000 |   1.7995 |   51.00% |   51.28% |    1:00.25
      bandwidth/experts | c8:bw=18,experts=[14]; c0:bw=12,experts=[15]; c3:bw=20,experts=[21,22]; c4:bw=20,experts=[16,18]; c7:bw=12,experts=[18]; c2:bw=16,experts=[16]; c9:bw=10,experts=[16]; c6:bw=10,experts=[14]; c5:bw=15,experts=[19]; c1:bw=19,experts=[13]
   46 | 0.01000 |   1.7871 |   51.65% |   51.65% |    1:00.98
      bandwidth/experts | c9:bw=12,experts=[18]; c3:bw=10,experts=[23]; c6:bw=13,experts=[15]; c1:bw=14,experts=[14]; c4:bw=20,experts=[19,21]; c5:bw=14,experts=[21]; c2:bw=19,experts=[18]; c8:bw=13,experts=[15]; c0:bw=18,experts=[16]; c7:bw=10,experts=[19]
   47 | 0.01000 |   1.7806 |   51.63% |   51.65% |    1:01.11
      bandwidth/experts | c5:bw=17,experts=[22]; c6:bw=10,experts=[16]; c7:bw=18,experts=[21]; c9:bw=10,experts=[19]; c8:bw=13,experts=[16]; c3:bw=20,experts=[24,25]; c4:bw=10,experts=[22]; c0:bw=15,experts=[18]; c1:bw=10,experts=[15]; c2:bw=18,experts=[19]
   48 | 0.01000 |   1.7763 |   51.26% |   51.65% |    1:00.15
      bandwidth/experts | c1:bw=17,experts=[16]; c8:bw=17,experts=[18]; c4:bw=20,experts=[23,24]; c2:bw=19,experts=[21]; c9:bw=17,experts=[21]; c6:bw=15,experts=[18]; c5:bw=18,experts=[23]; c7:bw=20,experts=[22,23]; c0:bw=10,experts=[19]; c3:bw=10,experts=[26]
   49 | 0.01000 |   1.7708 |   52.02% |   52.02% |    1:00.26
      bandwidth/experts | c4:bw=16,experts=[25]; c3:bw=11,experts=[27]; c8:bw=10,experts=[19]; c0:bw=10,experts=[21]; c2:bw=19,experts=[22]; c5:bw=19,experts=[24]; c6:bw=10,experts=[19]; c7:bw=15,experts=[24]; c9:bw=18,experts=[22]; c1:bw=18,experts=[18]
   50 | 0.01000 |   1.7616 |   51.98% |   52.02% |    1:00.68
      bandwidth/experts | c8:bw=11,experts=[21]; c4:bw=10,experts=[26]; c7:bw=11,experts=[25]; c6:bw=20,experts=[21,22]; c2:bw=20,experts=[23,24]; c1:bw=20,experts=[19,21]; c3:bw=13,experts=[28]; c0:bw=10,experts=[22]; c9:bw=10,experts=[23]; c5:bw=10,experts=[25]
   51 | 0.01000 |   1.7546 |   52.30% |   52.30% |    1:00.09
      bandwidth/experts | c5:bw=16,experts=[26]; c0:bw=18,experts=[23]; c1:bw=10,experts=[22]; c2:bw=10,experts=[25]; c8:bw=15,experts=[22]; c6:bw=17,experts=[23]; c9:bw=10,experts=[24]; c3:bw=18,experts=[29]; c4:bw=10,experts=[27]; c7:bw=10,experts=[26]
   52 | 0.01000 |   1.7471 |   52.06% |   52.30% |    0:59.83
      bandwidth/experts | c0:bw=15,experts=[24]; c8:bw=10,experts=[23]; c5:bw=10,experts=[27]; c7:bw=11,experts=[27]; c1:bw=13,experts=[23]; c4:bw=11,experts=[28]; c9:bw=10,experts=[25]; c6:bw=17,experts=[24]; c2:bw=10,experts=[26]; c3:bw=14,experts=[30]
   53 | 0.01000 |   1.7423 |   52.15% |   52.30% |    1:00.59
      bandwidth/experts | c8:bw=10,experts=[24]; c4:bw=10,experts=[29]; c5:bw=15,experts=[28]; c1:bw=20,experts=[24,25]; c3:bw=16,experts=[31]; c9:bw=20,experts=[26,27]; c6:bw=12,experts=[25]; c7:bw=15,experts=[28]; c0:bw=13,experts=[25]; c2:bw=17,experts=[27]
   54 | 0.01000 |   1.7296 |   52.86% |   52.86% |    1:00.12
      bandwidth/experts | c2:bw=10,experts=[28]; c1:bw=18,experts=[26]; c8:bw=18,experts=[25]; c7:bw=20,experts=[29,30]; c3:bw=10,experts=[0]; c0:bw=12,experts=[26]; c6:bw=18,experts=[26]; c5:bw=10,experts=[29]; c9:bw=17,experts=[28]; c4:bw=11,experts=[30]
   55 | 0.01000 |   1.7261 |   52.94% |   52.94% |    1:00.51
      bandwidth/experts | c7:bw=18,experts=[31]; c2:bw=14,experts=[29]; c4:bw=10,experts=[31]; c3:bw=17,experts=[15]; c8:bw=10,experts=[26]; c5:bw=18,experts=[30]; c1:bw=20,experts=[27,28]; c6:bw=14,experts=[27]; c0:bw=10,experts=[27]; c9:bw=20,experts=[29,30]
   56 | 0.01000 |   1.7203 |   31.18% |   52.94% |    1:00.12
      bandwidth/experts | c9:bw=17,experts=[31]; c1:bw=19,experts=[29]; c3:bw=10,experts=[20]; c2:bw=18,experts=[30]; c5:bw=10,experts=[31]; c4:bw=10,experts=[15]; c8:bw=10,experts=[27]; c7:bw=10,experts=[11]; c6:bw=10,experts=[28]; c0:bw=20,experts=[28,29]
   57 | 0.01000 |   1.7471 |   38.51% |   52.94% |    1:00.23
      bandwidth/experts | c3:bw=20,experts=[17,20]; c8:bw=14,experts=[28]; c6:bw=16,experts=[29]; c1:bw=16,experts=[30]; c7:bw=20,experts=[17,20]; c0:bw=20,experts=[30,31]; c5:bw=15,experts=[11]; c4:bw=14,experts=[10]; c2:bw=11,experts=[31]; c9:bw=10,experts=[0]
   58 | 0.01000 |   1.7269 |   40.06% |   52.94% |    1:00.05
      bandwidth/experts | c7:bw=10,experts=[20]; c2:bw=10,experts=[15]; c9:bw=19,experts=[15]; c6:bw=18,experts=[30]; c5:bw=12,experts=[17]; c1:bw=10,experts=[31]; c8:bw=13,experts=[29]; c4:bw=13,experts=[17]; c3:bw=20,experts=[17,20]; c0:bw=16,experts=[17]
   59 | 0.01000 |   1.7191 |   49.30% |   52.94% |    1:00.70
      bandwidth/experts | c2:bw=12,experts=[10]; c8:bw=19,experts=[30]; c9:bw=10,experts=[17]; c6:bw=10,experts=[31]; c1:bw=20,experts=[17,20]; c4:bw=10,experts=[20]; c7:bw=10,experts=[20]; c5:bw=11,experts=[17]; c0:bw=17,experts=[20]; c3:bw=12,experts=[20]
   60 | 0.01000 |   1.7012 |   52.88% |   52.94% |    0:54.68
      bandwidth/experts | c0:bw=18,experts=[20]; c7:bw=16,experts=[20]; c4:bw=10,experts=[20]; c2:bw=10,experts=[17]; c5:bw=11,experts=[17]; c8:bw=10,experts=[31]; c6:bw=20,experts=[17,20]; c9:bw=10,experts=[20]; c1:bw=18,experts=[20]; c3:bw=15,experts=[20]
   61 | 0.01000 |   1.6830 |   53.37% |   53.37% |    0:55.15
      bandwidth/experts | c5:bw=16,experts=[17]; c6:bw=12,experts=[20]; c2:bw=10,experts=[20]; c9:bw=13,experts=[20]; c1:bw=11,experts=[20]; c3:bw=14,experts=[20]; c8:bw=18,experts=[17]; c4:bw=13,experts=[20]; c7:bw=14,experts=[20]; c0:bw=20,experts=[17,20]
   62 | 0.01000 |   1.6790 |   54.36% |   54.36% |    0:57.88
      bandwidth/experts | c8:bw=10,experts=[10]; c6:bw=20,experts=[17,20]; c9:bw=10,experts=[20]; c4:bw=20,experts=[17,20]; c5:bw=20,experts=[17,20]; c0:bw=10,experts=[20]; c3:bw=18,experts=[20]; c2:bw=14,experts=[20]; c1:bw=20,experts=[17,20]; c7:bw=15,experts=[20]
   63 | 0.01000 |   1.6633 |   54.47% |   54.47% |    0:57.48
      bandwidth/experts | c5:bw=10,experts=[10]; c9:bw=10,experts=[20]; c6:bw=11,experts=[20]; c3:bw=17,experts=[20]; c8:bw=11,experts=[20]; c1:bw=17,experts=[20]; c7:bw=20,experts=[17,20]; c0:bw=14,experts=[20]; c2:bw=10,experts=[20]; c4:bw=17,experts=[20]
   64 | 0.01000 |   1.6600 |   41.10% |   54.47% |    1:00.00
      bandwidth/experts | c6:bw=17,experts=[0]; c4:bw=13,experts=[0]; c5:bw=10,experts=[0]; c3:bw=13,experts=[1]; c7:bw=11,experts=[0]; c0:bw=11,experts=[0]; c8:bw=18,experts=[0]; c9:bw=20,experts=[1,20]; c2:bw=19,experts=[0]; c1:bw=10,experts=[0]
   65 | 0.01000 |   1.6623 |   35.07% |   54.47% |    1:02.92
      bandwidth/experts | c7:bw=10,experts=[1]; c5:bw=10,experts=[1]; c4:bw=19,experts=[1]; c6:bw=17,experts=[1]; c8:bw=20,experts=[1,20]; c3:bw=14,experts=[2]; c0:bw=14,experts=[1]; c2:bw=10,experts=[1]; c1:bw=19,experts=[1]; c9:bw=16,experts=[2]
   66 | 0.01000 |   1.6770 |   40.83% |   54.47% |    1:03.99
      bandwidth/experts | c2:bw=14,experts=[2]; c5:bw=10,experts=[2]; c1:bw=18,experts=[2]; c8:bw=10,experts=[2]; c9:bw=10,experts=[3]; c6:bw=10,experts=[2]; c4:bw=14,experts=[2]; c0:bw=13,experts=[2]; c3:bw=20,experts=[3,4]; c7:bw=17,experts=[2]
   67 | 0.01000 |   1.6620 |   30.39% |   54.47% |    1:03.44
      bandwidth/experts | c4:bw=17,experts=[3]; c5:bw=16,experts=[3]; c1:bw=12,experts=[3]; c3:bw=10,experts=[5]; c6:bw=18,experts=[3]; c0:bw=11,experts=[3]; c2:bw=14,experts=[3]; c9:bw=20,experts=[4,5]; c7:bw=20,experts=[3,20]; c8:bw=10,experts=[3]
   68 | 0.01000 |   1.6815 |   32.86% |   54.47% |    1:03.77
      bandwidth/experts | c1:bw=14,experts=[4]; c8:bw=10,experts=[4]; c2:bw=19,experts=[4]; c0:bw=10,experts=[4]; c3:bw=10,experts=[6]; c4:bw=16,experts=[4]; c5:bw=15,experts=[4]; c9:bw=10,experts=[6]; c7:bw=10,experts=[4]; c6:bw=11,experts=[4]
   69 | 0.01000 |   1.6656 |   36.00% |   54.47% |    1:03.60
      bandwidth/experts | c3:bw=14,experts=[7]; c7:bw=19,experts=[5]; c1:bw=10,experts=[5]; c4:bw=14,experts=[5]; c9:bw=12,experts=[7]; c5:bw=13,experts=[5]; c0:bw=17,experts=[5]; c2:bw=20,experts=[5,20]; c8:bw=14,experts=[5]; c6:bw=10,experts=[5]
   70 | 0.01000 |   1.6608 |   38.11% |   54.47% |    1:03.51
      bandwidth/experts | c1:bw=10,experts=[6]; c9:bw=10,experts=[8]; c7:bw=10,experts=[6]; c3:bw=11,experts=[8]; c0:bw=10,experts=[6]; c6:bw=10,experts=[6]; c2:bw=18,experts=[6]; c4:bw=19,experts=[6]; c5:bw=10,experts=[6]; c8:bw=16,experts=[6]
   71 | 0.01000 |   1.6437 |   38.58% |   54.47% |    1:03.25
      bandwidth/experts | c4:bw=14,experts=[7]; c0:bw=10,experts=[7]; c1:bw=17,experts=[7]; c9:bw=13,experts=[9]; c7:bw=10,experts=[7]; c5:bw=11,experts=[7]; c3:bw=20,experts=[9,10]; c6:bw=17,experts=[7]; c8:bw=13,experts=[7]; c2:bw=20,experts=[7,20]
   72 | 0.01000 |   1.6383 |   36.92% |   54.47% |    1:03.71
      bandwidth/experts | c8:bw=10,experts=[8]; c1:bw=13,experts=[8]; c5:bw=14,experts=[8]; c7:bw=16,experts=[8]; c6:bw=10,experts=[8]; c0:bw=17,experts=[8]; c3:bw=10,experts=[11]; c2:bw=10,experts=[8]; c9:bw=13,experts=[10]; c4:bw=13,experts=[8]
   73 | 0.01000 |   1.6409 |   41.75% |   54.47% |    1:03.79
      bandwidth/experts | c2:bw=16,experts=[9]; c8:bw=10,experts=[9]; c3:bw=13,experts=[12]; c1:bw=20,experts=[9,20]; c5:bw=10,experts=[9]; c9:bw=17,experts=[11]; c0:bw=10,experts=[9]; c7:bw=12,experts=[9]; c6:bw=10,experts=[9]; c4:bw=14,experts=[9]
   74 | 0.01000 |   1.6325 |   43.34% |   54.47% |    1:03.10
      bandwidth/experts | c3:bw=10,experts=[13]; c0:bw=13,experts=[10]; c1:bw=10,experts=[10]; c5:bw=17,experts=[12]; c7:bw=20,experts=[10,12]; c8:bw=10,experts=[11]; c6:bw=10,experts=[10]; c2:bw=10,experts=[11]; c4:bw=16,experts=[11]; c9:bw=11,experts=[12]
   75 | 0.01000 |   1.6293 |   43.02% |   54.47% |    1:02.63
      bandwidth/experts | c2:bw=13,experts=[12]; c9:bw=20,experts=[13,20]; c1:bw=18,experts=[11]; c3:bw=10,experts=[14]; c7:bw=10,experts=[13]; c6:bw=19,experts=[11]; c5:bw=10,experts=[13]; c4:bw=19,experts=[12]; c0:bw=20,experts=[11,12]; c8:bw=18,experts=[12]
   76 | 0.01000 |   1.6127 |   43.37% |   54.47% |    1:02.91
      bandwidth/experts | c8:bw=10,experts=[13]; c5:bw=12,experts=[14]; c0:bw=10,experts=[13]; c3:bw=10,experts=[16]; c2:bw=10,experts=[13]; c6:bw=10,experts=[12]; c7:bw=20,experts=[14,15]; c4:bw=20,experts=[13,14]; c9:bw=19,experts=[14]; c1:bw=18,experts=[12]
   77 | 0.01000 |   1.5958 |   42.82% |   54.47% |    1:03.56
      bandwidth/experts | c9:bw=10,experts=[16]; c2:bw=11,experts=[14]; c1:bw=20,experts=[13,20]; c8:bw=10,experts=[14]; c4:bw=10,experts=[16]; c7:bw=10,experts=[16]; c6:bw=19,experts=[13]; c0:bw=20,experts=[14,15]; c3:bw=13,experts=[18]; c5:bw=20,experts=[15,16]
   78 | 0.01000 |   1.6111 |   43.60% |   54.47% |    1:03.31
      bandwidth/experts | c0:bw=10,experts=[16]; c4:bw=10,experts=[18]; c3:bw=13,experts=[19]; c7:bw=12,experts=[18]; c8:bw=18,experts=[15]; c1:bw=14,experts=[14]; c9:bw=10,experts=[18]; c6:bw=19,experts=[14]; c5:bw=20,experts=[18,19]; c2:bw=11,experts=[16]
   79 | 0.01000 |   1.5991 |   46.38% |   54.47% |    1:03.87
      bandwidth/experts | c6:bw=10,experts=[15]; c9:bw=10,experts=[19]; c0:bw=12,experts=[18]; c4:bw=20,experts=[19,21]; c7:bw=15,experts=[19]; c8:bw=15,experts=[16]; c5:bw=18,experts=[21]; c3:bw=10,experts=[21]; c1:bw=12,experts=[15]; c2:bw=11,experts=[18]
   80 | 0.01000 |   1.5949 |   46.53% |   54.47% |    1:03.31
      bandwidth/experts | c5:bw=20,experts=[22,23]; c9:bw=18,experts=[21]; c7:bw=16,experts=[21]; c1:bw=10,experts=[16]; c3:bw=10,experts=[22]; c4:bw=19,experts=[22]; c2:bw=15,experts=[19]; c0:bw=16,experts=[19]; c6:bw=13,experts=[16]; c8:bw=17,experts=[18]
   81 | 0.01000 |   1.5900 |   46.06% |   54.47% |    1:03.62
      bandwidth/experts | c6:bw=17,experts=[18]; c2:bw=15,experts=[21]; c3:bw=20,experts=[23,24]; c1:bw=16,experts=[18]; c4:bw=14,experts=[23]; c5:bw=10,experts=[24]; c9:bw=10,experts=[22]; c7:bw=19,experts=[22]; c8:bw=16,experts=[19]; c0:bw=17,experts=[21]
   82 | 0.01000 |   1.5836 |   45.90% |   54.47% |    1:03.78
      bandwidth/experts | c1:bw=20,experts=[19,21]; c0:bw=10,experts=[22]; c6:bw=12,experts=[19]; c8:bw=19,experts=[21]; c7:bw=13,experts=[23]; c3:bw=13,experts=[25]; c2:bw=10,experts=[22]; c9:bw=19,experts=[23]; c5:bw=13,experts=[25]; c4:bw=10,experts=[24]
   83 | 0.01000 |   1.5810 |   44.65% |   54.47% |    1:03.41
      bandwidth/experts | c9:bw=17,experts=[24]; c4:bw=10,experts=[25]; c2:bw=14,experts=[23]; c7:bw=12,experts=[24]; c5:bw=10,experts=[26]; c0:bw=10,experts=[23]; c6:bw=18,experts=[21]; c1:bw=20,experts=[20,22]; c8:bw=13,experts=[22]; c3:bw=14,experts=[26]
   84 | 0.01000 |   1.5803 |   37.43% |   54.47% |    1:03.54
      bandwidth/experts | c8:bw=20,experts=[20,23]; c3:bw=11,experts=[27]; c1:bw=19,experts=[23]; c6:bw=10,experts=[22]; c9:bw=10,experts=[25]; c2:bw=12,experts=[24]; c7:bw=16,experts=[25]; c5:bw=10,experts=[27]; c4:bw=10,experts=[26]; c0:bw=10,experts=[24]
   85 | 0.01000 |   1.5816 |   38.26% |   54.47% |    1:03.23
      bandwidth/experts | c0:bw=13,experts=[25]; c2:bw=15,experts=[25]; c8:bw=20,experts=[20,24]; c6:bw=14,experts=[23]; c1:bw=19,experts=[24]; c4:bw=14,experts=[27]; c9:bw=19,experts=[26]; c3:bw=17,experts=[28]; c5:bw=10,experts=[28]; c7:bw=10,experts=[26]
   86 | 0.01000 |   1.5800 |   40.46% |   54.47% |    1:03.05
      bandwidth/experts | c5:bw=16,experts=[29]; c8:bw=10,experts=[25]; c2:bw=10,experts=[26]; c6:bw=18,experts=[24]; c0:bw=10,experts=[26]; c4:bw=10,experts=[28]; c7:bw=15,experts=[27]; c3:bw=10,experts=[29]; c1:bw=20,experts=[25,26]; c9:bw=14,experts=[27]
   87 | 0.01000 |   1.5695 |   41.42% |   54.47% |    1:01.64
      bandwidth/experts | c1:bw=10,experts=[27]; c2:bw=20,experts=[27,28]; c7:bw=10,experts=[28]; c5:bw=10,experts=[30]; c6:bw=20,experts=[25,26]; c3:bw=20,experts=[30,31]; c4:bw=11,experts=[29]; c9:bw=12,experts=[28]; c8:bw=15,experts=[26]; c0:bw=12,experts=[27]
   88 | 0.01000 |   1.5656 |   41.93% |   54.47% |    1:03.71
      bandwidth/experts | c8:bw=14,experts=[27]; c6:bw=10,experts=[27]; c3:bw=11,experts=[0]; c7:bw=14,experts=[29]; c0:bw=20,experts=[28,29]; c4:bw=13,experts=[30]; c9:bw=10,experts=[29]; c1:bw=10,experts=[28]; c5:bw=10,experts=[31]; c2:bw=15,experts=[29]
   89 | 0.01000 |   1.5652 |   39.58% |   54.47% |    1:03.39
      bandwidth/experts | c3:bw=10,experts=[15]; c8:bw=20,experts=[20,28]; c2:bw=15,experts=[30]; c9:bw=20,experts=[30,31]; c7:bw=10,experts=[30]; c5:bw=15,experts=[11]; c0:bw=10,experts=[30]; c6:bw=11,experts=[28]; c4:bw=10,experts=[31]; c1:bw=14,experts=[29]
   90 | 0.01000 |   1.5615 |   39.03% |   54.47% |    1:03.23
      bandwidth/experts | c7:bw=20,experts=[11,31]; c1:bw=10,experts=[30]; c3:bw=12,experts=[17]; c9:bw=20,experts=[0,15]; c0:bw=20,experts=[20,31]; c6:bw=10,experts=[29]; c2:bw=10,experts=[31]; c5:bw=10,experts=[17]; c8:bw=17,experts=[29]; c4:bw=12,experts=[15]
   91 | 0.01000 |   1.5608 |   53.19% |   54.47% |    1:03.02
      bandwidth/experts | c1:bw=17,experts=[31]; c9:bw=12,experts=[17]; c5:bw=17,experts=[17]; c7:bw=17,experts=[20]; c3:bw=13,experts=[20]; c4:bw=18,experts=[10]; c0:bw=10,experts=[20]; c6:bw=10,experts=[30]; c2:bw=10,experts=[15]; c8:bw=10,experts=[30]
   92 | 0.01000 |   1.5291 |   57.33% |   57.33% |    1:04.01
      bandwidth/experts | c3:bw=10,experts=[20]; c7:bw=11,experts=[20]; c1:bw=10,experts=[20]; c0:bw=10,experts=[20]; c8:bw=10,experts=[31]; c6:bw=15,experts=[31]; c9:bw=19,experts=[20]; c2:bw=10,experts=[10]; c5:bw=20,experts=[10,17]; c4:bw=10,experts=[20]
   93 | 0.01000 |   1.5120 |   58.19% |   58.19% |    1:04.23
      bandwidth/experts | c1:bw=16,experts=[20]; c3:bw=10,experts=[20]; c7:bw=10,experts=[20]; c9:bw=19,experts=[20]; c6:bw=10,experts=[20]; c8:bw=10,experts=[17]; c5:bw=10,experts=[17]; c4:bw=11,experts=[20]; c0:bw=10,experts=[17]; c2:bw=17,experts=[17]
   94 | 0.01000 |   1.5028 |   57.96% |   58.19% |    1:02.93
      bandwidth/experts | c7:bw=15,experts=[20]; c2:bw=20,experts=[17,20]; c5:bw=14,experts=[20]; c4:bw=10,experts=[17]; c6:bw=10,experts=[17]; c9:bw=17,experts=[20]; c1:bw=20,experts=[17,20]; c8:bw=10,experts=[10]; c0:bw=18,experts=[20]; c3:bw=11,experts=[20]
   95 | 0.01000 |   1.4952 |   59.53% |   59.53% |    1:03.28
      bandwidth/experts | c7:bw=20,experts=[17,20]; c9:bw=14,experts=[20]; c4:bw=10,experts=[20]; c6:bw=13,experts=[20]; c0:bw=12,experts=[20]; c3:bw=14,experts=[20]; c1:bw=10,experts=[20]; c8:bw=20,experts=[17,20]; c2:bw=10,experts=[20]; c5:bw=10,experts=[17]
   96 | 0.01000 |   1.4887 |   52.68% |   59.53% |    1:04.19
      bandwidth/experts | c2:bw=20,experts=[0,20]; c9:bw=15,experts=[1]; c3:bw=15,experts=[1]; c1:bw=12,experts=[0]; c5:bw=20,experts=[0,17]; c4:bw=16,experts=[0]; c6:bw=10,experts=[0]; c7:bw=17,experts=[0]; c0:bw=12,experts=[0]; c8:bw=20,experts=[0,20]
   97 | 0.01000 |   1.4918 |   54.61% |   59.53% |    1:03.21
      bandwidth/experts | c0:bw=14,experts=[1]; c9:bw=14,experts=[2]; c8:bw=14,experts=[1]; c4:bw=10,experts=[1]; c7:bw=10,experts=[1]; c1:bw=17,experts=[1]; c3:bw=12,experts=[2]; c5:bw=15,experts=[1]; c6:bw=17,experts=[1]; c2:bw=18,experts=[1]
   98 | 0.01000 |   1.4836 |   54.99% |   59.53% |    1:01.79
      bandwidth/experts | c4:bw=17,experts=[2]; c8:bw=18,experts=[2]; c9:bw=10,experts=[3]; c7:bw=10,experts=[2]; c6:bw=12,experts=[2]; c5:bw=16,experts=[2]; c0:bw=11,experts=[2]; c3:bw=10,experts=[3]; c1:bw=10,experts=[2]; c2:bw=10,experts=[2]
   99 | 0.01000 |   1.4802 |   47.63% |   59.53% |    1:03.11
      bandwidth/experts | c8:bw=11,experts=[3]; c5:bw=16,experts=[3]; c7:bw=15,experts=[3]; c1:bw=20,experts=[3,20]; c3:bw=13,experts=[4]; c9:bw=10,experts=[4]; c4:bw=10,experts=[3]; c0:bw=13,experts=[3]; c2:bw=10,experts=[3]; c6:bw=12,experts=[3]
  100 | 0.01000 |   1.4962 |   50.74% |   59.53% |    1:05.54
      bandwidth/experts | c2:bw=10,experts=[4]; c8:bw=15,experts=[4]; c9:bw=18,experts=[5]; c5:bw=10,experts=[4]; c6:bw=15,experts=[4]; c1:bw=10,experts=[4]; c4:bw=20,experts=[4,20]; c7:bw=10,experts=[4]; c3:bw=14,experts=[5]; c0:bw=20,experts=[4,20]

Done. Best Acc: 59.53% @ round 95
Total time: 1:41:18.53
[Export] 实验目录: /userhome/cs3/duanty/FedMoE/results/exp09-c100-vgg11-e32-k12-posthoc/20260925-043635
[Export] 每轮明细: /userhome/cs3/duanty/FedMoE/results/exp09-c100-vgg11-e32-k12-posthoc/20260925-043635/rounds.xlsx
[Export] 总体摘要: /userhome/cs3/duanty/FedMoE/results/exp09-c100-vgg11-e32-k12-posthoc/20260925-043635/summary.xlsx
[Plot] result = /userhome/cs3/duanty/FedMoE/results/exp09-c100-vgg11-e32-k12-posthoc/20260925-043635
[Plot] figures -> /userhome/cs3/duanty/FedMoE/results/exp09-c100-vgg11-e32-k12-posthoc/20260925-043635/figure
  fig01_test_accuracy.pdf
  fig02_train_loss.pdf
  fig03_acc_and_loss.pdf
  fig04_bandwidth_and_k.pdf
  fig05_expert_round_heatmap.pdf
  fig06_client_expert_heatmap.pdf
  fig07_expert_frequency.pdf
  fig08_time_breakdown.pdf
  fig09_accuracy_vs_communication.pdf
  fig10_overview.pdf
[Export] 图片目录: /userhome/cs3/duanty/FedMoE/results/exp09-c100-vgg11-e32-k12-posthoc/20260925-043635/figure
