========================================
Job    : exp02-tiny-resnet-e8-random
Host   : gpu-4090-801
Date   : Tue Sep 22 05:30:21 HKT 2026
GPU    : 0
Python : /userhome/cs3/duanty/miniconda3/envs/moe/bin/python
Command: python -u main.py --method ours --dataset tinyimagenet --backbone resnet --select random --merge ours --device cuda --num_experts 8 --bw_max -1 --output_dir ./results/exp02-tiny-resnet-e8-random
========================================

==================================================================
 Ours  
  Dataset=tinyimagenet | beta=0.1 | Backbone=resnet | width_mult=1 | Clients=10 | Experts=8
  Select=random | Merge=ours
  Rounds=100 | LR=0.01
  Bandwidth: expert_bw=10 | bw=[10, 80] | Rayleigh-Shannon, SNR=10 dB | k=floor(bw/10)
==================================================================


[Partition] Dirichlet beta=0.1, 10 clients
  Client 0:   9487 samples | 88/200 classes
  Client 1:   9681 samples | 105/200 classes
  Client 2:   8617 samples | 91/200 classes
  Client 3:  10801 samples | 89/200 classes
  Client 4:  11270 samples | 101/200 classes
  Client 5:  10456 samples | 87/200 classes
  Client 6:  10658 samples | 98/200 classes
  Client 7:  11065 samples | 88/200 classes
  Client 8:  10148 samples | 95/200 classes
  Client 9:   7817 samples | 200/200 classes

[Upload] expert_bw=10 | available bw=[10, 80] | Rayleigh-Shannon, SNR=10 dB | upload k=floor(bw/10), cap=8 | random K experts from bandwidth, then train selected

[Model] Total params: 14,094,976

[Export] 本次实验目录: /userhome/cs3/duanty/FedMoE/results/exp02-tiny-resnet-e8-random/20260922-053026

Round |      LR |  AvgLoss |  TestAcc |     Best |  RoundTime
--------------------------------------------------------------------------------
    1 | 0.00208 |   4.3232 |    0.82% |    0.82% |    3:22.05
      bandwidth/experts | c8:bw=55,experts=[0,2,3,6,7]; c1:bw=29,experts=[2,6]; c5:bw=44,experts=[0,3,5,7]; c0:bw=10,experts=[7]; c7:bw=20,experts=[4,5]; c2:bw=29,experts=[2,3]; c9:bw=45,experts=[0,1,6,7]; c4:bw=40,experts=[0,5,6,7]; c3:bw=51,experts=[0,1,2,4,6]; c6:bw=41,experts=[0,4,6,7]
    2 | 0.00406 |   4.1430 |    1.21% |    1.21% |    3:02.44
      bandwidth/experts | c0:bw=36,experts=[5,6,7]; c1:bw=41,experts=[2,3,4,5]; c8:bw=48,experts=[0,2,3,4]; c5:bw=69,experts=[1,2,4,5,6,7]; c3:bw=67,experts=[0,1,2,3,5,6]; c4:bw=30,experts=[0,2,4]; c7:bw=55,experts=[0,1,2,3,7]; c9:bw=46,experts=[2,3,4,7]; c6:bw=17,experts=[3]; c2:bw=22,experts=[3,7]
    3 | 0.00604 |   3.7857 |    2.40% |    2.40% |    3:03.82
      bandwidth/experts | c9:bw=48,experts=[2,3,5,7]; c2:bw=42,experts=[0,2,4,6]; c0:bw=50,experts=[1,2,3,5,6]; c6:bw=40,experts=[0,1,2,3]; c8:bw=30,experts=[0,2,3]; c5:bw=13,experts=[6]; c3:bw=26,experts=[2,5]; c7:bw=33,experts=[1,2,5]; c1:bw=13,experts=[1]; c4:bw=52,experts=[2,4,5,6,7]
    4 | 0.00802 |   3.4832 |    5.26% |    5.26% |    3:03.56
      bandwidth/experts | c1:bw=40,experts=[1,2,4,7]; c7:bw=45,experts=[1,3,4,5]; c6:bw=53,experts=[0,3,5,6,7]; c2:bw=60,experts=[0,1,3,4,5,7]; c8:bw=31,experts=[1,3,6]; c0:bw=59,experts=[2,3,4,6,7]; c3:bw=34,experts=[0,4,5]; c4:bw=56,experts=[0,2,3,6,7]; c5:bw=73,experts=[0,1,2,3,4,5,6]; c9:bw=22,experts=[0,6]
    5 | 0.01000 |   3.3379 |    4.85% |    5.26% |    2:53.72
      bandwidth/experts | c1:bw=20,experts=[1,7]; c5:bw=40,experts=[1,4,5,6]; c4:bw=48,experts=[1,2,5,7]; c8:bw=37,experts=[1,2,6]; c0:bw=50,experts=[0,1,3,4,6]; c7:bw=24,experts=[1,6]; c6:bw=53,experts=[1,2,4,6,7]; c3:bw=63,experts=[0,1,4,5,6,7]; c2:bw=10,experts=[1]; c9:bw=62,experts=[0,1,3,5,6,7]
    6 | 0.01000 |   3.3131 |    7.80% |    7.80% |    2:50.35
      bandwidth/experts | c8:bw=67,experts=[0,1,4,5,6,7]; c2:bw=42,experts=[2,4,6,7]; c5:bw=27,experts=[3,4]; c7:bw=58,experts=[1,3,5,6,7]; c3:bw=36,experts=[4,5,7]; c1:bw=32,experts=[1,2,4]; c9:bw=48,experts=[0,3,4,5]; c0:bw=31,experts=[4,5,7]; c4:bw=17,experts=[5]; c6:bw=20,experts=[3,5]
    7 | 0.01000 |   3.4910 |    8.26% |    8.26% |    2:45.54
      bandwidth/experts | c0:bw=36,experts=[0,4,7]; c5:bw=49,experts=[0,2,4,7]; c2:bw=40,experts=[0,3,6,7]; c6:bw=13,experts=[6]; c3:bw=26,experts=[4,5]; c7:bw=31,experts=[1,2,5]; c4:bw=14,experts=[1]; c1:bw=10,experts=[0]; c8:bw=57,experts=[0,3,4,5,7]; c9:bw=10,experts=[6]
    8 | 0.01000 |   3.2741 |   11.52% |   11.52% |    2:43.52
      bandwidth/experts | c4:bw=10,experts=[7]; c8:bw=37,experts=[0,1,7]; c1:bw=58,experts=[0,2,3,6,7]; c3:bw=37,experts=[1,6,7]; c0:bw=32,experts=[4,5,6]; c5:bw=28,experts=[2,7]; c2:bw=54,experts=[2,4,5,6,7]; c9:bw=59,experts=[0,1,2,4,6]; c7:bw=15,experts=[2]; c6:bw=41,experts=[1,3,5,7]
    9 | 0.01000 |   3.1477 |   12.95% |   12.95% |    2:45.97
      bandwidth/experts | c2:bw=21,experts=[2,4]; c0:bw=52,experts=[0,3,4,5,6]; c4:bw=59,experts=[1,2,3,4,6]; c9:bw=26,experts=[4,5]; c8:bw=18,experts=[1]; c6:bw=31,experts=[2,5,7]; c7:bw=46,experts=[0,1,4,5]; c5:bw=52,experts=[2,3,4,5,6]; c1:bw=14,experts=[1]; c3:bw=23,experts=[6,7]
   10 | 0.01000 |   2.9496 |   15.94% |   15.94% |    2:51.46
      bandwidth/experts | c4:bw=37,experts=[1,3,5]; c2:bw=34,experts=[1,3,4]; c7:bw=37,experts=[1,5,6]; c0:bw=59,experts=[1,3,4,6,7]; c6:bw=65,experts=[1,2,4,5,6,7]; c3:bw=46,experts=[1,3,4,5]; c5:bw=58,experts=[0,3,5,6,7]; c8:bw=35,experts=[0,1,5]; c9:bw=35,experts=[2,4,7]; c1:bw=41,experts=[0,1,4,7]
   11 | 0.01000 |   2.9694 |    9.62% |   15.94% |    2:54.26
      bandwidth/experts | c5:bw=28,experts=[2,7]; c2:bw=27,experts=[1,4]; c7:bw=44,experts=[0,3,4,7]; c3:bw=50,experts=[0,3,4,5,7]; c0:bw=28,experts=[2,3]; c8:bw=39,experts=[2,3,5]; c9:bw=33,experts=[3,4,7]; c6:bw=55,experts=[0,1,2,3,4]; c1:bw=40,experts=[1,2,4,6]; c4:bw=16,experts=[5]
   12 | 0.01000 |   3.0834 |   16.68% |   16.68% |    2:47.79
      bandwidth/experts | c1:bw=42,experts=[0,3,5,7]; c5:bw=56,experts=[1,2,5,6,7]; c2:bw=57,experts=[0,1,2,4,5]; c4:bw=28,experts=[5,6]; c3:bw=35,experts=[4,5,7]; c7:bw=30,experts=[3,4,7]; c9:bw=42,experts=[0,1,4,5]; c6:bw=29,experts=[2,5]; c8:bw=55,experts=[0,1,4,6,7]; c0:bw=49,experts=[2,3,4,5]
   13 | 0.01000 |   2.8680 |   15.01% |   16.68% |    2:53.75
      bandwidth/experts | c3:bw=30,experts=[2,4,6]; c1:bw=47,experts=[1,2,6,7]; c4:bw=10,experts=[2]; c5:bw=29,experts=[0,4]; c8:bw=15,experts=[0]; c6:bw=36,experts=[2,4,5]; c9:bw=15,experts=[5]; c7:bw=58,experts=[0,2,3,4,6]; c0:bw=25,experts=[2,4]; c2:bw=16,experts=[3]
   14 | 0.01000 |   2.8044 |   20.46% |   20.46% |    2:45.84
      bandwidth/experts | c2:bw=45,experts=[1,3,5,6]; c4:bw=10,experts=[3]; c5:bw=64,experts=[0,3,4,5,6,7]; c1:bw=38,experts=[0,1,7]; c7:bw=25,experts=[5,7]; c0:bw=25,experts=[1,2]; c9:bw=32,experts=[0,1,7]; c3:bw=45,experts=[3,4,6,7]; c8:bw=21,experts=[1,6]; c6:bw=67,experts=[0,1,2,4,5,6]
   15 | 0.01000 |   2.8580 |   21.82% |   21.82% |    2:47.75
      bandwidth/experts | c7:bw=59,experts=[1,3,4,5,7]; c0:bw=20,experts=[0,1]; c1:bw=14,experts=[0]; c8:bw=52,experts=[1,2,3,4,5]; c3:bw=10,experts=[4]; c2:bw=53,experts=[2,3,4,5,7]; c4:bw=47,experts=[0,2,4,7]; c5:bw=18,experts=[5]; c9:bw=19,experts=[2]; c6:bw=33,experts=[0,3,5]
   16 | 0.01000 |   2.7083 |   22.74% |   22.74% |    2:52.21
      bandwidth/experts | c6:bw=40,experts=[1,4,5,7]; c1:bw=29,experts=[0,3]; c3:bw=43,experts=[0,1,5,6]; c8:bw=49,experts=[0,4,6,7]; c7:bw=22,experts=[6,7]; c5:bw=40,experts=[1,4,6,7]; c4:bw=35,experts=[1,3,5]; c9:bw=24,experts=[0,3]; c0:bw=57,experts=[1,2,5,6,7]; c2:bw=52,experts=[0,1,2,3,5]
   17 | 0.01000 |   2.7260 |   18.97% |   22.74% |    2:47.59
      bandwidth/experts | c4:bw=58,experts=[0,1,3,4,5]; c7:bw=25,experts=[4,6]; c8:bw=10,experts=[6]; c3:bw=52,experts=[1,2,3,5,6]; c5:bw=10,experts=[6]; c1:bw=29,experts=[4,7]; c0:bw=11,experts=[5]; c2:bw=19,experts=[1]; c9:bw=37,experts=[1,5,7]; c6:bw=39,experts=[3,4,7]
   18 | 0.01000 |   2.6143 |   23.22% |   23.22% |    2:54.44
      bandwidth/experts | c1:bw=10,experts=[6]; c8:bw=10,experts=[6]; c5:bw=35,experts=[3,5,7]; c2:bw=37,experts=[3,4,5]; c9:bw=19,experts=[1]; c7:bw=55,experts=[2,3,4,5,6]; c4:bw=56,experts=[0,1,3,5,7]; c3:bw=37,experts=[1,2,5]; c0:bw=49,experts=[1,2,4,5]; c6:bw=31,experts=[5,6,7]
   19 | 0.01000 |   2.8329 |   19.73% |   23.22% |    2:51.59
      bandwidth/experts | c8:bw=56,experts=[0,3,4,5,7]; c0:bw=42,experts=[2,3,4,7]; c4:bw=51,experts=[1,2,4,5,7]; c1:bw=46,experts=[0,1,5,7]; c9:bw=38,experts=[1,4,5]; c5:bw=29,experts=[3,7]; c7:bw=22,experts=[3,6]; c2:bw=14,experts=[1]; c6:bw=66,experts=[0,1,3,4,5,6]; c3:bw=40,experts=[0,4,5,7]
   20 | 0.01000 |   2.7892 |   19.58% |   23.22% |    2:52.26
      bandwidth/experts | c0:bw=28,experts=[1,7]; c2:bw=41,experts=[0,1,3,6]; c1:bw=40,experts=[0,2,5,6]; c9:bw=17,experts=[4]; c7:bw=43,experts=[0,2,5,7]; c6:bw=68,experts=[0,1,3,4,5,7]; c3:bw=18,experts=[2]; c5:bw=10,experts=[5]; c4:bw=59,experts=[0,2,3,4,7]; c8:bw=50,experts=[0,1,3,4,7]
   21 | 0.01000 |   2.8083 |   22.94% |   23.22% |    2:52.50
      bandwidth/experts | c1:bw=41,experts=[0,5,6,7]; c2:bw=39,experts=[2,4,6]; c7:bw=12,experts=[2]; c4:bw=48,experts=[1,2,4,7]; c8:bw=18,experts=[3]; c5:bw=32,experts=[1,2,4]; c0:bw=66,experts=[0,1,2,3,4,7]; c3:bw=10,experts=[5]; c6:bw=16,experts=[0]; c9:bw=25,experts=[4,5]
   22 | 0.01000 |   2.7346 |   21.54% |   23.22% |    4:41.00
      bandwidth/experts | c7:bw=16,experts=[1]; c9:bw=33,experts=[1,3,4]; c1:bw=10,experts=[1]; c6:bw=61,experts=[0,1,2,3,4,7]; c5:bw=17,experts=[0]; c2:bw=66,experts=[0,1,3,4,6,7]; c0:bw=67,experts=[0,2,3,4,6,7]; c4:bw=36,experts=[2,4,7]; c3:bw=56,experts=[1,3,4,5,7]; c8:bw=33,experts=[0,2,5]
   23 | 0.01000 |   2.6345 |   27.27% |   27.27% |    2:53.52
      bandwidth/experts | c5:bw=52,experts=[0,3,5,6,7]; c7:bw=15,experts=[1]; c4:bw=56,experts=[0,1,5,6,7]; c6:bw=10,experts=[1]; c9:bw=50,experts=[0,1,2,4,7]; c8:bw=35,experts=[1,4,7]; c3:bw=15,experts=[0]; c1:bw=62,experts=[0,2,4,5,6,7]; c2:bw=32,experts=[2,5,6]; c0:bw=11,experts=[3]
   24 | 0.01000 |   2.5722 |   24.63% |   27.27% |    2:53.21
      bandwidth/experts | c6:bw=30,experts=[0,4,6]; c4:bw=12,experts=[5]; c7:bw=10,experts=[5]; c9:bw=50,experts=[0,1,2,4,5]; c2:bw=43,experts=[0,5,6,7]; c1:bw=10,experts=[0]; c5:bw=25,experts=[1,5]; c8:bw=18,experts=[0]; c3:bw=10,experts=[5]; c0:bw=31,experts=[4,5,6]
   25 | 0.01000 |   2.5939 |   20.98% |   27.27% |    2:54.70
      bandwidth/experts | c9:bw=40,experts=[1,3,5,7]; c6:bw=16,experts=[4]; c4:bw=58,experts=[0,1,3,4,7]; c3:bw=14,experts=[0]; c5:bw=64,experts=[0,3,4,5,6,7]; c1:bw=49,experts=[0,3,4,5]; c8:bw=55,experts=[0,1,3,5,7]; c2:bw=12,experts=[6]; c0:bw=56,experts=[0,2,3,4,7]; c7:bw=40,experts=[0,4,5,7]
   26 | 0.01000 |   2.5233 |   29.42% |   29.42% |    2:55.09
      bandwidth/experts | c3:bw=44,experts=[0,1,6,7]; c6:bw=34,experts=[0,4,5]; c9:bw=50,experts=[1,2,4,6,7]; c7:bw=31,experts=[0,1,4]; c1:bw=33,experts=[1,5,6]; c5:bw=20,experts=[1,7]; c2:bw=30,experts=[3,6,7]; c8:bw=53,experts=[0,1,3,4,7]; c0:bw=11,experts=[7]; c4:bw=48,experts=[1,2,4,7]
   27 | 0.01000 |   2.4281 |   31.44% |   31.44% |    2:53.67
      bandwidth/experts | c7:bw=51,experts=[0,2,3,6,7]; c1:bw=62,experts=[1,3,4,5,6,7]; c4:bw=12,experts=[3]; c0:bw=36,experts=[0,2,5]; c9:bw=18,experts=[2]; c2:bw=20,experts=[1,4]; c8:bw=55,experts=[0,3,4,5,7]; c3:bw=21,experts=[6,7]; c6:bw=63,experts=[0,1,2,4,5,6]; c5:bw=37,experts=[0,3,4]
   28 | 0.01000 |   2.4254 |   25.59% |   31.44% |    2:54.82
      bandwidth/experts | c6:bw=29,experts=[2,4]; c9:bw=49,experts=[1,2,3,4]; c0:bw=47,experts=[0,2,4,7]; c8:bw=29,experts=[3,6]; c2:bw=10,experts=[7]; c5:bw=33,experts=[2,4,5]; c1:bw=25,experts=[4,6]; c3:bw=12,experts=[3]; c4:bw=10,experts=[2]; c7:bw=10,experts=[3]
   29 | 0.01000 |   2.4613 |   17.64% |   31.44% |    2:55.53
      bandwidth/experts | c4:bw=38,experts=[1,4,5]; c0:bw=44,experts=[1,2,3,4]; c1:bw=33,experts=[2,4,7]; c9:bw=44,experts=[1,2,3,5]; c6:bw=43,experts=[0,1,4,6]; c8:bw=34,experts=[1,3,4]; c7:bw=21,experts=[1,5]; c3:bw=32,experts=[3,5,7]; c2:bw=18,experts=[2]; c5:bw=33,experts=[0,4,5]
   30 | 0.01000 |   2.5931 |   26.08% |   31.44% |    2:53.57
      bandwidth/experts | c5:bw=62,experts=[0,1,2,5,6,7]; c1:bw=35,experts=[0,3,5]; c9:bw=54,experts=[0,3,4,5,7]; c4:bw=51,experts=[1,2,3,4,5]; c0:bw=17,experts=[4]; c8:bw=41,experts=[0,2,3,6]; c6:bw=11,experts=[7]; c7:bw=12,experts=[3]; c3:bw=59,experts=[0,2,3,5,7]; c2:bw=27,experts=[1,2]
   31 | 0.01000 |   2.4452 |   29.78% |   31.44% |    2:54.16
      bandwidth/experts | c6:bw=29,experts=[1,3]; c4:bw=19,experts=[1]; c9:bw=45,experts=[0,2,4,7]; c1:bw=30,experts=[0,1,6]; c5:bw=62,experts=[0,1,2,3,4,7]; c8:bw=33,experts=[4,5,6]; c3:bw=24,experts=[4,7]; c2:bw=15,experts=[1]; c0:bw=47,experts=[2,3,4,5]; c7:bw=63,experts=[0,1,2,4,5,6]
   32 | 0.01000 |   2.2847 |   33.95% |   33.95% |    2:56.03
      bandwidth/experts | c8:bw=21,experts=[1,3]; c5:bw=36,experts=[0,5,6]; c4:bw=49,experts=[0,2,4,7]; c7:bw=47,experts=[0,2,3,6]; c0:bw=46,experts=[0,2,5,6]; c1:bw=21,experts=[2,5]; c3:bw=28,experts=[2,3]; c6:bw=27,experts=[2,4]; c2:bw=54,experts=[0,2,5,6,7]; c9:bw=31,experts=[2,3,6]
   33 | 0.01000 |   2.1913 |   35.79% |   35.79% |    2:55.75
      bandwidth/experts | c7:bw=52,experts=[0,1,3,5,6]; c1:bw=34,experts=[2,6,7]; c3:bw=70,experts=[1,2,3,4,5,6,7]; c6:bw=37,experts=[0,1,2]; c5:bw=29,experts=[2,4]; c9:bw=42,experts=[0,2,3,6]; c2:bw=24,experts=[0,2]; c8:bw=50,experts=[0,1,4,5,6]; c4:bw=45,experts=[0,2,6,7]; c0:bw=62,experts=[0,1,3,4,5,6]
   34 | 0.01000 |   2.1810 |   36.54% |   36.54% |    2:56.40
      bandwidth/experts | c4:bw=46,experts=[0,2,5,6]; c1:bw=46,experts=[2,3,5,6]; c6:bw=48,experts=[0,1,3,5]; c9:bw=68,experts=[2,3,4,5,6,7]; c8:bw=42,experts=[0,5,6,7]; c0:bw=22,experts=[2,5]; c5:bw=60,experts=[0,1,2,3,4,7]; c7:bw=32,experts=[1,2,5]; c3:bw=72,experts=[1,2,3,4,5,6,7]; c2:bw=54,experts=[0,1,4,5,6]
   35 | 0.01000 |   2.1641 |   36.27% |   36.54% |    2:57.07
      bandwidth/experts | c4:bw=33,experts=[2,3,7]; c0:bw=20,experts=[2,5]; c1:bw=31,experts=[1,2,3]; c6:bw=44,experts=[3,5,6,7]; c2:bw=46,experts=[0,2,4,5]; c8:bw=50,experts=[0,2,4,5,6]; c9:bw=27,experts=[0,6]; c7:bw=48,experts=[0,4,6,7]; c5:bw=41,experts=[0,3,6,7]; c3:bw=24,experts=[2,5]
   36 | 0.01000 |   2.1518 |   37.16% |   37.16% |    2:55.52
      bandwidth/experts | c9:bw=37,experts=[1,3,5]; c0:bw=36,experts=[0,2,3]; c3:bw=60,experts=[1,2,3,4,6,7]; c7:bw=27,experts=[5,7]; c6:bw=43,experts=[0,5,6,7]; c5:bw=49,experts=[1,5,6,7]; c1:bw=10,experts=[0]; c4:bw=74,experts=[0,1,2,3,4,6,7]; c8:bw=51,experts=[0,2,3,5,7]; c2:bw=50,experts=[0,1,5,6,7]
   37 | 0.01000 |   2.1914 |   30.09% |   37.16% |    2:57.13
      bandwidth/experts | c1:bw=18,experts=[0]; c5:bw=39,experts=[0,1,5]; c2:bw=36,experts=[0,2,3]; c6:bw=65,experts=[0,1,3,4,5,7]; c4:bw=39,experts=[0,1,3]; c7:bw=42,experts=[0,3,6,7]; c9:bw=40,experts=[0,1,4,5]; c0:bw=54,experts=[0,2,3,5,7]; c3:bw=36,experts=[1,6,7]; c8:bw=10,experts=[0]
   38 | 0.01000 |   2.1125 |   38.53% |   38.53% |    2:56.49
      bandwidth/experts | c8:bw=46,experts=[1,2,5,6]; c6:bw=17,experts=[5]; c4:bw=52,experts=[1,2,3,6,7]; c1:bw=31,experts=[1,2,6]; c5:bw=10,experts=[6]; c2:bw=10,experts=[4]; c3:bw=38,experts=[2,5,7]; c7:bw=51,experts=[0,1,3,6,7]; c9:bw=26,experts=[0,6]; c0:bw=40,experts=[1,2,6,7]
   39 | 0.01000 |   2.0843 |   39.49% |   39.49% |    2:57.41
      bandwidth/experts | c3:bw=26,experts=[3,6]; c0:bw=10,experts=[3]; c1:bw=45,experts=[3,5,6,7]; c7:bw=40,experts=[1,2,4,5]; c6:bw=31,experts=[0,1,6]; c8:bw=45,experts=[0,1,2,4]; c2:bw=36,experts=[0,1,3]; c4:bw=36,experts=[2,3,6]; c9:bw=24,experts=[3,6]; c5:bw=75,experts=[0,2,3,4,5,6,7]
   40 | 0.01000 |   2.0757 |   37.52% |   39.49% |    2:56.49
      bandwidth/experts | c8:bw=26,experts=[0,7]; c1:bw=42,experts=[0,2,3,4]; c5:bw=32,experts=[5,6,7]; c6:bw=46,experts=[0,2,3,5]; c2:bw=65,experts=[1,2,4,5,6,7]; c7:bw=66,experts=[0,1,2,3,6,7]; c3:bw=10,experts=[7]; c4:bw=19,experts=[2]; c9:bw=40,experts=[3,5,6,7]; c0:bw=36,experts=[3,4,7]
   41 | 0.01000 |   2.1027 |   35.48% |   39.49% |    2:55.45
      bandwidth/experts | c2:bw=54,experts=[1,2,3,4,5]; c6:bw=10,experts=[3]; c8:bw=57,experts=[1,2,3,5,7]; c1:bw=10,experts=[7]; c4:bw=50,experts=[0,2,3,6,7]; c5:bw=61,experts=[0,2,3,5,6,7]; c7:bw=68,experts=[0,1,2,4,5,7]; c3:bw=40,experts=[0,1,2,3]; c9:bw=54,experts=[0,1,2,6,7]; c0:bw=10,experts=[2]
   42 | 0.01000 |   2.1120 |   36.09% |   39.49% |    2:57.12
      bandwidth/experts | c5:bw=50,experts=[1,2,3,5,7]; c1:bw=49,experts=[3,4,5,7]; c3:bw=48,experts=[0,1,3,4]; c9:bw=51,experts=[1,3,4,6,7]; c6:bw=34,experts=[3,4,7]; c0:bw=15,experts=[3]; c7:bw=20,experts=[2,4]; c4:bw=55,experts=[1,2,4,5,6]; c8:bw=42,experts=[2,3,5,7]; c2:bw=40,experts=[0,2,4,6]
   43 | 0.01000 |   2.0994 |   36.90% |   39.49% |    2:56.55
      bandwidth/experts | c5:bw=53,experts=[1,2,4,6,7]; c1:bw=58,experts=[0,1,3,5,7]; c2:bw=51,experts=[0,2,3,4,5]; c8:bw=45,experts=[0,2,4,5]; c9:bw=32,experts=[1,3,4]; c7:bw=21,experts=[2,7]; c4:bw=34,experts=[4,6,7]; c6:bw=12,experts=[6]; c3:bw=65,experts=[0,1,2,4,5,7]; c0:bw=21,experts=[3,4]
   44 | 0.01000 |   2.0800 |   36.15% |   39.49% |    2:57.36
      bandwidth/experts | c0:bw=66,experts=[0,2,3,5,6,7]; c3:bw=47,experts=[1,3,4,7]; c4:bw=29,experts=[1,5]; c2:bw=37,experts=[0,2,5]; c7:bw=75,experts=[0,1,2,3,4,6,7]; c5:bw=24,experts=[2,4]; c6:bw=20,experts=[4,6]; c9:bw=37,experts=[3,5,7]; c8:bw=34,experts=[2,4,7]; c1:bw=45,experts=[1,2,5,7]
   45 | 0.01000 |   2.0241 |   40.08% |   40.08% |    2:57.74
      bandwidth/experts | c8:bw=55,experts=[0,2,3,5,6]; c0:bw=36,experts=[3,4,6]; c3:bw=67,experts=[0,1,2,3,4,5]; c4:bw=64,experts=[0,1,3,4,5,7]; c7:bw=36,experts=[0,5,6]; c2:bw=49,experts=[1,4,6,7]; c9:bw=25,experts=[3,6]; c6:bw=10,experts=[0]; c5:bw=44,experts=[1,3,4,7]; c1:bw=56,experts=[0,1,2,3,7]
   46 | 0.01000 |   1.9827 |   41.16% |   41.16% |    2:58.82
      bandwidth/experts | c9:bw=37,experts=[2,5,6]; c3:bw=27,experts=[1,5]; c6:bw=39,experts=[2,5,6]; c1:bw=41,experts=[3,4,5,7]; c4:bw=64,experts=[0,1,3,4,5,6]; c5:bw=41,experts=[0,4,5,6]; c2:bw=57,experts=[0,1,2,5,7]; c8:bw=39,experts=[1,3,6]; c0:bw=55,experts=[1,2,5,6,7]; c7:bw=28,experts=[0,7]
   47 | 0.01000 |   1.9649 |   39.36% |   41.16% |    2:57.86
      bandwidth/experts | c5:bw=52,experts=[0,2,3,6,7]; c6:bw=22,experts=[0,1]; c7:bw=53,experts=[0,1,5,6,7]; c9:bw=17,experts=[7]; c8:bw=39,experts=[4,5,7]; c3:bw=70,experts=[0,1,2,4,5,6,7]; c4:bw=10,experts=[1]; c0:bw=46,experts=[2,4,5,7]; c1:bw=30,experts=[0,1,7]; c2:bw=54,experts=[0,1,2,6,7]
   48 | 0.01000 |   1.9853 |   40.98% |   41.16% |    2:59.56
      bandwidth/experts | c1:bw=50,experts=[1,3,4,5,7]; c8:bw=50,experts=[1,3,4,5,7]; c4:bw=67,experts=[0,1,2,5,6,7]; c2:bw=57,experts=[0,2,3,5,7]; c9:bw=52,experts=[1,4,5,6,7]; c6:bw=45,experts=[0,4,5,7]; c5:bw=55,experts=[2,3,4,6,7]; c7:bw=62,experts=[0,1,3,4,5,6]; c0:bw=16,experts=[5]; c3:bw=18,experts=[1]
   49 | 0.01000 |   1.9432 |   41.67% |   41.67% |    2:58.36
      bandwidth/experts | c4:bw=48,experts=[0,1,4,5]; c3:bw=32,experts=[0,3,5]; c8:bw=26,experts=[0,4]; c0:bw=20,experts=[1,6]; c2:bw=58,experts=[0,2,3,4,5]; c5:bw=56,experts=[2,4,5,6,7]; c6:bw=13,experts=[3]; c7:bw=44,experts=[0,5,6,7]; c9:bw=53,experts=[0,1,2,6,7]; c1:bw=54,experts=[1,2,5,6,7]
   50 | 0.01000 |   1.9430 |   36.41% |   41.67% |    2:58.24
      bandwidth/experts | c8:bw=32,experts=[3,4,5]; c4:bw=10,experts=[0]; c7:bw=34,experts=[3,4,5]; c6:bw=68,experts=[0,1,2,3,5,7]; c2:bw=63,experts=[0,1,2,3,6,7]; c1:bw=64,experts=[0,1,4,5,6,7]; c3:bw=39,experts=[0,3,4]; c0:bw=29,experts=[1,2]; c9:bw=27,experts=[4,5]; c5:bw=31,experts=[2,3,5]
   51 | 0.01000 |   1.9761 |   35.37% |   41.67% |    3:00.35
      bandwidth/experts | c5:bw=47,experts=[2,3,5,7]; c0:bw=53,experts=[0,2,3,5,7]; c1:bw=21,experts=[4,6]; c2:bw=20,experts=[5,7]; c8:bw=46,experts=[0,1,2,4]; c6:bw=52,experts=[0,1,3,4,7]; c9:bw=18,experts=[2]; c3:bw=55,experts=[1,3,5,6,7]; c4:bw=11,experts=[3]; c7:bw=27,experts=[0,3]
   52 | 0.01000 |   1.9552 |   40.59% |   41.67% |    2:58.57
      bandwidth/experts | c0:bw=46,experts=[0,1,3,5]; c8:bw=18,experts=[7]; c5:bw=24,experts=[0,7]; c7:bw=34,experts=[2,4,6]; c1:bw=40,experts=[0,1,4,7]; c4:bw=33,experts=[3,5,7]; c9:bw=31,experts=[2,4,6]; c6:bw=51,experts=[0,2,4,5,6]; c2:bw=29,experts=[2,4]; c3:bw=43,experts=[0,5,6,7]
   53 | 0.01000 |   1.9188 |   36.65% |   41.67% |    2:58.86
      bandwidth/experts | c8:bw=22,experts=[0,2]; c4:bw=28,experts=[3,6]; c5:bw=44,experts=[1,2,3,5]; c1:bw=59,experts=[1,2,3,4,7]; c3:bw=47,experts=[0,1,3,4]; c9:bw=61,experts=[1,2,4,5,6,7]; c6:bw=36,experts=[0,2,7]; c7:bw=44,experts=[1,2,4,5]; c0:bw=39,experts=[0,2,5]; c2:bw=51,experts=[0,1,2,3,4]
   54 | 0.01000 |   1.8885 |   41.24% |   41.67% |    2:57.84
      bandwidth/experts | c2:bw=10,experts=[0]; c1:bw=53,experts=[0,1,2,5,6]; c8:bw=55,experts=[0,2,4,6,7]; c7:bw=61,experts=[1,2,3,4,5,6]; c3:bw=30,experts=[1,4,5]; c0:bw=37,experts=[0,3,5]; c6:bw=54,experts=[1,2,3,5,7]; c5:bw=10,experts=[6]; c9:bw=50,experts=[2,3,4,5,7]; c4:bw=32,experts=[2,4,5]
   55 | 0.01000 |   1.8843 |   40.33% |   41.67% |    3:04.91
      bandwidth/experts | c7:bw=54,experts=[1,3,4,6,7]; c2:bw=41,experts=[1,4,5,7]; c4:bw=14,experts=[1]; c3:bw=52,experts=[0,2,3,5,7]; c8:bw=14,experts=[1]; c5:bw=53,experts=[0,1,2,3,5]; c1:bw=60,experts=[1,2,3,5,6,7]; c6:bw=42,experts=[1,3,4,7]; c0:bw=27,experts=[4,6]; c9:bw=62,experts=[0,2,3,4,5,7]
   56 | 0.01000 |   1.8299 |   43.27% |   43.27% |    3:04.78
      bandwidth/experts | c9:bw=52,experts=[1,3,4,5,6]; c1:bw=56,experts=[1,2,5,6,7]; c3:bw=10,experts=[4]; c2:bw=53,experts=[0,3,4,5,6]; c5:bw=31,experts=[3,5,6]; c4:bw=10,experts=[7]; c8:bw=13,experts=[1]; c7:bw=18,experts=[2]; c6:bw=23,experts=[3,6]; c0:bw=70,experts=[0,1,2,3,5,6,7]
   57 | 0.01000 |   1.8346 |   40.05% |   43.27% |    3:13.83
      bandwidth/experts | c3:bw=64,experts=[0,1,2,4,5,6]; c8:bw=43,experts=[1,3,5,7]; c6:bw=48,experts=[1,2,4,5]; c1:bw=49,experts=[1,2,4,5]; c7:bw=69,experts=[0,1,2,3,4,7]; c0:bw=70,experts=[0,1,2,3,5,6,7]; c5:bw=44,experts=[2,3,5,7]; c4:bw=41,experts=[0,1,3,4]; c2:bw=33,experts=[0,4,5]; c9:bw=19,experts=[6]
   58 | 0.01000 |   1.8371 |   44.05% |   44.05% |    3:11.62
      bandwidth/experts | c7:bw=24,experts=[1,7]; c2:bw=10,experts=[3]; c9:bw=57,experts=[0,1,3,4,6]; c6:bw=55,experts=[0,1,3,4,7]; c5:bw=35,experts=[2,3,6]; c1:bw=30,experts=[4,5,6]; c8:bw=40,experts=[0,2,4,7]; c4:bw=38,experts=[0,4,5]; c3:bw=61,experts=[0,2,3,4,5,6]; c0:bw=47,experts=[0,2,6,7]
   59 | 0.01000 |   1.7869 |   44.40% |   44.40% |    3:06.18
      bandwidth/experts | c2:bw=37,experts=[3,6,7]; c8:bw=56,experts=[0,1,2,4,6]; c9:bw=28,experts=[4,6]; c6:bw=19,experts=[1]; c1:bw=65,experts=[0,2,3,4,6,7]; c4:bw=26,experts=[2,6]; c7:bw=28,experts=[3,5]; c5:bw=32,experts=[0,4,7]; c0:bw=52,experts=[0,1,2,4,6]; c3:bw=35,experts=[0,3,6]
   60 | 0.01000 |   1.7855 |   41.11% |   44.40% |    3:07.28
      bandwidth/experts | c0:bw=53,experts=[0,1,2,5,7]; c7:bw=48,experts=[1,2,5,6]; c4:bw=30,experts=[3,5,7]; c2:bw=30,experts=[0,2,4]; c5:bw=33,experts=[0,5,7]; c8:bw=24,experts=[1,5]; c6:bw=59,experts=[0,4,5,6,7]; c9:bw=10,experts=[0]; c1:bw=54,experts=[2,4,5,6,7]; c3:bw=44,experts=[2,4,5,7]
   61 | 0.01000 |   1.7790 |   43.57% |   44.40% |    3:09.84
      bandwidth/experts | c5:bw=49,experts=[1,2,3,6]; c6:bw=37,experts=[3,5,6]; c2:bw=29,experts=[0,4]; c9:bw=38,experts=[0,4,7]; c1:bw=33,experts=[1,4,5]; c3:bw=43,experts=[0,1,2,7]; c8:bw=55,experts=[2,3,4,5,6]; c4:bw=38,experts=[3,4,6]; c7:bw=43,experts=[0,1,2,4]; c0:bw=60,experts=[0,1,2,3,6,7]
   62 | 0.01000 |   1.7568 |   45.20% |   45.20% |    3:09.40
      bandwidth/experts | c8:bw=13,experts=[1]; c6:bw=62,experts=[0,2,3,4,6,7]; c9:bw=16,experts=[4]; c4:bw=60,experts=[0,2,4,5,6,7]; c5:bw=67,experts=[0,3,4,5,6,7]; c0:bw=28,experts=[4,6]; c3:bw=53,experts=[0,1,5,6,7]; c2:bw=42,experts=[1,4,5,7]; c1:bw=75,experts=[0,1,2,3,5,6,7]; c7:bw=44,experts=[4,5,6,7]
   63 | 0.01000 |   1.7621 |   44.25% |   45.20% |    3:08.26
      bandwidth/experts | c5:bw=10,experts=[0]; c9:bw=21,experts=[2,4]; c6:bw=34,experts=[1,3,5]; c3:bw=52,experts=[0,1,3,6,7]; c8:bw=32,experts=[0,2,3]; c1:bw=50,experts=[0,2,3,4,6]; c7:bw=68,experts=[0,2,3,4,6,7]; c0:bw=41,experts=[1,2,3,6]; c2:bw=28,experts=[1,2]; c4:bw=52,experts=[0,1,2,4,6]
   64 | 0.01000 |   1.7101 |   44.41% |   45.20% |    3:06.47
      bandwidth/experts | c6:bw=50,experts=[0,2,4,6,7]; c4:bw=38,experts=[3,4,7]; c5:bw=24,experts=[1,2]; c3:bw=38,experts=[1,3,6]; c7:bw=34,experts=[2,3,6]; c0:bw=32,experts=[1,5,6]; c8:bw=53,experts=[2,3,4,5,6]; c9:bw=59,experts=[0,1,4,5,6]; c2:bw=56,experts=[1,2,4,6,7]; c1:bw=28,experts=[3,7]
   65 | 0.01000 |   1.7149 |   45.27% |   45.27% |    3:07.02
      bandwidth/experts | c7:bw=10,experts=[6]; c5:bw=29,experts=[4,6]; c4:bw=57,experts=[0,1,2,3,7]; c6:bw=50,experts=[0,1,4,5,6]; c8:bw=66,experts=[0,2,3,4,5,6]; c3:bw=42,experts=[3,4,5,7]; c0:bw=41,experts=[0,2,3,6]; c2:bw=28,experts=[4,7]; c1:bw=58,experts=[0,1,4,6,7]; c9:bw=47,experts=[0,1,4,5]
   66 | 0.01000 |   1.7326 |   41.77% |   45.27% |    3:07.97
      bandwidth/experts | c2:bw=41,experts=[0,2,3,5]; c5:bw=17,experts=[0]; c1:bw=54,experts=[0,1,2,3,5]; c8:bw=24,experts=[1,3]; c9:bw=31,experts=[1,3,5]; c6:bw=30,experts=[1,2,6]; c4:bw=41,experts=[0,1,2,5]; c0:bw=38,experts=[0,4,7]; c3:bw=66,experts=[0,1,2,3,4,6]; c7:bw=50,experts=[1,2,4,5,6]
   67 | 0.01000 |   1.7254 |   44.56% |   45.27% |    3:07.41
      bandwidth/experts | c4:bw=51,experts=[1,3,5,6,7]; c5:bw=48,experts=[2,3,5,6]; c1:bw=36,experts=[3,4,7]; c3:bw=25,experts=[0,6]; c6:bw=53,experts=[1,2,3,6,7]; c0:bw=32,experts=[0,1,5]; c2:bw=43,experts=[0,3,6,7]; c9:bw=60,experts=[0,1,2,3,4,7]; c7:bw=59,experts=[1,2,4,5,7]; c8:bw=10,experts=[5]
   68 | 0.01000 |   1.6909 |   45.45% |   45.45% |    3:12.08
      bandwidth/experts | c1:bw=42,experts=[3,5,6,7]; c8:bw=31,experts=[3,5,6]; c2:bw=58,experts=[0,1,3,4,5]; c0:bw=30,experts=[0,4,6]; c3:bw=26,experts=[4,7]; c4:bw=49,experts=[3,5,6,7]; c5:bw=45,experts=[1,2,5,6]; c9:bw=15,experts=[5]; c7:bw=28,experts=[0,2]; c6:bw=32,experts=[0,2,6]
   69 | 0.01000 |   1.6693 |   44.65% |   45.45% |    3:07.96
      bandwidth/experts | c3:bw=41,experts=[0,2,4,7]; c7:bw=58,experts=[0,3,4,6,7]; c1:bw=31,experts=[4,6,7]; c4:bw=41,experts=[1,3,4,7]; c9:bw=35,experts=[1,2,3]; c5:bw=39,experts=[0,4,5]; c0:bw=52,experts=[0,1,3,5,6]; c2:bw=66,experts=[0,1,2,3,6,7]; c8:bw=42,experts=[0,2,3,6]; c6:bw=26,experts=[3,7]
   70 | 0.01000 |   1.6866 |   39.26% |   45.45% |    3:03.08
      bandwidth/experts | c1:bw=24,experts=[4,5]; c9:bw=10,experts=[0]; c7:bw=28,experts=[1,7]; c3:bw=32,experts=[1,4,7]; c0:bw=30,experts=[1,4,7]; c6:bw=26,experts=[2,5]; c2:bw=55,experts=[0,1,5,6,7]; c4:bw=58,experts=[0,1,2,4,6]; c5:bw=23,experts=[0,3]; c8:bw=48,experts=[2,4,5,7]
   71 | 0.01000 |   1.6812 |   44.83% |   45.45% |    3:00.10
      bandwidth/experts | c4:bw=42,experts=[3,4,5,7]; c0:bw=16,experts=[6]; c1:bw=52,experts=[0,1,3,5,6]; c9:bw=40,experts=[1,5,6,7]; c7:bw=20,experts=[1,7]; c5:bw=33,experts=[0,3,5]; c3:bw=62,experts=[0,1,2,3,5,7]; c6:bw=50,experts=[0,2,3,4,7]; c8:bw=39,experts=[2,4,5]; c2:bw=61,experts=[0,1,3,4,6,7]
   72 | 0.01000 |   1.6493 |   45.97% |   45.97% |    3:02.26
      bandwidth/experts | c8:bw=30,experts=[2,3,5]; c1:bw=39,experts=[0,2,6]; c5:bw=43,experts=[0,2,5,7]; c7:bw=48,experts=[3,4,5,6]; c6:bw=19,experts=[2]; c0:bw=52,experts=[2,3,4,5,6]; c3:bw=23,experts=[3,6]; c2:bw=23,experts=[0,7]; c9:bw=38,experts=[3,5,6]; c4:bw=39,experts=[4,5,6]
   73 | 0.01000 |   1.6431 |   45.31% |   45.97% |    2:56.78
      bandwidth/experts | c2:bw=47,experts=[0,4,6,7]; c8:bw=11,experts=[2]; c3:bw=40,experts=[1,2,3,4]; c1:bw=66,experts=[0,2,3,4,5,7]; c5:bw=17,experts=[0]; c9:bw=52,experts=[1,2,3,5,6]; c0:bw=28,experts=[1,7]; c7:bw=37,experts=[3,5,6]; c6:bw=20,experts=[5,7]; c4:bw=41,experts=[0,1,5,6]
   74 | 0.01000 |   1.6402 |   45.10% |   45.97% |    3:02.33
      bandwidth/experts | c3:bw=10,experts=[6]; c0:bw=40,experts=[1,2,3,4]; c1:bw=28,experts=[3,4]; c5:bw=50,experts=[0,1,3,5,6]; c7:bw=65,experts=[1,2,3,5,6,7]; c8:bw=28,experts=[4,7]; c6:bw=10,experts=[2]; c2:bw=10,experts=[5]; c4:bw=47,experts=[0,2,3,7]; c9:bw=32,experts=[0,6,7]
   75 | 0.01000 |   1.5966 |   46.60% |   46.60% |    2:57.64
      bandwidth/experts | c2:bw=40,experts=[1,2,5,6]; c9:bw=61,experts=[0,2,4,5,6,7]; c1:bw=54,experts=[0,3,4,5,6]; c3:bw=20,experts=[5,6]; c7:bw=28,experts=[0,6]; c6:bw=56,experts=[0,3,4,5,7]; c5:bw=31,experts=[1,2,3]; c4:bw=56,experts=[1,2,3,4,6]; c0:bw=60,experts=[2,3,4,5,6,7]; c8:bw=53,experts=[1,4,5,6,7]
   76 | 0.01000 |   1.5983 |   46.41% |   46.60% |    3:07.06
      bandwidth/experts | c8:bw=29,experts=[1,7]; c5:bw=37,experts=[4,6,7]; c0:bw=31,experts=[1,5,6]; c3:bw=15,experts=[6]; c2:bw=25,experts=[0,7]; c6:bw=23,experts=[5,6]; c7:bw=66,experts=[0,1,2,3,5,6]; c4:bw=60,experts=[1,2,4,5,6,7]; c9:bw=57,experts=[1,2,3,5,7]; c1:bw=53,experts=[0,2,3,4,5]
   77 | 0.01000 |   1.6003 |   44.31% |   46.60% |    3:13.71
      bandwidth/experts | c9:bw=29,experts=[2,3]; c2:bw=34,experts=[3,5,6]; c1:bw=62,experts=[0,1,2,4,5,7]; c8:bw=10,experts=[2]; c4:bw=10,experts=[3]; c7:bw=10,experts=[1]; c6:bw=57,experts=[0,1,2,5,6]; c0:bw=63,experts=[0,1,2,3,6,7]; c3:bw=40,experts=[4,5,6,7]; c5:bw=59,experts=[0,1,2,4,5]
   78 | 0.01000 |   1.6027 |   44.33% |   46.60% |    3:11.13
      bandwidth/experts | c0:bw=26,experts=[0,3]; c4:bw=23,experts=[2,3]; c3:bw=38,experts=[0,5,7]; c7:bw=36,experts=[1,4,7]; c8:bw=54,experts=[0,1,2,6,7]; c1:bw=41,experts=[1,4,5,7]; c9:bw=31,experts=[2,3,7]; c6:bw=57,experts=[0,2,3,4,7]; c5:bw=63,experts=[0,1,2,4,6,7]; c2:bw=34,experts=[4,6,7]
   79 | 0.01000 |   1.5930 |   44.96% |   46.60% |    3:12.27
      bandwidth/experts | c6:bw=21,experts=[1,5]; c9:bw=10,experts=[4]; c0:bw=36,experts=[1,6,7]; c4:bw=80,experts=[0,1,2,3,4,5,6,7]; c7:bw=46,experts=[0,2,4,6]; c8:bw=44,experts=[0,4,6,7]; c5:bw=53,experts=[0,3,4,5,7]; c3:bw=26,experts=[0,4]; c1:bw=37,experts=[0,1,7]; c2:bw=33,experts=[2,3,5]
   80 | 0.01000 |   1.5694 |   46.96% |   46.96% |    3:11.61
      bandwidth/experts | c5:bw=65,experts=[0,1,3,4,6,7]; c9:bw=53,experts=[0,1,3,4,6]; c7:bw=48,experts=[0,3,4,6]; c1:bw=31,experts=[4,5,7]; c3:bw=31,experts=[4,5,6]; c4:bw=57,experts=[0,2,4,6,7]; c2:bw=44,experts=[3,4,6,7]; c0:bw=47,experts=[0,2,6,7]; c6:bw=39,experts=[1,2,4]; c8:bw=51,experts=[0,1,2,3,5]
   81 | 0.01000 |   1.5601 |   45.89% |   46.96% |    3:09.84
      bandwidth/experts | c6:bw=51,experts=[0,1,3,4,6]; c2:bw=45,experts=[2,3,4,5]; c3:bw=67,experts=[0,1,3,5,6,7]; c1:bw=49,experts=[0,2,6,7]; c4:bw=42,experts=[0,3,5,6]; c5:bw=30,experts=[3,4,7]; c9:bw=26,experts=[0,5]; c7:bw=58,experts=[1,2,4,5,7]; c8:bw=48,experts=[1,2,4,7]; c0:bw=50,experts=[0,1,2,4,5]
   82 | 0.01000 |   1.5490 |   46.46% |   46.96% |    3:11.80
      bandwidth/experts | c1:bw=64,experts=[0,2,3,5,6,7]; c0:bw=30,experts=[2,5,6]; c6:bw=36,experts=[0,4,7]; c8:bw=58,experts=[1,2,3,4,5]; c7:bw=40,experts=[1,2,5,7]; c3:bw=39,experts=[0,6,7]; c2:bw=30,experts=[3,5,7]; c9:bw=56,experts=[2,3,4,6,7]; c5:bw=40,experts=[1,3,4,6]; c4:bw=30,experts=[0,3,4]
   83 | 0.01000 |   1.5372 |   46.46% |   46.96% |    3:11.90
      bandwidth/experts | c9:bw=51,experts=[0,2,4,5,6]; c4:bw=10,experts=[2]; c2:bw=41,experts=[2,3,4,7]; c7:bw=37,experts=[0,1,4]; c5:bw=10,experts=[2]; c0:bw=10,experts=[6]; c6:bw=53,experts=[2,3,5,6,7]; c1:bw=63,experts=[0,1,3,5,6,7]; c8:bw=39,experts=[0,4,6]; c3:bw=42,experts=[0,1,3,7]
   84 | 0.01000 |   1.5178 |   45.48% |   46.96% |    3:12.26
      bandwidth/experts | c8:bw=67,experts=[1,2,3,4,5,7]; c3:bw=32,experts=[4,5,6]; c1:bw=58,experts=[1,2,5,6,7]; c6:bw=10,experts=[4]; c9:bw=20,experts=[1,7]; c2:bw=36,experts=[0,1,6]; c7:bw=47,experts=[0,1,2,4]; c5:bw=20,experts=[0,6]; c4:bw=27,experts=[1,3]; c0:bw=10,experts=[0]
   85 | 0.01000 |   1.5294 |   44.64% |   46.96% |    3:14.75
      bandwidth/experts | c0:bw=38,experts=[1,3,4]; c2:bw=45,experts=[1,2,6,7]; c8:bw=70,experts=[0,1,2,4,5,6,7]; c6:bw=42,experts=[0,2,5,6]; c1:bw=57,experts=[0,1,2,4,5]; c4:bw=42,experts=[0,2,4,7]; c9:bw=58,experts=[2,3,4,6,7]; c3:bw=51,experts=[0,1,2,3,4]; c5:bw=12,experts=[1]; c7:bw=11,experts=[4]
   86 | 0.01000 |   1.5370 |   34.88% |   46.96% |    3:09.66
      bandwidth/experts | c5:bw=47,experts=[1,2,4,7]; c8:bw=28,experts=[1,7]; c2:bw=24,experts=[4,5]; c6:bw=55,experts=[1,2,4,5,6]; c0:bw=30,experts=[1,2,7]; c4:bw=18,experts=[4]; c7:bw=44,experts=[0,2,3,5]; c3:bw=28,experts=[0,3]; c1:bw=72,experts=[0,1,2,3,4,5,7]; c9:bw=43,experts=[0,2,5,7]
   87 | 0.01000 |   1.5835 |   47.11% |   47.11% |    3:10.56
      bandwidth/experts | c1:bw=29,experts=[2,3]; c2:bw=67,experts=[0,3,4,5,6,7]; c7:bw=22,experts=[1,6]; c5:bw=10,experts=[7]; c6:bw=60,experts=[0,1,2,5,6,7]; c3:bw=68,experts=[0,1,3,4,6,7]; c4:bw=34,experts=[3,5,6]; c9:bw=37,experts=[0,2,7]; c8:bw=46,experts=[0,4,6,7]; c0:bw=35,experts=[1,2,3]
   88 | 0.01000 |   1.5241 |   46.08% |   47.11% |    3:12.10
      bandwidth/experts | c8:bw=43,experts=[0,1,6,7]; c6:bw=27,experts=[1,7]; c3:bw=33,experts=[2,5,6]; c7:bw=41,experts=[0,1,6,7]; c0:bw=62,experts=[0,2,3,4,6,7]; c4:bw=38,experts=[2,4,5]; c9:bw=31,experts=[0,2,5]; c1:bw=28,experts=[1,4]; c5:bw=30,experts=[1,2,5]; c2:bw=46,experts=[0,1,4,5]
   89 | 0.01000 |   1.4948 |   47.48% |   47.48% |    3:10.49
      bandwidth/experts | c3:bw=31,experts=[3,5,6]; c8:bw=74,experts=[0,1,2,3,4,5,7]; c2:bw=44,experts=[4,5,6,7]; c9:bw=60,experts=[0,1,3,4,5,6]; c7:bw=21,experts=[4,6]; c5:bw=46,experts=[0,3,5,6]; c0:bw=13,experts=[0]; c6:bw=32,experts=[0,2,6]; c4:bw=30,experts=[0,2,7]; c1:bw=41,experts=[1,3,5,7]
   90 | 0.01000 |   1.4785 |   46.60% |   47.48% |    3:12.83
      bandwidth/experts | c7:bw=72,experts=[0,1,2,3,4,5,6]; c1:bw=31,experts=[2,4,7]; c3:bw=36,experts=[0,1,2]; c9:bw=63,experts=[0,2,3,5,6,7]; c0:bw=64,experts=[0,2,3,4,5,6]; c6:bw=26,experts=[4,5]; c2:bw=21,experts=[1,3]; c5:bw=27,experts=[1,7]; c8:bw=50,experts=[0,3,4,6,7]; c4:bw=35,experts=[2,4,6]
   91 | 0.01000 |   1.4801 |   47.70% |   47.70% |    3:08.30
      bandwidth/experts | c1:bw=50,experts=[2,3,4,6,7]; c9:bw=35,experts=[1,5,7]; c5:bw=52,experts=[1,2,3,4,5]; c7:bw=51,experts=[0,1,4,5,6]; c3:bw=40,experts=[2,3,6,7]; c4:bw=54,experts=[1,2,5,6,7]; c0:bw=22,experts=[0,7]; c6:bw=29,experts=[3,6]; c2:bw=11,experts=[0]; c8:bw=23,experts=[5,6]
   92 | 0.01000 |   1.4729 |   46.83% |   47.70% |    3:08.31
      bandwidth/experts | c3:bw=28,experts=[1,2]; c7:bw=34,experts=[2,4,6]; c1:bw=20,experts=[5,6]; c0:bw=29,experts=[4,7]; c8:bw=19,experts=[4]; c6:bw=45,experts=[2,3,6,7]; c9:bw=56,experts=[2,3,4,6,7]; c2:bw=25,experts=[0,5]; c5:bw=66,experts=[0,1,2,3,4,7]; c4:bw=26,experts=[0,1]
   93 | 0.01000 |   1.4529 |   47.58% |   47.70% |    3:09.77
      bandwidth/experts | c1:bw=47,experts=[1,2,5,6]; c3:bw=31,experts=[0,2,5]; c7:bw=22,experts=[2,5]; c9:bw=58,experts=[1,2,3,4,6]; c6:bw=22,experts=[2,5]; c8:bw=10,experts=[6]; c5:bw=10,experts=[6]; c4:bw=32,experts=[1,2,4]; c0:bw=19,experts=[7]; c2:bw=51,experts=[3,4,5,6,7]
   94 | 0.01000 |   1.4452 |   44.64% |   47.70% |    3:07.56
      bandwidth/experts | c7:bw=45,experts=[1,2,3,5]; c2:bw=65,experts=[0,2,3,4,5,6]; c5:bw=41,experts=[0,1,3,5]; c4:bw=31,experts=[0,2,7]; c6:bw=30,experts=[0,1,4]; c9:bw=50,experts=[0,1,2,3,4]; c1:bw=70,experts=[0,1,2,3,4,5,7]; c8:bw=10,experts=[1]; c0:bw=55,experts=[0,1,5,6,7]; c3:bw=34,experts=[2,4,6]
   95 | 0.01000 |   1.4510 |   45.70% |   47.70% |    3:08.00
      bandwidth/experts | c7:bw=59,experts=[1,2,3,4,5]; c9:bw=42,experts=[1,3,4,7]; c4:bw=15,experts=[4]; c6:bw=40,experts=[0,1,3,7]; c0:bw=35,experts=[1,3,5]; c3:bw=41,experts=[0,1,2,3]; c1:bw=31,experts=[2,4,6]; c8:bw=76,experts=[0,1,2,3,4,5,6]; c2:bw=23,experts=[3,6]; c5:bw=10,experts=[5]
   96 | 0.01000 |   1.4455 |   48.24% |   48.24% |    3:11.41
      bandwidth/experts | c2:bw=65,experts=[1,2,4,5,6,7]; c9:bw=44,experts=[1,3,4,6]; c3:bw=46,experts=[1,2,3,5]; c1:bw=36,experts=[0,2,5]; c5:bw=60,experts=[2,3,4,5,6,7]; c4:bw=49,experts=[1,4,6,7]; c6:bw=31,experts=[1,5,7]; c7:bw=50,experts=[2,3,4,5,7]; c0:bw=36,experts=[2,4,7]; c8:bw=64,experts=[1,2,3,4,6,7]
   97 | 0.01000 |   1.4264 |   46.70% |   48.24% |    3:04.72
      bandwidth/experts | c0:bw=41,experts=[0,3,4,5]; c9:bw=43,experts=[0,2,4,5]; c8:bw=43,experts=[1,4,5,7]; c4:bw=16,experts=[2]; c7:bw=30,experts=[0,4,5]; c1:bw=50,experts=[2,3,4,5,6]; c3:bw=35,experts=[1,2,5]; c5:bw=46,experts=[0,2,4,6]; c6:bw=50,experts=[1,2,5,6,7]; c2:bw=54,experts=[1,2,4,6,7]
   98 | 0.01000 |   1.4286 |   44.87% |   48.24% |    3:02.76
      bandwidth/experts | c4:bw=52,experts=[0,1,3,4,7]; c8:bw=54,experts=[0,4,5,6,7]; c9:bw=27,experts=[0,2]; c7:bw=24,experts=[1,6]; c6:bw=36,experts=[1,2,3]; c5:bw=49,experts=[0,3,5,7]; c0:bw=33,experts=[0,1,5]; c3:bw=25,experts=[4,6]; c1:bw=26,experts=[0,4]; c2:bw=24,experts=[1,3]
   99 | 0.01000 |   1.4284 |   46.86% |   48.24% |    3:02.56
      bandwidth/experts | c8:bw=34,experts=[2,6,7]; c5:bw=49,experts=[1,2,5,6]; c7:bw=45,experts=[0,3,4,5]; c1:bw=59,experts=[0,3,4,6,7]; c3:bw=38,experts=[0,4,5]; c9:bw=20,experts=[1,2]; c4:bw=24,experts=[0,1]; c0:bw=40,experts=[1,2,3,5]; c2:bw=31,experts=[0,4,6]; c6:bw=35,experts=[1,4,5]
  100 | 0.01000 |   1.4111 |   47.62% |   48.24% |    2:58.59
      bandwidth/experts | c2:bw=30,experts=[0,2,4]; c8:bw=44,experts=[0,1,2,4]; c9:bw=53,experts=[0,1,3,5,6]; c5:bw=18,experts=[7]; c6:bw=44,experts=[1,3,4,5]; c1:bw=17,experts=[6]; c4:bw=65,experts=[0,1,4,5,6,7]; c7:bw=10,experts=[7]; c3:bw=42,experts=[3,4,6,7]; c0:bw=64,experts=[0,2,3,4,6,7]

Done. Best Acc: 48.24% @ round 96
Total time: 5:03:36.95
[Export] 实验目录: /userhome/cs3/duanty/FedMoE/results/exp02-tiny-resnet-e8-random/20260922-053026
[Export] 每轮明细: /userhome/cs3/duanty/FedMoE/results/exp02-tiny-resnet-e8-random/20260922-053026/rounds.xlsx
[Export] 总体摘要: /userhome/cs3/duanty/FedMoE/results/exp02-tiny-resnet-e8-random/20260922-053026/summary.xlsx
[Plot] result = /userhome/cs3/duanty/FedMoE/results/exp02-tiny-resnet-e8-random/20260922-053026
[Plot] figures -> /userhome/cs3/duanty/FedMoE/results/exp02-tiny-resnet-e8-random/20260922-053026/figure
  fig01_test_accuracy.pdf
  fig02_train_loss.pdf
  fig03_acc_and_loss.pdf
  fig04_bandwidth_and_k.pdf
  fig05_expert_round_heatmap.pdf
  fig06_client_expert_heatmap.pdf
  fig07_expert_frequency.pdf
  fig08_time_breakdown.pdf
  fig09_accuracy_vs_communication.pdf
  fig10_overview.pdf
[Export] 图片目录: /userhome/cs3/duanty/FedMoE/results/exp02-tiny-resnet-e8-random/20260922-053026/figure
