========================================
Job    : exp03-c100-resnet-e16-fedavg
Host   : gpu-4090-101
Date   : Wed Sep 23 15:19:47 HKT 2026
GPU    : 0
Python : /userhome/cs3/duanty/miniconda3/envs/moe/bin/python
Command: python -u main.py --method ours --dataset cifar100 --backbone resnet --select ours --merge fedavg --device cuda --num_experts 16 --num_clients 10 --bw_min 10 --bw_max -1 --output_dir ./results/exp03-c100-resnet-e16-fedavg
========================================

==================================================================
 Ours  
  Dataset=cifar100 | beta=0.1 | Backbone=resnet | width_mult=1 | Clients=10 | Experts=16
  Select=ours | Merge=fedavg
  Expert refresh N_ref=16
  Rounds=100 | LR=0.01
  Bandwidth: expert_bw=10 | bw=[10, 160] | Rayleigh-Shannon, SNR=10 dB | k=floor(bw/10)
==================================================================


[Partition] Dirichlet beta=0.1, 10 clients
  Client 0:   4573 samples | 45/100 classes
  Client 1:   4218 samples | 54/100 classes
  Client 2:   3656 samples | 48/100 classes
  Client 3:   5018 samples | 43/100 classes
  Client 4:   6664 samples | 52/100 classes
  Client 5:   6137 samples | 45/100 classes
  Client 6:   6582 samples | 49/100 classes
  Client 7:   4512 samples | 39/100 classes
  Client 8:   5219 samples | 46/100 classes
  Client 9:   3421 samples | 100/100 classes

[Upload] expert_bw=10 | available bw=[10, 160] | Rayleigh-Shannon, SNR=10 dB | upload k=floor(bw/10), cap=16 | probe gate scores, refresh stale experts, then train selected

[Model] Total params: 16,200,320

[Export] 本次实验目录: /userhome/cs3/duanty/FedMoE/results/exp03-c100-resnet-e16-fedavg/20260923-151950

Round |      LR |  AvgLoss |  TestAcc |     Best |  RoundTime
--------------------------------------------------------------------------------
    1 | 0.00208 |   3.7999 |    2.54% |    2.54% |    0:55.03
      bandwidth/experts | c8:bw=104,experts=[0,1,2,4,5,6,10,11,13,15]; c1:bw=55,experts=[1,2,4,6,13]; c5:bw=84,experts=[0,1,2,4,5,6,13,15]; c0:bw=10,experts=[13]; c7:bw=38,experts=[2,4,13]; c2:bw=55,experts=[1,2,4,6,13]; c9:bw=86,experts=[0,1,2,4,5,6,11,13]; c4:bw=75,experts=[0,1,2,4,5,6,13]; c3:bw=96,experts=[0,1,2,4,5,6,11,13,15]; c6:bw=77,experts=[0,1,2,4,5,6,13]
    2 | 0.00406 |   3.3215 |    4.50% |    4.50% |    0:51.46
      bandwidth/experts | c0:bw=67,experts=[0,4,6,10,12,13]; c1:bw=78,experts=[0,4,6,10,11,12,13]; c8:bw=91,experts=[0,1,4,5,6,10,11,12,13]; c5:bw=130,experts=[0,1,2,4,5,6,8,9,10,11,12,13,15]; c3:bw=127,experts=[0,1,2,4,5,6,8,9,10,11,12,13]; c4:bw=56,experts=[0,4,6,10,13]; c7:bw=104,experts=[0,1,4,5,6,9,10,11,12,13]; c9:bw=88,experts=[0,1,4,6,10,11,12,13]; c6:bw=32,experts=[4,6,13]; c2:bw=41,experts=[4,6,10,13]
    3 | 0.00604 |   3.1979 |    6.35% |    6.35% |    0:52.20
      bandwidth/experts | c9:bw=90,experts=[0,1,4,6,9,10,11,12,13]; c2:bw=78,experts=[1,4,6,10,11,12,13]; c0:bw=94,experts=[0,1,4,5,6,10,11,12,13]; c6:bw=75,experts=[1,4,6,10,11,12,13]; c8:bw=56,experts=[1,4,6,10,13]; c5:bw=25,experts=[4,6]; c3:bw=48,experts=[4,6,10,11]; c7:bw=62,experts=[4,6,10,11,12,13]; c1:bw=25,experts=[4,6]; c4:bw=98,experts=[0,1,4,5,6,10,11,12,13]
    4 | 0.00802 |   3.1055 |    8.63% |    8.63% |    0:54.05
      bandwidth/experts | c1:bw=75,experts=[1,4,6,10,11,12,13]; c7:bw=84,experts=[0,1,4,6,10,11,12,13]; c6:bw=100,experts=[0,1,4,5,6,9,10,11,12,13]; c2:bw=113,experts=[0,1,4,5,6,9,10,11,12,13,15]; c8:bw=59,experts=[4,6,10,11,13]; c0:bw=111,experts=[0,1,4,5,6,9,10,11,12,13,15]; c3:bw=64,experts=[4,5,6,10,11,13]; c4:bw=105,experts=[0,1,4,5,6,9,10,11,12,13]; c5:bw=138,experts=[0,1,4,5,6,8,9,10,11,12,13,14,15]; c9:bw=41,experts=[4,6,10,11]
    5 | 0.01000 |   3.0179 |   12.02% |   12.02% |    0:55.76
      bandwidth/experts | c1:bw=37,experts=[4,6,10]; c5:bw=75,experts=[1,4,6,9,10,11,13]; c4:bw=91,experts=[0,1,4,5,6,10,11,12,13]; c8:bw=69,experts=[1,4,6,10,12,13]; c0:bw=94,experts=[0,1,4,6,9,10,11,12,13]; c7:bw=46,experts=[4,6,10,13]; c6:bw=100,experts=[0,1,4,5,6,9,10,11,12,13]; c3:bw=119,experts=[0,1,2,4,5,6,9,10,11,12,13]; c2:bw=13,experts=[4]; c9:bw=118,experts=[0,1,4,5,6,9,10,11,12,13,14]
    6 | 0.01000 |   2.8917 |   15.69% |   15.69% |    0:53.02
      bandwidth/experts | c8:bw=126,experts=[0,1,2,4,5,6,8,9,10,11,12,13]; c2:bw=79,experts=[0,4,5,6,10,12,13]; c5:bw=51,experts=[0,4,6,10,13]; c7:bw=110,experts=[0,1,2,4,5,6,9,10,11,12,13]; c3:bw=68,experts=[0,4,5,6,10,13]; c1:bw=61,experts=[0,4,6,10,11,13]; c9:bw=91,experts=[0,1,2,4,5,6,10,13,14]; c0:bw=59,experts=[0,4,6,10,13]; c4:bw=33,experts=[4,6,13]; c6:bw=38,experts=[4,6,10]
    7 | 0.01000 |   2.7864 |   17.13% |   17.13% |    0:53.46
      bandwidth/experts | c0:bw=68,experts=[0,2,4,6,10,13]; c5:bw=92,experts=[0,1,4,5,6,10,12,13,14]; c2:bw=75,experts=[0,1,4,5,6,10,13]; c6:bw=25,experts=[4,6]; c3:bw=50,experts=[0,4,6,10,13]; c7:bw=58,experts=[0,4,6,10,13]; c4:bw=26,experts=[4,6]; c1:bw=18,experts=[4]; c8:bw=108,experts=[0,1,2,4,5,6,10,12,13,14]; c9:bw=10,experts=[4]
    8 | 0.01000 |   2.6820 |   19.08% |   19.08% |    0:56.09
      bandwidth/experts | c4:bw=10,experts=[4]; c8:bw=70,experts=[0,2,4,6,10,13,14]; c1:bw=110,experts=[0,1,2,4,5,6,10,11,12,13,14]; c3:bw=70,experts=[0,4,5,6,10,13,14]; c0:bw=61,experts=[0,4,6,10,13,14]; c5:bw=53,experts=[0,4,6,10,14]; c2:bw=102,experts=[0,1,2,4,5,6,10,12,13,14]; c9:bw=111,experts=[0,1,2,4,5,6,10,11,12,13,14]; c7:bw=28,experts=[4,6]; c6:bw=78,experts=[0,1,4,6,10,13,14]
    9 | 0.01000 |   2.5926 |   23.08% |   23.08% |    0:57.37
      bandwidth/experts | c2:bw=40,experts=[0,4,6,14]; c0:bw=99,experts=[0,1,2,4,5,6,10,13,14]; c4:bw=112,experts=[0,1,2,4,5,6,8,10,12,13,14]; c9:bw=49,experts=[0,4,6,13]; c8:bw=34,experts=[0,4,6]; c6:bw=59,experts=[0,4,6,10,14]; c7:bw=87,experts=[0,1,2,4,6,10,13,14]; c5:bw=99,experts=[0,1,2,4,5,6,10,13,14]; c1:bw=27,experts=[4,6]; c3:bw=43,experts=[0,4,6,13]
   10 | 0.01000 |   2.5124 |   24.31% |   24.31% |    0:56.49
      bandwidth/experts | c4:bw=69,experts=[0,1,4,6,10,14]; c2:bw=64,experts=[0,2,4,6,10,14]; c7:bw=71,experts=[0,2,4,6,10,13,14]; c0:bw=111,experts=[0,1,2,4,5,6,8,10,12,13,14]; c6:bw=123,experts=[0,1,2,4,5,6,8,10,12,13,14,15]; c3:bw=87,experts=[0,1,2,4,6,10,13,14]; c5:bw=109,experts=[0,1,2,4,6,8,10,12,13,14]; c8:bw=67,experts=[0,4,6,10,13,14]; c9:bw=66,experts=[2,4,6,10,13,14]; c1:bw=77,experts=[0,1,4,6,10,13,14]
   11 | 0.01000 |   2.4326 |   25.74% |   25.74% |    0:55.56
      bandwidth/experts | c5:bw=52,experts=[0,1,4,6,14]; c2:bw=52,experts=[0,4,6,10,14]; c7:bw=83,experts=[0,1,2,4,6,10,13,14]; c3:bw=95,experts=[0,1,2,4,6,10,12,13,14]; c0:bw=53,experts=[0,4,6,10,13]; c8:bw=74,experts=[0,1,4,6,10,13,14]; c9:bw=62,experts=[0,1,4,6,10,14]; c6:bw=105,experts=[0,1,2,4,5,6,10,12,13,14]; c1:bw=76,experts=[0,1,4,6,10,13,14]; c4:bw=30,experts=[4,6,13]
   12 | 0.01000 |   2.3748 |   28.95% |   28.95% |    0:55.51
      bandwidth/experts | c1:bw=80,experts=[0,1,2,4,6,10,13,14]; c5:bw=106,experts=[0,1,2,4,5,6,10,12,13,14]; c2:bw=108,experts=[0,1,2,4,5,6,10,12,13,14]; c4:bw=53,experts=[0,1,4,6,10]; c3:bw=66,experts=[1,4,6,10,13,14]; c7:bw=56,experts=[0,4,6,10,14]; c9:bw=79,experts=[0,1,2,4,6,10,14]; c6:bw=54,experts=[1,4,6,11,13]; c8:bw=104,experts=[0,1,2,4,5,6,10,12,13,14]; c0:bw=93,experts=[0,1,2,4,6,10,12,13,14]
   13 | 0.01000 |   2.3112 |   30.95% |   30.95% |    1:01.57
      bandwidth/experts | c3:bw=57,experts=[0,4,6,10,14]; c1:bw=90,experts=[0,1,2,4,6,10,12,13,14]; c4:bw=10,experts=[4]; c5:bw=55,experts=[0,1,4,6,10]; c8:bw=29,experts=[4,6]; c6:bw=69,experts=[0,1,4,6,10,13]; c9:bw=28,experts=[4,6]; c7:bw=110,experts=[0,1,2,4,5,6,8,10,12,13,14]; c0:bw=48,experts=[0,4,6,13]; c2:bw=31,experts=[0,4,6]
   14 | 0.01000 |   2.2692 |   32.17% |   32.17% |    0:58.03
      bandwidth/experts | c2:bw=85,experts=[0,1,4,5,6,10,13,14]; c4:bw=11,experts=[4]; c5:bw=121,experts=[0,1,2,4,5,6,9,10,11,12,13,14]; c1:bw=73,experts=[0,1,2,4,6,10,14]; c7:bw=47,experts=[0,1,4,6]; c0:bw=48,experts=[0,4,6,13]; c9:bw=60,experts=[0,1,4,6,10,14]; c3:bw=86,experts=[0,1,2,4,6,10,13,14]; c8:bw=39,experts=[0,4,6]; c6:bw=127,experts=[0,1,2,4,5,6,8,9,10,12,13,14]
   15 | 0.01000 |   2.2208 |   34.78% |   34.78% |    0:59.02
      bandwidth/experts | c7:bw=111,experts=[0,1,2,4,5,6,8,10,12,13,14]; c0:bw=39,experts=[0,4,6]; c1:bw=27,experts=[4,6]; c8:bw=98,experts=[0,1,2,4,6,10,12,13,14]; c3:bw=20,experts=[4,6]; c2:bw=99,experts=[0,1,2,4,6,10,12,13,14]; c4:bw=88,experts=[0,1,2,4,6,10,13,14]; c5:bw=34,experts=[0,4,6]; c9:bw=37,experts=[0,4,6]; c6:bw=62,experts=[0,1,4,6,10,13]
   16 | 0.01000 |   2.2480 |   35.44% |   35.44% |    1:01.96
      bandwidth/experts | c6:bw=76,experts=[0,1,2,3,4,6,7]; c1:bw=54,experts=[3,7,8,9,15]; c3:bw=82,experts=[0,1,2,3,4,6,7,13]; c8:bw=93,experts=[0,1,2,3,4,6,7,13,14]; c7:bw=42,experts=[3,4,7,15]; c5:bw=75,experts=[0,1,3,4,6,7,13]; c4:bw=67,experts=[0,3,4,6,7,15]; c9:bw=45,experts=[3,7,8,15]; c0:bw=107,experts=[0,1,2,3,4,6,7,10,13,14]; c2:bw=97,experts=[1,3,4,6,7,8,10,12,13]
   17 | 0.01000 |   2.2165 |   36.37% |   36.37% |    1:00.94
      bandwidth/experts | c4:bw=109,experts=[0,1,2,4,5,6,10,12,13,14]; c7:bw=47,experts=[0,2,4,6]; c8:bw=15,experts=[15]; c3:bw=99,experts=[0,1,2,4,6,12,13,14,15]; c5:bw=10,experts=[4]; c1:bw=55,experts=[0,1,4,6,14]; c0:bw=20,experts=[4,6]; c2:bw=36,experts=[0,4,6]; c9:bw=70,experts=[0,1,2,4,6,10,14]; c6:bw=73,experts=[0,1,2,4,6,10,13]
   18 | 0.01000 |   2.1279 |   37.59% |   37.59% |    0:58.07
      bandwidth/experts | c1:bw=12,experts=[4]; c8:bw=10,experts=[4]; c5:bw=66,experts=[0,1,2,4,6,13]; c2:bw=71,experts=[0,1,2,4,6,10,13]; c9:bw=35,experts=[0,4,6]; c7:bw=103,experts=[0,1,4,5,6,10,11,12,13,14]; c4:bw=105,experts=[0,1,2,4,5,6,10,12,13,14]; c3:bw=70,experts=[0,2,4,5,6,8,13]; c0:bw=92,experts=[0,1,2,4,6,10,12,13,14]; c6:bw=59,experts=[0,1,4,6,13]
   19 | 0.01000 |   2.0863 |   38.82% |   38.82% |    0:57.66
      bandwidth/experts | c8:bw=105,experts=[0,1,2,4,5,6,10,12,13,14]; c0:bw=79,experts=[0,1,2,4,6,10,13]; c4:bw=97,experts=[0,1,2,4,5,6,12,13,14]; c1:bw=87,experts=[0,1,2,4,6,12,13,14]; c9:bw=72,experts=[0,1,2,4,6,13,14]; c5:bw=55,experts=[0,1,4,6,13]; c7:bw=42,experts=[0,4,6,13]; c2:bw=27,experts=[4,6]; c6:bw=124,experts=[0,1,2,4,5,6,8,10,11,12,13,14]; c3:bw=75,experts=[0,1,4,5,6,10,13]
   20 | 0.01000 |   2.0985 |   39.55% |   39.55% |    0:59.85
      bandwidth/experts | c0:bw=52,experts=[4,6,10,13,15]; c2:bw=78,experts=[0,4,6,9,11,13,15]; c1:bw=76,experts=[0,1,2,4,6,13,14]; c9:bw=31,experts=[0,4,6]; c7:bw=81,experts=[0,1,2,4,6,10,13,14]; c6:bw=128,experts=[0,1,2,4,5,6,8,10,12,13,14,15]; c3:bw=34,experts=[0,4,6]; c5:bw=10,experts=[15]; c4:bw=112,experts=[0,1,2,4,5,6,9,10,12,13,14]; c8:bw=95,experts=[0,1,2,4,6,10,12,13,14]
   21 | 0.01000 |   2.0935 |   39.64% |   39.64% |    1:02.79
      bandwidth/experts | c1:bw=77,experts=[0,1,2,4,6,12,13]; c2:bw=75,experts=[0,4,5,6,10,12,13]; c7:bw=24,experts=[4,6]; c4:bw=90,experts=[0,1,2,4,5,6,11,12,13]; c8:bw=34,experts=[0,4,6]; c5:bw=61,experts=[0,1,4,6,10,13]; c0:bw=125,experts=[0,1,2,4,5,6,8,9,10,11,12,13]; c3:bw=14,experts=[9]; c6:bw=29,experts=[4,6]; c9:bw=48,experts=[0,4,6,9]
   22 | 0.01000 |   2.0300 |   39.37% |   39.64% |    1:02.85
      bandwidth/experts | c7:bw=31,experts=[4,6,9]; c9:bw=62,experts=[0,1,2,4,6,14]; c1:bw=12,experts=[4]; c6:bw=116,experts=[0,1,2,4,5,6,8,10,12,13,14]; c5:bw=31,experts=[0,4,6]; c2:bw=125,experts=[0,1,2,4,5,6,8,10,12,13,14,15]; c0:bw=126,experts=[0,1,2,4,5,6,8,10,12,13,14,15]; c4:bw=69,experts=[0,1,2,4,6,13]; c3:bw=105,experts=[0,1,2,4,5,6,11,12,13,14]; c8:bw=62,experts=[0,4,6,8,9,11]
   23 | 0.01000 |   1.9977 |   41.03% |   41.03% |    0:59.96
      bandwidth/experts | c5:bw=98,experts=[0,1,2,4,5,6,12,13,14]; c7:bw=28,experts=[4,6]; c4:bw=106,experts=[0,1,2,4,5,6,10,12,13,14]; c6:bw=19,experts=[4]; c9:bw=95,experts=[0,1,2,4,6,10,12,13,14]; c8:bw=66,experts=[1,4,6,12,13,14]; c3:bw=29,experts=[4,6]; c1:bw=117,experts=[0,1,2,4,5,6,8,10,12,13,14]; c2:bw=61,experts=[0,2,4,6,12,13]; c0:bw=21,experts=[4,6]
   24 | 0.01000 |   2.0051 |   42.78% |   42.78% |    0:59.92
      bandwidth/experts | c6:bw=57,experts=[0,2,4,6,13]; c4:bw=24,experts=[4,6]; c7:bw=10,experts=[4]; c9:bw=94,experts=[0,1,2,4,5,6,11,13,14]; c2:bw=81,experts=[0,1,4,5,6,11,13,14]; c1:bw=10,experts=[11]; c5:bw=46,experts=[0,2,4,6]; c8:bw=34,experts=[0,4,6]; c3:bw=10,experts=[4]; c0:bw=59,experts=[0,2,4,6,13]
   25 | 0.01000 |   1.9574 |   43.72% |   43.72% |    1:02.38
      bandwidth/experts | c9:bw=76,experts=[0,1,2,4,6,12,13]; c6:bw=30,experts=[0,4,6]; c4:bw=110,experts=[0,1,2,4,5,6,8,10,12,13,14]; c3:bw=26,experts=[4,6]; c5:bw=120,experts=[0,1,2,4,5,6,8,10,11,12,13,14]; c1:bw=92,experts=[0,1,2,4,5,6,12,13,14]; c8:bw=103,experts=[0,1,2,4,5,6,10,12,13,14]; c2:bw=24,experts=[4,6]; c0:bw=106,experts=[0,1,2,4,5,6,8,10,12,13]; c7:bw=75,experts=[0,1,2,4,6,12,13]
   26 | 0.01000 |   1.9251 |   44.45% |   44.45% |    1:01.02
      bandwidth/experts | c3:bw=84,experts=[0,1,2,4,5,6,12,13]; c6:bw=63,experts=[0,1,2,4,6,13]; c9:bw=95,experts=[0,1,2,4,5,6,12,13,14]; c7:bw=59,experts=[0,2,4,6,13]; c1:bw=63,experts=[1,4,6,12,13,14]; c5:bw=39,experts=[0,4,6]; c2:bw=56,experts=[4,5,6,10,11]; c8:bw=101,experts=[0,1,2,4,5,6,10,12,13,14]; c0:bw=20,experts=[4,6]; c4:bw=90,experts=[0,1,2,4,5,6,10,12,13]
   27 | 0.01000 |   1.9056 |   44.48% |   44.48% |    1:03.16
      bandwidth/experts | c7:bw=97,experts=[0,1,2,4,5,6,12,13,14]; c1:bw=117,experts=[0,1,2,4,5,6,10,11,12,13,14]; c4:bw=23,experts=[4,6]; c0:bw=68,experts=[0,1,2,4,6,13]; c9:bw=34,experts=[4,6,14]; c2:bw=37,experts=[0,4,6]; c8:bw=104,experts=[0,1,2,4,5,6,8,12,13,14]; c3:bw=40,experts=[0,4,6,13]; c6:bw=119,experts=[0,1,2,4,5,6,9,10,11,13,14]; c5:bw=69,experts=[0,1,2,4,6,13]
   28 | 0.01000 |   1.8922 |   47.07% |   47.07% |    1:01.67
      bandwidth/experts | c6:bw=56,experts=[0,1,4,6,13]; c9:bw=92,experts=[0,1,2,4,5,6,12,13,14]; c0:bw=89,experts=[0,1,2,4,5,6,12,13]; c8:bw=56,experts=[0,2,4,6,13]; c2:bw=10,experts=[4]; c5:bw=63,experts=[0,1,2,4,6,13]; c1:bw=47,experts=[0,2,4,6]; c3:bw=22,experts=[4,6]; c4:bw=14,experts=[4]; c7:bw=10,experts=[4]
   29 | 0.01000 |   1.8768 |   47.16% |   47.16% |    1:04.87
      bandwidth/experts | c4:bw=72,experts=[0,1,2,4,6,10,13]; c0:bw=83,experts=[0,1,2,4,5,6,13,14]; c1:bw=63,experts=[0,1,2,4,6,13]; c9:bw=82,experts=[0,1,2,4,6,12,13,14]; c6:bw=81,experts=[0,1,2,4,5,6,12,13]; c8:bw=63,experts=[0,1,2,4,6,13]; c7:bw=40,experts=[0,2,4,6]; c3:bw=60,experts=[0,2,4,5,6,13]; c2:bw=34,experts=[4,6,10]; c5:bw=63,experts=[0,1,2,4,6,13]
   30 | 0.01000 |   1.8527 |   47.71% |   47.71% |    1:02.84
      bandwidth/experts | c5:bw=116,experts=[0,1,2,4,5,6,9,10,12,13,14]; c1:bw=67,experts=[0,1,2,4,6,13]; c9:bw=103,experts=[0,1,2,4,5,6,10,12,13,14]; c4:bw=97,experts=[0,1,2,4,5,6,12,13,14]; c0:bw=33,experts=[4,6,13]; c8:bw=78,experts=[0,1,4,5,6,13,14]; c6:bw=20,experts=[4,6]; c7:bw=23,experts=[4,6]; c3:bw=111,experts=[0,1,2,4,5,6,10,11,12,13,14]; c2:bw=51,experts=[0,4,5,6,13]
   31 | 0.01000 |   1.8328 |   48.07% |   48.07% |    1:01.51
      bandwidth/experts | c6:bw=55,experts=[0,2,4,6,13]; c4:bw=36,experts=[0,4,6]; c9:bw=85,experts=[0,1,2,4,6,12,13,14]; c1:bw=57,experts=[0,1,2,4,6]; c5:bw=116,experts=[0,1,2,4,5,6,8,10,12,13,14]; c8:bw=62,experts=[0,1,2,4,6,13]; c3:bw=45,experts=[0,4,5,6]; c2:bw=29,experts=[4,6]; c0:bw=89,experts=[0,1,2,4,5,6,10,13]; c7:bw=119,experts=[0,1,2,4,5,6,8,10,12,13,14]
   32 | 0.01000 |   1.8458 |   48.97% |   48.97% |    1:01.10
      bandwidth/experts | c8:bw=40,experts=[3,4,6,7]; c5:bw=67,experts=[0,3,4,6,7,13]; c4:bw=92,experts=[0,1,3,4,6,7,10,13,15]; c7:bw=88,experts=[0,2,3,4,6,7,13,15]; c0:bw=86,experts=[0,1,2,3,4,6,7,13]; c1:bw=40,experts=[3,7,9,15]; c3:bw=53,experts=[3,4,6,7,13]; c6:bw=51,experts=[0,3,4,6,7]; c2:bw=102,experts=[0,1,2,3,4,5,6,7,13,14]; c9:bw=59,experts=[3,4,7,8,15]
   33 | 0.01000 |   1.8138 |   49.08% |   49.08% |    1:00.76
      bandwidth/experts | c7:bw=99,experts=[0,1,2,4,5,6,12,13,14]; c1:bw=65,experts=[0,1,2,4,6,13]; c3:bw=132,experts=[0,1,2,4,5,6,8,10,11,12,13,14,15]; c6:bw=69,experts=[0,1,4,6,11,13]; c5:bw=55,experts=[0,2,4,6,13]; c9:bw=79,experts=[0,1,2,4,6,13,14]; c2:bw=44,experts=[0,2,4,6]; c8:bw=94,experts=[0,1,4,6,11,12,13,14,15]; c4:bw=85,experts=[0,1,4,5,6,9,10,13]; c0:bw=118,experts=[0,1,2,4,5,6,8,10,12,13,14]
   34 | 0.01000 |   1.7949 |   49.74% |   49.74% |    1:01.99
      bandwidth/experts | c4:bw=87,experts=[0,1,2,4,5,6,12,13]; c1:bw=88,experts=[0,1,4,5,6,11,12,13]; c6:bw=91,experts=[0,1,4,5,6,9,11,12,13]; c9:bw=128,experts=[0,1,2,4,5,6,8,10,11,12,13,14]; c8:bw=79,experts=[0,1,2,4,6,12,13]; c0:bw=42,experts=[0,4,6,13]; c5:bw=113,experts=[0,1,2,4,5,6,9,10,12,13,14]; c7:bw=61,experts=[0,2,4,6,11,13]; c3:bw=137,experts=[0,1,2,4,5,6,8,9,10,12,13,14,15]; c2:bw=101,experts=[0,1,2,4,5,6,10,12,13,14]
   35 | 0.01000 |   1.7844 |   50.64% |   50.64% |    1:01.52
      bandwidth/experts | c4:bw=62,experts=[0,1,2,4,6,13]; c0:bw=38,experts=[4,6,13]; c1:bw=58,experts=[0,2,4,6,13]; c6:bw=83,experts=[0,1,2,4,5,6,12,13]; c2:bw=86,experts=[0,1,2,4,5,6,12,13]; c8:bw=94,experts=[0,1,2,4,6,10,12,13,14]; c9:bw=51,experts=[0,2,4,6,14]; c7:bw=90,experts=[0,1,4,5,6,10,11,12,13]; c5:bw=77,experts=[0,1,4,5,6,12,13]; c3:bw=45,experts=[0,4,6,13]
   36 | 0.01000 |   1.7677 |   51.38% |   51.38% |    1:03.19
      bandwidth/experts | c9:bw=70,experts=[0,1,2,4,6,12,13]; c0:bw=68,experts=[0,1,2,4,6,13]; c3:bw=113,experts=[0,1,2,4,5,6,10,11,12,13,14]; c7:bw=51,experts=[0,2,4,6,13]; c6:bw=82,experts=[0,1,2,4,6,12,13,15]; c5:bw=93,experts=[0,1,2,4,5,6,12,13,15]; c1:bw=16,experts=[4]; c4:bw=140,experts=[0,1,2,4,5,6,8,9,10,11,12,13,14,15]; c8:bw=97,experts=[0,1,4,5,6,10,12,13,14]; c2:bw=95,experts=[0,1,2,4,5,6,9,12,13]
   37 | 0.01000 |   1.7497 |   52.21% |   52.21% |    1:04.88
      bandwidth/experts | c1:bw=34,experts=[4,6,13]; c5:bw=74,experts=[0,1,2,4,6,12,13]; c2:bw=68,experts=[0,2,4,6,12,13]; c6:bw=123,experts=[0,1,2,4,5,6,8,9,10,12,13,14]; c4:bw=74,experts=[0,1,2,4,6,12,13]; c7:bw=79,experts=[0,4,6,10,11,12,13]; c9:bw=75,experts=[0,1,2,4,6,9,14]; c0:bw=103,experts=[0,1,2,4,6,9,11,12,13,14]; c3:bw=68,experts=[0,1,4,6,12,13]; c8:bw=11,experts=[4]
   38 | 0.01000 |   1.7751 |   52.18% |   52.21% |    1:02.45
      bandwidth/experts | c8:bw=87,experts=[0,1,2,4,6,9,12,13]; c6:bw=32,experts=[4,6,13]; c4:bw=98,experts=[0,1,2,4,5,6,10,12,13]; c1:bw=58,experts=[0,2,4,6,13]; c5:bw=10,experts=[4]; c2:bw=10,experts=[8]; c3:bw=72,experts=[0,1,2,4,6,12,13]; c7:bw=96,experts=[0,1,4,5,6,9,10,12,13]; c9:bw=49,experts=[0,2,4,6]; c0:bw=76,experts=[0,1,2,4,6,13,15]
   39 | 0.01000 |   1.7360 |   52.10% |   52.21% |    1:01.29
      bandwidth/experts | c3:bw=49,experts=[0,2,4,6]; c0:bw=10,experts=[4]; c1:bw=84,experts=[0,1,2,4,6,8,12,13]; c7:bw=75,experts=[0,2,4,5,6,12,13]; c6:bw=58,experts=[0,4,5,6,13]; c8:bw=84,experts=[0,1,4,5,6,11,12,13]; c2:bw=68,experts=[0,1,2,4,6,15]; c4:bw=67,experts=[0,2,4,6,12,13]; c9:bw=45,experts=[0,2,4,6]; c5:bw=141,experts=[0,1,2,4,5,6,8,9,10,11,12,13,14,15]
   40 | 0.01000 |   1.7259 |   52.17% |   52.21% |    1:00.74
      bandwidth/experts | c8:bw=49,experts=[1,4,6,12]; c1:bw=79,experts=[0,1,2,4,6,12,13]; c5:bw=60,experts=[0,2,4,6,12,13]; c6:bw=88,experts=[0,1,2,4,5,6,10,13]; c2:bw=123,experts=[0,1,2,4,5,6,8,9,10,12,13,14]; c7:bw=125,experts=[0,1,2,4,5,6,9,10,11,12,13,14]; c3:bw=13,experts=[4]; c4:bw=36,experts=[4,6,13]; c9:bw=75,experts=[0,1,2,4,6,12,13]; c0:bw=67,experts=[0,1,2,4,6,13]
   41 | 0.01000 |   1.7110 |   53.69% |   53.69% |    1:01.46
      bandwidth/experts | c2:bw=101,experts=[0,1,2,4,5,6,10,12,13,14]; c6:bw=10,experts=[4]; c8:bw=107,experts=[0,1,2,4,5,6,10,12,13,14]; c1:bw=15,experts=[4]; c4:bw=95,experts=[1,2,4,5,6,10,11,12,13]; c5:bw=116,experts=[0,1,4,5,6,9,10,11,12,13,14]; c7:bw=129,experts=[0,1,2,4,5,6,8,9,10,12,13,14]; c3:bw=75,experts=[0,2,4,5,6,12,13]; c9:bw=101,experts=[0,1,2,4,5,6,10,12,13,14]; c0:bw=10,experts=[4]
   42 | 0.01000 |   1.6959 |   53.12% |   53.69% |    1:02.25
      bandwidth/experts | c5:bw=95,experts=[0,1,2,4,5,6,12,13,14]; c1:bw=92,experts=[0,1,2,4,5,6,12,13,14]; c3:bw=91,experts=[0,1,2,4,5,6,10,12,13]; c9:bw=96,experts=[0,1,2,4,5,6,12,13,14]; c6:bw=64,experts=[0,1,2,4,6,13]; c0:bw=28,experts=[4,6]; c7:bw=37,experts=[4,6,13]; c4:bw=103,experts=[0,1,2,4,5,6,10,12,13,14]; c8:bw=79,experts=[0,1,2,4,6,12,13]; c2:bw=76,experts=[0,2,4,6,11,12,13]
   43 | 0.01000 |   1.6963 |   54.31% |   54.31% |    1:02.09
      bandwidth/experts | c5:bw=100,experts=[0,1,2,4,5,6,10,12,13,14]; c1:bw=110,experts=[0,1,2,4,5,6,8,10,12,13,14]; c2:bw=96,experts=[0,1,2,4,5,6,10,12,13]; c8:bw=85,experts=[0,2,4,5,6,8,12,13]; c9:bw=60,experts=[0,2,4,6,12,13]; c7:bw=40,experts=[0,4,6,13]; c4:bw=65,experts=[0,2,4,6,12,13]; c6:bw=23,experts=[4,6]; c3:bw=122,experts=[0,1,2,4,5,6,8,9,10,12,13,14]; c0:bw=40,experts=[1,4,6,13]
   44 | 0.01000 |   1.6834 |   54.54% |   54.54% |    1:02.73
      bandwidth/experts | c0:bw=125,experts=[0,1,2,4,5,6,8,9,10,12,13,14]; c3:bw=88,experts=[0,4,5,6,10,11,12,13]; c4:bw=54,experts=[0,2,4,6,13]; c2:bw=69,experts=[0,4,5,6,12,13]; c7:bw=142,experts=[0,1,2,4,5,6,7,8,9,10,12,13,14,15]; c5:bw=46,experts=[0,4,6,13]; c6:bw=39,experts=[4,6,13]; c9:bw=70,experts=[0,1,2,4,6,12,13]; c8:bw=65,experts=[0,2,4,6,12,13]; c1:bw=84,experts=[0,1,4,5,6,10,12,13]
   45 | 0.01000 |   1.6708 |   55.08% |   55.08% |    1:04.80
      bandwidth/experts | c8:bw=104,experts=[0,1,2,4,5,6,10,12,13,14]; c0:bw=68,experts=[0,2,4,6,12,13]; c3:bw=126,experts=[0,1,2,4,5,6,8,9,10,12,13,14]; c4:bw=121,experts=[0,1,2,4,5,6,8,9,10,12,13,14]; c7:bw=67,experts=[1,4,6,12,13,14]; c2:bw=93,experts=[0,1,2,4,5,6,12,13,14]; c9:bw=47,experts=[0,4,6,13]; c6:bw=10,experts=[4]; c5:bw=84,experts=[0,1,2,4,5,6,10,13]; c1:bw=105,experts=[0,1,2,4,5,6,8,12,13,14]
   46 | 0.01000 |   1.6608 |   55.85% |   55.85% |    1:06.70
      bandwidth/experts | c9:bw=69,experts=[1,2,4,6,12,14]; c3:bw=50,experts=[0,2,4,6,13]; c6:bw=73,experts=[0,1,2,4,6,12,13]; c1:bw=77,experts=[0,1,2,4,6,12,13]; c4:bw=121,experts=[0,1,2,4,5,6,9,10,11,12,13,14]; c5:bw=77,experts=[0,1,2,4,6,12,13]; c2:bw=107,experts=[0,1,2,4,5,6,10,12,13,14]; c8:bw=73,experts=[0,4,6,10,11,12,13]; c0:bw=103,experts=[0,1,2,4,5,6,10,12,13,14]; c7:bw=53,experts=[0,2,4,6,13]
   47 | 0.01000 |   1.6477 |   55.20% |   55.85% |    1:02.62
      bandwidth/experts | c5:bw=97,experts=[0,1,2,4,5,6,12,13,14]; c6:bw=42,experts=[0,4,6,13]; c7:bw=100,experts=[0,1,2,4,5,6,10,12,13,14]; c9:bw=32,experts=[4,6,14]; c8:bw=74,experts=[0,1,4,5,6,12,13]; c3:bw=132,experts=[0,1,2,4,5,6,8,9,10,12,13,14,15]; c4:bw=18,experts=[4]; c0:bw=86,experts=[0,1,2,4,6,10,12,13]; c1:bw=57,experts=[0,2,4,6,13]; c2:bw=102,experts=[0,1,2,4,5,6,10,12,13,14]
   48 | 0.01000 |   1.6741 |   55.80% |   55.85% |    1:00.81
      bandwidth/experts | c1:bw=94,experts=[0,2,3,4,6,7,9,13,15]; c8:bw=94,experts=[0,2,3,4,5,6,7,12,13]; c4:bw=127,experts=[0,1,2,3,4,5,6,7,10,12,13,14]; c2:bw=107,experts=[0,1,2,3,4,6,7,10,12,13]; c9:bw=99,experts=[0,1,3,4,6,7,13,14,15]; c6:bw=85,experts=[0,2,3,4,6,7,12,13]; c5:bw=104,experts=[0,1,2,3,4,5,6,7,12,13]; c7:bw=118,experts=[0,1,2,3,4,5,6,10,12,13,14]; c0:bw=29,experts=[3,7]; c3:bw=34,experts=[3,4,7]
   49 | 0.01000 |   1.6380 |   55.31% |   55.85% |    1:00.77
      bandwidth/experts | c4:bw=91,experts=[0,1,2,4,5,6,12,13,14]; c3:bw=60,experts=[0,2,4,6,12,13]; c8:bw=50,experts=[0,4,6,13,15]; c0:bw=37,experts=[4,6,13]; c2:bw=110,experts=[0,1,2,4,5,6,8,10,12,13,14]; c5:bw=106,experts=[0,1,2,4,5,6,10,12,13,14]; c6:bw=24,experts=[4,6]; c7:bw=83,experts=[0,1,2,4,5,6,12,13]; c9:bw=100,experts=[0,1,2,4,5,6,10,12,13,14]; c1:bw=102,experts=[0,1,2,4,5,6,10,12,13,14]
   50 | 0.01000 |   1.6262 |   55.98% |   55.98% |    1:00.47
      bandwidth/experts | c8:bw=61,experts=[0,2,4,6,12,13]; c4:bw=14,experts=[4]; c7:bw=65,experts=[0,2,4,6,12,13]; c6:bw=128,experts=[0,1,2,4,5,6,8,9,10,11,12,13]; c2:bw=119,experts=[0,1,2,4,6,9,10,11,12,13,14]; c1:bw=122,experts=[0,1,2,4,5,6,8,10,11,12,13,14]; c3:bw=73,experts=[0,2,4,5,6,12,13]; c0:bw=55,experts=[0,2,4,6,13]; c9:bw=51,experts=[4,6,8,11,13]; c5:bw=59,experts=[0,4,6,11,12]
   51 | 0.01000 |   1.6110 |   56.52% |   56.52% |    1:01.87
      bandwidth/experts | c5:bw=89,experts=[0,1,2,4,6,10,12,13]; c0:bw=101,experts=[0,1,2,4,5,6,10,12,13,14]; c1:bw=40,experts=[0,4,6,13]; c2:bw=38,experts=[4,6,13]; c8:bw=87,experts=[0,1,2,4,6,10,12,13]; c6:bw=98,experts=[0,1,2,4,5,6,12,13,14]; c9:bw=34,experts=[4,6,13]; c3:bw=104,experts=[0,1,2,4,5,6,10,11,12,13]; c4:bw=21,experts=[4,6]; c7:bw=51,experts=[0,4,6,12,13]
   52 | 0.01000 |   1.6040 |   56.59% |   56.59% |    1:00.46
      bandwidth/experts | c0:bw=87,experts=[0,1,2,4,5,6,12,13]; c8:bw=33,experts=[0,4,6]; c5:bw=46,experts=[4,6,11,13]; c7:bw=64,experts=[0,2,4,6,12,13]; c1:bw=76,experts=[0,1,2,4,6,13,14]; c4:bw=63,experts=[0,1,4,6,13,15]; c9:bw=58,experts=[0,2,4,6,13]; c6:bw=96,experts=[0,1,4,5,6,11,13,14,15]; c2:bw=55,experts=[0,2,4,6,13]; c3:bw=81,experts=[0,1,2,4,5,6,12,13]
   53 | 0.01000 |   1.6026 |   57.03% |   57.03% |    1:03.85
      bandwidth/experts | c8:bw=41,experts=[0,4,6,13]; c4:bw=53,experts=[0,2,4,6,13]; c5:bw=83,experts=[0,1,2,4,5,6,12,13]; c1:bw=111,experts=[0,1,2,4,5,6,8,10,12,13,14]; c3:bw=89,experts=[0,1,2,4,5,6,12,13]; c9:bw=115,experts=[0,1,2,4,6,9,10,11,12,13,14]; c6:bw=67,experts=[0,2,4,5,6,13]; c7:bw=82,experts=[0,1,2,4,5,6,12,13]; c0:bw=73,experts=[0,2,4,5,6,11,13]; c2:bw=97,experts=[0,1,2,4,5,6,12,13,14]
   54 | 0.01000 |   1.5910 |   57.23% |   57.23% |    1:00.76
      bandwidth/experts | c2:bw=15,experts=[4]; c1:bw=99,experts=[0,1,2,4,5,6,12,13,14]; c8:bw=105,experts=[0,1,2,4,5,6,9,10,12,13]; c7:bw=115,experts=[0,1,2,4,5,6,9,10,12,13,14]; c3:bw=57,experts=[0,2,4,6,13]; c0:bw=70,experts=[0,2,4,6,10,13,15]; c6:bw=102,experts=[0,1,2,4,5,6,10,12,13,14]; c5:bw=10,experts=[4]; c9:bw=95,experts=[0,1,2,4,6,10,11,12,13]; c4:bw=60,experts=[0,2,4,5,6,13]
   55 | 0.01000 |   1.5887 |   57.81% |   57.81% |    1:00.46
      bandwidth/experts | c7:bw=103,experts=[0,1,2,4,5,6,10,12,13,14]; c2:bw=77,experts=[0,1,2,4,6,13,15]; c4:bw=27,experts=[4,6]; c3:bw=99,experts=[0,1,2,4,5,6,9,11,13]; c8:bw=26,experts=[4,6]; c5:bw=100,experts=[0,1,4,5,6,8,11,12,13,15]; c1:bw=113,experts=[0,1,2,4,5,6,10,11,12,13,14]; c6:bw=79,experts=[0,2,4,5,6,12,13]; c0:bw=52,experts=[0,2,4,6,13]; c9:bw=117,experts=[0,1,2,4,5,6,8,10,12,13,14]
   56 | 0.01000 |   1.5790 |   57.82% |   57.82% |    1:00.36
      bandwidth/experts | c9:bw=98,experts=[0,1,2,4,5,6,12,13,14]; c1:bw=106,experts=[0,1,2,4,5,6,10,12,13,14]; c3:bw=16,experts=[4]; c2:bw=100,experts=[0,1,2,4,5,6,10,12,13,14]; c5:bw=58,experts=[0,4,6,11,13]; c4:bw=18,experts=[4]; c8:bw=25,experts=[4,6]; c7:bw=34,experts=[4,6,11]; c6:bw=44,experts=[0,4,6,13]; c0:bw=132,experts=[0,1,2,4,5,6,8,9,10,12,13,14,15]
   57 | 0.01000 |   1.5748 |   57.75% |   57.82% |    1:00.90
      bandwidth/experts | c3:bw=121,experts=[0,1,2,4,5,6,8,10,11,12,13,14]; c8:bw=81,experts=[0,2,4,5,6,10,12,13]; c6:bw=91,experts=[0,1,2,4,5,6,12,13,14]; c1:bw=93,experts=[0,1,2,4,5,6,12,13,14]; c7:bw=130,experts=[0,1,2,4,5,6,8,9,10,12,13,14,15]; c0:bw=132,experts=[0,1,2,4,5,6,8,9,10,12,13,14,15]; c5:bw=83,experts=[0,1,2,4,6,9,10,13]; c4:bw=78,experts=[0,2,4,5,6,12,13]; c2:bw=62,experts=[0,2,4,6,12,13]; c9:bw=36,experts=[4,6,13]
   58 | 0.01000 |   1.5599 |   58.39% |   58.39% |    1:00.58
      bandwidth/experts | c7:bw=45,experts=[0,4,6,13]; c2:bw=10,experts=[4]; c9:bw=108,experts=[0,1,2,4,5,6,10,12,13,14]; c6:bw=104,experts=[0,1,4,5,6,9,10,11,12,13]; c5:bw=66,experts=[0,2,4,6,12,13]; c1:bw=56,experts=[0,2,4,6,13]; c8:bw=75,experts=[0,1,4,6,10,12,13]; c4:bw=72,experts=[0,2,4,5,6,12,13]; c3:bw=116,experts=[0,1,2,4,5,6,10,11,12,13,14]; c0:bw=89,experts=[0,1,2,4,6,10,12,13]
   59 | 0.01000 |   1.5552 |   58.58% |   58.58% |    1:08.37
      bandwidth/experts | c2:bw=69,experts=[0,2,4,5,6,13]; c8:bw=105,experts=[0,1,2,4,5,6,8,12,13,14]; c9:bw=52,experts=[0,2,4,6,14]; c6:bw=36,experts=[4,6,13]; c1:bw=123,experts=[0,1,2,4,5,6,8,10,11,12,13,14]; c4:bw=48,experts=[0,4,6,13]; c7:bw=53,experts=[0,2,4,6,13]; c5:bw=60,experts=[0,1,2,4,6,13]; c0:bw=98,experts=[0,1,4,5,6,8,10,11,13]; c3:bw=67,experts=[0,2,4,5,6,13]
   60 | 0.01000 |   1.5482 |   58.91% |   58.91% |    1:04.66
      bandwidth/experts | c0:bw=100,experts=[0,1,2,4,5,6,10,12,13,14]; c7:bw=90,experts=[0,1,2,4,5,6,7,12,13]; c4:bw=57,experts=[0,2,4,6,13]; c2:bw=57,experts=[0,2,4,6,13]; c5:bw=63,experts=[0,2,4,6,12,13]; c8:bw=46,experts=[0,4,6,13]; c6:bw=112,experts=[0,1,2,4,5,6,9,11,12,13,14]; c9:bw=14,experts=[4]; c1:bw=102,experts=[0,1,2,4,5,6,10,12,13,14]; c3:bw=83,experts=[0,2,4,5,6,12,13,14]
   61 | 0.01000 |   1.5437 |   59.28% |   59.28% |    1:02.73
      bandwidth/experts | c5:bw=92,experts=[0,1,2,4,6,10,11,12,13]; c6:bw=70,experts=[0,2,4,5,6,12,13]; c2:bw=55,experts=[0,2,4,6,13]; c9:bw=71,experts=[0,2,4,5,6,12,13]; c1:bw=63,experts=[0,2,4,6,12,13]; c3:bw=81,experts=[0,2,4,5,6,12,13,14]; c8:bw=104,experts=[0,1,2,4,5,6,11,12,13,14]; c4:bw=72,experts=[0,2,4,6,8,12,13]; c7:bw=82,experts=[0,2,4,5,6,10,12,13]; c0:bw=114,experts=[0,1,2,4,5,6,8,10,12,13,14]
   62 | 0.01000 |   1.5319 |   59.30% |   59.30% |    0:59.78
      bandwidth/experts | c8:bw=25,experts=[4,6]; c6:bw=118,experts=[0,1,2,4,5,6,8,10,12,13,14]; c9:bw=31,experts=[0,4,6]; c4:bw=114,experts=[0,1,2,4,5,6,9,11,12,13,14]; c5:bw=127,experts=[0,1,2,4,5,6,8,10,12,13,14,15]; c0:bw=53,experts=[0,1,4,6,13]; c3:bw=100,experts=[0,1,2,4,5,6,10,11,12,13]; c2:bw=79,experts=[0,2,4,5,6,12,13]; c1:bw=141,experts=[0,1,2,4,5,6,8,9,10,11,12,13,14,15]; c7:bw=84,experts=[0,1,2,4,5,6,12,13]
   63 | 0.01000 |   1.5277 |   60.21% |   60.21% |    0:59.62
      bandwidth/experts | c5:bw=17,experts=[4]; c9:bw=39,experts=[0,4,6]; c6:bw=64,experts=[0,2,4,6,12,13]; c3:bw=99,experts=[0,1,2,4,5,6,12,13,15]; c8:bw=60,experts=[0,4,5,6,12,13]; c1:bw=94,experts=[0,1,4,5,6,11,12,13,14]; c7:bw=129,experts=[0,1,2,4,5,6,8,9,10,12,13,14]; c0:bw=78,experts=[0,2,4,6,12,13,14]; c2:bw=53,experts=[0,4,5,6,13]; c4:bw=99,experts=[0,1,4,5,6,10,11,12,13]
   64 | 0.01000 |   1.5222 |   59.64% |   60.21% |    0:59.65
      bandwidth/experts | c6:bw=94,experts=[0,2,3,4,5,6,7,12,13]; c4:bw=71,experts=[1,3,4,6,7,11,13]; c5:bw=45,experts=[3,4,6,7]; c3:bw=71,experts=[0,2,3,4,6,7,13]; c7:bw=64,experts=[0,2,3,4,6,13]; c0:bw=60,experts=[0,3,4,6,7,13]; c8:bw=101,experts=[0,1,3,4,5,6,7,12,13,14]; c9:bw=112,experts=[0,1,2,3,4,6,7,12,13,14,15]; c2:bw=106,experts=[0,1,2,3,4,5,6,7,12,13]; c1:bw=54,experts=[0,3,4,6,7]
   65 | 0.01000 |   1.5140 |   60.05% |   60.21% |    0:59.51
      bandwidth/experts | c7:bw=17,experts=[4]; c5:bw=54,experts=[0,2,4,6,13]; c4:bw=108,experts=[0,1,4,5,6,10,11,12,13,14]; c6:bw=94,experts=[0,4,5,6,9,10,11,12,13]; c8:bw=124,experts=[0,1,2,4,5,6,8,10,12,13,14,15]; c3:bw=80,experts=[0,2,4,5,6,12,13,14]; c0:bw=78,experts=[0,2,4,5,6,12,13]; c2:bw=53,experts=[0,4,6,8,13]; c1:bw=109,experts=[0,1,4,5,6,10,11,12,13,14]; c9:bw=88,experts=[0,1,2,4,6,12,13,14]
   66 | 0.01000 |   1.5076 |   61.33% |   61.33% |    0:59.49
      bandwidth/experts | c2:bw=77,experts=[0,2,4,6,9,11,13]; c5:bw=32,experts=[0,4,6]; c1:bw=102,experts=[0,1,2,4,5,6,11,12,13,14]; c8:bw=46,experts=[0,4,6,13]; c9:bw=59,experts=[0,2,4,6,13]; c6:bw=56,experts=[0,1,4,6,13]; c4:bw=78,experts=[0,1,4,5,6,12,13]; c0:bw=72,experts=[0,1,2,4,6,12,13]; c3:bw=126,experts=[0,1,4,5,6,8,9,10,11,12,13,14]; c7:bw=95,experts=[0,1,2,4,5,6,12,13,14]
   67 | 0.01000 |   1.5061 |   60.79% |   61.33% |    0:59.41
      bandwidth/experts | c4:bw=97,experts=[1,2,4,5,6,9,10,11,13]; c5:bw=91,experts=[0,1,4,6,9,10,11,12,13]; c1:bw=69,experts=[0,4,6,10,12,13]; c3:bw=48,experts=[0,4,6,13]; c6:bw=100,experts=[0,1,2,4,5,6,10,12,13,14]; c0:bw=61,experts=[0,2,4,6,12,13]; c2:bw=81,experts=[0,2,4,5,6,12,13,14]; c9:bw=113,experts=[0,1,2,4,5,6,9,10,12,13,14]; c7:bw=111,experts=[0,1,2,4,5,6,9,10,12,13,14]; c8:bw=17,experts=[4]
   68 | 0.01000 |   1.4959 |   61.53% |   61.53% |    1:01.32
      bandwidth/experts | c1:bw=79,experts=[0,4,5,6,10,12,13]; c8:bw=59,experts=[0,2,4,6,13]; c2:bw=110,experts=[0,1,2,4,5,6,8,10,12,13,14]; c0:bw=57,experts=[0,2,4,6,13]; c3:bw=49,experts=[4,5,6,13]; c4:bw=93,experts=[0,2,4,5,6,12,13,14,15]; c5:bw=84,experts=[0,1,4,6,10,11,12,13]; c9:bw=29,experts=[4,6]; c7:bw=53,experts=[0,2,4,6,13]; c6:bw=60,experts=[0,2,4,6,13,15]
   69 | 0.01000 |   1.4856 |   61.47% |   61.53% |    1:02.35
      bandwidth/experts | c3:bw=78,experts=[0,2,4,6,12,13,14]; c7:bw=110,experts=[0,1,2,4,5,6,8,10,12,13,14]; c1:bw=59,experts=[0,4,6,12,13]; c4:bw=78,experts=[0,1,4,5,6,10,13]; c9:bw=67,experts=[0,2,4,6,12,13]; c5:bw=74,experts=[0,1,4,5,6,11,13]; c0:bw=99,experts=[0,1,2,4,5,6,12,13,14]; c2:bw=125,experts=[0,1,2,4,5,6,8,9,10,12,13,14]; c8:bw=79,experts=[0,1,4,5,6,12,13]; c6:bw=49,experts=[0,4,6,13]
   70 | 0.01000 |   1.5054 |   60.83% |   61.53% |    0:59.50
      bandwidth/experts | c1:bw=46,experts=[0,4,6,13]; c9:bw=10,experts=[11]; c7:bw=53,experts=[0,4,5,6,13]; c3:bw=60,experts=[0,4,5,6,10,13]; c0:bw=57,experts=[0,2,4,6,13]; c6:bw=49,experts=[0,4,6,13]; c2:bw=104,experts=[0,1,2,4,5,6,8,12,13,14]; c4:bw=109,experts=[0,1,2,4,5,6,10,12,13,14]; c5:bw=43,experts=[0,4,6,13]; c8:bw=91,experts=[0,1,2,4,6,9,12,13,14]
   71 | 0.01000 |   1.4814 |   61.19% |   61.53% |    1:00.06
      bandwidth/experts | c4:bw=80,experts=[0,1,4,5,6,10,12,13]; c0:bw=31,experts=[4,6,13]; c1:bw=99,experts=[0,1,4,5,6,10,12,13,14]; c9:bw=75,experts=[0,1,4,6,8,12,13]; c7:bw=39,experts=[0,4,6]; c5:bw=63,experts=[0,1,4,6,12,13]; c3:bw=116,experts=[0,1,2,4,5,6,9,10,11,12,13]; c6:bw=94,experts=[0,1,2,4,5,6,12,13,14]; c8:bw=73,experts=[0,2,4,5,6,12,13]; c2:bw=115,experts=[0,1,2,4,5,6,10,12,13,14,15]
   72 | 0.01000 |   1.4704 |   61.09% |   61.53% |    0:59.62
      bandwidth/experts | c8:bw=56,experts=[0,2,4,6,13]; c1:bw=75,experts=[0,1,2,4,6,12,13]; c5:bw=82,experts=[0,1,2,4,5,6,12,13]; c7:bw=91,experts=[0,1,2,4,5,6,11,12,13]; c6:bw=36,experts=[4,6,13]; c0:bw=99,experts=[0,1,2,4,5,6,10,12,13]; c3:bw=43,experts=[0,4,6,13]; c2:bw=43,experts=[0,4,6,13]; c9:bw=71,experts=[0,2,4,6,12,13,14]; c4:bw=74,experts=[0,1,2,4,6,10,13]
   73 | 0.01000 |   1.4671 |   62.21% |   62.21% |    1:00.10
      bandwidth/experts | c2:bw=89,experts=[0,2,4,5,6,12,13,14]; c8:bw=20,experts=[4,6]; c3:bw=75,experts=[0,2,4,5,6,12,13]; c1:bw=124,experts=[0,1,2,4,5,6,8,10,11,12,13,14]; c5:bw=32,experts=[0,4,6]; c9:bw=98,experts=[0,1,2,4,6,10,12,13,14]; c0:bw=53,experts=[4,6,9,13,15]; c7:bw=70,experts=[0,4,6,10,12,13,15]; c6:bw=37,experts=[4,6,13]; c4:bw=77,experts=[0,2,4,5,6,12,13]
   74 | 0.01000 |   1.4633 |   61.76% |   62.21% |    0:59.91
      bandwidth/experts | c3:bw=13,experts=[4]; c0:bw=75,experts=[0,1,2,4,6,12,13]; c1:bw=52,experts=[0,4,6,11,12]; c5:bw=95,experts=[0,1,4,5,6,10,11,12,13]; c7:bw=123,experts=[0,1,2,4,5,6,9,10,11,12,13,14]; c8:bw=53,experts=[0,2,4,6,13]; c6:bw=15,experts=[4]; c2:bw=11,experts=[4]; c4:bw=89,experts=[0,1,2,4,6,10,12,13]; c9:bw=60,experts=[0,2,4,6,12,13]
   75 | 0.01000 |   1.4563 |   62.25% |   62.25% |    1:00.72
      bandwidth/experts | c2:bw=75,experts=[0,4,5,6,9,11,13]; c9:bw=115,experts=[0,1,2,4,5,6,10,11,12,13,14]; c1:bw=102,experts=[0,1,2,4,5,6,10,12,13,14]; c3:bw=37,experts=[0,4,6]; c7:bw=54,experts=[0,1,4,6,13]; c6:bw=105,experts=[0,1,2,4,5,6,11,12,13,14]; c5:bw=59,experts=[4,6,11,12,13]; c4:bw=106,experts=[0,1,2,4,5,6,10,12,13,14]; c0:bw=114,experts=[0,1,2,4,5,6,10,11,12,13,14]; c8:bw=101,experts=[0,1,4,6,8,10,11,12,13,14]
   76 | 0.01000 |   1.4480 |   62.33% |   62.33% |    1:01.96
      bandwidth/experts | c8:bw=54,experts=[0,1,4,6,13]; c5:bw=70,experts=[0,1,4,6,11,12,13]; c0:bw=59,experts=[0,2,4,6,13]; c3:bw=28,experts=[4,6]; c2:bw=47,experts=[4,5,6,13]; c6:bw=44,experts=[0,4,6,13]; c7:bw=126,experts=[0,1,2,4,5,6,7,9,10,11,12,13]; c4:bw=114,experts=[0,1,2,4,5,6,10,11,12,13,15]; c9:bw=108,experts=[0,1,2,4,5,6,10,12,13,14]; c1:bw=101,experts=[0,1,2,4,5,6,8,10,12,13]
   77 | 0.01000 |   1.4577 |   62.55% |   62.55% |    1:03.69
      bandwidth/experts | c9:bw=55,experts=[0,4,6,12,13]; c2:bw=65,experts=[0,2,4,6,12,13]; c1:bw=118,experts=[0,1,2,4,5,6,10,11,12,13,14]; c8:bw=10,experts=[4]; c4:bw=10,experts=[8]; c7:bw=16,experts=[4]; c6:bw=107,experts=[0,1,2,4,5,6,10,12,13,14]; c0:bw=120,experts=[0,1,2,4,5,6,8,10,12,13,14,15]; c3:bw=76,experts=[0,2,4,5,6,12,13]; c5:bw=112,experts=[0,1,2,4,5,6,8,10,12,13,14]
   78 | 0.01000 |   1.4498 |   61.09% |   62.55% |    1:00.65
      bandwidth/experts | c0:bw=50,experts=[0,2,4,6,13]; c4:bw=43,experts=[0,4,6,13]; c3:bw=71,experts=[0,4,5,6,11,12,13]; c7:bw=68,experts=[0,2,4,6,12,13]; c8:bw=102,experts=[0,1,2,4,5,6,10,12,13,14]; c1:bw=77,experts=[0,4,5,6,9,13,15]; c9:bw=58,experts=[0,2,4,6,13]; c6:bw=109,experts=[0,1,4,5,6,8,9,10,11,13]; c5:bw=119,experts=[0,1,4,5,6,10,11,12,13,14,15]; c2:bw=65,experts=[0,2,4,6,12,13]
   79 | 0.01000 |   1.4359 |   61.80% |   62.55% |    1:00.75
      bandwidth/experts | c6:bw=40,experts=[0,4,6,13]; c9:bw=17,experts=[4]; c0:bw=68,experts=[1,2,4,6,10,13]; c4:bw=160,experts=[0,1,2,3,4,5,6,7,8,9,10,11,12,13,14,15]; c7:bw=86,experts=[0,1,2,4,5,6,12,13]; c8:bw=84,experts=[0,1,2,4,5,6,12,13]; c5:bw=100,experts=[0,1,2,4,5,6,11,12,13,14]; c3:bw=50,experts=[0,4,6,13,15]; c1:bw=70,experts=[0,2,4,5,6,12,13]; c2:bw=63,experts=[0,2,4,5,6,13]
   80 | 0.01000 |   1.4307 |   62.17% |   62.55% |    1:00.24
      bandwidth/experts | c5:bw=124,experts=[0,1,2,3,4,5,6,7,10,12,13,14]; c9:bw=99,experts=[0,1,3,4,6,7,12,13,15]; c7:bw=90,experts=[0,1,2,3,4,5,6,12,13]; c1:bw=58,experts=[0,3,4,6,7]; c3:bw=59,experts=[0,3,4,6,7]; c4:bw=108,experts=[0,1,2,4,5,6,10,12,13,14]; c2:bw=82,experts=[0,2,3,4,6,7,12,13]; c0:bw=90,experts=[1,2,3,4,6,7,10,13,15]; c6:bw=74,experts=[0,1,3,4,6,7,13]; c8:bw=97,experts=[0,2,3,4,5,6,7,12,13]
   81 | 0.01000 |   1.4276 |   62.16% |   62.55% |    1:00.31
      bandwidth/experts | c6:bw=97,experts=[0,1,4,5,6,9,11,12,13]; c2:bw=85,experts=[0,1,2,4,5,6,12,13]; c3:bw=126,experts=[0,1,2,4,5,6,8,10,12,13,14,15]; c1:bw=93,experts=[0,1,4,5,6,10,11,12,13]; c4:bw=79,experts=[1,4,5,6,10,12,13]; c5:bw=57,experts=[0,1,4,6,12]; c9:bw=50,experts=[0,1,4,6,12]; c7:bw=109,experts=[0,1,2,4,5,6,10,12,13,14]; c8:bw=90,experts=[0,2,4,5,6,12,13,14,15]; c0:bw=95,experts=[0,1,2,4,5,6,10,12,13]
   82 | 0.01000 |   1.4241 |   63.02% |   63.02% |    1:00.12
      bandwidth/experts | c1:bw=121,experts=[0,1,2,4,5,6,10,11,12,13,14,15]; c0:bw=57,experts=[1,4,6,10,13]; c6:bw=69,experts=[0,2,4,6,12,13]; c8:bw=109,experts=[0,1,2,4,5,6,10,12,13,14]; c7:bw=75,experts=[0,1,2,4,6,12,13]; c3:bw=74,experts=[0,2,4,5,6,12,13]; c2:bw=56,experts=[1,4,6,10,13]; c9:bw=105,experts=[0,1,2,4,6,10,11,12,13,14]; c5:bw=76,experts=[0,1,4,6,11,12,13]; c4:bw=56,experts=[0,1,4,6,13]
   83 | 0.01000 |   1.4360 |   63.03% |   63.03% |    0:59.94
      bandwidth/experts | c9:bw=97,experts=[0,1,2,4,6,9,12,13,14]; c4:bw=19,experts=[4]; c2:bw=77,experts=[0,1,2,4,6,12,13]; c7:bw=70,experts=[0,2,4,6,12,13,14]; c5:bw=10,experts=[9]; c0:bw=10,experts=[4]; c6:bw=100,experts=[0,1,2,4,6,9,11,12,13,15]; c1:bw=119,experts=[0,1,2,4,5,6,9,10,12,13,14]; c8:bw=74,experts=[0,2,4,5,6,12,13]; c3:bw=80,experts=[0,1,2,4,5,6,12,13]
   84 | 0.01000 |   1.4237 |   62.15% |   63.03% |    1:01.51
      bandwidth/experts | c8:bw=126,experts=[0,1,2,4,5,6,8,9,10,12,13,14]; c3:bw=61,experts=[1,4,6,11,12,13]; c1:bw=110,experts=[0,1,2,4,5,6,8,10,12,13,14]; c6:bw=10,experts=[4]; c9:bw=39,experts=[1,4,6]; c2:bw=69,experts=[1,4,6,10,11,13]; c7:bw=89,experts=[0,2,4,5,6,10,12,13]; c5:bw=38,experts=[4,6,13]; c4:bw=52,experts=[0,1,4,6,13]; c0:bw=19,experts=[4]
   85 | 0.01000 |   1.4063 |   62.24% |   63.03% |    1:03.67
      bandwidth/experts | c0:bw=72,experts=[0,1,2,4,6,10,13]; c2:bw=86,experts=[0,1,2,4,6,10,11,13]; c8:bw=132,experts=[0,1,2,4,5,6,8,9,10,11,12,13,14]; c6:bw=79,experts=[0,1,4,6,9,11,13]; c1:bw=107,experts=[0,1,2,4,5,6,10,11,12,13]; c4:bw=79,experts=[0,1,2,4,6,12,13]; c9:bw=109,experts=[0,1,2,4,5,6,10,12,13,14]; c3:bw=97,experts=[0,1,2,4,5,6,12,13,14]; c5:bw=23,experts=[4,6]; c7:bw=21,experts=[4,8]
   86 | 0.01000 |   1.4056 |   62.99% |   63.03% |    1:00.61
      bandwidth/experts | c5:bw=90,experts=[0,1,4,6,10,11,12,13,15]; c8:bw=53,experts=[0,4,6,12,13]; c2:bw=45,experts=[4,6,8,13]; c6:bw=104,experts=[0,1,2,4,5,6,8,12,13,14]; c0:bw=56,experts=[1,2,4,6,13]; c4:bw=35,experts=[4,6,13]; c7:bw=83,experts=[0,1,2,4,5,6,12,13]; c3:bw=52,experts=[0,2,4,6,13]; c1:bw=136,experts=[0,1,2,4,5,6,8,9,10,11,12,13,14]; c9:bw=81,experts=[0,1,2,4,6,12,13,14]
   87 | 0.01000 |   1.4021 |   63.00% |   63.03% |    0:59.19
      bandwidth/experts | c1:bw=55,experts=[0,1,4,6,11]; c2:bw=127,experts=[0,1,2,4,5,6,10,11,12,13,14,15]; c7:bw=42,experts=[0,4,6,13]; c5:bw=10,experts=[4]; c6:bw=113,experts=[0,1,2,4,5,6,9,10,11,12,13]; c3:bw=128,experts=[0,1,2,4,5,6,9,10,11,12,13,15]; c4:bw=64,experts=[0,2,4,6,12,13]; c9:bw=71,experts=[0,2,4,6,8,12,13]; c8:bw=87,experts=[0,1,4,5,6,10,12,13]; c0:bw=66,experts=[0,2,4,6,12,13]
   88 | 0.01000 |   1.3976 |   62.80% |   63.03% |    0:59.27
      bandwidth/experts | c8:bw=81,experts=[0,1,2,4,5,6,12,13]; c6:bw=51,experts=[0,4,6,11,13]; c3:bw=62,experts=[0,1,4,5,6,13]; c7:bw=78,experts=[0,4,5,6,10,11,13]; c0:bw=117,experts=[0,1,2,4,5,6,8,9,10,13,15]; c4:bw=71,experts=[0,4,5,6,10,12,13]; c9:bw=58,experts=[0,4,6,12,13]; c1:bw=53,experts=[0,2,4,6,13]; c5:bw=57,experts=[0,4,6,12,13]; c2:bw=86,experts=[0,1,4,5,6,10,12,13]
   89 | 0.01000 |   1.3947 |   63.90% |   63.90% |    1:10.28
      bandwidth/experts | c3:bw=58,experts=[0,4,6,12,13]; c8:bw=139,experts=[0,1,2,4,5,6,8,9,10,12,13,14,15]; c2:bw=84,experts=[0,1,4,5,6,9,11,13]; c9:bw=114,experts=[0,1,2,4,5,6,10,11,12,13,14]; c7:bw=40,experts=[4,6,13,15]; c5:bw=86,experts=[0,1,4,5,6,11,12,13]; c0:bw=24,experts=[4,6]; c6:bw=60,experts=[1,4,5,6,11,13]; c4:bw=58,experts=[0,1,4,6,13]; c1:bw=77,experts=[0,2,4,5,6,12,13]
   90 | 0.01000 |   1.3917 |   64.27% |   64.27% |    1:02.36
      bandwidth/experts | c7:bw=135,experts=[0,1,2,4,5,6,8,9,10,11,12,13,15]; c1:bw=58,experts=[0,1,4,6,13]; c3:bw=68,experts=[1,4,5,6,11,13]; c9:bw=120,experts=[0,1,2,4,5,6,9,10,11,12,13,14]; c0:bw=121,experts=[0,1,2,4,5,6,8,10,12,13,14,15]; c6:bw=49,experts=[0,4,6,13]; c2:bw=40,experts=[1,4,6,13]; c5:bw=51,experts=[0,4,6,12,13]; c8:bw=95,experts=[0,1,4,5,6,10,12,13,14]; c4:bw=67,experts=[0,2,4,6,12,13]
   91 | 0.01000 |   1.3814 |   64.32% |   64.32% |    0:59.71
      bandwidth/experts | c1:bw=94,experts=[0,1,2,4,5,6,12,13,14]; c9:bw=66,experts=[1,2,4,6,12,14]; c5:bw=98,experts=[0,1,4,6,9,10,11,12,13]; c7:bw=97,experts=[0,4,5,6,9,10,11,12,13]; c3:bw=75,experts=[0,2,4,5,6,12,13]; c4:bw=102,experts=[1,2,4,5,6,8,10,11,12,13]; c0:bw=42,experts=[4,6,11,13]; c6:bw=55,experts=[0,2,4,6,13]; c2:bw=21,experts=[4,6]; c8:bw=43,experts=[0,4,6,13]
   92 | 0.01000 |   1.3813 |   63.84% |   64.32% |    1:04.30
      bandwidth/experts | c3:bw=54,experts=[0,2,4,6,13]; c7:bw=64,experts=[0,2,4,6,7,13]; c1:bw=37,experts=[0,4,6]; c0:bw=56,experts=[0,2,4,6,13]; c8:bw=36,experts=[0,4,6]; c6:bw=86,experts=[0,1,2,4,5,6,12,13]; c9:bw=105,experts=[0,1,2,4,6,10,11,12,13,14]; c2:bw=47,experts=[0,4,6,13]; c5:bw=124,experts=[0,1,3,4,5,6,9,10,11,12,13,15]; c4:bw=50,experts=[0,4,6,12,13]
   93 | 0.01000 |   1.3953 |   63.93% |   64.32% |    1:00.45
      bandwidth/experts | c1:bw=89,experts=[0,1,2,4,6,12,13,14]; c3:bw=59,experts=[0,2,4,6,13]; c7:bw=42,experts=[0,4,6,13]; c9:bw=109,experts=[0,1,2,4,5,6,10,12,13,14]; c6:bw=42,experts=[0,4,6,13]; c8:bw=10,experts=[4]; c5:bw=15,experts=[8]; c4:bw=60,experts=[0,1,4,6,12,13]; c0:bw=35,experts=[4,6,13]; c2:bw=96,experts=[0,1,2,4,5,6,10,12,13]
   94 | 0.01000 |   1.3864 |   63.45% |   64.32% |    0:59.57
      bandwidth/experts | c7:bw=84,experts=[0,4,6,10,11,12,13,15]; c2:bw=122,experts=[0,1,2,4,5,6,9,10,11,12,13,15]; c5:bw=77,experts=[0,1,4,6,11,12,13]; c4:bw=59,experts=[0,4,6,12,13]; c6:bw=57,experts=[1,4,6,11,13]; c9:bw=95,experts=[0,1,2,4,6,10,12,13,14]; c1:bw=133,experts=[0,1,2,4,5,6,8,10,11,12,13,14,15]; c8:bw=14,experts=[4]; c0:bw=105,experts=[0,1,2,4,5,6,10,12,13,14]; c3:bw=64,experts=[0,4,5,6,12,13]
   95 | 0.01000 |   1.3795 |   64.14% |   64.32% |    1:00.06
      bandwidth/experts | c7:bw=112,experts=[0,1,2,4,5,6,9,10,11,12,13]; c9:bw=80,experts=[0,1,2,4,6,12,13,14]; c4:bw=29,experts=[3,7]; c6:bw=76,experts=[0,1,2,4,6,12,13]; c0:bw=66,experts=[1,2,4,6,10,13]; c3:bw=77,experts=[0,1,4,5,6,12,13]; c1:bw=59,experts=[0,2,4,6,13]; c8:bw=143,experts=[0,1,2,4,5,6,8,9,10,11,12,13,14,15]; c2:bw=43,experts=[0,4,6,13]; c5:bw=16,experts=[4]
   96 | 0.01000 |   1.3786 |   62.98% |   64.32% |    0:59.63
      bandwidth/experts | c2:bw=122,experts=[0,1,2,3,4,5,6,7,10,12,13,14]; c9:bw=83,experts=[0,3,4,6,7,12,13,15]; c3:bw=86,experts=[0,3,4,5,6,7,12,13]; c1:bw=68,experts=[0,3,4,6,7,13]; c5:bw=113,experts=[0,1,2,4,5,6,7,11,12,13,14]; c4:bw=92,experts=[0,1,4,6,9,12,13,14,15]; c6:bw=59,experts=[3,4,6,7,13]; c7:bw=95,experts=[0,1,2,3,4,6,10,12,13]; c0:bw=68,experts=[1,3,4,6,7,13]; c8:bw=122,experts=[0,1,3,4,5,6,7,8,9,11,12,13]
   97 | 0.01000 |   1.3700 |   63.34% |   64.32% |    0:59.59
      bandwidth/experts | c0:bw=77,experts=[0,1,2,4,6,11,13]; c9:bw=82,experts=[1,2,4,6,11,12,13,14]; c8:bw=81,experts=[0,1,4,5,6,12,13,14]; c4:bw=31,experts=[4,6,13]; c7:bw=57,experts=[2,4,6,11,13]; c1:bw=95,experts=[0,1,2,4,5,6,12,13,14]; c3:bw=66,experts=[0,1,4,6,8,13]; c5:bw=88,experts=[0,1,4,5,6,11,12,13]; c6:bw=95,experts=[0,1,2,4,5,6,12,13,14]; c2:bw=102,experts=[0,1,2,4,5,6,10,12,13,14]
   98 | 0.01000 |   1.3645 |   63.51% |   64.32% |    1:00.07
      bandwidth/experts | c4:bw=98,experts=[0,1,2,4,6,10,11,12,13]; c8:bw=101,experts=[0,1,4,5,6,8,10,12,13,14]; c9:bw=51,experts=[0,4,6,12,13]; c7:bw=45,experts=[0,4,6,13]; c6:bw=69,experts=[0,1,4,6,11,13]; c5:bw=93,experts=[0,1,4,6,10,11,12,13,15]; c0:bw=63,experts=[0,1,2,4,6,13]; c3:bw=48,experts=[0,4,6,13]; c1:bw=49,experts=[1,4,6,13]; c2:bw=46,experts=[4,6,11,13]
   99 | 0.01000 |   1.3582 |   63.83% |   64.32% |    0:59.32
      bandwidth/experts | c8:bw=64,experts=[0,2,4,6,12,13]; c5:bw=93,experts=[0,1,2,4,6,10,11,12,13]; c7:bw=86,experts=[4,6,10,11,12,13,14,15]; c1:bw=112,experts=[0,1,2,4,5,6,10,11,12,13,14]; c3:bw=71,experts=[1,4,6,10,11,12,13]; c9:bw=39,experts=[0,4,6]; c4:bw=46,experts=[1,4,6,13]; c0:bw=76,experts=[0,1,2,4,6,10,13]; c2:bw=58,experts=[0,2,4,6,13]; c6:bw=66,experts=[0,2,4,6,13,15]
  100 | 0.01000 |   1.3532 |   63.97% |   64.32% |    0:59.97
      bandwidth/experts | c2:bw=57,experts=[1,4,6,10,13]; c8:bw=84,experts=[0,4,5,6,8,10,11,13]; c9:bw=100,experts=[0,1,2,4,5,6,10,12,13,14]; c5:bw=35,experts=[4,6,11]; c6:bw=83,experts=[0,1,4,5,6,11,13,15]; c1:bw=33,experts=[4,5,6]; c4:bw=123,experts=[0,1,2,4,5,6,10,11,12,13,14,15]; c7:bw=13,experts=[4]; c3:bw=78,experts=[0,2,4,5,6,12,13]; c0:bw=122,experts=[0,1,2,4,5,6,9,10,12,13,14,15]

Done. Best Acc: 64.32% @ round 91
Total time: 1:40:54.96
[Export] 实验目录: /userhome/cs3/duanty/FedMoE/results/exp03-c100-resnet-e16-fedavg/20260923-151950
[Export] 每轮明细: /userhome/cs3/duanty/FedMoE/results/exp03-c100-resnet-e16-fedavg/20260923-151950/rounds.xlsx
[Export] 总体摘要: /userhome/cs3/duanty/FedMoE/results/exp03-c100-resnet-e16-fedavg/20260923-151950/summary.xlsx
[Plot] result = /userhome/cs3/duanty/FedMoE/results/exp03-c100-resnet-e16-fedavg/20260923-151950
[Plot] figures -> /userhome/cs3/duanty/FedMoE/results/exp03-c100-resnet-e16-fedavg/20260923-151950/figure
  fig01_test_accuracy.pdf
  fig02_train_loss.pdf
  fig03_acc_and_loss.pdf
  fig04_bandwidth_and_k.pdf
  fig05_expert_round_heatmap.pdf
  fig06_client_expert_heatmap.pdf
  fig07_expert_frequency.pdf
  fig08_time_breakdown.pdf
  fig09_accuracy_vs_communication.pdf
  fig10_overview.pdf
[Export] 图片目录: /userhome/cs3/duanty/FedMoE/results/exp03-c100-resnet-e16-fedavg/20260923-151950/figure
