========================================
Job    : exp03-c100-resnet-n20-fedadam
Host   : gpu-4090-101
Date   : Wed Sep 23 20:00:23 HKT 2026
GPU    : 0
Python : /userhome/cs3/duanty/miniconda3/envs/moe/bin/python
Command: python -u main.py --method ours --dataset cifar100 --backbone resnet --select ours --merge fedadam --device cuda --num_experts 8 --num_clients 20 --bw_min 10 --bw_max -1 --output_dir ./results/exp03-c100-resnet-n20-fedadam --fedadam_tau 0.01
========================================

==================================================================
 Ours  
  Dataset=cifar100 | beta=0.1 | Backbone=resnet | width_mult=1 | Clients=20 | Experts=8
  Select=ours | Merge=fedadam
  Expert refresh N_ref=8
  Rounds=100 | LR=0.01
  Bandwidth: expert_bw=10 | bw=[10, 80] | Rayleigh-Shannon, SNR=10 dB | k=floor(bw/10)
==================================================================


[Partition] Dirichlet beta=0.1, 20 clients
  Client 0:   1405 samples | 32/100 classes
  Client 1:   3603 samples | 46/100 classes
  Client 2:   2517 samples | 40/100 classes
  Client 3:   1391 samples | 36/100 classes
  Client 4:   3256 samples | 47/100 classes
  Client 5:   1209 samples | 37/100 classes
  Client 6:   1933 samples | 40/100 classes
  Client 7:   3123 samples | 50/100 classes
  Client 8:   2179 samples | 40/100 classes
  Client 9:   2148 samples | 39/100 classes
  Client 10:   1150 samples | 43/100 classes
  Client 11:   2282 samples | 44/100 classes
  Client 12:   2387 samples | 37/100 classes
  Client 13:   4032 samples | 50/100 classes
  Client 14:   3805 samples | 45/100 classes
  Client 15:   2872 samples | 52/100 classes
  Client 16:   2032 samples | 41/100 classes
  Client 17:   2165 samples | 39/100 classes
  Client 18:   2968 samples | 45/100 classes
  Client 19:   3543 samples | 100/100 classes

[Upload] expert_bw=10 | available bw=[10, 80] | Rayleigh-Shannon, SNR=10 dB | upload k=floor(bw/10), cap=8 | probe gate scores, refresh stale experts, then train selected

[Model] Total params: 13,684,576

[Export] 本次实验目录: /userhome/cs3/duanty/FedMoE/results/exp03-c100-resnet-n20-fedadam/20260923-200027

Round |      LR |  AvgLoss |  TestAcc |     Best |  RoundTime
--------------------------------------------------------------------------------
    1 | 0.00208 |   3.8774 |    0.98% |    0.98% |    0:54.97
      bandwidth/experts | c0:bw=10,experts=[2]; c17:bw=34,experts=[2,4,6]; c15:bw=58,experts=[1,2,4,5,6]; c1:bw=29,experts=[2,4]; c8:bw=55,experts=[1,2,4,5,6]; c5:bw=44,experts=[1,2,4,6]; c11:bw=24,experts=[2,4]; c3:bw=51,experts=[1,2,4,5,6]; c18:bw=30,experts=[2,4,6]; c16:bw=48,experts=[1,2,4,6]; c13:bw=42,experts=[1,2,4,6]; c2:bw=29,experts=[2,4]; c9:bw=45,experts=[1,2,4,6]; c19:bw=40,experts=[1,2,4,6]; c4:bw=40,experts=[1,2,4,6]; c12:bw=23,experts=[2,4]; c7:bw=20,experts=[2,6]; c10:bw=22,experts=[2,4]; c14:bw=54,experts=[1,2,4,5,6]; c6:bw=41,experts=[1,2,4,6]
    2 | 0.00406 |   3.5793 |    1.00% |    1.00% |    0:52.58
      bandwidth/experts | c19:bw=53,experts=[1,2,4,5,6]; c16:bw=16,experts=[4]; c15:bw=62,experts=[0,1,2,4,5,6]; c5:bw=69,experts=[0,1,2,4,5,6]; c4:bw=30,experts=[1,4,6]; c12:bw=16,experts=[4]; c14:bw=26,experts=[4,6]; c7:bw=55,experts=[1,2,4,5,6]; c3:bw=67,experts=[0,1,2,4,5,6]; c6:bw=17,experts=[4]; c2:bw=22,experts=[4,6]; c9:bw=46,experts=[1,2,4,6]; c13:bw=54,experts=[1,2,4,5,6]; c10:bw=59,experts=[1,2,4,5,6]; c18:bw=24,experts=[4,6]; c8:bw=48,experts=[1,2,4,6]; c17:bw=51,experts=[1,2,4,5,6]; c11:bw=29,experts=[4,6]; c0:bw=36,experts=[1,4,6]; c1:bw=41,experts=[1,2,4,6]
    3 | 0.00604 |   3.4289 |    1.28% |    1.28% |    0:54.45
      bandwidth/experts | c10:bw=10,experts=[4]; c7:bw=33,experts=[0,4,6]; c0:bw=50,experts=[0,1,4,5,6]; c2:bw=42,experts=[0,1,4,6]; c5:bw=13,experts=[4]; c18:bw=40,experts=[0,1,4,6]; c16:bw=31,experts=[0,4,6]; c12:bw=37,experts=[0,4,6]; c4:bw=52,experts=[0,1,4,5,6]; c14:bw=53,experts=[0,1,4,5,6]; c15:bw=16,experts=[4]; c9:bw=48,experts=[0,1,4,6]; c1:bw=13,experts=[4]; c13:bw=54,experts=[0,1,4,5,6]; c11:bw=66,experts=[0,1,2,4,5,6]; c19:bw=24,experts=[4,6]; c3:bw=26,experts=[4,6]; c17:bw=41,experts=[0,1,4,6]; c6:bw=40,experts=[0,1,4,6]; c8:bw=30,experts=[0,4,6]
    4 | 0.00802 |   3.3475 |    1.35% |    1.35% |    0:54.12
      bandwidth/experts | c0:bw=59,experts=[0,1,4,5,6]; c18:bw=43,experts=[0,1,4,6]; c6:bw=53,experts=[0,1,4,5,6]; c8:bw=31,experts=[0,4,6]; c17:bw=39,experts=[0,4,6]; c11:bw=49,experts=[0,1,4,6]; c4:bw=56,experts=[0,1,4,5,6]; c9:bw=22,experts=[4,6]; c12:bw=63,experts=[0,1,2,4,5,6]; c10:bw=64,experts=[0,1,2,4,5,6]; c5:bw=73,experts=[0,1,2,4,5,6,7]; c19:bw=47,experts=[0,1,4,6]; c15:bw=24,experts=[4,6]; c7:bw=45,experts=[0,1,4,6]; c1:bw=40,experts=[0,1,4,6]; c3:bw=34,experts=[0,4,6]; c16:bw=45,experts=[0,1,4,6]; c13:bw=49,experts=[0,1,4,6]; c2:bw=60,experts=[0,1,2,4,5,6]; c14:bw=32,experts=[0,4,6]
    5 | 0.01000 |   3.3011 |    1.33% |    1.35% |    0:52.78
      bandwidth/experts | c5:bw=40,experts=[0,1,4,6]; c2:bw=10,experts=[4]; c10:bw=35,experts=[0,4,6]; c19:bw=19,experts=[4]; c0:bw=50,experts=[0,1,4,5,6]; c12:bw=55,experts=[0,1,4,5,6]; c9:bw=62,experts=[0,1,2,4,5,6]; c16:bw=32,experts=[0,4,6]; c1:bw=20,experts=[0,4]; c4:bw=48,experts=[0,1,4,6]; c17:bw=64,experts=[0,1,2,4,5,6]; c8:bw=37,experts=[0,4,6]; c11:bw=21,experts=[0,4]; c6:bw=53,experts=[0,1,4,5,6]; c18:bw=10,experts=[4]; c7:bw=24,experts=[0,4]; c14:bw=53,experts=[0,1,4,5,6]; c15:bw=45,experts=[0,1,4,6]; c13:bw=36,experts=[0,4,6]; c3:bw=63,experts=[0,1,2,4,5,6]
    6 | 0.01000 |   3.2744 |    1.62% |    1.62% |    0:52.59
      bandwidth/experts | c3:bw=36,experts=[0,4,6]; c1:bw=32,experts=[0,4,6]; c4:bw=17,experts=[4]; c5:bw=27,experts=[0,4]; c15:bw=33,experts=[0,4,6]; c16:bw=54,experts=[0,1,4,5,6]; c9:bw=48,experts=[0,1,4,6]; c10:bw=10,experts=[4]; c13:bw=15,experts=[4]; c2:bw=42,experts=[0,1,4,6]; c18:bw=40,experts=[0,1,4,6]; c19:bw=37,experts=[0,4,6]; c11:bw=31,experts=[0,4,6]; c17:bw=27,experts=[0,4]; c7:bw=58,experts=[0,1,4,5,6]; c8:bw=67,experts=[0,1,2,4,5,6]; c6:bw=20,experts=[0,4]; c0:bw=31,experts=[0,4,6]; c12:bw=62,experts=[0,1,2,4,5,6]; c14:bw=40,experts=[0,1,4,6]
    7 | 0.01000 |   3.2497 |    2.72% |    2.72% |    0:52.58
      bandwidth/experts | c13:bw=25,experts=[4,6]; c10:bw=17,experts=[4]; c12:bw=47,experts=[0,1,4,6]; c16:bw=53,experts=[0,1,4,5,6]; c9:bw=10,experts=[4]; c5:bw=49,experts=[0,1,4,6]; c3:bw=26,experts=[4,6]; c2:bw=40,experts=[0,1,4,6]; c4:bw=14,experts=[4]; c15:bw=39,experts=[0,4,6]; c14:bw=13,experts=[4]; c17:bw=41,experts=[0,1,4,6]; c0:bw=36,experts=[0,4,6]; c1:bw=10,experts=[4]; c11:bw=60,experts=[0,1,2,4,5,6]; c7:bw=31,experts=[0,4,6]; c18:bw=20,experts=[4,6]; c19:bw=54,experts=[0,1,4,5,6]; c8:bw=57,experts=[0,1,4,5,6]; c6:bw=13,experts=[4]
    8 | 0.01000 |   3.3169 |    4.33% |    4.33% |    0:52.57
      bandwidth/experts | c17:bw=56,experts=[0,3,4,6,7]; c18:bw=39,experts=[3,5,7]; c1:bw=58,experts=[3,4,5,6,7]; c5:bw=28,experts=[3,4]; c3:bw=37,experts=[3,4,7]; c15:bw=66,experts=[0,1,3,4,6,7]; c7:bw=15,experts=[3]; c11:bw=45,experts=[3,4,6,7]; c16:bw=45,experts=[3,4,6,7]; c8:bw=37,experts=[3,4,7]; c10:bw=51,experts=[0,3,4,6,7]; c12:bw=51,experts=[0,3,4,6,7]; c6:bw=41,experts=[3,4,6,7]; c9:bw=59,experts=[0,3,4,6,7]; c19:bw=31,experts=[3,4,7]; c0:bw=32,experts=[3,4,7]; c2:bw=54,experts=[0,3,4,6,7]; c13:bw=35,experts=[3,4,7]; c14:bw=59,experts=[0,3,4,6,7]; c4:bw=10,experts=[3]
    9 | 0.01000 |   3.2054 |    4.87% |    4.87% |    0:53.04
      bandwidth/experts | c17:bw=49,experts=[0,4,6,7]; c11:bw=28,experts=[4,6]; c7:bw=46,experts=[0,4,6,7]; c13:bw=41,experts=[0,4,5,6]; c0:bw=52,experts=[0,2,4,6,7]; c9:bw=26,experts=[4,6]; c4:bw=59,experts=[0,2,4,6,7]; c8:bw=18,experts=[4]; c1:bw=14,experts=[4]; c5:bw=52,experts=[0,4,5,6,7]; c2:bw=21,experts=[4,6]; c16:bw=41,experts=[0,2,4,6]; c19:bw=26,experts=[4,6]; c15:bw=36,experts=[0,4,6]; c3:bw=23,experts=[4,6]; c18:bw=53,experts=[0,2,4,6,7]; c10:bw=34,experts=[0,4,6]; c14:bw=37,experts=[2,4,6]; c12:bw=38,experts=[0,4,6]; c6:bw=31,experts=[2,4,6]
   10 | 0.01000 |   3.2132 |    4.77% |    4.87% |    0:54.08
      bandwidth/experts | c4:bw=37,experts=[4,6,7]; c9:bw=35,experts=[4,6,7]; c1:bw=41,experts=[2,4,6,7]; c15:bw=10,experts=[2]; c7:bw=37,experts=[2,4,6]; c5:bw=58,experts=[0,1,4,6,7]; c16:bw=44,experts=[0,4,6,7]; c2:bw=34,experts=[4,6,7]; c18:bw=28,experts=[4,6]; c3:bw=46,experts=[1,4,6,7]; c12:bw=52,experts=[0,1,4,6,7]; c17:bw=35,experts=[4,6,7]; c8:bw=35,experts=[4,6,7]; c14:bw=57,experts=[0,1,4,6,7]; c0:bw=59,experts=[0,1,4,6,7]; c13:bw=38,experts=[2,4,6]; c6:bw=65,experts=[0,1,4,5,6,7]; c10:bw=54,experts=[0,1,4,6,7]; c19:bw=43,experts=[2,4,6,7]; c11:bw=21,experts=[4,6]
   11 | 0.01000 |   3.1617 |    4.84% |    4.87% |    0:53.46
      bandwidth/experts | c2:bw=27,experts=[4,6]; c6:bw=55,experts=[1,3,4,6,7]; c16:bw=43,experts=[1,4,6,7]; c4:bw=16,experts=[4]; c17:bw=44,experts=[3,4,6,7]; c1:bw=40,experts=[1,4,6,7]; c13:bw=40,experts=[3,4,6,7]; c12:bw=20,experts=[4,6]; c19:bw=25,experts=[4,6]; c3:bw=50,experts=[1,3,4,6,7]; c8:bw=39,experts=[4,6,7]; c15:bw=44,experts=[4,5,6,7]; c5:bw=28,experts=[4,6]; c10:bw=35,experts=[4,6,7]; c14:bw=15,experts=[4]; c7:bw=44,experts=[1,4,6,7]; c11:bw=34,experts=[4,6,7]; c9:bw=33,experts=[4,6,7]; c18:bw=47,experts=[1,4,6,7]; c0:bw=28,experts=[4,6]
   12 | 0.01000 |   3.1457 |    5.20% |    5.20% |    0:53.78
      bandwidth/experts | c14:bw=29,experts=[4,6]; c3:bw=35,experts=[4,6,7]; c9:bw=42,experts=[3,4,6,7]; c18:bw=45,experts=[3,4,6,7]; c8:bw=55,experts=[2,3,4,6,7]; c11:bw=45,experts=[3,4,6,7]; c17:bw=39,experts=[4,6,7]; c6:bw=29,experts=[4,6]; c5:bw=56,experts=[2,3,4,6,7]; c12:bw=73,experts=[1,2,3,4,5,6,7]; c19:bw=31,experts=[4,6,7]; c13:bw=53,experts=[1,3,4,6,7]; c10:bw=62,experts=[2,3,4,5,6,7]; c15:bw=36,experts=[3,4,6]; c7:bw=30,experts=[3,4,6]; c0:bw=49,experts=[3,4,6,7]; c4:bw=28,experts=[4,5]; c16:bw=28,experts=[4,6]; c2:bw=57,experts=[2,3,4,5,6]; c1:bw=42,experts=[3,4,6,7]
   13 | 0.01000 |   3.1986 |    6.00% |    6.00% |    0:53.52
      bandwidth/experts | c9:bw=15,experts=[2]; c8:bw=15,experts=[4]; c6:bw=36,experts=[4,6,7]; c14:bw=70,experts=[1,2,3,4,5,6,7]; c13:bw=32,experts=[4,6,7]; c2:bw=16,experts=[4]; c19:bw=36,experts=[3,4,6]; c12:bw=42,experts=[3,4,6,7]; c1:bw=47,experts=[3,4,6,7]; c17:bw=55,experts=[2,4,5,6,7]; c4:bw=10,experts=[1]; c15:bw=38,experts=[3,4,6]; c18:bw=51,experts=[2,3,4,6,7]; c0:bw=25,experts=[4,5]; c16:bw=10,experts=[4]; c7:bw=58,experts=[2,3,4,6,7]; c10:bw=42,experts=[3,4,6,7]; c3:bw=30,experts=[2,4,5]; c5:bw=29,experts=[4,6]; c11:bw=52,experts=[2,3,4,6,7]
   14 | 0.01000 |   3.1058 |    6.85% |    6.85% |    0:53.45
      bandwidth/experts | c5:bw=64,experts=[2,3,4,5,6,7]; c11:bw=36,experts=[4,6,7]; c4:bw=10,experts=[4]; c19:bw=42,experts=[3,4,6,7]; c9:bw=32,experts=[1,4,5]; c1:bw=38,experts=[0,4,6]; c12:bw=43,experts=[3,4,6,7]; c10:bw=31,experts=[3,4,6]; c7:bw=25,experts=[4,5]; c0:bw=25,experts=[4,6]; c8:bw=21,experts=[4,6]; c13:bw=34,experts=[4,6,7]; c6:bw=67,experts=[2,3,4,5,6,7]; c17:bw=10,experts=[4]; c16:bw=19,experts=[4]; c14:bw=25,experts=[4,6]; c18:bw=63,experts=[0,2,3,4,6,7]; c3:bw=45,experts=[0,4,6,7]; c2:bw=45,experts=[3,4,6,7]; c15:bw=12,experts=[4]
   15 | 0.01000 |   3.0767 |    8.62% |    8.62% |    0:53.45
      bandwidth/experts | c14:bw=50,experts=[2,3,4,6,7]; c16:bw=29,experts=[4,5]; c19:bw=59,experts=[0,1,4,5,6]; c13:bw=60,experts=[2,3,4,5,6,7]; c4:bw=47,experts=[3,4,6,7]; c12:bw=10,experts=[4]; c5:bw=18,experts=[4]; c7:bw=59,experts=[2,3,4,6,7]; c10:bw=13,experts=[4]; c1:bw=14,experts=[4]; c0:bw=20,experts=[4,6]; c15:bw=10,experts=[4]; c3:bw=10,experts=[4]; c8:bw=52,experts=[0,1,4,5,6]; c18:bw=34,experts=[4,6,7]; c11:bw=55,experts=[0,1,4,5,6]; c6:bw=33,experts=[3,4,6]; c2:bw=53,experts=[1,3,4,6,7]; c9:bw=19,experts=[4]; c17:bw=47,experts=[1,4,6,7]
   16 | 0.01000 |   3.0928 |    9.16% |    9.16% |    0:53.41
      bandwidth/experts | c6:bw=40,experts=[3,4,6,7]; c11:bw=10,experts=[4]; c4:bw=35,experts=[3,4,6]; c1:bw=29,experts=[4,5]; c18:bw=12,experts=[5]; c9:bw=24,experts=[0,4]; c14:bw=29,experts=[4,6]; c13:bw=24,experts=[4,6]; c10:bw=22,experts=[4,6]; c0:bw=57,experts=[2,3,4,6,7]; c12:bw=14,experts=[4]; c5:bw=40,experts=[3,4,6,7]; c7:bw=22,experts=[4,6]; c3:bw=43,experts=[3,4,6,7]; c17:bw=43,experts=[3,4,6,7]; c16:bw=54,experts=[2,3,4,6,7]; c15:bw=48,experts=[1,4,6,7]; c2:bw=52,experts=[0,3,4,6,7]; c19:bw=62,experts=[1,2,3,4,6,7]; c8:bw=49,experts=[3,4,6,7]
   17 | 0.01000 |   3.0659 |   10.36% |   10.36% |    0:53.46
      bandwidth/experts | c14:bw=33,experts=[4,6,7]; c7:bw=25,experts=[0,4]; c12:bw=74,experts=[0,2,3,4,5,6,7]; c6:bw=39,experts=[4,6,7]; c11:bw=10,experts=[4]; c4:bw=58,experts=[0,2,4,6,7]; c16:bw=30,experts=[3,4,6]; c9:bw=37,experts=[4,6,7]; c10:bw=44,experts=[3,4,6,7]; c0:bw=11,experts=[4]; c3:bw=52,experts=[2,3,4,6,7]; c8:bw=10,experts=[4]; c18:bw=31,experts=[4,6,7]; c5:bw=10,experts=[4]; c19:bw=40,experts=[3,4,6,7]; c1:bw=29,experts=[4,6]; c13:bw=27,experts=[0,4]; c17:bw=11,experts=[0]; c2:bw=19,experts=[4]; c15:bw=50,experts=[0,3,4,6,7]
   18 | 0.01000 |   3.0743 |   11.51% |   11.51% |    0:53.29
      bandwidth/experts | c7:bw=55,experts=[2,3,4,6,7]; c3:bw=37,experts=[4,6,7]; c4:bw=56,experts=[2,3,4,6,7]; c18:bw=60,experts=[0,2,3,4,6,7]; c1:bw=10,experts=[2]; c12:bw=18,experts=[4]; c8:bw=10,experts=[4]; c9:bw=19,experts=[4]; c14:bw=40,experts=[0,4,6,7]; c17:bw=50,experts=[2,3,4,6,7]; c19:bw=33,experts=[4,6,7]; c13:bw=43,experts=[3,4,6,7]; c6:bw=31,experts=[0,4,6]; c5:bw=35,experts=[0,1,4]; c2:bw=37,experts=[4,6,7]; c10:bw=27,experts=[0,1]; c11:bw=57,experts=[1,3,4,6,7]; c15:bw=51,experts=[2,3,4,6,7]; c0:bw=49,experts=[0,1,4,6]; c16:bw=38,experts=[0,4,6]
   19 | 0.01000 |   3.0226 |   12.32% |   12.32% |    0:54.29
      bandwidth/experts | c8:bw=56,experts=[2,3,4,6,7]; c7:bw=22,experts=[1,4]; c1:bw=46,experts=[1,3,4,6]; c6:bw=66,experts=[1,2,3,4,6,7]; c9:bw=38,experts=[4,6,7]; c10:bw=35,experts=[4,6,7]; c11:bw=20,experts=[4,6]; c19:bw=37,experts=[4,6,7]; c13:bw=10,experts=[4]; c5:bw=29,experts=[4,6]; c17:bw=67,experts=[0,2,3,4,6,7]; c12:bw=54,experts=[2,3,4,6,7]; c18:bw=31,experts=[1,4,6]; c16:bw=13,experts=[1]; c3:bw=40,experts=[1,4,6,7]; c2:bw=14,experts=[4]; c15:bw=39,experts=[4,5,6]; c4:bw=51,experts=[2,3,4,6,7]; c0:bw=42,experts=[3,4,6,7]; c14:bw=30,experts=[4,6,7]
   20 | 0.01000 |   3.0400 |   13.12% |   13.12% |    0:53.28
      bandwidth/experts | c17:bw=48,experts=[3,4,6,7]; c4:bw=59,experts=[3,4,5,6,7]; c3:bw=18,experts=[4]; c10:bw=16,experts=[2]; c6:bw=68,experts=[0,2,3,4,6,7]; c13:bw=40,experts=[1,3,4,6]; c14:bw=30,experts=[4,6,7]; c11:bw=10,experts=[4]; c7:bw=43,experts=[3,4,6,7]; c16:bw=40,experts=[3,4,6,7]; c12:bw=44,experts=[1,4,6,7]; c5:bw=10,experts=[4]; c9:bw=17,experts=[3]; c8:bw=50,experts=[2,3,4,6,7]; c1:bw=40,experts=[3,4,6,7]; c15:bw=19,experts=[4]; c19:bw=48,experts=[3,4,6,7]; c18:bw=21,experts=[4,6]; c0:bw=28,experts=[4,6]; c2:bw=41,experts=[2,4,5,6]
   21 | 0.01000 |   2.9861 |   13.96% |   13.96% |    0:53.14
      bandwidth/experts | c13:bw=23,experts=[4,6]; c14:bw=31,experts=[1,4,5]; c15:bw=19,experts=[4]; c17:bw=35,experts=[4,5,6]; c3:bw=10,experts=[5]; c4:bw=48,experts=[1,4,6,7]; c18:bw=60,experts=[0,2,3,4,6,7]; c19:bw=58,experts=[2,3,4,6,7]; c2:bw=39,experts=[4,6,7]; c11:bw=23,experts=[2,4]; c12:bw=38,experts=[4,6,7]; c9:bw=25,experts=[2,4]; c6:bw=16,experts=[4]; c5:bw=32,experts=[4,6,7]; c10:bw=40,experts=[4,5,6,7]; c8:bw=18,experts=[4]; c0:bw=66,experts=[2,3,4,5,6,7]; c7:bw=12,experts=[4]; c16:bw=33,experts=[4,6,7]; c1:bw=41,experts=[3,4,6,7]
   22 | 0.01000 |   3.0038 |   15.13% |   15.13% |    0:53.35
      bandwidth/experts | c4:bw=36,experts=[4,6,7]; c19:bw=45,experts=[3,4,6,7]; c8:bw=33,experts=[4,6,7]; c17:bw=62,experts=[0,2,3,4,6,7]; c18:bw=15,experts=[4]; c5:bw=17,experts=[2]; c10:bw=10,experts=[4]; c16:bw=34,experts=[4,6,7]; c9:bw=33,experts=[1,4,5]; c1:bw=10,experts=[0]; c6:bw=61,experts=[2,3,4,5,6,7]; c2:bw=66,experts=[0,2,3,4,6,7]; c11:bw=43,experts=[3,4,6,7]; c14:bw=48,experts=[3,4,6,7]; c13:bw=34,experts=[4,6,7]; c15:bw=66,experts=[0,2,3,4,6,7]; c7:bw=16,experts=[5]; c0:bw=67,experts=[0,2,3,4,6,7]; c12:bw=64,experts=[0,2,3,4,6,7]; c3:bw=56,experts=[0,3,4,6,7]
   23 | 0.01000 |   2.9494 |   15.87% |   15.87% |    0:53.35
      bandwidth/experts | c2:bw=32,experts=[1,4,6]; c13:bw=54,experts=[2,4,5,6,7]; c1:bw=62,experts=[0,2,3,4,6,7]; c19:bw=21,experts=[0,5]; c8:bw=35,experts=[0,1,5]; c15:bw=29,experts=[4,6]; c3:bw=15,experts=[4]; c6:bw=10,experts=[4]; c18:bw=26,experts=[4,6]; c12:bw=26,experts=[4,6]; c7:bw=15,experts=[4]; c0:bw=11,experts=[4]; c4:bw=56,experts=[2,3,4,6,7]; c11:bw=52,experts=[0,4,5,6,7]; c10:bw=67,experts=[0,2,3,4,6,7]; c17:bw=70,experts=[1,2,3,4,5,6,7]; c14:bw=52,experts=[2,3,4,6,7]; c5:bw=52,experts=[2,4,5,6,7]; c9:bw=50,experts=[2,3,4,6,7]; c16:bw=56,experts=[2,4,5,6,7]
   24 | 0.01000 |   2.8787 |   16.50% |   16.50% |    0:53.18
      bandwidth/experts | c3:bw=10,experts=[4]; c14:bw=42,experts=[2,4,6,7]; c13:bw=50,experts=[2,3,4,6,7]; c5:bw=25,experts=[3,4]; c8:bw=18,experts=[4]; c10:bw=39,experts=[4,6,7]; c4:bw=12,experts=[4]; c17:bw=56,experts=[2,3,4,6,7]; c6:bw=30,experts=[4,6,7]; c16:bw=41,experts=[2,4,6,7]; c18:bw=72,experts=[0,2,3,4,5,6,7]; c0:bw=31,experts=[4,6,7]; c19:bw=55,experts=[1,3,4,6,7]; c9:bw=50,experts=[0,3,4,6,7]; c11:bw=10,experts=[4]; c1:bw=10,experts=[5]; c12:bw=37,experts=[4,6,7]; c15:bw=44,experts=[1,4,6,7]; c7:bw=10,experts=[4]; c2:bw=43,experts=[2,4,6,7]
   25 | 0.01000 |   2.8773 |   16.78% |   16.78% |    0:53.48
      bandwidth/experts | c18:bw=59,experts=[2,3,4,6,7]; c15:bw=29,experts=[4,6]; c3:bw=14,experts=[2]; c2:bw=12,experts=[4]; c12:bw=36,experts=[4,5,6]; c6:bw=16,experts=[4]; c9:bw=40,experts=[2,4,6,7]; c10:bw=25,experts=[4,6]; c16:bw=52,experts=[2,4,5,6,7]; c4:bw=58,experts=[0,2,4,6,7]; c7:bw=40,experts=[0,4,6,7]; c19:bw=57,experts=[2,3,4,6,7]; c5:bw=64,experts=[2,3,4,5,6,7]; c13:bw=56,experts=[0,3,4,6,7]; c1:bw=49,experts=[3,4,6,7]; c14:bw=26,experts=[4,6]; c17:bw=52,experts=[2,3,4,6,7]; c0:bw=56,experts=[2,4,5,6,7]; c11:bw=60,experts=[2,3,4,5,6,7]; c8:bw=55,experts=[2,3,4,6,7]
   26 | 0.01000 |   2.9213 |   17.79% |   17.79% |    0:53.23
      bandwidth/experts | c5:bw=20,experts=[0,1]; c7:bw=31,experts=[2,4,6]; c1:bw=33,experts=[4,6,7]; c2:bw=30,experts=[4,6,7]; c8:bw=53,experts=[2,3,4,6,7]; c16:bw=10,experts=[0]; c12:bw=41,experts=[2,4,6,7]; c6:bw=34,experts=[4,6,7]; c19:bw=15,experts=[4]; c10:bw=38,experts=[1,4,6]; c9:bw=50,experts=[2,3,4,6,7]; c14:bw=49,experts=[0,4,6,7]; c3:bw=44,experts=[2,4,6,7]; c0:bw=11,experts=[1]; c17:bw=32,experts=[4,6,7]; c11:bw=57,experts=[1,2,4,6,7]; c13:bw=16,experts=[4]; c4:bw=48,experts=[2,4,6,7]; c18:bw=10,experts=[4]; c15:bw=42,experts=[2,4,6,7]
   27 | 0.01000 |   2.7994 |   18.46% |   18.46% |    0:53.44
      bandwidth/experts | c10:bw=62,experts=[2,3,4,5,6,7]; c5:bw=37,experts=[4,6,7]; c14:bw=26,experts=[4,6]; c13:bw=57,experts=[2,3,4,6,7]; c12:bw=22,experts=[4,6]; c17:bw=36,experts=[4,6,7]; c6:bw=63,experts=[1,2,4,5,6,7]; c8:bw=55,experts=[2,4,5,6,7]; c11:bw=66,experts=[2,3,4,5,6,7]; c18:bw=18,experts=[1]; c19:bw=18,experts=[4]; c7:bw=51,experts=[1,3,4,6,7]; c0:bw=36,experts=[4,6,7]; c15:bw=46,experts=[4,5,6,7]; c2:bw=20,experts=[4,6]; c16:bw=20,experts=[1,4]; c9:bw=18,experts=[4]; c1:bw=62,experts=[1,2,3,4,6,7]; c3:bw=21,experts=[1,4]; c4:bw=12,experts=[4]
   28 | 0.01000 |   2.8089 |   18.75% |   18.75% |    0:54.00
      bandwidth/experts | c5:bw=33,experts=[4,6,7]; c6:bw=29,experts=[0,4]; c19:bw=33,experts=[4,6,7]; c8:bw=29,experts=[4,6]; c3:bw=12,experts=[4]; c14:bw=15,experts=[4]; c1:bw=25,experts=[4,6]; c7:bw=10,experts=[4]; c9:bw=49,experts=[2,4,6,7]; c15:bw=32,experts=[4,6,7]; c13:bw=31,experts=[1,4,6]; c4:bw=10,experts=[5]; c10:bw=40,experts=[2,4,6,7]; c18:bw=34,experts=[4,6,7]; c12:bw=42,experts=[1,4,6,7]; c16:bw=35,experts=[3,4,6]; c0:bw=47,experts=[2,4,6,7]; c2:bw=10,experts=[5]; c17:bw=48,experts=[2,4,6,7]; c11:bw=66,experts=[2,3,4,5,6,7]
   29 | 0.01000 |   2.7280 |   18.93% |   18.93% |    0:53.28
      bandwidth/experts | c12:bw=10,experts=[4]; c5:bw=33,experts=[4,6,7]; c4:bw=38,experts=[1,4,6]; c15:bw=70,experts=[0,2,3,4,5,6,7]; c8:bw=34,experts=[4,6,7]; c3:bw=32,experts=[4,5,6]; c14:bw=35,experts=[1,4,5]; c16:bw=48,experts=[2,4,6,7]; c18:bw=24,experts=[4,6]; c10:bw=10,experts=[4]; c11:bw=59,experts=[3,4,5,6,7]; c19:bw=39,experts=[4,6,7]; c7:bw=21,experts=[4,6]; c9:bw=44,experts=[2,4,6,7]; c0:bw=44,experts=[2,4,6,7]; c6:bw=43,experts=[2,4,6,7]; c2:bw=18,experts=[4]; c17:bw=59,experts=[2,3,4,6,7]; c1:bw=33,experts=[4,6,7]; c13:bw=13,experts=[4]
   30 | 0.01000 |   2.9261 |   19.53% |   19.53% |    0:53.23
      bandwidth/experts | c14:bw=49,experts=[2,4,6,7]; c19:bw=24,experts=[4,6]; c13:bw=27,experts=[4,6]; c16:bw=31,experts=[4,6,7]; c15:bw=22,experts=[4,6]; c5:bw=62,experts=[2,3,4,5,6,7]; c6:bw=11,experts=[3]; c11:bw=46,experts=[3,4,6,7]; c1:bw=35,experts=[4,6,7]; c17:bw=19,experts=[0]; c12:bw=24,experts=[0,3]; c0:bw=17,experts=[0]; c2:bw=27,experts=[0,3]; c7:bw=12,experts=[5]; c8:bw=41,experts=[3,4,6,7]; c4:bw=51,experts=[2,3,4,6,7]; c9:bw=54,experts=[1,4,5,6,7]; c18:bw=57,experts=[3,4,5,6,7]; c3:bw=59,experts=[0,3,4,6,7]; c10:bw=71,experts=[0,2,3,4,5,6,7]
   31 | 0.01000 |   2.7332 |   20.09% |   20.09% |    0:53.46
      bandwidth/experts | c1:bw=30,experts=[0,4,6]; c6:bw=29,experts=[4,6]; c11:bw=29,experts=[0,4]; c9:bw=45,experts=[2,4,6,7]; c19:bw=40,experts=[0,4,5,6]; c4:bw=19,experts=[4]; c7:bw=63,experts=[2,3,4,5,6,7]; c14:bw=61,experts=[2,3,4,5,6,7]; c15:bw=55,experts=[2,4,5,6,7]; c18:bw=58,experts=[2,4,5,6,7]; c10:bw=33,experts=[4,6,7]; c5:bw=62,experts=[0,2,4,5,6,7]; c17:bw=35,experts=[1,4,5]; c3:bw=24,experts=[4,6]; c13:bw=32,experts=[4,5,6]; c0:bw=47,experts=[3,4,6,7]; c16:bw=36,experts=[4,6,7]; c8:bw=33,experts=[0,1,4]; c2:bw=15,experts=[1]; c12:bw=35,experts=[4,6,7]
   32 | 0.01000 |   2.6722 |   21.58% |   21.58% |    0:53.31
      bandwidth/experts | c12:bw=49,experts=[2,4,6,7]; c19:bw=27,experts=[1,4]; c1:bw=21,experts=[4,5]; c5:bw=36,experts=[4,6,7]; c7:bw=47,experts=[3,4,6,7]; c0:bw=46,experts=[0,4,6,7]; c6:bw=27,experts=[4,6]; c9:bw=31,experts=[0,4,6]; c10:bw=22,experts=[4,6]; c17:bw=28,experts=[4,6]; c3:bw=28,experts=[4,6]; c8:bw=21,experts=[4,6]; c11:bw=27,experts=[4,6]; c2:bw=54,experts=[2,3,4,6,7]; c16:bw=48,experts=[0,4,6,7]; c4:bw=49,experts=[2,4,6,7]; c15:bw=36,experts=[1,4,6]; c14:bw=32,experts=[4,6,7]; c18:bw=35,experts=[0,4,6]; c13:bw=63,experts=[2,3,4,5,6,7]
   33 | 0.01000 |   2.6767 |   21.69% |   21.69% |    0:53.36
      bandwidth/experts | c16:bw=44,experts=[4,5,6,7]; c14:bw=37,experts=[4,6,7]; c11:bw=53,experts=[0,4,5,6,7]; c3:bw=70,experts=[0,2,3,4,5,6,7]; c7:bw=52,experts=[0,4,5,6,7]; c15:bw=24,experts=[4,6]; c5:bw=29,experts=[4,6]; c17:bw=59,experts=[3,4,5,6,7]; c0:bw=62,experts=[0,2,4,5,6,7]; c9:bw=42,experts=[2,4,6,7]; c8:bw=50,experts=[0,4,5,6,7]; c1:bw=34,experts=[4,6,7]; c18:bw=55,experts=[0,4,5,6,7]; c10:bw=46,experts=[3,4,6,7]; c12:bw=46,experts=[4,5,6,7]; c19:bw=25,experts=[2,3]; c2:bw=24,experts=[4,6]; c4:bw=45,experts=[0,4,6,7]; c13:bw=30,experts=[0,4,6]; c6:bw=37,experts=[4,6,7]
   34 | 0.01000 |   2.6373 |   23.02% |   23.02% |    0:53.52
      bandwidth/experts | c10:bw=26,experts=[1,4]; c14:bw=66,experts=[0,2,3,4,6,7]; c18:bw=29,experts=[4,6]; c9:bw=68,experts=[0,2,3,4,6,7]; c16:bw=54,experts=[0,2,4,6,7]; c8:bw=42,experts=[0,4,6,7]; c13:bw=57,experts=[0,4,5,6,7]; c6:bw=48,experts=[3,4,6,7]; c11:bw=52,experts=[1,4,5,6,7]; c3:bw=72,experts=[0,2,3,4,5,6,7]; c15:bw=10,experts=[4]; c0:bw=22,experts=[1,4]; c12:bw=24,experts=[4,6]; c7:bw=32,experts=[4,6,7]; c2:bw=54,experts=[0,2,4,6,7]; c5:bw=60,experts=[0,1,4,5,6,7]; c19:bw=50,experts=[0,4,5,6,7]; c4:bw=46,experts=[3,4,6,7]; c1:bw=46,experts=[0,4,6,7]; c17:bw=16,experts=[4]
   35 | 0.01000 |   2.6633 |   23.98% |   23.98% |    0:53.34
      bandwidth/experts | c10:bw=57,experts=[0,4,5,6,7]; c19:bw=22,experts=[4,6]; c8:bw=50,experts=[2,4,5,6,7]; c12:bw=22,experts=[4,6]; c5:bw=41,experts=[4,5,6,7]; c0:bw=20,experts=[4,6]; c13:bw=48,experts=[3,4,6,7]; c4:bw=33,experts=[4,6,7]; c7:bw=48,experts=[1,4,6,7]; c3:bw=24,experts=[1,4]; c15:bw=47,experts=[4,5,6,7]; c1:bw=31,experts=[1,2,3]; c14:bw=20,experts=[4,6]; c17:bw=32,experts=[4,6,7]; c2:bw=46,experts=[4,5,6,7]; c16:bw=10,experts=[1]; c9:bw=27,experts=[4,6]; c6:bw=44,experts=[1,4,5,6]; c11:bw=69,experts=[2,3,4,5,6,7]; c18:bw=51,experts=[1,3,4,6,7]
   36 | 0.01000 |   2.6332 |   25.27% |   25.27% |    0:53.31
      bandwidth/experts | c10:bw=56,experts=[0,2,4,6,7]; c8:bw=51,experts=[0,2,4,6,7]; c1:bw=10,experts=[4]; c18:bw=11,experts=[4]; c7:bw=27,experts=[4,6]; c6:bw=43,experts=[0,4,6,7]; c2:bw=50,experts=[0,2,4,6,7]; c3:bw=60,experts=[0,2,4,5,6,7]; c15:bw=68,experts=[0,2,4,5,6,7]; c14:bw=18,experts=[4]; c19:bw=48,experts=[3,4,6,7]; c4:bw=74,experts=[0,2,3,4,5,6,7]; c13:bw=47,experts=[1,4,6,7]; c12:bw=35,experts=[1,4,6]; c11:bw=33,experts=[4,6,7]; c9:bw=37,experts=[4,6,7]; c17:bw=49,experts=[2,4,6,7]; c5:bw=49,experts=[0,4,6,7]; c0:bw=36,experts=[4,6,7]; c16:bw=10,experts=[3]
   37 | 0.01000 |   2.5758 |   25.95% |   25.95% |    0:54.17
      bandwidth/experts | c7:bw=42,experts=[4,5,6,7]; c11:bw=63,experts=[0,2,4,5,6,7]; c15:bw=51,experts=[0,3,4,6,7]; c17:bw=56,experts=[3,4,5,6,7]; c9:bw=40,experts=[2,4,6,7]; c1:bw=18,experts=[4]; c3:bw=36,experts=[4,6,7]; c10:bw=58,experts=[2,4,5,6,7]; c19:bw=42,experts=[0,4,6,7]; c6:bw=65,experts=[0,2,4,5,6,7]; c2:bw=36,experts=[4,6,7]; c12:bw=49,experts=[4,5,6,7]; c5:bw=39,experts=[4,6,7]; c4:bw=39,experts=[1,4,6]; c0:bw=54,experts=[0,2,4,6,7]; c18:bw=10,experts=[4]; c14:bw=28,experts=[1,4]; c13:bw=12,experts=[4]; c16:bw=31,experts=[4,6,7]; c8:bw=10,experts=[4]
   38 | 0.01000 |   2.6130 |   26.56% |   26.56% |    0:53.31
      bandwidth/experts | c2:bw=10,experts=[4]; c12:bw=47,experts=[0,3,4,6]; c1:bw=31,experts=[4,6,7]; c9:bw=26,experts=[1,5]; c6:bw=17,experts=[4]; c18:bw=44,experts=[4,5,6,7]; c13:bw=63,experts=[0,2,4,5,6,7]; c14:bw=41,experts=[4,5,6,7]; c16:bw=38,experts=[4,6,7]; c11:bw=17,experts=[4]; c15:bw=12,experts=[4]; c0:bw=40,experts=[4,5,6,7]; c5:bw=10,experts=[3]; c10:bw=39,experts=[4,6,7]; c19:bw=61,experts=[2,3,4,5,6,7]; c8:bw=46,experts=[3,4,6,7]; c4:bw=52,experts=[2,4,5,6,7]; c17:bw=41,experts=[0,4,6,7]; c7:bw=51,experts=[2,4,5,6,7]; c3:bw=38,experts=[4,6,7]
   39 | 0.01000 |   2.5701 |   26.94% |   26.94% |    0:53.39
      bandwidth/experts | c3:bw=26,experts=[4,6]; c13:bw=49,experts=[4,5,6,7]; c2:bw=36,experts=[1,4,6]; c11:bw=51,experts=[0,4,5,6,7]; c15:bw=30,experts=[4,6,7]; c19:bw=18,experts=[4]; c0:bw=10,experts=[3]; c12:bw=49,experts=[4,5,6,7]; c6:bw=31,experts=[4,6,7]; c18:bw=25,experts=[2,4]; c10:bw=24,experts=[4,6]; c16:bw=29,experts=[4,6]; c7:bw=40,experts=[4,5,6,7]; c9:bw=24,experts=[4,6]; c1:bw=45,experts=[4,5,6,7]; c8:bw=45,experts=[1,4,6,7]; c14:bw=57,experts=[2,4,5,6,7]; c4:bw=36,experts=[4,6,7]; c17:bw=42,experts=[1,4,6,7]; c5:bw=75,experts=[0,2,3,4,5,6,7]
   40 | 0.01000 |   2.5160 |   27.32% |   27.32% |    0:53.40
      bandwidth/experts | c15:bw=22,experts=[1,4]; c3:bw=10,experts=[4]; c9:bw=40,experts=[4,5,6,7]; c14:bw=58,experts=[2,4,5,6,7]; c13:bw=32,experts=[4,6,7]; c7:bw=66,experts=[2,3,4,5,6,7]; c19:bw=23,experts=[1,4]; c11:bw=15,experts=[4]; c17:bw=30,experts=[4,6,7]; c5:bw=32,experts=[4,6,7]; c6:bw=46,experts=[4,5,6,7]; c4:bw=19,experts=[4]; c18:bw=38,experts=[4,6,7]; c2:bw=65,experts=[2,3,4,5,6,7]; c8:bw=26,experts=[4,6]; c1:bw=42,experts=[4,5,6,7]; c0:bw=36,experts=[4,6,7]; c12:bw=42,experts=[2,4,6,7]; c16:bw=29,experts=[4,6]; c10:bw=60,experts=[0,2,4,5,6,7]
   41 | 0.01000 |   2.5137 |   28.77% |   28.77% |    0:53.28
      bandwidth/experts | c14:bw=61,experts=[0,2,4,5,6,7]; c11:bw=41,experts=[4,5,6,7]; c5:bw=61,experts=[0,2,4,5,6,7]; c15:bw=24,experts=[4,6]; c6:bw=10,experts=[4]; c10:bw=42,experts=[3,4,6,7]; c1:bw=10,experts=[4]; c7:bw=68,experts=[0,2,4,5,6,7]; c17:bw=52,experts=[2,4,5,6,7]; c12:bw=18,experts=[4]; c3:bw=40,experts=[4,5,6,7]; c2:bw=54,experts=[0,4,5,6,7]; c0:bw=10,experts=[4]; c8:bw=57,experts=[0,4,5,6,7]; c13:bw=45,experts=[4,5,6,7]; c19:bw=19,experts=[4]; c16:bw=25,experts=[4,5]; c18:bw=10,experts=[0]; c9:bw=54,experts=[0,4,5,6,7]; c4:bw=50,experts=[2,4,5,6,7]
   42 | 0.01000 |   2.5960 |   28.78% |   28.78% |    0:53.43
      bandwidth/experts | c12:bw=22,experts=[4,6]; c9:bw=51,experts=[3,4,5,6,7]; c3:bw=48,experts=[3,4,6,7]; c7:bw=20,experts=[4,6]; c19:bw=63,experts=[0,2,4,5,6,7]; c1:bw=49,experts=[0,4,6,7]; c15:bw=31,experts=[4,6,7]; c14:bw=13,experts=[3]; c13:bw=33,experts=[4,6,7]; c6:bw=34,experts=[3,4,6]; c16:bw=10,experts=[0]; c8:bw=42,experts=[4,5,6,7]; c10:bw=15,experts=[1]; c4:bw=55,experts=[2,4,5,6,7]; c18:bw=14,experts=[4]; c5:bw=50,experts=[1,4,5,6,7]; c0:bw=15,experts=[1]; c11:bw=59,experts=[1,2,4,6,7]; c17:bw=32,experts=[4,6,7]; c2:bw=40,experts=[4,5,6,7]
   43 | 0.01000 |   2.5612 |   29.90% |   29.90% |    0:53.31
      bandwidth/experts | c4:bw=34,experts=[4,6,7]; c9:bw=32,experts=[4,6,7]; c7:bw=21,experts=[1,4]; c12:bw=10,experts=[4]; c11:bw=55,experts=[3,4,5,6,7]; c14:bw=66,experts=[0,2,4,5,6,7]; c6:bw=12,experts=[1]; c0:bw=21,experts=[4,6]; c18:bw=24,experts=[1,3]; c8:bw=45,experts=[4,5,6,7]; c3:bw=65,experts=[1,2,4,5,6,7]; c15:bw=14,experts=[4]; c2:bw=51,experts=[2,4,5,6,7]; c10:bw=37,experts=[4,6,7]; c13:bw=16,experts=[3]; c16:bw=21,experts=[1,2]; c19:bw=54,experts=[0,4,5,6,7]; c17:bw=47,experts=[4,5,6,7]; c5:bw=53,experts=[0,4,5,6,7]; c1:bw=58,experts=[1,2,3,4,6]
   44 | 0.01000 |   2.4580 |   30.24% |   30.24% |    0:53.30
      bandwidth/experts | c12:bw=40,experts=[1,4,6,7]; c15:bw=50,experts=[2,4,5,6,7]; c13:bw=28,experts=[1,4]; c6:bw=20,experts=[4,6]; c2:bw=37,experts=[4,6,7]; c17:bw=12,experts=[4]; c8:bw=34,experts=[2,4,6]; c10:bw=56,experts=[0,4,5,6,7]; c14:bw=65,experts=[0,2,4,5,6,7]; c5:bw=24,experts=[4,6]; c1:bw=45,experts=[4,5,6,7]; c4:bw=29,experts=[0,3]; c7:bw=75,experts=[0,2,3,4,5,6,7]; c19:bw=10,experts=[4]; c11:bw=16,experts=[4]; c0:bw=66,experts=[0,2,4,5,6,7]; c18:bw=54,experts=[2,4,5,6,7]; c16:bw=76,experts=[0,2,3,4,5,6,7]; c9:bw=37,experts=[4,6,7]; c3:bw=47,experts=[0,4,6,7]
   45 | 0.01000 |   2.4764 |   30.59% |   30.59% |    0:53.25
      bandwidth/experts | c12:bw=61,experts=[0,2,4,5,6,7]; c0:bw=36,experts=[4,6,7]; c11:bw=53,experts=[0,4,5,6,7]; c5:bw=44,experts=[4,5,6,7]; c6:bw=10,experts=[0]; c1:bw=56,experts=[0,4,5,6,7]; c4:bw=64,experts=[0,1,4,5,6,7]; c17:bw=10,experts=[3]; c9:bw=25,experts=[2,4]; c2:bw=49,experts=[0,4,6,7]; c8:bw=55,experts=[0,4,5,6,7]; c13:bw=53,experts=[3,4,5,6,7]; c19:bw=67,experts=[0,2,4,5,6,7]; c16:bw=54,experts=[0,4,5,6,7]; c3:bw=67,experts=[0,2,4,5,6,7]; c7:bw=36,experts=[4,6,7]; c18:bw=16,experts=[4]; c10:bw=42,experts=[4,5,6,7]; c15:bw=33,experts=[0,3,4]; c14:bw=41,experts=[1,4,6,7]
   46 | 0.01000 |   2.4432 |   30.77% |   30.77% |    0:54.13
      bandwidth/experts | c7:bw=28,experts=[4,6]; c3:bw=27,experts=[4,6]; c16:bw=28,experts=[4,6]; c14:bw=39,experts=[4,6,7]; c2:bw=57,experts=[2,4,5,6,7]; c6:bw=39,experts=[2,4,6]; c12:bw=53,experts=[3,4,5,6,7]; c10:bw=59,experts=[0,4,5,6,7]; c13:bw=50,experts=[0,2,4,6,7]; c15:bw=14,experts=[4]; c1:bw=41,experts=[4,5,6,7]; c18:bw=44,experts=[4,5,6,7]; c11:bw=38,experts=[4,6,7]; c8:bw=39,experts=[3,4,6]; c19:bw=10,experts=[3]; c0:bw=55,experts=[0,4,5,6,7]; c5:bw=41,experts=[4,5,6,7]; c9:bw=37,experts=[1,4,6]; c17:bw=15,experts=[0]; c4:bw=64,experts=[0,2,4,5,6,7]
   47 | 0.01000 |   2.3843 |   31.85% |   31.85% |    0:53.51
      bandwidth/experts | c11:bw=39,experts=[4,6,7]; c18:bw=10,experts=[4]; c10:bw=51,experts=[0,4,5,6,7]; c13:bw=33,experts=[4,6,7]; c15:bw=42,experts=[0,4,6,7]; c8:bw=39,experts=[1,4,6]; c4:bw=10,experts=[4]; c1:bw=30,experts=[4,6,7]; c14:bw=24,experts=[4,6]; c6:bw=22,experts=[4,6]; c9:bw=17,experts=[4]; c5:bw=52,experts=[0,3,4,6,7]; c17:bw=20,experts=[1,4]; c19:bw=28,experts=[4,6]; c12:bw=15,experts=[4]; c2:bw=54,experts=[0,1,4,6,7]; c16:bw=68,experts=[0,2,4,5,6,7]; c7:bw=53,experts=[0,4,5,6,7]; c0:bw=46,experts=[3,4,6,7]; c3:bw=70,experts=[0,2,3,4,5,6,7]
   48 | 0.01000 |   2.3961 |   32.25% |   32.25% |    0:53.32
      bandwidth/experts | c16:bw=10,experts=[4]; c7:bw=62,experts=[0,2,4,5,6,7]; c8:bw=50,experts=[0,4,5,6,7]; c17:bw=38,experts=[4,6,7]; c3:bw=18,experts=[4]; c4:bw=67,experts=[0,2,3,4,6,7]; c0:bw=16,experts=[4]; c6:bw=45,experts=[4,5,6,7]; c15:bw=64,experts=[0,1,4,5,6,7]; c19:bw=45,experts=[1,4,6,7]; c5:bw=55,experts=[0,4,5,6,7]; c9:bw=52,experts=[0,4,5,6,7]; c1:bw=50,experts=[0,4,5,6,7]; c12:bw=31,experts=[4,6,7]; c11:bw=32,experts=[4,6,7]; c18:bw=62,experts=[0,2,4,5,6,7]; c10:bw=12,experts=[2]; c13:bw=50,experts=[0,4,5,6,7]; c14:bw=10,experts=[4]; c2:bw=57,experts=[0,3,4,6,7]
   49 | 0.01000 |   2.3578 |   32.97% |   32.97% |    0:53.16
      bandwidth/experts | c7:bw=44,experts=[4,5,6,7]; c4:bw=48,experts=[3,4,6,7]; c0:bw=20,experts=[4,6]; c10:bw=64,experts=[0,3,4,5,6,7]; c17:bw=30,experts=[2,4,6]; c5:bw=56,experts=[0,2,4,6,7]; c15:bw=42,experts=[0,4,6,7]; c18:bw=32,experts=[4,6,7]; c1:bw=54,experts=[0,4,5,6,7]; c13:bw=39,experts=[4,6,7]; c2:bw=58,experts=[0,4,5,6,7]; c9:bw=53,experts=[0,4,5,6,7]; c14:bw=58,experts=[0,4,5,6,7]; c8:bw=26,experts=[4,6]; c3:bw=32,experts=[4,6,7]; c12:bw=37,experts=[4,6,7]; c19:bw=10,experts=[4]; c11:bw=38,experts=[4,6,7]; c6:bw=13,experts=[4]; c16:bw=30,experts=[4,6,7]
   50 | 0.01000 |   2.3298 |   33.55% |   33.55% |    0:56.45
      bandwidth/experts | c2:bw=63,experts=[0,2,4,5,6,7]; c6:bw=68,experts=[0,3,4,5,6,7]; c14:bw=23,experts=[3,4]; c12:bw=34,experts=[4,6,7]; c13:bw=37,experts=[4,6,7]; c17:bw=33,experts=[4,6,7]; c11:bw=57,experts=[1,2,4,6,7]; c0:bw=29,experts=[1,4]; c16:bw=27,experts=[4,6]; c15:bw=31,experts=[4,6,7]; c7:bw=34,experts=[4,6,7]; c10:bw=23,experts=[1,4]; c1:bw=64,experts=[0,2,4,5,6,7]; c19:bw=43,experts=[4,5,6,7]; c3:bw=39,experts=[4,6,7]; c5:bw=31,experts=[1,4,6]; c4:bw=10,experts=[4]; c8:bw=32,experts=[4,6,7]; c9:bw=27,experts=[3,4]; c18:bw=44,experts=[4,5,6,7]
   51 | 0.01000 |   2.3311 |   34.19% |   34.19% |    0:53.79
      bandwidth/experts | c0:bw=53,experts=[0,4,5,6,7]; c9:bw=18,experts=[4]; c11:bw=60,experts=[0,3,4,5,6,7]; c16:bw=30,experts=[1,4,6]; c13:bw=40,experts=[4,5,6,7]; c19:bw=10,experts=[4]; c17:bw=43,experts=[4,5,6,7]; c1:bw=21,experts=[1,3]; c5:bw=47,experts=[0,4,6,7]; c12:bw=43,experts=[4,5,6,7]; c18:bw=37,experts=[1,3,4]; c4:bw=11,experts=[4]; c7:bw=27,experts=[1,4]; c14:bw=30,experts=[4,6,7]; c2:bw=20,experts=[4,6]; c6:bw=52,experts=[1,4,5,6,7]; c8:bw=46,experts=[4,5,6,7]; c10:bw=37,experts=[4,6,7]; c3:bw=55,experts=[1,4,5,6,7]; c15:bw=57,experts=[0,4,5,6,7]
   52 | 0.01000 |   2.3733 |   34.89% |   34.89% |    0:53.32
      bandwidth/experts | c6:bw=51,experts=[0,4,5,6,7]; c17:bw=19,experts=[4]; c15:bw=31,experts=[2,4,6]; c8:bw=18,experts=[2]; c0:bw=46,experts=[2,4,6,7]; c19:bw=46,experts=[0,4,6,7]; c12:bw=10,experts=[1]; c3:bw=43,experts=[0,4,6,7]; c13:bw=23,experts=[1,4]; c18:bw=49,experts=[4,5,6,7]; c4:bw=33,experts=[4,6,7]; c11:bw=60,experts=[0,2,4,5,6,7]; c2:bw=29,experts=[4,6]; c9:bw=31,experts=[4,6,7]; c7:bw=34,experts=[3,4,6]; c10:bw=31,experts=[4,6,7]; c14:bw=42,experts=[2,4,6,7]; c1:bw=40,experts=[4,5,6,7]; c5:bw=24,experts=[4,6]; c16:bw=59,experts=[0,3,4,6,7]
   53 | 0.01000 |   2.3152 |   35.04% |   35.04% |    0:53.27
      bandwidth/experts | c11:bw=11,experts=[4]; c9:bw=61,experts=[0,2,4,5,6,7]; c8:bw=22,experts=[4,6]; c12:bw=45,experts=[0,2,4,6]; c6:bw=36,experts=[4,6,7]; c15:bw=27,experts=[3,4]; c7:bw=44,experts=[0,4,6,7]; c1:bw=59,experts=[0,4,5,6,7]; c16:bw=44,experts=[4,5,6,7]; c18:bw=17,experts=[4]; c2:bw=51,experts=[0,4,5,6,7]; c19:bw=10,experts=[2]; c3:bw=47,experts=[0,4,6,7]; c10:bw=52,experts=[0,4,5,6,7]; c17:bw=28,experts=[3,4]; c4:bw=28,experts=[1,4]; c5:bw=44,experts=[0,4,6,7]; c13:bw=10,experts=[3]; c0:bw=39,experts=[4,6,7]; c14:bw=34,experts=[1,4,6]
   54 | 0.01000 |   2.2788 |   35.29% |   35.29% |    0:53.35
      bandwidth/experts | c11:bw=58,experts=[1,3,4,6,7]; c13:bw=55,experts=[2,4,5,6,7]; c3:bw=30,experts=[4,6,7]; c18:bw=33,experts=[4,6,7]; c16:bw=10,experts=[4]; c14:bw=33,experts=[4,6,7]; c9:bw=50,experts=[1,4,5,6,7]; c12:bw=74,experts=[0,2,3,4,5,6,7]; c2:bw=10,experts=[4]; c6:bw=54,experts=[0,2,4,6,7]; c5:bw=10,experts=[4]; c19:bw=21,experts=[3,4]; c10:bw=10,experts=[4]; c15:bw=32,experts=[4,6,7]; c17:bw=27,experts=[0,4]; c8:bw=55,experts=[3,4,5,6,7]; c4:bw=32,experts=[4,5,6]; c0:bw=37,experts=[4,6,7]; c1:bw=53,experts=[0,4,5,6,7]; c7:bw=61,experts=[0,2,4,5,6,7]
   55 | 0.01000 |   2.2817 |   36.08% |   36.08% |    0:53.57
      bandwidth/experts | c17:bw=39,experts=[1,4,6]; c9:bw=62,experts=[0,2,4,5,6,7]; c6:bw=42,experts=[4,5,6,7]; c13:bw=24,experts=[4,6]; c14:bw=33,experts=[4,6,7]; c19:bw=60,experts=[0,3,4,5,6,7]; c3:bw=52,experts=[2,3,4,6,7]; c16:bw=57,experts=[0,2,4,6,7]; c4:bw=14,experts=[4]; c18:bw=70,experts=[0,2,3,4,5,6,7]; c12:bw=62,experts=[0,3,4,5,6,7]; c5:bw=53,experts=[0,3,4,6,7]; c7:bw=54,experts=[0,4,5,6,7]; c0:bw=27,experts=[3,4]; c15:bw=30,experts=[4,6,7]; c2:bw=41,experts=[1,4,6,7]; c11:bw=40,experts=[3,4,6,7]; c1:bw=60,experts=[0,3,4,5,6,7]; c8:bw=14,experts=[1]; c10:bw=57,experts=[0,4,5,6,7]
   56 | 0.01000 |   2.3161 |   36.78% |   36.78% |    0:53.31
      bandwidth/experts | c19:bw=10,experts=[1]; c14:bw=42,experts=[4,5,6,7]; c17:bw=10,experts=[4]; c15:bw=35,experts=[1,4,6]; c10:bw=20,experts=[2,4]; c0:bw=70,experts=[0,2,3,4,5,6,7]; c5:bw=31,experts=[4,5,6]; c4:bw=10,experts=[0]; c2:bw=53,experts=[0,3,4,6,7]; c11:bw=26,experts=[4,6]; c6:bw=23,experts=[4,6]; c16:bw=42,experts=[4,5,6,7]; c7:bw=18,experts=[4]; c1:bw=56,experts=[0,4,5,6,7]; c8:bw=13,experts=[0]; c9:bw=52,experts=[0,4,5,6,7]; c12:bw=38,experts=[4,6,7]; c3:bw=10,experts=[4]; c13:bw=18,experts=[0]; c18:bw=54,experts=[0,4,5,6,7]
   57 | 0.01000 |   2.2293 |   37.27% |   37.27% |    0:53.31
      bandwidth/experts | c15:bw=36,experts=[4,6,7]; c10:bw=58,experts=[0,3,4,6,7]; c8:bw=43,experts=[4,5,6,7]; c0:bw=70,experts=[0,2,3,4,5,6,7]; c4:bw=41,experts=[2,3,4,6]; c3:bw=64,experts=[0,3,4,5,6,7]; c18:bw=44,experts=[4,5,6,7]; c9:bw=19,experts=[4]; c17:bw=52,experts=[2,4,5,6,7]; c12:bw=17,experts=[4]; c11:bw=26,experts=[4,6]; c5:bw=44,experts=[2,4,6,7]; c19:bw=44,experts=[4,5,6,7]; c6:bw=48,experts=[4,5,6,7]; c2:bw=33,experts=[4,6,7]; c16:bw=33,experts=[4,6,7]; c7:bw=69,experts=[0,2,4,5,6,7]; c13:bw=31,experts=[4,6,7]; c1:bw=49,experts=[4,5,6,7]; c14:bw=36,experts=[0,4,6]
   58 | 0.01000 |   2.2440 |   36.98% |   37.27% |    0:54.33
      bandwidth/experts | c11:bw=47,experts=[3,4,6,7]; c14:bw=22,experts=[3,4]; c12:bw=29,experts=[4,6]; c7:bw=24,experts=[4,6]; c8:bw=40,experts=[3,4,6,7]; c13:bw=40,experts=[0,4,6,7]; c15:bw=38,experts=[4,6,7]; c2:bw=10,experts=[2]; c16:bw=42,experts=[4,5,6,7]; c9:bw=57,experts=[3,4,5,6,7]; c1:bw=30,experts=[2,4,6]; c18:bw=50,experts=[0,4,5,6,7]; c19:bw=43,experts=[4,5,6,7]; c17:bw=12,experts=[4]; c6:bw=55,experts=[3,4,5,6,7]; c10:bw=43,experts=[1,4,6,7]; c4:bw=38,experts=[4,6,7]; c0:bw=47,experts=[1,4,6,7]; c5:bw=35,experts=[1,4,6]; c3:bw=61,experts=[0,2,4,5,6,7]
   59 | 0.01000 |   2.2416 |   38.67% |   38.67% |    0:53.26
      bandwidth/experts | c6:bw=19,experts=[1]; c5:bw=32,experts=[4,6,7]; c0:bw=52,experts=[0,4,5,6,7]; c16:bw=23,experts=[1,4]; c8:bw=56,experts=[0,4,5,6,7]; c15:bw=50,experts=[0,4,5,6,7]; c17:bw=55,experts=[0,4,5,6,7]; c13:bw=13,experts=[4]; c9:bw=28,experts=[4,6]; c2:bw=37,experts=[4,6,7]; c10:bw=26,experts=[4,6]; c1:bw=65,experts=[0,1,4,5,6,7]; c11:bw=34,experts=[4,6,7]; c3:bw=35,experts=[1,4,6]; c18:bw=10,experts=[1]; c19:bw=14,experts=[4]; c4:bw=26,experts=[4,6]; c7:bw=28,experts=[1,4]; c14:bw=40,experts=[4,5,6,7]; c12:bw=47,experts=[4,5,6,7]
   60 | 0.01000 |   2.2341 |   39.19% |   39.19% |    0:53.55
      bandwidth/experts | c4:bw=30,experts=[4,6,7]; c8:bw=24,experts=[2,4]; c13:bw=59,experts=[0,1,4,6,7]; c15:bw=51,experts=[2,4,5,6,7]; c2:bw=30,experts=[4,6,7]; c3:bw=44,experts=[4,5,6,7]; c11:bw=40,experts=[0,2,4,5]; c0:bw=53,experts=[0,4,5,6,7]; c1:bw=54,experts=[0,4,5,6,7]; c14:bw=42,experts=[2,4,6,7]; c12:bw=16,experts=[1]; c19:bw=60,experts=[0,3,4,5,6,7]; c18:bw=26,experts=[4,6]; c6:bw=59,experts=[0,4,5,6,7]; c17:bw=39,experts=[4,6,7]; c16:bw=63,experts=[0,3,4,5,6,7]; c5:bw=33,experts=[4,6,7]; c7:bw=48,experts=[3,4,6,7]; c9:bw=10,experts=[4]; c10:bw=10,experts=[4]
   61 | 0.01000 |   2.1937 |   39.62% |   39.62% |    0:53.53
      bandwidth/experts | c3:bw=43,experts=[4,5,6,7]; c6:bw=37,experts=[4,6,7]; c1:bw=33,experts=[4,6,7]; c13:bw=34,experts=[3,4,6]; c19:bw=52,experts=[0,2,4,6,7]; c0:bw=60,experts=[0,3,4,5,6,7]; c10:bw=11,experts=[4]; c15:bw=16,experts=[3]; c12:bw=27,experts=[4,6]; c18:bw=50,experts=[0,4,5,6,7]; c2:bw=29,experts=[4,5]; c5:bw=49,experts=[4,5,6,7]; c8:bw=55,experts=[1,4,5,6,7]; c17:bw=46,experts=[3,4,6,7]; c14:bw=38,experts=[1,4,6]; c11:bw=39,experts=[4,6,7]; c16:bw=38,experts=[4,6,7]; c9:bw=38,experts=[4,6,7]; c7:bw=43,experts=[3,4,6,7]; c4:bw=38,experts=[1,4,6]
   62 | 0.01000 |   2.2267 |   39.66% |   39.66% |    0:53.40
      bandwidth/experts | c10:bw=21,experts=[4,6]; c6:bw=62,experts=[0,2,4,5,6,7]; c5:bw=67,experts=[0,3,4,5,6,7]; c17:bw=19,experts=[4]; c2:bw=42,experts=[4,5,6,7]; c18:bw=26,experts=[4,6]; c1:bw=75,experts=[0,1,3,4,5,6,7]; c12:bw=11,experts=[2]; c11:bw=36,experts=[1,4,6]; c19:bw=42,experts=[4,5,6,7]; c9:bw=16,experts=[1]; c13:bw=30,experts=[2,4,5]; c15:bw=46,experts=[0,4,6,7]; c8:bw=13,experts=[4]; c16:bw=26,experts=[4,6]; c4:bw=60,experts=[0,3,4,5,6,7]; c14:bw=14,experts=[4]; c7:bw=44,experts=[4,5,6,7]; c0:bw=28,experts=[4,6]; c3:bw=53,experts=[0,4,5,6,7]
   63 | 0.01000 |   2.1630 |   40.18% |   40.18% |    0:53.57
      bandwidth/experts | c13:bw=58,experts=[0,4,5,6,7]; c9:bw=21,experts=[2,4]; c16:bw=58,experts=[0,2,4,6,7]; c8:bw=32,experts=[4,6,7]; c4:bw=52,experts=[0,4,5,6,7]; c3:bw=52,experts=[0,4,5,6,7]; c11:bw=45,experts=[4,5,6,7]; c7:bw=68,experts=[0,3,4,5,6,7]; c18:bw=47,experts=[2,3,4,6]; c2:bw=28,experts=[1,4]; c12:bw=51,experts=[0,3,4,6,7]; c0:bw=41,experts=[4,5,6,7]; c14:bw=41,experts=[4,5,6,7]; c15:bw=61,experts=[0,3,4,5,6,7]; c19:bw=34,experts=[4,6,7]; c17:bw=37,experts=[1,4,6]; c6:bw=34,experts=[4,6,7]; c1:bw=50,experts=[0,4,5,6,7]; c5:bw=10,experts=[4]; c10:bw=27,experts=[4,5]
   64 | 0.01000 |   2.1565 |   40.99% |   40.99% |    0:53.50
      bandwidth/experts | c11:bw=57,experts=[3,4,5,6,7]; c9:bw=59,experts=[0,4,5,6,7]; c2:bw=56,experts=[0,3,4,6,7]; c1:bw=28,experts=[4,6]; c4:bw=38,experts=[4,6,7]; c13:bw=42,experts=[4,5,6,7]; c18:bw=37,experts=[4,6,7]; c12:bw=27,experts=[4,6]; c7:bw=34,experts=[4,6,7]; c19:bw=10,experts=[1]; c5:bw=24,experts=[4,6]; c14:bw=46,experts=[4,5,6,7]; c15:bw=59,experts=[0,1,4,6,7]; c8:bw=53,experts=[3,4,5,6,7]; c3:bw=38,experts=[4,6,7]; c0:bw=32,experts=[4,6,7]; c6:bw=50,experts=[0,4,5,6,7]; c16:bw=16,experts=[4]; c17:bw=10,experts=[4]; c10:bw=49,experts=[2,4,6,7]
   65 | 0.01000 |   2.1835 |   41.56% |   41.56% |    0:54.15
      bandwidth/experts | c19:bw=28,experts=[4,6]; c8:bw=66,experts=[0,3,4,5,6,7]; c6:bw=50,experts=[0,4,5,6,7]; c4:bw=57,experts=[2,4,5,6,7]; c11:bw=10,experts=[4]; c9:bw=47,experts=[4,5,6,7]; c17:bw=26,experts=[2,4]; c3:bw=42,experts=[3,4,6,7]; c5:bw=29,experts=[2,4]; c10:bw=26,experts=[0,3]; c13:bw=48,experts=[4,5,6,7]; c14:bw=45,experts=[0,4,6,7]; c0:bw=41,experts=[2,4,6,7]; c1:bw=58,experts=[0,3,4,6,7]; c2:bw=28,experts=[4,6]; c7:bw=10,experts=[2]; c15:bw=38,experts=[4,6,7]; c12:bw=44,experts=[4,5,6,7]; c16:bw=45,experts=[4,5,6,7]; c18:bw=18,experts=[4]
   66 | 0.01000 |   2.1457 |   41.77% |   41.77% |    0:53.56
      bandwidth/experts | c7:bw=50,experts=[0,4,5,6,7]; c8:bw=24,experts=[4,6]; c3:bw=66,experts=[0,2,3,4,6,7]; c15:bw=50,experts=[3,4,5,6,7]; c5:bw=17,experts=[1]; c12:bw=42,experts=[4,5,6,7]; c4:bw=41,experts=[4,5,6,7]; c16:bw=59,experts=[0,4,5,6,7]; c14:bw=23,experts=[3,4]; c10:bw=46,experts=[1,4,6,7]; c19:bw=56,experts=[0,4,5,6,7]; c0:bw=38,experts=[1,4,6]; c11:bw=10,experts=[4]; c1:bw=54,experts=[2,4,5,6,7]; c13:bw=32,experts=[4,6,7]; c18:bw=24,experts=[4,6]; c17:bw=35,experts=[4,6,7]; c9:bw=31,experts=[3,4,6]; c2:bw=41,experts=[2,4,6,7]; c6:bw=30,experts=[3,4,6]
   67 | 0.01000 |   2.1026 |   41.70% |   41.77% |    0:53.59
      bandwidth/experts | c6:bw=53,experts=[1,4,5,6,7]; c17:bw=48,experts=[0,4,5,6]; c13:bw=39,experts=[4,6,7]; c18:bw=31,experts=[1,4,6]; c8:bw=10,experts=[4]; c3:bw=25,experts=[1,4]; c10:bw=36,experts=[4,6,7]; c5:bw=48,experts=[4,5,6,7]; c9:bw=60,experts=[0,1,4,5,6,7]; c12:bw=44,experts=[4,5,6,7]; c15:bw=49,experts=[3,4,6,7]; c1:bw=36,experts=[4,6,7]; c19:bw=14,experts=[4]; c11:bw=43,experts=[4,5,6,7]; c0:bw=32,experts=[4,6,7]; c16:bw=53,experts=[1,4,5,6,7]; c2:bw=43,experts=[4,5,6,7]; c4:bw=51,experts=[0,4,5,6,7]; c14:bw=18,experts=[4]; c7:bw=59,experts=[1,4,5,6,7]
   68 | 0.01000 |   2.1279 |   42.79% |   42.79% |    0:53.60
      bandwidth/experts | c7:bw=28,experts=[4,6]; c12:bw=67,experts=[0,1,4,5,6,7]; c18:bw=54,experts=[0,4,5,6,7]; c19:bw=28,experts=[3,4]; c5:bw=45,experts=[4,5,6,7]; c1:bw=42,experts=[4,5,6,7]; c8:bw=31,experts=[2,4,6]; c11:bw=14,experts=[0]; c3:bw=26,experts=[4,6]; c10:bw=31,experts=[4,6,7]; c2:bw=58,experts=[0,3,4,6,7]; c4:bw=49,experts=[3,4,6,7]; c14:bw=10,experts=[2]; c0:bw=30,experts=[4,6,7]; c16:bw=54,experts=[3,4,5,6,7]; c9:bw=15,experts=[4]; c6:bw=32,experts=[4,6,7]; c17:bw=72,experts=[0,1,3,4,5,6,7]; c15:bw=28,experts=[2,4]; c13:bw=35,experts=[1,4,6]
   69 | 0.01000 |   2.0772 |   42.65% |   42.79% |    0:53.59
      bandwidth/experts | c12:bw=10,experts=[4]; c17:bw=48,experts=[3,4,6,7]; c15:bw=20,experts=[4,6]; c13:bw=67,experts=[0,3,4,5,6,7]; c16:bw=60,experts=[0,1,4,5,6,7]; c0:bw=52,experts=[0,3,4,6,7]; c8:bw=42,experts=[1,4,6,7]; c7:bw=58,experts=[0,4,5,6,7]; c5:bw=39,experts=[4,6,7]; c18:bw=10,experts=[4]; c4:bw=41,experts=[1,4,6,7]; c3:bw=41,experts=[4,5,6,7]; c11:bw=45,experts=[2,4,6,7]; c14:bw=37,experts=[1,4,6]; c6:bw=26,experts=[4,6]; c2:bw=66,experts=[0,1,4,5,6,7]; c1:bw=31,experts=[4,6,7]; c9:bw=35,experts=[4,6,7]; c10:bw=16,experts=[4]; c19:bw=43,experts=[2,4,6,7]
   70 | 0.01000 |   2.0876 |   43.69% |   43.69% |    0:53.58
      bandwidth/experts | c5:bw=23,experts=[0,3]; c17:bw=41,experts=[4,5,6,7]; c3:bw=32,experts=[4,6,7]; c10:bw=58,experts=[0,4,5,6,7]; c12:bw=40,experts=[2,4,6,7]; c15:bw=75,experts=[0,1,2,4,5,6,7]; c19:bw=37,experts=[4,6,7]; c4:bw=58,experts=[0,4,5,6,7]; c18:bw=63,experts=[0,3,4,5,6,7]; c7:bw=28,experts=[4,6]; c8:bw=48,experts=[3,4,6,7]; c14:bw=10,experts=[4]; c2:bw=55,experts=[0,4,5,6,7]; c1:bw=24,experts=[1,4]; c0:bw=30,experts=[4,6,7]; c6:bw=26,experts=[2,4]; c13:bw=33,experts=[2,4,6]; c9:bw=10,experts=[4]; c16:bw=67,experts=[0,1,4,5,6,7]; c11:bw=53,experts=[1,4,5,6,7]
   71 | 0.01000 |   2.1023 |   44.17% |   44.17% |    0:53.72
      bandwidth/experts | c6:bw=50,experts=[0,3,4,6,7]; c19:bw=54,experts=[0,4,5,6,7]; c2:bw=61,experts=[0,1,4,5,6,7]; c11:bw=44,experts=[4,5,6,7]; c16:bw=19,experts=[2]; c7:bw=20,experts=[3,4]; c13:bw=25,experts=[4,6]; c0:bw=16,experts=[5]; c14:bw=10,experts=[4]; c15:bw=28,experts=[4,6]; c8:bw=39,experts=[4,6,7]; c3:bw=62,experts=[0,3,4,5,6,7]; c9:bw=40,experts=[2,4,6,7]; c17:bw=61,experts=[0,1,4,5,6,7]; c18:bw=45,experts=[2,4,6,7]; c5:bw=33,experts=[4,6,7]; c10:bw=69,experts=[0,1,4,5,6,7]; c4:bw=42,experts=[3,4,6,7]; c1:bw=52,experts=[0,4,5,6,7]; c12:bw=43,experts=[3,4,6,7]
   72 | 0.01000 |   2.0649 |   44.26% |   44.26% |    0:53.56
      bandwidth/experts | c2:bw=23,experts=[4,6]; c10:bw=28,experts=[2,4]; c13:bw=54,experts=[0,4,5,6,7]; c17:bw=18,experts=[4]; c15:bw=41,experts=[3,4,6,7]; c16:bw=46,experts=[4,5,6,7]; c18:bw=29,experts=[4,6]; c3:bw=23,experts=[4,6]; c14:bw=43,experts=[4,5,6,7]; c0:bw=52,experts=[0,4,5,6,7]; c19:bw=32,experts=[1,4,6]; c6:bw=19,experts=[4]; c4:bw=39,experts=[4,6,7]; c8:bw=30,experts=[4,6,7]; c12:bw=28,experts=[4,6]; c11:bw=10,experts=[3]; c1:bw=39,experts=[4,6,7]; c7:bw=48,experts=[0,4,6,7]; c5:bw=43,experts=[4,5,6,7]; c9:bw=38,experts=[4,6,7]
   73 | 0.01000 |   2.1119 |   44.32% |   44.32% |    0:54.29
      bandwidth/experts | c8:bw=11,experts=[0]; c11:bw=46,experts=[4,5,6,7]; c12:bw=37,experts=[4,6,7]; c13:bw=50,experts=[0,4,5,6,7]; c4:bw=41,experts=[2,4,6,7]; c9:bw=52,experts=[0,4,5,6,7]; c1:bw=66,experts=[0,3,4,5,6,7]; c5:bw=17,experts=[2]; c2:bw=47,experts=[4,5,6,7]; c15:bw=47,experts=[4,5,6,7]; c6:bw=20,experts=[4,6]; c14:bw=16,experts=[0]; c19:bw=10,experts=[4]; c17:bw=17,experts=[2]; c16:bw=61,experts=[0,1,4,5,6,7]; c7:bw=37,experts=[2,4,6]; c10:bw=42,experts=[3,4,6,7]; c3:bw=40,experts=[4,5,6,7]; c18:bw=34,experts=[4,6,7]; c0:bw=28,experts=[2,4]
   74 | 0.01000 |   2.0721 |   44.47% |   44.47% |    0:53.66
      bandwidth/experts | c9:bw=32,experts=[3,4,6]; c17:bw=62,experts=[0,1,4,5,6,7]; c19:bw=20,experts=[4,6]; c7:bw=65,experts=[0,3,4,5,6,7]; c5:bw=50,experts=[1,4,5,6,7]; c6:bw=10,experts=[4]; c15:bw=50,experts=[1,4,5,6,7]; c4:bw=47,experts=[4,5,6,7]; c11:bw=37,experts=[4,6,7]; c8:bw=28,experts=[4,5]; c1:bw=28,experts=[2,4]; c18:bw=60,experts=[1,3,4,5,6,7]; c12:bw=10,experts=[4]; c16:bw=48,experts=[4,5,6,7]; c13:bw=42,experts=[4,5,6,7]; c0:bw=40,experts=[1,4,6,7]; c10:bw=25,experts=[4,6]; c2:bw=10,experts=[2]; c14:bw=32,experts=[3,4,6]; c3:bw=10,experts=[2]
   75 | 0.01000 |   2.0180 |   44.69% |   44.69% |    0:53.65
      bandwidth/experts | c8:bw=53,experts=[3,4,5,6,7]; c0:bw=60,experts=[0,1,4,5,6,7]; c17:bw=43,experts=[4,5,6,7]; c16:bw=46,experts=[4,5,6,7]; c18:bw=68,experts=[0,3,4,5,6,7]; c12:bw=40,experts=[0,4,6,7]; c19:bw=19,experts=[4]; c3:bw=20,experts=[1,4]; c13:bw=46,experts=[4,5,6,7]; c5:bw=31,experts=[4,6,7]; c14:bw=60,experts=[0,1,4,5,6,7]; c11:bw=42,experts=[4,5,6,7]; c4:bw=56,experts=[0,4,5,6,7]; c1:bw=54,experts=[0,3,4,6,7]; c15:bw=20,experts=[4,6]; c2:bw=40,experts=[3,4,6,7]; c6:bw=56,experts=[1,4,5,6,7]; c9:bw=61,experts=[0,1,4,5,6,7]; c7:bw=28,experts=[1,4]; c10:bw=23,experts=[4,6]
   76 | 0.01000 |   2.0400 |   45.33% |   45.33% |    0:53.79
      bandwidth/experts | c12:bw=21,experts=[1,5]; c3:bw=15,experts=[4]; c15:bw=42,experts=[4,5,6,7]; c1:bw=53,experts=[3,4,5,6,7]; c18:bw=39,experts=[4,6,7]; c8:bw=29,experts=[2,4]; c5:bw=37,experts=[4,6,7]; c10:bw=46,experts=[3,4,6,7]; c6:bw=23,experts=[4,6]; c0:bw=31,experts=[4,6,7]; c4:bw=60,experts=[0,3,4,5,6,7]; c17:bw=33,experts=[4,6,7]; c2:bw=25,experts=[4,6]; c7:bw=66,experts=[0,3,4,5,6,7]; c13:bw=39,experts=[1,4,6]; c11:bw=42,experts=[0,4,6,7]; c14:bw=22,experts=[2,4]; c19:bw=44,experts=[3,4,6,7]; c9:bw=57,experts=[0,4,5,6,7]; c16:bw=39,experts=[3,4,6]
   77 | 0.01000 |   2.0303 |   45.45% |   45.45% |    0:53.54
      bandwidth/experts | c7:bw=10,experts=[4]; c3:bw=40,experts=[4,5,6,7]; c17:bw=37,experts=[3,4,6]; c2:bw=34,experts=[4,6,7]; c10:bw=39,experts=[4,6,7]; c18:bw=31,experts=[4,6,7]; c11:bw=28,experts=[2,4]; c1:bw=62,experts=[0,3,4,5,6,7]; c5:bw=59,experts=[0,3,4,6,7]; c4:bw=10,experts=[1]; c16:bw=34,experts=[4,6,7]; c13:bw=37,experts=[3,4,6]; c0:bw=63,experts=[0,3,4,5,6,7]; c6:bw=57,experts=[0,4,5,6,7]; c9:bw=29,experts=[4,6]; c15:bw=43,experts=[4,5,6,7]; c19:bw=37,experts=[2,4,6]; c12:bw=46,experts=[3,4,6,7]; c8:bw=10,experts=[1]; c14:bw=64,experts=[0,3,4,5,6,7]
   78 | 0.01000 |   1.9835 |   45.57% |   45.57% |    0:53.73
      bandwidth/experts | c5:bw=63,experts=[0,1,4,5,6,7]; c11:bw=37,experts=[1,4,6]; c13:bw=59,experts=[2,3,4,6,7]; c8:bw=54,experts=[0,4,5,6,7]; c14:bw=52,experts=[0,4,5,6,7]; c4:bw=23,experts=[4,6]; c12:bw=31,experts=[2,4,6]; c3:bw=38,experts=[4,6,7]; c19:bw=12,experts=[4]; c18:bw=35,experts=[4,6,7]; c0:bw=26,experts=[4,6]; c16:bw=44,experts=[3,4,6,7]; c9:bw=31,experts=[4,6,7]; c10:bw=59,experts=[0,4,5,6,7]; c1:bw=41,experts=[1,4,6,7]; c2:bw=34,experts=[4,6,7]; c6:bw=57,experts=[2,3,4,6,7]; c17:bw=31,experts=[4,6,7]; c7:bw=36,experts=[4,6,7]; c15:bw=38,experts=[0,2,4]
   79 | 0.01000 |   2.0539 |   45.58% |   45.58% |    0:53.76
      bandwidth/experts | c2:bw=33,experts=[0,1,4]; c10:bw=34,experts=[1,4,6]; c17:bw=58,experts=[0,4,5,6,7]; c18:bw=12,experts=[2]; c13:bw=43,experts=[4,5,6,7]; c9:bw=10,experts=[2]; c4:bw=80,experts=[0,1,2,3,4,5,6,7]; c15:bw=54,experts=[0,4,5,6,7]; c16:bw=59,experts=[2,4,5,6,7]; c1:bw=37,experts=[4,6,7]; c8:bw=44,experts=[4,5,6,7]; c5:bw=53,experts=[0,4,5,6,7]; c12:bw=10,experts=[4]; c3:bw=26,experts=[0,3]; c0:bw=36,experts=[4,6,7]; c19:bw=26,experts=[0,5]; c14:bw=62,experts=[0,3,4,5,6,7]; c6:bw=21,experts=[4,6]; c11:bw=32,experts=[4,6,7]; c7:bw=46,experts=[3,4,6,7]
   80 | 0.01000 |   1.9925 |   46.22% |   46.22% |    0:53.83
      bandwidth/experts | c13:bw=39,experts=[4,6,7]; c8:bw=51,experts=[0,4,5,6,7]; c5:bw=65,experts=[0,3,4,5,6,7]; c14:bw=30,experts=[4,6,7]; c11:bw=62,experts=[0,3,4,5,6,7]; c7:bw=48,experts=[4,5,6,7]; c18:bw=13,experts=[4]; c15:bw=41,experts=[3,4,6,7]; c4:bw=57,experts=[3,4,5,6,7]; c0:bw=47,experts=[4,5,6,7]; c3:bw=31,experts=[4,6,7]; c6:bw=39,experts=[4,6,7]; c10:bw=18,experts=[2]; c19:bw=35,experts=[1,4,6]; c17:bw=61,experts=[1,3,4,5,6,7]; c16:bw=44,experts=[0,4,6,7]; c12:bw=10,experts=[4]; c1:bw=31,experts=[4,6,7]; c9:bw=53,experts=[0,4,5,6,7]; c2:bw=44,experts=[0,4,6,7]
   81 | 0.01000 |   1.9643 |   47.16% |   47.16% |    0:54.54
      bandwidth/experts | c9:bw=26,experts=[4,6]; c10:bw=44,experts=[4,5,6,7]; c5:bw=30,experts=[2,4,6]; c15:bw=65,experts=[0,3,4,5,6,7]; c19:bw=52,experts=[0,4,5,6,7]; c8:bw=48,experts=[4,5,6,7]; c14:bw=46,experts=[4,5,6,7]; c17:bw=27,experts=[2,4]; c18:bw=60,experts=[0,3,4,5,6,7]; c11:bw=22,experts=[4,6]; c3:bw=67,experts=[0,3,4,5,6,7]; c1:bw=49,experts=[3,4,6,7]; c7:bw=58,experts=[2,4,5,6,7]; c13:bw=21,experts=[0,4]; c12:bw=75,experts=[0,1,3,4,5,6,7]; c2:bw=45,experts=[4,5,6,7]; c16:bw=35,experts=[1,4,6]; c0:bw=50,experts=[2,4,5,6,7]; c4:bw=42,experts=[4,5,6,7]; c6:bw=51,experts=[0,4,5,6,7]
   82 | 0.01000 |   1.9630 |   47.57% |   47.57% |    0:53.92
      bandwidth/experts | c9:bw=56,experts=[3,4,5,6,7]; c16:bw=32,experts=[4,6,7]; c0:bw=30,experts=[4,6,7]; c13:bw=35,experts=[4,6,7]; c2:bw=30,experts=[2,4,6]; c15:bw=16,experts=[1]; c19:bw=21,experts=[4,6]; c12:bw=63,experts=[0,3,4,5,6,7]; c8:bw=58,experts=[0,4,5,6,7]; c1:bw=64,experts=[2,3,4,5,6,7]; c14:bw=54,experts=[0,3,4,6,7]; c7:bw=40,experts=[4,5,6,7]; c6:bw=36,experts=[4,6,7]; c5:bw=40,experts=[4,5,6,7]; c18:bw=45,experts=[1,4,6,7]; c10:bw=18,experts=[4]; c17:bw=44,experts=[4,5,6,7]; c4:bw=30,experts=[4,6,7]; c11:bw=47,experts=[4,5,6,7]; c3:bw=39,experts=[2,4,6]
   83 | 0.01000 |   1.9670 |   47.66% |   47.66% |    0:53.85
      bandwidth/experts | c3:bw=42,experts=[1,4,6,7]; c15:bw=39,experts=[4,6,7]; c11:bw=27,experts=[4,6]; c14:bw=39,experts=[1,4,6]; c6:bw=53,experts=[0,1,4,6,7]; c4:bw=10,experts=[4]; c5:bw=10,experts=[4]; c7:bw=37,experts=[1,4,6]; c2:bw=41,experts=[3,4,6,7]; c19:bw=67,experts=[0,3,4,5,6,7]; c0:bw=10,experts=[1]; c17:bw=31,experts=[4,6,7]; c16:bw=49,experts=[4,5,6,7]; c8:bw=39,experts=[3,4,6]; c1:bw=63,experts=[0,3,4,5,6,7]; c10:bw=37,experts=[4,6,7]; c9:bw=51,experts=[1,4,5,6,7]; c13:bw=46,experts=[3,4,6,7]; c12:bw=44,experts=[4,5,6,7]; c18:bw=21,experts=[4,6]
   84 | 0.01000 |   1.9530 |   47.64% |   47.66% |    0:53.85
      bandwidth/experts | c14:bw=45,experts=[2,4,6,7]; c6:bw=10,experts=[4]; c13:bw=30,experts=[1,4,6]; c3:bw=32,experts=[4,6,7]; c4:bw=27,experts=[4,6]; c5:bw=20,experts=[4,6]; c18:bw=55,experts=[3,4,5,6,7]; c15:bw=75,experts=[0,1,3,4,5,6,7]; c7:bw=47,experts=[0,4,6,7]; c0:bw=10,experts=[4]; c11:bw=50,experts=[0,4,5,6,7]; c1:bw=58,experts=[3,4,5,6,7]; c17:bw=43,experts=[3,4,6,7]; c9:bw=20,experts=[4,6]; c10:bw=10,experts=[3]; c12:bw=45,experts=[4,5,6,7]; c19:bw=22,experts=[4,6]; c2:bw=36,experts=[4,6,7]; c8:bw=67,experts=[2,3,4,5,6,7]; c16:bw=47,experts=[4,5,6,7]
   85 | 0.01000 |   1.9345 |   47.61% |   47.66% |    0:53.74
      bandwidth/experts | c5:bw=12,experts=[4]; c16:bw=19,experts=[4]; c9:bw=58,experts=[0,4,5,6,7]; c12:bw=47,experts=[4,5,6,7]; c6:bw=42,experts=[4,5,6,7]; c18:bw=51,experts=[0,4,5,6,7]; c15:bw=70,experts=[0,1,3,4,5,6,7]; c0:bw=38,experts=[0,3,4]; c11:bw=10,experts=[2]; c17:bw=49,experts=[4,5,6,7]; c14:bw=44,experts=[4,5,6,7]; c2:bw=45,experts=[3,4,6,7]; c7:bw=11,experts=[4]; c19:bw=54,experts=[2,3,4,6,7]; c10:bw=44,experts=[4,5,6,7]; c1:bw=57,experts=[0,4,5,6,7]; c4:bw=42,experts=[4,5,6,7]; c13:bw=35,experts=[4,6,7]; c3:bw=51,experts=[0,4,5,6,7]; c8:bw=70,experts=[0,1,3,4,5,6,7]
   86 | 0.01000 |   1.9196 |   48.55% |   48.55% |    0:53.90
      bandwidth/experts | c2:bw=24,experts=[4,6]; c13:bw=55,experts=[2,3,4,6,7]; c11:bw=38,experts=[1,4,6]; c0:bw=30,experts=[4,6,7]; c6:bw=55,experts=[2,3,4,6,7]; c16:bw=50,experts=[3,4,5,6,7]; c8:bw=28,experts=[4,6]; c3:bw=28,experts=[4,6]; c12:bw=28,experts=[2,4]; c15:bw=55,experts=[2,3,4,6,7]; c17:bw=40,experts=[4,5,6,7]; c9:bw=43,experts=[4,5,6,7]; c19:bw=18,experts=[4]; c18:bw=52,experts=[0,3,4,6,7]; c7:bw=44,experts=[4,5,6,7]; c5:bw=47,experts=[1,4,6,7]; c14:bw=45,experts=[3,4,6,7]; c1:bw=72,experts=[0,1,3,4,5,6,7]; c10:bw=47,experts=[0,4,6,7]; c4:bw=18,experts=[4]
   87 | 0.01000 |   1.9149 |   48.63% |   48.63% |    0:53.78
      bandwidth/experts | c15:bw=63,experts=[1,3,4,5,6,7]; c6:bw=60,experts=[0,3,4,5,6,7]; c13:bw=45,experts=[4,5,6,7]; c4:bw=34,experts=[0,1,2]; c8:bw=46,experts=[4,5,6,7]; c11:bw=18,experts=[4]; c3:bw=68,experts=[0,3,4,5,6,7]; c9:bw=37,experts=[2,4,6]; c17:bw=25,experts=[0,4]; c14:bw=36,experts=[4,6,7]; c5:bw=10,experts=[4]; c0:bw=35,experts=[4,6,7]; c18:bw=45,experts=[2,4,6,7]; c10:bw=49,experts=[1,4,6,7]; c16:bw=45,experts=[2,4,6,7]; c1:bw=29,experts=[4,6]; c19:bw=33,experts=[4,6,7]; c2:bw=67,experts=[0,1,4,5,6,7]; c12:bw=45,experts=[4,5,6,7]; c7:bw=22,experts=[3,4]
   88 | 0.01000 |   1.9189 |   48.43% |   48.63% |    0:54.54
      bandwidth/experts | c15:bw=60,experts=[0,3,4,5,6,7]; c0:bw=62,experts=[0,3,4,5,6,7]; c7:bw=41,experts=[3,4,6,7]; c16:bw=30,experts=[0,4,6]; c13:bw=34,experts=[4,6,7]; c1:bw=28,experts=[4,6]; c18:bw=22,experts=[4,6]; c2:bw=46,experts=[4,5,6,7]; c8:bw=43,experts=[4,5,6,7]; c17:bw=30,experts=[1,4,6]; c4:bw=38,experts=[3,4,6]; c6:bw=27,experts=[4,6]; c11:bw=10,experts=[3]; c5:bw=30,experts=[0,3,4]; c19:bw=23,experts=[1,4]; c14:bw=10,experts=[4]; c3:bw=33,experts=[4,6,7]; c9:bw=31,experts=[4,6,7]; c12:bw=61,experts=[0,3,4,5,6,7]; c10:bw=71,experts=[0,2,3,4,5,6,7]
   89 | 0.01000 |   1.9262 |   48.88% |   48.88% |    0:53.86
      bandwidth/experts | c5:bw=46,experts=[2,4,6,7]; c2:bw=44,experts=[4,5,6,7]; c7:bw=21,experts=[2,4]; c4:bw=30,experts=[4,6,7]; c18:bw=55,experts=[0,4,5,6,7]; c10:bw=28,experts=[4,6]; c15:bw=61,experts=[0,3,4,5,6,7]; c9:bw=60,experts=[0,3,4,5,6,7]; c8:bw=74,experts=[0,1,3,4,5,6,7]; c0:bw=13,experts=[2]; c16:bw=50,experts=[1,4,5,6,7]; c19:bw=16,experts=[4]; c11:bw=36,experts=[4,6,7]; c14:bw=30,experts=[4,6,7]; c12:bw=34,experts=[1,4,6]; c13:bw=10,experts=[0]; c1:bw=41,experts=[4,5,6,7]; c3:bw=31,experts=[4,6,7]; c17:bw=40,experts=[2,4,6,7]; c6:bw=32,experts=[4,6,7]
   90 | 0.01000 |   1.8963 |   49.57% |   49.57% |    0:53.99
      bandwidth/experts | c12:bw=43,experts=[4,5,6,7]; c10:bw=10,experts=[4]; c0:bw=64,experts=[0,3,4,5,6,7]; c2:bw=21,experts=[2,4]; c17:bw=22,experts=[4,6]; c14:bw=16,experts=[0]; c19:bw=15,experts=[4]; c7:bw=72,experts=[0,1,3,4,5,6,7]; c16:bw=57,experts=[3,4,5,6,7]; c3:bw=36,experts=[2,4,6]; c18:bw=50,experts=[1,4,5,6,7]; c4:bw=35,experts=[4,6,7]; c13:bw=65,experts=[0,3,4,5,6,7]; c11:bw=41,experts=[4,5,6,7]; c1:bw=31,experts=[2,4,6]; c8:bw=50,experts=[0,4,5,6,7]; c9:bw=63,experts=[0,3,4,5,6,7]; c6:bw=26,experts=[4,6]; c5:bw=27,experts=[4,5]; c15:bw=61,experts=[0,3,4,5,6,7]
   91 | 0.01000 |   1.8750 |   50.19% |   50.19% |    0:53.98
      bandwidth/experts | c5:bw=52,experts=[3,4,5,6,7]; c6:bw=29,experts=[1,4]; c1:bw=50,experts=[0,3,4,6,7]; c17:bw=63,experts=[0,3,4,5,6,7]; c18:bw=13,experts=[4]; c7:bw=51,experts=[0,4,5,6,7]; c8:bw=23,experts=[4,6]; c4:bw=54,experts=[0,4,5,6,7]; c19:bw=51,experts=[0,4,5,6,7]; c2:bw=11,experts=[4]; c10:bw=49,experts=[3,4,6,7]; c3:bw=40,experts=[1,4,6,7]; c11:bw=67,experts=[0,3,4,5,6,7]; c12:bw=62,experts=[0,1,3,4,6,7]; c14:bw=42,experts=[1,4,6,7]; c15:bw=45,experts=[4,5,6,7]; c13:bw=46,experts=[4,5,6,7]; c0:bw=22,experts=[1,4]; c9:bw=35,experts=[1,4,6]; c16:bw=24,experts=[4,6]
   92 | 0.01000 |   1.8955 |   49.79% |   50.19% |    0:53.72
      bandwidth/experts | c15:bw=19,experts=[4]; c11:bw=15,experts=[4]; c19:bw=54,experts=[3,4,5,6,7]; c17:bw=32,experts=[4,6,7]; c5:bw=66,experts=[0,3,4,5,6,7]; c4:bw=26,experts=[4,6]; c7:bw=34,experts=[4,6,7]; c9:bw=56,experts=[0,3,4,6,7]; c6:bw=45,experts=[3,4,6,7]; c8:bw=19,experts=[2]; c2:bw=25,experts=[4,6]; c0:bw=29,experts=[4,6]; c3:bw=28,experts=[4,6]; c12:bw=48,experts=[3,4,6,7]; c16:bw=14,experts=[4]; c13:bw=17,experts=[1]; c1:bw=20,experts=[4,6]; c10:bw=37,experts=[4,6,7]; c18:bw=37,experts=[4,6,7]; c14:bw=30,experts=[2,4,6]
   93 | 0.01000 |   1.8680 |   49.86% |   50.19% |    0:53.97
      bandwidth/experts | c9:bw=58,experts=[3,4,5,6,7]; c1:bw=47,experts=[4,5,6,7]; c6:bw=22,experts=[4,6]; c8:bw=10,experts=[4]; c15:bw=36,experts=[4,6,7]; c18:bw=23,experts=[4,6]; c0:bw=19,experts=[4]; c17:bw=32,experts=[4,6,7]; c5:bw=10,experts=[4]; c3:bw=31,experts=[4,6,7]; c12:bw=52,experts=[0,4,5,6,7]; c4:bw=32,experts=[4,6,7]; c14:bw=25,experts=[4,5]; c7:bw=22,experts=[4,6]; c11:bw=32,experts=[2,4,6]; c19:bw=39,experts=[2,4,6]; c16:bw=46,experts=[3,4,6,7]; c2:bw=51,experts=[0,3,4,6,7]; c10:bw=15,experts=[4]; c13:bw=63,experts=[0,3,4,5,6,7]
   94 | 0.01000 |   1.8843 |   50.36% |   50.36% |    0:53.95
      bandwidth/experts | c9:bw=50,experts=[0,3,4,6,7]; c19:bw=48,experts=[4,5,6,7]; c3:bw=34,experts=[4,6,7]; c10:bw=61,experts=[0,1,3,4,6,7]; c16:bw=28,experts=[4,6]; c6:bw=30,experts=[2,4,6]; c4:bw=31,experts=[4,6,7]; c18:bw=47,experts=[3,4,6,7]; c13:bw=44,experts=[2,4,6,7]; c12:bw=14,experts=[2]; c17:bw=12,experts=[4]; c11:bw=48,experts=[1,4,6,7]; c7:bw=45,experts=[3,4,6,7]; c8:bw=10,experts=[4]; c0:bw=55,experts=[0,3,4,6,7]; c15:bw=40,experts=[2,4,6,7]; c2:bw=65,experts=[0,3,4,5,6,7]; c1:bw=70,experts=[0,1,3,4,5,6,7]; c14:bw=38,experts=[3,4,6]; c5:bw=41,experts=[1,4,6,7]
   95 | 0.01000 |   1.8598 |   50.51% |   50.51% |    0:54.55
      bandwidth/experts | c7:bw=59,experts=[3,4,5,6,7]; c16:bw=24,experts=[2,4]; c1:bw=31,experts=[4,6,7]; c12:bw=10,experts=[4]; c4:bw=15,experts=[1]; c9:bw=42,experts=[2,4,6,7]; c17:bw=47,experts=[3,4,6,7]; c5:bw=10,experts=[4]; c14:bw=49,experts=[3,4,6,7]; c10:bw=42,experts=[4,5,6,7]; c15:bw=34,experts=[1,4,6]; c0:bw=35,experts=[4,6,7]; c19:bw=42,experts=[3,4,6,7]; c8:bw=76,experts=[0,2,3,4,5,6,7]; c13:bw=59,experts=[3,4,5,6,7]; c3:bw=41,experts=[0,3,4,5]; c18:bw=28,experts=[2,4]; c11:bw=10,experts=[4]; c2:bw=23,experts=[1,4]; c6:bw=40,experts=[0,4,5,6]
   96 | 0.01000 |   1.8486 |   50.92% |   50.92% |    0:55.58
      bandwidth/experts | c6:bw=31,experts=[4,6,7]; c15:bw=78,experts=[0,1,3,4,5,6,7]; c14:bw=10,experts=[4]; c17:bw=35,experts=[1,4,6]; c2:bw=65,experts=[0,3,4,5,6,7]; c9:bw=44,experts=[4,5,6,7]; c11:bw=44,experts=[4,5,6,7]; c3:bw=46,experts=[4,5,6,7]; c0:bw=36,experts=[4,6,7]; c8:bw=64,experts=[0,3,4,5,6,7]; c18:bw=29,experts=[4,6]; c5:bw=60,experts=[0,3,4,5,6,7]; c13:bw=55,experts=[0,4,5,6,7]; c1:bw=36,experts=[4,6,7]; c4:bw=49,experts=[2,3,4,6]; c19:bw=38,experts=[1,4,6]; c16:bw=72,experts=[0,1,3,4,5,6,7]; c12:bw=71,experts=[0,1,3,4,5,6,7]; c10:bw=53,experts=[2,3,4,6,7]; c7:bw=50,experts=[1,3,4,6,7]
   97 | 0.01000 |   1.8329 |   51.48% |   51.48% |    0:54.05
      bandwidth/experts | c12:bw=13,experts=[4]; c2:bw=54,experts=[0,4,5,6,7]; c4:bw=16,experts=[4]; c6:bw=50,experts=[0,3,4,6,7]; c9:bw=43,experts=[4,5,6,7]; c10:bw=51,experts=[0,3,4,6,7]; c1:bw=50,experts=[0,4,5,6,7]; c19:bw=30,experts=[4,6,7]; c7:bw=30,experts=[2,4,6]; c0:bw=41,experts=[2,4,6,7]; c3:bw=35,experts=[4,6,7]; c17:bw=54,experts=[0,2,4,6,7]; c18:bw=70,experts=[0,1,3,4,5,6,7]; c5:bw=46,experts=[2,4,6,7]; c14:bw=23,experts=[4,6]; c15:bw=59,experts=[0,3,4,6,7]; c13:bw=51,experts=[0,4,5,6,7]; c11:bw=22,experts=[4,6]; c16:bw=54,experts=[0,3,4,6,7]; c8:bw=43,experts=[1,4,6,7]
   98 | 0.01000 |   1.8220 |   51.18% |   51.48% |    0:53.87
      bandwidth/experts | c10:bw=45,experts=[4,5,6,7]; c4:bw=52,experts=[0,3,4,6,7]; c2:bw=24,experts=[2,4]; c17:bw=17,experts=[4]; c15:bw=17,experts=[4]; c7:bw=24,experts=[4,6]; c19:bw=45,experts=[0,4,6,7]; c14:bw=67,experts=[0,3,4,5,6,7]; c11:bw=10,experts=[4]; c16:bw=41,experts=[0,4,6,7]; c13:bw=31,experts=[4,6,7]; c1:bw=26,experts=[2,4]; c6:bw=36,experts=[4,6,7]; c5:bw=49,experts=[3,4,6,7]; c9:bw=27,experts=[4,6]; c3:bw=25,experts=[2,4]; c18:bw=32,experts=[4,6,7]; c0:bw=33,experts=[4,5,6]; c12:bw=16,experts=[4]; c8:bw=54,experts=[0,3,4,6,7]
   99 | 0.01000 |   1.8285 |   51.23% |   51.48% |    0:54.04
      bandwidth/experts | c13:bw=25,experts=[4,6]; c0:bw=40,experts=[1,4,6,7]; c14:bw=33,experts=[1,4,6]; c4:bw=24,experts=[4,5]; c19:bw=48,experts=[4,5,6,7]; c9:bw=20,experts=[1,4]; c16:bw=34,experts=[4,6,7]; c3:bw=38,experts=[1,4,6]; c12:bw=34,experts=[4,6,7]; c10:bw=11,experts=[4]; c7:bw=45,experts=[0,4,6,7]; c11:bw=10,experts=[0]; c1:bw=59,experts=[0,3,4,6,7]; c15:bw=47,experts=[4,5,6,7]; c6:bw=35,experts=[1,4,6]; c17:bw=43,experts=[4,5,6,7]; c18:bw=55,experts=[0,3,4,6,7]; c8:bw=34,experts=[4,6,7]; c5:bw=49,experts=[3,4,6,7]; c2:bw=31,experts=[4,6,7]
  100 | 0.01000 |   1.8489 |   51.94% |   51.94% |    0:54.05
      bandwidth/experts | c10:bw=56,experts=[0,4,5,6,7]; c12:bw=37,experts=[4,6,7]; c11:bw=17,experts=[3]; c0:bw=64,experts=[0,3,4,5,6,7]; c4:bw=65,experts=[0,3,4,5,6,7]; c7:bw=10,experts=[4]; c6:bw=44,experts=[3,4,6,7]; c17:bw=55,experts=[0,4,5,6,7]; c14:bw=10,experts=[2]; c1:bw=17,experts=[4]; c13:bw=10,experts=[1]; c8:bw=44,experts=[0,4,6,7]; c2:bw=30,experts=[4,6,7]; c18:bw=80,experts=[0,1,2,3,4,5,6,7]; c16:bw=46,experts=[3,4,6,7]; c9:bw=53,experts=[3,4,5,6,7]; c5:bw=18,experts=[4]; c3:bw=42,experts=[3,4,6,7]; c15:bw=30,experts=[4,6,7]; c19:bw=18,experts=[4]

Done. Best Acc: 51.94% @ round 100
Total time: 1:29:27.70
[Export] 实验目录: /userhome/cs3/duanty/FedMoE/results/exp03-c100-resnet-n20-fedadam/20260923-200027
[Export] 每轮明细: /userhome/cs3/duanty/FedMoE/results/exp03-c100-resnet-n20-fedadam/20260923-200027/rounds.xlsx
[Export] 总体摘要: /userhome/cs3/duanty/FedMoE/results/exp03-c100-resnet-n20-fedadam/20260923-200027/summary.xlsx
[Plot] result = /userhome/cs3/duanty/FedMoE/results/exp03-c100-resnet-n20-fedadam/20260923-200027
[Plot] figures -> /userhome/cs3/duanty/FedMoE/results/exp03-c100-resnet-n20-fedadam/20260923-200027/figure
  fig01_test_accuracy.pdf
  fig02_train_loss.pdf
  fig03_acc_and_loss.pdf
  fig04_bandwidth_and_k.pdf
  fig05_expert_round_heatmap.pdf
  fig06_client_expert_heatmap.pdf
  fig07_expert_frequency.pdf
  fig08_time_breakdown.pdf
  fig09_accuracy_vs_communication.pdf
  fig10_overview.pdf
[Export] 图片目录: /userhome/cs3/duanty/FedMoE/results/exp03-c100-resnet-n20-fedadam/20260923-200027/figure
