========================================
Job    : exp03-c100-resnet-e16-ours
Host   : gpu-4090-103
Date   : Wed Sep 23 14:04:55 HKT 2026
GPU    : 0
Python : /userhome/cs3/duanty/miniconda3/envs/moe/bin/python
Command: python -u main.py --method ours --dataset cifar100 --backbone resnet --select ours --merge ours --device cuda --num_experts 16 --num_clients 10 --bw_min 10 --bw_max -1 --output_dir ./results/exp03-c100-resnet-e16-ours
========================================

==================================================================
 Ours  
  Dataset=cifar100 | beta=0.1 | Backbone=resnet | width_mult=1 | Clients=10 | Experts=16
  Select=ours | Merge=ours
  Expert refresh N_ref=16
  Rounds=100 | LR=0.01
  Bandwidth: expert_bw=10 | bw=[10, 160] | Rayleigh-Shannon, SNR=10 dB | k=floor(bw/10)
==================================================================


[Partition] Dirichlet beta=0.1, 10 clients
  Client 0:   4573 samples | 45/100 classes
  Client 1:   4218 samples | 54/100 classes
  Client 2:   3656 samples | 48/100 classes
  Client 3:   5018 samples | 43/100 classes
  Client 4:   6664 samples | 52/100 classes
  Client 5:   6137 samples | 45/100 classes
  Client 6:   6582 samples | 49/100 classes
  Client 7:   4512 samples | 39/100 classes
  Client 8:   5219 samples | 46/100 classes
  Client 9:   3421 samples | 100/100 classes

[Upload] expert_bw=10 | available bw=[10, 160] | Rayleigh-Shannon, SNR=10 dB | upload k=floor(bw/10), cap=16 | probe gate scores, refresh stale experts, then train selected

[Model] Total params: 16,200,320

[Export] 本次实验目录: /userhome/cs3/duanty/FedMoE/results/exp03-c100-resnet-e16-ours/20260923-140459

Round |      LR |  AvgLoss |  TestAcc |     Best |  RoundTime
--------------------------------------------------------------------------------
    1 | 0.00208 |   3.7997 |    2.29% |    2.29% |    1:06.24
      bandwidth/experts | c8:bw=104,experts=[0,1,2,4,5,6,10,11,13,15]; c1:bw=55,experts=[1,2,4,6,13]; c5:bw=84,experts=[0,1,2,4,5,6,13,15]; c0:bw=10,experts=[13]; c7:bw=38,experts=[2,4,13]; c2:bw=55,experts=[1,2,4,6,13]; c9:bw=86,experts=[0,1,2,4,5,6,11,13]; c4:bw=75,experts=[0,1,2,4,5,6,13]; c3:bw=96,experts=[0,1,2,4,5,6,11,13,15]; c6:bw=77,experts=[0,1,2,4,5,6,13]
    2 | 0.00406 |   3.3046 |    4.68% |    4.68% |    1:02.97
      bandwidth/experts | c0:bw=67,experts=[0,4,6,10,12,13]; c1:bw=78,experts=[0,4,6,10,11,12,13]; c8:bw=91,experts=[0,1,4,5,6,10,11,12,13]; c5:bw=130,experts=[0,1,2,4,5,6,8,9,10,11,12,13,15]; c3:bw=127,experts=[0,1,2,4,5,6,8,9,10,11,12,13]; c4:bw=56,experts=[0,4,6,10,13]; c7:bw=104,experts=[0,1,4,5,6,9,10,11,12,13]; c9:bw=88,experts=[0,1,4,6,10,11,12,13]; c6:bw=32,experts=[4,6,13]; c2:bw=41,experts=[4,6,10,13]
    3 | 0.00604 |   3.1940 |    6.16% |    6.16% |    1:03.08
      bandwidth/experts | c9:bw=90,experts=[0,1,4,6,9,10,11,12,13]; c2:bw=78,experts=[1,4,6,9,10,11,12]; c0:bw=94,experts=[0,1,4,6,9,10,11,12,13]; c6:bw=75,experts=[1,4,6,10,11,12,13]; c8:bw=56,experts=[1,4,6,10,12]; c5:bw=25,experts=[4,6]; c3:bw=48,experts=[4,6,10,11]; c7:bw=62,experts=[4,6,10,11,12,13]; c1:bw=25,experts=[4,6]; c4:bw=98,experts=[0,1,4,6,9,10,11,12,13]
    4 | 0.00802 |   3.0990 |    9.17% |    9.17% |    1:03.74
      bandwidth/experts | c1:bw=75,experts=[1,4,6,9,10,11,13]; c7:bw=84,experts=[0,1,4,6,9,10,11,12]; c6:bw=100,experts=[0,1,4,5,6,9,10,11,12,13]; c2:bw=113,experts=[0,1,4,5,6,8,9,10,11,12,13]; c8:bw=59,experts=[4,6,10,11,13]; c0:bw=111,experts=[0,1,4,5,6,9,10,11,12,13,14]; c3:bw=64,experts=[1,4,6,9,10,11]; c4:bw=105,experts=[0,1,4,5,6,9,10,11,12,13]; c5:bw=138,experts=[0,1,4,5,6,8,9,10,11,12,13,14,15]; c9:bw=41,experts=[1,4,6,10]
    5 | 0.01000 |   3.0073 |   12.55% |   12.55% |    1:03.63
      bandwidth/experts | c1:bw=37,experts=[4,6,10]; c5:bw=75,experts=[0,1,4,6,10,11,13]; c4:bw=91,experts=[0,1,4,5,6,9,10,12,13]; c8:bw=69,experts=[1,4,6,10,12,13]; c0:bw=94,experts=[0,1,4,6,9,10,11,12,13]; c7:bw=46,experts=[4,6,10,13]; c6:bw=100,experts=[0,1,4,5,6,9,10,11,12,13]; c3:bw=119,experts=[0,1,4,5,6,9,10,11,12,13,14]; c2:bw=13,experts=[4]; c9:bw=118,experts=[0,1,4,5,6,9,10,11,12,13,14]
    6 | 0.01000 |   2.8757 |   15.72% |   15.72% |    1:04.28
      bandwidth/experts | c8:bw=126,experts=[0,1,2,4,5,6,9,10,11,12,13,14]; c2:bw=79,experts=[0,1,4,6,10,12,13]; c5:bw=51,experts=[0,4,6,10,13]; c7:bw=110,experts=[0,1,2,4,5,6,10,11,12,13,14]; c3:bw=68,experts=[0,4,6,10,12,13]; c1:bw=61,experts=[0,1,4,6,10,13]; c9:bw=91,experts=[0,1,2,4,6,10,12,13,14]; c0:bw=59,experts=[0,4,6,10,13]; c4:bw=33,experts=[4,6,13]; c6:bw=38,experts=[4,6,10]
    7 | 0.01000 |   2.7685 |   17.47% |   17.47% |    1:04.41
      bandwidth/experts | c0:bw=68,experts=[0,4,6,10,13,14]; c5:bw=92,experts=[0,1,4,5,6,10,12,13,14]; c2:bw=75,experts=[0,1,4,6,10,12,13]; c6:bw=25,experts=[4,6]; c3:bw=50,experts=[0,4,6,13,14]; c7:bw=58,experts=[0,4,6,13,14]; c4:bw=26,experts=[4,6]; c1:bw=18,experts=[4]; c8:bw=108,experts=[0,1,2,4,6,8,10,12,13,14]; c9:bw=10,experts=[4]
    8 | 0.01000 |   2.6622 |   20.99% |   20.99% |    1:05.26
      bandwidth/experts | c4:bw=10,experts=[4]; c8:bw=70,experts=[0,4,6,10,12,13,14]; c1:bw=110,experts=[0,1,2,4,5,6,8,10,12,13,14]; c3:bw=70,experts=[0,4,6,10,12,13,14]; c0:bw=61,experts=[0,4,6,10,13,14]; c5:bw=53,experts=[0,4,6,10,13]; c2:bw=102,experts=[0,1,2,4,6,8,10,12,13,14]; c9:bw=111,experts=[0,1,2,4,5,6,10,11,12,13,14]; c7:bw=28,experts=[4,6]; c6:bw=78,experts=[0,4,6,10,12,13,14]
    9 | 0.01000 |   2.5755 |   22.66% |   22.66% |    1:05.23
      bandwidth/experts | c2:bw=40,experts=[0,4,6,13]; c0:bw=99,experts=[0,1,2,4,6,8,10,13,14]; c4:bw=112,experts=[0,1,2,4,5,6,8,10,12,13,14]; c9:bw=49,experts=[0,4,6,13]; c8:bw=34,experts=[4,6,13]; c6:bw=59,experts=[0,4,6,13,14]; c7:bw=87,experts=[0,1,4,6,8,10,13,14]; c5:bw=99,experts=[0,1,4,5,6,10,12,13,14]; c1:bw=27,experts=[4,6]; c3:bw=43,experts=[0,4,6,13]
   10 | 0.01000 |   2.4974 |   25.58% |   25.58% |    1:06.05
      bandwidth/experts | c4:bw=69,experts=[0,4,6,10,13,14]; c2:bw=64,experts=[0,4,6,10,13,14]; c7:bw=71,experts=[0,4,6,10,12,13,14]; c0:bw=111,experts=[0,1,2,4,5,6,8,10,12,13,14]; c6:bw=123,experts=[0,1,2,4,5,6,8,9,10,12,13,14]; c3:bw=87,experts=[0,1,4,6,10,12,13,14]; c5:bw=109,experts=[0,1,2,4,6,8,10,12,13,14]; c8:bw=67,experts=[0,4,6,10,13,14]; c9:bw=66,experts=[0,4,6,10,13,14]; c1:bw=77,experts=[0,4,6,10,12,13,14]
   11 | 0.01000 |   2.4160 |   26.41% |   26.41% |    1:05.93
      bandwidth/experts | c5:bw=52,experts=[0,4,6,13,14]; c2:bw=52,experts=[0,4,6,13,14]; c7:bw=83,experts=[0,1,4,6,10,12,13,14]; c3:bw=95,experts=[0,1,2,4,6,10,12,13,14]; c0:bw=53,experts=[0,4,6,10,13]; c8:bw=74,experts=[0,1,4,6,10,13,14]; c9:bw=62,experts=[0,1,4,6,13,14]; c6:bw=105,experts=[0,1,2,4,6,8,10,12,13,14]; c1:bw=76,experts=[0,1,4,6,10,13,14]; c4:bw=30,experts=[4,6,13]
   12 | 0.01000 |   2.3580 |   30.76% |   30.76% |    1:06.19
      bandwidth/experts | c1:bw=80,experts=[0,1,4,6,10,12,13,14]; c5:bw=106,experts=[0,1,2,4,5,6,10,12,13,14]; c2:bw=108,experts=[0,1,2,4,5,6,10,12,13,14]; c4:bw=53,experts=[0,1,4,6,13]; c3:bw=66,experts=[0,1,4,6,10,13]; c7:bw=56,experts=[0,4,6,13,14]; c9:bw=79,experts=[0,1,4,6,10,13,14]; c6:bw=54,experts=[1,4,6,10,13]; c8:bw=104,experts=[0,1,2,4,5,6,10,12,13,14]; c0:bw=93,experts=[0,1,2,4,6,10,12,13,14]
   13 | 0.01000 |   2.2976 |   32.51% |   32.51% |    1:06.15
      bandwidth/experts | c3:bw=57,experts=[0,4,6,10,13]; c1:bw=90,experts=[0,1,2,4,6,10,12,13,14]; c4:bw=10,experts=[4]; c5:bw=55,experts=[0,4,6,10,13]; c8:bw=29,experts=[4,6]; c6:bw=69,experts=[0,1,4,6,10,13]; c9:bw=28,experts=[4,6]; c7:bw=110,experts=[0,1,2,4,5,6,8,10,12,13,14]; c0:bw=48,experts=[0,4,6,13]; c2:bw=31,experts=[4,6,13]
   14 | 0.01000 |   2.2556 |   33.62% |   33.62% |    1:06.46
      bandwidth/experts | c2:bw=85,experts=[0,1,4,5,6,10,13,14]; c4:bw=11,experts=[4]; c5:bw=121,experts=[0,1,2,4,5,6,8,10,11,12,13,14]; c1:bw=73,experts=[0,1,4,6,10,13,14]; c7:bw=47,experts=[0,4,6,13]; c0:bw=48,experts=[0,4,6,13]; c9:bw=60,experts=[0,4,6,10,13,14]; c3:bw=86,experts=[0,1,4,6,10,12,13,14]; c8:bw=39,experts=[0,4,6]; c6:bw=127,experts=[0,1,2,4,5,6,8,9,10,12,13,14]
   15 | 0.01000 |   2.2076 |   35.53% |   35.53% |    1:06.51
      bandwidth/experts | c7:bw=111,experts=[0,1,2,4,5,6,8,10,12,13,14]; c0:bw=39,experts=[4,6,13]; c1:bw=27,experts=[4,6]; c8:bw=98,experts=[0,1,2,4,6,10,12,13,14]; c3:bw=20,experts=[4,6]; c2:bw=99,experts=[0,1,2,4,6,10,12,13,14]; c4:bw=88,experts=[0,1,4,6,10,12,13,14]; c5:bw=34,experts=[4,6,13]; c9:bw=37,experts=[4,6,13]; c6:bw=62,experts=[0,1,4,6,10,13]
   16 | 0.01000 |   2.2002 |   37.22% |   37.22% |    1:06.94
      bandwidth/experts | c6:bw=76,experts=[0,3,4,6,7,13,15]; c1:bw=54,experts=[3,4,6,7,15]; c3:bw=82,experts=[0,1,3,4,6,7,10,13]; c8:bw=93,experts=[0,1,3,4,6,7,10,13,14]; c7:bw=42,experts=[3,4,7,15]; c5:bw=75,experts=[0,3,4,6,7,10,13]; c4:bw=67,experts=[3,4,6,7,13,15]; c9:bw=45,experts=[3,7,8,15]; c0:bw=107,experts=[0,1,3,4,6,7,10,13,14,15]; c2:bw=97,experts=[0,1,3,4,6,7,10,13,15]
   17 | 0.01000 |   2.1653 |   38.46% |   38.46% |    1:06.83
      bandwidth/experts | c4:bw=109,experts=[0,1,2,4,5,6,10,12,13,14]; c7:bw=47,experts=[0,4,6,13]; c8:bw=15,experts=[15]; c3:bw=99,experts=[0,1,2,4,6,10,13,14,15]; c5:bw=10,experts=[4]; c1:bw=55,experts=[0,1,4,6,10]; c0:bw=20,experts=[4,6]; c2:bw=36,experts=[4,6,13]; c9:bw=70,experts=[0,1,4,6,10,13,14]; c6:bw=73,experts=[0,1,2,4,6,10,13]
   18 | 0.01000 |   2.0926 |   40.75% |   40.75% |    1:07.03
      bandwidth/experts | c1:bw=12,experts=[4]; c8:bw=10,experts=[4]; c5:bw=66,experts=[0,1,4,6,10,13]; c2:bw=71,experts=[0,1,4,6,10,13,14]; c9:bw=35,experts=[4,6,13]; c7:bw=103,experts=[0,1,4,5,6,10,11,12,13,14]; c4:bw=105,experts=[0,1,2,4,5,6,10,12,13,14]; c3:bw=70,experts=[0,1,4,6,8,10,13]; c0:bw=92,experts=[0,1,2,4,6,10,12,13,14]; c6:bw=59,experts=[0,4,6,10,13]
   19 | 0.01000 |   2.0623 |   42.50% |   42.50% |    1:07.44
      bandwidth/experts | c8:bw=105,experts=[0,1,2,4,5,6,10,12,13,14]; c0:bw=79,experts=[0,1,2,4,6,10,13]; c4:bw=97,experts=[0,1,2,4,6,10,12,13,14]; c1:bw=87,experts=[0,1,2,4,6,10,13,14]; c9:bw=72,experts=[0,1,4,6,10,13,14]; c5:bw=55,experts=[0,1,4,6,13]; c7:bw=42,experts=[0,4,6,13]; c2:bw=27,experts=[4,6]; c6:bw=124,experts=[0,1,2,4,5,6,8,9,10,12,13,14]; c3:bw=75,experts=[0,1,4,5,6,10,13]
   20 | 0.01000 |   2.0581 |   42.89% |   42.89% |    1:07.76
      bandwidth/experts | c0:bw=52,experts=[0,4,6,10,13]; c2:bw=78,experts=[0,1,4,6,9,11,13]; c1:bw=76,experts=[0,1,4,6,9,11,13]; c9:bw=31,experts=[4,6,13]; c7:bw=81,experts=[0,1,2,4,6,9,10,13]; c6:bw=128,experts=[0,1,2,4,5,6,8,10,12,13,14,15]; c3:bw=34,experts=[4,6,13]; c5:bw=10,experts=[9]; c4:bw=112,experts=[0,1,2,4,5,6,10,11,12,13,14]; c8:bw=95,experts=[0,1,2,4,6,10,12,13,14]
   21 | 0.01000 |   2.0249 |   44.34% |   44.34% |    1:07.76
      bandwidth/experts | c1:bw=77,experts=[0,1,2,4,6,13,14]; c2:bw=75,experts=[0,1,4,5,6,10,13]; c7:bw=24,experts=[4,6]; c4:bw=90,experts=[0,1,2,4,6,9,10,13,14]; c8:bw=34,experts=[4,6,13]; c5:bw=61,experts=[1,4,6,10,13,15]; c0:bw=125,experts=[0,1,2,4,5,6,8,9,10,11,12,13]; c3:bw=14,experts=[9]; c6:bw=29,experts=[4,11]; c9:bw=48,experts=[4,6,9,13]
   22 | 0.01000 |   1.9841 |   44.24% |   44.34% |    1:08.43
      bandwidth/experts | c7:bw=31,experts=[4,6,13]; c9:bw=62,experts=[0,1,4,6,13,14]; c1:bw=12,experts=[4]; c6:bw=116,experts=[0,1,2,4,5,6,9,10,12,13,14]; c5:bw=31,experts=[4,6,13]; c2:bw=125,experts=[0,1,2,4,5,6,9,10,12,13,14,15]; c0:bw=126,experts=[0,1,2,4,5,6,8,10,12,13,14,15]; c4:bw=69,experts=[0,1,4,6,10,13]; c3:bw=105,experts=[0,1,2,4,5,6,10,11,13,14]; c8:bw=62,experts=[0,4,6,9,11,13]
   23 | 0.01000 |   1.9619 |   45.44% |   45.44% |    1:08.13
      bandwidth/experts | c5:bw=98,experts=[0,1,2,4,6,10,12,13,14]; c7:bw=28,experts=[4,6]; c4:bw=106,experts=[0,1,2,4,5,6,10,12,13,14]; c6:bw=19,experts=[4]; c9:bw=95,experts=[0,1,2,4,6,10,12,13,14]; c8:bw=66,experts=[0,4,6,8,10,13]; c3:bw=29,experts=[4,6]; c1:bw=117,experts=[0,1,2,4,5,6,9,10,12,13,14]; c2:bw=61,experts=[0,1,4,6,13,14]; c0:bw=21,experts=[4,6]
   24 | 0.01000 |   1.9541 |   46.80% |   46.80% |    1:07.62
      bandwidth/experts | c6:bw=57,experts=[0,1,4,6,13]; c4:bw=24,experts=[4,6]; c7:bw=10,experts=[4]; c9:bw=94,experts=[0,1,4,5,6,10,11,13,14]; c2:bw=81,experts=[0,4,5,6,8,10,13,14]; c1:bw=10,experts=[8]; c5:bw=46,experts=[0,4,6,13]; c8:bw=34,experts=[4,6,13]; c3:bw=10,experts=[4]; c0:bw=59,experts=[0,1,4,6,13]
   25 | 0.01000 |   1.9117 |   47.74% |   47.74% |    1:08.73
      bandwidth/experts | c9:bw=76,experts=[0,1,2,4,6,13,14]; c6:bw=30,experts=[4,6,13]; c4:bw=110,experts=[0,1,2,4,5,6,8,10,12,13,14]; c3:bw=26,experts=[4,6]; c5:bw=120,experts=[0,1,2,4,5,6,10,11,12,13,14,15]; c1:bw=92,experts=[0,1,2,4,6,10,12,13,14]; c8:bw=103,experts=[0,1,2,4,6,8,10,12,13,14]; c2:bw=24,experts=[4,6]; c0:bw=106,experts=[0,1,2,4,6,8,9,10,12,13]; c7:bw=75,experts=[0,1,2,4,6,10,13]
   26 | 0.01000 |   1.8902 |   47.90% |   47.90% |    1:08.24
      bandwidth/experts | c3:bw=84,experts=[0,1,2,4,6,12,13,14]; c6:bw=63,experts=[0,1,4,6,13,14]; c9:bw=95,experts=[0,1,2,4,6,10,12,13,14]; c7:bw=59,experts=[0,1,4,6,13]; c1:bw=63,experts=[0,1,4,6,10,13]; c5:bw=39,experts=[0,4,6]; c2:bw=56,experts=[1,4,6,10,13]; c8:bw=101,experts=[0,1,2,4,5,6,10,12,13,14]; c0:bw=20,experts=[4,6]; c4:bw=90,experts=[0,1,2,4,5,6,9,10,13]
   27 | 0.01000 |   1.8674 |   48.46% |   48.46% |    1:08.63
      bandwidth/experts | c7:bw=97,experts=[0,1,2,4,5,6,10,13,14]; c1:bw=117,experts=[0,1,2,4,5,6,10,11,12,13,14]; c4:bw=23,experts=[4,6]; c0:bw=68,experts=[0,1,4,6,13,14]; c9:bw=34,experts=[0,4,6]; c2:bw=37,experts=[4,6,13]; c8:bw=104,experts=[0,1,2,4,5,6,10,12,13,14]; c3:bw=40,experts=[0,4,6,13]; c6:bw=119,experts=[0,1,2,4,5,6,9,10,11,13,14]; c5:bw=69,experts=[0,1,4,6,13,14]
   28 | 0.01000 |   1.8577 |   50.29% |   50.29% |    1:08.24
      bandwidth/experts | c6:bw=56,experts=[0,4,6,10,13]; c9:bw=92,experts=[0,1,2,4,6,10,12,13,14]; c0:bw=89,experts=[0,1,4,6,10,12,13,14]; c8:bw=56,experts=[0,1,4,6,13]; c2:bw=10,experts=[4]; c5:bw=63,experts=[0,1,4,6,10,13]; c1:bw=47,experts=[0,4,6,13]; c3:bw=22,experts=[4,6]; c4:bw=14,experts=[4]; c7:bw=10,experts=[4]
   29 | 0.01000 |   1.8399 |   50.52% |   50.52% |    1:08.83
      bandwidth/experts | c4:bw=72,experts=[0,1,4,6,10,13,14]; c0:bw=83,experts=[0,1,4,6,10,12,13,14]; c1:bw=63,experts=[0,1,4,6,10,13]; c9:bw=82,experts=[0,1,4,6,10,12,13,14]; c6:bw=81,experts=[0,1,4,5,6,10,13,14]; c8:bw=63,experts=[0,1,4,6,10,13]; c7:bw=40,experts=[0,4,6,13]; c3:bw=60,experts=[0,1,4,6,10,13]; c2:bw=34,experts=[4,6,13]; c5:bw=63,experts=[0,1,4,6,13,14]
   30 | 0.01000 |   1.8168 |   50.63% |   50.63% |    1:09.63
      bandwidth/experts | c5:bw=116,experts=[0,1,2,4,5,6,8,10,12,13,14]; c1:bw=67,experts=[0,1,4,6,10,13]; c9:bw=103,experts=[0,1,2,4,5,6,10,12,13,14]; c4:bw=97,experts=[0,1,2,4,5,6,10,13,14]; c0:bw=33,experts=[4,6,13]; c8:bw=78,experts=[0,1,4,6,10,13,14]; c6:bw=20,experts=[4,6]; c7:bw=23,experts=[4,6]; c3:bw=111,experts=[0,1,2,4,5,6,9,10,12,13,14]; c2:bw=51,experts=[0,1,4,6,13]
   31 | 0.01000 |   1.7987 |   50.79% |   50.79% |    1:09.64
      bandwidth/experts | c6:bw=55,experts=[0,1,4,6,13]; c4:bw=36,experts=[4,6,13]; c9:bw=85,experts=[0,1,2,4,6,10,13,14]; c1:bw=57,experts=[0,1,4,6,13]; c5:bw=116,experts=[0,1,2,4,5,6,10,12,13,14,15]; c8:bw=62,experts=[0,1,4,6,13,14]; c3:bw=45,experts=[0,4,6,13]; c2:bw=29,experts=[4,6]; c0:bw=89,experts=[0,1,4,5,6,10,12,13]; c7:bw=119,experts=[0,1,2,4,5,6,8,10,12,13,14]
   32 | 0.01000 |   1.7876 |   52.35% |   52.35% |    1:09.42
      bandwidth/experts | c8:bw=40,experts=[3,4,6,7]; c5:bw=67,experts=[0,3,4,6,7,13]; c4:bw=92,experts=[0,3,4,6,7,10,13,14,15]; c7:bw=88,experts=[0,1,3,4,6,7,13,15]; c0:bw=86,experts=[0,1,3,4,6,7,13,14]; c1:bw=40,experts=[3,4,7,15]; c3:bw=53,experts=[3,4,6,7,13]; c6:bw=51,experts=[3,4,6,7,13]; c2:bw=102,experts=[0,1,3,4,5,6,7,10,13,14]; c9:bw=59,experts=[3,4,7,8,15]
   33 | 0.01000 |   1.7705 |   52.62% |   52.62% |    1:10.32
      bandwidth/experts | c7:bw=99,experts=[0,1,2,4,6,10,12,13,14]; c1:bw=65,experts=[0,1,4,6,13,14]; c3:bw=132,experts=[0,1,2,4,5,6,8,10,11,12,13,14,15]; c6:bw=69,experts=[0,1,4,6,10,13]; c5:bw=55,experts=[0,1,4,6,13]; c9:bw=79,experts=[0,1,4,6,12,13,14]; c2:bw=44,experts=[0,4,6,13]; c8:bw=94,experts=[0,1,4,6,10,12,13,14,15]; c4:bw=85,experts=[0,1,4,5,6,9,10,13]; c0:bw=118,experts=[0,1,2,4,5,6,9,10,12,13,14]
   34 | 0.01000 |   1.7594 |   52.46% |   52.62% |    1:11.44
      bandwidth/experts | c4:bw=87,experts=[0,1,2,4,6,10,13,14]; c1:bw=88,experts=[0,1,4,6,10,12,13,14]; c6:bw=91,experts=[0,1,4,6,10,11,12,13,14]; c9:bw=128,experts=[0,1,2,4,5,6,8,10,11,12,13,14]; c8:bw=79,experts=[0,1,4,6,10,13,14]; c0:bw=42,experts=[0,4,6,13]; c5:bw=113,experts=[0,1,2,4,5,6,9,10,12,13,14]; c7:bw=61,experts=[0,4,6,10,11,13]; c3:bw=137,experts=[0,1,2,4,5,6,8,9,10,12,13,14,15]; c2:bw=101,experts=[0,1,2,4,5,6,10,12,13,14]
   35 | 0.01000 |   1.7481 |   53.46% |   53.46% |    1:09.99
      bandwidth/experts | c4:bw=62,experts=[0,1,4,6,13,14]; c0:bw=38,experts=[4,6,13]; c1:bw=58,experts=[0,1,4,6,13]; c6:bw=83,experts=[0,1,4,5,6,10,13,14]; c2:bw=86,experts=[0,1,4,5,6,10,13,14]; c8:bw=94,experts=[0,1,4,5,6,10,12,13,14]; c9:bw=51,experts=[0,4,6,13,14]; c7:bw=90,experts=[0,1,4,5,6,9,10,11,13]; c5:bw=77,experts=[0,1,4,5,6,10,13]; c3:bw=45,experts=[0,4,6,13]
   36 | 0.01000 |   1.7313 |   54.34% |   54.34% |    1:10.75
      bandwidth/experts | c9:bw=70,experts=[0,1,4,6,12,13,14]; c0:bw=68,experts=[0,1,4,6,13,14]; c3:bw=113,experts=[0,1,2,4,5,6,9,10,11,12,13]; c7:bw=51,experts=[0,4,6,13,14]; c6:bw=82,experts=[0,1,4,6,8,10,13,15]; c5:bw=93,experts=[0,1,4,5,6,10,12,13,14]; c1:bw=16,experts=[4]; c4:bw=140,experts=[0,1,2,4,5,6,8,9,10,11,12,13,14,15]; c8:bw=97,experts=[0,1,4,5,6,10,12,13,14]; c2:bw=95,experts=[0,1,4,5,6,9,10,11,13]
   37 | 0.01000 |   1.7148 |   54.67% |   54.67% |    1:10.36
      bandwidth/experts | c1:bw=34,experts=[4,6,13]; c5:bw=74,experts=[0,1,2,4,6,13,14]; c2:bw=68,experts=[0,1,4,6,13,14]; c6:bw=123,experts=[0,1,2,4,5,6,9,10,12,13,14,15]; c4:bw=74,experts=[0,1,4,6,10,13,14]; c7:bw=79,experts=[0,1,4,6,10,12,13]; c9:bw=75,experts=[0,1,4,6,9,12,13]; c0:bw=103,experts=[0,1,2,4,6,10,11,12,13,14]; c3:bw=68,experts=[0,1,4,6,10,13]; c8:bw=11,experts=[4]
   38 | 0.01000 |   1.7297 |   54.54% |   54.67% |    1:10.21
      bandwidth/experts | c8:bw=87,experts=[0,1,4,6,9,11,13,14]; c6:bw=32,experts=[4,6,13]; c4:bw=98,experts=[0,1,4,5,6,10,12,13,14]; c1:bw=58,experts=[0,1,4,6,13]; c5:bw=10,experts=[4]; c2:bw=10,experts=[15]; c3:bw=72,experts=[0,1,2,4,6,13,14]; c7:bw=96,experts=[0,1,2,4,5,6,10,12,13]; c9:bw=49,experts=[0,4,6,13]; c0:bw=76,experts=[0,1,2,4,6,13,15]
   39 | 0.01000 |   1.6942 |   55.37% |   55.37% |    1:10.51
      bandwidth/experts | c3:bw=49,experts=[0,4,6,13]; c0:bw=10,experts=[4]; c1:bw=84,experts=[0,1,4,6,9,10,12,13]; c7:bw=75,experts=[0,1,4,5,6,13,14]; c6:bw=58,experts=[0,4,5,6,13]; c8:bw=84,experts=[0,1,4,5,6,10,11,13]; c2:bw=68,experts=[0,1,4,6,10,13]; c4:bw=67,experts=[0,1,4,6,13,14]; c9:bw=45,experts=[0,4,6,13]; c5:bw=141,experts=[0,1,2,4,5,6,8,9,10,11,12,13,14,15]
   40 | 0.01000 |   1.6900 |   55.62% |   55.62% |    1:10.77
      bandwidth/experts | c8:bw=49,experts=[0,4,6,13]; c1:bw=79,experts=[0,1,4,6,8,13,14]; c5:bw=60,experts=[0,1,4,6,13,14]; c6:bw=88,experts=[0,1,2,4,5,6,10,13]; c2:bw=123,experts=[0,1,2,4,5,6,8,9,10,12,13,14]; c7:bw=125,experts=[0,1,2,4,5,6,9,10,11,12,13,14]; c3:bw=13,experts=[4]; c4:bw=36,experts=[4,6,13]; c9:bw=75,experts=[0,1,4,6,10,13,14]; c0:bw=67,experts=[0,1,4,6,10,13]
   41 | 0.01000 |   1.6937 |   56.20% |   56.20% |    1:10.78
      bandwidth/experts | c2:bw=101,experts=[0,1,2,4,5,6,9,10,13,14]; c6:bw=10,experts=[4]; c8:bw=107,experts=[0,1,4,5,6,8,10,12,13,14]; c1:bw=15,experts=[4]; c4:bw=95,experts=[0,1,4,5,6,9,10,12,13]; c5:bw=116,experts=[0,1,4,5,6,9,10,11,12,13,14]; c7:bw=129,experts=[0,1,2,4,5,6,9,10,11,12,13,14]; c3:bw=75,experts=[0,1,2,4,6,13,14]; c9:bw=101,experts=[0,1,2,4,5,6,10,12,13,14]; c0:bw=10,experts=[8]
   42 | 0.01000 |   1.6620 |   55.47% |   56.20% |    1:10.90
      bandwidth/experts | c5:bw=95,experts=[0,1,4,5,6,10,12,13,14]; c1:bw=92,experts=[0,1,2,4,6,10,12,13,14]; c3:bw=91,experts=[0,1,4,5,6,9,10,13,14]; c9:bw=96,experts=[0,1,2,4,6,10,12,13,14]; c6:bw=64,experts=[0,1,4,6,10,13]; c0:bw=28,experts=[4,13]; c7:bw=37,experts=[4,6,13]; c4:bw=103,experts=[0,1,2,4,5,6,10,12,13,14]; c8:bw=79,experts=[0,1,4,6,10,13,14]; c2:bw=76,experts=[0,1,4,6,10,13,14]
   43 | 0.01000 |   1.6611 |   56.82% |   56.82% |    1:10.83
      bandwidth/experts | c5:bw=100,experts=[0,1,2,4,5,6,10,12,13,14]; c1:bw=110,experts=[0,1,2,4,5,6,10,11,12,13,14]; c2:bw=96,experts=[0,1,2,4,5,6,10,13,14]; c8:bw=85,experts=[0,1,2,4,6,10,13,14]; c9:bw=60,experts=[0,1,4,6,13,14]; c7:bw=40,experts=[0,4,6,13]; c4:bw=65,experts=[0,1,4,6,13,14]; c6:bw=23,experts=[4,6]; c3:bw=122,experts=[0,1,2,4,5,6,8,9,10,12,13,14]; c0:bw=40,experts=[1,4,6,13]
   44 | 0.01000 |   1.6481 |   57.06% |   57.06% |    1:11.23
      bandwidth/experts | c0:bw=125,experts=[0,1,2,4,5,6,8,9,10,12,13,14]; c3:bw=88,experts=[0,4,5,6,9,10,11,13]; c4:bw=54,experts=[0,4,6,13,14]; c2:bw=69,experts=[0,4,6,10,13,14]; c7:bw=142,experts=[0,1,2,4,5,6,8,9,10,11,12,13,14,15]; c5:bw=46,experts=[0,4,6,13]; c6:bw=39,experts=[4,6,13]; c9:bw=70,experts=[0,1,4,6,10,12,13]; c8:bw=65,experts=[0,1,4,6,13,14]; c1:bw=84,experts=[0,1,4,5,6,10,12,13]
   45 | 0.01000 |   1.6354 |   57.63% |   57.63% |    1:11.03
      bandwidth/experts | c8:bw=104,experts=[0,1,2,4,5,6,10,12,13,14]; c0:bw=68,experts=[0,1,4,6,13,14]; c3:bw=126,experts=[0,1,2,4,5,6,9,10,12,13,14,15]; c4:bw=121,experts=[0,1,2,4,5,6,9,10,12,13,14,15]; c7:bw=67,experts=[0,4,6,10,12,13]; c2:bw=93,experts=[0,1,4,5,6,10,12,13,14]; c9:bw=47,experts=[0,4,6,13]; c6:bw=10,experts=[4]; c5:bw=84,experts=[0,1,4,5,6,10,12,13]; c1:bw=105,experts=[0,1,2,4,5,6,10,12,13,14]
   46 | 0.01000 |   1.6266 |   57.50% |   57.63% |    1:11.12
      bandwidth/experts | c9:bw=69,experts=[0,1,4,6,12,14]; c3:bw=50,experts=[0,4,6,10,13]; c6:bw=73,experts=[0,1,4,6,10,13,14]; c1:bw=77,experts=[0,1,4,6,12,13,14]; c4:bw=121,experts=[0,1,4,5,6,8,9,10,11,12,13,14]; c5:bw=77,experts=[0,1,4,6,12,13,14]; c2:bw=107,experts=[0,1,2,4,5,6,10,12,13,14]; c8:bw=73,experts=[0,1,4,6,10,12,13]; c0:bw=103,experts=[0,1,2,4,6,9,10,12,13,14]; c7:bw=53,experts=[0,1,4,6,13]
   47 | 0.01000 |   1.6121 |   57.36% |   57.63% |    1:10.98
      bandwidth/experts | c5:bw=97,experts=[0,1,2,4,6,10,12,13,14]; c6:bw=42,experts=[0,4,6,13]; c7:bw=100,experts=[0,1,2,4,5,6,10,12,13,14]; c9:bw=32,experts=[0,4,6]; c8:bw=74,experts=[0,1,4,6,10,12,13]; c3:bw=132,experts=[0,1,2,4,5,6,8,9,10,12,13,14,15]; c4:bw=18,experts=[4]; c0:bw=86,experts=[0,1,4,6,10,12,13,14]; c1:bw=57,experts=[0,4,6,13,14]; c2:bw=102,experts=[0,1,2,4,5,6,10,12,13,14]
   48 | 0.01000 |   1.6293 |   57.92% |   57.92% |    1:10.97
      bandwidth/experts | c1:bw=94,experts=[0,1,3,4,6,7,13,14,15]; c8:bw=94,experts=[0,1,3,4,6,7,12,13,14]; c4:bw=127,experts=[0,1,2,3,4,5,6,7,10,12,13,14]; c2:bw=107,experts=[0,1,3,4,6,7,10,11,12,13]; c9:bw=99,experts=[0,1,3,4,6,7,10,13,15]; c6:bw=85,experts=[0,1,3,4,6,7,13,14]; c5:bw=104,experts=[0,1,3,4,5,6,7,10,12,13]; c7:bw=118,experts=[0,1,3,4,5,6,7,9,10,13,14]; c0:bw=29,experts=[3,7]; c3:bw=34,experts=[3,4,7]
   49 | 0.01000 |   1.5956 |   58.32% |   58.32% |    1:10.99
      bandwidth/experts | c4:bw=91,experts=[0,1,2,4,6,10,12,13,14]; c3:bw=60,experts=[0,1,4,6,13,14]; c8:bw=50,experts=[0,4,6,13,15]; c0:bw=37,experts=[4,6,13]; c2:bw=110,experts=[0,1,2,4,5,6,9,10,12,13,14]; c5:bw=106,experts=[0,1,2,4,5,6,10,12,13,14]; c6:bw=24,experts=[4,13]; c7:bw=83,experts=[0,1,4,5,6,12,13,14]; c9:bw=100,experts=[0,1,2,4,6,8,10,12,13,14]; c1:bw=102,experts=[0,1,2,4,5,6,10,12,13,14]
   50 | 0.01000 |   1.5906 |   58.67% |   58.67% |    1:11.08
      bandwidth/experts | c8:bw=61,experts=[0,1,4,6,13,14]; c4:bw=14,experts=[4]; c7:bw=65,experts=[0,1,4,6,13,14]; c6:bw=128,experts=[0,1,2,4,5,6,9,10,11,12,13,14]; c2:bw=119,experts=[0,1,4,5,6,9,10,11,12,13,14]; c1:bw=122,experts=[0,1,2,4,5,6,9,10,11,12,13,14]; c3:bw=73,experts=[0,1,4,6,12,13,14]; c0:bw=55,experts=[0,1,4,6,13]; c9:bw=51,experts=[0,4,6,11,13]; c5:bw=59,experts=[0,4,6,10,13]
   51 | 0.01000 |   1.5791 |   58.68% |   58.68% |    1:10.64
      bandwidth/experts | c5:bw=89,experts=[0,1,4,6,10,12,13,14]; c0:bw=101,experts=[0,1,4,5,6,9,10,12,13,14]; c1:bw=40,experts=[0,4,6,13]; c2:bw=38,experts=[4,6,13]; c8:bw=87,experts=[0,1,4,5,6,10,12,13]; c6:bw=98,experts=[0,1,2,4,6,10,12,13,14]; c9:bw=34,experts=[4,6,13]; c3:bw=104,experts=[0,1,4,5,6,9,10,12,13,14]; c4:bw=21,experts=[4,6]; c7:bw=51,experts=[0,1,4,6,13]
   52 | 0.01000 |   1.5732 |   58.87% |   58.87% |    1:10.93
      bandwidth/experts | c0:bw=87,experts=[0,1,4,6,10,12,13,14]; c8:bw=33,experts=[4,6,13]; c5:bw=46,experts=[0,4,6,13]; c7:bw=64,experts=[0,1,4,6,10,13]; c1:bw=76,experts=[0,1,4,6,12,13,14]; c4:bw=63,experts=[0,1,4,6,10,13]; c9:bw=58,experts=[0,4,6,13,14]; c6:bw=96,experts=[0,1,4,5,6,8,10,13,14]; c2:bw=55,experts=[0,4,6,10,13]; c3:bw=81,experts=[0,1,4,6,10,12,13,14]
   53 | 0.01000 |   1.5710 |   58.76% |   58.87% |    1:11.78
      bandwidth/experts | c8:bw=41,experts=[0,4,6,13]; c4:bw=53,experts=[0,1,4,6,13]; c5:bw=83,experts=[0,1,4,6,10,12,13,14]; c1:bw=111,experts=[0,1,2,4,5,6,9,10,12,13,14]; c3:bw=89,experts=[0,1,4,5,6,12,13,14]; c9:bw=115,experts=[0,1,4,5,6,9,10,11,12,13,14]; c6:bw=67,experts=[0,4,6,13,14,15]; c7:bw=82,experts=[0,1,4,6,10,12,13,14]; c0:bw=73,experts=[0,4,5,6,11,13,14]; c2:bw=97,experts=[0,1,2,4,6,10,12,13,14]
   54 | 0.01000 |   1.5725 |   59.44% |   59.44% |    1:11.98
      bandwidth/experts | c2:bw=15,experts=[15]; c1:bw=99,experts=[0,1,2,4,6,10,12,13,14]; c8:bw=105,experts=[0,1,4,5,6,9,10,12,13,14]; c7:bw=115,experts=[0,1,2,4,5,6,10,11,12,13,14]; c3:bw=57,experts=[0,4,6,13,14]; c0:bw=70,experts=[0,1,4,6,10,13,15]; c6:bw=102,experts=[0,1,2,4,5,6,10,12,13,14]; c5:bw=10,experts=[4]; c9:bw=95,experts=[0,1,2,4,6,10,11,12,13]; c4:bw=60,experts=[0,4,6,10,13,14]
   55 | 0.01000 |   1.5522 |   59.50% |   59.50% |    1:11.25
      bandwidth/experts | c7:bw=103,experts=[0,1,4,5,6,10,11,12,13,14]; c2:bw=77,experts=[0,1,4,6,10,13,14]; c4:bw=27,experts=[4,6]; c3:bw=99,experts=[0,1,4,5,6,9,10,11,13]; c8:bw=26,experts=[4,11]; c5:bw=100,experts=[0,1,4,6,8,9,10,11,13,15]; c1:bw=113,experts=[0,1,4,5,6,9,10,11,12,13,14]; c6:bw=79,experts=[0,1,4,6,10,13,14]; c0:bw=52,experts=[0,1,4,6,13]; c9:bw=117,experts=[0,1,2,4,5,6,10,11,12,13,14]
   56 | 0.01000 |   1.5475 |   59.40% |   59.50% |    1:11.31
      bandwidth/experts | c9:bw=98,experts=[0,1,2,4,6,10,12,13,14]; c1:bw=106,experts=[0,1,2,4,6,8,10,12,13,14]; c3:bw=16,experts=[4]; c2:bw=100,experts=[0,1,4,5,6,8,10,12,13,14]; c5:bw=58,experts=[0,4,6,11,13]; c4:bw=18,experts=[4]; c8:bw=25,experts=[4,6]; c7:bw=34,experts=[4,6,13]; c6:bw=44,experts=[0,4,6,13]; c0:bw=132,experts=[0,1,2,4,5,6,8,9,10,12,13,14,15]
   57 | 0.01000 |   1.5396 |   60.12% |   60.12% |    1:11.85
      bandwidth/experts | c3:bw=121,experts=[0,1,2,4,5,6,8,9,10,12,13,14]; c8:bw=81,experts=[0,4,5,6,8,10,13,14]; c6:bw=91,experts=[0,1,4,5,6,10,12,13,14]; c1:bw=93,experts=[0,1,4,6,10,11,12,13,14]; c7:bw=130,experts=[0,1,2,4,5,6,9,10,11,12,13,14,15]; c0:bw=132,experts=[0,1,2,4,5,6,8,9,10,11,13,14,15]; c5:bw=83,experts=[0,1,4,6,9,10,12,13]; c4:bw=78,experts=[0,1,4,6,10,13,14]; c2:bw=62,experts=[0,1,4,6,13,14]; c9:bw=36,experts=[4,6,13]
   58 | 0.01000 |   1.5250 |   60.63% |   60.63% |    1:11.93
      bandwidth/experts | c7:bw=45,experts=[0,4,6,13]; c2:bw=10,experts=[4]; c9:bw=108,experts=[0,1,2,4,5,6,10,12,13,14]; c6:bw=104,experts=[0,1,4,5,6,9,10,12,13,14]; c5:bw=66,experts=[0,1,4,6,13,14]; c1:bw=56,experts=[0,1,4,6,13]; c8:bw=75,experts=[0,1,4,6,10,12,13]; c4:bw=72,experts=[0,1,4,6,10,13,14]; c3:bw=116,experts=[0,1,4,5,6,9,10,11,12,13,14]; c0:bw=89,experts=[0,1,2,4,6,10,12,13]
   59 | 0.01000 |   1.5241 |   60.91% |   60.91% |    1:11.62
      bandwidth/experts | c2:bw=69,experts=[0,1,4,6,13,14]; c8:bw=105,experts=[0,1,2,4,5,6,10,12,13,14]; c9:bw=52,experts=[0,4,6,10,13]; c6:bw=36,experts=[4,6,13]; c1:bw=123,experts=[0,1,2,4,5,6,9,10,11,12,13,14]; c4:bw=48,experts=[0,4,6,13]; c7:bw=53,experts=[0,4,6,13,14]; c5:bw=60,experts=[0,1,4,6,12,13]; c0:bw=98,experts=[0,1,4,5,6,8,10,12,13]; c3:bw=67,experts=[0,1,4,5,6,13]
   60 | 0.01000 |   1.5131 |   60.81% |   60.91% |    1:11.64
      bandwidth/experts | c0:bw=100,experts=[0,1,2,4,5,6,10,12,13,14]; c7:bw=90,experts=[0,1,4,5,6,8,10,12,13]; c4:bw=57,experts=[0,4,6,13,14]; c2:bw=57,experts=[0,4,6,13,14]; c5:bw=63,experts=[0,1,4,6,13,14]; c8:bw=46,experts=[0,4,6,13]; c6:bw=112,experts=[0,1,2,4,5,6,10,11,12,13,14]; c9:bw=14,experts=[4]; c1:bw=102,experts=[0,1,2,4,5,6,10,12,13,14]; c3:bw=83,experts=[0,1,4,6,10,12,13,14]
   61 | 0.01000 |   1.5107 |   60.75% |   60.91% |    1:12.12
      bandwidth/experts | c5:bw=92,experts=[0,1,4,5,6,10,11,12,13]; c6:bw=70,experts=[0,1,4,6,10,13,14]; c2:bw=55,experts=[0,4,6,10,13]; c9:bw=71,experts=[0,1,4,6,12,13,14]; c1:bw=63,experts=[0,1,4,6,12,13]; c3:bw=81,experts=[0,1,2,4,6,10,13,14]; c8:bw=104,experts=[0,1,2,4,5,6,10,12,13,14]; c4:bw=72,experts=[0,1,4,6,13,14,15]; c7:bw=82,experts=[0,1,4,5,6,10,12,13]; c0:bw=114,experts=[0,1,2,4,5,6,8,10,12,13,14]
   62 | 0.01000 |   1.5003 |   61.23% |   61.23% |    1:12.38
      bandwidth/experts | c8:bw=25,experts=[4,6]; c6:bw=118,experts=[0,1,2,4,5,6,8,10,12,13,14]; c9:bw=31,experts=[4,6,13]; c4:bw=114,experts=[0,1,2,4,6,8,9,10,11,13,14]; c5:bw=127,experts=[0,1,2,4,5,6,8,9,10,12,13,14]; c0:bw=53,experts=[0,1,4,6,13]; c3:bw=100,experts=[0,1,4,5,6,9,10,12,13,14]; c2:bw=79,experts=[0,1,4,6,10,13,14]; c1:bw=141,experts=[0,1,2,4,5,6,8,9,10,11,12,13,14,15]; c7:bw=84,experts=[0,1,4,5,6,10,13,14]
   63 | 0.01000 |   1.4960 |   61.38% |   61.38% |    1:12.81
      bandwidth/experts | c5:bw=17,experts=[4]; c9:bw=39,experts=[4,6,13]; c6:bw=64,experts=[0,1,4,6,13,14]; c3:bw=99,experts=[0,1,4,5,6,10,13,14,15]; c8:bw=60,experts=[0,4,6,10,13,14]; c1:bw=94,experts=[0,1,4,5,6,10,12,13,14]; c7:bw=129,experts=[0,1,2,4,5,6,8,10,11,12,13,14]; c0:bw=78,experts=[0,1,4,6,10,13,14]; c2:bw=53,experts=[0,4,5,6,13]; c4:bw=99,experts=[1,4,5,6,9,10,11,12,13]
   64 | 0.01000 |   1.4920 |   61.05% |   61.38% |    1:11.73
      bandwidth/experts | c6:bw=94,experts=[0,1,3,4,6,7,10,13,14]; c4:bw=71,experts=[1,3,4,6,7,10,13]; c5:bw=45,experts=[3,4,7,13]; c3:bw=71,experts=[0,3,4,6,7,13,14]; c7:bw=64,experts=[0,3,4,6,7,13]; c0:bw=60,experts=[0,3,4,6,7,13]; c8:bw=101,experts=[0,1,3,4,5,6,7,10,13,14]; c9:bw=112,experts=[0,1,3,4,6,7,10,12,13,14,15]; c2:bw=106,experts=[0,1,3,4,5,6,7,10,13,14]; c1:bw=54,experts=[3,4,6,7,13]
   65 | 0.01000 |   1.4841 |   61.84% |   61.84% |    1:11.82
      bandwidth/experts | c7:bw=17,experts=[4]; c5:bw=54,experts=[0,1,4,6,13]; c4:bw=108,experts=[0,1,4,5,6,9,10,12,13,14]; c6:bw=94,experts=[0,1,4,5,6,9,10,13,14]; c8:bw=124,experts=[0,1,2,4,5,6,8,10,12,13,14,15]; c3:bw=80,experts=[0,1,2,4,6,10,13,14]; c0:bw=78,experts=[0,1,4,6,10,13,14]; c2:bw=53,experts=[0,4,6,13,14]; c1:bw=109,experts=[0,1,4,5,6,10,11,12,13,14]; c9:bw=88,experts=[0,1,4,6,8,10,13,14]
   66 | 0.01000 |   1.4791 |   62.03% |   62.03% |    1:11.96
      bandwidth/experts | c2:bw=77,experts=[0,1,4,6,9,11,13]; c5:bw=32,experts=[4,6,13]; c1:bw=102,experts=[0,1,4,5,6,10,11,12,13,14]; c8:bw=46,experts=[0,4,6,13]; c9:bw=59,experts=[0,1,4,6,13]; c6:bw=56,experts=[0,1,4,6,13]; c4:bw=78,experts=[0,4,5,6,9,10,13]; c0:bw=72,experts=[0,1,4,6,10,12,13]; c3:bw=126,experts=[0,1,2,4,5,6,9,10,11,12,13,14]; c7:bw=95,experts=[0,1,2,4,5,6,10,12,13]
   67 | 0.01000 |   1.4733 |   61.99% |   62.03% |    1:11.70
      bandwidth/experts | c4:bw=97,experts=[1,2,4,5,6,8,9,10,13]; c5:bw=91,experts=[0,1,4,6,9,10,11,12,13]; c1:bw=69,experts=[0,1,4,6,10,13]; c3:bw=48,experts=[0,4,6,13]; c6:bw=100,experts=[0,1,4,5,6,9,10,12,13,14]; c0:bw=61,experts=[0,4,6,12,13,14]; c2:bw=81,experts=[0,1,4,6,10,12,13,14]; c9:bw=113,experts=[0,1,2,4,5,6,9,10,12,13,14]; c7:bw=111,experts=[0,1,2,4,5,6,9,10,12,13,14]; c8:bw=17,experts=[4]
   68 | 0.01000 |   1.4634 |   62.44% |   62.44% |    1:11.53
      bandwidth/experts | c1:bw=79,experts=[0,1,4,6,10,12,13]; c8:bw=59,experts=[0,1,4,6,13]; c2:bw=110,experts=[0,1,2,4,5,6,10,12,13,14,15]; c0:bw=57,experts=[0,1,4,6,13]; c3:bw=49,experts=[0,4,6,13]; c4:bw=93,experts=[0,1,2,4,5,6,12,13,14]; c5:bw=84,experts=[0,1,4,5,6,10,12,13]; c9:bw=29,experts=[4,6]; c7:bw=53,experts=[0,1,4,6,13]; c6:bw=60,experts=[0,1,4,6,13,14]
   69 | 0.01000 |   1.4549 |   62.88% |   62.88% |    1:11.66
      bandwidth/experts | c3:bw=78,experts=[0,4,6,10,12,13,14]; c7:bw=110,experts=[0,1,2,4,5,6,9,10,12,13,14]; c1:bw=59,experts=[0,4,6,13,14]; c4:bw=78,experts=[0,1,4,5,6,10,13]; c9:bw=67,experts=[0,4,6,12,13,14]; c5:bw=74,experts=[0,1,4,6,10,12,13]; c0:bw=99,experts=[0,1,4,5,6,10,12,13,14]; c2:bw=125,experts=[0,1,2,4,5,6,8,9,10,12,13,14]; c8:bw=79,experts=[0,1,4,5,6,10,13]; c6:bw=49,experts=[4,6,13,15]
   70 | 0.01000 |   1.4551 |   61.70% |   62.88% |    1:11.25
      bandwidth/experts | c1:bw=46,experts=[0,4,6,13]; c9:bw=10,experts=[4]; c7:bw=53,experts=[1,4,5,6,13]; c3:bw=60,experts=[0,4,5,6,9,13]; c0:bw=57,experts=[0,1,4,6,13]; c6:bw=49,experts=[0,4,6,13]; c2:bw=104,experts=[0,1,2,4,5,6,10,12,13,14]; c4:bw=109,experts=[0,1,2,4,5,6,10,12,13,14]; c5:bw=43,experts=[0,4,6,13]; c8:bw=91,experts=[0,1,4,6,9,10,12,13,14]
   71 | 0.01000 |   1.4474 |   63.08% |   63.08% |    1:12.15
      bandwidth/experts | c4:bw=80,experts=[0,1,4,5,6,10,12,13]; c0:bw=31,experts=[4,6,13]; c1:bw=99,experts=[0,1,4,5,6,9,10,13,14]; c9:bw=75,experts=[0,4,6,10,11,12,13]; c7:bw=39,experts=[4,6,13]; c5:bw=63,experts=[0,1,4,6,13,15]; c3:bw=116,experts=[0,1,4,5,6,9,10,11,12,13,14]; c6:bw=94,experts=[0,1,4,5,6,10,12,13,14]; c8:bw=73,experts=[0,1,4,6,11,13,14]; c2:bw=115,experts=[0,1,2,4,5,6,9,10,12,13,14]
   72 | 0.01000 |   1.4406 |   63.19% |   63.19% |    1:12.54
      bandwidth/experts | c8:bw=56,experts=[0,4,6,13,14]; c1:bw=75,experts=[0,1,4,6,10,12,13]; c5:bw=82,experts=[0,1,4,6,10,12,13,14]; c7:bw=91,experts=[0,1,4,5,6,10,12,13,14]; c6:bw=36,experts=[4,6,13]; c0:bw=99,experts=[0,1,4,5,6,10,12,13,14]; c3:bw=43,experts=[0,4,6,13]; c2:bw=43,experts=[0,4,6,13]; c9:bw=71,experts=[0,1,2,4,6,13,14]; c4:bw=74,experts=[0,1,4,6,10,12,13]
   73 | 0.01000 |   1.4339 |   63.44% |   63.44% |    1:11.71
      bandwidth/experts | c2:bw=89,experts=[0,1,2,4,6,12,13,14]; c8:bw=20,experts=[4,6]; c3:bw=75,experts=[0,4,6,8,12,13,14]; c1:bw=124,experts=[0,1,2,4,5,6,9,10,11,12,13,14]; c5:bw=32,experts=[4,6,13]; c9:bw=98,experts=[0,1,2,4,6,10,12,13,14]; c0:bw=53,experts=[4,6,9,11,15]; c7:bw=70,experts=[0,1,4,6,10,13,15]; c6:bw=37,experts=[4,6,13]; c4:bw=77,experts=[0,2,4,6,12,13,14]
   74 | 0.01000 |   1.4370 |   63.69% |   63.69% |    1:11.34
      bandwidth/experts | c3:bw=13,experts=[4]; c0:bw=75,experts=[0,1,4,6,10,12,13]; c1:bw=52,experts=[0,4,6,12,13]; c5:bw=95,experts=[0,1,4,5,6,9,10,12,13]; c7:bw=123,experts=[0,1,2,4,5,6,9,10,11,12,13,14]; c8:bw=53,experts=[0,4,6,13,14]; c6:bw=15,experts=[4]; c2:bw=11,experts=[4]; c4:bw=89,experts=[0,1,2,4,6,10,12,13]; c9:bw=60,experts=[0,4,6,12,13,14]
   75 | 0.01000 |   1.4248 |   63.81% |   63.81% |    1:12.54
      bandwidth/experts | c2:bw=75,experts=[0,4,5,6,10,13,14]; c9:bw=115,experts=[0,1,2,4,5,6,10,11,12,13,14]; c1:bw=102,experts=[0,1,2,4,5,6,10,12,13,14]; c3:bw=37,experts=[0,4,6]; c7:bw=54,experts=[0,1,4,6,13]; c6:bw=105,experts=[0,1,4,5,6,9,10,12,13,14]; c5:bw=59,experts=[1,4,6,12,13]; c4:bw=106,experts=[0,1,2,4,5,6,10,12,13,14]; c0:bw=114,experts=[0,1,2,4,5,6,8,10,12,13,14]; c8:bw=101,experts=[0,4,5,6,8,10,11,12,13,14]
   76 | 0.01000 |   1.4180 |   63.34% |   63.81% |    1:12.77
      bandwidth/experts | c8:bw=54,experts=[0,1,4,6,13]; c5:bw=70,experts=[0,4,6,10,11,12,13]; c0:bw=59,experts=[0,4,6,10,13]; c3:bw=28,experts=[4,13]; c2:bw=47,experts=[0,4,6,13]; c6:bw=44,experts=[4,6,11,13]; c7:bw=126,experts=[0,1,2,4,5,6,8,9,10,11,12,13]; c4:bw=114,experts=[0,1,2,4,5,6,9,10,12,13,14]; c9:bw=108,experts=[0,1,2,4,5,6,10,12,13,14]; c1:bw=101,experts=[0,1,2,4,5,6,10,12,13,14]
   77 | 0.01000 |   1.4249 |   63.90% |   63.90% |    1:12.04
      bandwidth/experts | c9:bw=55,experts=[0,4,6,10,13]; c2:bw=65,experts=[0,4,6,12,13,14]; c1:bw=118,experts=[0,1,2,4,5,6,9,10,12,13,14]; c8:bw=10,experts=[4]; c4:bw=10,experts=[15]; c7:bw=16,experts=[4]; c6:bw=107,experts=[0,1,2,4,5,6,10,12,13,14]; c0:bw=120,experts=[0,1,2,4,5,6,8,10,12,13,14,15]; c3:bw=76,experts=[0,2,4,6,12,13,14]; c5:bw=112,experts=[0,1,2,4,5,6,8,10,12,13,14]
   78 | 0.01000 |   1.4083 |   63.43% |   63.90% |    1:12.72
      bandwidth/experts | c0:bw=50,experts=[0,4,6,10,13]; c4:bw=43,experts=[0,4,6,13]; c3:bw=71,experts=[4,5,6,9,10,12,13]; c7:bw=68,experts=[0,1,4,6,12,13]; c8:bw=102,experts=[0,1,2,4,5,6,10,12,13,14]; c1:bw=77,experts=[0,1,4,6,8,13,15]; c9:bw=58,experts=[0,4,6,13,14]; c6:bw=109,experts=[0,1,4,5,6,8,9,10,11,13]; c5:bw=119,experts=[0,1,4,5,6,9,10,11,12,13,14]; c2:bw=65,experts=[0,4,6,10,12,13]
   79 | 0.01000 |   1.4046 |   64.07% |   64.07% |    1:12.27
      bandwidth/experts | c6:bw=40,experts=[0,4,6,13]; c9:bw=17,experts=[4]; c0:bw=68,experts=[0,1,4,6,10,13]; c4:bw=160,experts=[0,1,2,3,4,5,6,7,8,9,10,11,12,13,14,15]; c7:bw=86,experts=[0,1,2,4,6,12,13,14]; c8:bw=84,experts=[0,1,4,5,6,10,12,13]; c5:bw=100,experts=[0,1,2,4,6,10,11,12,13,14]; c3:bw=50,experts=[0,4,6,13,15]; c1:bw=70,experts=[0,1,4,6,12,13,14]; c2:bw=63,experts=[0,1,4,6,10,13]
   80 | 0.01000 |   1.4021 |   63.94% |   64.07% |    1:12.39
      bandwidth/experts | c5:bw=124,experts=[0,1,2,3,4,5,6,7,10,12,13,14]; c9:bw=99,experts=[0,1,3,4,6,7,12,13,15]; c7:bw=90,experts=[0,1,3,4,6,7,10,12,13]; c1:bw=58,experts=[3,4,6,7,13]; c3:bw=59,experts=[3,4,6,7,13]; c4:bw=108,experts=[0,1,2,4,5,6,10,12,13,14]; c2:bw=82,experts=[0,3,4,6,7,12,13,14]; c0:bw=90,experts=[0,1,3,4,6,7,8,10,13]; c6:bw=74,experts=[0,1,3,4,6,7,13]; c8:bw=97,experts=[0,3,4,6,7,10,12,13,14]
   81 | 0.01000 |   1.3964 |   64.16% |   64.16% |    1:12.68
      bandwidth/experts | c6:bw=97,experts=[0,1,4,5,6,9,10,13,14]; c2:bw=85,experts=[0,1,4,6,10,12,13,14]; c3:bw=126,experts=[0,1,2,4,5,6,8,10,12,13,14,15]; c1:bw=93,experts=[0,1,4,5,6,10,11,12,13]; c4:bw=79,experts=[0,1,4,5,6,10,13]; c5:bw=57,experts=[0,1,4,6,13]; c9:bw=50,experts=[0,4,6,8,13]; c7:bw=109,experts=[0,1,2,4,5,6,10,12,13,14]; c8:bw=90,experts=[0,4,5,6,11,12,13,14,15]; c0:bw=95,experts=[0,1,2,4,5,6,8,10,13]
   82 | 0.01000 |   1.3895 |   64.10% |   64.16% |    1:12.16
      bandwidth/experts | c1:bw=121,experts=[0,1,2,4,5,6,9,10,11,12,13,14]; c0:bw=57,experts=[1,4,6,10,13]; c6:bw=69,experts=[0,4,6,12,13,14]; c8:bw=109,experts=[0,1,2,4,5,6,10,12,13,14]; c7:bw=75,experts=[0,1,4,6,10,12,13]; c3:bw=74,experts=[0,1,4,5,6,12,13]; c2:bw=56,experts=[4,6,10,11,13]; c9:bw=105,experts=[0,1,2,4,5,6,10,12,13,14]; c5:bw=76,experts=[0,1,4,5,6,10,13]; c4:bw=56,experts=[0,1,4,6,13]
   83 | 0.01000 |   1.3918 |   64.64% |   64.64% |    1:12.33
      bandwidth/experts | c9:bw=97,experts=[0,1,4,6,9,10,12,13,14]; c4:bw=19,experts=[4]; c2:bw=77,experts=[0,1,4,6,10,12,13]; c7:bw=70,experts=[0,2,4,6,12,13,14]; c5:bw=10,experts=[4]; c0:bw=10,experts=[4]; c6:bw=100,experts=[0,1,4,5,6,9,10,11,12,13]; c1:bw=119,experts=[0,1,4,5,6,9,10,11,12,13,14]; c8:bw=74,experts=[0,1,4,5,6,13,14]; c3:bw=80,experts=[0,1,4,6,10,12,13,14]
   84 | 0.01000 |   1.3804 |   64.98% |   64.98% |    1:11.83
      bandwidth/experts | c8:bw=126,experts=[0,1,4,5,6,8,9,10,11,12,13,14]; c3:bw=61,experts=[0,4,5,6,12,13]; c1:bw=110,experts=[0,1,2,4,5,6,10,11,12,13,14]; c6:bw=10,experts=[4]; c9:bw=39,experts=[0,4,6]; c2:bw=69,experts=[0,4,6,10,13,15]; c7:bw=89,experts=[0,4,5,6,10,11,12,13]; c5:bw=38,experts=[4,6,13]; c4:bw=52,experts=[0,1,4,6,13]; c0:bw=19,experts=[4]
   85 | 0.01000 |   1.3729 |   64.67% |   64.98% |    1:12.23
      bandwidth/experts | c0:bw=72,experts=[0,1,4,6,8,10,13]; c2:bw=86,experts=[0,1,4,6,8,10,11,13]; c8:bw=132,experts=[0,1,2,4,5,6,8,9,10,11,12,13,14]; c6:bw=79,experts=[0,1,4,6,10,13,15]; c1:bw=107,experts=[0,1,4,5,6,9,10,12,13,14]; c4:bw=79,experts=[0,4,6,10,12,13,14]; c9:bw=109,experts=[0,1,2,4,5,6,8,10,12,13]; c3:bw=97,experts=[0,1,2,4,6,10,12,13,14]; c5:bw=23,experts=[4,6]; c7:bw=21,experts=[4,13]
   86 | 0.01000 |   1.3674 |   65.37% |   65.37% |    1:12.90
      bandwidth/experts | c5:bw=90,experts=[0,1,4,5,6,9,10,12,13]; c8:bw=53,experts=[0,4,6,13,14]; c2:bw=45,experts=[0,4,6,13]; c6:bw=104,experts=[0,1,2,4,5,6,10,12,13,14]; c0:bw=56,experts=[0,1,4,6,13]; c4:bw=35,experts=[4,6,13]; c7:bw=83,experts=[0,1,4,6,10,12,13,14]; c3:bw=52,experts=[0,4,6,13,14]; c1:bw=136,experts=[0,1,2,4,5,6,8,9,10,11,12,13,14]; c9:bw=81,experts=[0,1,4,6,10,12,13,14]
   87 | 0.01000 |   1.3775 |   65.48% |   65.48% |    1:12.49
      bandwidth/experts | c1:bw=55,experts=[0,4,6,13,14]; c2:bw=127,experts=[0,1,2,4,5,6,9,10,11,12,13,14]; c7:bw=42,experts=[0,4,6,13]; c5:bw=10,experts=[15]; c6:bw=113,experts=[0,1,2,4,5,6,9,10,11,12,13]; c3:bw=128,experts=[0,1,4,5,6,8,9,10,11,12,13,14]; c4:bw=64,experts=[0,1,4,6,13,14]; c9:bw=71,experts=[0,1,4,6,12,13,14]; c8:bw=87,experts=[0,4,5,6,10,12,13,14]; c0:bw=66,experts=[0,1,4,6,13,14]
   88 | 0.01000 |   1.3634 |   64.64% |   65.48% |    1:13.15
      bandwidth/experts | c8:bw=81,experts=[0,1,4,6,10,12,13,14]; c6:bw=51,experts=[0,4,6,10,13]; c3:bw=62,experts=[0,4,5,6,10,13]; c7:bw=78,experts=[0,4,5,6,10,11,13]; c0:bw=117,experts=[0,1,2,4,5,6,8,9,10,12,13]; c4:bw=71,experts=[0,4,5,6,10,12,13]; c9:bw=58,experts=[0,4,6,13,14]; c1:bw=53,experts=[0,1,4,6,13]; c5:bw=57,experts=[0,4,6,12,13]; c2:bw=86,experts=[0,4,5,6,9,10,12,13]
   89 | 0.01000 |   1.3574 |   65.50% |   65.50% |    1:13.10
      bandwidth/experts | c3:bw=58,experts=[0,4,6,13,14]; c8:bw=139,experts=[0,1,2,4,5,6,8,9,10,12,13,14,15]; c2:bw=84,experts=[0,4,5,6,9,10,11,13]; c9:bw=114,experts=[0,1,2,4,5,6,10,11,12,13,14]; c7:bw=40,experts=[4,6,13,15]; c5:bw=86,experts=[0,1,4,6,10,12,13,14]; c0:bw=24,experts=[4,11]; c6:bw=60,experts=[1,4,5,6,12,13]; c4:bw=58,experts=[0,1,4,6,13]; c1:bw=77,experts=[0,1,4,6,12,13,14]
   90 | 0.01000 |   1.3551 |   65.38% |   65.50% |    1:12.42
      bandwidth/experts | c7:bw=135,experts=[0,1,2,4,5,6,8,9,10,11,12,13,14]; c1:bw=58,experts=[1,4,6,12,13]; c3:bw=68,experts=[0,4,5,6,10,13]; c9:bw=120,experts=[0,1,2,4,5,6,9,10,11,12,13,14]; c0:bw=121,experts=[0,1,2,4,5,6,8,10,12,13,14,15]; c6:bw=49,experts=[0,4,6,13]; c2:bw=40,experts=[0,4,6,13]; c5:bw=51,experts=[0,4,6,12,13]; c8:bw=95,experts=[0,1,4,5,6,10,12,13,14]; c4:bw=67,experts=[0,4,6,12,13,14]
   91 | 0.01000 |   1.3462 |   65.26% |   65.50% |    1:12.18
      bandwidth/experts | c1:bw=94,experts=[0,1,2,4,6,10,12,13,14]; c9:bw=66,experts=[0,1,4,6,12,13]; c5:bw=98,experts=[0,1,4,5,6,10,11,12,13]; c7:bw=97,experts=[0,1,4,5,6,9,10,11,13]; c3:bw=75,experts=[0,1,4,6,12,13,14]; c4:bw=102,experts=[0,1,4,5,6,8,9,10,12,13]; c0:bw=42,experts=[0,4,6,13]; c6:bw=55,experts=[0,4,6,13,14]; c2:bw=21,experts=[4,6]; c8:bw=43,experts=[0,4,6,13]
   92 | 0.01000 |   1.3447 |   65.39% |   65.50% |    1:12.56
      bandwidth/experts | c3:bw=54,experts=[0,4,6,13,14]; c7:bw=64,experts=[0,4,6,10,13,14]; c1:bw=37,experts=[4,6,13]; c0:bw=56,experts=[0,4,6,13,14]; c8:bw=36,experts=[4,6,13]; c6:bw=86,experts=[0,1,4,5,6,10,12,13]; c9:bw=105,experts=[0,1,4,5,6,10,11,12,13,14]; c2:bw=47,experts=[0,4,6,13]; c5:bw=124,experts=[0,1,2,4,5,6,8,9,10,11,12,13]; c4:bw=50,experts=[0,4,6,13,14]
   93 | 0.01000 |   1.3492 |   65.53% |   65.53% |    1:12.06
      bandwidth/experts | c1:bw=89,experts=[0,1,4,6,10,12,13,14]; c3:bw=59,experts=[0,4,6,13,14]; c7:bw=42,experts=[0,4,6,13]; c9:bw=109,experts=[0,1,2,4,5,6,10,12,13,14]; c6:bw=42,experts=[4,6,10,13]; c8:bw=10,experts=[4]; c5:bw=15,experts=[4]; c4:bw=60,experts=[0,1,4,6,10,13]; c0:bw=35,experts=[4,6,13]; c2:bw=96,experts=[0,1,4,6,9,10,12,13,14]
   94 | 0.01000 |   1.3407 |   65.47% |   65.53% |    1:13.19
      bandwidth/experts | c7:bw=84,experts=[0,1,4,5,6,10,11,13]; c2:bw=122,experts=[0,1,4,5,6,9,10,11,12,13,14,15]; c5:bw=77,experts=[0,1,4,6,10,12,13]; c4:bw=59,experts=[0,4,6,12,13]; c6:bw=57,experts=[1,4,6,8,13]; c9:bw=95,experts=[0,1,2,4,6,10,12,13,14]; c1:bw=133,experts=[0,1,2,4,5,6,9,10,11,12,13,14,15]; c8:bw=14,experts=[4]; c0:bw=105,experts=[0,1,2,4,5,6,10,12,13,14]; c3:bw=64,experts=[0,4,5,6,13,14]
   95 | 0.01000 |   1.3371 |   66.12% |   66.12% |    1:12.51
      bandwidth/experts | c7:bw=112,experts=[0,1,4,5,6,9,10,11,12,13,14]; c9:bw=80,experts=[0,1,4,6,10,12,13,14]; c4:bw=29,experts=[3,7]; c6:bw=76,experts=[0,1,4,6,10,12,13]; c0:bw=66,experts=[4,6,8,9,10,13]; c3:bw=77,experts=[0,1,4,6,10,13,14]; c1:bw=59,experts=[0,4,6,13,14]; c8:bw=143,experts=[0,1,2,4,5,6,8,9,10,11,12,13,14,15]; c2:bw=43,experts=[0,4,6,13]; c5:bw=16,experts=[4]
   96 | 0.01000 |   1.3242 |   66.08% |   66.12% |    1:12.95
      bandwidth/experts | c2:bw=122,experts=[0,1,2,3,4,5,6,7,8,10,12,13]; c9:bw=83,experts=[0,3,4,6,7,12,13,15]; c3:bw=86,experts=[0,3,4,5,6,7,12,13]; c1:bw=68,experts=[0,3,4,6,7,13]; c5:bw=113,experts=[0,1,3,4,5,6,7,9,10,12,13]; c4:bw=92,experts=[0,1,2,4,6,10,11,13,15]; c6:bw=59,experts=[3,4,6,7,13]; c7:bw=95,experts=[0,1,3,4,5,6,7,10,13]; c0:bw=68,experts=[3,4,6,7,10,13]; c8:bw=122,experts=[0,1,3,4,5,6,7,8,10,12,13,14]
   97 | 0.01000 |   1.3270 |   66.00% |   66.12% |    1:12.65
      bandwidth/experts | c0:bw=77,experts=[0,1,4,6,10,12,13]; c9:bw=82,experts=[0,1,4,6,10,12,13,14]; c8:bw=81,experts=[0,1,4,5,6,10,12,13]; c4:bw=31,experts=[4,6,13]; c7:bw=57,experts=[0,4,6,10,13]; c1:bw=95,experts=[0,1,2,4,6,10,12,13,14]; c3:bw=66,experts=[4,5,6,10,13,15]; c5:bw=88,experts=[0,1,4,6,10,11,12,13]; c6:bw=95,experts=[0,1,2,4,6,10,12,13,14]; c2:bw=102,experts=[0,1,2,4,5,6,10,12,13,14]
   98 | 0.01000 |   1.3247 |   66.28% |   66.28% |    1:12.43
      bandwidth/experts | c4:bw=98,experts=[0,1,4,5,6,8,10,12,13]; c8:bw=101,experts=[0,1,4,5,6,8,9,10,12,13]; c9:bw=51,experts=[0,4,6,10,13]; c7:bw=45,experts=[0,4,6,13]; c6:bw=69,experts=[0,4,6,10,12,13]; c5:bw=93,experts=[0,1,4,5,6,9,10,12,13]; c0:bw=63,experts=[0,4,6,10,12,13]; c3:bw=48,experts=[0,4,6,13]; c1:bw=49,experts=[0,4,6,13]; c2:bw=46,experts=[4,6,9,13]
   99 | 0.01000 |   1.3204 |   66.27% |   66.28% |    1:12.70
      bandwidth/experts | c8:bw=64,experts=[0,4,6,10,12,13]; c5:bw=93,experts=[0,1,4,5,6,9,10,12,13]; c7:bw=86,experts=[1,4,6,9,10,11,12,13]; c1:bw=112,experts=[0,1,2,4,5,6,9,10,12,13,14]; c3:bw=71,experts=[1,4,5,6,10,12,13]; c9:bw=39,experts=[4,6,13]; c4:bw=46,experts=[1,4,6,13]; c0:bw=76,experts=[0,1,4,6,8,10,13]; c2:bw=58,experts=[0,4,6,10,13]; c6:bw=66,experts=[0,1,4,6,13,14]
  100 | 0.01000 |   1.3151 |   66.01% |   66.28% |    1:12.89
      bandwidth/experts | c2:bw=57,experts=[0,4,6,10,13]; c8:bw=84,experts=[0,1,4,5,6,10,12,13]; c9:bw=100,experts=[0,1,2,4,5,6,10,12,13,14]; c5:bw=35,experts=[4,6,13]; c6:bw=83,experts=[0,4,5,6,9,10,13,14]; c1:bw=33,experts=[0,4,6]; c4:bw=123,experts=[0,1,2,4,5,6,9,10,12,13,14,15]; c7:bw=13,experts=[4]; c3:bw=78,experts=[0,4,6,10,12,13,14]; c0:bw=122,experts=[0,1,2,4,5,6,8,9,10,12,13,14]

Done. Best Acc: 66.28% @ round 98
Total time: 1:57:00.24
[Export] 实验目录: /userhome/cs3/duanty/FedMoE/results/exp03-c100-resnet-e16-ours/20260923-140459
[Export] 每轮明细: /userhome/cs3/duanty/FedMoE/results/exp03-c100-resnet-e16-ours/20260923-140459/rounds.xlsx
[Export] 总体摘要: /userhome/cs3/duanty/FedMoE/results/exp03-c100-resnet-e16-ours/20260923-140459/summary.xlsx
[Plot] result = /userhome/cs3/duanty/FedMoE/results/exp03-c100-resnet-e16-ours/20260923-140459
[Plot] figures -> /userhome/cs3/duanty/FedMoE/results/exp03-c100-resnet-e16-ours/20260923-140459/figure
  fig01_test_accuracy.pdf
  fig02_train_loss.pdf
  fig03_acc_and_loss.pdf
  fig04_bandwidth_and_k.pdf
  fig05_expert_round_heatmap.pdf
  fig06_client_expert_heatmap.pdf
  fig07_expert_frequency.pdf
  fig08_time_breakdown.pdf
  fig09_accuracy_vs_communication.pdf
  fig10_overview.pdf
[Export] 图片目录: /userhome/cs3/duanty/FedMoE/results/exp03-c100-resnet-e16-ours/20260923-140459/figure
