========================================
Job    : exp01-c10-vgg11-e8-fedrolex
Host   : gpu-4090-114
Date   : Mon Sep 21 08:20:12 HKT 2026
GPU    : 0
Python : /userhome/cs3/duanty/miniconda3/envs/moe/bin/python
Command: python -u main.py --method ours --dataset cifar10 --backbone vgg11 --select fedrolex --merge ours --device cuda --num_experts 8 --bw_max -1 --output_dir ./results/exp01-c10-vgg11-e8-fedrolex
========================================

==================================================================
 Ours  
  Dataset=cifar10 | beta=0.1 | Backbone=vgg11 | width_mult=1 | Clients=10 | Experts=8
  Select=fedrolex | Merge=ours
  Rounds=100 | LR=0.01
  Bandwidth: expert_bw=10 | bw=[10, 80] | Rayleigh-Shannon, SNR=10 dB | k=floor(bw/10)
==================================================================


[Partition] Dirichlet beta=0.1, 10 clients
  Client 0:   6071 samples | 3/10 classes
  Client 1:  18481 samples | 7/10 classes
  Client 2:    174 samples | 3/10 classes
  Client 3:    462 samples | 3/10 classes
  Client 4:   2759 samples | 3/10 classes
  Client 5:   5740 samples | 7/10 classes
  Client 6:   1703 samples | 4/10 classes
  Client 7:   3407 samples | 7/10 classes
  Client 8:   6483 samples | 7/10 classes
  Client 9:   4720 samples | 10/10 classes

[Upload] expert_bw=10 | available bw=[10, 80] | Rayleigh-Shannon, SNR=10 dB | upload k=floor(bw/10), cap=8 | rolling-window expert selection

[Model] Total params: 11,369,616

[Export] 本次实验目录: /userhome/cs3/duanty/FedMoE/results/exp01-c10-vgg11-e8-fedrolex/20260921-082015

Round |      LR |  AvgLoss |  TestAcc |     Best |  RoundTime
--------------------------------------------------------------------------------
    1 | 0.00208 |   1.4390 |   27.72% |   27.72% |    0:41.80
      bandwidth/experts | c8:bw=55,experts=[0,1,2,3,4]; c1:bw=29,experts=[1,2]; c5:bw=44,experts=[0,5,6,7]; c0:bw=10,experts=[0]; c7:bw=20,experts=[0,7]; c2:bw=29,experts=[2,3]; c9:bw=45,experts=[1,2,3,4]; c4:bw=40,experts=[4,5,6,7]; c3:bw=51,experts=[3,4,5,6,7]; c6:bw=41,experts=[0,1,6,7]
    2 | 0.00406 |   1.2841 |   35.27% |   35.27% |    0:40.88
      bandwidth/experts | c0:bw=36,experts=[1,2,3]; c1:bw=41,experts=[3,4,5,6]; c8:bw=48,experts=[0,5,6,7]; c5:bw=69,experts=[1,2,3,4,5,6]; c3:bw=67,experts=[0,1,2,3,4,5]; c4:bw=30,experts=[0,1,2]; c7:bw=55,experts=[1,2,3,4,5]; c9:bw=46,experts=[0,5,6,7]; c6:bw=17,experts=[2]; c2:bw=22,experts=[4,5]
    3 | 0.00604 |   1.1787 |   34.49% |   35.27% |    0:40.67
      bandwidth/experts | c9:bw=48,experts=[1,2,3,4]; c2:bw=42,experts=[0,1,6,7]; c0:bw=50,experts=[0,4,5,6,7]; c6:bw=40,experts=[3,4,5,6]; c8:bw=30,experts=[1,2,3]; c5:bw=13,experts=[7]; c3:bw=26,experts=[6,7]; c7:bw=33,experts=[0,6,7]; c1:bw=13,experts=[7]; c4:bw=52,experts=[3,4,5,6,7]
    4 | 0.00802 |   1.1021 |   41.31% |   41.31% |    0:41.87
      bandwidth/experts | c1:bw=40,experts=[0,1,2,3]; c7:bw=45,experts=[1,2,3,4]; c6:bw=53,experts=[0,1,2,3,7]; c2:bw=60,experts=[2,3,4,5,6,7]; c8:bw=31,experts=[4,5,6]; c0:bw=59,experts=[1,2,3,4,5]; c3:bw=34,experts=[0,1,2]; c4:bw=56,experts=[0,1,2,3,4]; c5:bw=73,experts=[0,1,2,3,4,5,6]; c9:bw=22,experts=[5,6]
    5 | 0.01000 |   1.1840 |   28.27% |   41.31% |    0:42.31
      bandwidth/experts | c1:bw=20,experts=[4,5]; c5:bw=40,experts=[0,1,2,7]; c4:bw=48,experts=[0,5,6,7]; c8:bw=37,experts=[0,1,7]; c0:bw=50,experts=[0,1,2,6,7]; c7:bw=24,experts=[5,6]; c6:bw=53,experts=[0,4,5,6,7]; c3:bw=63,experts=[0,3,4,5,6,7]; c2:bw=10,experts=[0]; c9:bw=62,experts=[0,1,2,3,4,7]
    6 | 0.01000 |   1.0892 |   41.65% |   41.65% |    0:42.96
      bandwidth/experts | c8:bw=67,experts=[2,3,4,5,6,7]; c2:bw=42,experts=[1,2,3,4]; c5:bw=27,experts=[3,4]; c7:bw=58,experts=[0,1,2,3,7]; c3:bw=36,experts=[1,2,3]; c1:bw=32,experts=[0,6,7]; c9:bw=48,experts=[0,5,6,7]; c0:bw=31,experts=[3,4,5]; c4:bw=17,experts=[1]; c6:bw=20,experts=[1,2]
    7 | 0.01000 |   1.1726 |   33.31% |   41.65% |    0:42.31
      bandwidth/experts | c0:bw=36,experts=[0,6,7]; c5:bw=49,experts=[0,5,6,7]; c2:bw=40,experts=[0,5,6,7]; c6:bw=13,experts=[3]; c3:bw=26,experts=[4,5]; c7:bw=31,experts=[4,5,6]; c4:bw=14,experts=[2]; c1:bw=10,experts=[1]; c8:bw=57,experts=[0,1,2,3,4]; c9:bw=10,experts=[1]
    8 | 0.01000 |   1.1450 |   46.08% |   46.08% |    0:41.60
      bandwidth/experts | c4:bw=10,experts=[3]; c8:bw=37,experts=[5,6,7]; c1:bw=58,experts=[2,3,4,5,6]; c3:bw=37,experts=[0,6,7]; c0:bw=32,experts=[1,2,3]; c5:bw=28,experts=[1,2]; c2:bw=54,experts=[1,2,3,4,5]; c9:bw=59,experts=[2,3,4,5,6]; c7:bw=15,experts=[7]; c6:bw=41,experts=[4,5,6,7]
    9 | 0.01000 |   1.2086 |   28.84% |   46.08% |    0:42.36
      bandwidth/experts | c2:bw=21,experts=[6,7]; c0:bw=52,experts=[0,4,5,6,7]; c4:bw=59,experts=[0,4,5,6,7]; c9:bw=26,experts=[0,7]; c8:bw=18,experts=[0]; c6:bw=31,experts=[0,1,2]; c7:bw=46,experts=[0,1,2,3]; c5:bw=52,experts=[3,4,5,6,7]; c1:bw=14,experts=[7]; c3:bw=23,experts=[1,2]
   10 | 0.01000 |   0.9863 |   48.20% |   48.20% |    0:41.99
      bandwidth/experts | c4:bw=37,experts=[1,2,3]; c2:bw=34,experts=[0,1,2]; c7:bw=37,experts=[4,5,6]; c0:bw=59,experts=[1,2,3,4,5]; c6:bw=65,experts=[0,3,4,5,6,7]; c3:bw=46,experts=[3,4,5,6]; c5:bw=58,experts=[0,1,2,3,4]; c8:bw=35,experts=[1,2,3]; c9:bw=35,experts=[1,2,3]; c1:bw=41,experts=[0,1,2,3]
   11 | 0.01000 |   1.1927 |   27.40% |   48.20% |    0:40.88
      bandwidth/experts | c5:bw=28,experts=[5,6]; c2:bw=27,experts=[3,4]; c7:bw=44,experts=[0,1,2,7]; c3:bw=50,experts=[0,1,2,3,7]; c0:bw=28,experts=[6,7]; c8:bw=39,experts=[4,5,6]; c9:bw=33,experts=[4,5,6]; c6:bw=55,experts=[1,2,3,4,5]; c1:bw=40,experts=[4,5,6,7]; c4:bw=16,experts=[4]
   12 | 0.01000 |   1.0322 |   50.18% |   50.18% |    0:41.58
      bandwidth/experts | c1:bw=42,experts=[0,1,2,3]; c5:bw=56,experts=[0,1,2,3,7]; c2:bw=57,experts=[0,1,5,6,7]; c4:bw=28,experts=[5,6]; c3:bw=35,experts=[4,5,6]; c7:bw=30,experts=[3,4,5]; c9:bw=42,experts=[0,1,2,7]; c6:bw=29,experts=[6,7]; c8:bw=55,experts=[0,1,2,3,7]; c0:bw=49,experts=[0,1,2,3]
   13 | 0.01000 |   1.2184 |   30.14% |   50.18% |    0:40.83
      bandwidth/experts | c3:bw=30,experts=[0,1,7]; c1:bw=47,experts=[4,5,6,7]; c4:bw=10,experts=[7]; c5:bw=29,experts=[4,5]; c8:bw=15,experts=[4]; c6:bw=36,experts=[0,1,2]; c9:bw=15,experts=[3]; c7:bw=58,experts=[0,1,2,6,7]; c0:bw=25,experts=[4,5]; c2:bw=16,experts=[2]
   14 | 0.01000 |   1.0805 |   50.22% |   50.22% |    0:40.11
      bandwidth/experts | c2:bw=45,experts=[3,4,5,6]; c4:bw=10,experts=[0]; c5:bw=64,experts=[0,1,2,3,6,7]; c1:bw=38,experts=[0,1,2]; c7:bw=25,experts=[3,4]; c0:bw=25,experts=[6,7]; c9:bw=32,experts=[4,5,6]; c3:bw=45,experts=[2,3,4,5]; c8:bw=21,experts=[5,6]; c6:bw=67,experts=[0,3,4,5,6,7]
   15 | 0.01000 |   1.2172 |   48.07% |   50.22% |    0:40.41
      bandwidth/experts | c7:bw=59,experts=[0,1,5,6,7]; c0:bw=20,experts=[0,1]; c1:bw=14,experts=[3]; c8:bw=52,experts=[0,1,2,3,7]; c3:bw=10,experts=[6]; c2:bw=53,experts=[0,1,2,3,7]; c4:bw=47,experts=[1,2,3,4]; c5:bw=18,experts=[4]; c9:bw=19,experts=[7]; c6:bw=33,experts=[1,2,3]
   16 | 0.01000 |   0.9391 |   41.24% |   50.22% |    0:41.20
      bandwidth/experts | c6:bw=40,experts=[4,5,6,7]; c1:bw=29,experts=[4,5]; c3:bw=43,experts=[0,1,2,7]; c8:bw=49,experts=[4,5,6,7]; c7:bw=22,experts=[2,3]; c5:bw=40,experts=[0,5,6,7]; c4:bw=35,experts=[5,6,7]; c9:bw=24,experts=[0,1]; c0:bw=57,experts=[2,3,4,5,6]; c2:bw=52,experts=[0,4,5,6,7]
   17 | 0.01000 |   1.0532 |   43.54% |   50.22% |    0:40.45
      bandwidth/experts | c4:bw=58,experts=[0,1,2,3,4]; c7:bw=25,experts=[4,5]; c8:bw=10,experts=[0]; c3:bw=52,experts=[3,4,5,6,7]; c5:bw=10,experts=[1]; c1:bw=29,experts=[6,7]; c0:bw=11,experts=[7]; c2:bw=19,experts=[1]; c9:bw=37,experts=[2,3,4]; c6:bw=39,experts=[0,1,2]
   18 | 0.01000 |   0.9245 |   54.57% |   54.57% |    0:40.83
      bandwidth/experts | c1:bw=10,experts=[0]; c8:bw=10,experts=[1]; c5:bw=35,experts=[2,3,4]; c2:bw=37,experts=[2,3,4]; c9:bw=19,experts=[5]; c7:bw=55,experts=[0,1,2,6,7]; c4:bw=56,experts=[0,1,5,6,7]; c3:bw=37,experts=[0,1,2]; c0:bw=49,experts=[0,1,2,3]; c6:bw=31,experts=[3,4,5]
   19 | 0.01000 |   1.0638 |   55.32% |   55.32% |    0:41.73
      bandwidth/experts | c8:bw=56,experts=[2,3,4,5,6]; c0:bw=42,experts=[4,5,6,7]; c4:bw=51,experts=[2,3,4,5,6]; c1:bw=46,experts=[1,2,3,4]; c9:bw=38,experts=[0,6,7]; c5:bw=29,experts=[5,6]; c7:bw=22,experts=[3,4]; c2:bw=14,experts=[5]; c6:bw=66,experts=[0,1,2,3,6,7]; c3:bw=40,experts=[3,4,5,6]
   20 | 0.01000 |   0.9477 |   50.97% |   55.32% |    0:42.38
      bandwidth/experts | c0:bw=28,experts=[0,1]; c2:bw=41,experts=[0,1,6,7]; c1:bw=40,experts=[0,5,6,7]; c9:bw=17,experts=[1]; c7:bw=43,experts=[0,5,6,7]; c6:bw=68,experts=[0,1,4,5,6,7]; c3:bw=18,experts=[7]; c5:bw=10,experts=[7]; c4:bw=59,experts=[0,1,2,3,7]; c8:bw=50,experts=[0,1,2,3,7]
   21 | 0.01000 |   1.1288 |   51.67% |   55.32% |    0:39.59
      bandwidth/experts | c1:bw=41,experts=[1,2,3,4]; c2:bw=39,experts=[2,3,4]; c7:bw=12,experts=[1]; c4:bw=48,experts=[4,5,6,7]; c8:bw=18,experts=[4]; c5:bw=32,experts=[0,1,2]; c0:bw=66,experts=[2,3,4,5,6,7]; c3:bw=10,experts=[0]; c6:bw=16,experts=[2]; c9:bw=25,experts=[2,3]
   22 | 0.01000 |   0.9278 |   29.03% |   55.32% |    0:40.32
      bandwidth/experts | c7:bw=16,experts=[2]; c9:bw=33,experts=[4,5,6]; c1:bw=10,experts=[5]; c6:bw=61,experts=[0,3,4,5,6,7]; c5:bw=17,experts=[3]; c2:bw=66,experts=[0,1,2,5,6,7]; c0:bw=67,experts=[0,1,2,3,4,5]; c4:bw=36,experts=[0,1,2]; c3:bw=56,experts=[1,2,3,4,5]; c8:bw=33,experts=[5,6,7]
   23 | 0.01000 |   1.0279 |   52.40% |   55.32% |    0:40.43
      bandwidth/experts | c5:bw=52,experts=[0,4,5,6,7]; c7:bw=15,experts=[3]; c4:bw=56,experts=[3,4,5,6,7]; c6:bw=10,experts=[1]; c9:bw=50,experts=[0,1,2,3,7]; c8:bw=35,experts=[0,1,2]; c3:bw=15,experts=[6]; c1:bw=62,experts=[0,1,2,3,6,7]; c2:bw=32,experts=[3,4,5]; c0:bw=11,experts=[6]
   24 | 0.01000 |   1.1059 |   41.50% |   55.32% |    0:39.63
      bandwidth/experts | c6:bw=30,experts=[2,3,4]; c4:bw=12,experts=[0]; c7:bw=10,experts=[4]; c9:bw=50,experts=[0,4,5,6,7]; c2:bw=43,experts=[0,1,6,7]; c1:bw=10,experts=[4]; c5:bw=25,experts=[1,2]; c8:bw=18,experts=[3]; c3:bw=10,experts=[7]; c0:bw=31,experts=[0,1,7]
   25 | 0.01000 |   0.9111 |   62.11% |   62.11% |    0:41.02
      bandwidth/experts | c9:bw=40,experts=[1,2,3,4]; c6:bw=16,experts=[5]; c4:bw=58,experts=[1,2,3,4,5]; c3:bw=14,experts=[0]; c5:bw=64,experts=[0,3,4,5,6,7]; c1:bw=49,experts=[0,5,6,7]; c8:bw=55,experts=[0,4,5,6,7]; c2:bw=12,experts=[2]; c0:bw=56,experts=[2,3,4,5,6]; c7:bw=40,experts=[0,5,6,7]
   26 | 0.01000 |   0.9544 |   61.33% |   62.11% |    0:41.37
      bandwidth/experts | c3:bw=44,experts=[1,2,3,4]; c6:bw=34,experts=[0,6,7]; c9:bw=50,experts=[0,1,5,6,7]; c7:bw=31,experts=[1,2,3]; c1:bw=33,experts=[1,2,3]; c5:bw=20,experts=[1,2]; c2:bw=30,experts=[3,4,5]; c8:bw=53,experts=[1,2,3,4,5]; c0:bw=11,experts=[7]; c4:bw=48,experts=[0,1,6,7]
   27 | 0.01000 |   1.0380 |   61.75% |   62.11% |    0:39.63
      bandwidth/experts | c7:bw=51,experts=[0,4,5,6,7]; c1:bw=62,experts=[0,1,4,5,6,7]; c4:bw=12,experts=[2]; c0:bw=36,experts=[0,1,2]; c9:bw=18,experts=[2]; c2:bw=20,experts=[6,7]; c8:bw=55,experts=[0,1,2,6,7]; c3:bw=21,experts=[5,6]; c6:bw=63,experts=[1,2,3,4,5,6]; c5:bw=37,experts=[3,4,5]
   28 | 0.01000 |   0.9727 |   55.28% |   62.11% |    0:39.87
      bandwidth/experts | c6:bw=29,experts=[0,7]; c9:bw=49,experts=[3,4,5,6]; c0:bw=47,experts=[3,4,5,6]; c8:bw=29,experts=[3,4]; c2:bw=10,experts=[0]; c5:bw=33,experts=[0,6,7]; c1:bw=25,experts=[2,3]; c3:bw=12,experts=[7]; c4:bw=10,experts=[3]; c7:bw=10,experts=[1]
   29 | 0.01000 |   0.9746 |   55.19% |   62.11% |    0:40.45
      bandwidth/experts | c4:bw=38,experts=[4,5,6]; c0:bw=44,experts=[0,1,2,7]; c1:bw=33,experts=[4,5,6]; c9:bw=44,experts=[0,1,2,7]; c6:bw=43,experts=[1,2,3,4]; c8:bw=34,experts=[5,6,7]; c7:bw=21,experts=[2,3]; c3:bw=32,experts=[0,1,2]; c2:bw=18,experts=[1]; c5:bw=33,experts=[1,2,3]
   30 | 0.01000 |   0.8677 |   67.19% |   67.19% |    0:39.83
      bandwidth/experts | c5:bw=62,experts=[0,1,4,5,6,7]; c1:bw=35,experts=[0,1,7]; c9:bw=54,experts=[3,4,5,6,7]; c4:bw=51,experts=[0,1,2,3,7]; c0:bw=17,experts=[3]; c8:bw=41,experts=[0,1,2,3]; c6:bw=11,experts=[5]; c7:bw=12,experts=[4]; c3:bw=59,experts=[3,4,5,6,7]; c2:bw=27,experts=[2,3]
   31 | 0.01000 |   0.8875 |   61.89% |   67.19% |    0:40.14
      bandwidth/experts | c6:bw=29,experts=[6,7]; c4:bw=19,experts=[4]; c9:bw=45,experts=[0,1,2,3]; c1:bw=30,experts=[2,3,4]; c5:bw=62,experts=[2,3,4,5,6,7]; c8:bw=33,experts=[4,5,6]; c3:bw=24,experts=[0,1]; c2:bw=15,experts=[4]; c0:bw=47,experts=[4,5,6,7]; c7:bw=63,experts=[0,1,2,5,6,7]
   32 | 0.01000 |   0.8759 |   62.25% |   67.19% |    0:40.29
      bandwidth/experts | c8:bw=21,experts=[0,7]; c5:bw=36,experts=[0,1,2]; c4:bw=49,experts=[0,5,6,7]; c7:bw=47,experts=[3,4,5,6]; c0:bw=46,experts=[0,1,2,3]; c1:bw=21,experts=[5,6]; c3:bw=28,experts=[2,3]; c6:bw=27,experts=[0,1]; c2:bw=54,experts=[0,1,5,6,7]; c9:bw=31,experts=[4,5,6]
   33 | 0.01000 |   0.8487 |   61.62% |   67.19% |    0:41.31
      bandwidth/experts | c7:bw=52,experts=[0,1,2,3,7]; c1:bw=34,experts=[0,1,7]; c3:bw=70,experts=[0,1,2,4,5,6,7]; c6:bw=37,experts=[2,3,4]; c5:bw=29,experts=[3,4]; c9:bw=42,experts=[0,1,2,7]; c2:bw=24,experts=[2,3]; c8:bw=50,experts=[1,2,3,4,5]; c4:bw=45,experts=[1,2,3,4]; c0:bw=62,experts=[0,1,4,5,6,7]
   34 | 0.01000 |   0.8249 |   63.16% |   67.19% |    0:40.14
      bandwidth/experts | c4:bw=46,experts=[0,5,6,7]; c1:bw=46,experts=[2,3,4,5]; c6:bw=48,experts=[0,5,6,7]; c9:bw=68,experts=[0,3,4,5,6,7]; c8:bw=42,experts=[0,1,6,7]; c0:bw=22,experts=[2,3]; c5:bw=60,experts=[0,1,2,5,6,7]; c7:bw=32,experts=[4,5,6]; c3:bw=72,experts=[0,1,3,4,5,6,7]; c2:bw=54,experts=[0,4,5,6,7]
   35 | 0.01000 |   0.9125 |   65.94% |   67.19% |    0:39.94
      bandwidth/experts | c4:bw=33,experts=[1,2,3]; c0:bw=20,experts=[4,5]; c1:bw=31,experts=[0,6,7]; c6:bw=44,experts=[1,2,3,4]; c2:bw=46,experts=[1,2,3,4]; c8:bw=50,experts=[2,3,4,5,6]; c9:bw=27,experts=[1,2]; c7:bw=48,experts=[0,1,2,7]; c5:bw=41,experts=[3,4,5,6]; c3:bw=24,experts=[2,3]
   36 | 0.01000 |   0.8467 |   65.87% |   67.19% |    0:40.24
      bandwidth/experts | c9:bw=37,experts=[3,4,5]; c0:bw=36,experts=[0,6,7]; c3:bw=60,experts=[0,1,4,5,6,7]; c7:bw=27,experts=[3,4]; c6:bw=43,experts=[0,5,6,7]; c5:bw=49,experts=[0,1,2,7]; c1:bw=10,experts=[1]; c4:bw=74,experts=[0,1,2,4,5,6,7]; c8:bw=51,experts=[0,1,2,3,7]; c2:bw=50,experts=[0,1,5,6,7]
   37 | 0.01000 |   0.9555 |   58.73% |   67.19% |    0:39.86
      bandwidth/experts | c1:bw=18,experts=[2]; c5:bw=39,experts=[3,4,5]; c2:bw=36,experts=[2,3,4]; c6:bw=65,experts=[1,2,3,4,5,6]; c4:bw=39,experts=[3,4,5]; c7:bw=42,experts=[0,5,6,7]; c9:bw=40,experts=[0,1,6,7]; c0:bw=54,experts=[1,2,3,4,5]; c3:bw=36,experts=[2,3,4]; c8:bw=10,experts=[4]
   38 | 0.01000 |   0.8850 |   59.66% |   67.19% |    0:39.76
      bandwidth/experts | c8:bw=46,experts=[0,5,6,7]; c6:bw=17,experts=[7]; c4:bw=52,experts=[0,1,2,6,7]; c1:bw=31,experts=[3,4,5]; c5:bw=10,experts=[6]; c2:bw=10,experts=[5]; c3:bw=38,experts=[5,6,7]; c7:bw=51,experts=[1,2,3,4,5]; c9:bw=26,experts=[2,3]; c0:bw=40,experts=[0,1,6,7]
   39 | 0.01000 |   0.8220 |   65.03% |   67.19% |    0:40.81
      bandwidth/experts | c3:bw=26,experts=[0,1]; c0:bw=10,experts=[2]; c1:bw=45,experts=[0,1,6,7]; c7:bw=40,experts=[0,1,6,7]; c6:bw=31,experts=[0,1,2]; c8:bw=45,experts=[1,2,3,4]; c2:bw=36,experts=[0,6,7]; c4:bw=36,experts=[3,4,5]; c9:bw=24,experts=[4,5]; c5:bw=75,experts=[0,1,2,3,4,5,7]
   40 | 0.01000 |   0.8322 |   63.42% |   67.19% |    0:40.04
      bandwidth/experts | c8:bw=26,experts=[5,6]; c1:bw=42,experts=[2,3,4,5]; c5:bw=32,experts=[0,6,7]; c6:bw=46,experts=[3,4,5,6]; c2:bw=65,experts=[1,2,3,4,5,6]; c7:bw=66,experts=[2,3,4,5,6,7]; c3:bw=10,experts=[2]; c4:bw=19,experts=[6]; c9:bw=40,experts=[0,1,6,7]; c0:bw=36,experts=[3,4,5]
   41 | 0.01000 |   0.8531 |   67.57% |   67.57% |    0:40.80
      bandwidth/experts | c2:bw=54,experts=[0,1,2,3,7]; c6:bw=10,experts=[7]; c8:bw=57,experts=[0,1,2,3,7]; c1:bw=10,experts=[6]; c4:bw=50,experts=[0,1,2,3,7]; c5:bw=61,experts=[1,2,3,4,5,6]; c7:bw=68,experts=[0,1,2,3,4,5]; c3:bw=40,experts=[3,4,5,6]; c9:bw=54,experts=[2,3,4,5,6]; c0:bw=10,experts=[6]
   42 | 0.01000 |   0.8115 |   63.52% |   67.57% |    0:40.06
      bandwidth/experts | c5:bw=50,experts=[0,1,2,3,7]; c1:bw=49,experts=[0,1,2,7]; c3:bw=48,experts=[0,1,2,7]; c9:bw=51,experts=[0,1,2,3,7]; c6:bw=34,experts=[0,1,2]; c0:bw=15,experts=[7]; c7:bw=20,experts=[6,7]; c4:bw=55,experts=[0,4,5,6,7]; c8:bw=42,experts=[4,5,6,7]; c2:bw=40,experts=[4,5,6,7]
   43 | 0.01000 |   0.8719 |   68.04% |   68.04% |    0:40.18
      bandwidth/experts | c5:bw=53,experts=[0,4,5,6,7]; c1:bw=58,experts=[3,4,5,6,7]; c2:bw=51,experts=[0,1,2,3,4]; c8:bw=45,experts=[0,1,2,3]; c9:bw=32,experts=[4,5,6]; c7:bw=21,experts=[0,1]; c4:bw=34,experts=[1,2,3]; c6:bw=12,experts=[3]; c3:bw=65,experts=[0,3,4,5,6,7]; c0:bw=21,experts=[0,1]
   44 | 0.01000 |   0.8017 |   61.16% |   68.04% |    0:39.90
      bandwidth/experts | c0:bw=66,experts=[2,3,4,5,6,7]; c3:bw=47,experts=[1,2,3,4]; c4:bw=29,experts=[4,5]; c2:bw=37,experts=[5,6,7]; c7:bw=75,experts=[0,2,3,4,5,6,7]; c5:bw=24,experts=[1,2]; c6:bw=20,experts=[4,5]; c9:bw=37,experts=[0,1,7]; c8:bw=34,experts=[4,5,6]; c1:bw=45,experts=[0,1,2,3]
   45 | 0.01000 |   0.8873 |   68.83% |   68.83% |    0:39.84
      bandwidth/experts | c8:bw=55,experts=[0,1,2,3,7]; c0:bw=36,experts=[0,1,2]; c3:bw=67,experts=[0,1,2,5,6,7]; c4:bw=64,experts=[0,1,2,3,6,7]; c7:bw=36,experts=[1,2,3]; c2:bw=49,experts=[0,1,2,3]; c9:bw=25,experts=[2,3]; c6:bw=10,experts=[6]; c5:bw=44,experts=[3,4,5,6]; c1:bw=56,experts=[0,4,5,6,7]
   46 | 0.01000 |   0.7972 |   65.05% |   68.83% |    0:40.10
      bandwidth/experts | c9:bw=37,experts=[4,5,6]; c3:bw=27,experts=[3,4]; c6:bw=39,experts=[0,1,7]; c1:bw=41,experts=[1,2,3,4]; c4:bw=64,experts=[0,1,4,5,6,7]; c5:bw=41,experts=[0,1,2,7]; c2:bw=57,experts=[0,4,5,6,7]; c8:bw=39,experts=[4,5,6]; c0:bw=55,experts=[3,4,5,6,7]; c7:bw=28,experts=[4,5]
   47 | 0.01000 |   0.8712 |   67.81% |   68.83% |    0:39.79
      bandwidth/experts | c5:bw=52,experts=[3,4,5,6,7]; c6:bw=22,experts=[2,3]; c7:bw=53,experts=[0,1,2,6,7]; c9:bw=17,experts=[7]; c8:bw=39,experts=[0,1,7]; c3:bw=70,experts=[0,1,2,3,5,6,7]; c4:bw=10,experts=[2]; c0:bw=46,experts=[0,1,2,3]; c1:bw=30,experts=[5,6,7]; c2:bw=54,experts=[1,2,3,4,5]
   48 | 0.01000 |   0.8126 |   71.52% |   71.52% |    0:40.19
      bandwidth/experts | c1:bw=50,experts=[0,1,2,3,4]; c8:bw=50,experts=[2,3,4,5,6]; c4:bw=67,experts=[0,3,4,5,6,7]; c2:bw=57,experts=[0,1,2,6,7]; c9:bw=52,experts=[0,1,2,3,4]; c6:bw=45,experts=[4,5,6,7]; c5:bw=55,experts=[0,1,2,3,4]; c7:bw=62,experts=[0,3,4,5,6,7]; c0:bw=16,experts=[4]; c3:bw=18,experts=[4]
   49 | 0.01000 |   0.8339 |   66.67% |   71.52% |    0:40.04
      bandwidth/experts | c4:bw=48,experts=[1,2,3,4]; c3:bw=32,experts=[5,6,7]; c8:bw=26,experts=[0,7]; c0:bw=20,experts=[5,6]; c2:bw=58,experts=[3,4,5,6,7]; c5:bw=56,experts=[0,1,5,6,7]; c6:bw=13,experts=[0]; c7:bw=44,experts=[1,2,3,4]; c9:bw=53,experts=[0,1,5,6,7]; c1:bw=54,experts=[0,1,5,6,7]
   50 | 0.01000 |   0.7948 |   64.27% |   71.52% |    0:40.08
      bandwidth/experts | c8:bw=32,experts=[1,2,3]; c4:bw=10,experts=[5]; c7:bw=34,experts=[5,6,7]; c6:bw=68,experts=[1,2,3,4,5,6]; c2:bw=63,experts=[0,1,2,3,4,5]; c1:bw=64,experts=[2,3,4,5,6,7]; c3:bw=39,experts=[0,1,2]; c0:bw=29,experts=[0,7]; c9:bw=27,experts=[2,3]; c5:bw=31,experts=[2,3,4]
   51 | 0.01000 |   0.8618 |   68.45% |   71.52% |    0:40.50
      bandwidth/experts | c5:bw=47,experts=[0,5,6,7]; c0:bw=53,experts=[1,2,3,4,5]; c1:bw=21,experts=[0,1]; c2:bw=20,experts=[6,7]; c8:bw=46,experts=[4,5,6,7]; c6:bw=52,experts=[0,1,2,3,7]; c9:bw=18,experts=[4]; c3:bw=55,experts=[3,4,5,6,7]; c4:bw=11,experts=[6]; c7:bw=27,experts=[0,1]
   52 | 0.01000 |   0.8323 |   69.57% |   71.52% |    0:39.64
      bandwidth/experts | c0:bw=46,experts=[0,1,6,7]; c8:bw=18,experts=[0]; c5:bw=24,experts=[1,2]; c7:bw=34,experts=[2,3,4]; c1:bw=40,experts=[2,3,4,5]; c4:bw=33,experts=[0,1,7]; c9:bw=31,experts=[5,6,7]; c6:bw=51,experts=[0,4,5,6,7]; c2:bw=29,experts=[0,1]; c3:bw=43,experts=[0,1,2,3]
   53 | 0.01000 |   0.8117 |   70.82% |   71.52% |    0:40.07
      bandwidth/experts | c8:bw=22,experts=[1,2]; c4:bw=28,experts=[2,3]; c5:bw=44,experts=[3,4,5,6]; c1:bw=59,experts=[0,1,2,6,7]; c3:bw=47,experts=[4,5,6,7]; c9:bw=61,experts=[0,1,2,3,4,5]; c6:bw=36,experts=[1,2,3]; c7:bw=44,experts=[0,5,6,7]; c0:bw=39,experts=[2,3,4]; c2:bw=51,experts=[2,3,4,5,6]
   54 | 0.01000 |   0.8048 |   66.01% |   71.52% |    0:40.34
      bandwidth/experts | c2:bw=10,experts=[7]; c1:bw=53,experts=[3,4,5,6,7]; c8:bw=55,experts=[3,4,5,6,7]; c7:bw=61,experts=[1,2,3,4,5,6]; c3:bw=30,experts=[0,1,2]; c0:bw=37,experts=[5,6,7]; c6:bw=54,experts=[0,4,5,6,7]; c5:bw=10,experts=[7]; c9:bw=50,experts=[0,1,2,6,7]; c4:bw=32,experts=[4,5,6]
   55 | 0.01000 |   0.7745 |   64.73% |   71.52% |    0:39.96
      bandwidth/experts | c7:bw=54,experts=[0,1,2,3,7]; c2:bw=41,experts=[0,1,2,3]; c4:bw=14,experts=[7]; c3:bw=52,experts=[3,4,5,6,7]; c8:bw=14,experts=[0]; c5:bw=53,experts=[0,1,2,3,4]; c1:bw=60,experts=[0,1,2,3,4,5]; c6:bw=42,experts=[1,2,3,4]; c0:bw=27,experts=[0,1]; c9:bw=62,experts=[0,3,4,5,6,7]
   56 | 0.01000 |   0.8068 |   67.59% |   71.52% |    0:40.15
      bandwidth/experts | c9:bw=52,experts=[1,2,3,4,5]; c1:bw=56,experts=[0,1,2,6,7]; c3:bw=10,experts=[0]; c2:bw=53,experts=[0,4,5,6,7]; c5:bw=31,experts=[5,6,7]; c4:bw=10,experts=[0]; c8:bw=13,experts=[1]; c7:bw=18,experts=[4]; c6:bw=23,experts=[5,6]; c0:bw=70,experts=[0,2,3,4,5,6,7]
   57 | 0.01000 |   0.7716 |   74.56% |   74.56% |    0:40.09
      bandwidth/experts | c3:bw=64,experts=[1,2,3,4,5,6]; c8:bw=43,experts=[2,3,4,5]; c6:bw=48,experts=[0,1,2,7]; c1:bw=49,experts=[3,4,5,6]; c7:bw=69,experts=[0,1,2,5,6,7]; c0:bw=70,experts=[1,2,3,4,5,6,7]; c5:bw=44,experts=[0,1,2,3]; c4:bw=41,experts=[1,2,3,4]; c2:bw=33,experts=[1,2,3]; c9:bw=19,experts=[6]
   58 | 0.01000 |   0.7833 |   68.51% |   74.56% |    0:40.02
      bandwidth/experts | c7:bw=24,experts=[3,4]; c2:bw=10,experts=[4]; c9:bw=57,experts=[0,1,2,3,7]; c6:bw=55,experts=[3,4,5,6,7]; c5:bw=35,experts=[4,5,6]; c1:bw=30,experts=[0,1,7]; c8:bw=40,experts=[0,1,6,7]; c4:bw=38,experts=[5,6,7]; c3:bw=61,experts=[0,1,2,3,4,7]; c0:bw=47,experts=[0,1,2,3]
   59 | 0.01000 |   0.7743 |   68.92% |   74.56% |    0:39.95
      bandwidth/experts | c2:bw=37,experts=[5,6,7]; c8:bw=56,experts=[2,3,4,5,6]; c9:bw=28,experts=[4,5]; c6:bw=19,experts=[0]; c1:bw=65,experts=[2,3,4,5,6,7]; c4:bw=26,experts=[0,1]; c7:bw=28,experts=[5,6]; c5:bw=32,experts=[0,1,7]; c0:bw=52,experts=[0,4,5,6,7]; c3:bw=35,experts=[5,6,7]
   60 | 0.01000 |   0.7989 |   69.74% |   74.56% |    0:39.95
      bandwidth/experts | c0:bw=53,experts=[1,2,3,4,5]; c7:bw=48,experts=[0,1,2,7]; c4:bw=30,experts=[2,3,4]; c2:bw=30,experts=[0,1,2]; c5:bw=33,experts=[2,3,4]; c8:bw=24,experts=[0,7]; c6:bw=59,experts=[1,2,3,4,5]; c9:bw=10,experts=[6]; c1:bw=54,experts=[0,1,2,3,4]; c3:bw=44,experts=[0,1,2,3]
   61 | 0.01000 |   0.7794 |   72.11% |   74.56% |    0:40.09
      bandwidth/experts | c5:bw=49,experts=[0,5,6,7]; c6:bw=37,experts=[0,6,7]; c2:bw=29,experts=[3,4]; c9:bw=38,experts=[0,1,7]; c1:bw=33,experts=[5,6,7]; c3:bw=43,experts=[4,5,6,7]; c8:bw=55,experts=[1,2,3,4,5]; c4:bw=38,experts=[5,6,7]; c7:bw=43,experts=[3,4,5,6]; c0:bw=60,experts=[0,1,2,3,6,7]
   62 | 0.01000 |   0.7579 |   72.12% |   74.56% |    0:39.78
      bandwidth/experts | c8:bw=13,experts=[6]; c6:bw=62,experts=[1,2,3,4,5,6]; c9:bw=16,experts=[2]; c4:bw=60,experts=[0,1,2,3,4,5]; c5:bw=67,experts=[1,2,3,4,5,6]; c0:bw=28,experts=[4,5]; c3:bw=53,experts=[0,1,2,3,4]; c2:bw=42,experts=[0,5,6,7]; c1:bw=75,experts=[0,1,2,3,4,5,6]; c7:bw=44,experts=[0,1,2,7]
   63 | 0.01000 |   0.7568 |   70.45% |   74.56% |    0:40.08
      bandwidth/experts | c5:bw=10,experts=[7]; c9:bw=21,experts=[3,4]; c6:bw=34,experts=[0,1,7]; c3:bw=52,experts=[0,1,5,6,7]; c8:bw=32,experts=[0,1,7]; c1:bw=50,experts=[0,1,2,3,7]; c7:bw=68,experts=[0,3,4,5,6,7]; c0:bw=41,experts=[0,1,6,7]; c2:bw=28,experts=[1,2]; c4:bw=52,experts=[0,1,2,6,7]
   64 | 0.01000 |   0.7709 |   69.23% |   74.56% |    0:40.17
      bandwidth/experts | c6:bw=50,experts=[2,3,4,5,6]; c4:bw=38,experts=[3,4,5]; c5:bw=24,experts=[0,1]; c3:bw=38,experts=[2,3,4]; c7:bw=34,experts=[1,2,3]; c0:bw=32,experts=[2,3,4]; c8:bw=53,experts=[2,3,4,5,6]; c9:bw=59,experts=[0,1,5,6,7]; c2:bw=56,experts=[3,4,5,6,7]; c1:bw=28,experts=[4,5]
   65 | 0.01000 |   0.7580 |   66.58% |   74.56% |    0:39.76
      bandwidth/experts | c7:bw=10,experts=[4]; c5:bw=29,experts=[2,3]; c4:bw=57,experts=[0,1,2,6,7]; c6:bw=50,experts=[0,1,2,3,7]; c8:bw=66,experts=[0,1,2,3,4,7]; c3:bw=42,experts=[0,5,6,7]; c0:bw=41,experts=[0,5,6,7]; c2:bw=28,experts=[0,1]; c1:bw=58,experts=[0,1,2,6,7]; c9:bw=47,experts=[2,3,4,5]
   66 | 0.01000 |   0.7871 |   71.14% |   74.56% |    0:40.02
      bandwidth/experts | c2:bw=41,experts=[2,3,4,5]; c5:bw=17,experts=[4]; c1:bw=54,experts=[3,4,5,6,7]; c8:bw=24,experts=[5,6]; c9:bw=31,experts=[0,6,7]; c6:bw=30,experts=[4,5,6]; c4:bw=41,experts=[3,4,5,6]; c0:bw=38,experts=[1,2,3]; c3:bw=66,experts=[1,2,3,4,5,6]; c7:bw=50,experts=[0,1,5,6,7]
   67 | 0.01000 |   0.7538 |   68.58% |   74.56% |    0:39.45
      bandwidth/experts | c4:bw=51,experts=[0,1,2,3,7]; c5:bw=48,experts=[0,5,6,7]; c1:bw=36,experts=[0,1,2]; c3:bw=25,experts=[0,7]; c6:bw=53,experts=[0,1,2,3,7]; c0:bw=32,experts=[4,5,6]; c2:bw=43,experts=[0,1,6,7]; c9:bw=60,experts=[1,2,3,4,5,6]; c7:bw=59,experts=[2,3,4,5,6]; c8:bw=10,experts=[7]
   68 | 0.01000 |   0.7827 |   72.11% |   74.56% |    0:39.53
      bandwidth/experts | c1:bw=42,experts=[3,4,5,6]; c8:bw=31,experts=[0,1,2]; c2:bw=58,experts=[2,3,4,5,6]; c0:bw=30,experts=[0,1,7]; c3:bw=26,experts=[1,2]; c4:bw=49,experts=[4,5,6,7]; c5:bw=45,experts=[1,2,3,4]; c9:bw=15,experts=[7]; c7:bw=28,experts=[0,7]; c6:bw=32,experts=[4,5,6]
   69 | 0.01000 |   0.7421 |   70.33% |   74.56% |    0:40.34
      bandwidth/experts | c3:bw=41,experts=[3,4,5,6]; c7:bw=58,experts=[1,2,3,4,5]; c1:bw=31,experts=[0,1,7]; c4:bw=41,experts=[0,1,2,3]; c9:bw=35,experts=[0,1,2]; c5:bw=39,experts=[5,6,7]; c0:bw=52,experts=[2,3,4,5,6]; c2:bw=66,experts=[0,1,2,3,4,7]; c8:bw=42,experts=[3,4,5,6]; c6:bw=26,experts=[0,7]
   70 | 0.01000 |   0.7492 |   68.83% |   74.56% |    0:40.10
      bandwidth/experts | c1:bw=24,experts=[2,3]; c9:bw=10,experts=[3]; c7:bw=28,experts=[6,7]; c3:bw=32,experts=[0,1,7]; c0:bw=30,experts=[0,1,7]; c6:bw=26,experts=[1,2]; c2:bw=55,experts=[0,1,5,6,7]; c4:bw=58,experts=[0,4,5,6,7]; c5:bw=23,experts=[0,1]; c8:bw=48,experts=[0,1,2,7]
   71 | 0.01000 |   0.7635 |   69.38% |   74.56% |    0:40.44
      bandwidth/experts | c4:bw=42,experts=[1,2,3,4]; c0:bw=16,experts=[2]; c1:bw=52,experts=[0,4,5,6,7]; c9:bw=40,experts=[4,5,6,7]; c7:bw=20,experts=[0,1]; c5:bw=33,experts=[2,3,4]; c3:bw=62,experts=[2,3,4,5,6,7]; c6:bw=50,experts=[3,4,5,6,7]; c8:bw=39,experts=[3,4,5]; c2:bw=61,experts=[2,3,4,5,6,7]
   72 | 0.01000 |   0.7571 |   66.73% |   74.56% |    0:40.19
      bandwidth/experts | c8:bw=30,experts=[0,6,7]; c1:bw=39,experts=[1,2,3]; c5:bw=43,experts=[0,5,6,7]; c7:bw=48,experts=[2,3,4,5]; c6:bw=19,experts=[0]; c0:bw=52,experts=[3,4,5,6,7]; c3:bw=23,experts=[0,1]; c2:bw=23,experts=[0,1]; c9:bw=38,experts=[0,1,2]; c4:bw=39,experts=[5,6,7]
   73 | 0.01000 |   0.7721 |   73.32% |   74.56% |    0:39.88
      bandwidth/experts | c2:bw=47,experts=[2,3,4,5]; c8:bw=11,experts=[1]; c3:bw=40,experts=[2,3,4,5]; c1:bw=66,experts=[0,1,4,5,6,7]; c5:bw=17,experts=[1]; c9:bw=52,experts=[3,4,5,6,7]; c0:bw=28,experts=[0,1]; c7:bw=37,experts=[0,6,7]; c6:bw=20,experts=[1,2]; c4:bw=41,experts=[0,1,2,3]
   74 | 0.01000 |   0.7353 |   64.45% |   74.56% |    0:39.87
      bandwidth/experts | c3:bw=10,experts=[6]; c0:bw=40,experts=[2,3,4,5]; c1:bw=28,experts=[2,3]; c5:bw=50,experts=[2,3,4,5,6]; c7:bw=65,experts=[1,2,3,4,5,6]; c8:bw=28,experts=[2,3]; c6:bw=10,experts=[3]; c2:bw=10,experts=[6]; c4:bw=47,experts=[4,5,6,7]; c9:bw=32,experts=[0,1,2]
   75 | 0.01000 |   0.7648 |   76.08% |   76.08% |    0:39.80
      bandwidth/experts | c2:bw=40,experts=[0,1,2,7]; c9:bw=61,experts=[0,3,4,5,6,7]; c1:bw=54,experts=[0,4,5,6,7]; c3:bw=20,experts=[0,7]; c7:bw=28,experts=[0,7]; c6:bw=56,experts=[0,4,5,6,7]; c5:bw=31,experts=[0,1,7]; c4:bw=56,experts=[0,1,2,3,4]; c0:bw=60,experts=[0,1,2,3,6,7]; c8:bw=53,experts=[0,4,5,6,7]
   76 | 0.01000 |   0.7441 |   73.46% |   76.08% |    0:39.59
      bandwidth/experts | c8:bw=29,experts=[1,2]; c5:bw=37,experts=[2,3,4]; c0:bw=31,experts=[4,5,6]; c3:bw=15,experts=[1]; c2:bw=25,experts=[3,4]; c6:bw=23,experts=[1,2]; c7:bw=66,experts=[1,2,3,4,5,6]; c4:bw=60,experts=[0,1,2,5,6,7]; c9:bw=57,experts=[1,2,3,4,5]; c1:bw=53,experts=[1,2,3,4,5]
   77 | 0.01000 |   0.7486 |   68.63% |   76.08% |    0:40.17
      bandwidth/experts | c9:bw=29,experts=[6,7]; c2:bw=34,experts=[5,6,7]; c1:bw=62,experts=[0,1,2,3,6,7]; c8:bw=10,experts=[3]; c4:bw=10,experts=[3]; c7:bw=10,experts=[7]; c6:bw=57,experts=[3,4,5,6,7]; c0:bw=63,experts=[0,1,2,3,4,7]; c3:bw=40,experts=[2,3,4,5]; c5:bw=59,experts=[0,1,5,6,7]
   78 | 0.01000 |   0.7454 |   72.74% |   76.08% |    0:39.86
      bandwidth/experts | c0:bw=26,experts=[5,6]; c4:bw=23,experts=[4,5]; c3:bw=38,experts=[0,6,7]; c7:bw=36,experts=[0,1,2]; c8:bw=54,experts=[0,4,5,6,7]; c1:bw=41,experts=[4,5,6,7]; c9:bw=31,experts=[0,1,2]; c6:bw=57,experts=[0,1,2,3,4]; c5:bw=63,experts=[2,3,4,5,6,7]; c2:bw=34,experts=[0,1,2]
   79 | 0.01000 |   0.7533 |   69.72% |   76.08% |    0:40.59
      bandwidth/experts | c6:bw=21,experts=[5,6]; c9:bw=10,experts=[3]; c0:bw=36,experts=[0,1,7]; c4:bw=80,experts=[0,1,2,3,4,5,6,7]; c7:bw=46,experts=[3,4,5,6]; c8:bw=44,experts=[1,2,3,4]; c5:bw=53,experts=[0,1,2,3,4]; c3:bw=26,experts=[1,2]; c1:bw=37,experts=[0,1,2]; c2:bw=33,experts=[3,4,5]
   80 | 0.01000 |   0.7453 |   70.47% |   76.08% |    0:40.22
      bandwidth/experts | c5:bw=65,experts=[0,1,2,5,6,7]; c9:bw=53,experts=[0,4,5,6,7]; c7:bw=48,experts=[0,1,2,7]; c1:bw=31,experts=[3,4,5]; c3:bw=31,experts=[3,4,5]; c4:bw=57,experts=[0,1,2,6,7]; c2:bw=44,experts=[0,1,6,7]; c0:bw=47,experts=[2,3,4,5]; c6:bw=39,experts=[0,1,7]; c8:bw=51,experts=[0,1,5,6,7]
   81 | 0.01000 |   0.7247 |   73.96% |   76.08% |    0:40.26
      bandwidth/experts | c6:bw=51,experts=[2,3,4,5,6]; c2:bw=45,experts=[2,3,4,5]; c3:bw=67,experts=[0,1,2,3,6,7]; c1:bw=49,experts=[0,1,6,7]; c4:bw=42,experts=[3,4,5,6]; c5:bw=30,experts=[3,4,5]; c9:bw=26,experts=[1,2]; c7:bw=58,experts=[3,4,5,6,7]; c8:bw=48,experts=[2,3,4,5]; c0:bw=50,experts=[0,1,2,6,7]
   82 | 0.01000 |   0.7203 |   67.36% |   76.08% |    0:40.22
      bandwidth/experts | c1:bw=64,experts=[2,3,4,5,6,7]; c0:bw=30,experts=[3,4,5]; c6:bw=36,experts=[0,1,7]; c8:bw=58,experts=[0,1,2,6,7]; c7:bw=40,experts=[0,1,2,3]; c3:bw=39,experts=[4,5,6]; c2:bw=30,experts=[0,6,7]; c9:bw=56,experts=[3,4,5,6,7]; c5:bw=40,experts=[0,1,6,7]; c4:bw=30,experts=[0,1,7]
   83 | 0.01000 |   0.7635 |   70.30% |   76.08% |    0:40.28
      bandwidth/experts | c9:bw=51,experts=[0,1,2,3,4]; c4:bw=10,experts=[2]; c2:bw=41,experts=[1,2,3,4]; c7:bw=37,experts=[4,5,6]; c5:bw=10,experts=[2]; c0:bw=10,experts=[6]; c6:bw=53,experts=[2,3,4,5,6]; c1:bw=63,experts=[0,1,2,3,4,5]; c8:bw=39,experts=[3,4,5]; c3:bw=42,experts=[0,1,2,7]
   84 | 0.01000 |   0.7513 |   69.67% |   76.08% |    0:39.97
      bandwidth/experts | c8:bw=67,experts=[0,1,2,3,6,7]; c3:bw=32,experts=[3,4,5]; c1:bw=58,experts=[0,1,2,6,7]; c6:bw=10,experts=[7]; c9:bw=20,experts=[5,6]; c2:bw=36,experts=[5,6,7]; c7:bw=47,experts=[0,1,2,7]; c5:bw=20,experts=[3,4]; c4:bw=27,experts=[3,4]; c0:bw=10,experts=[7]
   85 | 0.01000 |   0.7380 |   72.34% |   76.08% |    0:40.15
      bandwidth/experts | c0:bw=38,experts=[0,1,2]; c2:bw=45,experts=[0,1,2,3]; c8:bw=70,experts=[0,1,2,4,5,6,7]; c6:bw=42,experts=[0,1,2,3]; c1:bw=57,experts=[3,4,5,6,7]; c4:bw=42,experts=[0,5,6,7]; c9:bw=58,experts=[0,1,2,3,7]; c3:bw=51,experts=[0,1,2,6,7]; c5:bw=12,experts=[5]; c7:bw=11,experts=[3]
   86 | 0.01000 |   0.7271 |   66.84% |   76.08% |    0:40.05
      bandwidth/experts | c5:bw=47,experts=[0,1,6,7]; c8:bw=28,experts=[3,4]; c2:bw=24,experts=[4,5]; c6:bw=55,experts=[0,4,5,6,7]; c0:bw=30,experts=[3,4,5]; c4:bw=18,experts=[1]; c7:bw=44,experts=[4,5,6,7]; c3:bw=28,experts=[3,4]; c1:bw=72,experts=[0,1,2,3,4,5,6]; c9:bw=43,experts=[4,5,6,7]
   87 | 0.01000 |   0.7442 |   71.51% |   76.08% |    0:40.19
      bandwidth/experts | c1:bw=29,experts=[0,7]; c2:bw=67,experts=[0,1,2,3,6,7]; c7:bw=22,experts=[0,1]; c5:bw=10,experts=[2]; c6:bw=60,experts=[1,2,3,4,5,6]; c3:bw=68,experts=[0,1,2,5,6,7]; c4:bw=34,experts=[2,3,4]; c9:bw=37,experts=[0,1,2]; c8:bw=46,experts=[0,5,6,7]; c0:bw=35,experts=[0,6,7]
   88 | 0.01000 |   0.7345 |   71.93% |   76.08% |    0:39.85
      bandwidth/experts | c8:bw=43,experts=[1,2,3,4]; c6:bw=27,experts=[0,7]; c3:bw=33,experts=[3,4,5]; c7:bw=41,experts=[2,3,4,5]; c0:bw=62,experts=[1,2,3,4,5,6]; c4:bw=38,experts=[5,6,7]; c9:bw=31,experts=[3,4,5]; c1:bw=28,experts=[1,2]; c5:bw=30,experts=[3,4,5]; c2:bw=46,experts=[4,5,6,7]
   89 | 0.01000 |   0.7227 |   70.00% |   76.08% |    0:39.79
      bandwidth/experts | c3:bw=31,experts=[0,6,7]; c8:bw=74,experts=[0,1,2,3,5,6,7]; c2:bw=44,experts=[0,1,2,3]; c9:bw=60,experts=[0,1,2,3,6,7]; c7:bw=21,experts=[6,7]; c5:bw=46,experts=[0,1,6,7]; c0:bw=13,experts=[7]; c6:bw=32,experts=[1,2,3]; c4:bw=30,experts=[0,1,2]; c1:bw=41,experts=[3,4,5,6]
   90 | 0.01000 |   0.7287 |   70.93% |   76.08% |    0:39.79
      bandwidth/experts | c7:bw=72,experts=[0,1,2,3,4,5,6]; c1:bw=31,experts=[0,1,7]; c3:bw=36,experts=[1,2,3]; c9:bw=63,experts=[0,1,4,5,6,7]; c0:bw=64,experts=[0,1,2,3,4,5]; c6:bw=26,experts=[4,5]; c2:bw=21,experts=[4,5]; c5:bw=27,experts=[2,3]; c8:bw=50,experts=[0,4,5,6,7]; c4:bw=35,experts=[3,4,5]
   91 | 0.01000 |   0.7472 |   73.72% |   76.08% |    0:39.73
      bandwidth/experts | c1:bw=50,experts=[2,3,4,5,6]; c9:bw=35,experts=[2,3,4]; c5:bw=52,experts=[0,4,5,6,7]; c7:bw=51,experts=[0,1,2,3,7]; c3:bw=40,experts=[4,5,6,7]; c4:bw=54,experts=[0,1,2,6,7]; c0:bw=22,experts=[6,7]; c6:bw=29,experts=[6,7]; c2:bw=11,experts=[6]; c8:bw=23,experts=[1,2]
   92 | 0.01000 |   0.7180 |   69.54% |   76.08% |    0:39.55
      bandwidth/experts | c3:bw=28,experts=[0,1]; c7:bw=34,experts=[4,5,6]; c1:bw=20,experts=[0,7]; c0:bw=29,experts=[0,1]; c8:bw=19,experts=[3]; c6:bw=45,experts=[0,1,2,3]; c9:bw=56,experts=[0,1,5,6,7]; c2:bw=25,experts=[0,7]; c5:bw=66,experts=[1,2,3,4,5,6]; c4:bw=26,experts=[3,4]
   93 | 0.01000 |   0.7183 |   72.77% |   76.08% |    0:40.06
      bandwidth/experts | c1:bw=47,experts=[1,2,3,4]; c3:bw=31,experts=[2,3,4]; c7:bw=22,experts=[0,7]; c9:bw=58,experts=[2,3,4,5,6]; c6:bw=22,experts=[4,5]; c8:bw=10,experts=[4]; c5:bw=10,experts=[7]; c4:bw=32,experts=[5,6,7]; c0:bw=19,experts=[2]; c2:bw=51,experts=[1,2,3,4,5]
   94 | 0.01000 |   0.6973 |   70.64% |   76.08% |    0:39.54
      bandwidth/experts | c7:bw=45,experts=[1,2,3,4]; c2:bw=65,experts=[0,1,2,3,6,7]; c5:bw=41,experts=[0,1,2,3]; c4:bw=31,experts=[0,1,2]; c6:bw=30,experts=[0,6,7]; c9:bw=50,experts=[0,1,2,3,7]; c1:bw=70,experts=[0,1,2,3,5,6,7]; c8:bw=10,experts=[5]; c0:bw=55,experts=[3,4,5,6,7]; c3:bw=34,experts=[5,6,7]
   95 | 0.01000 |   0.7217 |   75.60% |   76.08% |    0:39.42
      bandwidth/experts | c7:bw=59,experts=[0,1,5,6,7]; c9:bw=42,experts=[4,5,6,7]; c4:bw=15,experts=[3]; c6:bw=40,experts=[1,2,3,4]; c0:bw=35,experts=[0,1,2]; c3:bw=41,experts=[0,1,2,3]; c1:bw=31,experts=[4,5,6]; c8:bw=76,experts=[0,1,2,3,4,6,7]; c2:bw=23,experts=[4,5]; c5:bw=10,experts=[4]
   96 | 0.01000 |   0.6977 |   72.43% |   76.08% |    0:39.78
      bandwidth/experts | c2:bw=65,experts=[0,1,2,3,6,7]; c9:bw=44,experts=[0,1,2,3]; c3:bw=46,experts=[4,5,6,7]; c1:bw=36,experts=[0,1,7]; c5:bw=60,experts=[0,1,2,5,6,7]; c4:bw=49,experts=[4,5,6,7]; c6:bw=31,experts=[5,6,7]; c7:bw=50,experts=[2,3,4,5,6]; c0:bw=36,experts=[3,4,5]; c8:bw=64,experts=[0,1,2,5,6,7]
   97 | 0.01000 |   0.7158 |   72.03% |   76.08% |    0:40.05
      bandwidth/experts | c0:bw=41,experts=[0,1,6,7]; c9:bw=43,experts=[4,5,6,7]; c8:bw=43,experts=[3,4,5,6]; c4:bw=16,experts=[0]; c7:bw=30,experts=[0,1,7]; c1:bw=50,experts=[2,3,4,5,6]; c3:bw=35,experts=[0,1,2]; c5:bw=46,experts=[3,4,5,6]; c6:bw=50,experts=[0,1,2,3,4]; c2:bw=54,experts=[0,4,5,6,7]
   98 | 0.01000 |   0.6953 |   67.80% |   76.08% |    0:40.17
      bandwidth/experts | c4:bw=52,experts=[1,2,3,4,5]; c8:bw=54,experts=[0,1,2,3,7]; c9:bw=27,experts=[0,1]; c7:bw=24,experts=[2,3]; c6:bw=36,experts=[5,6,7]; c5:bw=49,experts=[0,1,2,7]; c0:bw=33,experts=[2,3,4]; c3:bw=25,experts=[3,4]; c1:bw=26,experts=[0,7]; c2:bw=24,experts=[1,2]
   99 | 0.01000 |   0.7391 |   72.64% |   76.08% |    0:40.22
      bandwidth/experts | c8:bw=34,experts=[4,5,6]; c5:bw=49,experts=[3,4,5,6]; c7:bw=45,experts=[4,5,6,7]; c1:bw=59,experts=[1,2,3,4,5]; c3:bw=38,experts=[5,6,7]; c9:bw=20,experts=[2,3]; c4:bw=24,experts=[6,7]; c0:bw=40,experts=[0,5,6,7]; c2:bw=31,experts=[3,4,5]; c6:bw=35,experts=[0,1,2]
  100 | 0.01000 |   0.6995 |   73.05% |   76.08% |    0:40.08
      bandwidth/experts | c2:bw=30,experts=[0,6,7]; c8:bw=44,experts=[0,1,2,7]; c9:bw=53,experts=[0,4,5,6,7]; c5:bw=18,experts=[7]; c6:bw=44,experts=[3,4,5,6]; c1:bw=17,experts=[6]; c4:bw=65,experts=[0,1,2,3,4,5]; c7:bw=10,experts=[0]; c3:bw=42,experts=[0,1,2,3]; c0:bw=64,experts=[1,2,3,4,5,6]

Done. Best Acc: 76.08% @ round 75
Total time: 1:07:17.13
[Export] 实验目录: /userhome/cs3/duanty/FedMoE/results/exp01-c10-vgg11-e8-fedrolex/20260921-082015
[Export] 每轮明细: /userhome/cs3/duanty/FedMoE/results/exp01-c10-vgg11-e8-fedrolex/20260921-082015/rounds.xlsx
[Export] 总体摘要: /userhome/cs3/duanty/FedMoE/results/exp01-c10-vgg11-e8-fedrolex/20260921-082015/summary.xlsx
[Plot] result = /userhome/cs3/duanty/FedMoE/results/exp01-c10-vgg11-e8-fedrolex/20260921-082015
[Plot] figures -> /userhome/cs3/duanty/FedMoE/results/exp01-c10-vgg11-e8-fedrolex/20260921-082015/figure
  fig01_test_accuracy.pdf
  fig02_train_loss.pdf
  fig03_acc_and_loss.pdf
  fig04_bandwidth_and_k.pdf
  fig05_expert_round_heatmap.pdf
  fig06_client_expert_heatmap.pdf
  fig07_expert_frequency.pdf
  fig08_time_breakdown.pdf
  fig09_accuracy_vs_communication.pdf
  fig10_overview.pdf
[Export] 图片目录: /userhome/cs3/duanty/FedMoE/results/exp01-c10-vgg11-e8-fedrolex/20260921-082015/figure
