========================================
Job    : exp03-c100-resnet-bw10-40-random
Host   : gpu-4090-103
Date   : Wed Sep 23 07:04:06 HKT 2026
GPU    : 0
Python : /userhome/cs3/duanty/miniconda3/envs/moe/bin/python
Command: python -u main.py --method ours --dataset cifar100 --backbone resnet --select random --merge ours --device cuda --num_experts 8 --num_clients 10 --bw_min 10 --bw_max 40 --output_dir ./results/exp03-c100-resnet-bw10-40-random
========================================

==================================================================
 Ours  
  Dataset=cifar100 | beta=0.1 | Backbone=resnet | width_mult=1 | Clients=10 | Experts=8
  Select=random | Merge=ours
  Rounds=100 | LR=0.01
  Bandwidth: expert_bw=10 | bw=[10, 40] | Rayleigh-Shannon, SNR=10 dB | k=floor(bw/10)
==================================================================


[Partition] Dirichlet beta=0.1, 10 clients
  Client 0:   4573 samples | 45/100 classes
  Client 1:   4218 samples | 54/100 classes
  Client 2:   3656 samples | 48/100 classes
  Client 3:   5018 samples | 43/100 classes
  Client 4:   6664 samples | 52/100 classes
  Client 5:   6137 samples | 45/100 classes
  Client 6:   6582 samples | 49/100 classes
  Client 7:   4512 samples | 39/100 classes
  Client 8:   5219 samples | 46/100 classes
  Client 9:   3421 samples | 100/100 classes

[Upload] expert_bw=10 | available bw=[10, 40] | Rayleigh-Shannon, SNR=10 dB | upload k=floor(bw/10), cap=8 | random K experts from bandwidth, then train selected

[Model] Total params: 13,684,576

[Export] 本次实验目录: /userhome/cs3/duanty/FedMoE/results/exp03-c100-resnet-bw10-40-random/20260923-070410

Round |      LR |  AvgLoss |  TestAcc |     Best |  RoundTime
--------------------------------------------------------------------------------
    1 | 0.00208 |   4.2173 |    1.51% |    1.51% |    1:02.71
      bandwidth/experts | c8:bw=31,experts=[3,6,7]; c1:bw=16,experts=[2]; c5:bw=25,experts=[0,3]; c0:bw=10,experts=[7]; c7:bw=11,experts=[5]; c2:bw=16,experts=[3]; c9:bw=25,experts=[0,7]; c4:bw=22,experts=[0,7]; c3:bw=28,experts=[0,1]; c6:bw=23,experts=[0,7]
    2 | 0.00406 |   3.8596 |    2.11% |    2.11% |    1:02.08
      bandwidth/experts | c0:bw=20,experts=[6,7]; c1:bw=23,experts=[2,4]; c8:bw=27,experts=[0,3]; c5:bw=38,experts=[4,6,7]; c3:bw=37,experts=[0,1,2]; c4:bw=17,experts=[0]; c7:bw=31,experts=[0,1,7]; c9:bw=26,experts=[3,7]; c6:bw=10,experts=[3]; c2:bw=12,experts=[7]
    3 | 0.00604 |   3.6778 |    3.05% |    3.05% |    1:02.04
      bandwidth/experts | c9:bw=26,experts=[3,5]; c2:bw=23,experts=[0,6]; c0:bw=28,experts=[5,6]; c6:bw=22,experts=[0,1]; c8:bw=17,experts=[3]; c5:bw=10,experts=[6]; c3:bw=14,experts=[5]; c7:bw=18,experts=[2]; c1:bw=10,experts=[1]; c4:bw=29,experts=[2,7]
    4 | 0.00802 |   3.4321 |    3.54% |    3.54% |    1:02.07
      bandwidth/experts | c1:bw=22,experts=[1,4]; c7:bw=25,experts=[1,3]; c6:bw=29,experts=[3,5]; c2:bw=33,experts=[1,3,5]; c8:bw=17,experts=[1]; c0:bw=33,experts=[2,3,7]; c3:bw=19,experts=[5]; c4:bw=31,experts=[0,2,3]; c5:bw=40,experts=[1,2,4,6]; c9:bw=12,experts=[6]
    5 | 0.01000 |   3.2764 |    5.85% |    5.85% |    1:01.96
      bandwidth/experts | c1:bw=11,experts=[1]; c5:bw=22,experts=[5,6]; c4:bw=27,experts=[2,5]; c8:bw=20,experts=[1,2]; c0:bw=28,experts=[1,6]; c7:bw=14,experts=[6]; c6:bw=29,experts=[1,2]; c3:bw=35,experts=[0,1,6]; c2:bw=10,experts=[1]; c9:bw=35,experts=[0,6,7]
    6 | 0.01000 |   3.3651 |    7.09% |    7.09% |    1:02.09
      bandwidth/experts | c8:bw=37,experts=[1,6,7]; c2:bw=23,experts=[2,6]; c5:bw=15,experts=[4]; c7:bw=32,experts=[1,3,5]; c3:bw=20,experts=[4,7]; c1:bw=18,experts=[1]; c9:bw=27,experts=[0,5]; c0:bw=17,experts=[5]; c4:bw=10,experts=[5]; c6:bw=11,experts=[5]
    7 | 0.01000 |   3.3236 |    7.78% |    7.78% |    1:01.38
      bandwidth/experts | c0:bw=20,experts=[4,7]; c5:bw=27,experts=[0,2]; c2:bw=22,experts=[3,6]; c6:bw=10,experts=[6]; c3:bw=15,experts=[4]; c7:bw=17,experts=[5]; c4:bw=10,experts=[1]; c1:bw=10,experts=[0]; c8:bw=32,experts=[3,4,7]; c9:bw=10,experts=[6]
    8 | 0.01000 |   3.1060 |    8.27% |    8.27% |    1:02.58
      bandwidth/experts | c4:bw=10,experts=[7]; c8:bw=20,experts=[0,1]; c1:bw=32,experts=[2,3,6]; c3:bw=21,experts=[1,6]; c0:bw=18,experts=[6]; c5:bw=16,experts=[2]; c2:bw=30,experts=[2,4,7]; c9:bw=33,experts=[0,1,4]; c7:bw=10,experts=[2]; c6:bw=23,experts=[3,5]
    9 | 0.01000 |   3.0394 |   10.60% |   10.60% |    1:01.61
      bandwidth/experts | c2:bw=12,experts=[2]; c0:bw=29,experts=[0,5]; c4:bw=33,experts=[1,2,4]; c9:bw=15,experts=[5]; c8:bw=10,experts=[1]; c6:bw=17,experts=[2]; c7:bw=25,experts=[4,5]; c5:bw=29,experts=[3,4]; c1:bw=10,experts=[1]; c3:bw=13,experts=[6]
   10 | 0.01000 |   2.8757 |   10.55% |   10.60% |    1:01.27
      bandwidth/experts | c4:bw=20,experts=[3,5]; c2:bw=19,experts=[1]; c7:bw=21,experts=[5,6]; c0:bw=33,experts=[3,6,7]; c6:bw=36,experts=[1,2,5]; c3:bw=26,experts=[4,5]; c5:bw=32,experts=[3,6,7]; c8:bw=20,experts=[1,5]; c9:bw=20,experts=[4,7]; c1:bw=23,experts=[0,1]
   11 | 0.01000 |   2.9458 |   13.04% |   13.04% |    1:01.04
      bandwidth/experts | c5:bw=15,experts=[2]; c2:bw=15,experts=[1]; c7:bw=24,experts=[3,4]; c3:bw=28,experts=[3,7]; c0:bw=16,experts=[2]; c8:bw=22,experts=[2,5]; c9:bw=18,experts=[7]; c6:bw=31,experts=[0,1,2]; c1:bw=22,experts=[1,2]; c4:bw=10,experts=[5]
   12 | 0.01000 |   2.9664 |   11.34% |   13.04% |    1:00.55
      bandwidth/experts | c1:bw=24,experts=[0,7]; c5:bw=31,experts=[2,5,7]; c2:bw=32,experts=[0,2,4]; c4:bw=16,experts=[5]; c3:bw=19,experts=[7]; c7:bw=16,experts=[3]; c9:bw=23,experts=[4,5]; c6:bw=16,experts=[2]; c8:bw=31,experts=[4,6,7]; c0:bw=27,experts=[2,3]
   13 | 0.01000 |   2.7705 |   11.79% |   13.04% |    1:00.98
      bandwidth/experts | c3:bw=17,experts=[6]; c1:bw=26,experts=[1,2]; c4:bw=10,experts=[2]; c5:bw=16,experts=[4]; c8:bw=10,experts=[0]; c6:bw=20,experts=[2,4]; c9:bw=10,experts=[5]; c7:bw=32,experts=[2,4,6]; c0:bw=14,experts=[2]; c2:bw=10,experts=[3]
   14 | 0.01000 |   2.8139 |   12.89% |   13.04% |    1:00.20
      bandwidth/experts | c2:bw=25,experts=[1,5]; c4:bw=10,experts=[3]; c5:bw=36,experts=[3,4,7]; c1:bw=21,experts=[1,7]; c7:bw=14,experts=[5]; c0:bw=14,experts=[1]; c9:bw=18,experts=[7]; c3:bw=25,experts=[4,6]; c8:bw=12,experts=[1]; c6:bw=37,experts=[0,4,6]
   15 | 0.01000 |   2.9594 |   17.37% |   17.37% |    1:00.37
      bandwidth/experts | c7:bw=33,experts=[1,4,7]; c0:bw=11,experts=[0]; c1:bw=10,experts=[0]; c8:bw=29,experts=[1,4]; c3:bw=10,experts=[4]; c2:bw=29,experts=[3,4]; c4:bw=26,experts=[2,7]; c5:bw=10,experts=[5]; c9:bw=11,experts=[2]; c6:bw=18,experts=[5]
   16 | 0.01000 |   2.6042 |   17.17% |   17.37% |    1:00.13
      bandwidth/experts | c6:bw=22,experts=[5,7]; c1:bw=16,experts=[0]; c3:bw=24,experts=[0,5]; c8:bw=27,experts=[6,7]; c7:bw=12,experts=[6]; c5:bw=22,experts=[4,6]; c4:bw=20,experts=[1,5]; c9:bw=13,experts=[0]; c0:bw=32,experts=[5,6,7]; c2:bw=29,experts=[1,5]
   17 | 0.01000 |   2.5378 |   19.86% |   19.86% |    1:00.67
      bandwidth/experts | c4:bw=32,experts=[0,1,3]; c7:bw=14,experts=[6]; c8:bw=10,experts=[6]; c3:bw=29,experts=[3,6]; c5:bw=10,experts=[6]; c1:bw=16,experts=[4]; c0:bw=10,experts=[5]; c2:bw=11,experts=[1]; c9:bw=21,experts=[1,5]; c6:bw=21,experts=[4,7]
   18 | 0.01000 |   2.5775 |   18.10% |   19.86% |    1:00.77
      bandwidth/experts | c1:bw=10,experts=[6]; c8:bw=10,experts=[6]; c5:bw=19,experts=[7]; c2:bw=21,experts=[3,4]; c9:bw=10,experts=[1]; c7:bw=30,experts=[3,4,5]; c4:bw=31,experts=[0,3,7]; c3:bw=21,experts=[1,5]; c0:bw=27,experts=[2,4]; c6:bw=17,experts=[7]
   19 | 0.01000 |   2.5534 |   25.91% |   25.91% |    0:59.87
      bandwidth/experts | c8:bw=31,experts=[0,5,7]; c0:bw=23,experts=[2,4]; c4:bw=28,experts=[1,4]; c1:bw=26,experts=[0,5]; c9:bw=21,experts=[1,4]; c5:bw=16,experts=[7]; c7:bw=12,experts=[3]; c2:bw=10,experts=[1]; c6:bw=36,experts=[1,4,5]; c3:bw=22,experts=[5,7]
   20 | 0.01000 |   2.4218 |   27.34% |   27.34% |    1:01.20
      bandwidth/experts | c0:bw=15,experts=[1]; c2:bw=23,experts=[0,3]; c1:bw=22,experts=[2,5]; c9:bw=10,experts=[4]; c7:bw=24,experts=[2,7]; c6:bw=38,experts=[0,1,5]; c3:bw=10,experts=[2]; c5:bw=10,experts=[5]; c4:bw=33,experts=[0,2,3]; c8:bw=28,experts=[3,7]
   21 | 0.01000 |   2.4354 |   17.49% |   27.34% |    1:01.49
      bandwidth/experts | c1:bw=23,experts=[5,6]; c2:bw=22,experts=[2,4]; c7:bw=10,experts=[2]; c4:bw=26,experts=[2,7]; c8:bw=10,experts=[3]; c5:bw=18,experts=[2]; c0:bw=37,experts=[1,2,7]; c3:bw=10,experts=[5]; c6:bw=10,experts=[0]; c9:bw=14,experts=[4]
   22 | 0.01000 |   2.5364 |   24.16% |   27.34% |    1:00.29
      bandwidth/experts | c7:bw=10,experts=[1]; c9:bw=18,experts=[3]; c1:bw=10,experts=[1]; c6:bw=34,experts=[0,3,7]; c5:bw=10,experts=[0]; c2:bw=37,experts=[1,3,7]; c0:bw=37,experts=[2,3,7]; c4:bw=20,experts=[4,7]; c3:bw=31,experts=[4,5,7]; c8:bw=18,experts=[5]
   23 | 0.01000 |   2.3247 |   25.98% |   27.34% |    1:01.17
      bandwidth/experts | c5:bw=29,experts=[0,6]; c7:bw=10,experts=[1]; c4:bw=31,experts=[0,6,7]; c6:bw=10,experts=[1]; c9:bw=28,experts=[1,4]; c8:bw=19,experts=[4]; c3:bw=10,experts=[0]; c1:bw=34,experts=[0,4,6]; c2:bw=18,experts=[6]; c0:bw=10,experts=[3]
   24 | 0.01000 |   2.3362 |   24.66% |   27.34% |    1:00.04
      bandwidth/experts | c6:bw=17,experts=[0]; c4:bw=10,experts=[5]; c7:bw=10,experts=[5]; c9:bw=28,experts=[0,1]; c2:bw=24,experts=[5,7]; c1:bw=10,experts=[0]; c5:bw=14,experts=[5]; c8:bw=10,experts=[0]; c3:bw=10,experts=[5]; c0:bw=17,experts=[4]
   25 | 0.01000 |   2.3512 |   29.04% |   29.04% |    1:00.16
      bandwidth/experts | c9:bw=22,experts=[1,3]; c6:bw=10,experts=[4]; c4:bw=32,experts=[1,3,4]; c3:bw=10,experts=[0]; c5:bw=35,experts=[0,6,7]; c1:bw=27,experts=[0,3]; c8:bw=30,experts=[3,5,7]; c2:bw=10,experts=[6]; c0:bw=31,experts=[2,3,4]; c7:bw=22,experts=[5,7]
   26 | 0.01000 |   2.2843 |   31.68% |   31.68% |    1:00.60
      bandwidth/experts | c3:bw=25,experts=[0,6]; c6:bw=19,experts=[5]; c9:bw=28,experts=[1,2]; c7:bw=17,experts=[0]; c1:bw=18,experts=[6]; c5:bw=11,experts=[7]; c2:bw=17,experts=[7]; c8:bw=30,experts=[0,3,4]; c0:bw=10,experts=[7]; c4:bw=26,experts=[1,7]
   27 | 0.01000 |   2.1706 |   32.97% |   32.97% |    1:01.35
      bandwidth/experts | c7:bw=29,experts=[3,6]; c1:bw=34,experts=[1,6,7]; c4:bw=10,experts=[3]; c0:bw=20,experts=[2,5]; c9:bw=10,experts=[2]; c2:bw=11,experts=[1]; c8:bw=31,experts=[0,3,4]; c3:bw=12,experts=[7]; c6:bw=35,experts=[2,5,6]; c5:bw=20,experts=[0,3]
   28 | 0.01000 |   2.2101 |   30.17% |   32.97% |    1:00.17
      bandwidth/experts | c6:bw=16,experts=[2]; c9:bw=27,experts=[3,4]; c0:bw=26,experts=[0,7]; c8:bw=16,experts=[3]; c2:bw=10,experts=[7]; c5:bw=18,experts=[5]; c1:bw=14,experts=[6]; c3:bw=10,experts=[3]; c4:bw=10,experts=[2]; c7:bw=10,experts=[3]
   29 | 0.01000 |   2.1912 |   33.14% |   33.14% |    1:00.62
      bandwidth/experts | c4:bw=21,experts=[1,5]; c0:bw=24,experts=[1,2]; c1:bw=18,experts=[2]; c9:bw=24,experts=[3,5]; c6:bw=24,experts=[1,4]; c8:bw=19,experts=[4]; c7:bw=12,experts=[5]; c3:bw=18,experts=[7]; c2:bw=10,experts=[2]; c5:bw=19,experts=[4]
   30 | 0.01000 |   2.1430 |   28.44% |   33.14% |    1:00.02
      bandwidth/experts | c5:bw=34,experts=[1,5,7]; c1:bw=20,experts=[0,3]; c9:bw=30,experts=[3,5,7]; c4:bw=29,experts=[3,4]; c0:bw=10,experts=[4]; c8:bw=23,experts=[2,6]; c6:bw=10,experts=[7]; c7:bw=10,experts=[3]; c3:bw=33,experts=[0,2,5]; c2:bw=15,experts=[1]
   31 | 0.01000 |   2.0891 |   40.66% |   40.66% |    1:00.28
      bandwidth/experts | c6:bw=16,experts=[1]; c4:bw=11,experts=[1]; c9:bw=25,experts=[4,7]; c1:bw=17,experts=[6]; c5:bw=34,experts=[1,4,7]; c8:bw=18,experts=[5]; c3:bw=13,experts=[7]; c2:bw=10,experts=[1]; c0:bw=26,experts=[2,5]; c7:bw=35,experts=[0,1,6]
   32 | 0.01000 |   2.0992 |   31.40% |   40.66% |    0:59.88
      bandwidth/experts | c8:bw=12,experts=[1]; c5:bw=20,experts=[0,5]; c4:bw=27,experts=[0,2]; c7:bw=26,experts=[3,6]; c0:bw=25,experts=[0,2]; c1:bw=12,experts=[5]; c3:bw=16,experts=[2]; c6:bw=15,experts=[2]; c2:bw=30,experts=[2,5,6]; c9:bw=17,experts=[2]
   33 | 0.01000 |   2.0671 |   37.68% |   40.66% |    1:00.49
      bandwidth/experts | c7:bw=29,experts=[5,6]; c1:bw=19,experts=[6]; c3:bw=39,experts=[1,5,7]; c6:bw=20,experts=[0,2]; c5:bw=16,experts=[2]; c9:bw=23,experts=[2,6]; c2:bw=13,experts=[2]; c8:bw=28,experts=[4,6]; c4:bw=25,experts=[2,6]; c0:bw=35,experts=[1,3,4]
   34 | 0.01000 |   2.0255 |   38.03% |   40.66% |    1:00.66
      bandwidth/experts | c4:bw=26,experts=[0,6]; c1:bw=26,experts=[2,3]; c6:bw=27,experts=[3,5]; c9:bw=38,experts=[2,3,5]; c8:bw=23,experts=[0,7]; c0:bw=12,experts=[2]; c5:bw=33,experts=[1,3,7]; c7:bw=18,experts=[2]; c3:bw=40,experts=[2,3,6,7]; c2:bw=30,experts=[1,5,6]
   35 | 0.01000 |   2.0129 |   32.72% |   40.66% |    1:01.00
      bandwidth/experts | c4:bw=18,experts=[7]; c0:bw=11,experts=[5]; c1:bw=17,experts=[3]; c6:bw=24,experts=[5,7]; c2:bw=25,experts=[0,2]; c8:bw=28,experts=[0,5]; c9:bw=15,experts=[6]; c7:bw=27,experts=[6,7]; c5:bw=23,experts=[6,7]; c3:bw=13,experts=[2]
   36 | 0.01000 |   1.9942 |   34.96% |   40.66% |    1:00.61
      bandwidth/experts | c9:bw=21,experts=[1,3]; c0:bw=20,experts=[0,3]; c3:bw=33,experts=[2,3,4]; c7:bw=15,experts=[7]; c6:bw=24,experts=[0,6]; c5:bw=27,experts=[1,5]; c1:bw=10,experts=[0]; c4:bw=40,experts=[0,2,4,6]; c8:bw=28,experts=[0,2]; c2:bw=28,experts=[1,6]
   37 | 0.01000 |   1.9819 |   34.40% |   40.66% |    1:01.14
      bandwidth/experts | c1:bw=10,experts=[0]; c5:bw=22,experts=[0,5]; c2:bw=20,experts=[2,3]; c6:bw=36,experts=[3,4,7]; c4:bw=22,experts=[0,1]; c7:bw=23,experts=[3,6]; c9:bw=22,experts=[4,5]; c0:bw=30,experts=[2,3,7]; c3:bw=20,experts=[1,6]; c8:bw=10,experts=[0]
   38 | 0.01000 |   1.9887 |   43.17% |   43.17% |    0:59.90
      bandwidth/experts | c8:bw=25,experts=[1,6]; c6:bw=10,experts=[5]; c4:bw=29,experts=[3,6]; c1:bw=17,experts=[2]; c5:bw=10,experts=[6]; c2:bw=10,experts=[4]; c3:bw=21,experts=[2,7]; c7:bw=28,experts=[6,7]; c9:bw=14,experts=[0]; c0:bw=22,experts=[2,6]
   39 | 0.01000 |   1.9340 |   40.20% |   43.17% |    1:00.40
      bandwidth/experts | c3:bw=14,experts=[3]; c0:bw=10,experts=[3]; c1:bw=25,experts=[3,6]; c7:bw=22,experts=[4,5]; c6:bw=17,experts=[1]; c8:bw=25,experts=[2,4]; c2:bw=20,experts=[1,3]; c4:bw=20,experts=[2,3]; c9:bw=13,experts=[6]; c5:bw=40,experts=[2,5,6,7]
   40 | 0.01000 |   1.9776 |   29.40% |   43.17% |    1:01.02
      bandwidth/experts | c8:bw=14,experts=[0]; c1:bw=23,experts=[2,4]; c5:bw=18,experts=[6]; c6:bw=26,experts=[2,5]; c2:bw=36,experts=[4,5,7]; c7:bw=37,experts=[0,2,3]; c3:bw=10,experts=[7]; c4:bw=11,experts=[2]; c9:bw=22,experts=[3,7]; c0:bw=20,experts=[3,7]
   41 | 0.01000 |   1.9645 |   25.41% |   43.17% |    1:02.13
      bandwidth/experts | c2:bw=30,experts=[3,4,5]; c6:bw=10,experts=[3]; c8:bw=31,experts=[2,3,7]; c1:bw=10,experts=[7]; c4:bw=28,experts=[2,7]; c5:bw=34,experts=[3,5,6]; c7:bw=38,experts=[0,1,4]; c3:bw=22,experts=[0,2]; c9:bw=30,experts=[2,6,7]; c0:bw=10,experts=[2]
   42 | 0.01000 |   2.1219 |   37.55% |   43.17% |    0:59.86
      bandwidth/experts | c5:bw=28,experts=[3,7]; c1:bw=27,experts=[4,7]; c3:bw=27,experts=[0,1]; c9:bw=28,experts=[3,6]; c6:bw=19,experts=[3]; c0:bw=10,experts=[3]; c7:bw=11,experts=[4]; c4:bw=30,experts=[1,5,6]; c8:bw=23,experts=[3,7]; c2:bw=22,experts=[2,4]
   43 | 0.01000 |   2.0212 |   38.03% |   43.17% |    0:59.91
      bandwidth/experts | c5:bw=29,experts=[6,7]; c1:bw=32,experts=[3,5,7]; c2:bw=28,experts=[3,4]; c8:bw=25,experts=[0,5]; c9:bw=18,experts=[1]; c7:bw=12,experts=[7]; c4:bw=19,experts=[7]; c6:bw=10,experts=[6]; c3:bw=36,experts=[1,2,4]; c0:bw=12,experts=[4]
   44 | 0.01000 |   1.9978 |   32.47% |   43.17% |    1:00.14
      bandwidth/experts | c0:bw=37,experts=[0,5,6]; c3:bw=26,experts=[3,4]; c4:bw=16,experts=[1]; c2:bw=20,experts=[0,5]; c7:bw=40,experts=[0,2,3,6]; c5:bw=13,experts=[2]; c6:bw=11,experts=[4]; c9:bw=21,experts=[3,5]; c8:bw=19,experts=[2]; c1:bw=25,experts=[2,5]
   45 | 0.01000 |   2.0714 |   32.61% |   43.17% |    0:59.83
      bandwidth/experts | c8:bw=31,experts=[0,2,3]; c0:bw=20,experts=[3,6]; c3:bw=37,experts=[0,4,5]; c4:bw=36,experts=[0,4,5]; c7:bw=20,experts=[0,5]; c2:bw=27,experts=[1,4]; c9:bw=14,experts=[6]; c6:bw=10,experts=[0]; c5:bw=25,experts=[1,4]; c1:bw=31,experts=[0,2,3]
   46 | 0.01000 |   2.0358 |   39.37% |   43.17% |    1:00.03
      bandwidth/experts | c9:bw=20,experts=[5,6]; c3:bw=15,experts=[5]; c6:bw=21,experts=[5,6]; c1:bw=23,experts=[5,7]; c4:bw=35,experts=[3,4,6]; c5:bw=23,experts=[0,5]; c2:bw=32,experts=[1,2,5]; c8:bw=22,experts=[3,6]; c0:bw=30,experts=[1,5,6]; c7:bw=16,experts=[0]
   47 | 0.01000 |   1.9561 |   44.75% |   44.75% |    0:59.75
      bandwidth/experts | c5:bw=29,experts=[2,3]; c6:bw=12,experts=[1]; c7:bw=29,experts=[0,7]; c9:bw=10,experts=[7]; c8:bw=22,experts=[5,7]; c3:bw=39,experts=[0,2,4]; c4:bw=10,experts=[1]; c0:bw=25,experts=[4,7]; c1:bw=17,experts=[0]; c2:bw=30,experts=[1,2,7]
   48 | 0.01000 |   1.9166 |   41.57% |   44.75% |    0:59.86
      bandwidth/experts | c1:bw=28,experts=[4,7]; c8:bw=28,experts=[1,3]; c4:bw=37,experts=[0,2,6]; c2:bw=31,experts=[0,3,7]; c9:bw=29,experts=[4,5]; c6:bw=25,experts=[0,4]; c5:bw=31,experts=[3,4,6]; c7:bw=35,experts=[0,5,6]; c0:bw=10,experts=[5]; c3:bw=10,experts=[1]
   49 | 0.01000 |   1.9070 |   29.35% |   44.75% |    1:00.10
      bandwidth/experts | c4:bw=27,experts=[0,4]; c3:bw=18,experts=[0]; c8:bw=15,experts=[4]; c0:bw=11,experts=[1]; c2:bw=32,experts=[2,3,5]; c5:bw=31,experts=[4,5,6]; c6:bw=10,experts=[3]; c7:bw=24,experts=[0,5]; c9:bw=29,experts=[2,7]; c1:bw=30,experts=[2,5,7]
   50 | 0.01000 |   1.9736 |   48.42% |   48.42% |    0:59.87
      bandwidth/experts | c8:bw=18,experts=[4]; c4:bw=10,experts=[0]; c7:bw=19,experts=[5]; c6:bw=38,experts=[1,2,7]; c2:bw=35,experts=[0,1,3]; c1:bw=36,experts=[0,1,7]; c3:bw=22,experts=[0,3]; c0:bw=16,experts=[1]; c9:bw=15,experts=[4]; c5:bw=17,experts=[3]
   51 | 0.01000 |   1.8994 |   49.89% |   49.89% |    0:59.92
      bandwidth/experts | c5:bw=26,experts=[2,5]; c0:bw=30,experts=[0,2,3]; c1:bw=12,experts=[4]; c2:bw=11,experts=[7]; c8:bw=26,experts=[2,4]; c6:bw=29,experts=[3,7]; c9:bw=10,experts=[2]; c3:bw=31,experts=[5,6,7]; c4:bw=10,experts=[3]; c7:bw=15,experts=[3]
   52 | 0.01000 |   1.8585 |   45.18% |   49.89% |    0:59.83
      bandwidth/experts | c0:bw=26,experts=[1,3]; c8:bw=10,experts=[7]; c5:bw=13,experts=[0]; c7:bw=19,experts=[2]; c1:bw=22,experts=[1,7]; c4:bw=18,experts=[5]; c9:bw=17,experts=[4]; c6:bw=28,experts=[2,5]; c2:bw=16,experts=[2]; c3:bw=24,experts=[6,7]
   53 | 0.01000 |   1.8567 |   46.23% |   49.89% |    0:59.87
      bandwidth/experts | c8:bw=12,experts=[2]; c4:bw=16,experts=[6]; c5:bw=24,experts=[1,5]; c1:bw=33,experts=[1,3,4]; c3:bw=26,experts=[1,4]; c9:bw=34,experts=[4,6,7]; c6:bw=20,experts=[2,7]; c7:bw=24,experts=[2,5]; c0:bw=21,experts=[2,5]; c2:bw=29,experts=[0,3]
   54 | 0.01000 |   1.8618 |   38.66% |   49.89% |    1:00.12
      bandwidth/experts | c2:bw=10,experts=[0]; c1:bw=29,experts=[0,1]; c8:bw=31,experts=[0,2,6]; c7:bw=34,experts=[2,3,5]; c3:bw=17,experts=[5]; c0:bw=20,experts=[0,5]; c6:bw=30,experts=[2,3,5]; c5:bw=10,experts=[6]; c9:bw=28,experts=[3,5]; c4:bw=18,experts=[5]
   55 | 0.01000 |   1.8768 |   49.67% |   49.89% |    0:59.87
      bandwidth/experts | c7:bw=30,experts=[3,4,7]; c2:bw=23,experts=[5,7]; c4:bw=10,experts=[1]; c3:bw=29,experts=[2,3]; c8:bw=10,experts=[1]; c5:bw=29,experts=[0,1]; c1:bw=33,experts=[2,5,6]; c6:bw=23,experts=[1,3]; c0:bw=15,experts=[4]; c9:bw=34,experts=[0,2,4]
   56 | 0.01000 |   1.7957 |   50.60% |   50.60% |    1:00.06
      bandwidth/experts | c9:bw=29,experts=[1,5]; c1:bw=31,experts=[2,6,7]; c3:bw=10,experts=[4]; c2:bw=29,experts=[5,6]; c5:bw=17,experts=[6]; c4:bw=10,experts=[7]; c8:bw=10,experts=[1]; c7:bw=10,experts=[2]; c6:bw=13,experts=[3]; c0:bw=39,experts=[0,1,6]
   57 | 0.01000 |   1.7831 |   49.81% |   50.60% |    1:00.00
      bandwidth/experts | c3:bw=35,experts=[0,1,5]; c8:bw=24,experts=[1,5]; c6:bw=27,experts=[2,5]; c1:bw=27,experts=[2,5]; c7:bw=38,experts=[2,3,4]; c0:bw=39,experts=[2,6,7]; c5:bw=24,experts=[2,7]; c4:bw=23,experts=[1,4]; c2:bw=18,experts=[4]; c9:bw=11,experts=[6]
   58 | 0.01000 |   1.7623 |   34.86% |   50.60% |    1:00.07
      bandwidth/experts | c7:bw=13,experts=[1]; c2:bw=10,experts=[3]; c9:bw=32,experts=[0,3,4]; c6:bw=30,experts=[0,3,4]; c5:bw=19,experts=[3]; c1:bw=17,experts=[4]; c8:bw=22,experts=[2,7]; c4:bw=21,experts=[0,4]; c3:bw=34,experts=[2,4,5]; c0:bw=26,experts=[0,2]
   59 | 0.01000 |   1.8892 |   36.16% |   50.60% |    1:00.25
      bandwidth/experts | c2:bw=20,experts=[3,6]; c8:bw=31,experts=[0,4,6]; c9:bw=15,experts=[4]; c6:bw=11,experts=[1]; c1:bw=36,experts=[0,2,7]; c4:bw=14,experts=[2]; c7:bw=15,experts=[3]; c5:bw=18,experts=[4]; c0:bw=29,experts=[2,4]; c3:bw=20,experts=[3,6]
   60 | 0.01000 |   1.8707 |   46.46% |   50.60% |    1:00.19
      bandwidth/experts | c0:bw=29,experts=[1,2]; c7:bw=26,experts=[2,5]; c4:bw=17,experts=[5]; c2:bw=17,experts=[4]; c5:bw=18,experts=[7]; c8:bw=14,experts=[1]; c6:bw=33,experts=[0,4,7]; c9:bw=10,experts=[0]; c1:bw=30,experts=[2,6,7]; c3:bw=24,experts=[2,4]
   61 | 0.01000 |   1.7981 |   47.02% |   50.60% |    1:00.32
      bandwidth/experts | c5:bw=27,experts=[3,6]; c6:bw=21,experts=[5,6]; c2:bw=16,experts=[4]; c9:bw=21,experts=[4,7]; c1:bw=19,experts=[4]; c3:bw=24,experts=[2,7]; c8:bw=31,experts=[3,4,5]; c4:bw=21,experts=[3,4]; c7:bw=24,experts=[1,2]; c0:bw=33,experts=[1,2,7]
   62 | 0.01000 |   1.7771 |   47.84% |   50.60% |    1:00.22
      bandwidth/experts | c8:bw=10,experts=[1]; c6:bw=35,experts=[0,2,3]; c9:bw=10,experts=[4]; c4:bw=33,experts=[4,5,6]; c5:bw=37,experts=[5,6,7]; c0:bw=16,experts=[4]; c3:bw=29,experts=[1,6]; c2:bw=23,experts=[5,7]; c1:bw=40,experts=[0,3,5,6]; c7:bw=25,experts=[5,7]
   63 | 0.01000 |   1.7761 |   38.48% |   50.60% |    1:00.42
      bandwidth/experts | c5:bw=10,experts=[0]; c9:bw=12,experts=[2]; c6:bw=19,experts=[5]; c3:bw=29,experts=[0,7]; c8:bw=18,experts=[3]; c1:bw=28,experts=[0,4]; c7:bw=38,experts=[3,4,6]; c0:bw=23,experts=[2,3]; c2:bw=15,experts=[1]; c4:bw=29,experts=[4,6]
   64 | 0.01000 |   1.7997 |   49.62% |   50.60% |    1:00.51
      bandwidth/experts | c6:bw=28,experts=[4,7]; c4:bw=21,experts=[4,7]; c5:bw=13,experts=[1]; c3:bw=21,experts=[1,3]; c7:bw=19,experts=[3]; c0:bw=18,experts=[5]; c8:bw=30,experts=[2,4,6]; c9:bw=33,experts=[0,1,5]; c2:bw=31,experts=[1,2,4]; c1:bw=16,experts=[3]
   65 | 0.01000 |   1.7153 |   52.68% |   52.68% |    1:00.38
      bandwidth/experts | c7:bw=10,experts=[6]; c5:bw=16,experts=[6]; c4:bw=32,experts=[0,1,7]; c6:bw=28,experts=[0,5]; c8:bw=37,experts=[0,2,6]; c3:bw=24,experts=[3,7]; c0:bw=23,experts=[0,6]; c2:bw=16,experts=[4]; c1:bw=32,experts=[0,1,7]; c9:bw=26,experts=[1,4]
   66 | 0.01000 |   1.6610 |   55.01% |   55.01% |    1:00.26
      bandwidth/experts | c2:bw=23,experts=[2,5]; c5:bw=10,experts=[0]; c1:bw=30,experts=[0,2,3]; c8:bw=13,experts=[1]; c9:bw=17,experts=[1]; c6:bw=16,experts=[1]; c4:bw=23,experts=[0,2]; c0:bw=21,experts=[4,7]; c3:bw=37,experts=[1,2,3]; c7:bw=28,experts=[1,5]
   67 | 0.01000 |   1.6713 |   53.37% |   55.01% |    1:00.31
      bandwidth/experts | c4:bw=28,experts=[1,3]; c5:bw=27,experts=[3,5]; c1:bw=20,experts=[3,7]; c3:bw=14,experts=[0]; c6:bw=29,experts=[1,6]; c0:bw=18,experts=[0]; c2:bw=24,experts=[0,6]; c9:bw=33,experts=[0,1,3]; c7:bw=33,experts=[4,5,7]; c8:bw=10,experts=[5]
   68 | 0.01000 |   1.6741 |   45.34% |   55.01% |    1:00.17
      bandwidth/experts | c1:bw=23,experts=[3,5]; c8:bw=17,experts=[6]; c2:bw=32,experts=[1,3,4]; c0:bw=17,experts=[6]; c3:bw=14,experts=[7]; c4:bw=27,experts=[5,7]; c5:bw=25,experts=[1,2]; c9:bw=10,experts=[5]; c7:bw=15,experts=[2]; c6:bw=18,experts=[2]
   69 | 0.01000 |   1.7198 |   40.98% |   55.01% |    1:00.32
      bandwidth/experts | c3:bw=23,experts=[2,7]; c7:bw=32,experts=[3,4,7]; c1:bw=17,experts=[6]; c4:bw=23,experts=[1,4]; c9:bw=20,experts=[2,3]; c5:bw=22,experts=[4,5]; c0:bw=29,experts=[0,5]; c2:bw=37,experts=[2,6,7]; c8:bw=23,experts=[3,6]; c6:bw=15,experts=[7]
   70 | 0.01000 |   1.7786 |   52.71% |   55.01% |    0:59.95
      bandwidth/experts | c1:bw=13,experts=[4]; c9:bw=10,experts=[0]; c7:bw=16,experts=[1]; c3:bw=18,experts=[7]; c0:bw=17,experts=[7]; c6:bw=14,experts=[5]; c2:bw=31,experts=[0,5,7]; c4:bw=32,experts=[1,2,4]; c5:bw=13,experts=[0]; c8:bw=27,experts=[5,7]
   71 | 0.01000 |   1.7227 |   54.57% |   55.01% |    1:00.30
      bandwidth/experts | c4:bw=24,experts=[5,7]; c0:bw=10,experts=[6]; c1:bw=29,experts=[3,6]; c9:bw=22,experts=[6,7]; c7:bw=11,experts=[7]; c5:bw=19,experts=[5]; c3:bw=34,experts=[3,5,7]; c6:bw=28,experts=[0,4]; c8:bw=21,experts=[2,5]; c2:bw=34,experts=[3,6,7]
   72 | 0.01000 |   1.7118 |   53.96% |   55.01% |    1:00.17
      bandwidth/experts | c8:bw=16,experts=[5]; c1:bw=22,experts=[2,6]; c5:bw=24,experts=[0,7]; c7:bw=27,experts=[3,4]; c6:bw=11,experts=[2]; c0:bw=29,experts=[3,5]; c3:bw=13,experts=[3]; c2:bw=13,experts=[7]; c9:bw=21,experts=[3,5]; c4:bw=22,experts=[5,6]
   73 | 0.01000 |   1.6758 |   54.53% |   55.01% |    1:00.09
      bandwidth/experts | c2:bw=26,experts=[0,6]; c8:bw=10,experts=[2]; c3:bw=22,experts=[1,4]; c1:bw=37,experts=[4,5,7]; c5:bw=10,experts=[0]; c9:bw=29,experts=[2,6]; c0:bw=16,experts=[1]; c7:bw=20,experts=[3,5]; c6:bw=11,experts=[7]; c4:bw=23,experts=[1,6]
   74 | 0.01000 |   1.6551 |   54.33% |   55.01% |    1:00.16
      bandwidth/experts | c3:bw=10,experts=[6]; c0:bw=22,experts=[1,2]; c1:bw=15,experts=[3]; c5:bw=28,experts=[1,5]; c7:bw=36,experts=[1,2,7]; c8:bw=16,experts=[4]; c6:bw=10,experts=[2]; c2:bw=10,experts=[5]; c4:bw=26,experts=[3,7]; c9:bw=18,experts=[6]
   75 | 0.01000 |   1.6618 |   42.68% |   55.01% |    1:00.23
      bandwidth/experts | c2:bw=22,experts=[2,5]; c9:bw=34,experts=[4,5,7]; c1:bw=30,experts=[3,4,6]; c3:bw=11,experts=[6]; c7:bw=16,experts=[0]; c6:bw=31,experts=[0,3,5]; c5:bw=17,experts=[2]; c4:bw=31,experts=[1,3,4]; c0:bw=34,experts=[3,5,6]; c8:bw=30,experts=[5,6,7]
   76 | 0.01000 |   1.7467 |   52.50% |   55.01% |    1:00.07
      bandwidth/experts | c8:bw=16,experts=[7]; c5:bw=21,experts=[6,7]; c0:bw=17,experts=[6]; c3:bw=10,experts=[6]; c2:bw=14,experts=[0]; c6:bw=13,experts=[5]; c7:bw=37,experts=[3,5,6]; c4:bw=34,experts=[1,2,7]; c9:bw=32,experts=[1,5,7]; c1:bw=30,experts=[0,4,5]
   77 | 0.01000 |   1.6526 |   53.20% |   55.01% |    1:00.01
      bandwidth/experts | c9:bw=16,experts=[2]; c2:bw=19,experts=[3]; c1:bw=35,experts=[2,4,7]; c8:bw=10,experts=[2]; c4:bw=10,experts=[3]; c7:bw=10,experts=[1]; c6:bw=32,experts=[0,5,6]; c0:bw=35,experts=[0,3,6]; c3:bw=22,experts=[6,7]; c5:bw=33,experts=[1,2,5]
   78 | 0.01000 |   1.6593 |   41.48% |   55.01% |    1:00.37
      bandwidth/experts | c0:bw=15,experts=[3]; c4:bw=13,experts=[2]; c3:bw=21,experts=[0,5]; c7:bw=20,experts=[1,4]; c8:bw=30,experts=[0,6,7]; c1:bw=23,experts=[5,7]; c9:bw=17,experts=[2]; c6:bw=32,experts=[0,2,7]; c5:bw=35,experts=[0,6,7]; c2:bw=19,experts=[6]
   79 | 0.01000 |   1.7207 |   49.40% |   55.01% |    1:00.11
      bandwidth/experts | c6:bw=12,experts=[5]; c9:bw=10,experts=[4]; c0:bw=20,experts=[6,7]; c4:bw=40,experts=[1,3,4,6]; c7:bw=25,experts=[0,4]; c8:bw=25,experts=[4,7]; c5:bw=29,experts=[0,3]; c3:bw=15,experts=[0]; c1:bw=21,experts=[0,1]; c2:bw=18,experts=[5]
   80 | 0.01000 |   1.6576 |   51.99% |   55.01% |    1:00.08
      bandwidth/experts | c5:bw=36,experts=[4,6,7]; c9:bw=29,experts=[4,6]; c7:bw=26,experts=[3,4]; c1:bw=17,experts=[4]; c3:bw=17,experts=[4]; c4:bw=32,experts=[0,4,6]; c2:bw=24,experts=[3,7]; c0:bw=26,experts=[0,7]; c6:bw=22,experts=[1,4]; c8:bw=28,experts=[1,2]
   81 | 0.01000 |   1.6076 |   58.63% |   58.63% |    1:00.26
      bandwidth/experts | c6:bw=29,experts=[1,6]; c2:bw=25,experts=[4,5]; c3:bw=37,experts=[0,1,5]; c1:bw=27,experts=[2,6]; c4:bw=23,experts=[3,6]; c5:bw=17,experts=[3]; c9:bw=15,experts=[0]; c7:bw=32,experts=[1,2,4]; c8:bw=26,experts=[1,7]; c0:bw=28,experts=[1,4]
   82 | 0.01000 |   1.5826 |   56.98% |   58.63% |    1:00.44
      bandwidth/experts | c1:bw=36,experts=[0,5,7]; c0:bw=17,experts=[2]; c6:bw=20,experts=[0,7]; c8:bw=32,experts=[1,2,3]; c7:bw=22,experts=[1,5]; c3:bw=22,experts=[0,6]; c2:bw=16,experts=[7]; c9:bw=31,experts=[2,3,7]; c5:bw=22,experts=[1,4]; c4:bw=16,experts=[0]
   83 | 0.01000 |   1.5809 |   52.21% |   58.63% |    1:00.47
      bandwidth/experts | c9:bw=29,experts=[2,6]; c4:bw=10,experts=[2]; c2:bw=23,experts=[3,4]; c7:bw=21,experts=[1,4]; c5:bw=10,experts=[2]; c0:bw=10,experts=[6]; c6:bw=29,experts=[6,7]; c1:bw=35,experts=[0,6,7]; c8:bw=22,experts=[4,6]; c3:bw=24,experts=[1,3]
   84 | 0.01000 |   1.5791 |   57.92% |   58.63% |    1:00.46
      bandwidth/experts | c8:bw=37,experts=[1,2,3]; c3:bw=18,experts=[6]; c1:bw=32,experts=[2,5,6]; c6:bw=10,experts=[4]; c9:bw=11,experts=[1]; c2:bw=20,experts=[1,6]; c7:bw=26,experts=[0,1]; c5:bw=11,experts=[6]; c4:bw=15,experts=[3]; c0:bw=10,experts=[0]
   85 | 0.01000 |   1.5369 |   58.53% |   58.63% |    1:00.57
      bandwidth/experts | c0:bw=21,experts=[1,3]; c2:bw=25,experts=[1,2]; c8:bw=39,experts=[2,4,7]; c6:bw=23,experts=[0,6]; c1:bw=31,experts=[0,1,2]; c4:bw=23,experts=[0,4]; c9:bw=32,experts=[2,3,4]; c3:bw=28,experts=[1,2]; c5:bw=10,experts=[1]; c7:bw=10,experts=[4]
   86 | 0.01000 |   1.5499 |   57.94% |   58.63% |    1:00.52
      bandwidth/experts | c5:bw=26,experts=[1,7]; c8:bw=15,experts=[1]; c2:bw=13,experts=[4]; c6:bw=31,experts=[2,4,6]; c0:bw=17,experts=[1]; c4:bw=10,experts=[4]; c7:bw=24,experts=[0,3]; c3:bw=15,experts=[0]; c1:bw=40,experts=[0,1,4,7]; c9:bw=24,experts=[0,2]
   87 | 0.01000 |   1.5373 |   52.13% |   58.63% |    1:00.46
      bandwidth/experts | c1:bw=16,experts=[2]; c2:bw=37,experts=[0,5,7]; c7:bw=12,experts=[1]; c5:bw=10,experts=[7]; c6:bw=33,experts=[2,5,7]; c3:bw=38,experts=[1,3,7]; c4:bw=19,experts=[5]; c9:bw=21,experts=[0,7]; c8:bw=26,experts=[0,4]; c0:bw=19,experts=[2]
   88 | 0.01000 |   1.5562 |   55.57% |   58.63% |    1:00.54
      bandwidth/experts | c8:bw=24,experts=[1,6]; c6:bw=15,experts=[7]; c3:bw=18,experts=[5]; c7:bw=23,experts=[0,7]; c0:bw=34,experts=[4,6,7]; c4:bw=21,experts=[2,5]; c9:bw=17,experts=[0]; c1:bw=16,experts=[4]; c5:bw=17,experts=[1]; c2:bw=25,experts=[1,4]
   89 | 0.01000 |   1.5497 |   54.80% |   58.63% |    1:00.61
      bandwidth/experts | c3:bw=17,experts=[5]; c8:bw=40,experts=[1,2,4,7]; c2:bw=25,experts=[5,7]; c9:bw=34,experts=[0,1,6]; c7:bw=12,experts=[6]; c5:bw=25,experts=[5,6]; c0:bw=10,experts=[0]; c6:bw=18,experts=[0]; c4:bw=17,experts=[7]; c1:bw=23,experts=[3,5]
   90 | 0.01000 |   1.5388 |   51.18% |   58.63% |    1:00.75
      bandwidth/experts | c7:bw=40,experts=[0,2,3,4]; c1:bw=17,experts=[2]; c3:bw=20,experts=[1,2]; c9:bw=35,experts=[0,6,7]; c0:bw=35,experts=[0,2,3]; c6:bw=14,experts=[5]; c2:bw=12,experts=[3]; c5:bw=15,experts=[1]; c8:bw=28,experts=[4,7]; c4:bw=20,experts=[2,6]
   91 | 0.01000 |   1.5777 |   56.36% |   58.63% |    1:00.69
      bandwidth/experts | c1:bw=28,experts=[6,7]; c9:bw=19,experts=[5]; c5:bw=29,experts=[1,2]; c7:bw=29,experts=[1,4]; c3:bw=22,experts=[2,3]; c4:bw=30,experts=[2,5,6]; c0:bw=12,experts=[7]; c6:bw=16,experts=[6]; c2:bw=10,experts=[0]; c8:bw=13,experts=[6]
   92 | 0.01000 |   1.5652 |   54.13% |   58.63% |    1:00.51
      bandwidth/experts | c3:bw=16,experts=[1]; c7:bw=19,experts=[6]; c1:bw=11,experts=[6]; c0:bw=16,experts=[7]; c8:bw=11,experts=[4]; c6:bw=25,experts=[3,7]; c9:bw=31,experts=[3,4,6]; c2:bw=14,experts=[5]; c5:bw=37,experts=[0,3,4]; c4:bw=15,experts=[1]
   93 | 0.01000 |   1.5704 |   50.84% |   58.63% |    1:00.34
      bandwidth/experts | c1:bw=26,experts=[2,6]; c3:bw=17,experts=[5]; c7:bw=12,experts=[5]; c9:bw=32,experts=[2,3,6]; c6:bw=12,experts=[5]; c8:bw=10,experts=[6]; c5:bw=10,experts=[6]; c4:bw=18,experts=[1]; c0:bw=10,experts=[7]; c2:bw=28,experts=[3,7]
   94 | 0.01000 |   1.5643 |   58.55% |   58.63% |    1:00.19
      bandwidth/experts | c7:bw=25,experts=[2,5]; c2:bw=36,experts=[2,5,6]; c5:bw=23,experts=[1,5]; c4:bw=17,experts=[0]; c6:bw=17,experts=[0]; c9:bw=28,experts=[0,4]; c1:bw=39,experts=[1,5,7]; c8:bw=10,experts=[1]; c0:bw=31,experts=[0,5,7]; c3:bw=19,experts=[4]
   95 | 0.01000 |   1.5036 |   58.47% |   58.63% |    1:00.26
      bandwidth/experts | c7:bw=33,experts=[1,2,4]; c9:bw=23,experts=[1,7]; c4:bw=10,experts=[4]; c6:bw=22,experts=[3,7]; c0:bw=19,experts=[3]; c3:bw=23,experts=[0,1]; c1:bw=17,experts=[4]; c8:bw=40,experts=[0,3,4,5]; c2:bw=13,experts=[6]; c5:bw=10,experts=[5]
   96 | 0.01000 |   1.4846 |   59.47% |   59.47% |    1:00.37
      bandwidth/experts | c2:bw=36,experts=[1,2,4]; c9:bw=25,experts=[1,3]; c3:bw=25,experts=[2,5]; c1:bw=20,experts=[0,5]; c5:bw=33,experts=[3,4,6]; c4:bw=27,experts=[4,6]; c6:bw=17,experts=[1]; c7:bw=28,experts=[2,7]; c0:bw=20,experts=[2,7]; c8:bw=36,experts=[1,4,6]
   97 | 0.01000 |   1.4877 |   48.76% |   59.47% |    1:00.41
      bandwidth/experts | c0:bw=23,experts=[4,5]; c9:bw=24,experts=[0,5]; c8:bw=24,experts=[4,5]; c4:bw=10,experts=[2]; c7:bw=17,experts=[0]; c1:bw=28,experts=[2,5]; c3:bw=19,experts=[2]; c5:bw=26,experts=[2,6]; c6:bw=28,experts=[6,7]; c2:bw=30,experts=[1,4,6]
   98 | 0.01000 |   1.5529 |   57.04% |   59.47% |    1:00.53
      bandwidth/experts | c4:bw=29,experts=[1,3]; c8:bw=30,experts=[0,4,6]; c9:bw=15,experts=[0]; c7:bw=13,experts=[6]; c6:bw=20,experts=[2,3]; c5:bw=27,experts=[0,5]; c0:bw=19,experts=[1]; c3:bw=14,experts=[6]; c1:bw=15,experts=[4]; c2:bw=13,experts=[1]
   99 | 0.01000 |   1.5283 |   56.67% |   59.47% |    1:00.42
      bandwidth/experts | c8:bw=19,experts=[2]; c5:bw=27,experts=[5,6]; c7:bw=25,experts=[4,5]; c1:bw=33,experts=[0,3,4]; c3:bw=21,experts=[4,5]; c9:bw=11,experts=[2]; c4:bw=14,experts=[1]; c0:bw=22,experts=[1,5]; c2:bw=17,experts=[4]; c6:bw=19,experts=[5]
  100 | 0.01000 |   1.5158 |   56.70% |   59.47% |    1:00.21
      bandwidth/experts | c2:bw=17,experts=[4]; c8:bw=25,experts=[0,4]; c9:bw=29,experts=[1,5]; c5:bw=10,experts=[7]; c6:bw=25,experts=[4,5]; c1:bw=10,experts=[6]; c4:bw=36,experts=[1,6,7]; c7:bw=10,experts=[7]; c3:bw=23,experts=[3,7]; c0:bw=36,experts=[2,6,7]

Done. Best Acc: 59.47% @ round 96
Total time: 1:40:54.64
[Export] 实验目录: /userhome/cs3/duanty/FedMoE/results/exp03-c100-resnet-bw10-40-random/20260923-070410
[Export] 每轮明细: /userhome/cs3/duanty/FedMoE/results/exp03-c100-resnet-bw10-40-random/20260923-070410/rounds.xlsx
[Export] 总体摘要: /userhome/cs3/duanty/FedMoE/results/exp03-c100-resnet-bw10-40-random/20260923-070410/summary.xlsx
[Plot] result = /userhome/cs3/duanty/FedMoE/results/exp03-c100-resnet-bw10-40-random/20260923-070410
[Plot] figures -> /userhome/cs3/duanty/FedMoE/results/exp03-c100-resnet-bw10-40-random/20260923-070410/figure
  fig01_test_accuracy.pdf
  fig02_train_loss.pdf
  fig03_acc_and_loss.pdf
  fig04_bandwidth_and_k.pdf
  fig05_expert_round_heatmap.pdf
  fig06_client_expert_heatmap.pdf
  fig07_expert_frequency.pdf
  fig08_time_breakdown.pdf
  fig09_accuracy_vs_communication.pdf
  fig10_overview.pdf
[Export] 图片目录: /userhome/cs3/duanty/FedMoE/results/exp03-c100-resnet-bw10-40-random/20260923-070410/figure
