========================================
Job    : exp01-c10-resnet-e8-fedadam-tau1e2
Host   : gpu-4090-801
Date   : Mon Sep 21 06:57:39 HKT 2026
GPU    : 0
Python : /userhome/cs3/duanty/miniconda3/envs/moe/bin/python
Command: python -u main.py --method ours --dataset cifar10 --backbone resnet --select ours --merge fedadam --device cuda --num_experts 8 --bw_max -1 --output_dir ./results/exp01-c10-resnet-e8-fedadam-tau1e2 --fedadam_tau 0.01
========================================

==================================================================
 Ours  
  Dataset=cifar10 | beta=0.1 | Backbone=resnet | width_mult=1 | Clients=10 | Experts=8
  Select=ours | Merge=fedadam
  Expert refresh N_ref=8
  Rounds=100 | LR=0.01
  Bandwidth: expert_bw=10 | bw=[10, 80] | Rayleigh-Shannon, SNR=10 dB | k=floor(bw/10)
==================================================================


[Partition] Dirichlet beta=0.1, 10 clients
  Client 0:   6071 samples | 3/10 classes
  Client 1:  18481 samples | 7/10 classes
  Client 2:    174 samples | 3/10 classes
  Client 3:    462 samples | 3/10 classes
  Client 4:   2759 samples | 3/10 classes
  Client 5:   5740 samples | 7/10 classes
  Client 6:   1703 samples | 4/10 classes
  Client 7:   3407 samples | 7/10 classes
  Client 8:   6483 samples | 7/10 classes
  Client 9:   4720 samples | 10/10 classes

[Upload] expert_bw=10 | available bw=[10, 80] | Rayleigh-Shannon, SNR=10 dB | upload k=floor(bw/10), cap=8 | probe gate scores, refresh stale experts, then train selected

[Model] Total params: 13,315,216

[Export] 本次实验目录: /userhome/cs3/duanty/FedMoE/results/exp01-c10-resnet-e8-fedadam-tau1e2/20260921-065743

Round |      LR |  AvgLoss |  TestAcc |     Best |  RoundTime
--------------------------------------------------------------------------------
    1 | 0.00208 |   1.5095 |   10.00% |   10.00% |    0:53.33
      bandwidth/experts | c8:bw=55,experts=[1,2,4,5,6]; c1:bw=29,experts=[2,4]; c5:bw=44,experts=[1,2,4,6]; c0:bw=10,experts=[2]; c7:bw=20,experts=[2,6]; c2:bw=29,experts=[2,4]; c9:bw=45,experts=[1,2,4,6]; c4:bw=40,experts=[1,2,4,6]; c3:bw=51,experts=[1,2,4,5,6]; c6:bw=41,experts=[1,2,4,6]
    2 | 0.00406 |   1.3692 |   10.00% |   10.00% |    0:52.89
      bandwidth/experts | c0:bw=36,experts=[4,5,6]; c1:bw=41,experts=[1,4,5,6]; c8:bw=48,experts=[1,4,5,6]; c5:bw=69,experts=[0,1,2,4,5,6]; c3:bw=67,experts=[0,1,2,4,5,6]; c4:bw=30,experts=[4,5,6]; c7:bw=55,experts=[0,1,4,5,6]; c9:bw=46,experts=[1,4,5,6]; c6:bw=17,experts=[4]; c2:bw=22,experts=[4,6]
    3 | 0.00604 |   1.2915 |   10.02% |   10.02% |    0:53.63
      bandwidth/experts | c9:bw=48,experts=[1,4,5,6]; c2:bw=42,experts=[1,2,4,6]; c0:bw=50,experts=[1,2,4,5,6]; c6:bw=40,experts=[1,4,5,6]; c8:bw=30,experts=[1,4,6]; c5:bw=13,experts=[4]; c3:bw=26,experts=[4,6]; c7:bw=33,experts=[1,4,6]; c1:bw=13,experts=[4]; c4:bw=52,experts=[1,2,4,5,6]
    4 | 0.00802 |   1.2415 |   10.63% |   10.63% |    0:53.61
      bandwidth/experts | c1:bw=40,experts=[0,4,5,6]; c7:bw=45,experts=[0,4,5,6]; c6:bw=53,experts=[0,1,4,5,6]; c2:bw=60,experts=[0,1,2,4,5,6]; c8:bw=31,experts=[1,4,6]; c0:bw=59,experts=[0,1,4,5,6]; c3:bw=34,experts=[0,4,6]; c4:bw=56,experts=[0,1,4,5,6]; c5:bw=73,experts=[0,1,2,3,4,5,6]; c9:bw=22,experts=[4,6]
    5 | 0.01000 |   1.2112 |   19.89% |   19.89% |    0:54.04
      bandwidth/experts | c1:bw=20,experts=[4,6]; c5:bw=40,experts=[0,1,4,6]; c4:bw=48,experts=[0,1,4,6]; c8:bw=37,experts=[1,4,6]; c0:bw=50,experts=[0,1,4,5,6]; c7:bw=24,experts=[4,6]; c6:bw=53,experts=[0,1,4,5,6]; c3:bw=63,experts=[0,1,2,4,5,6]; c2:bw=10,experts=[4]; c9:bw=62,experts=[0,1,4,5,6,7]
    6 | 0.01000 |   1.1884 |   22.21% |   22.21% |    0:52.89
      bandwidth/experts | c8:bw=67,experts=[0,1,2,4,5,6]; c2:bw=42,experts=[0,4,5,6]; c5:bw=27,experts=[4,6]; c7:bw=58,experts=[0,1,4,5,6]; c3:bw=36,experts=[4,5,6]; c1:bw=32,experts=[4,5,6]; c9:bw=48,experts=[0,4,5,6]; c0:bw=31,experts=[0,4,6]; c4:bw=17,experts=[4]; c6:bw=20,experts=[4,6]
    7 | 0.01000 |   1.1741 |   24.79% |   24.79% |    0:52.66
      bandwidth/experts | c0:bw=36,experts=[4,5,6]; c5:bw=49,experts=[0,4,5,6]; c2:bw=40,experts=[0,4,5,6]; c6:bw=13,experts=[4]; c3:bw=26,experts=[4,6]; c7:bw=31,experts=[4,5,6]; c4:bw=14,experts=[4]; c1:bw=10,experts=[4]; c8:bw=57,experts=[0,1,4,5,6]; c9:bw=10,experts=[4]
    8 | 0.01000 |   1.2312 |   33.20% |   33.20% |    0:52.82
      bandwidth/experts | c4:bw=10,experts=[3]; c8:bw=37,experts=[3,4,7]; c1:bw=58,experts=[3,4,5,6,7]; c3:bw=37,experts=[3,4,7]; c0:bw=32,experts=[3,4,7]; c5:bw=28,experts=[4,7]; c2:bw=54,experts=[3,4,5,6,7]; c9:bw=59,experts=[0,3,4,5,6]; c7:bw=15,experts=[3]; c6:bw=41,experts=[3,4,6,7]
    9 | 0.01000 |   1.1613 |   35.40% |   35.40% |    0:53.36
      bandwidth/experts | c2:bw=21,experts=[4,6]; c0:bw=52,experts=[0,4,5,6,7]; c4:bw=59,experts=[0,4,5,6,7]; c9:bw=26,experts=[2,4]; c8:bw=18,experts=[4]; c6:bw=31,experts=[2,4,6]; c7:bw=46,experts=[2,4,6,7]; c5:bw=52,experts=[0,2,4,5,6]; c1:bw=14,experts=[2]; c3:bw=23,experts=[4,6]
   10 | 0.01000 |   1.1444 |   38.96% |   38.96% |    0:53.25
      bandwidth/experts | c4:bw=37,experts=[4,5,6]; c2:bw=34,experts=[4,5,6]; c7:bw=37,experts=[4,5,6]; c0:bw=59,experts=[1,4,5,6,7]; c6:bw=65,experts=[1,2,4,5,6,7]; c3:bw=46,experts=[4,5,6,7]; c5:bw=58,experts=[1,4,5,6,7]; c8:bw=35,experts=[4,5,6]; c9:bw=35,experts=[4,5,6]; c1:bw=41,experts=[1,4,5,6]
   11 | 0.01000 |   1.1859 |   37.94% |   38.96% |    0:52.97
      bandwidth/experts | c5:bw=28,experts=[4,6]; c2:bw=27,experts=[4,6]; c7:bw=44,experts=[0,4,5,6]; c3:bw=50,experts=[0,2,4,5,6]; c0:bw=28,experts=[2,4]; c8:bw=39,experts=[4,5,6]; c9:bw=33,experts=[4,5,6]; c6:bw=55,experts=[0,2,4,5,6]; c1:bw=40,experts=[0,4,5,6]; c4:bw=16,experts=[2]
   12 | 0.01000 |   1.1096 |   39.43% |   39.43% |    0:53.59
      bandwidth/experts | c1:bw=42,experts=[2,4,5,6]; c5:bw=56,experts=[2,3,4,5,6]; c2:bw=57,experts=[1,2,4,5,6]; c4:bw=28,experts=[4,6]; c3:bw=35,experts=[4,5,6]; c7:bw=30,experts=[4,5,6]; c9:bw=42,experts=[2,4,5,6]; c6:bw=29,experts=[4,6]; c8:bw=55,experts=[0,2,4,5,6]; c0:bw=49,experts=[2,4,5,6]
   13 | 0.01000 |   1.1928 |   41.76% |   41.76% |    0:53.16
      bandwidth/experts | c3:bw=30,experts=[1,4,5]; c1:bw=47,experts=[2,4,5,6]; c4:bw=10,experts=[1]; c5:bw=29,experts=[4,6]; c8:bw=15,experts=[4]; c6:bw=36,experts=[4,5,6]; c9:bw=15,experts=[1]; c7:bw=58,experts=[0,2,4,5,6]; c0:bw=25,experts=[4,6]; c2:bw=16,experts=[4]
   14 | 0.01000 |   1.0928 |   40.66% |   41.76% |    0:53.40
      bandwidth/experts | c2:bw=45,experts=[2,4,5,6]; c4:bw=10,experts=[4]; c5:bw=64,experts=[0,2,4,5,6,7]; c1:bw=38,experts=[4,5,6]; c7:bw=25,experts=[1,4]; c0:bw=25,experts=[4,6]; c9:bw=32,experts=[4,5,7]; c3:bw=45,experts=[2,4,5,6]; c8:bw=21,experts=[4,5]; c6:bw=67,experts=[0,2,4,5,6,7]
   15 | 0.01000 |   1.0856 |   40.65% |   41.76% |    0:53.67
      bandwidth/experts | c7:bw=59,experts=[0,2,4,5,6]; c0:bw=20,experts=[4,5]; c1:bw=14,experts=[4]; c8:bw=52,experts=[1,2,4,5,6]; c3:bw=10,experts=[4]; c2:bw=53,experts=[0,2,4,5,6]; c4:bw=47,experts=[2,4,5,6]; c5:bw=18,experts=[4]; c9:bw=19,experts=[4]; c6:bw=33,experts=[2,4,5]
   16 | 0.01000 |   1.0978 |   45.08% |   45.08% |    0:53.65
      bandwidth/experts | c6:bw=40,experts=[3,4,5,6]; c1:bw=29,experts=[3,7]; c3:bw=43,experts=[3,4,5,6]; c8:bw=49,experts=[3,4,5,7]; c7:bw=22,experts=[3,4]; c5:bw=40,experts=[2,4,5,6]; c4:bw=35,experts=[3,4,5]; c9:bw=24,experts=[0,3]; c0:bw=57,experts=[2,3,4,5,6]; c2:bw=52,experts=[3,4,5,6,7]
   17 | 0.01000 |   1.1026 |   47.25% |   47.25% |    0:53.34
      bandwidth/experts | c4:bw=58,experts=[0,4,5,6,7]; c7:bw=25,experts=[4,7]; c8:bw=10,experts=[4]; c3:bw=52,experts=[0,2,4,5,6]; c5:bw=10,experts=[4]; c1:bw=29,experts=[4,5]; c0:bw=11,experts=[0]; c2:bw=19,experts=[4]; c9:bw=37,experts=[4,5,6]; c6:bw=39,experts=[4,5,6]
   18 | 0.01000 |   1.0410 |   46.83% |   47.25% |    0:53.60
      bandwidth/experts | c1:bw=10,experts=[1]; c8:bw=10,experts=[4]; c5:bw=35,experts=[1,4,6]; c2:bw=37,experts=[2,4,5]; c9:bw=19,experts=[4]; c7:bw=55,experts=[0,2,4,5,6]; c4:bw=56,experts=[0,2,4,5,6]; c3:bw=37,experts=[4,5,7]; c0:bw=49,experts=[1,4,5,7]; c6:bw=31,experts=[1,4,5]
   19 | 0.01000 |   1.0189 |   52.58% |   52.58% |    0:53.83
      bandwidth/experts | c8:bw=56,experts=[3,4,5,6,7]; c0:bw=42,experts=[2,4,5,6]; c4:bw=51,experts=[2,4,5,6,7]; c1:bw=46,experts=[0,4,5,6]; c9:bw=38,experts=[4,5,6]; c5:bw=29,experts=[4,5]; c7:bw=22,experts=[4,6]; c2:bw=14,experts=[4]; c6:bw=66,experts=[2,3,4,5,6,7]; c3:bw=40,experts=[2,4,5,6]
   20 | 0.01000 |   1.0358 |   53.62% |   53.62% |    0:53.47
      bandwidth/experts | c0:bw=28,experts=[4,6]; c2:bw=41,experts=[1,4,5,6]; c1:bw=40,experts=[2,4,5,6]; c9:bw=17,experts=[2]; c7:bw=43,experts=[2,4,5,6]; c6:bw=68,experts=[0,2,4,5,6,7]; c3:bw=18,experts=[4]; c5:bw=10,experts=[3]; c4:bw=59,experts=[0,2,4,5,6]; c8:bw=50,experts=[0,2,4,5,6]
   21 | 0.01000 |   1.0464 |   54.83% |   54.83% |    0:53.30
      bandwidth/experts | c1:bw=41,experts=[2,4,5,6]; c2:bw=39,experts=[4,5,6]; c7:bw=12,experts=[4]; c4:bw=48,experts=[1,4,5,6]; c8:bw=18,experts=[4]; c5:bw=32,experts=[4,5,6]; c0:bw=66,experts=[2,3,4,5,6,7]; c3:bw=10,experts=[1]; c6:bw=16,experts=[4]; c9:bw=25,experts=[1,4]
   22 | 0.01000 |   1.0187 |   53.94% |   54.83% |    0:53.27
      bandwidth/experts | c7:bw=16,experts=[1]; c9:bw=33,experts=[4,5,7]; c1:bw=10,experts=[4]; c6:bw=61,experts=[0,3,4,5,6,7]; c5:bw=17,experts=[0]; c2:bw=66,experts=[0,2,4,5,6,7]; c0:bw=67,experts=[0,2,3,4,5,6]; c4:bw=36,experts=[4,6,7]; c3:bw=56,experts=[0,2,4,5,6]; c8:bw=33,experts=[4,5,6]
   23 | 0.01000 |   0.9797 |   53.85% |   54.83% |    0:53.43
      bandwidth/experts | c5:bw=52,experts=[2,4,5,6,7]; c7:bw=15,experts=[4]; c4:bw=56,experts=[0,2,4,5,6]; c6:bw=10,experts=[4]; c9:bw=50,experts=[2,3,4,5,6]; c8:bw=35,experts=[1,4,5]; c3:bw=15,experts=[4]; c1:bw=62,experts=[0,2,3,4,5,6]; c2:bw=32,experts=[4,5,6]; c0:bw=11,experts=[4]
   24 | 0.01000 |   1.0892 |   51.22% |   54.83% |    0:53.19
      bandwidth/experts | c6:bw=30,experts=[4,5,6]; c4:bw=12,experts=[3]; c7:bw=10,experts=[3]; c9:bw=50,experts=[0,4,5,6,7]; c2:bw=43,experts=[3,4,5,6]; c1:bw=10,experts=[7]; c5:bw=25,experts=[4,5]; c8:bw=18,experts=[4]; c3:bw=10,experts=[3]; c0:bw=31,experts=[4,5,6]
   25 | 0.01000 |   0.9678 |   56.42% |   56.42% |    0:53.59
      bandwidth/experts | c9:bw=40,experts=[2,4,5,6]; c6:bw=16,experts=[4]; c4:bw=58,experts=[2,4,5,6,7]; c3:bw=14,experts=[4]; c5:bw=64,experts=[0,3,4,5,6,7]; c1:bw=49,experts=[2,4,5,6]; c8:bw=55,experts=[2,4,5,6,7]; c2:bw=12,experts=[4]; c0:bw=56,experts=[2,4,5,6,7]; c7:bw=40,experts=[4,5,6,7]
   26 | 0.01000 |   1.0007 |   56.15% |   56.42% |    0:53.71
      bandwidth/experts | c3:bw=44,experts=[4,5,6,7]; c6:bw=34,experts=[1,4,6]; c9:bw=50,experts=[0,2,4,5,6]; c7:bw=31,experts=[0,4,5]; c1:bw=33,experts=[1,4,5]; c5:bw=20,experts=[1,4]; c2:bw=30,experts=[4,5,6]; c8:bw=53,experts=[2,3,4,5,6]; c0:bw=11,experts=[1]; c4:bw=48,experts=[2,4,5,6]
   27 | 0.01000 |   0.9610 |   58.89% |   58.89% |    0:54.02
      bandwidth/experts | c7:bw=51,experts=[0,2,4,5,6]; c1:bw=62,experts=[0,2,3,4,5,6]; c4:bw=12,experts=[4]; c0:bw=36,experts=[4,5,6]; c9:bw=18,experts=[4]; c2:bw=20,experts=[4,5]; c8:bw=55,experts=[0,2,4,5,6]; c3:bw=21,experts=[4,5]; c6:bw=63,experts=[0,2,3,4,5,6]; c5:bw=37,experts=[4,5,6]
   28 | 0.01000 |   0.9997 |   59.25% |   59.25% |    0:53.87
      bandwidth/experts | c6:bw=29,experts=[4,5]; c9:bw=49,experts=[2,4,5,6]; c0:bw=47,experts=[2,4,5,6]; c8:bw=29,experts=[4,5]; c2:bw=10,experts=[1]; c5:bw=33,experts=[4,5,6]; c1:bw=25,experts=[4,5]; c3:bw=12,experts=[4]; c4:bw=10,experts=[4]; c7:bw=10,experts=[4]
   29 | 0.01000 |   0.9548 |   60.43% |   60.43% |    0:53.87
      bandwidth/experts | c4:bw=38,experts=[1,4,5]; c0:bw=44,experts=[2,4,5,6]; c1:bw=33,experts=[4,6,7]; c9:bw=44,experts=[1,4,5,6]; c6:bw=43,experts=[2,4,5,6]; c8:bw=34,experts=[4,5,6]; c7:bw=21,experts=[4,6]; c3:bw=32,experts=[1,4,6]; c2:bw=18,experts=[4]; c5:bw=33,experts=[4,5,6]
   30 | 0.01000 |   1.0941 |   60.25% |   60.43% |    0:54.04
      bandwidth/experts | c5:bw=62,experts=[2,3,4,5,6,7]; c1:bw=35,experts=[4,5,6]; c9:bw=54,experts=[2,3,4,5,6]; c4:bw=51,experts=[2,3,4,5,6]; c0:bw=17,experts=[0]; c8:bw=41,experts=[2,4,5,6]; c6:bw=11,experts=[7]; c7:bw=12,experts=[1]; c3:bw=59,experts=[0,2,4,5,6]; c2:bw=27,experts=[0,2]
   31 | 0.01000 |   1.0428 |   60.57% |   60.57% |    0:54.40
      bandwidth/experts | c6:bw=29,experts=[4,5]; c4:bw=19,experts=[0]; c9:bw=45,experts=[2,4,5,6]; c1:bw=30,experts=[4,5,6]; c5:bw=62,experts=[0,2,3,4,5,6]; c8:bw=33,experts=[1,4,5]; c3:bw=24,experts=[4,6]; c2:bw=15,experts=[7]; c0:bw=47,experts=[3,4,5,6]; c7:bw=63,experts=[0,2,3,4,5,6]
   32 | 0.01000 |   0.9457 |   60.70% |   60.70% |    0:53.88
      bandwidth/experts | c8:bw=21,experts=[4,6]; c5:bw=36,experts=[4,5,6]; c4:bw=49,experts=[3,4,6,7]; c7:bw=47,experts=[2,4,5,6]; c0:bw=46,experts=[2,4,5,6]; c1:bw=21,experts=[4,5]; c3:bw=28,experts=[3,4]; c6:bw=27,experts=[4,6]; c2:bw=54,experts=[2,3,4,5,6]; c9:bw=31,experts=[4,5,7]
   33 | 0.01000 |   0.9470 |   62.81% |   62.81% |    0:54.04
      bandwidth/experts | c7:bw=52,experts=[3,4,5,6,7]; c1:bw=34,experts=[4,5,6]; c3:bw=70,experts=[0,2,3,4,5,6,7]; c6:bw=37,experts=[4,5,6]; c5:bw=29,experts=[4,5]; c9:bw=42,experts=[2,4,5,6]; c2:bw=24,experts=[4,5]; c8:bw=50,experts=[2,4,5,6,7]; c4:bw=45,experts=[3,4,6,7]; c0:bw=62,experts=[0,3,4,5,6,7]
   34 | 0.01000 |   0.9412 |   61.68% |   62.81% |    0:54.07
      bandwidth/experts | c4:bw=46,experts=[3,4,6,7]; c1:bw=46,experts=[1,4,6,7]; c6:bw=48,experts=[1,4,5,6]; c9:bw=68,experts=[0,2,3,4,5,6]; c8:bw=42,experts=[3,4,5,6]; c0:bw=22,experts=[1,4]; c5:bw=60,experts=[1,3,4,5,6,7]; c7:bw=32,experts=[4,5,6]; c3:bw=72,experts=[0,2,3,4,5,6,7]; c2:bw=54,experts=[2,3,4,5,6]
   35 | 0.01000 |   0.9361 |   61.66% |   62.81% |    0:53.51
      bandwidth/experts | c4:bw=33,experts=[4,5,6]; c0:bw=20,experts=[4,5]; c1:bw=31,experts=[0,2,3]; c6:bw=44,experts=[0,3,4,5]; c2:bw=46,experts=[4,5,6,7]; c8:bw=50,experts=[0,2,4,5,6]; c9:bw=27,experts=[4,5]; c7:bw=48,experts=[2,4,5,6]; c5:bw=41,experts=[2,4,5,6]; c3:bw=24,experts=[4,6]
   36 | 0.01000 |   0.9267 |   65.99% |   65.99% |    0:53.72
      bandwidth/experts | c9:bw=37,experts=[4,5,6]; c0:bw=36,experts=[4,5,6]; c3:bw=60,experts=[2,3,4,5,6,7]; c7:bw=27,experts=[4,5]; c6:bw=43,experts=[2,4,5,6]; c5:bw=49,experts=[2,4,5,6]; c1:bw=10,experts=[4]; c4:bw=74,experts=[0,2,3,4,5,6,7]; c8:bw=51,experts=[2,4,5,6,7]; c2:bw=50,experts=[1,4,5,6,7]
   37 | 0.01000 |   0.9159 |   66.92% |   66.92% |    0:54.06
      bandwidth/experts | c1:bw=18,experts=[4]; c5:bw=39,experts=[4,5,6]; c2:bw=36,experts=[4,5,6]; c6:bw=65,experts=[0,3,4,5,6,7]; c4:bw=39,experts=[1,4,5]; c7:bw=42,experts=[2,4,5,6]; c9:bw=40,experts=[1,4,5,6]; c0:bw=54,experts=[3,4,5,6,7]; c3:bw=36,experts=[1,4,5]; c8:bw=10,experts=[4]
   38 | 0.01000 |   0.9414 |   67.05% |   67.05% |    0:54.08
      bandwidth/experts | c8:bw=46,experts=[3,4,5,6]; c6:bw=17,experts=[4]; c4:bw=52,experts=[3,4,5,6,7]; c1:bw=31,experts=[4,6,7]; c5:bw=10,experts=[4]; c2:bw=10,experts=[0]; c3:bw=38,experts=[4,5,6]; c7:bw=51,experts=[1,2,4,5,6]; c9:bw=26,experts=[4,6]; c0:bw=40,experts=[2,4,5,6]
   39 | 0.01000 |   0.9017 |   66.17% |   67.05% |    0:53.96
      bandwidth/experts | c3:bw=26,experts=[4,5]; c0:bw=10,experts=[4]; c1:bw=45,experts=[2,4,5,6]; c7:bw=40,experts=[0,4,6,7]; c6:bw=31,experts=[4,6,7]; c8:bw=45,experts=[1,4,5,6]; c2:bw=36,experts=[4,5,6]; c4:bw=36,experts=[4,6,7]; c9:bw=24,experts=[4,6]; c5:bw=75,experts=[0,2,3,4,5,6,7]
   40 | 0.01000 |   0.8944 |   68.76% |   68.76% |    0:54.36
      bandwidth/experts | c8:bw=26,experts=[4,5]; c1:bw=42,experts=[3,4,6,7]; c5:bw=32,experts=[4,6,7]; c6:bw=46,experts=[2,4,5,6]; c2:bw=65,experts=[0,2,3,4,5,6]; c7:bw=66,experts=[0,3,4,5,6,7]; c3:bw=10,experts=[4]; c4:bw=19,experts=[4]; c9:bw=40,experts=[4,5,6,7]; c0:bw=36,experts=[4,5,6]
   41 | 0.01000 |   0.9202 |   68.88% |   68.88% |    0:54.34
      bandwidth/experts | c2:bw=54,experts=[3,4,5,6,7]; c6:bw=10,experts=[4]; c8:bw=57,experts=[3,4,5,6,7]; c1:bw=10,experts=[4]; c4:bw=50,experts=[2,3,4,5,6]; c5:bw=61,experts=[0,3,4,5,6,7]; c7:bw=68,experts=[0,2,3,4,5,6]; c3:bw=40,experts=[2,4,5,6]; c9:bw=54,experts=[2,3,4,5,6]; c0:bw=10,experts=[0]
   42 | 0.01000 |   0.9204 |   67.93% |   68.88% |    0:53.68
      bandwidth/experts | c5:bw=50,experts=[1,2,4,5,6]; c1:bw=49,experts=[1,2,4,5]; c3:bw=48,experts=[0,2,4,5]; c9:bw=51,experts=[0,2,4,5,6]; c6:bw=34,experts=[1,2,4]; c0:bw=15,experts=[1]; c7:bw=20,experts=[2,4]; c4:bw=55,experts=[2,3,4,5,6]; c8:bw=42,experts=[2,4,5,6]; c2:bw=40,experts=[2,4,5,6]
   43 | 0.01000 |   0.8874 |   66.06% |   68.88% |    0:53.93
      bandwidth/experts | c5:bw=53,experts=[0,2,4,5,6]; c1:bw=58,experts=[0,2,4,5,6]; c2:bw=51,experts=[2,3,4,5,6]; c8:bw=45,experts=[0,2,4,6]; c9:bw=32,experts=[2,4,5]; c7:bw=21,experts=[4,6]; c4:bw=34,experts=[2,4,5]; c6:bw=12,experts=[4]; c3:bw=65,experts=[0,2,3,4,5,6]; c0:bw=21,experts=[4,6]
   44 | 0.01000 |   0.8877 |   67.49% |   68.88% |    0:53.81
      bandwidth/experts | c0:bw=66,experts=[2,3,4,5,6,7]; c3:bw=47,experts=[2,4,5,7]; c4:bw=29,experts=[0,4]; c2:bw=37,experts=[1,4,6]; c7:bw=75,experts=[0,2,3,4,5,6,7]; c5:bw=24,experts=[4,5]; c6:bw=20,experts=[4,5]; c9:bw=37,experts=[2,4,5]; c8:bw=34,experts=[2,4,5]; c1:bw=45,experts=[2,4,5,6]
   45 | 0.01000 |   0.9277 |   66.15% |   68.88% |    0:53.57
      bandwidth/experts | c8:bw=55,experts=[2,3,4,5,6]; c0:bw=36,experts=[3,4,6]; c3:bw=67,experts=[1,2,3,4,5,6]; c4:bw=64,experts=[1,3,4,5,6,7]; c7:bw=36,experts=[4,5,6]; c2:bw=49,experts=[4,5,6,7]; c9:bw=25,experts=[1,4]; c6:bw=10,experts=[0]; c5:bw=44,experts=[2,4,5,6]; c1:bw=56,experts=[0,3,4,6,7]
   46 | 0.01000 |   0.8844 |   66.56% |   68.88% |    0:53.63
      bandwidth/experts | c9:bw=37,experts=[4,6,7]; c3:bw=27,experts=[4,6]; c6:bw=39,experts=[3,4,6]; c1:bw=41,experts=[2,4,5,6]; c4:bw=64,experts=[2,3,4,5,6,7]; c5:bw=41,experts=[2,4,5,6]; c2:bw=57,experts=[2,3,4,5,6]; c8:bw=39,experts=[2,4,5]; c0:bw=55,experts=[2,3,4,5,6]; c7:bw=28,experts=[1,4]
   47 | 0.01000 |   0.8837 |   66.57% |   68.88% |    0:53.44
      bandwidth/experts | c5:bw=52,experts=[3,4,5,6,7]; c6:bw=22,experts=[4,7]; c7:bw=53,experts=[0,2,4,5,6]; c9:bw=17,experts=[4]; c8:bw=39,experts=[1,4,6]; c3:bw=70,experts=[0,2,3,4,5,6,7]; c4:bw=10,experts=[4]; c0:bw=46,experts=[3,4,6,7]; c1:bw=30,experts=[2,4,5]; c2:bw=54,experts=[0,2,4,5,6]
   48 | 0.01000 |   0.8848 |   68.58% |   68.88% |    0:54.60
      bandwidth/experts | c1:bw=50,experts=[0,2,4,5,6]; c8:bw=50,experts=[3,4,5,6,7]; c4:bw=67,experts=[0,3,4,5,6,7]; c2:bw=57,experts=[0,2,4,5,6]; c9:bw=52,experts=[0,2,4,5,6]; c6:bw=45,experts=[4,5,6,7]; c5:bw=55,experts=[3,4,5,6,7]; c7:bw=62,experts=[0,3,4,5,6,7]; c0:bw=16,experts=[4]; c3:bw=18,experts=[4]
   49 | 0.01000 |   0.8806 |   69.75% |   69.75% |    0:53.59
      bandwidth/experts | c4:bw=48,experts=[2,4,5,6]; c3:bw=32,experts=[4,5,6]; c8:bw=26,experts=[4,6]; c0:bw=20,experts=[0,4]; c2:bw=58,experts=[2,3,4,5,6]; c5:bw=56,experts=[2,3,4,5,6]; c6:bw=13,experts=[4]; c7:bw=44,experts=[2,4,5,6]; c9:bw=53,experts=[3,4,5,6,7]; c1:bw=54,experts=[0,3,4,6,7]
   50 | 0.01000 |   0.8767 |   70.00% |   70.00% |    0:53.71
      bandwidth/experts | c8:bw=32,experts=[4,6,7]; c4:bw=10,experts=[4]; c7:bw=34,experts=[2,4,5]; c6:bw=68,experts=[1,2,3,4,5,6]; c2:bw=63,experts=[0,3,4,5,6,7]; c1:bw=64,experts=[1,2,3,4,5,6]; c3:bw=39,experts=[4,6,7]; c0:bw=29,experts=[1,4]; c9:bw=27,experts=[4,6]; c5:bw=31,experts=[1,4,6]
   51 | 0.01000 |   0.8772 |   71.77% |   71.77% |    0:53.74
      bandwidth/experts | c5:bw=47,experts=[0,4,6,7]; c0:bw=53,experts=[3,4,5,6,7]; c1:bw=21,experts=[4,5]; c2:bw=20,experts=[4,6]; c8:bw=46,experts=[0,4,6,7]; c6:bw=52,experts=[3,4,5,6,7]; c9:bw=18,experts=[4]; c3:bw=55,experts=[2,4,5,6,7]; c4:bw=11,experts=[4]; c7:bw=27,experts=[4,5]
   52 | 0.01000 |   0.8721 |   70.82% |   71.77% |    0:53.69
      bandwidth/experts | c0:bw=46,experts=[3,4,6,7]; c8:bw=18,experts=[4]; c5:bw=24,experts=[4,6]; c7:bw=34,experts=[2,4,5]; c1:bw=40,experts=[2,4,5,6]; c4:bw=33,experts=[4,5,6]; c9:bw=31,experts=[4,6,7]; c6:bw=51,experts=[2,4,5,6,7]; c2:bw=29,experts=[1,4]; c3:bw=43,experts=[3,4,6,7]
   53 | 0.01000 |   0.8701 |   72.32% |   72.32% |    0:53.85
      bandwidth/experts | c8:bw=22,experts=[4,6]; c4:bw=28,experts=[1,4]; c5:bw=44,experts=[3,4,6,7]; c1:bw=59,experts=[0,2,4,5,6]; c3:bw=47,experts=[1,2,4,5]; c9:bw=61,experts=[1,2,4,5,6,7]; c6:bw=36,experts=[0,4,5]; c7:bw=44,experts=[2,4,5,6]; c0:bw=39,experts=[4,6,7]; c2:bw=51,experts=[0,2,4,5,6]
   54 | 0.01000 |   0.8719 |   72.51% |   72.51% |    0:53.71
      bandwidth/experts | c2:bw=10,experts=[4]; c1:bw=53,experts=[0,3,4,6,7]; c8:bw=55,experts=[2,3,4,5,6]; c7:bw=61,experts=[1,2,4,5,6,7]; c3:bw=30,experts=[2,4,5]; c0:bw=37,experts=[2,4,6]; c6:bw=54,experts=[2,3,4,5,6]; c5:bw=10,experts=[4]; c9:bw=50,experts=[3,4,5,6,7]; c4:bw=32,experts=[2,4,5]
   55 | 0.01000 |   0.8749 |   74.21% |   74.21% |    0:53.85
      bandwidth/experts | c7:bw=54,experts=[0,2,4,5,6]; c2:bw=41,experts=[2,4,5,6]; c4:bw=14,experts=[4]; c3:bw=52,experts=[0,2,4,5,6]; c8:bw=14,experts=[1]; c5:bw=53,experts=[3,4,5,6,7]; c1:bw=60,experts=[0,3,4,5,6,7]; c6:bw=42,experts=[3,4,6,7]; c0:bw=27,experts=[4,6]; c9:bw=62,experts=[0,3,4,5,6,7]
   56 | 0.01000 |   0.9141 |   69.15% |   74.21% |    0:54.08
      bandwidth/experts | c9:bw=52,experts=[0,2,4,5,6]; c1:bw=56,experts=[2,3,4,5,6]; c3:bw=10,experts=[4]; c2:bw=53,experts=[0,2,4,5,6]; c5:bw=31,experts=[2,4,5]; c4:bw=10,experts=[0]; c8:bw=13,experts=[4]; c7:bw=18,experts=[3]; c6:bw=23,experts=[4,6]; c0:bw=70,experts=[0,2,3,4,5,6,7]
   57 | 0.01000 |   0.8620 |   71.21% |   74.21% |    0:54.02
      bandwidth/experts | c3:bw=64,experts=[0,2,3,4,5,6]; c8:bw=43,experts=[4,5,6,7]; c6:bw=48,experts=[2,4,5,6]; c1:bw=49,experts=[2,4,5,6]; c7:bw=69,experts=[0,2,3,4,5,6]; c0:bw=70,experts=[0,2,3,4,5,6,7]; c5:bw=44,experts=[2,4,5,6]; c4:bw=41,experts=[3,4,6,7]; c2:bw=33,experts=[4,5,6]; c9:bw=19,experts=[4]
   58 | 0.01000 |   0.8896 |   71.51% |   74.21% |    0:53.85
      bandwidth/experts | c7:bw=24,experts=[4,5]; c2:bw=10,experts=[3]; c9:bw=57,experts=[2,4,5,6,7]; c6:bw=55,experts=[1,4,5,6,7]; c5:bw=35,experts=[1,4,5]; c1:bw=30,experts=[1,4,5]; c8:bw=40,experts=[2,4,5,6]; c4:bw=38,experts=[4,5,6]; c3:bw=61,experts=[0,3,4,5,6,7]; c0:bw=47,experts=[1,4,5,6]
   59 | 0.01000 |   0.8565 |   71.86% |   74.21% |    0:53.81
      bandwidth/experts | c2:bw=37,experts=[4,6,7]; c8:bw=56,experts=[0,2,4,5,6]; c9:bw=28,experts=[4,5]; c6:bw=19,experts=[4]; c1:bw=65,experts=[0,2,3,4,5,6]; c4:bw=26,experts=[4,6]; c7:bw=28,experts=[4,5]; c5:bw=32,experts=[0,4,6]; c0:bw=52,experts=[0,2,4,5,6]; c3:bw=35,experts=[4,5,6]
   60 | 0.01000 |   0.8540 |   71.25% |   74.21% |    0:53.67
      bandwidth/experts | c0:bw=53,experts=[3,4,5,6,7]; c7:bw=48,experts=[4,5,6,7]; c4:bw=30,experts=[4,5,6]; c2:bw=30,experts=[1,4,5]; c5:bw=33,experts=[4,5,6]; c8:bw=24,experts=[4,5]; c6:bw=59,experts=[0,2,4,5,6]; c9:bw=10,experts=[4]; c1:bw=54,experts=[0,4,5,6,7]; c3:bw=44,experts=[2,4,5,6]
   61 | 0.01000 |   0.8513 |   71.97% |   74.21% |    0:53.83
      bandwidth/experts | c5:bw=49,experts=[4,5,6,7]; c6:bw=37,experts=[4,6,7]; c2:bw=29,experts=[4,6]; c9:bw=38,experts=[1,4,5]; c1:bw=33,experts=[4,5,6]; c3:bw=43,experts=[1,2,4,5]; c8:bw=55,experts=[0,2,4,5,6]; c4:bw=38,experts=[1,4,6]; c7:bw=43,experts=[2,4,5,6]; c0:bw=60,experts=[0,2,4,5,6,7]
   62 | 0.01000 |   0.8604 |   71.63% |   74.21% |    0:53.96
      bandwidth/experts | c8:bw=13,experts=[3]; c6:bw=62,experts=[0,2,4,5,6,7]; c9:bw=16,experts=[4]; c4:bw=60,experts=[0,2,3,4,5,6]; c5:bw=67,experts=[0,3,4,5,6,7]; c0:bw=28,experts=[4,6]; c3:bw=53,experts=[0,2,4,5,6]; c2:bw=42,experts=[4,5,6,7]; c1:bw=75,experts=[0,2,3,4,5,6,7]; c7:bw=44,experts=[1,4,5,6]
   63 | 0.01000 |   0.8411 |   72.36% |   74.21% |    0:54.02
      bandwidth/experts | c5:bw=10,experts=[4]; c9:bw=21,experts=[3,4]; c6:bw=34,experts=[3,4,5]; c3:bw=52,experts=[2,3,4,5,6]; c8:bw=32,experts=[1,4,5]; c1:bw=50,experts=[3,4,5,6,7]; c7:bw=68,experts=[0,3,4,5,6,7]; c0:bw=41,experts=[2,4,5,6]; c2:bw=28,experts=[4,5]; c4:bw=52,experts=[3,4,5,6,7]
   64 | 0.01000 |   0.8402 |   72.55% |   74.21% |    0:53.92
      bandwidth/experts | c6:bw=50,experts=[2,4,5,6,7]; c4:bw=38,experts=[4,6,7]; c5:bw=24,experts=[4,6]; c3:bw=38,experts=[4,5,6]; c7:bw=34,experts=[2,4,5]; c0:bw=32,experts=[4,5,6]; c8:bw=53,experts=[0,2,4,5,6]; c9:bw=59,experts=[0,4,5,6,7]; c2:bw=56,experts=[0,2,4,5,6]; c1:bw=28,experts=[4,6]
   65 | 0.01000 |   0.8361 |   73.52% |   74.21% |    0:54.20
      bandwidth/experts | c7:bw=10,experts=[4]; c5:bw=29,experts=[2,4]; c4:bw=57,experts=[0,2,4,5,6]; c6:bw=50,experts=[2,4,5,6,7]; c8:bw=66,experts=[2,3,4,5,6,7]; c3:bw=42,experts=[3,4,6,7]; c0:bw=41,experts=[3,4,6,7]; c2:bw=28,experts=[4,6]; c1:bw=58,experts=[2,3,4,5,6]; c9:bw=47,experts=[3,4,6,7]
   66 | 0.01000 |   0.8415 |   72.58% |   74.21% |    0:54.05
      bandwidth/experts | c2:bw=41,experts=[3,4,5,6]; c5:bw=17,experts=[1]; c1:bw=54,experts=[1,3,4,6,7]; c8:bw=24,experts=[4,5]; c9:bw=31,experts=[2,4,6]; c6:bw=30,experts=[1,4,6]; c4:bw=41,experts=[4,5,6,7]; c0:bw=38,experts=[1,4,5]; c3:bw=66,experts=[0,2,3,4,5,6]; c7:bw=50,experts=[0,2,4,5,6]
   67 | 0.01000 |   0.8297 |   73.56% |   74.21% |    0:54.15
      bandwidth/experts | c4:bw=51,experts=[2,4,5,6,7]; c5:bw=48,experts=[4,5,6,7]; c1:bw=36,experts=[4,5,6]; c3:bw=25,experts=[4,6]; c6:bw=53,experts=[3,4,5,6,7]; c0:bw=32,experts=[4,6,7]; c2:bw=43,experts=[4,5,6,7]; c9:bw=60,experts=[0,3,4,5,6,7]; c7:bw=59,experts=[0,4,5,6,7]; c8:bw=10,experts=[4]
   68 | 0.01000 |   0.8331 |   72.76% |   74.21% |    0:54.42
      bandwidth/experts | c1:bw=42,experts=[4,5,6,7]; c8:bw=31,experts=[4,5,6]; c2:bw=58,experts=[1,2,4,5,6]; c0:bw=30,experts=[4,5,6]; c3:bw=26,experts=[4,6]; c4:bw=49,experts=[4,5,6,7]; c5:bw=45,experts=[3,4,6,7]; c9:bw=15,experts=[4]; c7:bw=28,experts=[4,6]; c6:bw=32,experts=[4,5,6]
   69 | 0.01000 |   0.8263 |   74.98% |   74.98% |    0:54.07
      bandwidth/experts | c3:bw=41,experts=[1,4,6,7]; c7:bw=58,experts=[0,2,4,5,6]; c1:bw=31,experts=[4,6,7]; c4:bw=41,experts=[1,4,5,6]; c9:bw=35,experts=[1,4,6]; c5:bw=39,experts=[4,6,7]; c0:bw=52,experts=[0,2,4,5,6]; c2:bw=66,experts=[2,3,4,5,6,7]; c8:bw=42,experts=[3,4,6,7]; c6:bw=26,experts=[4,6]
   70 | 0.01000 |   0.8256 |   74.89% |   74.98% |    0:53.74
      bandwidth/experts | c1:bw=24,experts=[0,4]; c9:bw=10,experts=[4]; c7:bw=28,experts=[1,4]; c3:bw=32,experts=[2,4,5]; c0:bw=30,experts=[4,5,6]; c6:bw=26,experts=[0,4]; c2:bw=55,experts=[0,2,4,5,6]; c4:bw=58,experts=[3,4,5,6,7]; c5:bw=23,experts=[0,4]; c8:bw=48,experts=[2,4,5,6]
   71 | 0.01000 |   0.8276 |   73.25% |   74.98% |    0:54.20
      bandwidth/experts | c4:bw=42,experts=[3,4,6,7]; c0:bw=16,experts=[4]; c1:bw=52,experts=[0,2,4,5,6]; c9:bw=40,experts=[4,5,6,7]; c7:bw=20,experts=[3,4]; c5:bw=33,experts=[4,6,7]; c3:bw=62,experts=[0,2,4,5,6,7]; c6:bw=50,experts=[2,4,5,6,7]; c8:bw=39,experts=[1,4,5]; c2:bw=61,experts=[0,2,3,4,5,6]
   72 | 0.01000 |   0.8216 |   75.78% |   75.78% |    0:54.01
      bandwidth/experts | c8:bw=30,experts=[0,4,5]; c1:bw=39,experts=[4,5,6]; c5:bw=43,experts=[2,4,5,6]; c7:bw=48,experts=[2,4,5,6]; c6:bw=19,experts=[4]; c0:bw=52,experts=[2,4,5,6,7]; c3:bw=23,experts=[4,6]; c2:bw=23,experts=[4,6]; c9:bw=38,experts=[4,6,7]; c4:bw=39,experts=[4,6,7]
   73 | 0.01000 |   0.8214 |   74.65% |   75.78% |    0:53.96
      bandwidth/experts | c2:bw=47,experts=[0,4,5,6]; c8:bw=11,experts=[4]; c3:bw=40,experts=[3,4,6,7]; c1:bw=66,experts=[0,3,4,5,6,7]; c5:bw=17,experts=[4]; c9:bw=52,experts=[2,4,5,6,7]; c0:bw=28,experts=[3,4]; c7:bw=37,experts=[4,5,6]; c6:bw=20,experts=[4,6]; c4:bw=41,experts=[0,4,6,7]
   74 | 0.01000 |   0.8525 |   76.02% |   76.02% |    0:54.04
      bandwidth/experts | c3:bw=10,experts=[4]; c0:bw=40,experts=[1,4,5,6]; c1:bw=28,experts=[1,4]; c5:bw=50,experts=[1,3,4,6,7]; c7:bw=65,experts=[0,2,4,5,6,7]; c8:bw=28,experts=[4,5]; c6:bw=10,experts=[1]; c2:bw=10,experts=[4]; c4:bw=47,experts=[2,4,5,6]; c9:bw=32,experts=[4,6,7]
   75 | 0.01000 |   0.8129 |   74.57% |   76.02% |    0:54.01
      bandwidth/experts | c2:bw=40,experts=[2,4,5,6]; c9:bw=61,experts=[0,3,4,5,6,7]; c1:bw=54,experts=[3,4,5,6,7]; c3:bw=20,experts=[4,5]; c7:bw=28,experts=[4,6]; c6:bw=56,experts=[3,4,5,6,7]; c5:bw=31,experts=[4,6,7]; c4:bw=56,experts=[3,4,5,6,7]; c0:bw=60,experts=[0,2,4,5,6,7]; c8:bw=53,experts=[0,3,4,5,6]
   76 | 0.01000 |   0.8158 |   75.76% |   76.02% |    0:54.05
      bandwidth/experts | c8:bw=29,experts=[4,6]; c5:bw=37,experts=[4,6,7]; c0:bw=31,experts=[4,5,6]; c3:bw=15,experts=[4]; c2:bw=25,experts=[1,4]; c6:bw=23,experts=[4,6]; c7:bw=66,experts=[0,3,4,5,6,7]; c4:bw=60,experts=[0,3,4,5,6,7]; c9:bw=57,experts=[0,4,5,6,7]; c1:bw=53,experts=[0,3,4,6,7]
   77 | 0.01000 |   0.8341 |   75.14% |   76.02% |    0:54.07
      bandwidth/experts | c9:bw=29,experts=[1,4]; c2:bw=34,experts=[4,6,7]; c1:bw=62,experts=[0,2,4,5,6,7]; c8:bw=10,experts=[7]; c4:bw=10,experts=[1]; c7:bw=10,experts=[4]; c6:bw=57,experts=[0,4,5,6,7]; c0:bw=63,experts=[0,2,4,5,6,7]; c3:bw=40,experts=[1,4,6,7]; c5:bw=59,experts=[0,4,5,6,7]
   78 | 0.01000 |   0.8088 |   75.00% |   76.02% |    0:54.16
      bandwidth/experts | c0:bw=26,experts=[4,6]; c4:bw=23,experts=[4,6]; c3:bw=38,experts=[4,5,6]; c7:bw=36,experts=[1,4,6]; c8:bw=54,experts=[0,2,4,5,6]; c1:bw=41,experts=[0,4,5,6]; c9:bw=31,experts=[4,6,7]; c6:bw=57,experts=[0,2,4,5,6]; c5:bw=63,experts=[0,2,4,5,6,7]; c2:bw=34,experts=[4,6,7]
   79 | 0.01000 |   0.8377 |   75.95% |   76.02% |    0:53.96
      bandwidth/experts | c6:bw=21,experts=[4,6]; c9:bw=10,experts=[4]; c0:bw=36,experts=[4,6,7]; c4:bw=80,experts=[0,1,2,3,4,5,6,7]; c7:bw=46,experts=[4,5,6,7]; c8:bw=44,experts=[1,4,6,7]; c5:bw=53,experts=[0,4,5,6,7]; c3:bw=26,experts=[0,2]; c1:bw=37,experts=[4,6,7]; c2:bw=33,experts=[3,4,6]
   80 | 0.01000 |   0.8076 |   75.30% |   76.02% |    0:54.20
      bandwidth/experts | c5:bw=65,experts=[0,3,4,5,6,7]; c9:bw=53,experts=[0,3,4,6,7]; c7:bw=48,experts=[2,4,5,6]; c1:bw=31,experts=[4,5,6]; c3:bw=31,experts=[4,6,7]; c4:bw=57,experts=[3,4,5,6,7]; c2:bw=44,experts=[4,5,6,7]; c0:bw=47,experts=[3,4,6,7]; c6:bw=39,experts=[4,5,6]; c8:bw=51,experts=[0,3,4,5,6]
   81 | 0.01000 |   0.8043 |   75.32% |   76.02% |    0:54.33
      bandwidth/experts | c6:bw=51,experts=[0,4,5,6,7]; c2:bw=45,experts=[0,4,6,7]; c3:bw=67,experts=[0,3,4,5,6,7]; c1:bw=49,experts=[3,4,6,7]; c4:bw=42,experts=[3,4,6,7]; c5:bw=30,experts=[4,6,7]; c9:bw=26,experts=[2,4]; c7:bw=58,experts=[0,2,4,5,6]; c8:bw=48,experts=[2,4,5,6]; c0:bw=50,experts=[3,4,5,6,7]
   82 | 0.01000 |   0.7988 |   74.80% |   76.02% |    0:54.46
      bandwidth/experts | c1:bw=64,experts=[1,2,4,5,6,7]; c0:bw=30,experts=[1,4,6]; c6:bw=36,experts=[1,4,6]; c8:bw=58,experts=[0,2,4,5,6]; c7:bw=40,experts=[2,4,5,6]; c3:bw=39,experts=[4,5,6]; c2:bw=30,experts=[4,5,6]; c9:bw=56,experts=[0,3,4,6,7]; c5:bw=40,experts=[1,4,6,7]; c4:bw=30,experts=[4,6,7]
   83 | 0.01000 |   0.8015 |   75.51% |   76.02% |    0:54.28
      bandwidth/experts | c9:bw=51,experts=[3,4,5,6,7]; c4:bw=10,experts=[4]; c2:bw=41,experts=[2,4,5,6]; c7:bw=37,experts=[4,5,6]; c5:bw=10,experts=[4]; c0:bw=10,experts=[4]; c6:bw=53,experts=[3,4,5,6,7]; c1:bw=63,experts=[0,3,4,5,6,7]; c8:bw=39,experts=[4,6,7]; c3:bw=42,experts=[2,4,5,6]
   84 | 0.01000 |   0.7949 |   77.09% |   77.09% |    0:55.07
      bandwidth/experts | c8:bw=67,experts=[2,3,4,5,6,7]; c3:bw=32,experts=[2,4,5]; c1:bw=58,experts=[0,4,5,6,7]; c6:bw=10,experts=[4]; c9:bw=20,experts=[4,6]; c2:bw=36,experts=[1,4,6]; c7:bw=47,experts=[3,4,5,6]; c5:bw=20,experts=[4,6]; c4:bw=27,experts=[4,6]; c0:bw=10,experts=[4]
   85 | 0.01000 |   0.7929 |   78.11% |   78.11% |    0:54.43
      bandwidth/experts | c0:bw=38,experts=[0,2,4]; c2:bw=45,experts=[2,4,5,6]; c8:bw=70,experts=[0,2,3,4,5,6,7]; c6:bw=42,experts=[4,5,6,7]; c1:bw=57,experts=[0,3,4,6,7]; c4:bw=42,experts=[4,5,6,7]; c9:bw=58,experts=[1,4,5,6,7]; c3:bw=51,experts=[1,2,4,5,6]; c5:bw=12,experts=[4]; c7:bw=11,experts=[4]
   86 | 0.01000 |   0.7905 |   75.59% |   78.11% |    0:55.18
      bandwidth/experts | c5:bw=47,experts=[2,4,6,7]; c8:bw=28,experts=[4,6]; c2:bw=24,experts=[4,6]; c6:bw=55,experts=[2,4,5,6,7]; c0:bw=30,experts=[4,6,7]; c4:bw=18,experts=[4]; c7:bw=44,experts=[1,4,6,7]; c3:bw=28,experts=[4,5]; c1:bw=72,experts=[0,2,3,4,5,6,7]; c9:bw=43,experts=[3,4,6,7]
   87 | 0.01000 |   0.8065 |   77.89% |   78.11% |    0:54.49
      bandwidth/experts | c1:bw=29,experts=[4,6]; c2:bw=67,experts=[0,2,3,4,5,6]; c7:bw=22,experts=[4,6]; c5:bw=10,experts=[4]; c6:bw=60,experts=[0,3,4,5,6,7]; c3:bw=68,experts=[0,2,4,5,6,7]; c4:bw=34,experts=[0,1,2]; c9:bw=37,experts=[4,6,7]; c8:bw=46,experts=[1,4,5,6]; c0:bw=35,experts=[4,6,7]
   88 | 0.01000 |   0.7968 |   78.36% |   78.36% |    0:54.78
      bandwidth/experts | c8:bw=43,experts=[2,4,5,6]; c6:bw=27,experts=[4,6]; c3:bw=33,experts=[4,5,6]; c7:bw=41,experts=[4,5,6,7]; c0:bw=62,experts=[0,2,4,5,6,7]; c4:bw=38,experts=[4,6,7]; c9:bw=31,experts=[4,6,7]; c1:bw=28,experts=[4,5]; c5:bw=30,experts=[0,3,5]; c2:bw=46,experts=[2,4,5,6]
   89 | 0.01000 |   0.7994 |   76.64% |   78.36% |    0:54.55
      bandwidth/experts | c3:bw=31,experts=[3,4,6]; c8:bw=74,experts=[0,2,3,4,5,6,7]; c2:bw=44,experts=[4,5,6,7]; c9:bw=60,experts=[0,2,3,4,6,7]; c7:bw=21,experts=[0,4]; c5:bw=46,experts=[3,4,6,7]; c0:bw=13,experts=[3]; c6:bw=32,experts=[4,5,6]; c4:bw=30,experts=[3,4,6]; c1:bw=41,experts=[4,5,6,7]
   90 | 0.01000 |   0.7849 |   77.43% |   78.36% |    0:54.71
      bandwidth/experts | c7:bw=72,experts=[0,2,3,4,5,6,7]; c1:bw=31,experts=[1,4,6]; c3:bw=36,experts=[4,6,7]; c9:bw=63,experts=[0,2,4,5,6,7]; c0:bw=64,experts=[0,1,3,4,6,7]; c6:bw=26,experts=[1,4]; c2:bw=21,experts=[4,5]; c5:bw=27,experts=[1,4]; c8:bw=50,experts=[0,2,4,5,6]; c4:bw=35,experts=[4,6,7]
   91 | 0.01000 |   0.7839 |   75.50% |   78.36% |    0:54.91
      bandwidth/experts | c1:bw=50,experts=[2,4,5,6,7]; c9:bw=35,experts=[4,6,7]; c5:bw=52,experts=[3,4,5,6,7]; c7:bw=51,experts=[0,2,4,5,6]; c3:bw=40,experts=[2,4,5,6]; c4:bw=54,experts=[3,4,5,6,7]; c0:bw=22,experts=[4,6]; c6:bw=29,experts=[4,6]; c2:bw=11,experts=[4]; c8:bw=23,experts=[4,5]
   92 | 0.01000 |   0.7788 |   76.54% |   78.36% |    0:54.73
      bandwidth/experts | c3:bw=28,experts=[4,5]; c7:bw=34,experts=[4,6,7]; c1:bw=20,experts=[4,6]; c0:bw=29,experts=[4,6]; c8:bw=19,experts=[4]; c6:bw=45,experts=[4,5,6,7]; c9:bw=56,experts=[3,4,5,6,7]; c2:bw=25,experts=[1,4]; c5:bw=66,experts=[0,3,4,5,6,7]; c4:bw=26,experts=[4,6]
   93 | 0.01000 |   0.7834 |   77.31% |   78.36% |    0:54.22
      bandwidth/experts | c1:bw=47,experts=[2,4,5,6]; c3:bw=31,experts=[1,4,7]; c7:bw=22,experts=[4,6]; c9:bw=58,experts=[1,3,4,6,7]; c6:bw=22,experts=[4,6]; c8:bw=10,experts=[4]; c5:bw=10,experts=[4]; c4:bw=32,experts=[4,6,7]; c0:bw=19,experts=[4]; c2:bw=51,experts=[0,3,4,5,6]
   94 | 0.01000 |   0.7789 |   77.19% |   78.36% |    0:54.18
      bandwidth/experts | c7:bw=45,experts=[1,4,5,6]; c2:bw=65,experts=[0,2,4,5,6,7]; c5:bw=41,experts=[2,4,6,7]; c4:bw=31,experts=[4,6,7]; c6:bw=30,experts=[2,4,6]; c9:bw=50,experts=[0,3,4,6,7]; c1:bw=70,experts=[0,1,3,4,5,6,7]; c8:bw=10,experts=[4]; c0:bw=55,experts=[0,4,5,6,7]; c3:bw=34,experts=[4,5,6]
   95 | 0.01000 |   0.7880 |   75.89% |   78.36% |    0:54.13
      bandwidth/experts | c7:bw=59,experts=[3,4,5,6,7]; c9:bw=42,experts=[3,4,6,7]; c4:bw=15,experts=[0]; c6:bw=40,experts=[0,3,4,6]; c0:bw=35,experts=[4,6,7]; c3:bw=41,experts=[0,4,6,7]; c1:bw=31,experts=[4,5,6]; c8:bw=76,experts=[0,1,2,4,5,6,7]; c2:bw=23,experts=[4,6]; c5:bw=10,experts=[4]
   96 | 0.01000 |   0.7725 |   77.31% |   78.36% |    0:54.44
      bandwidth/experts | c2:bw=65,experts=[0,2,4,5,6,7]; c9:bw=44,experts=[3,4,6,7]; c3:bw=46,experts=[4,5,6,7]; c1:bw=36,experts=[4,6,7]; c5:bw=60,experts=[0,3,4,5,6,7]; c4:bw=49,experts=[1,2,4,6]; c6:bw=31,experts=[4,6,7]; c7:bw=50,experts=[0,4,5,6,7]; c0:bw=36,experts=[2,4,6]; c8:bw=64,experts=[0,3,4,5,6,7]
   97 | 0.01000 |   0.7731 |   78.31% |   78.36% |    0:54.37
      bandwidth/experts | c0:bw=41,experts=[3,4,6,7]; c9:bw=43,experts=[3,4,6,7]; c8:bw=43,experts=[4,5,6,7]; c4:bw=16,experts=[4]; c7:bw=30,experts=[4,6,7]; c1:bw=50,experts=[2,4,5,6,7]; c3:bw=35,experts=[3,4,6]; c5:bw=46,experts=[3,4,6,7]; c6:bw=50,experts=[2,4,5,6,7]; c2:bw=54,experts=[3,4,5,6,7]
   98 | 0.01000 |   0.7714 |   79.09% |   79.09% |    0:54.49
      bandwidth/experts | c4:bw=52,experts=[3,4,5,6,7]; c8:bw=54,experts=[0,4,5,6,7]; c9:bw=27,experts=[2,4]; c7:bw=24,experts=[4,6]; c6:bw=36,experts=[1,4,6]; c5:bw=49,experts=[1,4,6,7]; c0:bw=33,experts=[1,4,6]; c3:bw=25,experts=[4,6]; c1:bw=26,experts=[4,6]; c2:bw=24,experts=[4,6]
   99 | 0.01000 |   0.7660 |   79.60% |   79.60% |    0:54.62
      bandwidth/experts | c8:bw=34,experts=[4,6,7]; c5:bw=49,experts=[3,4,6,7]; c7:bw=45,experts=[2,4,6,7]; c1:bw=59,experts=[3,4,5,6,7]; c3:bw=38,experts=[2,4,6]; c9:bw=20,experts=[4,6]; c4:bw=24,experts=[4,6]; c0:bw=40,experts=[3,4,6,7]; c2:bw=31,experts=[4,6,7]; c6:bw=35,experts=[4,6,7]
  100 | 0.01000 |   0.7675 |   78.52% |   79.60% |    0:54.10
      bandwidth/experts | c2:bw=30,experts=[1,4,6]; c8:bw=44,experts=[2,4,5,6]; c9:bw=53,experts=[3,4,5,6,7]; c5:bw=18,experts=[4]; c6:bw=44,experts=[3,4,6,7]; c1:bw=17,experts=[4]; c4:bw=65,experts=[0,3,4,5,6,7]; c7:bw=10,experts=[4]; c3:bw=42,experts=[3,4,6,7]; c0:bw=64,experts=[0,2,4,5,6,7]

Done. Best Acc: 79.60% @ round 99
Total time: 1:29:54.61
[Export] 实验目录: /userhome/cs3/duanty/FedMoE/results/exp01-c10-resnet-e8-fedadam-tau1e2/20260921-065743
[Export] 每轮明细: /userhome/cs3/duanty/FedMoE/results/exp01-c10-resnet-e8-fedadam-tau1e2/20260921-065743/rounds.xlsx
[Export] 总体摘要: /userhome/cs3/duanty/FedMoE/results/exp01-c10-resnet-e8-fedadam-tau1e2/20260921-065743/summary.xlsx
[Plot] result = /userhome/cs3/duanty/FedMoE/results/exp01-c10-resnet-e8-fedadam-tau1e2/20260921-065743
[Plot] figures -> /userhome/cs3/duanty/FedMoE/results/exp01-c10-resnet-e8-fedadam-tau1e2/20260921-065743/figure
  fig01_test_accuracy.pdf
  fig02_train_loss.pdf
  fig03_acc_and_loss.pdf
  fig04_bandwidth_and_k.pdf
  fig05_expert_round_heatmap.pdf
  fig06_client_expert_heatmap.pdf
  fig07_expert_frequency.pdf
  fig08_time_breakdown.pdf
  fig09_accuracy_vs_communication.pdf
  fig10_overview.pdf
[Export] 图片目录: /userhome/cs3/duanty/FedMoE/results/exp01-c10-resnet-e8-fedadam-tau1e2/20260921-065743/figure
