========================================
Job    : exp01-svhn-resnet-e8-fedrolex
Host   : gpu-4090-102
Date   : Mon Sep 21 16:13:33 HKT 2026
GPU    : 0
Python : /userhome/cs3/duanty/miniconda3/envs/moe/bin/python
Command: python -u main.py --method ours --dataset svhn --backbone resnet --select fedrolex --merge ours --device cuda --num_experts 8 --bw_max -1 --output_dir ./results/exp01-svhn-resnet-e8-fedrolex
========================================

==================================================================
 Ours  
  Dataset=svhn | beta=0.1 | Backbone=resnet | width_mult=1 | Clients=10 | Experts=8
  Select=fedrolex | Merge=ours
  Rounds=100 | LR=0.01
  Bandwidth: expert_bw=10 | bw=[10, 80] | Rayleigh-Shannon, SNR=10 dB | k=floor(bw/10)
==================================================================


[Partition] Dirichlet beta=0.1, 10 clients
  Client 0:   4975 samples | 6/10 classes
  Client 1:  13141 samples | 4/10 classes
  Client 2:   9473 samples | 7/10 classes
  Client 3:   1473 samples | 7/10 classes
  Client 4:   8663 samples | 10/10 classes
  Client 5:   2743 samples | 6/10 classes
  Client 6:  11091 samples | 7/10 classes
  Client 7:  14881 samples | 5/10 classes
  Client 8:   3149 samples | 5/10 classes
  Client 9:   3668 samples | 10/10 classes

[Upload] expert_bw=10 | available bw=[10, 80] | Rayleigh-Shannon, SNR=10 dB | upload k=floor(bw/10), cap=8 | rolling-window expert selection

[Model] Total params: 13,315,216

[Export] 本次实验目录: /userhome/cs3/duanty/FedMoE/results/exp01-svhn-resnet-e8-fedrolex/20260921-161341

Round |      LR |  AvgLoss |  TestAcc |     Best |  RoundTime
--------------------------------------------------------------------------------
    1 | 0.00208 |   1.5678 |    9.70% |    9.70% |    1:19.39
      bandwidth/experts | c8:bw=55,experts=[0,1,2,3,4]; c1:bw=29,experts=[1,2]; c5:bw=44,experts=[0,5,6,7]; c0:bw=10,experts=[0]; c7:bw=20,experts=[0,7]; c2:bw=29,experts=[2,3]; c9:bw=45,experts=[1,2,3,4]; c4:bw=40,experts=[4,5,6,7]; c3:bw=51,experts=[3,4,5,6,7]; c6:bw=41,experts=[0,1,6,7]
    2 | 0.00406 |   1.3159 |   15.94% |   15.94% |    1:13.84
      bandwidth/experts | c0:bw=36,experts=[1,2,3]; c1:bw=41,experts=[3,4,5,6]; c8:bw=48,experts=[0,5,6,7]; c5:bw=69,experts=[1,2,3,4,5,6]; c3:bw=67,experts=[0,1,2,3,4,5]; c4:bw=30,experts=[0,1,2]; c7:bw=55,experts=[1,2,3,4,5]; c9:bw=46,experts=[0,5,6,7]; c6:bw=17,experts=[2]; c2:bw=22,experts=[4,5]
    3 | 0.00604 |   1.0151 |   28.67% |   28.67% |    1:13.58
      bandwidth/experts | c9:bw=48,experts=[1,2,3,4]; c2:bw=42,experts=[0,1,6,7]; c0:bw=50,experts=[0,4,5,6,7]; c6:bw=40,experts=[3,4,5,6]; c8:bw=30,experts=[1,2,3]; c5:bw=13,experts=[7]; c3:bw=26,experts=[6,7]; c7:bw=33,experts=[0,6,7]; c1:bw=13,experts=[7]; c4:bw=52,experts=[3,4,5,6,7]
    4 | 0.00802 |   0.8521 |   55.17% |   55.17% |    1:13.09
      bandwidth/experts | c1:bw=40,experts=[0,1,2,3]; c7:bw=45,experts=[1,2,3,4]; c6:bw=53,experts=[0,1,2,3,7]; c2:bw=60,experts=[2,3,4,5,6,7]; c8:bw=31,experts=[4,5,6]; c0:bw=59,experts=[1,2,3,4,5]; c3:bw=34,experts=[0,1,2]; c4:bw=56,experts=[0,1,2,3,4]; c5:bw=73,experts=[0,1,2,3,4,5,6]; c9:bw=22,experts=[5,6]
    5 | 0.01000 |   0.7790 |   44.56% |   55.17% |    1:14.51
      bandwidth/experts | c1:bw=20,experts=[4,5]; c5:bw=40,experts=[0,1,2,7]; c4:bw=48,experts=[0,5,6,7]; c8:bw=37,experts=[0,1,7]; c0:bw=50,experts=[0,1,2,6,7]; c7:bw=24,experts=[5,6]; c6:bw=53,experts=[0,4,5,6,7]; c3:bw=63,experts=[0,3,4,5,6,7]; c2:bw=10,experts=[0]; c9:bw=62,experts=[0,1,2,3,4,7]
    6 | 0.01000 |   0.7326 |   54.97% |   55.17% |    1:15.78
      bandwidth/experts | c8:bw=67,experts=[2,3,4,5,6,7]; c2:bw=42,experts=[1,2,3,4]; c5:bw=27,experts=[3,4]; c7:bw=58,experts=[0,1,2,3,7]; c3:bw=36,experts=[1,2,3]; c1:bw=32,experts=[0,6,7]; c9:bw=48,experts=[0,5,6,7]; c0:bw=31,experts=[3,4,5]; c4:bw=17,experts=[1]; c6:bw=20,experts=[1,2]
    7 | 0.01000 |   0.7547 |   46.20% |   55.17% |    1:14.49
      bandwidth/experts | c0:bw=36,experts=[0,6,7]; c5:bw=49,experts=[0,5,6,7]; c2:bw=40,experts=[0,5,6,7]; c6:bw=13,experts=[3]; c3:bw=26,experts=[4,5]; c7:bw=31,experts=[4,5,6]; c4:bw=14,experts=[2]; c1:bw=10,experts=[1]; c8:bw=57,experts=[0,1,2,3,4]; c9:bw=10,experts=[1]
    8 | 0.01000 |   0.7244 |   60.85% |   60.85% |    1:15.24
      bandwidth/experts | c4:bw=10,experts=[3]; c8:bw=37,experts=[5,6,7]; c1:bw=58,experts=[2,3,4,5,6]; c3:bw=37,experts=[0,6,7]; c0:bw=32,experts=[1,2,3]; c5:bw=28,experts=[1,2]; c2:bw=54,experts=[1,2,3,4,5]; c9:bw=59,experts=[2,3,4,5,6]; c7:bw=15,experts=[7]; c6:bw=41,experts=[4,5,6,7]
    9 | 0.01000 |   0.7217 |   81.34% |   81.34% |    1:15.80
      bandwidth/experts | c2:bw=21,experts=[6,7]; c0:bw=52,experts=[0,4,5,6,7]; c4:bw=59,experts=[0,4,5,6,7]; c9:bw=26,experts=[0,7]; c8:bw=18,experts=[0]; c6:bw=31,experts=[0,1,2]; c7:bw=46,experts=[0,1,2,3]; c5:bw=52,experts=[3,4,5,6,7]; c1:bw=14,experts=[7]; c3:bw=23,experts=[1,2]
   10 | 0.01000 |   0.6778 |   71.32% |   81.34% |    1:18.06
      bandwidth/experts | c4:bw=37,experts=[1,2,3]; c2:bw=34,experts=[0,1,2]; c7:bw=37,experts=[4,5,6]; c0:bw=59,experts=[1,2,3,4,5]; c6:bw=65,experts=[0,3,4,5,6,7]; c3:bw=46,experts=[3,4,5,6]; c5:bw=58,experts=[0,1,2,3,4]; c8:bw=35,experts=[1,2,3]; c9:bw=35,experts=[1,2,3]; c1:bw=41,experts=[0,1,2,3]
   11 | 0.01000 |   0.6973 |   78.13% |   81.34% |    1:21.68
      bandwidth/experts | c5:bw=28,experts=[5,6]; c2:bw=27,experts=[3,4]; c7:bw=44,experts=[0,1,2,7]; c3:bw=50,experts=[0,1,2,3,7]; c0:bw=28,experts=[6,7]; c8:bw=39,experts=[4,5,6]; c9:bw=33,experts=[4,5,6]; c6:bw=55,experts=[1,2,3,4,5]; c1:bw=40,experts=[4,5,6,7]; c4:bw=16,experts=[4]
   12 | 0.01000 |   0.6801 |   56.25% |   81.34% |    1:19.67
      bandwidth/experts | c1:bw=42,experts=[0,1,2,3]; c5:bw=56,experts=[0,1,2,3,7]; c2:bw=57,experts=[0,1,5,6,7]; c4:bw=28,experts=[5,6]; c3:bw=35,experts=[4,5,6]; c7:bw=30,experts=[3,4,5]; c9:bw=42,experts=[0,1,2,7]; c6:bw=29,experts=[6,7]; c8:bw=55,experts=[0,1,2,3,7]; c0:bw=49,experts=[0,1,2,3]
   13 | 0.01000 |   0.7127 |   58.17% |   81.34% |    1:19.17
      bandwidth/experts | c3:bw=30,experts=[0,1,7]; c1:bw=47,experts=[4,5,6,7]; c4:bw=10,experts=[7]; c5:bw=29,experts=[4,5]; c8:bw=15,experts=[4]; c6:bw=36,experts=[0,1,2]; c9:bw=15,experts=[3]; c7:bw=58,experts=[0,1,2,6,7]; c0:bw=25,experts=[4,5]; c2:bw=16,experts=[2]
   14 | 0.01000 |   0.6882 |   82.10% |   82.10% |    1:12.67
      bandwidth/experts | c2:bw=45,experts=[3,4,5,6]; c4:bw=10,experts=[0]; c5:bw=64,experts=[0,1,2,3,6,7]; c1:bw=38,experts=[0,1,2]; c7:bw=25,experts=[3,4]; c0:bw=25,experts=[6,7]; c9:bw=32,experts=[4,5,6]; c3:bw=45,experts=[2,3,4,5]; c8:bw=21,experts=[5,6]; c6:bw=67,experts=[0,3,4,5,6,7]
   15 | 0.01000 |   0.6741 |   79.24% |   82.10% |    1:12.10
      bandwidth/experts | c7:bw=59,experts=[0,1,5,6,7]; c0:bw=20,experts=[0,1]; c1:bw=14,experts=[3]; c8:bw=52,experts=[0,1,2,3,7]; c3:bw=10,experts=[6]; c2:bw=53,experts=[0,1,2,3,7]; c4:bw=47,experts=[1,2,3,4]; c5:bw=18,experts=[4]; c9:bw=19,experts=[7]; c6:bw=33,experts=[1,2,3]
   16 | 0.01000 |   0.6498 |   77.32% |   82.10% |    1:11.55
      bandwidth/experts | c6:bw=40,experts=[4,5,6,7]; c1:bw=29,experts=[4,5]; c3:bw=43,experts=[0,1,2,7]; c8:bw=49,experts=[4,5,6,7]; c7:bw=22,experts=[2,3]; c5:bw=40,experts=[0,5,6,7]; c4:bw=35,experts=[5,6,7]; c9:bw=24,experts=[0,1]; c0:bw=57,experts=[2,3,4,5,6]; c2:bw=52,experts=[0,4,5,6,7]
   17 | 0.01000 |   0.6553 |   84.70% |   84.70% |    1:12.43
      bandwidth/experts | c4:bw=58,experts=[0,1,2,3,4]; c7:bw=25,experts=[4,5]; c8:bw=10,experts=[0]; c3:bw=52,experts=[3,4,5,6,7]; c5:bw=10,experts=[1]; c1:bw=29,experts=[6,7]; c0:bw=11,experts=[7]; c2:bw=19,experts=[1]; c9:bw=37,experts=[2,3,4]; c6:bw=39,experts=[0,1,2]
   18 | 0.01000 |   0.6422 |   76.53% |   84.70% |    1:13.56
      bandwidth/experts | c1:bw=10,experts=[0]; c8:bw=10,experts=[1]; c5:bw=35,experts=[2,3,4]; c2:bw=37,experts=[2,3,4]; c9:bw=19,experts=[5]; c7:bw=55,experts=[0,1,2,6,7]; c4:bw=56,experts=[0,1,5,6,7]; c3:bw=37,experts=[0,1,2]; c0:bw=49,experts=[0,1,2,3]; c6:bw=31,experts=[3,4,5]
   19 | 0.01000 |   0.6326 |   90.08% |   90.08% |    1:13.67
      bandwidth/experts | c8:bw=56,experts=[2,3,4,5,6]; c0:bw=42,experts=[4,5,6,7]; c4:bw=51,experts=[2,3,4,5,6]; c1:bw=46,experts=[1,2,3,4]; c9:bw=38,experts=[0,6,7]; c5:bw=29,experts=[5,6]; c7:bw=22,experts=[3,4]; c2:bw=14,experts=[5]; c6:bw=66,experts=[0,1,2,3,6,7]; c3:bw=40,experts=[3,4,5,6]
   20 | 0.01000 |   0.6289 |   82.56% |   90.08% |    1:13.74
      bandwidth/experts | c0:bw=28,experts=[0,1]; c2:bw=41,experts=[0,1,6,7]; c1:bw=40,experts=[0,5,6,7]; c9:bw=17,experts=[1]; c7:bw=43,experts=[0,5,6,7]; c6:bw=68,experts=[0,1,4,5,6,7]; c3:bw=18,experts=[7]; c5:bw=10,experts=[7]; c4:bw=59,experts=[0,1,2,3,7]; c8:bw=50,experts=[0,1,2,3,7]
   21 | 0.01000 |   0.6251 |   88.10% |   90.08% |    1:13.91
      bandwidth/experts | c1:bw=41,experts=[1,2,3,4]; c2:bw=39,experts=[2,3,4]; c7:bw=12,experts=[1]; c4:bw=48,experts=[4,5,6,7]; c8:bw=18,experts=[4]; c5:bw=32,experts=[0,1,2]; c0:bw=66,experts=[2,3,4,5,6,7]; c3:bw=10,experts=[0]; c6:bw=16,experts=[2]; c9:bw=25,experts=[2,3]
   22 | 0.01000 |   0.6205 |   92.42% |   92.42% |    1:15.16
      bandwidth/experts | c7:bw=16,experts=[2]; c9:bw=33,experts=[4,5,6]; c1:bw=10,experts=[5]; c6:bw=61,experts=[0,3,4,5,6,7]; c5:bw=17,experts=[3]; c2:bw=66,experts=[0,1,2,5,6,7]; c0:bw=67,experts=[0,1,2,3,4,5]; c4:bw=36,experts=[0,1,2]; c3:bw=56,experts=[1,2,3,4,5]; c8:bw=33,experts=[5,6,7]
   23 | 0.01000 |   0.6210 |   86.72% |   92.42% |    1:13.50
      bandwidth/experts | c5:bw=52,experts=[0,4,5,6,7]; c7:bw=15,experts=[3]; c4:bw=56,experts=[3,4,5,6,7]; c6:bw=10,experts=[1]; c9:bw=50,experts=[0,1,2,3,7]; c8:bw=35,experts=[0,1,2]; c3:bw=15,experts=[6]; c1:bw=62,experts=[0,1,2,3,6,7]; c2:bw=32,experts=[3,4,5]; c0:bw=11,experts=[6]
   24 | 0.01000 |   0.6128 |   90.25% |   92.42% |    1:13.80
      bandwidth/experts | c6:bw=30,experts=[2,3,4]; c4:bw=12,experts=[0]; c7:bw=10,experts=[4]; c9:bw=50,experts=[0,4,5,6,7]; c2:bw=43,experts=[0,1,6,7]; c1:bw=10,experts=[4]; c5:bw=25,experts=[1,2]; c8:bw=18,experts=[3]; c3:bw=10,experts=[7]; c0:bw=31,experts=[0,1,7]
   25 | 0.01000 |   0.6110 |   91.21% |   92.42% |    1:13.84
      bandwidth/experts | c9:bw=40,experts=[1,2,3,4]; c6:bw=16,experts=[5]; c4:bw=58,experts=[1,2,3,4,5]; c3:bw=14,experts=[0]; c5:bw=64,experts=[0,3,4,5,6,7]; c1:bw=49,experts=[0,5,6,7]; c8:bw=55,experts=[0,4,5,6,7]; c2:bw=12,experts=[2]; c0:bw=56,experts=[2,3,4,5,6]; c7:bw=40,experts=[0,5,6,7]
   26 | 0.01000 |   0.6096 |   93.92% |   93.92% |    1:13.80
      bandwidth/experts | c3:bw=44,experts=[1,2,3,4]; c6:bw=34,experts=[0,6,7]; c9:bw=50,experts=[0,1,5,6,7]; c7:bw=31,experts=[1,2,3]; c1:bw=33,experts=[1,2,3]; c5:bw=20,experts=[1,2]; c2:bw=30,experts=[3,4,5]; c8:bw=53,experts=[1,2,3,4,5]; c0:bw=11,experts=[7]; c4:bw=48,experts=[0,1,6,7]
   27 | 0.01000 |   0.6094 |   93.26% |   93.92% |    1:15.20
      bandwidth/experts | c7:bw=51,experts=[0,4,5,6,7]; c1:bw=62,experts=[0,1,4,5,6,7]; c4:bw=12,experts=[2]; c0:bw=36,experts=[0,1,2]; c9:bw=18,experts=[2]; c2:bw=20,experts=[6,7]; c8:bw=55,experts=[0,1,2,6,7]; c3:bw=21,experts=[5,6]; c6:bw=63,experts=[1,2,3,4,5,6]; c5:bw=37,experts=[3,4,5]
   28 | 0.01000 |   0.6043 |   76.19% |   93.92% |    1:13.77
      bandwidth/experts | c6:bw=29,experts=[0,7]; c9:bw=49,experts=[3,4,5,6]; c0:bw=47,experts=[3,4,5,6]; c8:bw=29,experts=[3,4]; c2:bw=10,experts=[0]; c5:bw=33,experts=[0,6,7]; c1:bw=25,experts=[2,3]; c3:bw=12,experts=[7]; c4:bw=10,experts=[3]; c7:bw=10,experts=[1]
   29 | 0.01000 |   0.6106 |   91.35% |   93.92% |    1:15.32
      bandwidth/experts | c4:bw=38,experts=[4,5,6]; c0:bw=44,experts=[0,1,2,7]; c1:bw=33,experts=[4,5,6]; c9:bw=44,experts=[0,1,2,7]; c6:bw=43,experts=[1,2,3,4]; c8:bw=34,experts=[5,6,7]; c7:bw=21,experts=[2,3]; c3:bw=32,experts=[0,1,2]; c2:bw=18,experts=[1]; c5:bw=33,experts=[1,2,3]
   30 | 0.01000 |   0.6018 |   84.77% |   93.92% |    1:13.93
      bandwidth/experts | c5:bw=62,experts=[0,1,4,5,6,7]; c1:bw=35,experts=[0,1,7]; c9:bw=54,experts=[3,4,5,6,7]; c4:bw=51,experts=[0,1,2,3,7]; c0:bw=17,experts=[3]; c8:bw=41,experts=[0,1,2,3]; c6:bw=11,experts=[5]; c7:bw=12,experts=[4]; c3:bw=59,experts=[3,4,5,6,7]; c2:bw=27,experts=[2,3]
   31 | 0.01000 |   0.6047 |   91.40% |   93.92% |    1:15.69
      bandwidth/experts | c6:bw=29,experts=[6,7]; c4:bw=19,experts=[4]; c9:bw=45,experts=[0,1,2,3]; c1:bw=30,experts=[2,3,4]; c5:bw=62,experts=[2,3,4,5,6,7]; c8:bw=33,experts=[4,5,6]; c3:bw=24,experts=[0,1]; c2:bw=15,experts=[4]; c0:bw=47,experts=[4,5,6,7]; c7:bw=63,experts=[0,1,2,5,6,7]
   32 | 0.01000 |   0.6007 |   79.25% |   93.92% |    1:28.50
      bandwidth/experts | c8:bw=21,experts=[0,7]; c5:bw=36,experts=[0,1,2]; c4:bw=49,experts=[0,5,6,7]; c7:bw=47,experts=[3,4,5,6]; c0:bw=46,experts=[0,1,2,3]; c1:bw=21,experts=[5,6]; c3:bw=28,experts=[2,3]; c6:bw=27,experts=[0,1]; c2:bw=54,experts=[0,1,5,6,7]; c9:bw=31,experts=[4,5,6]
   33 | 0.01000 |   0.6041 |   84.27% |   93.92% |    1:30.17
      bandwidth/experts | c7:bw=52,experts=[0,1,2,3,7]; c1:bw=34,experts=[0,1,7]; c3:bw=70,experts=[0,1,2,4,5,6,7]; c6:bw=37,experts=[2,3,4]; c5:bw=29,experts=[3,4]; c9:bw=42,experts=[0,1,2,7]; c2:bw=24,experts=[2,3]; c8:bw=50,experts=[1,2,3,4,5]; c4:bw=45,experts=[1,2,3,4]; c0:bw=62,experts=[0,1,4,5,6,7]
   34 | 0.01000 |   0.5980 |   93.54% |   93.92% |    1:30.32
      bandwidth/experts | c4:bw=46,experts=[0,5,6,7]; c1:bw=46,experts=[2,3,4,5]; c6:bw=48,experts=[0,5,6,7]; c9:bw=68,experts=[0,3,4,5,6,7]; c8:bw=42,experts=[0,1,6,7]; c0:bw=22,experts=[2,3]; c5:bw=60,experts=[0,1,2,5,6,7]; c7:bw=32,experts=[4,5,6]; c3:bw=72,experts=[0,1,3,4,5,6,7]; c2:bw=54,experts=[0,4,5,6,7]
   35 | 0.01000 |   0.5929 |   95.23% |   95.23% |    1:29.89
      bandwidth/experts | c4:bw=33,experts=[1,2,3]; c0:bw=20,experts=[4,5]; c1:bw=31,experts=[0,6,7]; c6:bw=44,experts=[1,2,3,4]; c2:bw=46,experts=[1,2,3,4]; c8:bw=50,experts=[2,3,4,5,6]; c9:bw=27,experts=[1,2]; c7:bw=48,experts=[0,1,2,7]; c5:bw=41,experts=[3,4,5,6]; c3:bw=24,experts=[2,3]
   36 | 0.01000 |   0.5936 |   94.21% |   95.23% |    1:29.69
      bandwidth/experts | c9:bw=37,experts=[3,4,5]; c0:bw=36,experts=[0,6,7]; c3:bw=60,experts=[0,1,4,5,6,7]; c7:bw=27,experts=[3,4]; c6:bw=43,experts=[0,5,6,7]; c5:bw=49,experts=[0,1,2,7]; c1:bw=10,experts=[1]; c4:bw=74,experts=[0,1,2,4,5,6,7]; c8:bw=51,experts=[0,1,2,3,7]; c2:bw=50,experts=[0,1,5,6,7]
   37 | 0.01000 |   0.5892 |   95.38% |   95.38% |    1:30.79
      bandwidth/experts | c1:bw=18,experts=[2]; c5:bw=39,experts=[3,4,5]; c2:bw=36,experts=[2,3,4]; c6:bw=65,experts=[1,2,3,4,5,6]; c4:bw=39,experts=[3,4,5]; c7:bw=42,experts=[0,5,6,7]; c9:bw=40,experts=[0,1,6,7]; c0:bw=54,experts=[1,2,3,4,5]; c3:bw=36,experts=[2,3,4]; c8:bw=10,experts=[4]
   38 | 0.01000 |   0.5902 |   94.55% |   95.38% |    1:29.59
      bandwidth/experts | c8:bw=46,experts=[0,5,6,7]; c6:bw=17,experts=[7]; c4:bw=52,experts=[0,1,2,6,7]; c1:bw=31,experts=[3,4,5]; c5:bw=10,experts=[6]; c2:bw=10,experts=[5]; c3:bw=38,experts=[5,6,7]; c7:bw=51,experts=[1,2,3,4,5]; c9:bw=26,experts=[2,3]; c0:bw=40,experts=[0,1,6,7]
   39 | 0.01000 |   0.5890 |   94.33% |   95.38% |    1:30.13
      bandwidth/experts | c3:bw=26,experts=[0,1]; c0:bw=10,experts=[2]; c1:bw=45,experts=[0,1,6,7]; c7:bw=40,experts=[0,1,6,7]; c6:bw=31,experts=[0,1,2]; c8:bw=45,experts=[1,2,3,4]; c2:bw=36,experts=[0,6,7]; c4:bw=36,experts=[3,4,5]; c9:bw=24,experts=[4,5]; c5:bw=75,experts=[0,1,2,3,4,5,7]
   40 | 0.01000 |   0.5868 |   94.99% |   95.38% |    1:29.82
      bandwidth/experts | c8:bw=26,experts=[5,6]; c1:bw=42,experts=[2,3,4,5]; c5:bw=32,experts=[0,6,7]; c6:bw=46,experts=[3,4,5,6]; c2:bw=65,experts=[1,2,3,4,5,6]; c7:bw=66,experts=[2,3,4,5,6,7]; c3:bw=10,experts=[2]; c4:bw=19,experts=[6]; c9:bw=40,experts=[0,1,6,7]; c0:bw=36,experts=[3,4,5]
   41 | 0.01000 |   0.5863 |   93.81% |   95.38% |    1:29.95
      bandwidth/experts | c2:bw=54,experts=[0,1,2,3,7]; c6:bw=10,experts=[7]; c8:bw=57,experts=[0,1,2,3,7]; c1:bw=10,experts=[6]; c4:bw=50,experts=[0,1,2,3,7]; c5:bw=61,experts=[1,2,3,4,5,6]; c7:bw=68,experts=[0,1,2,3,4,5]; c3:bw=40,experts=[3,4,5,6]; c9:bw=54,experts=[2,3,4,5,6]; c0:bw=10,experts=[6]
   42 | 0.01000 |   0.5850 |   95.19% |   95.38% |    1:29.79
      bandwidth/experts | c5:bw=50,experts=[0,1,2,3,7]; c1:bw=49,experts=[0,1,2,7]; c3:bw=48,experts=[0,1,2,7]; c9:bw=51,experts=[0,1,2,3,7]; c6:bw=34,experts=[0,1,2]; c0:bw=15,experts=[7]; c7:bw=20,experts=[6,7]; c4:bw=55,experts=[0,4,5,6,7]; c8:bw=42,experts=[4,5,6,7]; c2:bw=40,experts=[4,5,6,7]
   43 | 0.01000 |   0.5834 |   94.94% |   95.38% |    1:29.86
      bandwidth/experts | c5:bw=53,experts=[0,4,5,6,7]; c1:bw=58,experts=[3,4,5,6,7]; c2:bw=51,experts=[0,1,2,3,4]; c8:bw=45,experts=[0,1,2,3]; c9:bw=32,experts=[4,5,6]; c7:bw=21,experts=[0,1]; c4:bw=34,experts=[1,2,3]; c6:bw=12,experts=[3]; c3:bw=65,experts=[0,3,4,5,6,7]; c0:bw=21,experts=[0,1]
   44 | 0.01000 |   0.5821 |   95.07% |   95.38% |    1:30.13
      bandwidth/experts | c0:bw=66,experts=[2,3,4,5,6,7]; c3:bw=47,experts=[1,2,3,4]; c4:bw=29,experts=[4,5]; c2:bw=37,experts=[5,6,7]; c7:bw=75,experts=[0,2,3,4,5,6,7]; c5:bw=24,experts=[1,2]; c6:bw=20,experts=[4,5]; c9:bw=37,experts=[0,1,7]; c8:bw=34,experts=[4,5,6]; c1:bw=45,experts=[0,1,2,3]
   45 | 0.01000 |   0.5813 |   95.86% |   95.86% |    1:29.61
      bandwidth/experts | c8:bw=55,experts=[0,1,2,3,7]; c0:bw=36,experts=[0,1,2]; c3:bw=67,experts=[0,1,2,5,6,7]; c4:bw=64,experts=[0,1,2,3,6,7]; c7:bw=36,experts=[1,2,3]; c2:bw=49,experts=[0,1,2,3]; c9:bw=25,experts=[2,3]; c6:bw=10,experts=[6]; c5:bw=44,experts=[3,4,5,6]; c1:bw=56,experts=[0,4,5,6,7]
   46 | 0.01000 |   0.5794 |   95.14% |   95.86% |    1:30.22
      bandwidth/experts | c9:bw=37,experts=[4,5,6]; c3:bw=27,experts=[3,4]; c6:bw=39,experts=[0,1,7]; c1:bw=41,experts=[1,2,3,4]; c4:bw=64,experts=[0,1,4,5,6,7]; c5:bw=41,experts=[0,1,2,7]; c2:bw=57,experts=[0,4,5,6,7]; c8:bw=39,experts=[4,5,6]; c0:bw=55,experts=[3,4,5,6,7]; c7:bw=28,experts=[4,5]
   47 | 0.01000 |   0.5804 |   93.62% |   95.86% |    1:30.06
      bandwidth/experts | c5:bw=52,experts=[3,4,5,6,7]; c6:bw=22,experts=[2,3]; c7:bw=53,experts=[0,1,2,6,7]; c9:bw=17,experts=[7]; c8:bw=39,experts=[0,1,7]; c3:bw=70,experts=[0,1,2,3,5,6,7]; c4:bw=10,experts=[2]; c0:bw=46,experts=[0,1,2,3]; c1:bw=30,experts=[5,6,7]; c2:bw=54,experts=[1,2,3,4,5]
   48 | 0.01000 |   0.5791 |   95.68% |   95.86% |    1:30.01
      bandwidth/experts | c1:bw=50,experts=[0,1,2,3,4]; c8:bw=50,experts=[2,3,4,5,6]; c4:bw=67,experts=[0,3,4,5,6,7]; c2:bw=57,experts=[0,1,2,6,7]; c9:bw=52,experts=[0,1,2,3,4]; c6:bw=45,experts=[4,5,6,7]; c5:bw=55,experts=[0,1,2,3,4]; c7:bw=62,experts=[0,3,4,5,6,7]; c0:bw=16,experts=[4]; c3:bw=18,experts=[4]
   49 | 0.01000 |   0.5786 |   95.19% |   95.86% |    1:29.60
      bandwidth/experts | c4:bw=48,experts=[1,2,3,4]; c3:bw=32,experts=[5,6,7]; c8:bw=26,experts=[0,7]; c0:bw=20,experts=[5,6]; c2:bw=58,experts=[3,4,5,6,7]; c5:bw=56,experts=[0,1,5,6,7]; c6:bw=13,experts=[0]; c7:bw=44,experts=[1,2,3,4]; c9:bw=53,experts=[0,1,5,6,7]; c1:bw=54,experts=[0,1,5,6,7]
   50 | 0.01000 |   0.5784 |   96.10% |   96.10% |    1:29.97
      bandwidth/experts | c8:bw=32,experts=[1,2,3]; c4:bw=10,experts=[5]; c7:bw=34,experts=[5,6,7]; c6:bw=68,experts=[1,2,3,4,5,6]; c2:bw=63,experts=[0,1,2,3,4,5]; c1:bw=64,experts=[2,3,4,5,6,7]; c3:bw=39,experts=[0,1,2]; c0:bw=29,experts=[0,7]; c9:bw=27,experts=[2,3]; c5:bw=31,experts=[2,3,4]
   51 | 0.01000 |   0.5752 |   94.61% |   96.10% |    1:30.28
      bandwidth/experts | c5:bw=47,experts=[0,5,6,7]; c0:bw=53,experts=[1,2,3,4,5]; c1:bw=21,experts=[0,1]; c2:bw=20,experts=[6,7]; c8:bw=46,experts=[4,5,6,7]; c6:bw=52,experts=[0,1,2,3,7]; c9:bw=18,experts=[4]; c3:bw=55,experts=[3,4,5,6,7]; c4:bw=11,experts=[6]; c7:bw=27,experts=[0,1]
   52 | 0.01000 |   0.5749 |   95.93% |   96.10% |    1:29.46
      bandwidth/experts | c0:bw=46,experts=[0,1,6,7]; c8:bw=18,experts=[0]; c5:bw=24,experts=[1,2]; c7:bw=34,experts=[2,3,4]; c1:bw=40,experts=[2,3,4,5]; c4:bw=33,experts=[0,1,7]; c9:bw=31,experts=[5,6,7]; c6:bw=51,experts=[0,4,5,6,7]; c2:bw=29,experts=[0,1]; c3:bw=43,experts=[0,1,2,3]
   53 | 0.01000 |   0.5733 |   93.48% |   96.10% |    1:29.76
      bandwidth/experts | c8:bw=22,experts=[1,2]; c4:bw=28,experts=[2,3]; c5:bw=44,experts=[3,4,5,6]; c1:bw=59,experts=[0,1,2,6,7]; c3:bw=47,experts=[4,5,6,7]; c9:bw=61,experts=[0,1,2,3,4,5]; c6:bw=36,experts=[1,2,3]; c7:bw=44,experts=[0,5,6,7]; c0:bw=39,experts=[2,3,4]; c2:bw=51,experts=[2,3,4,5,6]
   54 | 0.01000 |   0.5734 |   95.41% |   96.10% |    1:29.77
      bandwidth/experts | c2:bw=10,experts=[7]; c1:bw=53,experts=[3,4,5,6,7]; c8:bw=55,experts=[3,4,5,6,7]; c7:bw=61,experts=[1,2,3,4,5,6]; c3:bw=30,experts=[0,1,2]; c0:bw=37,experts=[5,6,7]; c6:bw=54,experts=[0,4,5,6,7]; c5:bw=10,experts=[7]; c9:bw=50,experts=[0,1,2,6,7]; c4:bw=32,experts=[4,5,6]
   55 | 0.01000 |   0.5731 |   95.53% |   96.10% |    1:30.04
      bandwidth/experts | c7:bw=54,experts=[0,1,2,3,7]; c2:bw=41,experts=[0,1,2,3]; c4:bw=14,experts=[7]; c3:bw=52,experts=[3,4,5,6,7]; c8:bw=14,experts=[0]; c5:bw=53,experts=[0,1,2,3,4]; c1:bw=60,experts=[0,1,2,3,4,5]; c6:bw=42,experts=[1,2,3,4]; c0:bw=27,experts=[0,1]; c9:bw=62,experts=[0,3,4,5,6,7]
   56 | 0.01000 |   0.5724 |   95.06% |   96.10% |    1:29.37
      bandwidth/experts | c9:bw=52,experts=[1,2,3,4,5]; c1:bw=56,experts=[0,1,2,6,7]; c3:bw=10,experts=[0]; c2:bw=53,experts=[0,4,5,6,7]; c5:bw=31,experts=[5,6,7]; c4:bw=10,experts=[0]; c8:bw=13,experts=[1]; c7:bw=18,experts=[4]; c6:bw=23,experts=[5,6]; c0:bw=70,experts=[0,2,3,4,5,6,7]
   57 | 0.01000 |   0.5708 |   95.80% |   96.10% |    1:29.94
      bandwidth/experts | c3:bw=64,experts=[1,2,3,4,5,6]; c8:bw=43,experts=[2,3,4,5]; c6:bw=48,experts=[0,1,2,7]; c1:bw=49,experts=[3,4,5,6]; c7:bw=69,experts=[0,1,2,5,6,7]; c0:bw=70,experts=[1,2,3,4,5,6,7]; c5:bw=44,experts=[0,1,2,3]; c4:bw=41,experts=[1,2,3,4]; c2:bw=33,experts=[1,2,3]; c9:bw=19,experts=[6]
   58 | 0.01000 |   0.5713 |   95.42% |   96.10% |    1:30.44
      bandwidth/experts | c7:bw=24,experts=[3,4]; c2:bw=10,experts=[4]; c9:bw=57,experts=[0,1,2,3,7]; c6:bw=55,experts=[3,4,5,6,7]; c5:bw=35,experts=[4,5,6]; c1:bw=30,experts=[0,1,7]; c8:bw=40,experts=[0,1,6,7]; c4:bw=38,experts=[5,6,7]; c3:bw=61,experts=[0,1,2,3,4,7]; c0:bw=47,experts=[0,1,2,3]
   59 | 0.01000 |   0.5689 |   96.15% |   96.15% |    1:29.53
      bandwidth/experts | c2:bw=37,experts=[5,6,7]; c8:bw=56,experts=[2,3,4,5,6]; c9:bw=28,experts=[4,5]; c6:bw=19,experts=[0]; c1:bw=65,experts=[2,3,4,5,6,7]; c4:bw=26,experts=[0,1]; c7:bw=28,experts=[5,6]; c5:bw=32,experts=[0,1,7]; c0:bw=52,experts=[0,4,5,6,7]; c3:bw=35,experts=[5,6,7]
   60 | 0.01000 |   0.5705 |   95.47% |   96.15% |    1:29.77
      bandwidth/experts | c0:bw=53,experts=[1,2,3,4,5]; c7:bw=48,experts=[0,1,2,7]; c4:bw=30,experts=[2,3,4]; c2:bw=30,experts=[0,1,2]; c5:bw=33,experts=[2,3,4]; c8:bw=24,experts=[0,7]; c6:bw=59,experts=[1,2,3,4,5]; c9:bw=10,experts=[6]; c1:bw=54,experts=[0,1,2,3,4]; c3:bw=44,experts=[0,1,2,3]
   61 | 0.01000 |   0.5682 |   95.31% |   96.15% |    1:29.32
      bandwidth/experts | c5:bw=49,experts=[0,5,6,7]; c6:bw=37,experts=[0,6,7]; c2:bw=29,experts=[3,4]; c9:bw=38,experts=[0,1,7]; c1:bw=33,experts=[5,6,7]; c3:bw=43,experts=[4,5,6,7]; c8:bw=55,experts=[1,2,3,4,5]; c4:bw=38,experts=[5,6,7]; c7:bw=43,experts=[3,4,5,6]; c0:bw=60,experts=[0,1,2,3,6,7]
   62 | 0.01000 |   0.5678 |   95.76% |   96.15% |    1:29.78
      bandwidth/experts | c8:bw=13,experts=[6]; c6:bw=62,experts=[1,2,3,4,5,6]; c9:bw=16,experts=[2]; c4:bw=60,experts=[0,1,2,3,4,5]; c5:bw=67,experts=[1,2,3,4,5,6]; c0:bw=28,experts=[4,5]; c3:bw=53,experts=[0,1,2,3,4]; c2:bw=42,experts=[0,5,6,7]; c1:bw=75,experts=[0,1,2,3,4,5,6]; c7:bw=44,experts=[0,1,2,7]
   63 | 0.01000 |   0.5666 |   94.51% |   96.15% |    1:29.90
      bandwidth/experts | c5:bw=10,experts=[7]; c9:bw=21,experts=[3,4]; c6:bw=34,experts=[0,1,7]; c3:bw=52,experts=[0,1,5,6,7]; c8:bw=32,experts=[0,1,7]; c1:bw=50,experts=[0,1,2,3,7]; c7:bw=68,experts=[0,3,4,5,6,7]; c0:bw=41,experts=[0,1,6,7]; c2:bw=28,experts=[1,2]; c4:bw=52,experts=[0,1,2,6,7]
   64 | 0.01000 |   0.5669 |   95.91% |   96.15% |    1:29.40
      bandwidth/experts | c6:bw=50,experts=[2,3,4,5,6]; c4:bw=38,experts=[3,4,5]; c5:bw=24,experts=[0,1]; c3:bw=38,experts=[2,3,4]; c7:bw=34,experts=[1,2,3]; c0:bw=32,experts=[2,3,4]; c8:bw=53,experts=[2,3,4,5,6]; c9:bw=59,experts=[0,1,5,6,7]; c2:bw=56,experts=[3,4,5,6,7]; c1:bw=28,experts=[4,5]
   65 | 0.01000 |   0.5683 |   95.46% |   96.15% |    1:30.15
      bandwidth/experts | c7:bw=10,experts=[4]; c5:bw=29,experts=[2,3]; c4:bw=57,experts=[0,1,2,6,7]; c6:bw=50,experts=[0,1,2,3,7]; c8:bw=66,experts=[0,1,2,3,4,7]; c3:bw=42,experts=[0,5,6,7]; c0:bw=41,experts=[0,5,6,7]; c2:bw=28,experts=[0,1]; c1:bw=58,experts=[0,1,2,6,7]; c9:bw=47,experts=[2,3,4,5]
   66 | 0.01000 |   0.5670 |   95.97% |   96.15% |    1:29.77
      bandwidth/experts | c2:bw=41,experts=[2,3,4,5]; c5:bw=17,experts=[4]; c1:bw=54,experts=[3,4,5,6,7]; c8:bw=24,experts=[5,6]; c9:bw=31,experts=[0,6,7]; c6:bw=30,experts=[4,5,6]; c4:bw=41,experts=[3,4,5,6]; c0:bw=38,experts=[1,2,3]; c3:bw=66,experts=[1,2,3,4,5,6]; c7:bw=50,experts=[0,1,5,6,7]
   67 | 0.01000 |   0.5637 |   95.67% |   96.15% |    1:29.14
      bandwidth/experts | c4:bw=51,experts=[0,1,2,3,7]; c5:bw=48,experts=[0,5,6,7]; c1:bw=36,experts=[0,1,2]; c3:bw=25,experts=[0,7]; c6:bw=53,experts=[0,1,2,3,7]; c0:bw=32,experts=[4,5,6]; c2:bw=43,experts=[0,1,6,7]; c9:bw=60,experts=[1,2,3,4,5,6]; c7:bw=59,experts=[2,3,4,5,6]; c8:bw=10,experts=[7]
   68 | 0.01000 |   0.5653 |   95.84% |   96.15% |    1:29.31
      bandwidth/experts | c1:bw=42,experts=[3,4,5,6]; c8:bw=31,experts=[0,1,2]; c2:bw=58,experts=[2,3,4,5,6]; c0:bw=30,experts=[0,1,7]; c3:bw=26,experts=[1,2]; c4:bw=49,experts=[4,5,6,7]; c5:bw=45,experts=[1,2,3,4]; c9:bw=15,experts=[7]; c7:bw=28,experts=[0,7]; c6:bw=32,experts=[4,5,6]
   69 | 0.01000 |   0.5643 |   95.67% |   96.15% |    1:30.00
      bandwidth/experts | c3:bw=41,experts=[3,4,5,6]; c7:bw=58,experts=[1,2,3,4,5]; c1:bw=31,experts=[0,1,7]; c4:bw=41,experts=[0,1,2,3]; c9:bw=35,experts=[0,1,2]; c5:bw=39,experts=[5,6,7]; c0:bw=52,experts=[2,3,4,5,6]; c2:bw=66,experts=[0,1,2,3,4,7]; c8:bw=42,experts=[3,4,5,6]; c6:bw=26,experts=[0,7]
   70 | 0.01000 |   0.5634 |   95.35% |   96.15% |    1:30.20
      bandwidth/experts | c1:bw=24,experts=[2,3]; c9:bw=10,experts=[3]; c7:bw=28,experts=[6,7]; c3:bw=32,experts=[0,1,7]; c0:bw=30,experts=[0,1,7]; c6:bw=26,experts=[1,2]; c2:bw=55,experts=[0,1,5,6,7]; c4:bw=58,experts=[0,4,5,6,7]; c5:bw=23,experts=[0,1]; c8:bw=48,experts=[0,1,2,7]
   71 | 0.01000 |   0.5643 |   95.16% |   96.15% |    1:29.84
      bandwidth/experts | c4:bw=42,experts=[1,2,3,4]; c0:bw=16,experts=[2]; c1:bw=52,experts=[0,4,5,6,7]; c9:bw=40,experts=[4,5,6,7]; c7:bw=20,experts=[0,1]; c5:bw=33,experts=[2,3,4]; c3:bw=62,experts=[2,3,4,5,6,7]; c6:bw=50,experts=[3,4,5,6,7]; c8:bw=39,experts=[3,4,5]; c2:bw=61,experts=[2,3,4,5,6,7]
   72 | 0.01000 |   0.5633 |   95.66% |   96.15% |    1:30.08
      bandwidth/experts | c8:bw=30,experts=[0,6,7]; c1:bw=39,experts=[1,2,3]; c5:bw=43,experts=[0,5,6,7]; c7:bw=48,experts=[2,3,4,5]; c6:bw=19,experts=[0]; c0:bw=52,experts=[3,4,5,6,7]; c3:bw=23,experts=[0,1]; c2:bw=23,experts=[0,1]; c9:bw=38,experts=[0,1,2]; c4:bw=39,experts=[5,6,7]
   73 | 0.01000 |   0.5615 |   96.25% |   96.25% |    1:30.18
      bandwidth/experts | c2:bw=47,experts=[2,3,4,5]; c8:bw=11,experts=[1]; c3:bw=40,experts=[2,3,4,5]; c1:bw=66,experts=[0,1,4,5,6,7]; c5:bw=17,experts=[1]; c9:bw=52,experts=[3,4,5,6,7]; c0:bw=28,experts=[0,1]; c7:bw=37,experts=[0,6,7]; c6:bw=20,experts=[1,2]; c4:bw=41,experts=[0,1,2,3]
   74 | 0.01000 |   0.5628 |   95.54% |   96.25% |    1:29.18
      bandwidth/experts | c3:bw=10,experts=[6]; c0:bw=40,experts=[2,3,4,5]; c1:bw=28,experts=[2,3]; c5:bw=50,experts=[2,3,4,5,6]; c7:bw=65,experts=[1,2,3,4,5,6]; c8:bw=28,experts=[2,3]; c6:bw=10,experts=[3]; c2:bw=10,experts=[6]; c4:bw=47,experts=[4,5,6,7]; c9:bw=32,experts=[0,1,2]
   75 | 0.01000 |   0.5624 |   96.08% |   96.25% |    1:28.36
      bandwidth/experts | c2:bw=40,experts=[0,1,2,7]; c9:bw=61,experts=[0,3,4,5,6,7]; c1:bw=54,experts=[0,4,5,6,7]; c3:bw=20,experts=[0,7]; c7:bw=28,experts=[0,7]; c6:bw=56,experts=[0,4,5,6,7]; c5:bw=31,experts=[0,1,7]; c4:bw=56,experts=[0,1,2,3,4]; c0:bw=60,experts=[0,1,2,3,6,7]; c8:bw=53,experts=[0,4,5,6,7]
   76 | 0.01000 |   0.5612 |   95.77% |   96.25% |    1:28.85
      bandwidth/experts | c8:bw=29,experts=[1,2]; c5:bw=37,experts=[2,3,4]; c0:bw=31,experts=[4,5,6]; c3:bw=15,experts=[1]; c2:bw=25,experts=[3,4]; c6:bw=23,experts=[1,2]; c7:bw=66,experts=[1,2,3,4,5,6]; c4:bw=60,experts=[0,1,2,5,6,7]; c9:bw=57,experts=[1,2,3,4,5]; c1:bw=53,experts=[1,2,3,4,5]
   77 | 0.01000 |   0.5599 |   95.66% |   96.25% |    1:29.13
      bandwidth/experts | c9:bw=29,experts=[6,7]; c2:bw=34,experts=[5,6,7]; c1:bw=62,experts=[0,1,2,3,6,7]; c8:bw=10,experts=[3]; c4:bw=10,experts=[3]; c7:bw=10,experts=[7]; c6:bw=57,experts=[3,4,5,6,7]; c0:bw=63,experts=[0,1,2,3,4,7]; c3:bw=40,experts=[2,3,4,5]; c5:bw=59,experts=[0,1,5,6,7]
   78 | 0.01000 |   0.5608 |   96.33% |   96.33% |    1:28.70
      bandwidth/experts | c0:bw=26,experts=[5,6]; c4:bw=23,experts=[4,5]; c3:bw=38,experts=[0,6,7]; c7:bw=36,experts=[0,1,2]; c8:bw=54,experts=[0,4,5,6,7]; c1:bw=41,experts=[4,5,6,7]; c9:bw=31,experts=[0,1,2]; c6:bw=57,experts=[0,1,2,3,4]; c5:bw=63,experts=[2,3,4,5,6,7]; c2:bw=34,experts=[0,1,2]
   79 | 0.01000 |   0.5611 |   95.93% |   96.33% |    1:28.37
      bandwidth/experts | c6:bw=21,experts=[5,6]; c9:bw=10,experts=[3]; c0:bw=36,experts=[0,1,7]; c4:bw=80,experts=[0,1,2,3,4,5,6,7]; c7:bw=46,experts=[3,4,5,6]; c8:bw=44,experts=[1,2,3,4]; c5:bw=53,experts=[0,1,2,3,4]; c3:bw=26,experts=[1,2]; c1:bw=37,experts=[0,1,2]; c2:bw=33,experts=[3,4,5]
   80 | 0.01000 |   0.5574 |   96.25% |   96.33% |    1:28.54
      bandwidth/experts | c5:bw=65,experts=[0,1,2,5,6,7]; c9:bw=53,experts=[0,4,5,6,7]; c7:bw=48,experts=[0,1,2,7]; c1:bw=31,experts=[3,4,5]; c3:bw=31,experts=[3,4,5]; c4:bw=57,experts=[0,1,2,6,7]; c2:bw=44,experts=[0,1,6,7]; c0:bw=47,experts=[2,3,4,5]; c6:bw=39,experts=[0,1,7]; c8:bw=51,experts=[0,1,5,6,7]
   81 | 0.01000 |   0.5593 |   96.17% |   96.33% |    1:28.42
      bandwidth/experts | c6:bw=51,experts=[2,3,4,5,6]; c2:bw=45,experts=[2,3,4,5]; c3:bw=67,experts=[0,1,2,3,6,7]; c1:bw=49,experts=[0,1,6,7]; c4:bw=42,experts=[3,4,5,6]; c5:bw=30,experts=[3,4,5]; c9:bw=26,experts=[1,2]; c7:bw=58,experts=[3,4,5,6,7]; c8:bw=48,experts=[2,3,4,5]; c0:bw=50,experts=[0,1,2,6,7]
   82 | 0.01000 |   0.5562 |   96.17% |   96.33% |    1:28.75
      bandwidth/experts | c1:bw=64,experts=[2,3,4,5,6,7]; c0:bw=30,experts=[3,4,5]; c6:bw=36,experts=[0,1,7]; c8:bw=58,experts=[0,1,2,6,7]; c7:bw=40,experts=[0,1,2,3]; c3:bw=39,experts=[4,5,6]; c2:bw=30,experts=[0,6,7]; c9:bw=56,experts=[3,4,5,6,7]; c5:bw=40,experts=[0,1,6,7]; c4:bw=30,experts=[0,1,7]
   83 | 0.01000 |   0.5584 |   95.86% |   96.33% |    1:28.77
      bandwidth/experts | c9:bw=51,experts=[0,1,2,3,4]; c4:bw=10,experts=[2]; c2:bw=41,experts=[1,2,3,4]; c7:bw=37,experts=[4,5,6]; c5:bw=10,experts=[2]; c0:bw=10,experts=[6]; c6:bw=53,experts=[2,3,4,5,6]; c1:bw=63,experts=[0,1,2,3,4,5]; c8:bw=39,experts=[3,4,5]; c3:bw=42,experts=[0,1,2,7]
   84 | 0.01000 |   0.5592 |   95.38% |   96.33% |    1:28.31
      bandwidth/experts | c8:bw=67,experts=[0,1,2,3,6,7]; c3:bw=32,experts=[3,4,5]; c1:bw=58,experts=[0,1,2,6,7]; c6:bw=10,experts=[7]; c9:bw=20,experts=[5,6]; c2:bw=36,experts=[5,6,7]; c7:bw=47,experts=[0,1,2,7]; c5:bw=20,experts=[3,4]; c4:bw=27,experts=[3,4]; c0:bw=10,experts=[7]
   85 | 0.01000 |   0.5570 |   96.34% |   96.34% |    1:28.22
      bandwidth/experts | c0:bw=38,experts=[0,1,2]; c2:bw=45,experts=[0,1,2,3]; c8:bw=70,experts=[0,1,2,4,5,6,7]; c6:bw=42,experts=[0,1,2,3]; c1:bw=57,experts=[3,4,5,6,7]; c4:bw=42,experts=[0,5,6,7]; c9:bw=58,experts=[0,1,2,3,7]; c3:bw=51,experts=[0,1,2,6,7]; c5:bw=12,experts=[5]; c7:bw=11,experts=[3]
   86 | 0.01000 |   0.5555 |   95.94% |   96.34% |    1:28.26
      bandwidth/experts | c5:bw=47,experts=[0,1,6,7]; c8:bw=28,experts=[3,4]; c2:bw=24,experts=[4,5]; c6:bw=55,experts=[0,4,5,6,7]; c0:bw=30,experts=[3,4,5]; c4:bw=18,experts=[1]; c7:bw=44,experts=[4,5,6,7]; c3:bw=28,experts=[3,4]; c1:bw=72,experts=[0,1,2,3,4,5,6]; c9:bw=43,experts=[4,5,6,7]
   87 | 0.01000 |   0.5569 |   96.05% |   96.34% |    1:28.50
      bandwidth/experts | c1:bw=29,experts=[0,7]; c2:bw=67,experts=[0,1,2,3,6,7]; c7:bw=22,experts=[0,1]; c5:bw=10,experts=[2]; c6:bw=60,experts=[1,2,3,4,5,6]; c3:bw=68,experts=[0,1,2,5,6,7]; c4:bw=34,experts=[2,3,4]; c9:bw=37,experts=[0,1,2]; c8:bw=46,experts=[0,5,6,7]; c0:bw=35,experts=[0,6,7]
   88 | 0.01000 |   0.5561 |   95.60% |   96.34% |    1:28.37
      bandwidth/experts | c8:bw=43,experts=[1,2,3,4]; c6:bw=27,experts=[0,7]; c3:bw=33,experts=[3,4,5]; c7:bw=41,experts=[2,3,4,5]; c0:bw=62,experts=[1,2,3,4,5,6]; c4:bw=38,experts=[5,6,7]; c9:bw=31,experts=[3,4,5]; c1:bw=28,experts=[1,2]; c5:bw=30,experts=[3,4,5]; c2:bw=46,experts=[4,5,6,7]
   89 | 0.01000 |   0.5545 |   96.15% |   96.34% |    1:28.11
      bandwidth/experts | c3:bw=31,experts=[0,6,7]; c8:bw=74,experts=[0,1,2,3,5,6,7]; c2:bw=44,experts=[0,1,2,3]; c9:bw=60,experts=[0,1,2,3,6,7]; c7:bw=21,experts=[6,7]; c5:bw=46,experts=[0,1,6,7]; c0:bw=13,experts=[7]; c6:bw=32,experts=[1,2,3]; c4:bw=30,experts=[0,1,2]; c1:bw=41,experts=[3,4,5,6]
   90 | 0.01000 |   0.5559 |   95.76% |   96.34% |    1:28.94
      bandwidth/experts | c7:bw=72,experts=[0,1,2,3,4,5,6]; c1:bw=31,experts=[0,1,7]; c3:bw=36,experts=[1,2,3]; c9:bw=63,experts=[0,1,4,5,6,7]; c0:bw=64,experts=[0,1,2,3,4,5]; c6:bw=26,experts=[4,5]; c2:bw=21,experts=[4,5]; c5:bw=27,experts=[2,3]; c8:bw=50,experts=[0,4,5,6,7]; c4:bw=35,experts=[3,4,5]
   91 | 0.01000 |   0.5563 |   96.19% |   96.34% |    1:28.19
      bandwidth/experts | c1:bw=50,experts=[2,3,4,5,6]; c9:bw=35,experts=[2,3,4]; c5:bw=52,experts=[0,4,5,6,7]; c7:bw=51,experts=[0,1,2,3,7]; c3:bw=40,experts=[4,5,6,7]; c4:bw=54,experts=[0,1,2,6,7]; c0:bw=22,experts=[6,7]; c6:bw=29,experts=[6,7]; c2:bw=11,experts=[6]; c8:bw=23,experts=[1,2]
   92 | 0.01000 |   0.5534 |   95.98% |   96.34% |    1:28.48
      bandwidth/experts | c3:bw=28,experts=[0,1]; c7:bw=34,experts=[4,5,6]; c1:bw=20,experts=[0,7]; c0:bw=29,experts=[0,1]; c8:bw=19,experts=[3]; c6:bw=45,experts=[0,1,2,3]; c9:bw=56,experts=[0,1,5,6,7]; c2:bw=25,experts=[0,7]; c5:bw=66,experts=[1,2,3,4,5,6]; c4:bw=26,experts=[3,4]
   93 | 0.01000 |   0.5542 |   96.12% |   96.34% |    1:28.42
      bandwidth/experts | c1:bw=47,experts=[1,2,3,4]; c3:bw=31,experts=[2,3,4]; c7:bw=22,experts=[0,7]; c9:bw=58,experts=[2,3,4,5,6]; c6:bw=22,experts=[4,5]; c8:bw=10,experts=[4]; c5:bw=10,experts=[7]; c4:bw=32,experts=[5,6,7]; c0:bw=19,experts=[2]; c2:bw=51,experts=[1,2,3,4,5]
   94 | 0.01000 |   0.5552 |   95.59% |   96.34% |    1:28.63
      bandwidth/experts | c7:bw=45,experts=[1,2,3,4]; c2:bw=65,experts=[0,1,2,3,6,7]; c5:bw=41,experts=[0,1,2,3]; c4:bw=31,experts=[0,1,2]; c6:bw=30,experts=[0,6,7]; c9:bw=50,experts=[0,1,2,3,7]; c1:bw=70,experts=[0,1,2,3,5,6,7]; c8:bw=10,experts=[5]; c0:bw=55,experts=[3,4,5,6,7]; c3:bw=34,experts=[5,6,7]
   95 | 0.01000 |   0.5525 |   96.20% |   96.34% |    1:29.19
      bandwidth/experts | c7:bw=59,experts=[0,1,5,6,7]; c9:bw=42,experts=[4,5,6,7]; c4:bw=15,experts=[3]; c6:bw=40,experts=[1,2,3,4]; c0:bw=35,experts=[0,1,2]; c3:bw=41,experts=[0,1,2,3]; c1:bw=31,experts=[4,5,6]; c8:bw=76,experts=[0,1,2,3,4,6,7]; c2:bw=23,experts=[4,5]; c5:bw=10,experts=[4]
   96 | 0.01000 |   0.5522 |   96.06% |   96.34% |    1:28.37
      bandwidth/experts | c2:bw=65,experts=[0,1,2,3,6,7]; c9:bw=44,experts=[0,1,2,3]; c3:bw=46,experts=[4,5,6,7]; c1:bw=36,experts=[0,1,7]; c5:bw=60,experts=[0,1,2,5,6,7]; c4:bw=49,experts=[4,5,6,7]; c6:bw=31,experts=[5,6,7]; c7:bw=50,experts=[2,3,4,5,6]; c0:bw=36,experts=[3,4,5]; c8:bw=64,experts=[0,1,2,5,6,7]
   97 | 0.01000 |   0.5538 |   96.35% |   96.35% |    1:28.58
      bandwidth/experts | c0:bw=41,experts=[0,1,6,7]; c9:bw=43,experts=[4,5,6,7]; c8:bw=43,experts=[3,4,5,6]; c4:bw=16,experts=[0]; c7:bw=30,experts=[0,1,7]; c1:bw=50,experts=[2,3,4,5,6]; c3:bw=35,experts=[0,1,2]; c5:bw=46,experts=[3,4,5,6]; c6:bw=50,experts=[0,1,2,3,4]; c2:bw=54,experts=[0,4,5,6,7]
   98 | 0.01000 |   0.5525 |   95.47% |   96.35% |    1:28.29
      bandwidth/experts | c4:bw=52,experts=[1,2,3,4,5]; c8:bw=54,experts=[0,1,2,3,7]; c9:bw=27,experts=[0,1]; c7:bw=24,experts=[2,3]; c6:bw=36,experts=[5,6,7]; c5:bw=49,experts=[0,1,2,7]; c0:bw=33,experts=[2,3,4]; c3:bw=25,experts=[3,4]; c1:bw=26,experts=[0,7]; c2:bw=24,experts=[1,2]
   99 | 0.01000 |   0.5510 |   95.92% |   96.35% |    1:28.76
      bandwidth/experts | c8:bw=34,experts=[4,5,6]; c5:bw=49,experts=[3,4,5,6]; c7:bw=45,experts=[4,5,6,7]; c1:bw=59,experts=[1,2,3,4,5]; c3:bw=38,experts=[5,6,7]; c9:bw=20,experts=[2,3]; c4:bw=24,experts=[6,7]; c0:bw=40,experts=[0,5,6,7]; c2:bw=31,experts=[3,4,5]; c6:bw=35,experts=[0,1,2]
  100 | 0.01000 |   0.5520 |   96.26% |   96.35% |    1:28.98
      bandwidth/experts | c2:bw=30,experts=[0,6,7]; c8:bw=44,experts=[0,1,2,7]; c9:bw=53,experts=[0,4,5,6,7]; c5:bw=18,experts=[7]; c6:bw=44,experts=[3,4,5,6]; c1:bw=17,experts=[6]; c4:bw=65,experts=[0,1,2,3,4,5]; c7:bw=10,experts=[0]; c3:bw=42,experts=[0,1,2,3]; c0:bw=64,experts=[1,2,3,4,5,6]

Done. Best Acc: 96.35% @ round 97
Total time: 2:21:30.48
[Export] 实验目录: /userhome/cs3/duanty/FedMoE/results/exp01-svhn-resnet-e8-fedrolex/20260921-161341
[Export] 每轮明细: /userhome/cs3/duanty/FedMoE/results/exp01-svhn-resnet-e8-fedrolex/20260921-161341/rounds.xlsx
[Export] 总体摘要: /userhome/cs3/duanty/FedMoE/results/exp01-svhn-resnet-e8-fedrolex/20260921-161341/summary.xlsx
[Plot] result = /userhome/cs3/duanty/FedMoE/results/exp01-svhn-resnet-e8-fedrolex/20260921-161341
[Plot] figures -> /userhome/cs3/duanty/FedMoE/results/exp01-svhn-resnet-e8-fedrolex/20260921-161341/figure
  fig01_test_accuracy.pdf
  fig02_train_loss.pdf
  fig03_acc_and_loss.pdf
  fig04_bandwidth_and_k.pdf
  fig05_expert_round_heatmap.pdf
  fig06_client_expert_heatmap.pdf
  fig07_expert_frequency.pdf
  fig08_time_breakdown.pdf
  fig09_accuracy_vs_communication.pdf
  fig10_overview.pdf
[Export] 图片目录: /userhome/cs3/duanty/FedMoE/results/exp01-svhn-resnet-e8-fedrolex/20260921-161341/figure
