========================================
Job    : exp05-c100-resnet-e16-fedavg-old
Host   : gpu-4090-102
Date   : Thu Sep 24 10:22:56 HKT 2026
GPU    : 0
Python : /userhome/cs3/duanty/miniconda3/envs/moe/bin/python
Command: python -u main.py --method ours --dataset cifar100 --backbone resnet --select ours --merge fedavg-old --device cuda --num_experts 16 --num_clients 10 --bw_min 10 --bw_max -1 --output_dir ./results/exp05-c100-resnet-e16-fedavg-old
========================================

==================================================================
 Ours  
  Dataset=cifar100 | beta=0.1 | Backbone=resnet | width_mult=1 | Clients=10 | Experts=16
  Select=ours | Merge=fedavg-old
  Expert refresh N_ref=16
  Rounds=100 | LR=0.01
  Bandwidth: expert_bw=10 | bw=[10, 160] | Rayleigh-Shannon, SNR=10 dB | k=floor(bw/10)
==================================================================


[Partition] Dirichlet beta=0.1, 10 clients
  Client 0:   4573 samples | 45/100 classes
  Client 1:   4218 samples | 54/100 classes
  Client 2:   3656 samples | 48/100 classes
  Client 3:   5018 samples | 43/100 classes
  Client 4:   6664 samples | 52/100 classes
  Client 5:   6137 samples | 45/100 classes
  Client 6:   6582 samples | 49/100 classes
  Client 7:   4512 samples | 39/100 classes
  Client 8:   5219 samples | 46/100 classes
  Client 9:   3421 samples | 100/100 classes

[Upload] expert_bw=10 | available bw=[10, 160] | Rayleigh-Shannon, SNR=10 dB | upload k=floor(bw/10), cap=16 | probe gate scores, refresh stale experts, then train selected

[Model] Total params: 16,200,320

[Export] 本次实验目录: /userhome/cs3/duanty/FedMoE/results/exp05-c100-resnet-e16-fedavg-old/20260924-102300

Round |      LR |  AvgLoss |  TestAcc |     Best |  RoundTime
--------------------------------------------------------------------------------
    1 | 0.00208 |   3.8004 |    2.48% |    2.48% |    1:01.74
      bandwidth/experts | c8:bw=104,experts=[0,1,2,4,5,6,10,11,13,15]; c1:bw=55,experts=[1,2,4,6,13]; c5:bw=84,experts=[0,1,2,4,5,6,13,15]; c0:bw=10,experts=[13]; c7:bw=38,experts=[2,4,13]; c2:bw=55,experts=[1,2,4,6,13]; c9:bw=86,experts=[0,1,2,4,5,6,11,13]; c4:bw=75,experts=[0,1,2,4,5,6,13]; c3:bw=96,experts=[0,1,2,4,5,6,11,13,15]; c6:bw=77,experts=[0,1,2,4,5,6,13]
    2 | 0.00406 |   3.3074 |    4.26% |    4.26% |    0:55.81
      bandwidth/experts | c0:bw=67,experts=[0,4,6,10,12,13]; c1:bw=78,experts=[1,4,6,10,11,12,13]; c8:bw=91,experts=[0,1,4,5,6,10,11,12,13]; c5:bw=130,experts=[0,1,2,4,5,6,8,9,10,11,12,13,15]; c3:bw=127,experts=[0,1,2,4,5,6,8,9,10,11,12,13]; c4:bw=56,experts=[0,4,6,10,13]; c7:bw=104,experts=[0,1,4,5,6,9,10,11,12,13]; c9:bw=88,experts=[0,1,4,6,10,11,12,13]; c6:bw=32,experts=[4,6,13]; c2:bw=41,experts=[4,6,10,13]
    3 | 0.00604 |   3.1945 |    6.50% |    6.50% |    0:57.36
      bandwidth/experts | c9:bw=90,experts=[1,4,5,6,9,10,11,12,13]; c2:bw=78,experts=[1,4,6,9,10,11,12]; c0:bw=94,experts=[0,1,4,6,9,10,11,12,13]; c6:bw=75,experts=[1,4,6,9,10,11,13]; c8:bw=56,experts=[1,4,6,10,13]; c5:bw=25,experts=[4,6]; c3:bw=48,experts=[4,6,10,11]; c7:bw=62,experts=[4,6,9,10,11,13]; c1:bw=25,experts=[4,6]; c4:bw=98,experts=[1,4,5,6,9,10,11,12,13]
    4 | 0.00802 |   3.1015 |    8.56% |    8.56% |    0:58.25
      bandwidth/experts | c1:bw=75,experts=[1,4,6,9,10,11,13]; c7:bw=84,experts=[1,4,6,9,10,11,12,13]; c6:bw=100,experts=[0,1,4,5,6,9,10,11,12,13]; c2:bw=113,experts=[0,1,4,5,6,8,9,10,11,12,13]; c8:bw=59,experts=[4,6,10,11,13]; c0:bw=111,experts=[0,1,4,5,6,8,9,10,11,12,13]; c3:bw=64,experts=[4,6,9,10,11,13]; c4:bw=105,experts=[0,1,4,5,6,9,10,11,12,13]; c5:bw=138,experts=[0,1,4,5,6,8,9,10,11,12,13,14,15]; c9:bw=41,experts=[4,6,10,13]
    5 | 0.01000 |   3.0118 |   12.54% |   12.54% |    0:57.40
      bandwidth/experts | c1:bw=37,experts=[4,6,10]; c5:bw=75,experts=[1,4,6,9,10,11,13]; c4:bw=91,experts=[0,1,4,5,6,9,10,12,13]; c8:bw=69,experts=[1,4,6,10,12,13]; c0:bw=94,experts=[0,1,4,6,9,10,11,12,13]; c7:bw=46,experts=[4,6,10,13]; c6:bw=100,experts=[0,1,4,5,6,9,10,11,12,13]; c3:bw=119,experts=[0,1,2,4,5,6,9,10,11,12,13]; c2:bw=13,experts=[4]; c9:bw=118,experts=[0,1,4,5,6,9,10,11,12,13,14]
    6 | 0.01000 |   2.8824 |   15.97% |   15.97% |    0:58.24
      bandwidth/experts | c8:bw=126,experts=[0,1,2,4,5,6,9,10,11,12,13,14]; c2:bw=79,experts=[0,1,4,6,10,12,13]; c5:bw=51,experts=[1,4,6,10,13]; c7:bw=110,experts=[0,1,2,4,5,6,9,10,11,12,13]; c3:bw=68,experts=[0,1,4,6,10,13]; c1:bw=61,experts=[0,1,4,6,10,13]; c9:bw=91,experts=[0,1,2,4,6,10,12,13,14]; c0:bw=59,experts=[0,4,6,10,13]; c4:bw=33,experts=[4,6,13]; c6:bw=38,experts=[4,6,10]
    7 | 0.01000 |   2.7782 |   17.50% |   17.50% |    0:59.32
      bandwidth/experts | c0:bw=68,experts=[0,1,4,6,10,13]; c5:bw=92,experts=[0,1,2,4,6,10,12,13,14]; c2:bw=75,experts=[0,1,4,5,6,10,13]; c6:bw=25,experts=[4,6]; c3:bw=50,experts=[0,4,6,10,13]; c7:bw=58,experts=[0,4,6,10,13]; c4:bw=26,experts=[4,6]; c1:bw=18,experts=[4]; c8:bw=108,experts=[0,1,2,4,5,6,10,12,13,14]; c9:bw=10,experts=[4]
    8 | 0.01000 |   2.6717 |   19.83% |   19.83% |    1:00.27
      bandwidth/experts | c4:bw=10,experts=[4]; c8:bw=70,experts=[0,1,4,6,10,13,14]; c1:bw=110,experts=[0,1,2,4,5,6,10,11,12,13,14]; c3:bw=70,experts=[0,1,2,4,6,10,13]; c0:bw=61,experts=[0,1,4,6,10,13]; c5:bw=53,experts=[0,1,4,6,13]; c2:bw=102,experts=[0,1,2,4,5,6,10,12,13,14]; c9:bw=111,experts=[0,1,2,4,5,6,10,11,12,13,14]; c7:bw=28,experts=[4,6]; c6:bw=78,experts=[0,1,4,6,10,13,14]
    9 | 0.01000 |   2.5866 |   23.62% |   23.62% |    0:60.00
      bandwidth/experts | c2:bw=40,experts=[0,4,6,13]; c0:bw=99,experts=[0,1,2,4,5,6,10,13,14]; c4:bw=112,experts=[0,1,2,4,5,6,10,11,12,13,14]; c9:bw=49,experts=[0,4,6,13]; c8:bw=34,experts=[4,6,13]; c6:bw=59,experts=[0,1,4,6,13]; c7:bw=87,experts=[0,1,2,4,6,10,13,14]; c5:bw=99,experts=[0,1,2,4,5,6,10,13,14]; c1:bw=27,experts=[4,6]; c3:bw=43,experts=[0,4,6,13]
   10 | 0.01000 |   2.5063 |   25.78% |   25.78% |    0:59.44
      bandwidth/experts | c4:bw=69,experts=[0,1,2,4,6,13]; c2:bw=64,experts=[0,1,2,4,6,13]; c7:bw=71,experts=[0,1,2,4,6,10,13]; c0:bw=111,experts=[0,1,2,4,5,6,8,10,12,13,14]; c6:bw=123,experts=[0,1,2,4,5,6,8,10,11,12,13,14]; c3:bw=87,experts=[0,1,2,4,6,10,13,14]; c5:bw=109,experts=[0,1,2,4,5,6,10,12,13,14]; c8:bw=67,experts=[0,1,2,4,6,13]; c9:bw=66,experts=[2,4,6,10,13,14]; c1:bw=77,experts=[0,1,2,4,6,10,13]
   11 | 0.01000 |   2.4272 |   26.26% |   26.26% |    1:01.21
      bandwidth/experts | c5:bw=52,experts=[0,1,4,6,13]; c2:bw=52,experts=[0,1,4,6,13]; c7:bw=83,experts=[0,1,2,4,6,10,13,14]; c3:bw=95,experts=[0,1,2,4,6,10,12,13,14]; c0:bw=53,experts=[0,1,4,6,13]; c8:bw=74,experts=[0,1,2,4,6,13,14]; c9:bw=62,experts=[0,1,2,4,6,13]; c6:bw=105,experts=[0,1,2,4,5,6,10,12,13,14]; c1:bw=76,experts=[0,1,2,4,6,10,13]; c4:bw=30,experts=[4,6,13]
   12 | 0.01000 |   2.3703 |   30.49% |   30.49% |    1:00.61
      bandwidth/experts | c1:bw=80,experts=[0,1,2,4,6,10,13,14]; c5:bw=106,experts=[0,1,2,4,5,6,10,12,13,14]; c2:bw=108,experts=[0,1,2,4,5,6,10,12,13,14]; c4:bw=53,experts=[0,1,4,6,13]; c3:bw=66,experts=[0,1,4,6,10,13]; c7:bw=56,experts=[0,1,4,6,13]; c9:bw=79,experts=[0,1,2,4,6,13,14]; c6:bw=54,experts=[1,4,6,10,13]; c8:bw=104,experts=[0,1,2,4,5,6,10,12,13,14]; c0:bw=93,experts=[0,1,2,4,6,10,12,13,14]
   13 | 0.01000 |   2.3081 |   31.79% |   31.79% |    1:00.98
      bandwidth/experts | c3:bw=57,experts=[0,1,4,6,13]; c1:bw=90,experts=[0,1,2,4,6,10,12,13,14]; c4:bw=10,experts=[4]; c5:bw=55,experts=[0,1,4,6,13]; c8:bw=29,experts=[4,6]; c6:bw=69,experts=[0,1,4,6,10,13]; c9:bw=28,experts=[4,6]; c7:bw=110,experts=[0,1,2,4,5,6,8,10,12,13,14]; c0:bw=48,experts=[0,4,6,13]; c2:bw=31,experts=[4,6,13]
   14 | 0.01000 |   2.2641 |   33.40% |   33.40% |    1:00.92
      bandwidth/experts | c2:bw=85,experts=[0,1,4,5,6,10,13,14]; c4:bw=11,experts=[4]; c5:bw=121,experts=[0,1,2,4,5,6,8,10,11,12,13,14]; c1:bw=73,experts=[0,1,2,4,6,13,14]; c7:bw=47,experts=[0,4,6,13]; c0:bw=48,experts=[0,4,6,13]; c9:bw=60,experts=[0,1,4,6,10,13]; c3:bw=86,experts=[0,1,2,4,6,10,13,14]; c8:bw=39,experts=[0,4,6]; c6:bw=127,experts=[0,1,2,4,5,6,9,10,11,12,13,14]
   15 | 0.01000 |   2.2145 |   35.84% |   35.84% |    1:01.31
      bandwidth/experts | c7:bw=111,experts=[0,1,2,4,5,6,10,11,12,13,14]; c0:bw=39,experts=[4,6,13]; c1:bw=27,experts=[4,6]; c8:bw=98,experts=[0,1,2,4,5,6,10,13,14]; c3:bw=20,experts=[4,6]; c2:bw=99,experts=[0,1,2,4,5,6,10,13,14]; c4:bw=88,experts=[0,1,2,4,6,10,13,14]; c5:bw=34,experts=[4,6,13]; c9:bw=37,experts=[4,6,13]; c6:bw=62,experts=[0,1,4,6,10,13]
   16 | 0.01000 |   2.2066 |   37.68% |   37.68% |    1:01.01
      bandwidth/experts | c6:bw=76,experts=[1,3,4,6,7,13,15]; c1:bw=54,experts=[3,4,7,8,15]; c3:bw=82,experts=[0,1,2,3,4,6,7,13]; c8:bw=93,experts=[0,1,2,3,4,6,7,8,13]; c7:bw=42,experts=[3,4,7,15]; c5:bw=75,experts=[0,1,3,4,6,7,13]; c4:bw=67,experts=[3,4,6,7,8,15]; c9:bw=45,experts=[3,7,8,15]; c0:bw=107,experts=[0,1,2,3,4,6,7,10,13,15]; c2:bw=97,experts=[0,1,3,4,6,7,10,13,15]
   17 | 0.01000 |   2.1735 |   39.07% |   39.07% |    1:02.16
      bandwidth/experts | c4:bw=109,experts=[0,1,2,4,5,6,10,12,13,14]; c7:bw=47,experts=[0,4,6,13]; c8:bw=15,experts=[15]; c3:bw=99,experts=[0,1,2,4,6,10,13,14,15]; c5:bw=10,experts=[4]; c1:bw=55,experts=[1,4,6,10,13]; c0:bw=20,experts=[4,6]; c2:bw=36,experts=[4,6,13]; c9:bw=70,experts=[0,1,2,4,6,10,13]; c6:bw=73,experts=[0,1,2,4,6,10,13]
   18 | 0.01000 |   2.0988 |   40.45% |   40.45% |    1:00.24
      bandwidth/experts | c1:bw=12,experts=[4]; c8:bw=10,experts=[4]; c5:bw=66,experts=[0,1,2,4,6,13]; c2:bw=71,experts=[0,1,2,4,6,10,13]; c9:bw=35,experts=[4,6,13]; c7:bw=103,experts=[0,1,2,4,5,6,10,11,12,13]; c4:bw=105,experts=[0,1,2,4,5,6,10,12,13,14]; c3:bw=70,experts=[0,1,4,5,6,8,13]; c0:bw=92,experts=[0,1,2,4,6,10,12,13,14]; c6:bw=59,experts=[0,1,4,6,13]
   19 | 0.01000 |   2.0692 |   41.70% |   41.70% |    1:02.74
      bandwidth/experts | c8:bw=105,experts=[0,1,2,4,5,6,10,12,13,14]; c0:bw=79,experts=[0,1,2,4,6,10,13]; c4:bw=97,experts=[0,1,2,4,5,6,10,13,14]; c1:bw=87,experts=[0,1,2,4,5,6,13,14]; c9:bw=72,experts=[0,1,2,4,6,10,13]; c5:bw=55,experts=[0,1,4,6,13]; c7:bw=42,experts=[0,4,6,13]; c2:bw=27,experts=[4,6]; c6:bw=124,experts=[0,1,2,4,5,6,9,10,11,12,13,14]; c3:bw=75,experts=[0,1,4,5,6,10,13]
   20 | 0.01000 |   2.0654 |   43.14% |   43.14% |    1:02.14
      bandwidth/experts | c0:bw=52,experts=[0,4,6,10,13]; c2:bw=78,experts=[0,4,6,8,9,11,13]; c1:bw=76,experts=[0,1,2,4,6,9,13]; c9:bw=31,experts=[4,6,13]; c7:bw=81,experts=[0,1,2,4,6,10,13,14]; c6:bw=128,experts=[0,1,2,4,5,6,10,11,12,13,14,15]; c3:bw=34,experts=[4,6,13]; c5:bw=10,experts=[15]; c4:bw=112,experts=[0,1,2,4,5,6,10,12,13,14,15]; c8:bw=95,experts=[0,1,2,4,5,6,10,13,14]
   21 | 0.01000 |   2.0322 |   44.10% |   44.10% |    1:03.55
      bandwidth/experts | c1:bw=77,experts=[0,1,2,4,6,13,14]; c2:bw=75,experts=[0,1,4,5,6,10,13]; c7:bw=24,experts=[4,6]; c4:bw=90,experts=[0,1,2,4,6,9,10,13,14]; c8:bw=34,experts=[4,6,13]; c5:bw=61,experts=[0,1,4,6,9,13]; c0:bw=125,experts=[0,1,2,4,5,6,8,9,10,11,12,13]; c3:bw=14,experts=[9]; c6:bw=29,experts=[4,6]; c9:bw=48,experts=[4,6,9,13]
   22 | 0.01000 |   1.9911 |   44.03% |   44.10% |    1:02.96
      bandwidth/experts | c7:bw=31,experts=[4,6,9]; c9:bw=62,experts=[0,1,2,4,6,13]; c1:bw=12,experts=[4]; c6:bw=116,experts=[0,1,2,4,5,6,10,12,13,14,15]; c5:bw=31,experts=[4,6,13]; c2:bw=125,experts=[0,1,2,4,5,6,9,10,12,13,14,15]; c0:bw=126,experts=[0,1,2,4,5,6,8,10,12,13,14,15]; c4:bw=69,experts=[0,1,2,4,6,13]; c3:bw=105,experts=[0,1,2,4,5,6,10,11,13,14]; c8:bw=62,experts=[0,4,6,9,11,13]
   23 | 0.01000 |   1.9680 |   44.91% |   44.91% |    1:02.79
      bandwidth/experts | c5:bw=98,experts=[0,1,2,4,5,6,10,13,14]; c7:bw=28,experts=[4,6]; c4:bw=106,experts=[0,1,2,4,5,6,10,12,13,14]; c6:bw=19,experts=[4]; c9:bw=95,experts=[0,1,2,4,5,6,10,13,14]; c8:bw=66,experts=[0,1,4,5,6,13]; c3:bw=29,experts=[4,6]; c1:bw=117,experts=[0,1,2,4,5,6,10,12,13,14,15]; c2:bw=61,experts=[0,1,2,4,6,13]; c0:bw=21,experts=[4,6]
   24 | 0.01000 |   1.9570 |   45.77% |   45.77% |    1:02.81
      bandwidth/experts | c6:bw=57,experts=[0,1,4,6,13]; c4:bw=24,experts=[4,6]; c7:bw=10,experts=[4]; c9:bw=94,experts=[0,1,2,4,6,11,12,13,14]; c2:bw=81,experts=[0,1,4,5,6,10,11,13]; c1:bw=10,experts=[11]; c5:bw=46,experts=[0,4,6,13]; c8:bw=34,experts=[4,6,13]; c3:bw=10,experts=[4]; c0:bw=59,experts=[0,1,4,6,13]
   25 | 0.01000 |   1.9206 |   47.39% |   47.39% |    1:02.85
      bandwidth/experts | c9:bw=76,experts=[0,1,2,4,6,13,14]; c6:bw=30,experts=[4,6,13]; c4:bw=110,experts=[0,1,2,4,5,6,10,11,12,13,14]; c3:bw=26,experts=[4,6]; c5:bw=120,experts=[0,1,2,4,5,6,10,11,12,13,14,15]; c1:bw=92,experts=[0,1,2,4,5,6,10,13,14]; c8:bw=103,experts=[0,1,2,4,5,6,10,12,13,14]; c2:bw=24,experts=[4,6]; c0:bw=106,experts=[0,1,2,4,5,6,10,12,13,15]; c7:bw=75,experts=[0,1,2,4,6,10,13]
   26 | 0.01000 |   1.8949 |   47.59% |   47.59% |    1:03.32
      bandwidth/experts | c3:bw=84,experts=[0,1,2,4,5,6,13,14]; c6:bw=63,experts=[0,1,4,6,8,13]; c9:bw=95,experts=[0,1,2,4,5,6,10,13,14]; c7:bw=59,experts=[0,1,4,6,13]; c1:bw=63,experts=[0,1,4,6,12,13]; c5:bw=39,experts=[4,6,13]; c2:bw=56,experts=[4,5,6,10,13]; c8:bw=101,experts=[0,1,2,4,5,6,10,12,13,14]; c0:bw=20,experts=[4,6]; c4:bw=90,experts=[0,1,2,4,5,6,10,12,13]
   27 | 0.01000 |   1.8748 |   47.54% |   47.59% |    1:03.53
      bandwidth/experts | c7:bw=97,experts=[0,1,2,4,5,6,10,13,14]; c1:bw=117,experts=[0,1,2,4,5,6,10,11,12,13,14]; c4:bw=23,experts=[4,6]; c0:bw=68,experts=[0,1,2,4,6,13]; c9:bw=34,experts=[4,6,13]; c2:bw=37,experts=[4,6,13]; c8:bw=104,experts=[0,1,2,4,5,6,10,12,13,14]; c3:bw=40,experts=[4,6,12,13]; c6:bw=119,experts=[0,1,2,4,5,6,9,10,11,12,13]; c5:bw=69,experts=[0,1,2,4,6,13]
   28 | 0.01000 |   1.8644 |   49.32% |   49.32% |    1:03.15
      bandwidth/experts | c6:bw=56,experts=[0,1,4,6,13]; c9:bw=92,experts=[0,1,2,4,6,10,12,13,14]; c0:bw=89,experts=[0,1,2,4,6,10,13,14]; c8:bw=56,experts=[0,1,4,6,13]; c2:bw=10,experts=[4]; c5:bw=63,experts=[0,1,2,4,6,13]; c1:bw=47,experts=[0,4,6,13]; c3:bw=22,experts=[4,6]; c4:bw=14,experts=[4]; c7:bw=10,experts=[4]
   29 | 0.01000 |   1.8450 |   49.83% |   49.83% |    1:03.84
      bandwidth/experts | c4:bw=72,experts=[0,1,2,4,6,10,13]; c0:bw=83,experts=[0,1,2,4,6,10,13,14]; c1:bw=63,experts=[0,1,2,4,6,13]; c9:bw=82,experts=[0,1,2,4,6,10,13,14]; c6:bw=81,experts=[0,1,2,4,5,6,13,14]; c8:bw=63,experts=[0,1,2,4,6,13]; c7:bw=40,experts=[4,6,8,13]; c3:bw=60,experts=[0,1,2,4,6,13]; c2:bw=34,experts=[4,6,13]; c5:bw=63,experts=[0,1,2,4,6,13]
   30 | 0.01000 |   1.8243 |   50.43% |   50.43% |    1:03.50
      bandwidth/experts | c5:bw=116,experts=[0,1,2,4,5,6,8,10,11,13,14]; c1:bw=67,experts=[0,1,2,4,6,13]; c9:bw=103,experts=[0,1,2,4,5,6,10,12,13,14]; c4:bw=97,experts=[0,1,2,4,5,6,10,13,14]; c0:bw=33,experts=[4,6,13]; c8:bw=78,experts=[0,1,4,5,6,10,13]; c6:bw=20,experts=[4,6]; c7:bw=23,experts=[4,6]; c3:bw=111,experts=[0,1,2,4,5,6,10,11,12,13,14]; c2:bw=51,experts=[0,1,4,6,13]
   31 | 0.01000 |   1.8068 |   50.10% |   50.43% |    1:03.77
      bandwidth/experts | c6:bw=55,experts=[0,1,4,6,13]; c4:bw=36,experts=[4,6,13]; c9:bw=85,experts=[0,1,2,4,6,10,13,14]; c1:bw=57,experts=[0,1,4,6,13]; c5:bw=116,experts=[0,1,2,4,5,6,10,12,13,14,15]; c8:bw=62,experts=[0,1,2,4,6,13]; c3:bw=45,experts=[0,4,6,13]; c2:bw=29,experts=[4,6]; c0:bw=89,experts=[0,1,2,4,5,6,10,13]; c7:bw=119,experts=[0,1,2,4,5,6,10,11,12,13,14]
   32 | 0.01000 |   1.7942 |   51.47% |   51.47% |    1:04.74
      bandwidth/experts | c8:bw=40,experts=[3,4,7,8]; c5:bw=67,experts=[0,3,4,6,7,13]; c4:bw=92,experts=[0,1,3,4,6,7,8,10,13]; c7:bw=88,experts=[0,1,3,4,6,7,13,15]; c0:bw=86,experts=[0,1,2,3,4,6,7,13]; c1:bw=40,experts=[3,4,7,8]; c3:bw=53,experts=[3,4,6,7,13]; c6:bw=51,experts=[3,4,6,7,13]; c2:bw=102,experts=[0,1,2,3,4,6,7,10,13,14]; c9:bw=59,experts=[3,4,7,8,15]
   33 | 0.01000 |   1.7772 |   52.52% |   52.52% |    1:03.01
      bandwidth/experts | c7:bw=99,experts=[0,1,2,4,5,6,10,13,14]; c1:bw=65,experts=[0,1,4,6,13,14]; c3:bw=132,experts=[0,1,2,4,5,6,9,10,11,12,13,14,15]; c6:bw=69,experts=[0,1,4,6,10,13]; c5:bw=55,experts=[0,1,4,6,13]; c9:bw=79,experts=[0,1,2,4,6,13,14]; c2:bw=44,experts=[0,4,6,13]; c8:bw=94,experts=[0,1,4,5,6,11,13,14,15]; c4:bw=85,experts=[0,1,2,4,5,6,10,13]; c0:bw=118,experts=[0,1,2,4,5,6,9,10,12,13,14]
   34 | 0.01000 |   1.7644 |   52.30% |   52.52% |    1:04.31
      bandwidth/experts | c4:bw=87,experts=[0,1,2,4,6,10,13,14]; c1:bw=88,experts=[0,1,4,6,10,11,12,13]; c6:bw=91,experts=[0,1,4,5,6,10,11,12,13]; c9:bw=128,experts=[0,1,2,4,5,6,10,11,12,13,14,15]; c8:bw=79,experts=[0,1,2,4,6,13,14]; c0:bw=42,experts=[0,4,6,13]; c5:bw=113,experts=[0,1,2,4,5,6,10,11,12,13,14]; c7:bw=61,experts=[0,1,4,6,10,13]; c3:bw=137,experts=[0,1,2,4,5,6,8,10,11,12,13,14,15]; c2:bw=101,experts=[0,1,2,4,5,6,10,13,14,15]
   35 | 0.01000 |   1.7547 |   53.49% |   53.49% |    1:04.38
      bandwidth/experts | c4:bw=62,experts=[0,1,4,6,13,14]; c0:bw=38,experts=[4,6,13]; c1:bw=58,experts=[0,1,4,6,13]; c6:bw=83,experts=[0,1,2,4,6,10,13,14]; c2:bw=86,experts=[0,1,2,4,6,10,13,14]; c8:bw=94,experts=[0,1,2,4,5,6,10,13,14]; c9:bw=51,experts=[0,1,4,6,13]; c7:bw=90,experts=[0,1,4,5,6,10,11,12,13]; c5:bw=77,experts=[0,1,4,6,10,13,14]; c3:bw=45,experts=[0,4,6,13]
   36 | 0.01000 |   1.7532 |   53.06% |   53.49% |    1:05.21
      bandwidth/experts | c9:bw=70,experts=[0,1,2,4,6,13,14]; c0:bw=68,experts=[0,1,2,4,6,13]; c3:bw=113,experts=[0,1,2,4,5,6,10,11,12,13,14]; c7:bw=51,experts=[0,1,4,6,13]; c6:bw=82,experts=[0,1,2,4,6,10,12,13]; c5:bw=93,experts=[0,1,2,4,5,6,10,13,14]; c1:bw=16,experts=[9]; c4:bw=140,experts=[0,1,2,4,5,6,8,9,10,11,12,13,14,15]; c8:bw=97,experts=[0,1,4,5,6,10,11,13,14]; c2:bw=95,experts=[0,1,2,4,6,8,10,13,14]
   37 | 0.01000 |   1.7200 |   54.22% |   54.22% |    1:04.27
      bandwidth/experts | c1:bw=34,experts=[4,6,13]; c5:bw=74,experts=[0,1,4,6,9,13,14]; c2:bw=68,experts=[0,1,4,6,13,14]; c6:bw=123,experts=[0,1,2,4,5,6,10,11,12,13,14,15]; c4:bw=74,experts=[0,1,2,4,6,13,14]; c7:bw=79,experts=[0,1,4,6,10,12,13]; c9:bw=75,experts=[0,1,4,6,9,10,12]; c0:bw=103,experts=[0,1,2,4,5,6,10,11,13,14]; c3:bw=68,experts=[0,1,4,6,10,13]; c8:bw=11,experts=[4]
   38 | 0.01000 |   1.7356 |   53.62% |   54.22% |    1:04.20
      bandwidth/experts | c8:bw=87,experts=[0,1,2,4,6,9,13,14]; c6:bw=32,experts=[4,6,13]; c4:bw=98,experts=[0,1,2,4,5,6,10,13,14]; c1:bw=58,experts=[0,1,4,6,13]; c5:bw=10,experts=[4]; c2:bw=10,experts=[9]; c3:bw=72,experts=[0,1,2,4,6,13,14]; c7:bw=96,experts=[0,1,4,5,6,9,10,12,13]; c9:bw=49,experts=[0,4,6,13]; c0:bw=76,experts=[0,1,2,4,6,8,13]
   39 | 0.01000 |   1.7006 |   54.84% |   54.84% |    1:04.43
      bandwidth/experts | c3:bw=49,experts=[0,4,6,13]; c0:bw=10,experts=[4]; c1:bw=84,experts=[0,1,2,4,6,13,14,15]; c7:bw=75,experts=[0,1,2,4,6,13,14]; c6:bw=58,experts=[0,1,4,6,13]; c8:bw=84,experts=[0,4,5,6,10,11,12,13]; c2:bw=68,experts=[0,4,6,10,12,13]; c4:bw=67,experts=[0,1,2,4,6,13]; c9:bw=45,experts=[1,4,6,13]; c5:bw=141,experts=[0,1,2,4,5,6,8,9,10,11,12,13,14,15]
   40 | 0.01000 |   1.6937 |   54.94% |   54.94% |    1:04.39
      bandwidth/experts | c8:bw=49,experts=[1,4,6,13]; c1:bw=79,experts=[0,1,2,4,6,13,14]; c5:bw=60,experts=[0,1,2,4,6,13]; c6:bw=88,experts=[0,1,2,4,5,6,10,13]; c2:bw=123,experts=[0,1,2,4,5,6,9,10,11,12,13,14]; c7:bw=125,experts=[0,1,2,4,5,6,9,10,11,12,13,14]; c3:bw=13,experts=[4]; c4:bw=36,experts=[4,6,13]; c9:bw=75,experts=[0,1,2,4,6,13,14]; c0:bw=67,experts=[0,1,2,4,6,13]
   41 | 0.01000 |   1.7007 |   55.69% |   55.69% |    1:05.26
      bandwidth/experts | c2:bw=101,experts=[0,1,2,4,5,6,10,13,14,15]; c6:bw=10,experts=[4]; c8:bw=107,experts=[0,1,2,4,5,6,10,12,13,14]; c1:bw=15,experts=[4]; c4:bw=95,experts=[0,1,2,4,5,6,10,12,13]; c5:bw=116,experts=[0,1,4,5,6,9,10,11,12,13,14]; c7:bw=129,experts=[0,1,2,4,5,6,9,10,11,12,13,14]; c3:bw=75,experts=[0,1,2,4,6,13,14]; c9:bw=101,experts=[0,1,2,4,5,6,10,12,13,14]; c0:bw=10,experts=[15]
   42 | 0.01000 |   1.6651 |   55.43% |   55.69% |    1:04.74
      bandwidth/experts | c5:bw=95,experts=[0,1,2,4,5,6,10,13,14]; c1:bw=92,experts=[0,1,2,4,6,10,13,14,15]; c3:bw=91,experts=[0,1,2,4,5,6,10,13,14]; c9:bw=96,experts=[0,1,2,4,6,10,11,13,14]; c6:bw=64,experts=[0,1,4,6,8,13]; c0:bw=28,experts=[4,6]; c7:bw=37,experts=[4,6,13]; c4:bw=103,experts=[0,1,2,4,5,6,10,13,14,15]; c8:bw=79,experts=[0,1,2,4,6,13,14]; c2:bw=76,experts=[0,1,2,4,6,13,14]
   43 | 0.01000 |   1.6642 |   56.37% |   56.37% |    1:05.26
      bandwidth/experts | c5:bw=100,experts=[0,1,2,4,5,6,10,13,14,15]; c1:bw=110,experts=[0,1,2,4,5,6,10,11,13,14,15]; c2:bw=96,experts=[0,1,2,4,5,6,10,13,14]; c8:bw=85,experts=[0,1,2,4,6,10,13,14]; c9:bw=60,experts=[0,1,4,6,13,14]; c7:bw=40,experts=[0,4,6,13]; c4:bw=65,experts=[0,1,2,4,6,13]; c6:bw=23,experts=[4,9]; c3:bw=122,experts=[0,1,2,4,5,6,9,10,12,13,14,15]; c0:bw=40,experts=[0,4,6,13]
   44 | 0.01000 |   1.6532 |   56.77% |   56.77% |    1:05.01
      bandwidth/experts | c0:bw=125,experts=[0,1,2,4,5,6,8,10,12,13,14,15]; c3:bw=88,experts=[0,4,5,6,10,11,12,13]; c4:bw=54,experts=[0,1,4,6,13]; c2:bw=69,experts=[0,4,6,10,13,14]; c7:bw=142,experts=[0,1,2,3,4,5,6,9,10,11,12,13,14,15]; c5:bw=46,experts=[0,4,6,13]; c6:bw=39,experts=[4,6,13]; c9:bw=70,experts=[0,1,2,4,6,10,13]; c8:bw=65,experts=[0,1,2,4,6,13]; c1:bw=84,experts=[0,1,4,5,6,10,12,13]
   45 | 0.01000 |   1.6425 |   56.88% |   56.88% |    1:04.96
      bandwidth/experts | c8:bw=104,experts=[0,1,2,4,5,6,10,13,14,15]; c0:bw=68,experts=[0,1,4,6,13,14]; c3:bw=126,experts=[0,1,2,4,5,6,9,10,11,13,14,15]; c4:bw=121,experts=[0,1,2,4,5,6,10,11,12,13,14,15]; c7:bw=67,experts=[0,4,6,8,10,13]; c2:bw=93,experts=[0,1,2,4,5,6,10,13,14]; c9:bw=47,experts=[0,4,6,13]; c6:bw=10,experts=[4]; c5:bw=84,experts=[0,1,2,4,6,10,13,14]; c1:bw=105,experts=[0,1,2,4,5,6,10,13,14,15]
   46 | 0.01000 |   1.6321 |   57.42% |   57.42% |    1:04.87
      bandwidth/experts | c9:bw=69,experts=[0,1,4,6,10,12]; c3:bw=50,experts=[0,1,4,6,13]; c6:bw=73,experts=[0,1,2,4,6,13,14]; c1:bw=77,experts=[0,1,2,4,6,13,14]; c4:bw=121,experts=[0,1,2,4,5,6,9,10,11,12,13,14]; c5:bw=77,experts=[0,1,2,4,6,11,13]; c2:bw=107,experts=[0,1,2,4,6,10,12,13,14,15]; c8:bw=73,experts=[0,1,4,5,6,10,13]; c0:bw=103,experts=[0,1,2,4,5,6,10,12,13,14]; c7:bw=53,experts=[0,1,4,6,13]
   47 | 0.01000 |   1.6175 |   57.22% |   57.42% |    1:04.32
      bandwidth/experts | c5:bw=97,experts=[0,1,2,4,6,10,13,14,15]; c6:bw=42,experts=[0,4,6,13]; c7:bw=100,experts=[0,1,2,4,5,6,10,13,14,15]; c9:bw=32,experts=[0,4,6]; c8:bw=74,experts=[0,1,2,4,6,10,13]; c3:bw=132,experts=[0,1,2,4,5,6,9,10,11,12,13,14,15]; c4:bw=18,experts=[4]; c0:bw=86,experts=[0,1,2,4,6,10,13,14]; c1:bw=57,experts=[0,1,4,6,13]; c2:bw=102,experts=[0,1,2,4,5,6,10,13,14,15]
   48 | 0.01000 |   1.6333 |   57.71% |   57.71% |    1:05.15
      bandwidth/experts | c1:bw=94,experts=[0,1,2,3,4,6,7,8,13]; c8:bw=94,experts=[0,1,3,4,6,7,8,13,14]; c4:bw=127,experts=[0,1,2,3,4,5,6,7,10,13,14,15]; c2:bw=107,experts=[0,1,3,4,5,6,7,10,11,13]; c9:bw=99,experts=[0,1,3,4,6,7,8,10,13]; c6:bw=85,experts=[0,1,3,4,6,7,13,14]; c5:bw=104,experts=[0,1,2,3,4,6,7,10,12,13]; c7:bw=118,experts=[0,1,2,4,6,7,10,11,13,14,15]; c0:bw=29,experts=[3,7]; c3:bw=34,experts=[3,4,7]
   49 | 0.01000 |   1.5985 |   57.74% |   57.74% |    1:06.33
      bandwidth/experts | c4:bw=91,experts=[0,1,2,4,6,10,13,14,15]; c3:bw=60,experts=[0,1,2,4,6,13]; c8:bw=50,experts=[0,4,6,13,14]; c0:bw=37,experts=[4,6,9]; c2:bw=110,experts=[0,1,2,4,5,6,10,12,13,14,15]; c5:bw=106,experts=[0,1,2,4,6,10,11,13,14,15]; c6:bw=24,experts=[4,13]; c7:bw=83,experts=[0,1,2,4,6,10,13,14]; c9:bw=100,experts=[0,1,2,4,6,10,11,12,13,14]; c1:bw=102,experts=[0,1,2,4,6,10,11,13,14,15]
   50 | 0.01000 |   1.5925 |   58.18% |   58.18% |    1:05.12
      bandwidth/experts | c8:bw=61,experts=[0,1,4,6,13,14]; c4:bw=14,experts=[4]; c7:bw=65,experts=[0,1,4,6,13,14]; c6:bw=128,experts=[0,1,2,4,5,6,9,10,11,12,13,14]; c2:bw=119,experts=[0,1,2,4,5,6,10,11,12,13,14]; c1:bw=122,experts=[0,1,2,4,5,6,10,11,12,13,14,15]; c3:bw=73,experts=[0,2,4,6,8,13,14]; c0:bw=55,experts=[0,1,4,6,13]; c9:bw=51,experts=[0,4,6,13,15]; c5:bw=59,experts=[4,6,10,11,13]
   51 | 0.01000 |   1.5842 |   58.56% |   58.56% |    1:06.09
      bandwidth/experts | c5:bw=89,experts=[0,1,2,4,6,10,13,14]; c0:bw=101,experts=[0,1,2,4,6,9,10,13,14,15]; c1:bw=40,experts=[0,4,6,13]; c2:bw=38,experts=[4,6,13]; c8:bw=87,experts=[0,1,2,4,6,10,13,14]; c6:bw=98,experts=[0,1,2,4,6,10,13,14,15]; c9:bw=34,experts=[4,6,13]; c3:bw=104,experts=[0,1,2,4,5,6,10,12,13,14]; c4:bw=21,experts=[4,6]; c7:bw=51,experts=[0,1,4,6,13]
   52 | 0.01000 |   1.5753 |   58.70% |   58.70% |    1:06.27
      bandwidth/experts | c0:bw=87,experts=[0,1,2,4,6,10,13,14]; c8:bw=33,experts=[0,4,6]; c5:bw=46,experts=[4,6,10,13]; c7:bw=64,experts=[0,1,2,4,6,13]; c1:bw=76,experts=[0,1,4,6,9,13,14]; c4:bw=63,experts=[0,1,4,6,8,13]; c9:bw=58,experts=[0,2,4,6,13]; c6:bw=96,experts=[0,1,4,5,6,10,11,13,14]; c2:bw=55,experts=[0,4,6,8,13]; c3:bw=81,experts=[0,1,2,4,6,10,13,14]
   53 | 0.01000 |   1.5717 |   59.14% |   59.14% |    1:06.37
      bandwidth/experts | c8:bw=41,experts=[0,4,6,13]; c4:bw=53,experts=[0,1,4,6,13]; c5:bw=83,experts=[0,1,2,4,6,10,13,14]; c1:bw=111,experts=[0,1,2,4,5,6,10,11,12,13,14]; c3:bw=89,experts=[0,1,2,4,6,10,13,14]; c9:bw=115,experts=[0,1,2,4,6,9,10,11,12,13,14]; c6:bw=67,experts=[0,2,4,6,13,14]; c7:bw=82,experts=[0,1,2,4,6,10,13,14]; c0:bw=73,experts=[0,2,4,6,10,11,13]; c2:bw=97,experts=[0,1,2,4,6,10,13,14,15]
   54 | 0.01000 |   1.5570 |   59.17% |   59.17% |    1:06.24
      bandwidth/experts | c2:bw=15,experts=[4]; c1:bw=99,experts=[0,1,2,4,6,10,13,14,15]; c8:bw=105,experts=[0,1,2,4,6,9,10,13,14,15]; c7:bw=115,experts=[0,1,2,4,5,6,10,11,12,13,14]; c3:bw=57,experts=[0,1,4,6,13]; c0:bw=70,experts=[0,1,2,4,6,10,13]; c6:bw=102,experts=[0,1,2,4,6,10,11,13,14,15]; c5:bw=10,experts=[4]; c9:bw=95,experts=[0,1,2,4,5,6,10,12,13]; c4:bw=60,experts=[0,2,4,6,13,14]
   55 | 0.01000 |   1.5553 |   58.94% |   59.17% |    1:05.39
      bandwidth/experts | c7:bw=103,experts=[0,1,2,4,6,10,11,12,13,14]; c2:bw=77,experts=[0,1,4,6,10,13,14]; c4:bw=27,experts=[4,6]; c3:bw=99,experts=[0,1,2,4,5,6,9,10,13]; c8:bw=26,experts=[4,11]; c5:bw=100,experts=[0,1,4,6,8,9,10,11,13,14]; c1:bw=113,experts=[0,1,2,4,5,6,10,11,12,13,14]; c6:bw=79,experts=[0,1,2,4,6,13,14]; c0:bw=52,experts=[0,1,4,6,13]; c9:bw=117,experts=[0,1,2,4,5,6,10,11,12,13,14]
   56 | 0.01000 |   1.5483 |   58.86% |   59.17% |    1:06.28
      bandwidth/experts | c9:bw=98,experts=[0,1,2,4,6,10,11,13,14]; c1:bw=106,experts=[0,1,2,4,6,10,11,12,13,14]; c3:bw=16,experts=[4]; c2:bw=100,experts=[0,1,2,4,6,9,10,11,13,14]; c5:bw=58,experts=[0,4,6,11,13]; c4:bw=18,experts=[4]; c8:bw=25,experts=[4,6]; c7:bw=34,experts=[4,6,13]; c6:bw=44,experts=[0,4,6,13]; c0:bw=132,experts=[0,1,2,4,5,6,8,10,11,12,13,14,15]
   57 | 0.01000 |   1.5414 |   59.67% |   59.67% |    1:06.11
      bandwidth/experts | c3:bw=121,experts=[0,1,2,4,5,6,10,11,12,13,14,15]; c8:bw=81,experts=[0,4,5,6,10,12,13,14]; c6:bw=91,experts=[0,1,2,4,6,10,11,13,14]; c1:bw=93,experts=[0,1,2,4,6,10,12,13,14]; c7:bw=130,experts=[0,1,2,3,4,5,6,10,11,12,13,14,15]; c0:bw=132,experts=[0,1,2,4,5,6,8,10,11,12,13,14,15]; c5:bw=83,experts=[0,1,2,4,6,10,13,14]; c4:bw=78,experts=[0,1,2,4,6,13,14]; c2:bw=62,experts=[0,2,4,6,13,14]; c9:bw=36,experts=[4,6,13]
   58 | 0.01000 |   1.5271 |   60.15% |   60.15% |    1:05.48
      bandwidth/experts | c7:bw=45,experts=[0,4,6,13]; c2:bw=10,experts=[4]; c9:bw=108,experts=[0,1,2,4,6,10,12,13,14,15]; c6:bw=104,experts=[0,1,4,5,6,8,9,10,11,13]; c5:bw=66,experts=[0,1,2,4,6,13]; c1:bw=56,experts=[0,1,4,6,13]; c8:bw=75,experts=[0,1,4,5,6,10,13]; c4:bw=72,experts=[0,1,2,4,6,13,14]; c3:bw=116,experts=[0,1,2,4,5,6,10,11,12,13,14]; c0:bw=89,experts=[0,1,2,4,6,10,12,13]
   59 | 0.01000 |   1.5262 |   60.01% |   60.15% |    1:05.76
      bandwidth/experts | c2:bw=69,experts=[0,1,2,4,6,13]; c8:bw=105,experts=[0,1,2,4,5,6,10,12,13,14]; c9:bw=52,experts=[0,4,6,10,13]; c6:bw=36,experts=[4,6,13]; c1:bw=123,experts=[0,1,2,4,5,6,9,10,11,12,13,14]; c4:bw=48,experts=[0,4,6,13]; c7:bw=53,experts=[0,1,4,6,13]; c5:bw=60,experts=[0,1,4,5,6,13]; c0:bw=98,experts=[0,1,4,5,6,8,10,12,13]; c3:bw=67,experts=[0,2,4,5,6,13]
   60 | 0.01000 |   1.5168 |   60.64% |   60.64% |    1:06.62
      bandwidth/experts | c0:bw=100,experts=[0,1,2,4,6,10,12,13,14,15]; c7:bw=90,experts=[0,1,2,4,6,9,10,13,14]; c4:bw=57,experts=[0,2,4,6,13]; c2:bw=57,experts=[0,1,4,6,13]; c5:bw=63,experts=[0,1,2,4,6,13]; c8:bw=46,experts=[0,4,6,13]; c6:bw=112,experts=[0,1,2,4,5,6,9,10,11,13,14]; c9:bw=14,experts=[4]; c1:bw=102,experts=[0,1,2,4,5,6,10,12,13,14]; c3:bw=83,experts=[0,1,2,4,6,10,13,14]
   61 | 0.01000 |   1.5131 |   60.86% |   60.86% |    1:07.19
      bandwidth/experts | c5:bw=92,experts=[0,1,4,5,6,10,11,12,13]; c6:bw=70,experts=[0,1,2,4,6,13,14]; c2:bw=55,experts=[0,4,6,10,13]; c9:bw=71,experts=[0,1,2,4,6,13,14]; c1:bw=63,experts=[0,1,2,4,6,13]; c3:bw=81,experts=[0,1,2,4,6,10,13,14]; c8:bw=104,experts=[0,1,2,4,5,6,10,11,13,14]; c4:bw=72,experts=[0,1,2,4,6,13,14]; c7:bw=82,experts=[0,4,5,6,8,10,12,13]; c0:bw=114,experts=[0,1,2,4,6,10,11,12,13,14,15]
   62 | 0.01000 |   1.5020 |   60.58% |   60.86% |    1:00.65
      bandwidth/experts | c8:bw=25,experts=[4,6]; c6:bw=118,experts=[0,1,2,4,5,6,10,11,13,14,15]; c9:bw=31,experts=[4,6,13]; c4:bw=114,experts=[0,1,2,4,6,9,10,11,12,13,14]; c5:bw=127,experts=[0,1,2,4,5,6,10,11,12,13,14,15]; c0:bw=53,experts=[0,4,6,10,13]; c3:bw=100,experts=[0,1,2,4,5,6,10,12,13,14]; c2:bw=79,experts=[0,1,2,4,6,13,14]; c1:bw=141,experts=[0,1,2,3,4,5,6,9,10,11,12,13,14,15]; c7:bw=84,experts=[0,1,2,4,6,10,13,14]
   63 | 0.01000 |   1.4998 |   61.21% |   61.21% |    0:59.25
      bandwidth/experts | c5:bw=17,experts=[4]; c9:bw=39,experts=[4,6,13]; c6:bw=64,experts=[0,1,2,4,6,13]; c3:bw=99,experts=[0,1,2,4,5,6,10,13,14]; c8:bw=60,experts=[0,4,5,6,10,13]; c1:bw=94,experts=[0,1,4,6,10,11,12,13,14]; c7:bw=129,experts=[0,1,2,4,5,6,10,11,12,13,14,15]; c0:bw=78,experts=[0,1,2,4,6,13,14]; c2:bw=53,experts=[0,4,6,10,13]; c4:bw=99,experts=[1,4,5,6,9,10,11,12,13]
   64 | 0.01000 |   1.4923 |   61.42% |   61.42% |    0:59.66
      bandwidth/experts | c6:bw=94,experts=[0,1,2,3,4,6,7,13,14]; c4:bw=71,experts=[1,3,4,6,7,10,13]; c5:bw=45,experts=[3,4,6,7]; c3:bw=71,experts=[0,1,3,4,6,7,13]; c7:bw=64,experts=[0,1,4,6,7,13]; c0:bw=60,experts=[0,3,4,6,7,13]; c8:bw=101,experts=[0,1,3,4,6,7,8,10,13,14]; c9:bw=112,experts=[0,1,2,3,4,6,7,8,10,13,14]; c2:bw=106,experts=[0,1,2,3,4,6,7,10,13,14]; c1:bw=54,experts=[0,4,6,7,8]
   65 | 0.01000 |   1.4819 |   61.41% |   61.42% |    0:59.16
      bandwidth/experts | c7:bw=17,experts=[4]; c5:bw=54,experts=[0,1,4,6,13]; c4:bw=108,experts=[0,1,2,4,5,6,10,13,14,15]; c6:bw=94,experts=[0,1,4,5,6,9,10,11,13]; c8:bw=124,experts=[0,1,2,4,5,6,9,10,11,12,13,14]; c3:bw=80,experts=[0,1,2,4,6,10,13,14]; c0:bw=78,experts=[0,1,2,4,6,13,14]; c2:bw=53,experts=[0,1,4,6,13]; c1:bw=109,experts=[0,1,4,5,6,10,11,12,13,14]; c9:bw=88,experts=[0,1,2,4,6,10,13,14]
   66 | 0.01000 |   1.4796 |   61.84% |   61.84% |    0:59.14
      bandwidth/experts | c2:bw=77,experts=[0,1,4,5,6,12,13]; c5:bw=32,experts=[4,6,13]; c1:bw=102,experts=[0,1,4,5,6,10,11,12,13,14]; c8:bw=46,experts=[0,4,6,13]; c9:bw=59,experts=[0,2,4,6,13]; c6:bw=56,experts=[0,4,6,12,13]; c4:bw=78,experts=[0,1,4,5,6,10,13]; c0:bw=72,experts=[0,1,2,4,6,10,13]; c3:bw=126,experts=[0,1,4,5,6,8,9,10,11,12,13,14]; c7:bw=95,experts=[0,1,2,4,6,10,11,13,14]
   67 | 0.01000 |   1.4774 |   61.60% |   61.84% |    0:59.17
      bandwidth/experts | c4:bw=97,experts=[0,1,2,4,5,6,8,10,13]; c5:bw=91,experts=[0,1,4,6,9,10,11,12,13]; c1:bw=69,experts=[0,1,4,6,10,13]; c3:bw=48,experts=[0,4,6,13]; c6:bw=100,experts=[0,1,2,4,6,9,10,13,14,15]; c0:bw=61,experts=[0,1,4,6,9,13]; c2:bw=81,experts=[0,1,2,4,6,10,13,14]; c9:bw=113,experts=[0,1,2,4,5,6,10,11,12,13,14]; c7:bw=111,experts=[0,1,2,4,5,6,10,11,12,13,14]; c8:bw=17,experts=[4]
   68 | 0.01000 |   1.4648 |   62.30% |   62.30% |    0:58.26
      bandwidth/experts | c1:bw=79,experts=[0,4,5,6,10,12,13]; c8:bw=59,experts=[0,1,4,6,13]; c2:bw=110,experts=[0,1,2,4,6,8,10,12,13,14,15]; c0:bw=57,experts=[0,1,4,6,13]; c3:bw=49,experts=[0,4,6,13]; c4:bw=93,experts=[0,1,2,4,6,10,11,13,14]; c5:bw=84,experts=[0,1,4,5,6,10,11,13]; c9:bw=29,experts=[4,6]; c7:bw=53,experts=[0,1,4,6,13]; c6:bw=60,experts=[0,1,2,4,6,13]
   69 | 0.01000 |   1.4561 |   62.91% |   62.91% |    0:58.52
      bandwidth/experts | c3:bw=78,experts=[0,1,2,4,6,13,14]; c7:bw=110,experts=[0,1,2,4,6,10,11,12,13,14,15]; c1:bw=59,experts=[0,2,4,6,13]; c4:bw=78,experts=[0,1,4,5,6,10,13]; c9:bw=67,experts=[0,2,4,6,9,13]; c5:bw=74,experts=[0,1,4,6,10,11,13]; c0:bw=99,experts=[0,1,2,4,6,10,13,14,15]; c2:bw=125,experts=[0,1,2,4,5,6,10,11,12,13,14,15]; c8:bw=79,experts=[0,1,4,5,6,10,13]; c6:bw=49,experts=[0,4,6,13]
   70 | 0.01000 |   1.4570 |   62.17% |   62.91% |    0:58.36
      bandwidth/experts | c1:bw=46,experts=[0,4,6,13]; c9:bw=10,experts=[4]; c7:bw=53,experts=[1,4,6,10,13]; c3:bw=60,experts=[0,2,4,6,13,14]; c0:bw=57,experts=[0,1,4,6,13]; c6:bw=49,experts=[0,4,6,13]; c2:bw=104,experts=[0,1,2,4,6,10,11,13,14,15]; c4:bw=109,experts=[0,1,2,4,5,6,10,13,14,15]; c5:bw=43,experts=[0,4,6,13]; c8:bw=91,experts=[0,1,2,4,6,10,13,14,15]
   71 | 0.01000 |   1.4490 |   62.74% |   62.91% |    0:58.48
      bandwidth/experts | c4:bw=80,experts=[0,1,2,4,6,10,13,14]; c0:bw=31,experts=[4,6,13]; c1:bw=99,experts=[0,1,2,4,5,6,10,13,14]; c9:bw=75,experts=[0,1,4,5,6,10,13]; c7:bw=39,experts=[4,6,13]; c5:bw=63,experts=[0,1,4,6,8,13]; c3:bw=116,experts=[0,1,2,4,5,6,10,11,12,13,14]; c6:bw=94,experts=[0,1,2,4,6,10,11,13,14]; c8:bw=73,experts=[0,1,2,4,6,13,14]; c2:bw=115,experts=[0,1,2,4,5,6,9,10,11,13,14]
   72 | 0.01000 |   1.4420 |   63.22% |   63.22% |    0:58.39
      bandwidth/experts | c8:bw=56,experts=[0,2,4,6,13]; c1:bw=75,experts=[0,1,2,4,6,10,13]; c5:bw=82,experts=[0,1,2,4,6,10,13,14]; c7:bw=91,experts=[0,1,2,4,5,6,10,12,13]; c6:bw=36,experts=[4,6,13]; c0:bw=99,experts=[0,1,2,4,5,6,10,13,14]; c3:bw=43,experts=[0,4,6,13]; c2:bw=43,experts=[0,4,6,13]; c9:bw=71,experts=[0,1,2,4,6,13,14]; c4:bw=74,experts=[0,1,2,4,6,10,13]
   73 | 0.01000 |   1.4367 |   63.47% |   63.47% |    0:58.33
      bandwidth/experts | c2:bw=89,experts=[0,1,2,4,6,10,13,14]; c8:bw=20,experts=[4,6]; c3:bw=75,experts=[0,1,2,4,6,13,15]; c1:bw=124,experts=[0,1,2,4,5,6,9,10,11,12,13,14]; c5:bw=32,experts=[4,6,13]; c9:bw=98,experts=[0,1,2,4,6,10,12,13,14]; c0:bw=53,experts=[0,1,4,6,13]; c7:bw=70,experts=[0,3,4,6,10,13,14]; c6:bw=37,experts=[4,6,13]; c4:bw=77,experts=[0,1,2,4,6,13,14]
   74 | 0.01000 |   1.4436 |   62.46% |   63.47% |    0:58.34
      bandwidth/experts | c3:bw=13,experts=[4]; c0:bw=75,experts=[0,1,2,4,6,10,13]; c1:bw=52,experts=[0,1,4,6,13]; c5:bw=95,experts=[0,1,2,4,6,10,11,12,13]; c7:bw=123,experts=[0,1,2,4,5,6,9,10,11,12,13,14]; c8:bw=53,experts=[0,2,4,6,13]; c6:bw=15,experts=[8]; c2:bw=11,experts=[4]; c4:bw=89,experts=[0,1,2,4,6,10,13,14]; c9:bw=60,experts=[0,2,4,6,13,15]
   75 | 0.01000 |   1.4243 |   63.48% |   63.48% |    0:58.64
      bandwidth/experts | c2:bw=75,experts=[0,4,5,6,10,13,14]; c9:bw=115,experts=[0,1,2,4,5,6,10,11,12,13,14]; c1:bw=102,experts=[0,1,2,4,5,6,10,13,14,15]; c3:bw=37,experts=[4,6,13]; c7:bw=54,experts=[0,1,4,6,13]; c6:bw=105,experts=[0,1,2,4,6,10,11,12,13,14]; c5:bw=59,experts=[1,4,6,10,13]; c4:bw=106,experts=[0,1,2,4,5,6,10,12,13,14]; c0:bw=114,experts=[0,1,2,4,5,6,8,10,13,14,15]; c8:bw=101,experts=[0,1,2,4,5,6,10,12,13,14]
   76 | 0.01000 |   1.4199 |   63.48% |   63.48% |    0:58.53
      bandwidth/experts | c8:bw=54,experts=[0,4,6,10,13]; c5:bw=70,experts=[0,1,4,6,10,11,13]; c0:bw=59,experts=[0,2,4,6,13]; c3:bw=28,experts=[4,13]; c2:bw=47,experts=[0,4,6,13]; c6:bw=44,experts=[0,4,6,13]; c7:bw=126,experts=[0,1,2,4,5,6,8,10,11,12,13,14]; c4:bw=114,experts=[0,1,2,4,5,6,10,11,12,13,14]; c9:bw=108,experts=[0,1,2,4,5,6,10,12,13,14]; c1:bw=101,experts=[0,1,2,4,5,6,10,12,13,14]
   77 | 0.01000 |   1.4216 |   63.88% |   63.88% |    0:58.34
      bandwidth/experts | c9:bw=55,experts=[0,1,4,6,13]; c2:bw=65,experts=[0,1,2,4,6,13]; c1:bw=118,experts=[0,1,2,4,5,6,10,11,12,13,14]; c8:bw=10,experts=[4]; c4:bw=10,experts=[4]; c7:bw=16,experts=[4]; c6:bw=107,experts=[0,1,2,4,5,6,10,12,13,14]; c0:bw=120,experts=[0,1,2,4,5,6,10,11,12,13,14,15]; c3:bw=76,experts=[0,1,2,4,6,13,14]; c5:bw=112,experts=[0,1,2,4,6,10,11,12,13,14,15]
   78 | 0.01000 |   1.4118 |   63.88% |   63.88% |    0:58.67
      bandwidth/experts | c0:bw=50,experts=[0,2,4,6,13]; c4:bw=43,experts=[0,4,6,13]; c3:bw=71,experts=[0,4,5,6,10,12,13]; c7:bw=68,experts=[0,1,2,4,6,13]; c8:bw=102,experts=[0,1,2,4,5,6,10,11,13,14]; c1:bw=77,experts=[0,1,3,4,6,13,14]; c9:bw=58,experts=[0,1,4,6,13]; c6:bw=109,experts=[0,1,2,4,5,6,9,10,11,13]; c5:bw=119,experts=[0,1,2,4,6,9,10,11,12,13,14]; c2:bw=65,experts=[0,1,2,4,6,13]
   79 | 0.01000 |   1.4061 |   63.90% |   63.90% |    0:58.64
      bandwidth/experts | c6:bw=40,experts=[0,4,6,13]; c9:bw=17,experts=[4]; c0:bw=68,experts=[1,2,4,6,10,13]; c4:bw=160,experts=[0,1,2,3,4,5,6,7,8,9,10,11,12,13,14,15]; c7:bw=86,experts=[0,1,2,4,6,10,13,14]; c8:bw=84,experts=[0,1,2,4,6,12,13,14]; c5:bw=100,experts=[0,1,2,4,6,10,11,12,13,14]; c3:bw=50,experts=[0,4,5,6,13]; c1:bw=70,experts=[0,1,2,4,6,13,14]; c2:bw=63,experts=[0,1,4,6,10,13]
   80 | 0.01000 |   1.4014 |   64.08% |   64.08% |    0:58.72
      bandwidth/experts | c5:bw=124,experts=[0,1,2,3,4,6,7,10,11,13,14,15]; c9:bw=99,experts=[0,1,3,4,6,7,8,10,13]; c7:bw=90,experts=[0,1,2,4,6,7,10,13,14]; c1:bw=58,experts=[4,6,7,8,13]; c3:bw=59,experts=[3,4,6,7,13]; c4:bw=108,experts=[0,1,2,4,6,10,11,13,14,15]; c2:bw=82,experts=[0,2,3,4,6,7,13,14]; c0:bw=90,experts=[0,1,3,4,5,6,7,10,13]; c6:bw=74,experts=[0,1,3,4,6,7,13]; c8:bw=97,experts=[0,2,3,4,6,7,8,13,14]
   81 | 0.01000 |   1.3948 |   63.92% |   64.08% |    0:59.00
      bandwidth/experts | c6:bw=97,experts=[0,1,4,5,6,9,10,11,13]; c2:bw=85,experts=[0,1,2,4,6,10,13,14]; c3:bw=126,experts=[0,1,2,4,5,6,10,11,12,13,14,15]; c1:bw=93,experts=[0,1,4,5,6,10,11,12,13]; c4:bw=79,experts=[0,1,2,4,6,10,13]; c5:bw=57,experts=[0,1,4,6,14]; c9:bw=50,experts=[0,1,4,6,13]; c7:bw=109,experts=[0,1,2,4,5,6,10,11,13,14]; c8:bw=90,experts=[0,1,4,5,6,9,10,13,14]; c0:bw=95,experts=[0,1,2,4,5,6,10,13,15]
   82 | 0.01000 |   1.3897 |   64.23% |   64.23% |    0:58.67
      bandwidth/experts | c1:bw=121,experts=[0,1,2,4,5,6,10,11,12,13,14,15]; c0:bw=57,experts=[0,4,6,10,13]; c6:bw=69,experts=[0,1,2,4,6,13]; c8:bw=109,experts=[0,1,2,4,5,6,10,13,14,15]; c7:bw=75,experts=[0,1,2,4,6,13,14]; c3:bw=74,experts=[0,2,4,6,8,9,13]; c2:bw=56,experts=[0,4,6,10,13]; c9:bw=105,experts=[0,1,2,4,5,6,10,11,12,13]; c5:bw=76,experts=[0,1,4,6,10,11,13]; c4:bw=56,experts=[0,4,6,10,13]
   83 | 0.01000 |   1.3989 |   64.48% |   64.48% |    1:08.59
      bandwidth/experts | c9:bw=97,experts=[0,1,2,4,6,10,13,14,15]; c4:bw=19,experts=[4]; c2:bw=77,experts=[0,1,2,4,6,10,13]; c7:bw=70,experts=[0,1,2,4,6,13,14]; c5:bw=10,experts=[4]; c0:bw=10,experts=[9]; c6:bw=100,experts=[0,1,4,6,9,10,11,12,13,15]; c1:bw=119,experts=[0,1,2,4,5,6,10,11,12,13,14]; c8:bw=74,experts=[0,1,2,4,6,13,14]; c3:bw=80,experts=[0,1,2,4,6,10,13,14]
   84 | 0.01000 |   1.3790 |   64.81% |   64.81% |    1:07.02
      bandwidth/experts | c8:bw=126,experts=[0,1,2,4,5,6,9,10,11,12,13,14]; c3:bw=61,experts=[4,5,6,10,12,13]; c1:bw=110,experts=[0,1,2,4,6,10,11,12,13,14,15]; c6:bw=10,experts=[4]; c9:bw=39,experts=[4,6,13]; c2:bw=69,experts=[4,5,6,8,10,13]; c7:bw=89,experts=[0,1,4,5,6,10,11,13]; c5:bw=38,experts=[4,5,6]; c4:bw=52,experts=[0,1,4,6,13]; c0:bw=19,experts=[4]
   85 | 0.01000 |   1.3726 |   64.69% |   64.81% |    1:06.65
      bandwidth/experts | c0:bw=72,experts=[0,4,5,6,8,10,13]; c2:bw=86,experts=[0,1,2,4,6,10,12,13]; c8:bw=132,experts=[0,1,2,4,5,6,8,9,10,11,12,13,14]; c6:bw=79,experts=[0,1,2,4,6,10,13]; c1:bw=107,experts=[0,1,2,4,5,6,10,11,12,13]; c4:bw=79,experts=[0,1,2,4,6,13,14]; c9:bw=109,experts=[0,1,2,4,6,9,10,12,13,14]; c3:bw=97,experts=[0,1,2,4,6,10,13,14,15]; c5:bw=23,experts=[4,6]; c7:bw=21,experts=[4,15]
   86 | 0.01000 |   1.3707 |   64.84% |   64.84% |    1:07.12
      bandwidth/experts | c5:bw=90,experts=[0,1,2,4,5,6,10,12,13]; c8:bw=53,experts=[0,4,6,13,14]; c2:bw=45,experts=[4,6,13,15]; c6:bw=104,experts=[0,1,2,4,6,10,11,13,14,15]; c0:bw=56,experts=[0,4,6,10,13]; c4:bw=35,experts=[4,6,13]; c7:bw=83,experts=[0,1,2,4,6,10,13,14]; c3:bw=52,experts=[0,2,4,6,13]; c1:bw=136,experts=[0,1,2,4,5,6,9,10,11,12,13,14,15]; c9:bw=81,experts=[0,1,2,4,6,10,13,14]
   87 | 0.01000 |   1.3800 |   65.15% |   65.15% |    1:02.16
      bandwidth/experts | c1:bw=55,experts=[0,4,6,10,13]; c2:bw=127,experts=[0,1,2,4,5,6,9,10,11,12,13,14]; c7:bw=42,experts=[0,4,6,13]; c5:bw=10,experts=[8]; c6:bw=113,experts=[0,1,2,4,5,6,9,10,11,12,13]; c3:bw=128,experts=[0,1,2,4,5,6,8,10,11,12,13,14]; c4:bw=64,experts=[0,1,2,4,6,13]; c9:bw=71,experts=[0,1,2,4,6,13,14]; c8:bw=87,experts=[0,1,4,5,6,10,13,14]; c0:bw=66,experts=[0,1,2,4,6,13]
   88 | 0.01000 |   1.3602 |   65.08% |   65.15% |    1:03.76
      bandwidth/experts | c8:bw=81,experts=[0,1,2,4,6,10,13,14]; c6:bw=51,experts=[0,4,6,10,13]; c3:bw=62,experts=[0,1,4,6,10,13]; c7:bw=78,experts=[0,4,6,8,10,12,13]; c0:bw=117,experts=[0,1,2,4,5,6,8,9,10,12,13]; c4:bw=71,experts=[0,1,2,4,6,10,13]; c9:bw=58,experts=[0,4,6,13,14]; c1:bw=53,experts=[0,1,4,6,13]; c5:bw=57,experts=[0,4,6,10,13]; c2:bw=86,experts=[0,1,4,6,10,12,13,14]
   89 | 0.01000 |   1.3585 |   65.66% |   65.66% |    1:06.88
      bandwidth/experts | c3:bw=58,experts=[0,4,6,13,14]; c8:bw=139,experts=[0,1,2,4,5,6,7,10,11,12,13,14,15]; c2:bw=84,experts=[0,4,5,6,10,11,12,13]; c9:bw=114,experts=[0,1,2,4,5,6,10,11,12,13,14]; c7:bw=40,experts=[3,4,6,13]; c5:bw=86,experts=[0,1,2,4,6,10,13,14]; c0:bw=24,experts=[4,13]; c6:bw=60,experts=[0,1,4,6,10,13]; c4:bw=58,experts=[0,1,4,6,13]; c1:bw=77,experts=[0,1,2,4,6,13,14]
   90 | 0.01000 |   1.3586 |   65.34% |   65.66% |    1:06.97
      bandwidth/experts | c7:bw=135,experts=[0,1,2,4,5,6,8,9,10,11,12,13,14]; c1:bw=58,experts=[0,1,4,6,13]; c3:bw=68,experts=[0,1,4,6,10,13]; c9:bw=120,experts=[0,1,2,4,5,6,10,11,12,13,14,15]; c0:bw=121,experts=[0,1,2,4,5,6,10,11,12,13,14,15]; c6:bw=49,experts=[4,6,8,13]; c2:bw=40,experts=[4,6,10,13]; c5:bw=51,experts=[0,4,6,13,14]; c8:bw=95,experts=[0,1,4,5,6,10,12,13,14]; c4:bw=67,experts=[0,1,2,4,6,13]
   91 | 0.01000 |   1.3462 |   65.37% |   65.66% |    1:09.33
      bandwidth/experts | c1:bw=94,experts=[0,1,2,4,6,10,13,14,15]; c9:bw=66,experts=[0,1,4,6,10,13]; c5:bw=98,experts=[0,1,4,5,6,10,11,12,13]; c7:bw=97,experts=[0,1,4,5,6,10,11,13,14]; c3:bw=75,experts=[0,1,2,4,6,13,14]; c4:bw=102,experts=[0,1,2,4,5,6,8,10,12,13]; c0:bw=42,experts=[4,6,10,13]; c6:bw=55,experts=[0,1,4,6,13]; c2:bw=21,experts=[4,6]; c8:bw=43,experts=[4,6,13,14]
   92 | 0.01000 |   1.3467 |   65.22% |   65.66% |    1:05.45
      bandwidth/experts | c3:bw=54,experts=[0,2,4,6,13]; c7:bw=64,experts=[0,2,4,6,10,13]; c1:bw=37,experts=[4,6,13]; c0:bw=56,experts=[0,2,4,6,13]; c8:bw=36,experts=[4,6,13]; c6:bw=86,experts=[0,1,2,4,6,10,13,14]; c9:bw=105,experts=[0,1,2,4,6,10,11,12,13,14]; c2:bw=47,experts=[0,4,6,13]; c5:bw=124,experts=[0,1,4,5,6,8,9,10,11,12,13,15]; c4:bw=50,experts=[0,2,4,6,13]
   93 | 0.01000 |   1.3472 |   65.53% |   65.66% |    0:58.95
      bandwidth/experts | c1:bw=89,experts=[0,1,2,4,6,10,13,14]; c3:bw=59,experts=[0,2,4,6,13]; c7:bw=42,experts=[0,4,6,13]; c9:bw=109,experts=[0,1,2,4,5,6,10,12,13,14]; c6:bw=42,experts=[4,6,10,13]; c8:bw=10,experts=[4]; c5:bw=15,experts=[4]; c4:bw=60,experts=[0,1,4,6,10,13]; c0:bw=35,experts=[4,6,13]; c2:bw=96,experts=[0,1,4,5,6,9,10,13,14]
   94 | 0.01000 |   1.3448 |   65.74% |   65.74% |    1:08.42
      bandwidth/experts | c7:bw=84,experts=[0,1,4,6,10,11,12,13]; c2:bw=122,experts=[0,1,2,4,5,6,9,10,11,12,13,14]; c5:bw=77,experts=[0,1,2,4,6,13,14]; c4:bw=59,experts=[0,2,4,6,13]; c6:bw=57,experts=[1,4,6,11,13]; c9:bw=95,experts=[0,1,2,4,5,6,10,12,13]; c1:bw=133,experts=[0,1,2,3,4,5,6,10,11,12,13,14,15]; c8:bw=14,experts=[4]; c0:bw=105,experts=[0,1,2,4,5,6,10,13,14,15]; c3:bw=64,experts=[0,1,4,6,13,14]
   95 | 0.01000 |   1.3383 |   66.03% |   66.03% |    1:08.28
      bandwidth/experts | c7:bw=112,experts=[0,1,2,4,5,6,10,11,12,13,14]; c9:bw=80,experts=[0,1,2,4,6,10,13,14]; c4:bw=29,experts=[3,7]; c6:bw=76,experts=[0,1,2,4,6,10,13]; c0:bw=66,experts=[1,4,6,8,10,13]; c3:bw=77,experts=[0,1,4,6,10,13,14]; c1:bw=59,experts=[0,2,4,6,13]; c8:bw=143,experts=[0,1,2,4,5,6,8,9,10,11,12,13,14,15]; c2:bw=43,experts=[0,4,6,13]; c5:bw=16,experts=[4]
   96 | 0.01000 |   1.3273 |   66.03% |   66.03% |    1:08.89
      bandwidth/experts | c2:bw=122,experts=[0,1,2,3,4,5,6,7,10,13,14,15]; c9:bw=83,experts=[0,3,4,6,7,8,10,13]; c3:bw=86,experts=[0,3,4,6,7,10,13,14]; c1:bw=68,experts=[0,4,6,7,8,13]; c5:bw=113,experts=[0,1,3,4,5,6,7,10,11,12,13]; c4:bw=92,experts=[0,1,4,6,9,10,11,13,15]; c6:bw=59,experts=[3,4,6,7,13]; c7:bw=95,experts=[0,1,4,5,6,7,10,12,13]; c0:bw=68,experts=[0,3,4,6,7,13]; c8:bw=122,experts=[0,1,2,3,4,5,6,8,10,12,13,14]
   97 | 0.01000 |   1.3262 |   65.91% |   66.03% |    1:10.09
      bandwidth/experts | c0:bw=77,experts=[0,1,2,4,6,10,13]; c9:bw=82,experts=[0,1,4,6,10,12,13,14]; c8:bw=81,experts=[0,1,4,5,6,10,12,13]; c4:bw=31,experts=[4,6,13]; c7:bw=57,experts=[0,4,6,10,13]; c1:bw=95,experts=[0,1,2,4,6,10,13,14,15]; c3:bw=66,experts=[0,4,6,10,12,13]; c5:bw=88,experts=[0,1,4,6,10,11,12,13]; c6:bw=95,experts=[0,1,2,4,6,10,13,14,15]; c2:bw=102,experts=[0,1,2,4,5,6,10,12,13,14]
   98 | 0.01000 |   1.3233 |   65.92% |   66.03% |    1:07.70
      bandwidth/experts | c4:bw=98,experts=[0,1,2,4,5,6,10,12,13]; c8:bw=101,experts=[0,1,2,4,5,6,10,12,13,14]; c9:bw=51,experts=[0,4,6,10,13]; c7:bw=45,experts=[0,4,6,13]; c6:bw=69,experts=[0,1,4,6,11,13]; c5:bw=93,experts=[0,1,2,4,6,10,11,12,13]; c0:bw=63,experts=[0,1,4,6,10,13]; c3:bw=48,experts=[4,6,9,13]; c1:bw=49,experts=[0,4,6,13]; c2:bw=46,experts=[4,6,10,13]
   99 | 0.01000 |   1.3196 |   66.03% |   66.03% |    1:10.48
      bandwidth/experts | c8:bw=64,experts=[0,1,4,6,10,13]; c5:bw=93,experts=[0,1,2,4,6,10,11,12,13]; c7:bw=86,experts=[0,1,4,6,10,11,12,13]; c1:bw=112,experts=[0,1,2,4,5,6,10,11,12,13,14]; c3:bw=71,experts=[0,4,5,6,10,12,13]; c9:bw=39,experts=[4,6,13]; c4:bw=46,experts=[4,6,10,13]; c0:bw=76,experts=[0,1,2,4,6,10,13]; c2:bw=58,experts=[0,4,6,10,13]; c6:bw=66,experts=[0,1,2,4,6,13]
  100 | 0.01000 |   1.3144 |   65.91% |   66.03% |    1:08.36
      bandwidth/experts | c2:bw=57,experts=[4,6,8,10,13]; c8:bw=84,experts=[0,1,4,6,10,12,13,14]; c9:bw=100,experts=[0,1,2,4,5,6,10,12,13,14]; c5:bw=35,experts=[4,6,10]; c6:bw=83,experts=[0,1,4,6,9,11,13,14]; c1:bw=33,experts=[0,4,6]; c4:bw=123,experts=[0,1,2,4,5,6,10,11,12,13,14,15]; c7:bw=13,experts=[4]; c3:bw=78,experts=[0,1,2,4,6,13,14]; c0:bw=122,experts=[0,1,2,4,5,6,9,10,11,13,14,15]

Done. Best Acc: 66.03% @ round 95
Total time: 1:44:57.94
[Export] 实验目录: /userhome/cs3/duanty/FedMoE/results/exp05-c100-resnet-e16-fedavg-old/20260924-102300
[Export] 每轮明细: /userhome/cs3/duanty/FedMoE/results/exp05-c100-resnet-e16-fedavg-old/20260924-102300/rounds.xlsx
[Export] 总体摘要: /userhome/cs3/duanty/FedMoE/results/exp05-c100-resnet-e16-fedavg-old/20260924-102300/summary.xlsx
[Plot] result = /userhome/cs3/duanty/FedMoE/results/exp05-c100-resnet-e16-fedavg-old/20260924-102300
[Plot] figures -> /userhome/cs3/duanty/FedMoE/results/exp05-c100-resnet-e16-fedavg-old/20260924-102300/figure
  fig01_test_accuracy.pdf
  fig02_train_loss.pdf
  fig03_acc_and_loss.pdf
  fig04_bandwidth_and_k.pdf
  fig05_expert_round_heatmap.pdf
  fig06_client_expert_heatmap.pdf
  fig07_expert_frequency.pdf
  fig08_time_breakdown.pdf
  fig09_accuracy_vs_communication.pdf
  fig10_overview.pdf
[Export] 图片目录: /userhome/cs3/duanty/FedMoE/results/exp05-c100-resnet-e16-fedavg-old/20260924-102300/figure
