========================================
Job    : exp01-svhn-vgg11-e8-fedadam-tau1e2
Host   : gpu-4090-111
Date   : Mon Sep 21 23:19:37 HKT 2026
GPU    : 0
Python : /userhome/cs3/duanty/miniconda3/envs/moe/bin/python
Command: python -u main.py --method ours --dataset svhn --backbone vgg11 --select ours --merge fedadam --device cuda --num_experts 8 --bw_max -1 --output_dir ./results/exp01-svhn-vgg11-e8-fedadam-tau1e2 --fedadam_tau 0.01
========================================

==================================================================
 Ours  
  Dataset=svhn | beta=0.1 | Backbone=vgg11 | width_mult=1 | Clients=10 | Experts=8
  Select=ours | Merge=fedadam
  Expert refresh N_ref=8
  Rounds=100 | LR=0.01
  Bandwidth: expert_bw=10 | bw=[10, 80] | Rayleigh-Shannon, SNR=10 dB | k=floor(bw/10)
==================================================================


[Partition] Dirichlet beta=0.1, 10 clients
  Client 0:   4975 samples | 6/10 classes
  Client 1:  13141 samples | 4/10 classes
  Client 2:   9473 samples | 7/10 classes
  Client 3:   1473 samples | 7/10 classes
  Client 4:   8663 samples | 10/10 classes
  Client 5:   2743 samples | 6/10 classes
  Client 6:  11091 samples | 7/10 classes
  Client 7:  14881 samples | 5/10 classes
  Client 8:   3149 samples | 5/10 classes
  Client 9:   3668 samples | 10/10 classes

[Upload] expert_bw=10 | available bw=[10, 80] | Rayleigh-Shannon, SNR=10 dB | upload k=floor(bw/10), cap=8 | probe gate scores, refresh stale experts, then train selected

[Model] Total params: 11,369,616

[Export] 本次实验目录: /userhome/cs3/duanty/FedMoE/results/exp01-svhn-vgg11-e8-fedadam-tau1e2/20260921-231942

Round |      LR |  AvgLoss |  TestAcc |     Best |  RoundTime
--------------------------------------------------------------------------------
    1 | 0.00208 |   1.4132 |   15.41% |   15.41% |    1:00.72
      bandwidth/experts | c8:bw=55,experts=[0,2,3,4,5]; c1:bw=29,experts=[2,3]; c5:bw=44,experts=[0,2,3,5]; c0:bw=10,experts=[3]; c7:bw=20,experts=[2,3]; c2:bw=29,experts=[2,3]; c9:bw=45,experts=[0,2,3,5]; c4:bw=40,experts=[0,2,3,5]; c3:bw=51,experts=[0,2,3,4,5]; c6:bw=41,experts=[0,2,3,5]
    2 | 0.00406 |   1.3348 |    9.16% |   15.41% |    1:00.52
      bandwidth/experts | c0:bw=36,experts=[0,2,6]; c1:bw=41,experts=[0,2,6,7]; c8:bw=48,experts=[0,2,6,7]; c5:bw=69,experts=[0,1,2,4,6,7]; c3:bw=67,experts=[0,1,2,4,6,7]; c4:bw=30,experts=[0,2,6]; c7:bw=55,experts=[0,2,4,6,7]; c9:bw=46,experts=[0,2,6,7]; c6:bw=17,experts=[2]; c2:bw=22,experts=[0,2]
    3 | 0.00604 |   1.2270 |    9.16% |   15.41% |    1:03.39
      bandwidth/experts | c9:bw=48,experts=[0,2,3,6]; c2:bw=42,experts=[0,2,3,6]; c0:bw=50,experts=[0,2,3,6,7]; c6:bw=40,experts=[0,2,3,6]; c8:bw=30,experts=[0,2,6]; c5:bw=13,experts=[0]; c3:bw=26,experts=[0,2]; c7:bw=33,experts=[0,2,6]; c1:bw=13,experts=[0]; c4:bw=52,experts=[0,2,3,6,7]
    4 | 0.00802 |   1.1034 |   10.35% |   15.41% |    1:05.52
      bandwidth/experts | c1:bw=40,experts=[0,2,6,7]; c7:bw=45,experts=[0,2,6,7]; c6:bw=53,experts=[0,2,3,6,7]; c2:bw=60,experts=[0,1,2,3,6,7]; c8:bw=31,experts=[0,2,6]; c0:bw=59,experts=[0,2,3,6,7]; c3:bw=34,experts=[0,2,6]; c4:bw=56,experts=[0,2,3,6,7]; c5:bw=73,experts=[0,1,2,3,5,6,7]; c9:bw=22,experts=[0,2]
    5 | 0.01000 |   1.0174 |   28.20% |   28.20% |    1:06.41
      bandwidth/experts | c1:bw=20,experts=[0,2]; c5:bw=40,experts=[0,2,3,6]; c4:bw=48,experts=[0,2,3,6]; c8:bw=37,experts=[0,2,6]; c0:bw=50,experts=[0,2,3,6,7]; c7:bw=24,experts=[0,2]; c6:bw=53,experts=[0,2,3,6,7]; c3:bw=63,experts=[0,1,2,3,6,7]; c2:bw=10,experts=[0]; c9:bw=62,experts=[0,1,2,3,6,7]
    6 | 0.01000 |   0.9489 |   29.04% |   29.04% |    1:03.17
      bandwidth/experts | c8:bw=67,experts=[0,1,2,3,6,7]; c2:bw=42,experts=[0,2,6,7]; c5:bw=27,experts=[0,2]; c7:bw=58,experts=[0,2,3,6,7]; c3:bw=36,experts=[0,2,6]; c1:bw=32,experts=[0,2,6]; c9:bw=48,experts=[0,2,6,7]; c0:bw=31,experts=[0,2,6]; c4:bw=17,experts=[0]; c6:bw=20,experts=[0,2]
    7 | 0.01000 |   0.9025 |   33.36% |   33.36% |    1:02.06
      bandwidth/experts | c0:bw=36,experts=[0,2,6]; c5:bw=49,experts=[0,2,6,7]; c2:bw=40,experts=[0,2,6,7]; c6:bw=13,experts=[0]; c3:bw=26,experts=[0,2]; c7:bw=31,experts=[0,2,6]; c4:bw=14,experts=[0]; c1:bw=10,experts=[0]; c8:bw=57,experts=[0,1,2,6,7]; c9:bw=10,experts=[0]
    8 | 0.01000 |   0.8773 |   47.36% |   47.36% |    1:03.06
      bandwidth/experts | c4:bw=10,experts=[1]; c8:bw=37,experts=[0,2,6]; c1:bw=58,experts=[0,1,2,4,5]; c3:bw=37,experts=[0,2,6]; c0:bw=32,experts=[1,4,5]; c5:bw=28,experts=[0,2]; c2:bw=54,experts=[0,2,4,5,6]; c9:bw=59,experts=[0,2,4,6,7]; c7:bw=15,experts=[1]; c6:bw=41,experts=[0,1,2,4]
    9 | 0.01000 |   0.8469 |   58.16% |   58.16% |    1:03.44
      bandwidth/experts | c2:bw=21,experts=[0,6]; c0:bw=52,experts=[0,2,3,6,7]; c4:bw=59,experts=[0,2,4,5,6]; c9:bw=26,experts=[0,5]; c8:bw=18,experts=[4]; c6:bw=31,experts=[0,2,5]; c7:bw=46,experts=[0,2,5,6]; c5:bw=52,experts=[0,2,3,6,7]; c1:bw=14,experts=[3]; c3:bw=23,experts=[0,5]
   10 | 0.01000 |   0.8182 |   62.64% |   62.64% |    1:02.76
      bandwidth/experts | c4:bw=37,experts=[0,2,6]; c2:bw=34,experts=[0,2,6]; c7:bw=37,experts=[0,2,4]; c0:bw=59,experts=[0,2,3,6,7]; c6:bw=65,experts=[0,1,2,3,6,7]; c3:bw=46,experts=[0,2,4,6]; c5:bw=58,experts=[0,2,3,4,6]; c8:bw=35,experts=[0,5,6]; c9:bw=35,experts=[0,2,6]; c1:bw=41,experts=[0,2,3,6]
   11 | 0.01000 |   0.7969 |   69.06% |   69.06% |    1:03.50
      bandwidth/experts | c5:bw=28,experts=[0,6]; c2:bw=27,experts=[0,6]; c7:bw=44,experts=[0,2,3,6]; c3:bw=50,experts=[0,2,3,4,6]; c0:bw=28,experts=[0,6]; c8:bw=39,experts=[0,2,6]; c9:bw=33,experts=[0,2,6]; c6:bw=55,experts=[0,1,2,3,6]; c1:bw=40,experts=[0,2,4,6]; c4:bw=16,experts=[0]
   12 | 0.01000 |   0.7803 |   74.55% |   74.55% |    1:06.58
      bandwidth/experts | c1:bw=42,experts=[0,2,6,7]; c5:bw=56,experts=[0,1,2,5,6]; c2:bw=57,experts=[0,1,2,3,6]; c4:bw=28,experts=[0,7]; c3:bw=35,experts=[0,2,6]; c7:bw=30,experts=[0,3,6]; c9:bw=42,experts=[0,2,6,7]; c6:bw=29,experts=[0,6]; c8:bw=55,experts=[0,2,3,5,6]; c0:bw=49,experts=[0,2,3,6]
   13 | 0.01000 |   0.7895 |   78.76% |   78.76% |    1:04.41
      bandwidth/experts | c3:bw=30,experts=[0,1,7]; c1:bw=47,experts=[0,2,3,6]; c4:bw=10,experts=[3]; c5:bw=29,experts=[0,6]; c8:bw=15,experts=[0]; c6:bw=36,experts=[0,2,6]; c9:bw=15,experts=[1]; c7:bw=58,experts=[0,2,3,5,6]; c0:bw=25,experts=[0,6]; c2:bw=16,experts=[0]
   14 | 0.01000 |   0.7579 |   78.00% |   78.76% |    1:02.90
      bandwidth/experts | c2:bw=45,experts=[0,2,5,6]; c4:bw=10,experts=[0]; c5:bw=64,experts=[0,2,3,4,5,6]; c1:bw=38,experts=[0,2,6]; c7:bw=25,experts=[0,7]; c0:bw=25,experts=[0,6]; c9:bw=32,experts=[0,3,6]; c3:bw=45,experts=[0,2,4,6]; c8:bw=21,experts=[0,6]; c6:bw=67,experts=[0,1,2,3,5,6]
   15 | 0.01000 |   0.7454 |   80.19% |   80.19% |    1:03.34
      bandwidth/experts | c7:bw=59,experts=[0,2,5,6,7]; c0:bw=20,experts=[0,6]; c1:bw=14,experts=[0]; c8:bw=52,experts=[0,1,2,6,7]; c3:bw=10,experts=[0]; c2:bw=53,experts=[0,1,2,6,7]; c4:bw=47,experts=[0,2,5,6]; c5:bw=18,experts=[0]; c9:bw=19,experts=[0]; c6:bw=33,experts=[0,2,6]
   16 | 0.01000 |   0.7380 |   81.49% |   81.49% |    1:03.21
      bandwidth/experts | c6:bw=40,experts=[0,2,4,6]; c1:bw=29,experts=[1,5]; c3:bw=43,experts=[0,2,4,6]; c8:bw=49,experts=[0,2,4,6]; c7:bw=22,experts=[0,1]; c5:bw=40,experts=[0,2,4,6]; c4:bw=35,experts=[0,1,6]; c9:bw=24,experts=[0,4]; c0:bw=57,experts=[0,1,4,5,6]; c2:bw=52,experts=[0,2,4,5,6]
   17 | 0.01000 |   0.7329 |   80.94% |   81.49% |    1:06.67
      bandwidth/experts | c4:bw=58,experts=[0,2,4,5,6]; c7:bw=25,experts=[0,6]; c8:bw=10,experts=[0]; c3:bw=52,experts=[0,2,3,5,6]; c5:bw=10,experts=[7]; c1:bw=29,experts=[0,6]; c0:bw=11,experts=[0]; c2:bw=19,experts=[0]; c9:bw=37,experts=[0,5,6]; c6:bw=39,experts=[0,2,6]
   18 | 0.01000 |   0.7200 |   83.88% |   83.88% |    1:04.00
      bandwidth/experts | c1:bw=10,experts=[0]; c8:bw=10,experts=[0]; c5:bw=35,experts=[0,2,6]; c2:bw=37,experts=[0,2,6]; c9:bw=19,experts=[0]; c7:bw=55,experts=[0,4,5,6,7]; c4:bw=56,experts=[0,2,4,5,6]; c3:bw=37,experts=[0,2,6]; c0:bw=49,experts=[0,2,6,7]; c6:bw=31,experts=[0,6,7]
   19 | 0.01000 |   0.7104 |   85.61% |   85.61% |    1:04.15
      bandwidth/experts | c8:bw=56,experts=[0,2,4,5,6]; c0:bw=42,experts=[0,2,3,6]; c4:bw=51,experts=[0,2,5,6,7]; c1:bw=46,experts=[0,2,4,6]; c9:bw=38,experts=[0,2,6]; c5:bw=29,experts=[0,6]; c7:bw=22,experts=[0,6]; c2:bw=14,experts=[0]; c6:bw=66,experts=[0,2,4,5,6,7]; c3:bw=40,experts=[0,2,4,6]
   20 | 0.01000 |   0.7125 |   87.60% |   87.60% |    1:04.51
      bandwidth/experts | c0:bw=28,experts=[0,6]; c2:bw=41,experts=[0,2,3,6]; c1:bw=40,experts=[0,2,6,7]; c9:bw=17,experts=[7]; c7:bw=43,experts=[0,2,5,6]; c6:bw=68,experts=[0,1,2,3,4,6]; c3:bw=18,experts=[0]; c5:bw=10,experts=[1]; c4:bw=59,experts=[0,2,5,6,7]; c8:bw=50,experts=[0,2,3,4,6]
   21 | 0.01000 |   0.7135 |   88.14% |   88.14% |    1:04.75
      bandwidth/experts | c1:bw=41,experts=[0,2,3,6]; c2:bw=39,experts=[0,2,6]; c7:bw=12,experts=[3]; c4:bw=48,experts=[0,2,3,6]; c8:bw=18,experts=[0]; c5:bw=32,experts=[0,2,6]; c0:bw=66,experts=[0,2,3,5,6,7]; c3:bw=10,experts=[1]; c6:bw=16,experts=[0]; c9:bw=25,experts=[0,1]
   22 | 0.01000 |   0.6998 |   89.47% |   89.47% |    1:07.92
      bandwidth/experts | c7:bw=16,experts=[0]; c9:bw=33,experts=[0,3,6]; c1:bw=10,experts=[0]; c6:bw=61,experts=[0,2,4,5,6,7]; c5:bw=17,experts=[3]; c2:bw=66,experts=[0,2,4,5,6,7]; c0:bw=67,experts=[0,2,3,5,6,7]; c4:bw=36,experts=[0,5,6]; c3:bw=56,experts=[0,2,5,6,7]; c8:bw=33,experts=[0,2,6]
   23 | 0.01000 |   0.6899 |   90.05% |   90.05% |    1:04.44
      bandwidth/experts | c5:bw=52,experts=[0,2,4,5,6]; c7:bw=15,experts=[0]; c4:bw=56,experts=[0,2,5,6,7]; c6:bw=10,experts=[0]; c9:bw=50,experts=[0,2,4,5,6]; c8:bw=35,experts=[0,1,7]; c3:bw=15,experts=[0]; c1:bw=62,experts=[0,2,4,5,6,7]; c2:bw=32,experts=[0,1,6]; c0:bw=11,experts=[0]
   24 | 0.01000 |   0.6896 |   90.16% |   90.16% |    1:04.62
      bandwidth/experts | c6:bw=30,experts=[0,2,6]; c4:bw=12,experts=[1]; c7:bw=10,experts=[1]; c9:bw=50,experts=[0,2,5,6,7]; c2:bw=43,experts=[0,2,5,6]; c1:bw=10,experts=[1]; c5:bw=25,experts=[0,6]; c8:bw=18,experts=[0]; c3:bw=10,experts=[0]; c0:bw=31,experts=[0,1,4]
   25 | 0.01000 |   0.6849 |   90.75% |   90.75% |    1:04.86
      bandwidth/experts | c9:bw=40,experts=[0,2,5,6]; c6:bw=16,experts=[0]; c4:bw=58,experts=[0,2,3,5,6]; c3:bw=14,experts=[3]; c5:bw=64,experts=[0,2,4,5,6,7]; c1:bw=49,experts=[0,2,5,6]; c8:bw=55,experts=[0,2,3,5,6]; c2:bw=12,experts=[0]; c0:bw=56,experts=[0,2,3,5,6]; c7:bw=40,experts=[0,3,5,6]
   26 | 0.01000 |   0.6764 |   91.21% |   91.21% |    1:04.63
      bandwidth/experts | c3:bw=44,experts=[0,2,6,7]; c6:bw=34,experts=[0,2,6]; c9:bw=50,experts=[0,2,5,6,7]; c7:bw=31,experts=[0,4,7]; c1:bw=33,experts=[0,2,6]; c5:bw=20,experts=[0,6]; c2:bw=30,experts=[0,2,6]; c8:bw=53,experts=[0,2,5,6,7]; c0:bw=11,experts=[0]; c4:bw=48,experts=[0,4,5,6]
   27 | 0.01000 |   0.6734 |   91.50% |   91.50% |    1:08.16
      bandwidth/experts | c7:bw=51,experts=[0,2,5,6,7]; c1:bw=62,experts=[0,2,4,5,6,7]; c4:bw=12,experts=[0]; c0:bw=36,experts=[0,5,6]; c9:bw=18,experts=[0]; c2:bw=20,experts=[0,6]; c8:bw=55,experts=[0,2,4,5,6]; c3:bw=21,experts=[0,4]; c6:bw=63,experts=[0,2,4,5,6,7]; c5:bw=37,experts=[0,2,6]
   28 | 0.01000 |   0.6688 |   91.80% |   91.80% |    1:04.46
      bandwidth/experts | c6:bw=29,experts=[1,3]; c9:bw=49,experts=[0,2,6,7]; c0:bw=47,experts=[0,5,6,7]; c8:bw=29,experts=[0,6]; c2:bw=10,experts=[3]; c5:bw=33,experts=[0,1,6]; c1:bw=25,experts=[0,6]; c3:bw=12,experts=[0]; c4:bw=10,experts=[0]; c7:bw=10,experts=[0]
   29 | 0.01000 |   0.6654 |   91.97% |   91.97% |    1:04.95
      bandwidth/experts | c4:bw=38,experts=[0,5,6]; c0:bw=44,experts=[0,2,5,6]; c1:bw=33,experts=[0,3,6]; c9:bw=44,experts=[0,1,2,6]; c6:bw=43,experts=[0,2,5,6]; c8:bw=34,experts=[0,5,6]; c7:bw=21,experts=[0,6]; c3:bw=32,experts=[0,1,6]; c2:bw=18,experts=[0]; c5:bw=33,experts=[0,2,6]
   30 | 0.01000 |   0.6632 |   91.48% |   91.97% |    1:05.14
      bandwidth/experts | c5:bw=62,experts=[0,2,3,4,5,6]; c1:bw=35,experts=[0,2,6]; c9:bw=54,experts=[0,2,3,4,6]; c4:bw=51,experts=[0,2,5,6,7]; c0:bw=17,experts=[0]; c8:bw=41,experts=[0,2,5,6]; c6:bw=11,experts=[0]; c7:bw=12,experts=[0]; c3:bw=59,experts=[0,2,5,6,7]; c2:bw=27,experts=[4,7]
   31 | 0.01000 |   0.6600 |   92.13% |   92.13% |    1:16.82
      bandwidth/experts | c6:bw=29,experts=[0,6]; c4:bw=19,experts=[0]; c9:bw=45,experts=[0,2,4,6]; c1:bw=30,experts=[0,2,6]; c5:bw=62,experts=[0,2,4,5,6,7]; c8:bw=33,experts=[0,1,6]; c3:bw=24,experts=[0,6]; c2:bw=15,experts=[1]; c0:bw=47,experts=[0,2,6,7]; c7:bw=63,experts=[0,2,4,5,6,7]
   32 | 0.01000 |   0.6558 |   91.23% |   92.13% |    1:22.31
      bandwidth/experts | c8:bw=21,experts=[0,6]; c5:bw=36,experts=[0,2,6]; c4:bw=49,experts=[0,1,5,6]; c7:bw=47,experts=[0,1,6,7]; c0:bw=46,experts=[0,1,4,6]; c1:bw=21,experts=[0,1]; c3:bw=28,experts=[0,6]; c6:bw=27,experts=[0,6]; c2:bw=54,experts=[0,2,5,6,7]; c9:bw=31,experts=[0,5,6]
   33 | 0.01000 |   0.6562 |   92.10% |   92.13% |    1:20.48
      bandwidth/experts | c7:bw=52,experts=[0,3,5,6,7]; c1:bw=34,experts=[0,6,7]; c3:bw=70,experts=[0,2,3,4,5,6,7]; c6:bw=37,experts=[0,2,6]; c5:bw=29,experts=[0,6]; c9:bw=42,experts=[0,2,6,7]; c2:bw=24,experts=[0,6]; c8:bw=50,experts=[0,2,3,6,7]; c4:bw=45,experts=[0,3,5,6]; c0:bw=62,experts=[0,2,3,5,6,7]
   34 | 0.01000 |   0.6529 |   91.85% |   92.13% |    1:17.68
      bandwidth/experts | c4:bw=46,experts=[0,4,5,6]; c1:bw=46,experts=[0,5,6,7]; c6:bw=48,experts=[0,2,6,7]; c9:bw=68,experts=[0,2,4,5,6,7]; c8:bw=42,experts=[0,5,6,7]; c0:bw=22,experts=[0,6]; c5:bw=60,experts=[0,2,4,5,6,7]; c7:bw=32,experts=[0,5,6]; c3:bw=72,experts=[0,1,2,4,5,6,7]; c2:bw=54,experts=[0,2,5,6,7]
   35 | 0.01000 |   0.6513 |   91.74% |   92.13% |    1:20.98
      bandwidth/experts | c4:bw=33,experts=[0,5,6]; c0:bw=20,experts=[0,6]; c1:bw=31,experts=[0,4,6]; c6:bw=44,experts=[0,2,4,6]; c2:bw=46,experts=[0,2,5,6]; c8:bw=50,experts=[0,2,4,5,6]; c9:bw=27,experts=[0,6]; c7:bw=48,experts=[0,5,6,7]; c5:bw=41,experts=[0,4,6,7]; c3:bw=24,experts=[0,6]
   36 | 0.01000 |   0.6476 |   91.80% |   92.13% |    1:18.20
      bandwidth/experts | c9:bw=37,experts=[0,6,7]; c0:bw=36,experts=[0,5,6]; c3:bw=60,experts=[0,2,4,5,6,7]; c7:bw=27,experts=[0,6]; c6:bw=43,experts=[0,1,3,6]; c5:bw=49,experts=[0,1,6,7]; c1:bw=10,experts=[0]; c4:bw=74,experts=[0,1,2,4,5,6,7]; c8:bw=51,experts=[0,2,5,6,7]; c2:bw=50,experts=[0,2,3,4,6]
   37 | 0.01000 |   0.6477 |   92.61% |   92.61% |    1:17.24
      bandwidth/experts | c1:bw=18,experts=[3]; c5:bw=39,experts=[0,4,6]; c2:bw=36,experts=[0,2,6]; c6:bw=65,experts=[0,2,4,5,6,7]; c4:bw=39,experts=[0,5,6]; c7:bw=42,experts=[0,5,6,7]; c9:bw=40,experts=[0,1,2,6]; c0:bw=54,experts=[0,2,5,6,7]; c3:bw=36,experts=[0,4,6]; c8:bw=10,experts=[0]
   38 | 0.01000 |   0.6492 |   92.21% |   92.61% |    1:18.00
      bandwidth/experts | c8:bw=46,experts=[0,5,6,7]; c6:bw=17,experts=[0]; c4:bw=52,experts=[0,2,5,6,7]; c1:bw=31,experts=[0,5,6]; c5:bw=10,experts=[3]; c2:bw=10,experts=[0]; c3:bw=38,experts=[0,5,6]; c7:bw=51,experts=[0,2,5,6,7]; c9:bw=26,experts=[0,3]; c0:bw=40,experts=[0,5,6,7]
   39 | 0.01000 |   0.6436 |   92.58% |   92.61% |    1:18.73
      bandwidth/experts | c3:bw=26,experts=[0,6]; c0:bw=10,experts=[0]; c1:bw=45,experts=[0,2,4,6]; c7:bw=40,experts=[0,4,5,6]; c6:bw=31,experts=[0,2,6]; c8:bw=45,experts=[0,1,5,6]; c2:bw=36,experts=[0,1,6]; c4:bw=36,experts=[0,5,6]; c9:bw=24,experts=[0,6]; c5:bw=75,experts=[0,1,2,4,5,6,7]
   40 | 0.01000 |   0.6404 |   92.61% |   92.61% |    1:19.93
      bandwidth/experts | c8:bw=26,experts=[0,6]; c1:bw=42,experts=[0,1,5,6]; c5:bw=32,experts=[0,6,7]; c6:bw=46,experts=[0,2,4,6]; c2:bw=65,experts=[0,2,4,5,6,7]; c7:bw=66,experts=[0,1,2,5,6,7]; c3:bw=10,experts=[0]; c4:bw=19,experts=[0]; c9:bw=40,experts=[0,2,4,6]; c0:bw=36,experts=[0,1,4]
   41 | 0.01000 |   0.6384 |   92.80% |   92.80% |    1:17.61
      bandwidth/experts | c2:bw=54,experts=[0,2,5,6,7]; c6:bw=10,experts=[0]; c8:bw=57,experts=[0,3,4,5,6]; c1:bw=10,experts=[0]; c4:bw=50,experts=[0,3,5,6,7]; c5:bw=61,experts=[0,2,4,5,6,7]; c7:bw=68,experts=[0,3,4,5,6,7]; c3:bw=40,experts=[0,3,4,6]; c9:bw=54,experts=[0,2,4,5,6]; c0:bw=10,experts=[3]
   42 | 0.01000 |   0.6360 |   93.39% |   93.39% |    1:17.98
      bandwidth/experts | c5:bw=50,experts=[0,2,4,6,7]; c1:bw=49,experts=[0,5,6,7]; c3:bw=48,experts=[0,1,5,6]; c9:bw=51,experts=[0,2,4,6,7]; c6:bw=34,experts=[0,2,6]; c0:bw=15,experts=[0]; c7:bw=20,experts=[0,6]; c4:bw=55,experts=[0,1,5,6,7]; c8:bw=42,experts=[0,5,6,7]; c2:bw=40,experts=[0,2,6,7]
   43 | 0.01000 |   0.6340 |   93.39% |   93.39% |    1:18.58
      bandwidth/experts | c5:bw=53,experts=[0,2,5,6,7]; c1:bw=58,experts=[0,2,5,6,7]; c2:bw=51,experts=[0,2,5,6,7]; c8:bw=45,experts=[0,5,6,7]; c9:bw=32,experts=[0,4,6]; c7:bw=21,experts=[0,6]; c4:bw=34,experts=[0,5,6]; c6:bw=12,experts=[0]; c3:bw=65,experts=[0,2,4,5,6,7]; c0:bw=21,experts=[0,6]
   44 | 0.01000 |   0.6346 |   93.45% |   93.45% |    1:19.61
      bandwidth/experts | c0:bw=66,experts=[0,2,3,4,5,6]; c3:bw=47,experts=[0,5,6,7]; c4:bw=29,experts=[0,4]; c2:bw=37,experts=[0,3,6]; c7:bw=75,experts=[0,2,3,4,5,6,7]; c5:bw=24,experts=[0,6]; c6:bw=20,experts=[1,3]; c9:bw=37,experts=[0,2,6]; c8:bw=34,experts=[0,2,6]; c1:bw=45,experts=[0,2,5,6]
   45 | 0.01000 |   0.6333 |   93.37% |   93.45% |    1:17.60
      bandwidth/experts | c8:bw=55,experts=[0,2,4,5,6]; c0:bw=36,experts=[0,5,6]; c3:bw=67,experts=[0,2,4,5,6,7]; c4:bw=64,experts=[0,1,2,5,6,7]; c7:bw=36,experts=[0,2,6]; c2:bw=49,experts=[0,2,5,6]; c9:bw=25,experts=[0,1]; c6:bw=10,experts=[5]; c5:bw=44,experts=[0,2,4,6]; c1:bw=56,experts=[0,2,3,5,6]
   46 | 0.01000 |   0.6285 |   93.38% |   93.45% |    1:18.26
      bandwidth/experts | c9:bw=37,experts=[0,3,6]; c3:bw=27,experts=[0,6]; c6:bw=39,experts=[0,6,7]; c1:bw=41,experts=[0,4,6,7]; c4:bw=64,experts=[0,2,3,5,6,7]; c5:bw=41,experts=[0,3,4,6]; c2:bw=57,experts=[0,2,5,6,7]; c8:bw=39,experts=[0,6,7]; c0:bw=55,experts=[0,2,5,6,7]; c7:bw=28,experts=[0,6]
   47 | 0.01000 |   0.6280 |   93.27% |   93.45% |    1:17.37
      bandwidth/experts | c5:bw=52,experts=[0,1,4,6,7]; c6:bw=22,experts=[0,6]; c7:bw=53,experts=[0,2,5,6,7]; c9:bw=17,experts=[0]; c8:bw=39,experts=[0,1,6]; c3:bw=70,experts=[0,1,2,4,5,6,7]; c4:bw=10,experts=[0]; c0:bw=46,experts=[0,5,6,7]; c1:bw=30,experts=[0,2,6]; c2:bw=54,experts=[0,1,5,6,7]
   48 | 0.01000 |   0.6288 |   93.63% |   93.63% |    1:20.33
      bandwidth/experts | c1:bw=50,experts=[0,1,5,6,7]; c8:bw=50,experts=[0,2,5,6,7]; c4:bw=67,experts=[0,2,3,5,6,7]; c2:bw=57,experts=[0,2,4,6,7]; c9:bw=52,experts=[0,2,4,6,7]; c6:bw=45,experts=[0,4,6,7]; c5:bw=55,experts=[0,2,4,6,7]; c7:bw=62,experts=[0,1,2,5,6,7]; c0:bw=16,experts=[1]; c3:bw=18,experts=[0]
   49 | 0.01000 |   0.6257 |   93.50% |   93.63% |    1:18.25
      bandwidth/experts | c4:bw=48,experts=[0,5,6,7]; c3:bw=32,experts=[0,3,6]; c8:bw=26,experts=[0,3]; c0:bw=20,experts=[0,6]; c2:bw=58,experts=[0,2,5,6,7]; c5:bw=56,experts=[0,2,5,6,7]; c6:bw=13,experts=[0]; c7:bw=44,experts=[0,5,6,7]; c9:bw=53,experts=[0,2,4,5,6]; c1:bw=54,experts=[0,4,5,6,7]
   50 | 0.01000 |   0.6230 |   93.53% |   93.63% |    1:18.17
      bandwidth/experts | c8:bw=32,experts=[0,6,7]; c4:bw=10,experts=[0]; c7:bw=34,experts=[0,6,7]; c6:bw=68,experts=[0,2,4,5,6,7]; c2:bw=63,experts=[0,2,4,5,6,7]; c1:bw=64,experts=[0,2,4,5,6,7]; c3:bw=39,experts=[0,6,7]; c0:bw=29,experts=[0,6]; c9:bw=27,experts=[0,6]; c5:bw=31,experts=[0,2,6]
   51 | 0.01000 |   0.6230 |   93.17% |   93.63% |    1:16.57
      bandwidth/experts | c5:bw=47,experts=[0,2,6,7]; c0:bw=53,experts=[0,2,5,6,7]; c1:bw=21,experts=[0,6]; c2:bw=20,experts=[0,6]; c8:bw=46,experts=[0,5,6,7]; c6:bw=52,experts=[0,2,5,6,7]; c9:bw=18,experts=[0]; c3:bw=55,experts=[0,2,5,6,7]; c4:bw=11,experts=[0]; c7:bw=27,experts=[0,6]
   52 | 0.01000 |   0.6233 |   93.26% |   93.63% |    1:19.90
      bandwidth/experts | c0:bw=46,experts=[0,3,4,6]; c8:bw=18,experts=[0]; c5:bw=24,experts=[0,6]; c7:bw=34,experts=[0,3,4]; c1:bw=40,experts=[0,5,6,7]; c4:bw=33,experts=[0,4,6]; c9:bw=31,experts=[0,4,6]; c6:bw=51,experts=[0,1,3,4,6]; c2:bw=29,experts=[0,3]; c3:bw=43,experts=[0,5,6,7]
   53 | 0.01000 |   0.6204 |   93.54% |   93.63% |    1:17.24
      bandwidth/experts | c8:bw=22,experts=[0,4]; c4:bw=28,experts=[0,1]; c5:bw=44,experts=[0,4,6,7]; c1:bw=59,experts=[0,3,5,6,7]; c3:bw=47,experts=[0,5,6,7]; c9:bw=61,experts=[0,1,2,5,6,7]; c6:bw=36,experts=[0,6,7]; c7:bw=44,experts=[0,5,6,7]; c0:bw=39,experts=[0,6,7]; c2:bw=51,experts=[0,2,5,6,7]
   54 | 0.01000 |   0.6193 |   93.65% |   93.65% |    1:16.92
      bandwidth/experts | c2:bw=10,experts=[0]; c1:bw=53,experts=[0,4,5,6,7]; c8:bw=55,experts=[0,4,5,6,7]; c7:bw=61,experts=[0,2,4,5,6,7]; c3:bw=30,experts=[0,6,7]; c0:bw=37,experts=[0,5,6]; c6:bw=54,experts=[0,2,5,6,7]; c5:bw=10,experts=[3]; c9:bw=50,experts=[0,2,3,4,6]; c4:bw=32,experts=[0,5,6]
   55 | 0.01000 |   0.6196 |   93.77% |   93.77% |    1:16.58
      bandwidth/experts | c7:bw=54,experts=[0,2,5,6,7]; c2:bw=41,experts=[0,1,2,6]; c4:bw=14,experts=[0]; c3:bw=52,experts=[0,1,4,6,7]; c8:bw=14,experts=[1]; c5:bw=53,experts=[0,1,4,6,7]; c1:bw=60,experts=[0,2,4,5,6,7]; c6:bw=42,experts=[0,4,6,7]; c0:bw=27,experts=[0,6]; c9:bw=62,experts=[0,2,4,5,6,7]
   56 | 0.01000 |   0.6197 |   93.89% |   93.89% |    1:19.81
      bandwidth/experts | c9:bw=52,experts=[0,2,4,6,7]; c1:bw=56,experts=[0,1,5,6,7]; c3:bw=10,experts=[0]; c2:bw=53,experts=[0,2,5,6,7]; c5:bw=31,experts=[0,4,6]; c4:bw=10,experts=[2]; c8:bw=13,experts=[2]; c7:bw=18,experts=[1]; c6:bw=23,experts=[0,6]; c0:bw=70,experts=[0,1,2,4,5,6,7]
   57 | 0.01000 |   0.6174 |   94.03% |   94.03% |    1:16.69
      bandwidth/experts | c3:bw=64,experts=[0,3,4,5,6,7]; c8:bw=43,experts=[0,3,5,6]; c6:bw=48,experts=[0,2,5,6]; c1:bw=49,experts=[0,5,6,7]; c7:bw=69,experts=[0,2,4,5,6,7]; c0:bw=70,experts=[0,2,3,4,5,6,7]; c5:bw=44,experts=[0,5,6,7]; c4:bw=41,experts=[0,3,6,7]; c2:bw=33,experts=[0,6,7]; c9:bw=19,experts=[0]
   58 | 0.01000 |   0.6164 |   93.78% |   94.03% |    1:17.48
      bandwidth/experts | c7:bw=24,experts=[0,6]; c2:bw=10,experts=[4]; c9:bw=57,experts=[0,2,4,6,7]; c6:bw=55,experts=[0,2,5,6,7]; c5:bw=35,experts=[0,6,7]; c1:bw=30,experts=[0,5,6]; c8:bw=40,experts=[0,5,6,7]; c4:bw=38,experts=[0,5,6]; c3:bw=61,experts=[0,1,2,5,6,7]; c0:bw=47,experts=[0,5,6,7]
   59 | 0.01000 |   0.6151 |   94.22% |   94.22% |    1:17.14
      bandwidth/experts | c2:bw=37,experts=[0,2,6]; c8:bw=56,experts=[0,4,5,6,7]; c9:bw=28,experts=[0,6]; c6:bw=19,experts=[0]; c1:bw=65,experts=[0,2,4,5,6,7]; c4:bw=26,experts=[0,6]; c7:bw=28,experts=[0,6]; c5:bw=32,experts=[0,2,6]; c0:bw=52,experts=[0,4,5,6,7]; c3:bw=35,experts=[0,5,6]
   60 | 0.01000 |   0.6153 |   94.22% |   94.22% |    1:20.17
      bandwidth/experts | c0:bw=53,experts=[0,2,5,6,7]; c7:bw=48,experts=[0,3,5,6]; c4:bw=30,experts=[0,4,6]; c2:bw=30,experts=[0,3,6]; c5:bw=33,experts=[0,6,7]; c8:bw=24,experts=[0,6]; c6:bw=59,experts=[0,1,3,4,6]; c9:bw=10,experts=[0]; c1:bw=54,experts=[0,2,5,6,7]; c3:bw=44,experts=[0,5,6,7]
   61 | 0.01000 |   0.6150 |   94.32% |   94.32% |    1:17.05
      bandwidth/experts | c5:bw=49,experts=[0,2,6,7]; c6:bw=37,experts=[0,5,6]; c2:bw=29,experts=[0,6]; c9:bw=38,experts=[0,1,6]; c1:bw=33,experts=[0,3,6]; c3:bw=43,experts=[0,4,5,6]; c8:bw=55,experts=[0,2,5,6,7]; c4:bw=38,experts=[0,1,6]; c7:bw=43,experts=[0,5,6,7]; c0:bw=60,experts=[0,2,4,5,6,7]
   62 | 0.01000 |   0.6132 |   94.14% |   94.32% |    1:17.46
      bandwidth/experts | c8:bw=13,experts=[0]; c6:bw=62,experts=[0,2,4,5,6,7]; c9:bw=16,experts=[3]; c4:bw=60,experts=[0,2,4,5,6,7]; c5:bw=67,experts=[0,3,4,5,6,7]; c0:bw=28,experts=[0,6]; c3:bw=53,experts=[0,1,4,6,7]; c2:bw=42,experts=[0,5,6,7]; c1:bw=75,experts=[0,1,2,4,5,6,7]; c7:bw=44,experts=[0,5,6,7]
   63 | 0.01000 |   0.6104 |   94.36% |   94.36% |    1:16.98
      bandwidth/experts | c5:bw=10,experts=[1]; c9:bw=21,experts=[0,5]; c6:bw=34,experts=[0,2,6]; c3:bw=52,experts=[0,4,5,6,7]; c8:bw=32,experts=[0,1,6]; c1:bw=50,experts=[0,2,4,6,7]; c7:bw=68,experts=[0,2,4,5,6,7]; c0:bw=41,experts=[0,5,6,7]; c2:bw=28,experts=[0,1]; c4:bw=52,experts=[0,2,5,6,7]
   64 | 0.01000 |   0.6101 |   94.08% |   94.36% |    1:19.64
      bandwidth/experts | c6:bw=50,experts=[0,2,5,6,7]; c4:bw=38,experts=[0,5,6]; c5:bw=24,experts=[0,6]; c3:bw=38,experts=[0,5,6]; c7:bw=34,experts=[0,1,6]; c0:bw=32,experts=[0,1,6]; c8:bw=53,experts=[0,2,5,6,7]; c9:bw=59,experts=[0,2,4,5,6]; c2:bw=56,experts=[0,2,5,6,7]; c1:bw=28,experts=[0,6]
   65 | 0.01000 |   0.6098 |   93.98% |   94.36% |    1:16.78
      bandwidth/experts | c7:bw=10,experts=[0]; c5:bw=29,experts=[0,6]; c4:bw=57,experts=[0,3,5,6,7]; c6:bw=50,experts=[0,2,4,6,7]; c8:bw=66,experts=[0,3,4,5,6,7]; c3:bw=42,experts=[0,3,4,6]; c0:bw=41,experts=[0,3,6,7]; c2:bw=28,experts=[0,6]; c1:bw=58,experts=[0,4,5,6,7]; c9:bw=47,experts=[0,4,6,7]
   66 | 0.01000 |   0.6089 |   93.62% |   94.36% |    1:17.47
      bandwidth/experts | c2:bw=41,experts=[0,4,6,7]; c5:bw=17,experts=[0]; c1:bw=54,experts=[0,4,5,6,7]; c8:bw=24,experts=[0,6]; c9:bw=31,experts=[0,4,6]; c6:bw=30,experts=[0,4,6]; c4:bw=41,experts=[0,5,6,7]; c0:bw=38,experts=[0,5,6]; c3:bw=66,experts=[0,2,4,5,6,7]; c7:bw=50,experts=[0,4,5,6,7]
   67 | 0.01000 |   0.6070 |   93.95% |   94.36% |    1:17.21
      bandwidth/experts | c4:bw=51,experts=[0,4,5,6,7]; c5:bw=48,experts=[0,4,6,7]; c1:bw=36,experts=[0,5,6]; c3:bw=25,experts=[0,6]; c6:bw=53,experts=[0,2,4,6,7]; c0:bw=32,experts=[0,6,7]; c2:bw=43,experts=[0,5,6,7]; c9:bw=60,experts=[0,2,4,5,6,7]; c7:bw=59,experts=[0,4,5,6,7]; c8:bw=10,experts=[0]
   68 | 0.01000 |   0.6076 |   93.75% |   94.36% |    1:19.64
      bandwidth/experts | c1:bw=42,experts=[0,5,6,7]; c8:bw=31,experts=[0,6,7]; c2:bw=58,experts=[0,3,5,6,7]; c0:bw=30,experts=[0,5,6]; c3:bw=26,experts=[0,6]; c4:bw=49,experts=[0,5,6,7]; c5:bw=45,experts=[0,5,6,7]; c9:bw=15,experts=[0]; c7:bw=28,experts=[0,3]; c6:bw=32,experts=[0,1,3]
   69 | 0.01000 |   0.6048 |   94.10% |   94.36% |    1:17.51
      bandwidth/experts | c3:bw=41,experts=[0,4,5,6]; c7:bw=58,experts=[0,2,5,6,7]; c1:bw=31,experts=[0,3,6]; c4:bw=41,experts=[0,1,5,6]; c9:bw=35,experts=[0,1,6]; c5:bw=39,experts=[0,2,6]; c0:bw=52,experts=[0,2,4,5,6]; c2:bw=66,experts=[0,2,4,5,6,7]; c8:bw=42,experts=[0,5,6,7]; c6:bw=26,experts=[0,6]
   70 | 0.01000 |   0.6063 |   94.16% |   94.36% |    1:16.83
      bandwidth/experts | c1:bw=24,experts=[0,1]; c9:bw=10,experts=[3]; c7:bw=28,experts=[0,6]; c3:bw=32,experts=[0,1,6]; c0:bw=30,experts=[0,5,6]; c6:bw=26,experts=[0,6]; c2:bw=55,experts=[0,2,5,6,7]; c4:bw=58,experts=[0,2,5,6,7]; c5:bw=23,experts=[0,3]; c8:bw=48,experts=[0,5,6,7]
   71 | 0.01000 |   0.6044 |   94.20% |   94.36% |    1:17.54
      bandwidth/experts | c4:bw=42,experts=[0,5,6,7]; c0:bw=16,experts=[0]; c1:bw=52,experts=[0,2,5,6,7]; c9:bw=40,experts=[0,4,6,7]; c7:bw=20,experts=[0,6]; c5:bw=33,experts=[0,1,6]; c3:bw=62,experts=[0,2,4,5,6,7]; c6:bw=50,experts=[0,2,4,5,6]; c8:bw=39,experts=[0,1,6]; c2:bw=61,experts=[0,1,2,5,6,7]
   72 | 0.01000 |   0.6053 |   94.05% |   94.36% |    1:18.73
      bandwidth/experts | c8:bw=30,experts=[0,2,6]; c1:bw=39,experts=[0,5,6]; c5:bw=43,experts=[0,2,4,6]; c7:bw=48,experts=[0,1,5,6]; c6:bw=19,experts=[0]; c0:bw=52,experts=[0,1,5,6,7]; c3:bw=23,experts=[0,6]; c2:bw=23,experts=[0,6]; c9:bw=38,experts=[0,4,6]; c4:bw=39,experts=[0,5,6]
   73 | 0.01000 |   0.6043 |   94.24% |   94.36% |    1:18.52
      bandwidth/experts | c2:bw=47,experts=[0,2,5,6]; c8:bw=11,experts=[3]; c3:bw=40,experts=[0,3,5,6]; c1:bw=66,experts=[0,1,2,5,6,7]; c5:bw=17,experts=[0]; c9:bw=52,experts=[0,2,5,6,7]; c0:bw=28,experts=[0,3]; c7:bw=37,experts=[0,5,6]; c6:bw=20,experts=[0,6]; c4:bw=41,experts=[0,3,5,6]
   74 | 0.01000 |   0.6030 |   94.16% |   94.36% |    1:17.25
      bandwidth/experts | c3:bw=10,experts=[0]; c0:bw=40,experts=[0,5,6,7]; c1:bw=28,experts=[0,4]; c5:bw=50,experts=[0,4,5,6,7]; c7:bw=65,experts=[0,2,4,5,6,7]; c8:bw=28,experts=[0,4]; c6:bw=10,experts=[0]; c2:bw=10,experts=[0]; c4:bw=47,experts=[0,5,6,7]; c9:bw=32,experts=[0,6,7]
   75 | 0.01000 |   0.6026 |   94.19% |   94.36% |    1:16.98
      bandwidth/experts | c2:bw=40,experts=[0,2,5,6]; c9:bw=61,experts=[0,2,4,5,6,7]; c1:bw=54,experts=[0,1,5,6,7]; c3:bw=20,experts=[0,6]; c7:bw=28,experts=[0,6]; c6:bw=56,experts=[0,4,5,6,7]; c5:bw=31,experts=[0,6,7]; c4:bw=56,experts=[0,4,5,6,7]; c0:bw=60,experts=[0,2,4,5,6,7]; c8:bw=53,experts=[0,4,5,6,7]
   76 | 0.01000 |   0.6003 |   94.61% |   94.61% |    1:17.50
      bandwidth/experts | c8:bw=29,experts=[0,6]; c5:bw=37,experts=[0,6,7]; c0:bw=31,experts=[0,5,6]; c3:bw=15,experts=[0]; c2:bw=25,experts=[0,3]; c6:bw=23,experts=[1,3]; c7:bw=66,experts=[0,2,3,5,6,7]; c4:bw=60,experts=[0,2,4,5,6,7]; c9:bw=57,experts=[0,4,5,6,7]; c1:bw=53,experts=[0,4,5,6,7]
   77 | 0.01000 |   0.6013 |   94.53% |   94.61% |    1:19.44
      bandwidth/experts | c9:bw=29,experts=[0,1]; c2:bw=34,experts=[0,4,6]; c1:bw=62,experts=[0,2,3,4,5,6]; c8:bw=10,experts=[0]; c4:bw=10,experts=[1]; c7:bw=10,experts=[0]; c6:bw=57,experts=[0,2,5,6,7]; c0:bw=63,experts=[0,2,4,5,6,7]; c3:bw=40,experts=[0,4,5,6]; c5:bw=59,experts=[0,2,4,6,7]
   78 | 0.01000 |   0.6005 |   94.58% |   94.61% |    1:17.68
      bandwidth/experts | c0:bw=26,experts=[0,6]; c4:bw=23,experts=[0,6]; c3:bw=38,experts=[0,1,6]; c7:bw=36,experts=[0,5,6]; c8:bw=54,experts=[0,4,5,6,7]; c1:bw=41,experts=[0,5,6,7]; c9:bw=31,experts=[0,3,6]; c6:bw=57,experts=[0,2,5,6,7]; c5:bw=63,experts=[0,3,4,5,6,7]; c2:bw=34,experts=[0,5,6]
   79 | 0.01000 |   0.6009 |   94.48% |   94.61% |    1:16.59
      bandwidth/experts | c6:bw=21,experts=[0,6]; c9:bw=10,experts=[0]; c0:bw=36,experts=[0,6,7]; c4:bw=80,experts=[0,1,2,3,4,5,6,7]; c7:bw=46,experts=[0,5,6,7]; c8:bw=44,experts=[0,1,5,6]; c5:bw=53,experts=[0,1,5,6,7]; c3:bw=26,experts=[2,7]; c1:bw=37,experts=[0,6,7]; c2:bw=33,experts=[0,1,7]
   80 | 0.01000 |   0.5988 |   94.57% |   94.61% |    1:17.31
      bandwidth/experts | c5:bw=65,experts=[0,2,4,5,6,7]; c9:bw=53,experts=[0,4,5,6,7]; c7:bw=48,experts=[0,1,6,7]; c1:bw=31,experts=[0,5,6]; c3:bw=31,experts=[0,6,7]; c4:bw=57,experts=[0,4,5,6,7]; c2:bw=44,experts=[0,2,5,6]; c0:bw=47,experts=[0,1,5,6]; c6:bw=39,experts=[0,4,6]; c8:bw=51,experts=[0,2,5,6,7]
   81 | 0.01000 |   0.5973 |   94.45% |   94.61% |    1:19.54
      bandwidth/experts | c6:bw=51,experts=[0,2,4,5,6]; c2:bw=45,experts=[0,5,6,7]; c3:bw=67,experts=[0,3,4,5,6,7]; c1:bw=49,experts=[0,5,6,7]; c4:bw=42,experts=[0,5,6,7]; c5:bw=30,experts=[0,2,6]; c9:bw=26,experts=[0,6]; c7:bw=58,experts=[0,4,5,6,7]; c8:bw=48,experts=[0,3,6,7]; c0:bw=50,experts=[0,3,5,6,7]
   82 | 0.01000 |   0.5981 |   94.50% |   94.61% |    1:17.64
      bandwidth/experts | c1:bw=64,experts=[0,2,4,5,6,7]; c0:bw=30,experts=[0,5,6]; c6:bw=36,experts=[0,5,6]; c8:bw=58,experts=[0,4,5,6,7]; c7:bw=40,experts=[0,5,6,7]; c3:bw=39,experts=[0,5,6]; c2:bw=30,experts=[0,5,6]; c9:bw=56,experts=[0,2,4,6,7]; c5:bw=40,experts=[0,4,6,7]; c4:bw=30,experts=[0,5,6]
   83 | 0.01000 |   0.5973 |   94.62% |   94.62% |    1:17.47
      bandwidth/experts | c9:bw=51,experts=[0,2,4,6,7]; c4:bw=10,experts=[0]; c2:bw=41,experts=[0,2,5,6]; c7:bw=37,experts=[0,5,6]; c5:bw=10,experts=[0]; c0:bw=10,experts=[0]; c6:bw=53,experts=[0,2,5,6,7]; c1:bw=63,experts=[0,1,2,5,6,7]; c8:bw=39,experts=[0,5,6]; c3:bw=42,experts=[0,5,6,7]
   84 | 0.01000 |   0.5962 |   94.54% |   94.62% |    1:17.74
      bandwidth/experts | c8:bw=67,experts=[0,2,4,5,6,7]; c3:bw=32,experts=[0,5,6]; c1:bw=58,experts=[0,2,5,6,7]; c6:bw=10,experts=[1]; c9:bw=20,experts=[0,6]; c2:bw=36,experts=[0,3,6]; c7:bw=47,experts=[0,2,3,6]; c5:bw=20,experts=[0,6]; c4:bw=27,experts=[0,6]; c0:bw=10,experts=[0]
   85 | 0.01000 |   0.5959 |   94.66% |   94.66% |    1:19.48
      bandwidth/experts | c0:bw=38,experts=[0,2,4]; c2:bw=45,experts=[0,4,5,6]; c8:bw=70,experts=[0,1,2,4,5,6,7]; c6:bw=42,experts=[0,3,5,6]; c1:bw=57,experts=[0,2,3,5,6]; c4:bw=42,experts=[0,5,6,7]; c9:bw=58,experts=[0,1,4,6,7]; c3:bw=51,experts=[0,4,5,6,7]; c5:bw=12,experts=[0]; c7:bw=11,experts=[0]
   86 | 0.01000 |   0.5959 |   94.50% |   94.66% |    1:17.38
      bandwidth/experts | c5:bw=47,experts=[0,3,6,7]; c8:bw=28,experts=[0,6]; c2:bw=24,experts=[0,6]; c6:bw=55,experts=[0,4,5,6,7]; c0:bw=30,experts=[0,5,6]; c4:bw=18,experts=[0]; c7:bw=44,experts=[0,5,6,7]; c3:bw=28,experts=[0,1]; c1:bw=72,experts=[0,1,2,4,5,6,7]; c9:bw=43,experts=[0,3,5,6]
   87 | 0.01000 |   0.5963 |   94.78% |   94.78% |    1:17.65
      bandwidth/experts | c1:bw=29,experts=[0,6]; c2:bw=67,experts=[0,1,2,5,6,7]; c7:bw=22,experts=[0,6]; c5:bw=10,experts=[1]; c6:bw=60,experts=[0,2,4,5,6,7]; c3:bw=68,experts=[0,2,4,5,6,7]; c4:bw=34,experts=[1,2,3]; c9:bw=37,experts=[0,4,6]; c8:bw=46,experts=[0,5,6,7]; c0:bw=35,experts=[0,6,7]
   88 | 0.01000 |   0.5944 |   94.57% |   94.78% |    1:16.96
      bandwidth/experts | c8:bw=43,experts=[0,5,6,7]; c6:bw=27,experts=[0,6]; c3:bw=33,experts=[0,4,6]; c7:bw=41,experts=[0,1,5,6]; c0:bw=62,experts=[0,1,2,4,5,6]; c4:bw=38,experts=[0,4,6]; c9:bw=31,experts=[0,6,7]; c1:bw=28,experts=[0,6]; c5:bw=30,experts=[0,5,6]; c2:bw=46,experts=[0,5,6,7]
   89 | 0.01000 |   0.5936 |   94.81% |   94.81% |    1:19.23
      bandwidth/experts | c3:bw=31,experts=[0,3,6]; c8:bw=74,experts=[0,2,3,4,5,6,7]; c2:bw=44,experts=[0,5,6,7]; c9:bw=60,experts=[0,2,4,5,6,7]; c7:bw=21,experts=[0,4]; c5:bw=46,experts=[0,2,5,6]; c0:bw=13,experts=[3]; c6:bw=32,experts=[0,5,6]; c4:bw=30,experts=[0,5,6]; c1:bw=41,experts=[0,5,6,7]
   90 | 0.01000 |   0.5919 |   94.77% |   94.81% |    1:18.15
      bandwidth/experts | c7:bw=72,experts=[0,2,3,4,5,6,7]; c1:bw=31,experts=[0,5,6]; c3:bw=36,experts=[0,4,6]; c9:bw=63,experts=[0,2,4,5,6,7]; c0:bw=64,experts=[0,2,4,5,6,7]; c6:bw=26,experts=[0,6]; c2:bw=21,experts=[0,6]; c5:bw=27,experts=[0,4]; c8:bw=50,experts=[0,4,5,6,7]; c4:bw=35,experts=[0,5,6]
   91 | 0.01000 |   0.5937 |   94.79% |   94.81% |    1:16.36
      bandwidth/experts | c1:bw=50,experts=[0,2,5,6,7]; c9:bw=35,experts=[0,4,6]; c5:bw=52,experts=[0,2,4,6,7]; c7:bw=51,experts=[0,4,5,6,7]; c3:bw=40,experts=[0,5,6,7]; c4:bw=54,experts=[0,2,5,6,7]; c0:bw=22,experts=[0,6]; c6:bw=29,experts=[0,6]; c2:bw=11,experts=[0]; c8:bw=23,experts=[0,6]
   92 | 0.01000 |   0.5934 |   94.41% |   94.81% |    1:17.11
      bandwidth/experts | c3:bw=28,experts=[0,6]; c7:bw=34,experts=[0,5,6]; c1:bw=20,experts=[0,6]; c0:bw=29,experts=[0,6]; c8:bw=19,experts=[0]; c6:bw=45,experts=[0,1,2,6]; c9:bw=56,experts=[0,4,5,6,7]; c2:bw=25,experts=[0,3]; c5:bw=66,experts=[0,2,4,5,6,7]; c4:bw=26,experts=[0,6]
   93 | 0.01000 |   0.5928 |   94.69% |   94.81% |    1:19.79
      bandwidth/experts | c1:bw=47,experts=[0,3,4,6]; c3:bw=31,experts=[0,5,6]; c7:bw=22,experts=[0,6]; c9:bw=58,experts=[0,1,4,6,7]; c6:bw=22,experts=[0,3]; c8:bw=10,experts=[1]; c5:bw=10,experts=[0]; c4:bw=32,experts=[0,5,6]; c0:bw=19,experts=[0]; c2:bw=51,experts=[0,4,5,6,7]
   94 | 0.01000 |   0.5930 |   94.45% |   94.81% |    1:17.95
      bandwidth/experts | c7:bw=45,experts=[0,5,6,7]; c2:bw=65,experts=[0,2,4,5,6,7]; c5:bw=41,experts=[0,3,6,7]; c4:bw=31,experts=[0,5,6]; c6:bw=30,experts=[0,2,6]; c9:bw=50,experts=[0,3,4,6,7]; c1:bw=70,experts=[0,1,2,4,5,6,7]; c8:bw=10,experts=[0]; c0:bw=55,experts=[0,4,5,6,7]; c3:bw=34,experts=[0,1,6]
   95 | 0.01000 |   0.5928 |   94.35% |   94.81% |    1:16.98
      bandwidth/experts | c7:bw=59,experts=[0,4,5,6,7]; c9:bw=42,experts=[0,4,6,7]; c4:bw=15,experts=[1]; c6:bw=40,experts=[0,4,6,7]; c0:bw=35,experts=[0,5,6]; c3:bw=41,experts=[0,2,5,6]; c1:bw=31,experts=[0,5,6]; c8:bw=76,experts=[0,1,2,4,5,6,7]; c2:bw=23,experts=[0,1]; c5:bw=10,experts=[1]
   96 | 0.01000 |   0.5904 |   94.56% |   94.81% |    1:17.04
      bandwidth/experts | c2:bw=65,experts=[0,2,4,5,6,7]; c9:bw=44,experts=[0,4,5,6]; c3:bw=46,experts=[0,4,5,6]; c1:bw=36,experts=[0,5,6]; c5:bw=60,experts=[0,2,4,5,6,7]; c4:bw=49,experts=[0,3,4,5]; c6:bw=31,experts=[0,5,6]; c7:bw=50,experts=[0,1,4,5,6]; c0:bw=36,experts=[0,1,6]; c8:bw=64,experts=[0,2,4,5,6,7]
   97 | 0.01000 |   0.5895 |   94.72% |   94.81% |    1:19.61
      bandwidth/experts | c0:bw=41,experts=[0,3,4,6]; c9:bw=43,experts=[0,4,5,6]; c8:bw=43,experts=[0,3,5,6]; c4:bw=16,experts=[0]; c7:bw=30,experts=[0,5,6]; c1:bw=50,experts=[0,2,5,6,7]; c3:bw=35,experts=[0,3,6]; c5:bw=46,experts=[0,4,5,6]; c6:bw=50,experts=[0,4,5,6,7]; c2:bw=54,experts=[0,2,5,6,7]
   98 | 0.01000 |   0.5882 |   94.49% |   94.81% |    1:16.44
      bandwidth/experts | c4:bw=52,experts=[0,2,5,6,7]; c8:bw=54,experts=[0,4,5,6,7]; c9:bw=27,experts=[0,2]; c7:bw=24,experts=[2,3]; c6:bw=36,experts=[0,4,6]; c5:bw=49,experts=[0,4,6,7]; c0:bw=33,experts=[0,2,6]; c3:bw=25,experts=[0,6]; c1:bw=26,experts=[0,6]; c2:bw=24,experts=[0,6]
   99 | 0.01000 |   0.5905 |   94.95% |   94.95% |    1:14.54
      bandwidth/experts | c8:bw=34,experts=[0,5,6]; c5:bw=49,experts=[0,4,6,7]; c7:bw=45,experts=[0,5,6,7]; c1:bw=59,experts=[0,4,5,6,7]; c3:bw=38,experts=[0,6,7]; c9:bw=20,experts=[0,6]; c4:bw=24,experts=[0,6]; c0:bw=40,experts=[0,5,6,7]; c2:bw=31,experts=[0,2,6]; c6:bw=35,experts=[0,5,6]
  100 | 0.01000 |   0.5902 |   94.81% |   94.95% |    1:15.15
      bandwidth/experts | c2:bw=30,experts=[0,3,6]; c8:bw=44,experts=[0,5,6,7]; c9:bw=53,experts=[0,2,4,5,6]; c5:bw=18,experts=[0]; c6:bw=44,experts=[0,1,2,6]; c1:bw=17,experts=[0]; c4:bw=65,experts=[0,2,3,5,6,7]; c7:bw=10,experts=[0]; c3:bw=42,experts=[0,4,5,6]; c0:bw=64,experts=[0,2,4,5,6,7]

Done. Best Acc: 94.95% @ round 99
Total time: 2:03:10.34
[Export] 实验目录: /userhome/cs3/duanty/FedMoE/results/exp01-svhn-vgg11-e8-fedadam-tau1e2/20260921-231942
[Export] 每轮明细: /userhome/cs3/duanty/FedMoE/results/exp01-svhn-vgg11-e8-fedadam-tau1e2/20260921-231942/rounds.xlsx
[Export] 总体摘要: /userhome/cs3/duanty/FedMoE/results/exp01-svhn-vgg11-e8-fedadam-tau1e2/20260921-231942/summary.xlsx
[Plot] result = /userhome/cs3/duanty/FedMoE/results/exp01-svhn-vgg11-e8-fedadam-tau1e2/20260921-231942
[Plot] figures -> /userhome/cs3/duanty/FedMoE/results/exp01-svhn-vgg11-e8-fedadam-tau1e2/20260921-231942/figure
  fig01_test_accuracy.pdf
  fig02_train_loss.pdf
  fig03_acc_and_loss.pdf
  fig04_bandwidth_and_k.pdf
  fig05_expert_round_heatmap.pdf
  fig06_client_expert_heatmap.pdf
  fig07_expert_frequency.pdf
  fig08_time_breakdown.pdf
  fig09_accuracy_vs_communication.pdf
  fig10_overview.pdf
[Export] 图片目录: /userhome/cs3/duanty/FedMoE/results/exp01-svhn-vgg11-e8-fedadam-tau1e2/20260921-231942/figure
