========================================
Job    : exp01-c100-vgg11-e8-random
Host   : gpu-4090-104
Date   : Mon Sep 21 13:48:01 HKT 2026
GPU    : 0
Python : /userhome/cs3/duanty/miniconda3/envs/moe/bin/python
Command: python -u main.py --method ours --dataset cifar100 --backbone vgg11 --select random --merge ours --device cuda --num_experts 8 --bw_max -1 --output_dir ./results/exp01-c100-vgg11-e8-random
========================================

==================================================================
 Ours  
  Dataset=cifar100 | beta=0.1 | Backbone=vgg11 | width_mult=1 | Clients=10 | Experts=8
  Select=random | Merge=ours
  Rounds=100 | LR=0.01
  Bandwidth: expert_bw=10 | bw=[10, 80] | Rayleigh-Shannon, SNR=10 dB | k=floor(bw/10)
==================================================================


[Partition] Dirichlet beta=0.1, 10 clients
  Client 0:   4573 samples | 45/100 classes
  Client 1:   4218 samples | 54/100 classes
  Client 2:   3656 samples | 48/100 classes
  Client 3:   5018 samples | 43/100 classes
  Client 4:   6664 samples | 52/100 classes
  Client 5:   6137 samples | 45/100 classes
  Client 6:   6582 samples | 49/100 classes
  Client 7:   4512 samples | 39/100 classes
  Client 8:   5219 samples | 46/100 classes
  Client 9:   3421 samples | 100/100 classes

[Upload] expert_bw=10 | available bw=[10, 80] | Rayleigh-Shannon, SNR=10 dB | upload k=floor(bw/10), cap=8 | random K experts from bandwidth, then train selected

[Model] Total params: 11,738,976

[Export] 本次实验目录: /userhome/cs3/duanty/FedMoE/results/exp01-c100-vgg11-e8-random/20260921-134805

Round |      LR |  AvgLoss |  TestAcc |     Best |  RoundTime
--------------------------------------------------------------------------------
    1 | 0.00208 |   3.7281 |    3.03% |    3.03% |    0:43.33
      bandwidth/experts | c8:bw=55,experts=[0,2,3,6,7]; c1:bw=29,experts=[2,6]; c5:bw=44,experts=[0,3,5,7]; c0:bw=10,experts=[7]; c7:bw=20,experts=[4,5]; c2:bw=29,experts=[2,3]; c9:bw=45,experts=[0,1,6,7]; c4:bw=40,experts=[0,5,6,7]; c3:bw=51,experts=[0,1,2,4,6]; c6:bw=41,experts=[0,4,6,7]
    2 | 0.00406 |   3.3428 |    4.41% |    4.41% |    0:44.25
      bandwidth/experts | c0:bw=36,experts=[5,6,7]; c1:bw=41,experts=[2,3,4,5]; c8:bw=48,experts=[0,2,3,4]; c5:bw=69,experts=[1,2,4,5,6,7]; c3:bw=67,experts=[0,1,2,3,5,6]; c4:bw=30,experts=[0,2,4]; c7:bw=55,experts=[0,1,2,3,7]; c9:bw=46,experts=[2,3,4,7]; c6:bw=17,experts=[3]; c2:bw=22,experts=[3,7]
    3 | 0.00604 |   3.2068 |    6.54% |    6.54% |    0:45.15
      bandwidth/experts | c9:bw=48,experts=[2,3,5,7]; c2:bw=42,experts=[0,2,4,6]; c0:bw=50,experts=[1,2,3,5,6]; c6:bw=40,experts=[0,1,2,3]; c8:bw=30,experts=[0,2,3]; c5:bw=13,experts=[6]; c3:bw=26,experts=[2,5]; c7:bw=33,experts=[1,2,5]; c1:bw=13,experts=[1]; c4:bw=52,experts=[2,4,5,6,7]
    4 | 0.00802 |   3.0857 |    7.71% |    7.71% |    0:43.74
      bandwidth/experts | c1:bw=40,experts=[1,2,4,7]; c7:bw=45,experts=[1,3,4,5]; c6:bw=53,experts=[0,3,5,6,7]; c2:bw=60,experts=[0,1,3,4,5,7]; c8:bw=31,experts=[1,3,6]; c0:bw=59,experts=[2,3,4,6,7]; c3:bw=34,experts=[0,4,5]; c4:bw=56,experts=[0,2,3,6,7]; c5:bw=73,experts=[0,1,2,3,4,5,6]; c9:bw=22,experts=[0,6]
    5 | 0.01000 |   3.1426 |    9.75% |    9.75% |    0:43.53
      bandwidth/experts | c1:bw=20,experts=[1,7]; c5:bw=40,experts=[1,4,5,6]; c4:bw=48,experts=[1,2,5,7]; c8:bw=37,experts=[1,2,6]; c0:bw=50,experts=[0,1,3,4,6]; c7:bw=24,experts=[1,6]; c6:bw=53,experts=[1,2,4,6,7]; c3:bw=63,experts=[0,1,4,5,6,7]; c2:bw=10,experts=[1]; c9:bw=62,experts=[0,1,3,5,6,7]
    6 | 0.01000 |   2.9741 |   10.81% |   10.81% |    0:46.05
      bandwidth/experts | c8:bw=67,experts=[0,1,4,5,6,7]; c2:bw=42,experts=[2,4,6,7]; c5:bw=27,experts=[3,4]; c7:bw=58,experts=[1,3,5,6,7]; c3:bw=36,experts=[4,5,7]; c1:bw=32,experts=[1,2,4]; c9:bw=48,experts=[0,3,4,5]; c0:bw=31,experts=[4,5,7]; c4:bw=17,experts=[5]; c6:bw=20,experts=[3,5]
    7 | 0.01000 |   2.9549 |   12.70% |   12.70% |    0:46.34
      bandwidth/experts | c0:bw=36,experts=[0,4,7]; c5:bw=49,experts=[0,2,4,7]; c2:bw=40,experts=[0,3,6,7]; c6:bw=13,experts=[6]; c3:bw=26,experts=[4,5]; c7:bw=31,experts=[1,2,5]; c4:bw=14,experts=[1]; c1:bw=10,experts=[0]; c8:bw=57,experts=[0,3,4,5,7]; c9:bw=10,experts=[6]
    8 | 0.01000 |   2.8552 |   14.10% |   14.10% |    0:41.60
      bandwidth/experts | c4:bw=10,experts=[7]; c8:bw=37,experts=[0,1,7]; c1:bw=58,experts=[0,2,3,6,7]; c3:bw=37,experts=[1,6,7]; c0:bw=32,experts=[4,5,6]; c5:bw=28,experts=[2,7]; c2:bw=54,experts=[2,4,5,6,7]; c9:bw=59,experts=[0,1,2,4,6]; c7:bw=15,experts=[2]; c6:bw=41,experts=[1,3,5,7]
    9 | 0.01000 |   2.7712 |   16.81% |   16.81% |    0:44.48
      bandwidth/experts | c2:bw=21,experts=[2,4]; c0:bw=52,experts=[0,3,4,5,6]; c4:bw=59,experts=[1,2,3,4,6]; c9:bw=26,experts=[4,5]; c8:bw=18,experts=[1]; c6:bw=31,experts=[2,5,7]; c7:bw=46,experts=[0,1,4,5]; c5:bw=52,experts=[2,3,4,5,6]; c1:bw=14,experts=[1]; c3:bw=23,experts=[6,7]
   10 | 0.01000 |   2.8519 |   14.46% |   16.81% |    0:42.50
      bandwidth/experts | c4:bw=37,experts=[1,3,5]; c2:bw=34,experts=[1,3,4]; c7:bw=37,experts=[1,5,6]; c0:bw=59,experts=[1,3,4,6,7]; c6:bw=65,experts=[1,2,4,5,6,7]; c3:bw=46,experts=[1,3,4,5]; c5:bw=58,experts=[0,3,5,6,7]; c8:bw=35,experts=[0,1,5]; c9:bw=35,experts=[2,4,7]; c1:bw=41,experts=[0,1,4,7]
   11 | 0.01000 |   2.7857 |   21.45% |   21.45% |    0:43.61
      bandwidth/experts | c5:bw=28,experts=[2,7]; c2:bw=27,experts=[1,4]; c7:bw=44,experts=[0,3,4,7]; c3:bw=50,experts=[0,3,4,5,7]; c0:bw=28,experts=[2,3]; c8:bw=39,experts=[2,3,5]; c9:bw=33,experts=[3,4,7]; c6:bw=55,experts=[0,1,2,3,4]; c1:bw=40,experts=[1,2,4,6]; c4:bw=16,experts=[5]
   12 | 0.01000 |   2.7157 |   20.96% |   21.45% |    0:42.42
      bandwidth/experts | c1:bw=42,experts=[0,3,5,7]; c5:bw=56,experts=[1,2,5,6,7]; c2:bw=57,experts=[0,1,2,4,5]; c4:bw=28,experts=[5,6]; c3:bw=35,experts=[4,5,7]; c7:bw=30,experts=[3,4,7]; c9:bw=42,experts=[0,1,4,5]; c6:bw=29,experts=[2,5]; c8:bw=55,experts=[0,1,4,6,7]; c0:bw=49,experts=[2,3,4,5]
   13 | 0.01000 |   2.6032 |   28.03% |   28.03% |    0:41.61
      bandwidth/experts | c3:bw=30,experts=[2,4,6]; c1:bw=47,experts=[1,2,6,7]; c4:bw=10,experts=[2]; c5:bw=29,experts=[0,4]; c8:bw=15,experts=[0]; c6:bw=36,experts=[2,4,5]; c9:bw=15,experts=[5]; c7:bw=58,experts=[0,2,3,4,6]; c0:bw=25,experts=[2,4]; c2:bw=16,experts=[3]
   14 | 0.01000 |   2.6050 |   16.64% |   28.03% |    0:43.54
      bandwidth/experts | c2:bw=45,experts=[1,3,5,6]; c4:bw=10,experts=[3]; c5:bw=64,experts=[0,3,4,5,6,7]; c1:bw=38,experts=[0,1,7]; c7:bw=25,experts=[5,7]; c0:bw=25,experts=[1,2]; c9:bw=32,experts=[0,1,7]; c3:bw=45,experts=[3,4,6,7]; c8:bw=21,experts=[1,6]; c6:bw=67,experts=[0,1,2,4,5,6]
   15 | 0.01000 |   2.5691 |   22.95% |   28.03% |    0:45.61
      bandwidth/experts | c7:bw=59,experts=[1,3,4,5,7]; c0:bw=20,experts=[0,1]; c1:bw=14,experts=[0]; c8:bw=52,experts=[1,2,3,4,5]; c3:bw=10,experts=[4]; c2:bw=53,experts=[2,3,4,5,7]; c4:bw=47,experts=[0,2,4,7]; c5:bw=18,experts=[5]; c9:bw=19,experts=[2]; c6:bw=33,experts=[0,3,5]
   16 | 0.01000 |   2.5445 |   25.94% |   28.03% |    0:44.27
      bandwidth/experts | c6:bw=40,experts=[1,4,5,7]; c1:bw=29,experts=[0,3]; c3:bw=43,experts=[0,1,5,6]; c8:bw=49,experts=[0,4,6,7]; c7:bw=22,experts=[6,7]; c5:bw=40,experts=[1,4,6,7]; c4:bw=35,experts=[1,3,5]; c9:bw=24,experts=[0,3]; c0:bw=57,experts=[1,2,5,6,7]; c2:bw=52,experts=[0,1,2,3,5]
   17 | 0.01000 |   2.6086 |   18.32% |   28.03% |    0:42.20
      bandwidth/experts | c4:bw=58,experts=[0,1,3,4,5]; c7:bw=25,experts=[4,6]; c8:bw=10,experts=[6]; c3:bw=52,experts=[1,2,3,5,6]; c5:bw=10,experts=[6]; c1:bw=29,experts=[4,7]; c0:bw=11,experts=[5]; c2:bw=19,experts=[1]; c9:bw=37,experts=[1,5,7]; c6:bw=39,experts=[3,4,7]
   18 | 0.01000 |   2.5714 |   28.49% |   28.49% |    0:43.48
      bandwidth/experts | c1:bw=10,experts=[6]; c8:bw=10,experts=[6]; c5:bw=35,experts=[3,5,7]; c2:bw=37,experts=[3,4,5]; c9:bw=19,experts=[1]; c7:bw=55,experts=[2,3,4,5,6]; c4:bw=56,experts=[0,1,3,5,7]; c3:bw=37,experts=[1,2,5]; c0:bw=49,experts=[1,2,4,5]; c6:bw=31,experts=[5,6,7]
   19 | 0.01000 |   2.3933 |   29.52% |   29.52% |    0:43.17
      bandwidth/experts | c8:bw=56,experts=[0,3,4,5,7]; c0:bw=42,experts=[2,3,4,7]; c4:bw=51,experts=[1,2,4,5,7]; c1:bw=46,experts=[0,1,5,7]; c9:bw=38,experts=[1,4,5]; c5:bw=29,experts=[3,7]; c7:bw=22,experts=[3,6]; c2:bw=14,experts=[1]; c6:bw=66,experts=[0,1,3,4,5,6]; c3:bw=40,experts=[0,4,5,7]
   20 | 0.01000 |   2.3112 |   33.94% |   33.94% |    0:43.24
      bandwidth/experts | c0:bw=28,experts=[1,7]; c2:bw=41,experts=[0,1,3,6]; c1:bw=40,experts=[0,2,5,6]; c9:bw=17,experts=[4]; c7:bw=43,experts=[0,2,5,7]; c6:bw=68,experts=[0,1,3,4,5,7]; c3:bw=18,experts=[2]; c5:bw=10,experts=[5]; c4:bw=59,experts=[0,2,3,4,7]; c8:bw=50,experts=[0,1,3,4,7]
   21 | 0.01000 |   2.2897 |   27.24% |   33.94% |    0:43.80
      bandwidth/experts | c1:bw=41,experts=[0,5,6,7]; c2:bw=39,experts=[2,4,6]; c7:bw=12,experts=[2]; c4:bw=48,experts=[1,2,4,7]; c8:bw=18,experts=[3]; c5:bw=32,experts=[1,2,4]; c0:bw=66,experts=[0,1,2,3,4,7]; c3:bw=10,experts=[5]; c6:bw=16,experts=[0]; c9:bw=25,experts=[4,5]
   22 | 0.01000 |   2.2708 |   33.52% |   33.94% |    0:46.44
      bandwidth/experts | c7:bw=16,experts=[1]; c9:bw=33,experts=[1,3,4]; c1:bw=10,experts=[1]; c6:bw=61,experts=[0,1,2,3,4,7]; c5:bw=17,experts=[0]; c2:bw=66,experts=[0,1,3,4,6,7]; c0:bw=67,experts=[0,2,3,4,6,7]; c4:bw=36,experts=[2,4,7]; c3:bw=56,experts=[1,3,4,5,7]; c8:bw=33,experts=[0,2,5]
   23 | 0.01000 |   2.3182 |   34.39% |   34.39% |    0:44.38
      bandwidth/experts | c5:bw=52,experts=[0,3,5,6,7]; c7:bw=15,experts=[1]; c4:bw=56,experts=[0,1,5,6,7]; c6:bw=10,experts=[1]; c9:bw=50,experts=[0,1,2,4,7]; c8:bw=35,experts=[1,4,7]; c3:bw=15,experts=[0]; c1:bw=62,experts=[0,2,4,5,6,7]; c2:bw=32,experts=[2,5,6]; c0:bw=11,experts=[3]
   24 | 0.01000 |   2.3215 |   23.20% |   34.39% |    0:44.59
      bandwidth/experts | c6:bw=30,experts=[0,4,6]; c4:bw=12,experts=[5]; c7:bw=10,experts=[5]; c9:bw=50,experts=[0,1,2,4,5]; c2:bw=43,experts=[0,5,6,7]; c1:bw=10,experts=[0]; c5:bw=25,experts=[1,5]; c8:bw=18,experts=[0]; c3:bw=10,experts=[5]; c0:bw=31,experts=[4,5,6]
   25 | 0.01000 |   2.4014 |   21.30% |   34.39% |    0:45.93
      bandwidth/experts | c9:bw=40,experts=[1,3,5,7]; c6:bw=16,experts=[4]; c4:bw=58,experts=[0,1,3,4,7]; c3:bw=14,experts=[0]; c5:bw=64,experts=[0,3,4,5,6,7]; c1:bw=49,experts=[0,3,4,5]; c8:bw=55,experts=[0,1,3,5,7]; c2:bw=12,experts=[6]; c0:bw=56,experts=[0,2,3,4,7]; c7:bw=40,experts=[0,4,5,7]
   26 | 0.01000 |   2.5037 |   31.45% |   34.39% |    0:48.77
      bandwidth/experts | c3:bw=44,experts=[0,1,6,7]; c6:bw=34,experts=[0,4,5]; c9:bw=50,experts=[1,2,4,6,7]; c7:bw=31,experts=[0,1,4]; c1:bw=33,experts=[1,5,6]; c5:bw=20,experts=[1,7]; c2:bw=30,experts=[3,6,7]; c8:bw=53,experts=[0,1,3,4,7]; c0:bw=11,experts=[7]; c4:bw=48,experts=[1,2,4,7]
   27 | 0.01000 |   2.3097 |   36.60% |   36.60% |    0:43.59
      bandwidth/experts | c7:bw=51,experts=[0,2,3,6,7]; c1:bw=62,experts=[1,3,4,5,6,7]; c4:bw=12,experts=[3]; c0:bw=36,experts=[0,2,5]; c9:bw=18,experts=[2]; c2:bw=20,experts=[1,4]; c8:bw=55,experts=[0,3,4,5,7]; c3:bw=21,experts=[6,7]; c6:bw=63,experts=[0,1,2,4,5,6]; c5:bw=37,experts=[0,3,4]
   28 | 0.01000 |   2.2494 |   40.21% |   40.21% |    0:43.84
      bandwidth/experts | c6:bw=29,experts=[2,4]; c9:bw=49,experts=[1,2,3,4]; c0:bw=47,experts=[0,2,4,7]; c8:bw=29,experts=[3,6]; c2:bw=10,experts=[7]; c5:bw=33,experts=[2,4,5]; c1:bw=25,experts=[4,6]; c3:bw=12,experts=[3]; c4:bw=10,experts=[2]; c7:bw=10,experts=[3]
   29 | 0.01000 |   2.2046 |   41.60% |   41.60% |    0:44.27
      bandwidth/experts | c4:bw=38,experts=[1,4,5]; c0:bw=44,experts=[1,2,3,4]; c1:bw=33,experts=[2,4,7]; c9:bw=44,experts=[1,2,3,5]; c6:bw=43,experts=[0,1,4,6]; c8:bw=34,experts=[1,3,4]; c7:bw=21,experts=[1,5]; c3:bw=32,experts=[3,5,7]; c2:bw=18,experts=[2]; c5:bw=33,experts=[0,4,5]
   30 | 0.01000 |   2.1271 |   42.66% |   42.66% |    0:43.35
      bandwidth/experts | c5:bw=62,experts=[0,1,2,5,6,7]; c1:bw=35,experts=[0,3,5]; c9:bw=54,experts=[0,3,4,5,7]; c4:bw=51,experts=[1,2,3,4,5]; c0:bw=17,experts=[4]; c8:bw=41,experts=[0,2,3,6]; c6:bw=11,experts=[7]; c7:bw=12,experts=[3]; c3:bw=59,experts=[0,2,3,5,7]; c2:bw=27,experts=[1,2]
   31 | 0.01000 |   2.1270 |   41.40% |   42.66% |    0:43.27
      bandwidth/experts | c6:bw=29,experts=[1,3]; c4:bw=19,experts=[1]; c9:bw=45,experts=[0,2,4,7]; c1:bw=30,experts=[0,1,6]; c5:bw=62,experts=[0,1,2,3,4,7]; c8:bw=33,experts=[4,5,6]; c3:bw=24,experts=[4,7]; c2:bw=15,experts=[1]; c0:bw=47,experts=[2,3,4,5]; c7:bw=63,experts=[0,1,2,4,5,6]
   32 | 0.01000 |   2.0722 |   46.00% |   46.00% |    0:45.03
      bandwidth/experts | c8:bw=21,experts=[1,3]; c5:bw=36,experts=[0,5,6]; c4:bw=49,experts=[0,2,4,7]; c7:bw=47,experts=[0,2,3,6]; c0:bw=46,experts=[0,2,5,6]; c1:bw=21,experts=[2,5]; c3:bw=28,experts=[2,3]; c6:bw=27,experts=[2,4]; c2:bw=54,experts=[0,2,5,6,7]; c9:bw=31,experts=[2,3,6]
   33 | 0.01000 |   2.0737 |   46.28% |   46.28% |    0:43.28
      bandwidth/experts | c7:bw=52,experts=[0,1,3,5,6]; c1:bw=34,experts=[2,6,7]; c3:bw=70,experts=[1,2,3,4,5,6,7]; c6:bw=37,experts=[0,1,2]; c5:bw=29,experts=[2,4]; c9:bw=42,experts=[0,2,3,6]; c2:bw=24,experts=[0,2]; c8:bw=50,experts=[0,1,4,5,6]; c4:bw=45,experts=[0,2,6,7]; c0:bw=62,experts=[0,1,3,4,5,6]
   34 | 0.01000 |   2.0533 |   46.48% |   46.48% |    0:43.45
      bandwidth/experts | c4:bw=46,experts=[0,2,5,6]; c1:bw=46,experts=[2,3,5,6]; c6:bw=48,experts=[0,1,3,5]; c9:bw=68,experts=[2,3,4,5,6,7]; c8:bw=42,experts=[0,5,6,7]; c0:bw=22,experts=[2,5]; c5:bw=60,experts=[0,1,2,3,4,7]; c7:bw=32,experts=[1,2,5]; c3:bw=72,experts=[1,2,3,4,5,6,7]; c2:bw=54,experts=[0,1,4,5,6]
   35 | 0.01000 |   2.0358 |   46.89% |   46.89% |    0:43.59
      bandwidth/experts | c4:bw=33,experts=[2,3,7]; c0:bw=20,experts=[2,5]; c1:bw=31,experts=[1,2,3]; c6:bw=44,experts=[3,5,6,7]; c2:bw=46,experts=[0,2,4,5]; c8:bw=50,experts=[0,2,4,5,6]; c9:bw=27,experts=[0,6]; c7:bw=48,experts=[0,4,6,7]; c5:bw=41,experts=[0,3,6,7]; c3:bw=24,experts=[2,5]
   36 | 0.01000 |   2.0506 |   45.71% |   46.89% |    0:46.49
      bandwidth/experts | c9:bw=37,experts=[1,3,5]; c0:bw=36,experts=[0,2,3]; c3:bw=60,experts=[1,2,3,4,6,7]; c7:bw=27,experts=[5,7]; c6:bw=43,experts=[0,5,6,7]; c5:bw=49,experts=[1,5,6,7]; c1:bw=10,experts=[0]; c4:bw=74,experts=[0,1,2,3,4,6,7]; c8:bw=51,experts=[0,2,3,5,7]; c2:bw=50,experts=[0,1,5,6,7]
   37 | 0.01000 |   2.0547 |   37.00% |   46.89% |    0:43.26
      bandwidth/experts | c1:bw=18,experts=[0]; c5:bw=39,experts=[0,1,5]; c2:bw=36,experts=[0,2,3]; c6:bw=65,experts=[0,1,3,4,5,7]; c4:bw=39,experts=[0,1,3]; c7:bw=42,experts=[0,3,6,7]; c9:bw=40,experts=[0,1,4,5]; c0:bw=54,experts=[0,2,3,5,7]; c3:bw=36,experts=[1,6,7]; c8:bw=10,experts=[0]
   38 | 0.01000 |   2.0542 |   46.07% |   46.89% |    0:43.31
      bandwidth/experts | c8:bw=46,experts=[1,2,5,6]; c6:bw=17,experts=[5]; c4:bw=52,experts=[1,2,3,6,7]; c1:bw=31,experts=[1,2,6]; c5:bw=10,experts=[6]; c2:bw=10,experts=[4]; c3:bw=38,experts=[2,5,7]; c7:bw=51,experts=[0,1,3,6,7]; c9:bw=26,experts=[0,6]; c0:bw=40,experts=[1,2,6,7]
   39 | 0.01000 |   2.0300 |   47.36% |   47.36% |    0:43.24
      bandwidth/experts | c3:bw=26,experts=[3,6]; c0:bw=10,experts=[3]; c1:bw=45,experts=[3,5,6,7]; c7:bw=40,experts=[1,2,4,5]; c6:bw=31,experts=[0,1,6]; c8:bw=45,experts=[0,1,2,4]; c2:bw=36,experts=[0,1,3]; c4:bw=36,experts=[2,3,6]; c9:bw=24,experts=[3,6]; c5:bw=75,experts=[0,2,3,4,5,6,7]
   40 | 0.01000 |   1.9830 |   47.84% |   47.84% |    0:44.91
      bandwidth/experts | c8:bw=26,experts=[0,7]; c1:bw=42,experts=[0,2,3,4]; c5:bw=32,experts=[5,6,7]; c6:bw=46,experts=[0,2,3,5]; c2:bw=65,experts=[1,2,4,5,6,7]; c7:bw=66,experts=[0,1,2,3,6,7]; c3:bw=10,experts=[7]; c4:bw=19,experts=[2]; c9:bw=40,experts=[3,5,6,7]; c0:bw=36,experts=[3,4,7]
   41 | 0.01000 |   1.9311 |   50.42% |   50.42% |    0:43.25
      bandwidth/experts | c2:bw=54,experts=[1,2,3,4,5]; c6:bw=10,experts=[3]; c8:bw=57,experts=[1,2,3,5,7]; c1:bw=10,experts=[7]; c4:bw=50,experts=[0,2,3,6,7]; c5:bw=61,experts=[0,2,3,5,6,7]; c7:bw=68,experts=[0,1,2,4,5,7]; c3:bw=40,experts=[0,1,2,3]; c9:bw=54,experts=[0,1,2,6,7]; c0:bw=10,experts=[2]
   42 | 0.01000 |   1.9569 |   49.46% |   50.42% |    0:43.27
      bandwidth/experts | c5:bw=50,experts=[1,2,3,5,7]; c1:bw=49,experts=[3,4,5,7]; c3:bw=48,experts=[0,1,3,4]; c9:bw=51,experts=[1,3,4,6,7]; c6:bw=34,experts=[3,4,7]; c0:bw=15,experts=[3]; c7:bw=20,experts=[2,4]; c4:bw=55,experts=[1,2,4,5,6]; c8:bw=42,experts=[2,3,5,7]; c2:bw=40,experts=[0,2,4,6]
   43 | 0.01000 |   1.9477 |   50.04% |   50.42% |    0:43.24
      bandwidth/experts | c5:bw=53,experts=[1,2,4,6,7]; c1:bw=58,experts=[0,1,3,5,7]; c2:bw=51,experts=[0,2,3,4,5]; c8:bw=45,experts=[0,2,4,5]; c9:bw=32,experts=[1,3,4]; c7:bw=21,experts=[2,7]; c4:bw=34,experts=[4,6,7]; c6:bw=12,experts=[6]; c3:bw=65,experts=[0,1,2,4,5,7]; c0:bw=21,experts=[3,4]
   44 | 0.01000 |   1.9228 |   51.41% |   51.41% |    0:43.37
      bandwidth/experts | c0:bw=66,experts=[0,2,3,5,6,7]; c3:bw=47,experts=[1,3,4,7]; c4:bw=29,experts=[1,5]; c2:bw=37,experts=[0,2,5]; c7:bw=75,experts=[0,1,2,3,4,6,7]; c5:bw=24,experts=[2,4]; c6:bw=20,experts=[4,6]; c9:bw=37,experts=[3,5,7]; c8:bw=34,experts=[2,4,7]; c1:bw=45,experts=[1,2,5,7]
   45 | 0.01000 |   1.9357 |   46.24% |   51.41% |    0:43.45
      bandwidth/experts | c8:bw=55,experts=[0,2,3,5,6]; c0:bw=36,experts=[3,4,6]; c3:bw=67,experts=[0,1,2,3,4,5]; c4:bw=64,experts=[0,1,3,4,5,7]; c7:bw=36,experts=[0,5,6]; c2:bw=49,experts=[1,4,6,7]; c9:bw=25,experts=[3,6]; c6:bw=10,experts=[0]; c5:bw=44,experts=[1,3,4,7]; c1:bw=56,experts=[0,1,2,3,7]
   46 | 0.01000 |   1.8858 |   46.70% |   51.41% |    0:44.18
      bandwidth/experts | c9:bw=37,experts=[2,5,6]; c3:bw=27,experts=[1,5]; c6:bw=39,experts=[2,5,6]; c1:bw=41,experts=[3,4,5,7]; c4:bw=64,experts=[0,1,3,4,5,6]; c5:bw=41,experts=[0,4,5,6]; c2:bw=57,experts=[0,1,2,5,7]; c8:bw=39,experts=[1,3,6]; c0:bw=55,experts=[1,2,5,6,7]; c7:bw=28,experts=[0,7]
   47 | 0.01000 |   1.9105 |   48.64% |   51.41% |    0:43.28
      bandwidth/experts | c5:bw=52,experts=[0,2,3,6,7]; c6:bw=22,experts=[0,1]; c7:bw=53,experts=[0,1,5,6,7]; c9:bw=17,experts=[7]; c8:bw=39,experts=[4,5,7]; c3:bw=70,experts=[0,1,2,4,5,6,7]; c4:bw=10,experts=[1]; c0:bw=46,experts=[2,4,5,7]; c1:bw=30,experts=[0,1,7]; c2:bw=54,experts=[0,1,2,6,7]
   48 | 0.01000 |   1.9254 |   47.93% |   51.41% |    0:43.26
      bandwidth/experts | c1:bw=50,experts=[1,3,4,5,7]; c8:bw=50,experts=[1,3,4,5,7]; c4:bw=67,experts=[0,1,2,5,6,7]; c2:bw=57,experts=[0,2,3,5,7]; c9:bw=52,experts=[1,4,5,6,7]; c6:bw=45,experts=[0,4,5,7]; c5:bw=55,experts=[2,3,4,6,7]; c7:bw=62,experts=[0,1,3,4,5,6]; c0:bw=16,experts=[5]; c3:bw=18,experts=[1]
   49 | 0.01000 |   1.9100 |   49.55% |   51.41% |    0:43.20
      bandwidth/experts | c4:bw=48,experts=[0,1,4,5]; c3:bw=32,experts=[0,3,5]; c8:bw=26,experts=[0,4]; c0:bw=20,experts=[1,6]; c2:bw=58,experts=[0,2,3,4,5]; c5:bw=56,experts=[2,4,5,6,7]; c6:bw=13,experts=[3]; c7:bw=44,experts=[0,5,6,7]; c9:bw=53,experts=[0,1,2,6,7]; c1:bw=54,experts=[1,2,5,6,7]
   50 | 0.01000 |   1.8928 |   50.91% |   51.41% |    0:43.15
      bandwidth/experts | c8:bw=32,experts=[3,4,5]; c4:bw=10,experts=[0]; c7:bw=34,experts=[3,4,5]; c6:bw=68,experts=[0,1,2,3,5,7]; c2:bw=63,experts=[0,1,2,3,6,7]; c1:bw=64,experts=[0,1,4,5,6,7]; c3:bw=39,experts=[0,3,4]; c0:bw=29,experts=[1,2]; c9:bw=27,experts=[4,5]; c5:bw=31,experts=[2,3,5]
   51 | 0.01000 |   1.8790 |   50.21% |   51.41% |    0:43.20
      bandwidth/experts | c5:bw=47,experts=[2,3,5,7]; c0:bw=53,experts=[0,2,3,5,7]; c1:bw=21,experts=[4,6]; c2:bw=20,experts=[5,7]; c8:bw=46,experts=[0,1,2,4]; c6:bw=52,experts=[0,1,3,4,7]; c9:bw=18,experts=[2]; c3:bw=55,experts=[1,3,5,6,7]; c4:bw=11,experts=[3]; c7:bw=27,experts=[0,3]
   52 | 0.01000 |   1.8443 |   49.51% |   51.41% |    0:43.11
      bandwidth/experts | c0:bw=46,experts=[0,1,3,5]; c8:bw=18,experts=[7]; c5:bw=24,experts=[0,7]; c7:bw=34,experts=[2,4,6]; c1:bw=40,experts=[0,1,4,7]; c4:bw=33,experts=[3,5,7]; c9:bw=31,experts=[2,4,6]; c6:bw=51,experts=[0,2,4,5,6]; c2:bw=29,experts=[2,4]; c3:bw=43,experts=[0,5,6,7]
   53 | 0.01000 |   1.8278 |   54.33% |   54.33% |    0:43.19
      bandwidth/experts | c8:bw=22,experts=[0,2]; c4:bw=28,experts=[3,6]; c5:bw=44,experts=[1,2,3,5]; c1:bw=59,experts=[1,2,3,4,7]; c3:bw=47,experts=[0,1,3,4]; c9:bw=61,experts=[1,2,4,5,6,7]; c6:bw=36,experts=[0,2,7]; c7:bw=44,experts=[1,2,4,5]; c0:bw=39,experts=[0,2,5]; c2:bw=51,experts=[0,1,2,3,4]
   54 | 0.01000 |   1.8171 |   53.48% |   54.33% |    0:43.11
      bandwidth/experts | c2:bw=10,experts=[0]; c1:bw=53,experts=[0,1,2,5,6]; c8:bw=55,experts=[0,2,4,6,7]; c7:bw=61,experts=[1,2,3,4,5,6]; c3:bw=30,experts=[1,4,5]; c0:bw=37,experts=[0,3,5]; c6:bw=54,experts=[1,2,3,5,7]; c5:bw=10,experts=[6]; c9:bw=50,experts=[2,3,4,5,7]; c4:bw=32,experts=[2,4,5]
   55 | 0.01000 |   1.8051 |   49.12% |   54.33% |    0:43.24
      bandwidth/experts | c7:bw=54,experts=[1,3,4,6,7]; c2:bw=41,experts=[1,4,5,7]; c4:bw=14,experts=[1]; c3:bw=52,experts=[0,2,3,5,7]; c8:bw=14,experts=[1]; c5:bw=53,experts=[0,1,2,3,5]; c1:bw=60,experts=[1,2,3,5,6,7]; c6:bw=42,experts=[1,3,4,7]; c0:bw=27,experts=[4,6]; c9:bw=62,experts=[0,2,3,4,5,7]
   56 | 0.01000 |   1.8095 |   50.27% |   54.33% |    0:44.10
      bandwidth/experts | c9:bw=52,experts=[1,3,4,5,6]; c1:bw=56,experts=[1,2,5,6,7]; c3:bw=10,experts=[4]; c2:bw=53,experts=[0,3,4,5,6]; c5:bw=31,experts=[3,5,6]; c4:bw=10,experts=[7]; c8:bw=13,experts=[1]; c7:bw=18,experts=[2]; c6:bw=23,experts=[3,6]; c0:bw=70,experts=[0,1,2,3,5,6,7]
   57 | 0.01000 |   1.8126 |   53.83% |   54.33% |    0:43.29
      bandwidth/experts | c3:bw=64,experts=[0,1,2,4,5,6]; c8:bw=43,experts=[1,3,5,7]; c6:bw=48,experts=[1,2,4,5]; c1:bw=49,experts=[1,2,4,5]; c7:bw=69,experts=[0,1,2,3,4,7]; c0:bw=70,experts=[0,1,2,3,5,6,7]; c5:bw=44,experts=[2,3,5,7]; c4:bw=41,experts=[0,1,3,4]; c2:bw=33,experts=[0,4,5]; c9:bw=19,experts=[6]
   58 | 0.01000 |   1.8112 |   53.05% |   54.33% |    0:43.52
      bandwidth/experts | c7:bw=24,experts=[1,7]; c2:bw=10,experts=[3]; c9:bw=57,experts=[0,1,3,4,6]; c6:bw=55,experts=[0,1,3,4,7]; c5:bw=35,experts=[2,3,6]; c1:bw=30,experts=[4,5,6]; c8:bw=40,experts=[0,2,4,7]; c4:bw=38,experts=[0,4,5]; c3:bw=61,experts=[0,2,3,4,5,6]; c0:bw=47,experts=[0,2,6,7]
   59 | 0.01000 |   1.8015 |   52.17% |   54.33% |    0:43.11
      bandwidth/experts | c2:bw=37,experts=[3,6,7]; c8:bw=56,experts=[0,1,2,4,6]; c9:bw=28,experts=[4,6]; c6:bw=19,experts=[1]; c1:bw=65,experts=[0,2,3,4,6,7]; c4:bw=26,experts=[2,6]; c7:bw=28,experts=[3,5]; c5:bw=32,experts=[0,4,7]; c0:bw=52,experts=[0,1,2,4,6]; c3:bw=35,experts=[0,3,6]
   60 | 0.01000 |   1.7679 |   53.92% |   54.33% |    0:43.05
      bandwidth/experts | c0:bw=53,experts=[0,1,2,5,7]; c7:bw=48,experts=[1,2,5,6]; c4:bw=30,experts=[3,5,7]; c2:bw=30,experts=[0,2,4]; c5:bw=33,experts=[0,5,7]; c8:bw=24,experts=[1,5]; c6:bw=59,experts=[0,4,5,6,7]; c9:bw=10,experts=[0]; c1:bw=54,experts=[2,4,5,6,7]; c3:bw=44,experts=[2,4,5,7]
   61 | 0.01000 |   1.7702 |   54.93% |   54.93% |    0:43.31
      bandwidth/experts | c5:bw=49,experts=[1,2,3,6]; c6:bw=37,experts=[3,5,6]; c2:bw=29,experts=[0,4]; c9:bw=38,experts=[0,4,7]; c1:bw=33,experts=[1,4,5]; c3:bw=43,experts=[0,1,2,7]; c8:bw=55,experts=[2,3,4,5,6]; c4:bw=38,experts=[3,4,6]; c7:bw=43,experts=[0,1,2,4]; c0:bw=60,experts=[0,1,2,3,6,7]
   62 | 0.01000 |   1.7684 |   51.77% |   54.93% |    0:43.21
      bandwidth/experts | c8:bw=13,experts=[1]; c6:bw=62,experts=[0,2,3,4,6,7]; c9:bw=16,experts=[4]; c4:bw=60,experts=[0,2,4,5,6,7]; c5:bw=67,experts=[0,3,4,5,6,7]; c0:bw=28,experts=[4,6]; c3:bw=53,experts=[0,1,5,6,7]; c2:bw=42,experts=[1,4,5,7]; c1:bw=75,experts=[0,1,2,3,5,6,7]; c7:bw=44,experts=[4,5,6,7]
   63 | 0.01000 |   1.7383 |   55.52% |   55.52% |    0:43.30
      bandwidth/experts | c5:bw=10,experts=[0]; c9:bw=21,experts=[2,4]; c6:bw=34,experts=[1,3,5]; c3:bw=52,experts=[0,1,3,6,7]; c8:bw=32,experts=[0,2,3]; c1:bw=50,experts=[0,2,3,4,6]; c7:bw=68,experts=[0,2,3,4,6,7]; c0:bw=41,experts=[1,2,3,6]; c2:bw=28,experts=[1,2]; c4:bw=52,experts=[0,1,2,4,6]
   64 | 0.01000 |   1.7359 |   55.28% |   55.52% |    0:43.18
      bandwidth/experts | c6:bw=50,experts=[0,2,4,6,7]; c4:bw=38,experts=[3,4,7]; c5:bw=24,experts=[1,2]; c3:bw=38,experts=[1,3,6]; c7:bw=34,experts=[2,3,6]; c0:bw=32,experts=[1,5,6]; c8:bw=53,experts=[2,3,4,5,6]; c9:bw=59,experts=[0,1,4,5,6]; c2:bw=56,experts=[1,2,4,6,7]; c1:bw=28,experts=[3,7]
   65 | 0.01000 |   1.7547 |   51.05% |   55.52% |    0:43.21
      bandwidth/experts | c7:bw=10,experts=[6]; c5:bw=29,experts=[4,6]; c4:bw=57,experts=[0,1,2,3,7]; c6:bw=50,experts=[0,1,4,5,6]; c8:bw=66,experts=[0,2,3,4,5,6]; c3:bw=42,experts=[3,4,5,7]; c0:bw=41,experts=[0,2,3,6]; c2:bw=28,experts=[4,7]; c1:bw=58,experts=[0,1,4,6,7]; c9:bw=47,experts=[0,1,4,5]
   66 | 0.01000 |   1.7298 |   56.85% |   56.85% |    0:44.15
      bandwidth/experts | c2:bw=41,experts=[0,2,3,5]; c5:bw=17,experts=[0]; c1:bw=54,experts=[0,1,2,3,5]; c8:bw=24,experts=[1,3]; c9:bw=31,experts=[1,3,5]; c6:bw=30,experts=[1,2,6]; c4:bw=41,experts=[0,1,2,5]; c0:bw=38,experts=[0,4,7]; c3:bw=66,experts=[0,1,2,3,4,6]; c7:bw=50,experts=[1,2,4,5,6]
   67 | 0.01000 |   1.7233 |   55.09% |   56.85% |    0:43.14
      bandwidth/experts | c4:bw=51,experts=[1,3,5,6,7]; c5:bw=48,experts=[2,3,5,6]; c1:bw=36,experts=[3,4,7]; c3:bw=25,experts=[0,6]; c6:bw=53,experts=[1,2,3,6,7]; c0:bw=32,experts=[0,1,5]; c2:bw=43,experts=[0,3,6,7]; c9:bw=60,experts=[0,1,2,3,4,7]; c7:bw=59,experts=[1,2,4,5,7]; c8:bw=10,experts=[5]
   68 | 0.01000 |   1.7466 |   54.74% |   56.85% |    0:43.07
      bandwidth/experts | c1:bw=42,experts=[3,5,6,7]; c8:bw=31,experts=[3,5,6]; c2:bw=58,experts=[0,1,3,4,5]; c0:bw=30,experts=[0,4,6]; c3:bw=26,experts=[4,7]; c4:bw=49,experts=[3,5,6,7]; c5:bw=45,experts=[1,2,5,6]; c9:bw=15,experts=[5]; c7:bw=28,experts=[0,2]; c6:bw=32,experts=[0,2,6]
   69 | 0.01000 |   1.6992 |   53.83% |   56.85% |    0:43.28
      bandwidth/experts | c3:bw=41,experts=[0,2,4,7]; c7:bw=58,experts=[0,3,4,6,7]; c1:bw=31,experts=[4,6,7]; c4:bw=41,experts=[1,3,4,7]; c9:bw=35,experts=[1,2,3]; c5:bw=39,experts=[0,4,5]; c0:bw=52,experts=[0,1,3,5,6]; c2:bw=66,experts=[0,1,2,3,6,7]; c8:bw=42,experts=[0,2,3,6]; c6:bw=26,experts=[3,7]
   70 | 0.01000 |   1.7155 |   52.83% |   56.85% |    0:43.19
      bandwidth/experts | c1:bw=24,experts=[4,5]; c9:bw=10,experts=[0]; c7:bw=28,experts=[1,7]; c3:bw=32,experts=[1,4,7]; c0:bw=30,experts=[1,4,7]; c6:bw=26,experts=[2,5]; c2:bw=55,experts=[0,1,5,6,7]; c4:bw=58,experts=[0,1,2,4,6]; c5:bw=23,experts=[0,3]; c8:bw=48,experts=[2,4,5,7]
   71 | 0.01000 |   1.7422 |   52.67% |   56.85% |    0:43.24
      bandwidth/experts | c4:bw=42,experts=[3,4,5,7]; c0:bw=16,experts=[6]; c1:bw=52,experts=[0,1,3,5,6]; c9:bw=40,experts=[1,5,6,7]; c7:bw=20,experts=[1,7]; c5:bw=33,experts=[0,3,5]; c3:bw=62,experts=[0,1,2,3,5,7]; c6:bw=50,experts=[0,2,3,4,7]; c8:bw=39,experts=[2,4,5]; c2:bw=61,experts=[0,1,3,4,6,7]
   72 | 0.01000 |   1.7182 |   56.19% |   56.85% |    0:43.17
      bandwidth/experts | c8:bw=30,experts=[2,3,5]; c1:bw=39,experts=[0,2,6]; c5:bw=43,experts=[0,2,5,7]; c7:bw=48,experts=[3,4,5,6]; c6:bw=19,experts=[2]; c0:bw=52,experts=[2,3,4,5,6]; c3:bw=23,experts=[3,6]; c2:bw=23,experts=[0,7]; c9:bw=38,experts=[3,5,6]; c4:bw=39,experts=[4,5,6]
   73 | 0.01000 |   1.6883 |   54.75% |   56.85% |    0:43.10
      bandwidth/experts | c2:bw=47,experts=[0,4,6,7]; c8:bw=11,experts=[2]; c3:bw=40,experts=[1,2,3,4]; c1:bw=66,experts=[0,2,3,4,5,7]; c5:bw=17,experts=[0]; c9:bw=52,experts=[1,2,3,5,6]; c0:bw=28,experts=[1,7]; c7:bw=37,experts=[3,5,6]; c6:bw=20,experts=[5,7]; c4:bw=41,experts=[0,1,5,6]
   74 | 0.01000 |   1.6671 |   55.67% |   56.85% |    0:42.97
      bandwidth/experts | c3:bw=10,experts=[6]; c0:bw=40,experts=[1,2,3,4]; c1:bw=28,experts=[3,4]; c5:bw=50,experts=[0,1,3,5,6]; c7:bw=65,experts=[1,2,3,5,6,7]; c8:bw=28,experts=[4,7]; c6:bw=10,experts=[2]; c2:bw=10,experts=[5]; c4:bw=47,experts=[0,2,3,7]; c9:bw=32,experts=[0,6,7]
   75 | 0.01000 |   1.6754 |   56.38% |   56.85% |    0:43.34
      bandwidth/experts | c2:bw=40,experts=[1,2,5,6]; c9:bw=61,experts=[0,2,4,5,6,7]; c1:bw=54,experts=[0,3,4,5,6]; c3:bw=20,experts=[5,6]; c7:bw=28,experts=[0,6]; c6:bw=56,experts=[0,3,4,5,7]; c5:bw=31,experts=[1,2,3]; c4:bw=56,experts=[1,2,3,4,6]; c0:bw=60,experts=[2,3,4,5,6,7]; c8:bw=53,experts=[1,4,5,6,7]
   76 | 0.01000 |   1.6586 |   56.81% |   56.85% |    0:44.07
      bandwidth/experts | c8:bw=29,experts=[1,7]; c5:bw=37,experts=[4,6,7]; c0:bw=31,experts=[1,5,6]; c3:bw=15,experts=[6]; c2:bw=25,experts=[0,7]; c6:bw=23,experts=[5,6]; c7:bw=66,experts=[0,1,2,3,5,6]; c4:bw=60,experts=[1,2,4,5,6,7]; c9:bw=57,experts=[1,2,3,5,7]; c1:bw=53,experts=[0,2,3,4,5]
   77 | 0.01000 |   1.6546 |   58.08% |   58.08% |    0:43.19
      bandwidth/experts | c9:bw=29,experts=[2,3]; c2:bw=34,experts=[3,5,6]; c1:bw=62,experts=[0,1,2,4,5,7]; c8:bw=10,experts=[2]; c4:bw=10,experts=[3]; c7:bw=10,experts=[1]; c6:bw=57,experts=[0,1,2,5,6]; c0:bw=63,experts=[0,1,2,3,6,7]; c3:bw=40,experts=[4,5,6,7]; c5:bw=59,experts=[0,1,2,4,5]
   78 | 0.01000 |   1.6575 |   58.11% |   58.11% |    0:43.25
      bandwidth/experts | c0:bw=26,experts=[0,3]; c4:bw=23,experts=[2,3]; c3:bw=38,experts=[0,5,7]; c7:bw=36,experts=[1,4,7]; c8:bw=54,experts=[0,1,2,6,7]; c1:bw=41,experts=[1,4,5,7]; c9:bw=31,experts=[2,3,7]; c6:bw=57,experts=[0,2,3,4,7]; c5:bw=63,experts=[0,1,2,4,6,7]; c2:bw=34,experts=[4,6,7]
   79 | 0.01000 |   1.6444 |   55.47% |   58.11% |    0:43.43
      bandwidth/experts | c6:bw=21,experts=[1,5]; c9:bw=10,experts=[4]; c0:bw=36,experts=[1,6,7]; c4:bw=80,experts=[0,1,2,3,4,5,6,7]; c7:bw=46,experts=[0,2,4,6]; c8:bw=44,experts=[0,4,6,7]; c5:bw=53,experts=[0,3,4,5,7]; c3:bw=26,experts=[0,4]; c1:bw=37,experts=[0,1,7]; c2:bw=33,experts=[2,3,5]
   80 | 0.01000 |   1.6540 |   56.20% |   58.11% |    0:43.29
      bandwidth/experts | c5:bw=65,experts=[0,1,3,4,6,7]; c9:bw=53,experts=[0,1,3,4,6]; c7:bw=48,experts=[0,3,4,6]; c1:bw=31,experts=[4,5,7]; c3:bw=31,experts=[4,5,6]; c4:bw=57,experts=[0,2,4,6,7]; c2:bw=44,experts=[3,4,6,7]; c0:bw=47,experts=[0,2,6,7]; c6:bw=39,experts=[1,2,4]; c8:bw=51,experts=[0,1,2,3,5]
   81 | 0.01000 |   1.6324 |   58.47% |   58.47% |    0:43.45
      bandwidth/experts | c6:bw=51,experts=[0,1,3,4,6]; c2:bw=45,experts=[2,3,4,5]; c3:bw=67,experts=[0,1,3,5,6,7]; c1:bw=49,experts=[0,2,6,7]; c4:bw=42,experts=[0,3,5,6]; c5:bw=30,experts=[3,4,7]; c9:bw=26,experts=[0,5]; c7:bw=58,experts=[1,2,4,5,7]; c8:bw=48,experts=[1,2,4,7]; c0:bw=50,experts=[0,1,2,4,5]
   82 | 0.01000 |   1.6231 |   58.70% |   58.70% |    0:43.34
      bandwidth/experts | c1:bw=64,experts=[0,2,3,5,6,7]; c0:bw=30,experts=[2,5,6]; c6:bw=36,experts=[0,4,7]; c8:bw=58,experts=[1,2,3,4,5]; c7:bw=40,experts=[1,2,5,7]; c3:bw=39,experts=[0,6,7]; c2:bw=30,experts=[3,5,7]; c9:bw=56,experts=[2,3,4,6,7]; c5:bw=40,experts=[1,3,4,6]; c4:bw=30,experts=[0,3,4]
   83 | 0.01000 |   1.6131 |   58.86% |   58.86% |    0:43.31
      bandwidth/experts | c9:bw=51,experts=[0,2,4,5,6]; c4:bw=10,experts=[2]; c2:bw=41,experts=[2,3,4,7]; c7:bw=37,experts=[0,1,4]; c5:bw=10,experts=[2]; c0:bw=10,experts=[6]; c6:bw=53,experts=[2,3,5,6,7]; c1:bw=63,experts=[0,1,3,5,6,7]; c8:bw=39,experts=[0,4,6]; c3:bw=42,experts=[0,1,3,7]
   84 | 0.01000 |   1.6090 |   55.54% |   58.86% |    0:43.17
      bandwidth/experts | c8:bw=67,experts=[1,2,3,4,5,7]; c3:bw=32,experts=[4,5,6]; c1:bw=58,experts=[1,2,5,6,7]; c6:bw=10,experts=[4]; c9:bw=20,experts=[1,7]; c2:bw=36,experts=[0,1,6]; c7:bw=47,experts=[0,1,2,4]; c5:bw=20,experts=[0,6]; c4:bw=27,experts=[1,3]; c0:bw=10,experts=[0]
   85 | 0.01000 |   1.6149 |   58.92% |   58.92% |    0:43.49
      bandwidth/experts | c0:bw=38,experts=[1,3,4]; c2:bw=45,experts=[1,2,6,7]; c8:bw=70,experts=[0,1,2,4,5,6,7]; c6:bw=42,experts=[0,2,5,6]; c1:bw=57,experts=[0,1,2,4,5]; c4:bw=42,experts=[0,2,4,7]; c9:bw=58,experts=[2,3,4,6,7]; c3:bw=51,experts=[0,1,2,3,4]; c5:bw=12,experts=[1]; c7:bw=11,experts=[4]
   86 | 0.01000 |   1.5899 |   59.31% |   59.31% |    0:44.21
      bandwidth/experts | c5:bw=47,experts=[1,2,4,7]; c8:bw=28,experts=[1,7]; c2:bw=24,experts=[4,5]; c6:bw=55,experts=[1,2,4,5,6]; c0:bw=30,experts=[1,2,7]; c4:bw=18,experts=[4]; c7:bw=44,experts=[0,2,3,5]; c3:bw=28,experts=[0,3]; c1:bw=72,experts=[0,1,2,3,4,5,7]; c9:bw=43,experts=[0,2,5,7]
   87 | 0.01000 |   1.6007 |   58.24% |   59.31% |    0:43.29
      bandwidth/experts | c1:bw=29,experts=[2,3]; c2:bw=67,experts=[0,3,4,5,6,7]; c7:bw=22,experts=[1,6]; c5:bw=10,experts=[7]; c6:bw=60,experts=[0,1,2,5,6,7]; c3:bw=68,experts=[0,1,3,4,6,7]; c4:bw=34,experts=[3,5,6]; c9:bw=37,experts=[0,2,7]; c8:bw=46,experts=[0,4,6,7]; c0:bw=35,experts=[1,2,3]
   88 | 0.01000 |   1.5906 |   58.30% |   59.31% |    0:43.13
      bandwidth/experts | c8:bw=43,experts=[0,1,6,7]; c6:bw=27,experts=[1,7]; c3:bw=33,experts=[2,5,6]; c7:bw=41,experts=[0,1,6,7]; c0:bw=62,experts=[0,2,3,4,6,7]; c4:bw=38,experts=[2,4,5]; c9:bw=31,experts=[0,2,5]; c1:bw=28,experts=[1,4]; c5:bw=30,experts=[1,2,5]; c2:bw=46,experts=[0,1,4,5]
   89 | 0.01000 |   1.5968 |   55.43% |   59.31% |    0:43.15
      bandwidth/experts | c3:bw=31,experts=[3,5,6]; c8:bw=74,experts=[0,1,2,3,4,5,7]; c2:bw=44,experts=[4,5,6,7]; c9:bw=60,experts=[0,1,3,4,5,6]; c7:bw=21,experts=[4,6]; c5:bw=46,experts=[0,3,5,6]; c0:bw=13,experts=[0]; c6:bw=32,experts=[0,2,6]; c4:bw=30,experts=[0,2,7]; c1:bw=41,experts=[1,3,5,7]
   90 | 0.01000 |   1.5758 |   59.25% |   59.31% |    0:43.36
      bandwidth/experts | c7:bw=72,experts=[0,1,2,3,4,5,6]; c1:bw=31,experts=[2,4,7]; c3:bw=36,experts=[0,1,2]; c9:bw=63,experts=[0,2,3,5,6,7]; c0:bw=64,experts=[0,2,3,4,5,6]; c6:bw=26,experts=[4,5]; c2:bw=21,experts=[1,3]; c5:bw=27,experts=[1,7]; c8:bw=50,experts=[0,3,4,6,7]; c4:bw=35,experts=[2,4,6]
   91 | 0.01000 |   1.5851 |   58.39% |   59.31% |    0:43.49
      bandwidth/experts | c1:bw=50,experts=[2,3,4,6,7]; c9:bw=35,experts=[1,5,7]; c5:bw=52,experts=[1,2,3,4,5]; c7:bw=51,experts=[0,1,4,5,6]; c3:bw=40,experts=[2,3,6,7]; c4:bw=54,experts=[1,2,5,6,7]; c0:bw=22,experts=[0,7]; c6:bw=29,experts=[3,6]; c2:bw=11,experts=[0]; c8:bw=23,experts=[5,6]
   92 | 0.01000 |   1.5711 |   59.62% |   59.62% |    0:46.11
      bandwidth/experts | c3:bw=28,experts=[1,2]; c7:bw=34,experts=[2,4,6]; c1:bw=20,experts=[5,6]; c0:bw=29,experts=[4,7]; c8:bw=19,experts=[4]; c6:bw=45,experts=[2,3,6,7]; c9:bw=56,experts=[2,3,4,6,7]; c2:bw=25,experts=[0,5]; c5:bw=66,experts=[0,1,2,3,4,7]; c4:bw=26,experts=[0,1]
   93 | 0.01000 |   1.5688 |   60.17% |   60.17% |    0:45.39
      bandwidth/experts | c1:bw=47,experts=[1,2,5,6]; c3:bw=31,experts=[0,2,5]; c7:bw=22,experts=[2,5]; c9:bw=58,experts=[1,2,3,4,6]; c6:bw=22,experts=[2,5]; c8:bw=10,experts=[6]; c5:bw=10,experts=[6]; c4:bw=32,experts=[1,2,4]; c0:bw=19,experts=[7]; c2:bw=51,experts=[3,4,5,6,7]
   94 | 0.01000 |   1.5585 |   60.05% |   60.17% |    0:45.41
      bandwidth/experts | c7:bw=45,experts=[1,2,3,5]; c2:bw=65,experts=[0,2,3,4,5,6]; c5:bw=41,experts=[0,1,3,5]; c4:bw=31,experts=[0,2,7]; c6:bw=30,experts=[0,1,4]; c9:bw=50,experts=[0,1,2,3,4]; c1:bw=70,experts=[0,1,2,3,4,5,7]; c8:bw=10,experts=[1]; c0:bw=55,experts=[0,1,5,6,7]; c3:bw=34,experts=[2,4,6]
   95 | 0.01000 |   1.5484 |   58.93% |   60.17% |    0:45.36
      bandwidth/experts | c7:bw=59,experts=[1,2,3,4,5]; c9:bw=42,experts=[1,3,4,7]; c4:bw=15,experts=[4]; c6:bw=40,experts=[0,1,3,7]; c0:bw=35,experts=[1,3,5]; c3:bw=41,experts=[0,1,2,3]; c1:bw=31,experts=[2,4,6]; c8:bw=76,experts=[0,1,2,3,4,5,6]; c2:bw=23,experts=[3,6]; c5:bw=10,experts=[5]
   96 | 0.01000 |   1.5530 |   60.06% |   60.17% |    0:45.52
      bandwidth/experts | c2:bw=65,experts=[1,2,4,5,6,7]; c9:bw=44,experts=[1,3,4,6]; c3:bw=46,experts=[1,2,3,5]; c1:bw=36,experts=[0,2,5]; c5:bw=60,experts=[2,3,4,5,6,7]; c4:bw=49,experts=[1,4,6,7]; c6:bw=31,experts=[1,5,7]; c7:bw=50,experts=[2,3,4,5,7]; c0:bw=36,experts=[2,4,7]; c8:bw=64,experts=[1,2,3,4,6,7]
   97 | 0.01000 |   1.5446 |   60.75% |   60.75% |    0:45.63
      bandwidth/experts | c0:bw=41,experts=[0,3,4,5]; c9:bw=43,experts=[0,2,4,5]; c8:bw=43,experts=[1,4,5,7]; c4:bw=16,experts=[2]; c7:bw=30,experts=[0,4,5]; c1:bw=50,experts=[2,3,4,5,6]; c3:bw=35,experts=[1,2,5]; c5:bw=46,experts=[0,2,4,6]; c6:bw=50,experts=[1,2,5,6,7]; c2:bw=54,experts=[1,2,4,6,7]
   98 | 0.01000 |   1.5353 |   54.16% |   60.75% |    0:45.02
      bandwidth/experts | c4:bw=52,experts=[0,1,3,4,7]; c8:bw=54,experts=[0,4,5,6,7]; c9:bw=27,experts=[0,2]; c7:bw=24,experts=[1,6]; c6:bw=36,experts=[1,2,3]; c5:bw=49,experts=[0,3,5,7]; c0:bw=33,experts=[0,1,5]; c3:bw=25,experts=[4,6]; c1:bw=26,experts=[0,4]; c2:bw=24,experts=[1,3]
   99 | 0.01000 |   1.5485 |   58.60% |   60.75% |    0:44.51
      bandwidth/experts | c8:bw=34,experts=[2,6,7]; c5:bw=49,experts=[1,2,5,6]; c7:bw=45,experts=[0,3,4,5]; c1:bw=59,experts=[0,3,4,6,7]; c3:bw=38,experts=[0,4,5]; c9:bw=20,experts=[1,2]; c4:bw=24,experts=[0,1]; c0:bw=40,experts=[1,2,3,5]; c2:bw=31,experts=[0,4,6]; c6:bw=35,experts=[1,4,5]
  100 | 0.01000 |   1.5381 |   57.48% |   60.75% |    0:45.68
      bandwidth/experts | c2:bw=30,experts=[0,2,4]; c8:bw=44,experts=[0,1,2,4]; c9:bw=53,experts=[0,1,3,5,6]; c5:bw=18,experts=[7]; c6:bw=44,experts=[1,3,4,5]; c1:bw=17,experts=[6]; c4:bw=65,experts=[0,1,4,5,6,7]; c7:bw=10,experts=[7]; c3:bw=42,experts=[3,4,6,7]; c0:bw=64,experts=[0,2,3,4,6,7]

Done. Best Acc: 60.75% @ round 97
Total time: 1:13:04.19
[Export] 实验目录: /userhome/cs3/duanty/FedMoE/results/exp01-c100-vgg11-e8-random/20260921-134805
[Export] 每轮明细: /userhome/cs3/duanty/FedMoE/results/exp01-c100-vgg11-e8-random/20260921-134805/rounds.xlsx
[Export] 总体摘要: /userhome/cs3/duanty/FedMoE/results/exp01-c100-vgg11-e8-random/20260921-134805/summary.xlsx
[Plot] result = /userhome/cs3/duanty/FedMoE/results/exp01-c100-vgg11-e8-random/20260921-134805
[Plot] figures -> /userhome/cs3/duanty/FedMoE/results/exp01-c100-vgg11-e8-random/20260921-134805/figure
  fig01_test_accuracy.pdf
  fig02_train_loss.pdf
  fig03_acc_and_loss.pdf
  fig04_bandwidth_and_k.pdf
  fig05_expert_round_heatmap.pdf
  fig06_client_expert_heatmap.pdf
  fig07_expert_frequency.pdf
  fig08_time_breakdown.pdf
  fig09_accuracy_vs_communication.pdf
  fig10_overview.pdf
[Export] 图片目录: /userhome/cs3/duanty/FedMoE/results/exp01-c100-vgg11-e8-random/20260921-134805/figure
