========================================
Job    : exp01-c100-resnet-e8-fedadam-tau1e2
Host   : gpu-4090-104
Date   : Mon Sep 21 12:15:06 HKT 2026
GPU    : 0
Python : /userhome/cs3/duanty/miniconda3/envs/moe/bin/python
Command: python -u main.py --method ours --dataset cifar100 --backbone resnet --select ours --merge fedadam --device cuda --num_experts 8 --bw_max -1 --output_dir ./results/exp01-c100-resnet-e8-fedadam-tau1e2 --fedadam_tau 0.01
========================================

==================================================================
 Ours  
  Dataset=cifar100 | beta=0.1 | Backbone=resnet | width_mult=1 | Clients=10 | Experts=8
  Select=ours | Merge=fedadam
  Expert refresh N_ref=8
  Rounds=100 | LR=0.01
  Bandwidth: expert_bw=10 | bw=[10, 80] | Rayleigh-Shannon, SNR=10 dB | k=floor(bw/10)
==================================================================


[Partition] Dirichlet beta=0.1, 10 clients
  Client 0:   4573 samples | 45/100 classes
  Client 1:   4218 samples | 54/100 classes
  Client 2:   3656 samples | 48/100 classes
  Client 3:   5018 samples | 43/100 classes
  Client 4:   6664 samples | 52/100 classes
  Client 5:   6137 samples | 45/100 classes
  Client 6:   6582 samples | 49/100 classes
  Client 7:   4512 samples | 39/100 classes
  Client 8:   5219 samples | 46/100 classes
  Client 9:   3421 samples | 100/100 classes

[Upload] expert_bw=10 | available bw=[10, 80] | Rayleigh-Shannon, SNR=10 dB | upload k=floor(bw/10), cap=8 | probe gate scores, refresh stale experts, then train selected

[Model] Total params: 13,684,576

[Export] 本次实验目录: /userhome/cs3/duanty/FedMoE/results/exp01-c100-resnet-e8-fedadam-tau1e2/20260921-121510

Round |      LR |  AvgLoss |  TestAcc |     Best |  RoundTime
--------------------------------------------------------------------------------
    1 | 0.00208 |   3.7146 |    0.98% |    0.98% |    0:51.92
      bandwidth/experts | c8:bw=55,experts=[1,2,4,5,6]; c1:bw=29,experts=[2,4]; c5:bw=44,experts=[1,2,4,6]; c0:bw=10,experts=[2]; c7:bw=20,experts=[2,4]; c2:bw=29,experts=[2,4]; c9:bw=45,experts=[1,2,4,6]; c4:bw=40,experts=[1,2,4,6]; c3:bw=51,experts=[1,2,4,5,6]; c6:bw=41,experts=[1,2,4,6]
    2 | 0.00406 |   3.4699 |    1.00% |    1.00% |    0:53.07
      bandwidth/experts | c0:bw=36,experts=[1,4,5]; c1:bw=41,experts=[0,1,4,5]; c8:bw=48,experts=[0,1,4,5]; c5:bw=69,experts=[0,1,2,4,5,6]; c3:bw=67,experts=[0,1,2,4,5,6]; c4:bw=30,experts=[1,4,5]; c7:bw=55,experts=[0,1,2,4,5]; c9:bw=46,experts=[0,1,4,5]; c6:bw=17,experts=[4]; c2:bw=22,experts=[1,4]
    3 | 0.00604 |   3.3568 |    1.03% |    1.03% |    0:54.09
      bandwidth/experts | c9:bw=48,experts=[0,1,4,5]; c2:bw=42,experts=[0,1,4,5]; c0:bw=50,experts=[0,1,2,4,5]; c6:bw=40,experts=[0,1,4,5]; c8:bw=30,experts=[0,1,4]; c5:bw=13,experts=[4]; c3:bw=26,experts=[0,4]; c7:bw=33,experts=[0,1,4]; c1:bw=13,experts=[4]; c4:bw=52,experts=[0,1,2,4,5]
    4 | 0.00802 |   3.3042 |    1.51% |    1.51% |    0:54.35
      bandwidth/experts | c1:bw=40,experts=[0,1,2,4]; c7:bw=45,experts=[0,1,2,4]; c6:bw=53,experts=[0,1,2,4,5]; c2:bw=60,experts=[0,1,2,4,5,6]; c8:bw=31,experts=[0,1,4]; c0:bw=59,experts=[0,1,2,4,5]; c3:bw=34,experts=[0,1,4]; c4:bw=56,experts=[0,1,2,4,5]; c5:bw=73,experts=[0,1,2,4,5,6,7]; c9:bw=22,experts=[0,4]
    5 | 0.01000 |   3.2733 |    1.31% |    1.51% |    0:54.16
      bandwidth/experts | c1:bw=20,experts=[0,4]; c5:bw=40,experts=[0,1,4,5]; c4:bw=48,experts=[0,1,4,5]; c8:bw=37,experts=[0,1,4]; c0:bw=50,experts=[0,1,4,5,6]; c7:bw=24,experts=[0,4]; c6:bw=53,experts=[0,1,4,5,6]; c3:bw=63,experts=[0,1,2,4,5,6]; c2:bw=10,experts=[4]; c9:bw=62,experts=[0,1,2,4,5,6]
    6 | 0.01000 |   3.2381 |    1.56% |    1.56% |    0:54.43
      bandwidth/experts | c8:bw=67,experts=[0,1,2,4,5,6]; c2:bw=42,experts=[0,1,4,5]; c5:bw=27,experts=[0,4]; c7:bw=58,experts=[0,1,2,4,5]; c3:bw=36,experts=[0,4,5]; c1:bw=32,experts=[0,4,5]; c9:bw=48,experts=[0,1,4,5]; c0:bw=31,experts=[0,4,5]; c4:bw=17,experts=[4]; c6:bw=20,experts=[0,4]
    7 | 0.01000 |   3.1972 |    2.14% |    2.14% |    0:54.58
      bandwidth/experts | c0:bw=36,experts=[0,1,4]; c5:bw=49,experts=[0,1,4,6]; c2:bw=40,experts=[0,1,4,6]; c6:bw=13,experts=[4]; c3:bw=26,experts=[0,4]; c7:bw=31,experts=[0,1,4]; c4:bw=14,experts=[4]; c1:bw=10,experts=[4]; c8:bw=57,experts=[0,1,4,5,6]; c9:bw=10,experts=[4]
    8 | 0.01000 |   3.2861 |    4.80% |    4.80% |    0:54.73
      bandwidth/experts | c4:bw=10,experts=[3]; c8:bw=37,experts=[3,4,7]; c1:bw=58,experts=[0,3,4,6,7]; c3:bw=37,experts=[3,4,7]; c0:bw=32,experts=[3,4,7]; c5:bw=28,experts=[3,4]; c2:bw=54,experts=[0,3,4,5,7]; c9:bw=59,experts=[0,3,4,6,7]; c7:bw=15,experts=[3]; c6:bw=41,experts=[0,3,4,7]
    9 | 0.01000 |   3.1208 |    5.37% |    5.37% |    0:55.64
      bandwidth/experts | c2:bw=21,experts=[4,6]; c0:bw=52,experts=[0,1,2,4,6]; c4:bw=59,experts=[0,2,4,6,7]; c9:bw=26,experts=[4,6]; c8:bw=18,experts=[4]; c6:bw=31,experts=[2,4,6]; c7:bw=46,experts=[0,4,6,7]; c5:bw=52,experts=[0,2,4,5,6]; c1:bw=14,experts=[4]; c3:bw=23,experts=[4,6]
   10 | 0.01000 |   3.0824 |    5.88% |    5.88% |    0:55.20
      bandwidth/experts | c4:bw=37,experts=[2,4,6]; c2:bw=34,experts=[2,4,6]; c7:bw=37,experts=[2,4,6]; c0:bw=59,experts=[1,2,4,5,6]; c6:bw=65,experts=[1,2,4,5,6,7]; c3:bw=46,experts=[1,2,4,6]; c5:bw=58,experts=[1,2,4,6,7]; c8:bw=35,experts=[2,4,6]; c9:bw=35,experts=[2,4,6]; c1:bw=41,experts=[1,2,4,6]
   11 | 0.01000 |   3.0458 |    5.86% |    5.88% |    0:55.12
      bandwidth/experts | c5:bw=28,experts=[4,6]; c2:bw=27,experts=[4,6]; c7:bw=44,experts=[1,2,4,6]; c3:bw=50,experts=[1,2,4,6,7]; c0:bw=28,experts=[4,6]; c8:bw=39,experts=[2,4,6]; c9:bw=33,experts=[2,4,6]; c6:bw=55,experts=[2,3,4,6,7]; c1:bw=40,experts=[1,2,4,6]; c4:bw=16,experts=[4]
   12 | 0.01000 |   3.0121 |    6.27% |    6.27% |    0:55.21
      bandwidth/experts | c1:bw=42,experts=[2,3,4,6]; c5:bw=56,experts=[2,3,4,6,7]; c2:bw=57,experts=[2,3,4,6,7]; c4:bw=28,experts=[4,6]; c3:bw=35,experts=[2,4,6]; c7:bw=30,experts=[2,4,6]; c9:bw=42,experts=[2,3,4,6]; c6:bw=29,experts=[4,6]; c8:bw=55,experts=[2,3,4,6,7]; c0:bw=49,experts=[2,3,4,6]
   13 | 0.01000 |   3.0274 |    7.22% |    7.22% |    0:54.89
      bandwidth/experts | c3:bw=30,experts=[2,3,4]; c1:bw=47,experts=[2,3,4,6]; c4:bw=10,experts=[1]; c5:bw=29,experts=[2,4]; c8:bw=15,experts=[4]; c6:bw=36,experts=[2,3,4]; c9:bw=15,experts=[4]; c7:bw=58,experts=[2,3,4,6,7]; c0:bw=25,experts=[2,4]; c2:bw=16,experts=[4]
   14 | 0.01000 |   2.9777 |    7.93% |    7.93% |    0:55.06
      bandwidth/experts | c2:bw=45,experts=[2,3,4,6]; c4:bw=10,experts=[5]; c5:bw=64,experts=[2,3,4,5,6,7]; c1:bw=38,experts=[2,4,5]; c7:bw=25,experts=[4,5]; c0:bw=25,experts=[2,4]; c9:bw=32,experts=[1,4,5]; c3:bw=45,experts=[2,3,4,5]; c8:bw=21,experts=[2,4]; c6:bw=67,experts=[2,3,4,5,6,7]
   15 | 0.01000 |   2.9390 |    9.15% |    9.15% |    0:54.98
      bandwidth/experts | c7:bw=59,experts=[2,3,4,6,7]; c0:bw=20,experts=[2,4]; c1:bw=14,experts=[4]; c8:bw=52,experts=[0,1,2,4,5]; c3:bw=10,experts=[0]; c2:bw=53,experts=[1,2,3,4,6]; c4:bw=47,experts=[2,3,4,6]; c5:bw=18,experts=[4]; c9:bw=19,experts=[4]; c6:bw=33,experts=[2,3,4]
   16 | 0.01000 |   2.9718 |   11.11% |   11.11% |    0:55.16
      bandwidth/experts | c6:bw=40,experts=[0,2,4,7]; c1:bw=29,experts=[0,7]; c3:bw=43,experts=[0,2,4,6]; c8:bw=49,experts=[2,3,4,7]; c7:bw=22,experts=[2,4]; c5:bw=40,experts=[2,3,4,7]; c4:bw=35,experts=[2,3,4]; c9:bw=24,experts=[0,7]; c0:bw=57,experts=[2,3,4,6,7]; c2:bw=52,experts=[0,2,3,4,5]
   17 | 0.01000 |   2.9193 |   12.13% |   12.13% |    0:55.03
      bandwidth/experts | c4:bw=58,experts=[0,2,4,6,7]; c7:bw=25,experts=[0,4]; c8:bw=10,experts=[4]; c3:bw=52,experts=[2,3,4,6,7]; c5:bw=10,experts=[0]; c1:bw=29,experts=[2,4]; c0:bw=11,experts=[0]; c2:bw=19,experts=[4]; c9:bw=37,experts=[2,4,7]; c6:bw=39,experts=[2,4,6]
   18 | 0.01000 |   2.7679 |   14.78% |   14.78% |    0:55.97
      bandwidth/experts | c1:bw=10,experts=[4]; c8:bw=10,experts=[4]; c5:bw=35,experts=[1,2,4]; c2:bw=37,experts=[2,4,6]; c9:bw=19,experts=[4]; c7:bw=55,experts=[0,2,4,6,7]; c4:bw=56,experts=[0,2,4,6,7]; c3:bw=37,experts=[2,4,7]; c0:bw=49,experts=[1,2,4,5]; c6:bw=31,experts=[1,2,4]
   19 | 0.01000 |   2.7342 |   16.79% |   16.79% |    0:55.26
      bandwidth/experts | c8:bw=56,experts=[0,2,4,6,7]; c0:bw=42,experts=[0,2,4,6]; c4:bw=51,experts=[2,3,4,5,7]; c1:bw=46,experts=[1,2,4,7]; c9:bw=38,experts=[2,4,7]; c5:bw=29,experts=[2,4]; c7:bw=22,experts=[1,4]; c2:bw=14,experts=[4]; c6:bw=66,experts=[0,2,4,5,6,7]; c3:bw=40,experts=[0,1,2,4]
   20 | 0.01000 |   2.7495 |   17.91% |   17.91% |    0:55.21
      bandwidth/experts | c0:bw=28,experts=[2,4]; c2:bw=41,experts=[0,2,4,7]; c1:bw=40,experts=[0,2,4,7]; c9:bw=17,experts=[3]; c7:bw=43,experts=[0,2,4,7]; c6:bw=68,experts=[0,2,4,5,6,7]; c3:bw=18,experts=[4]; c5:bw=10,experts=[4]; c4:bw=59,experts=[0,2,3,4,7]; c8:bw=50,experts=[0,2,4,6,7]
   21 | 0.01000 |   2.6537 |   18.07% |   18.07% |    0:54.94
      bandwidth/experts | c1:bw=41,experts=[2,3,4,6]; c2:bw=39,experts=[0,2,4]; c7:bw=12,experts=[4]; c4:bw=48,experts=[0,1,2,4]; c8:bw=18,experts=[4]; c5:bw=32,experts=[0,2,4]; c0:bw=66,experts=[0,2,4,5,6,7]; c3:bw=10,experts=[4]; c6:bw=16,experts=[4]; c9:bw=25,experts=[4,6]
   22 | 0.01000 |   2.7771 |   18.84% |   18.84% |    0:55.13
      bandwidth/experts | c7:bw=16,experts=[5]; c9:bw=33,experts=[1,4,5]; c1:bw=10,experts=[5]; c6:bw=61,experts=[0,2,4,5,6,7]; c5:bw=17,experts=[5]; c2:bw=66,experts=[0,2,4,5,6,7]; c0:bw=67,experts=[0,2,4,5,6,7]; c4:bw=36,experts=[0,2,4]; c3:bw=56,experts=[0,2,4,5,7]; c8:bw=33,experts=[2,4,7]
   23 | 0.01000 |   2.6863 |   19.08% |   19.08% |    0:54.83
      bandwidth/experts | c5:bw=52,experts=[0,2,4,6,7]; c7:bw=15,experts=[3]; c4:bw=56,experts=[0,2,4,6,7]; c6:bw=10,experts=[3]; c9:bw=50,experts=[0,2,4,6,7]; c8:bw=35,experts=[1,4,5]; c3:bw=15,experts=[4]; c1:bw=62,experts=[0,2,4,5,6,7]; c2:bw=32,experts=[1,2,4]; c0:bw=11,experts=[4]
   24 | 0.01000 |   2.6042 |   20.03% |   20.03% |    0:54.82
      bandwidth/experts | c6:bw=30,experts=[0,2,4]; c4:bw=12,experts=[4]; c7:bw=10,experts=[4]; c9:bw=50,experts=[0,2,4,5,7]; c2:bw=43,experts=[0,2,3,4]; c1:bw=10,experts=[4]; c5:bw=25,experts=[3,4]; c8:bw=18,experts=[3]; c3:bw=10,experts=[4]; c0:bw=31,experts=[2,3,4]
   25 | 0.01000 |   2.5709 |   21.69% |   21.69% |    0:55.11
      bandwidth/experts | c9:bw=40,experts=[0,2,4,7]; c6:bw=16,experts=[4]; c4:bw=58,experts=[0,2,4,6,7]; c3:bw=14,experts=[3]; c5:bw=64,experts=[0,2,4,5,6,7]; c1:bw=49,experts=[0,2,4,7]; c8:bw=55,experts=[0,2,4,6,7]; c2:bw=12,experts=[4]; c0:bw=56,experts=[0,2,4,6,7]; c7:bw=40,experts=[0,2,4,7]
   26 | 0.01000 |   2.5561 |   22.74% |   22.74% |    0:54.76
      bandwidth/experts | c3:bw=44,experts=[0,2,4,6]; c6:bw=34,experts=[1,2,4]; c9:bw=50,experts=[0,2,4,5,7]; c7:bw=31,experts=[2,4,6]; c1:bw=33,experts=[0,2,4]; c5:bw=20,experts=[1,4]; c2:bw=30,experts=[0,2,4]; c8:bw=53,experts=[0,2,4,5,7]; c0:bw=11,experts=[1]; c4:bw=48,experts=[0,2,4,7]
   27 | 0.01000 |   2.5050 |   24.22% |   24.22% |    0:55.74
      bandwidth/experts | c7:bw=51,experts=[0,1,2,4,7]; c1:bw=62,experts=[0,1,2,4,5,7]; c4:bw=12,experts=[5]; c0:bw=36,experts=[0,2,4]; c9:bw=18,experts=[4]; c2:bw=20,experts=[2,4]; c8:bw=55,experts=[0,2,4,5,7]; c3:bw=21,experts=[1,4]; c6:bw=63,experts=[0,2,4,5,6,7]; c5:bw=37,experts=[0,2,4]
   28 | 0.01000 |   2.4832 |   26.03% |   26.03% |    0:54.62
      bandwidth/experts | c6:bw=29,experts=[2,4]; c9:bw=49,experts=[0,2,3,4]; c0:bw=47,experts=[0,2,4,7]; c8:bw=29,experts=[2,4]; c2:bw=10,experts=[4]; c5:bw=33,experts=[0,2,4]; c1:bw=25,experts=[2,4]; c3:bw=12,experts=[4]; c4:bw=10,experts=[3]; c7:bw=10,experts=[4]
   29 | 0.01000 |   2.4193 |   26.94% |   26.94% |    0:54.81
      bandwidth/experts | c4:bw=38,experts=[1,2,4]; c0:bw=44,experts=[0,2,4,7]; c1:bw=33,experts=[2,3,4]; c9:bw=44,experts=[0,2,4,7]; c6:bw=43,experts=[0,2,4,7]; c8:bw=34,experts=[0,2,4]; c7:bw=21,experts=[2,4]; c3:bw=32,experts=[0,2,4]; c2:bw=18,experts=[4]; c5:bw=33,experts=[0,2,4]
   30 | 0.01000 |   2.5519 |   27.45% |   27.45% |    0:54.93
      bandwidth/experts | c5:bw=62,experts=[0,2,4,5,6,7]; c1:bw=35,experts=[0,2,4]; c9:bw=54,experts=[0,1,2,4,7]; c4:bw=51,experts=[0,2,4,5,7]; c0:bw=17,experts=[5]; c8:bw=41,experts=[0,2,4,7]; c6:bw=11,experts=[4]; c7:bw=12,experts=[5]; c3:bw=59,experts=[0,2,4,5,7]; c2:bw=27,experts=[5,6]
   31 | 0.01000 |   2.4219 |   28.55% |   28.55% |    0:54.77
      bandwidth/experts | c6:bw=29,experts=[3,4]; c4:bw=19,experts=[4]; c9:bw=45,experts=[0,2,4,6]; c1:bw=30,experts=[2,4,6]; c5:bw=62,experts=[0,1,2,4,5,7]; c8:bw=33,experts=[1,2,4]; c3:bw=24,experts=[2,4]; c2:bw=15,experts=[7]; c0:bw=47,experts=[0,2,4,7]; c7:bw=63,experts=[0,2,3,4,5,7]
   32 | 0.01000 |   2.3528 |   30.17% |   30.17% |    0:54.88
      bandwidth/experts | c8:bw=21,experts=[3,4]; c5:bw=36,experts=[3,4,7]; c4:bw=49,experts=[0,2,4,7]; c7:bw=47,experts=[0,2,4,7]; c0:bw=46,experts=[0,2,3,4]; c1:bw=21,experts=[2,4]; c3:bw=28,experts=[2,4]; c6:bw=27,experts=[2,4]; c2:bw=54,experts=[0,1,2,3,4]; c9:bw=31,experts=[2,4,7]
   33 | 0.01000 |   2.3303 |   29.65% |   30.17% |    0:54.89
      bandwidth/experts | c7:bw=52,experts=[0,2,4,5,7]; c1:bw=34,experts=[0,2,4]; c3:bw=70,experts=[0,1,2,3,4,5,7]; c6:bw=37,experts=[0,2,4]; c5:bw=29,experts=[2,4]; c9:bw=42,experts=[0,2,4,7]; c2:bw=24,experts=[2,4]; c8:bw=50,experts=[0,2,4,6,7]; c4:bw=45,experts=[0,2,4,6]; c0:bw=62,experts=[0,2,4,5,6,7]
   34 | 0.01000 |   2.3002 |   31.48% |   31.48% |    0:54.81
      bandwidth/experts | c4:bw=46,experts=[0,2,4,7]; c1:bw=46,experts=[0,2,4,7]; c6:bw=48,experts=[0,1,2,4]; c9:bw=68,experts=[0,1,2,4,5,7]; c8:bw=42,experts=[2,4,5,7]; c0:bw=22,experts=[1,4]; c5:bw=60,experts=[0,1,2,4,5,7]; c7:bw=32,experts=[2,4,6]; c3:bw=72,experts=[0,2,3,4,5,6,7]; c2:bw=54,experts=[0,2,4,5,7]
   35 | 0.01000 |   2.2835 |   32.09% |   32.09% |    0:54.61
      bandwidth/experts | c4:bw=33,experts=[0,2,4]; c0:bw=20,experts=[2,4]; c1:bw=31,experts=[1,4,5]; c6:bw=44,experts=[2,4,5,6]; c2:bw=46,experts=[2,3,4,7]; c8:bw=50,experts=[0,2,4,5,7]; c9:bw=27,experts=[2,4]; c7:bw=48,experts=[0,1,2,4]; c5:bw=41,experts=[0,2,4,7]; c3:bw=24,experts=[2,4]
   36 | 0.01000 |   2.2588 |   33.19% |   33.19% |    0:55.78
      bandwidth/experts | c9:bw=37,experts=[2,3,4]; c0:bw=36,experts=[0,2,4]; c3:bw=60,experts=[0,1,2,4,5,7]; c7:bw=27,experts=[2,4]; c6:bw=43,experts=[0,2,4,7]; c5:bw=49,experts=[0,2,4,7]; c1:bw=10,experts=[4]; c4:bw=74,experts=[0,1,2,3,4,5,7]; c8:bw=51,experts=[0,2,4,5,7]; c2:bw=50,experts=[0,2,4,5,7]
   37 | 0.01000 |   2.2733 |   33.14% |   33.19% |    0:54.89
      bandwidth/experts | c1:bw=18,experts=[3]; c5:bw=39,experts=[0,2,4]; c2:bw=36,experts=[2,4,7]; c6:bw=65,experts=[0,1,2,4,5,7]; c4:bw=39,experts=[2,4,7]; c7:bw=42,experts=[2,4,5,7]; c9:bw=40,experts=[0,2,4,7]; c0:bw=54,experts=[0,2,3,4,7]; c3:bw=36,experts=[0,2,4]; c8:bw=10,experts=[4]
   38 | 0.01000 |   2.2916 |   34.40% |   34.40% |    0:54.59
      bandwidth/experts | c8:bw=46,experts=[0,3,4,7]; c6:bw=17,experts=[4]; c4:bw=52,experts=[0,2,4,5,7]; c1:bw=31,experts=[0,2,4]; c5:bw=10,experts=[6]; c2:bw=10,experts=[6]; c3:bw=38,experts=[0,2,4]; c7:bw=51,experts=[0,2,4,5,7]; c9:bw=26,experts=[2,4]; c0:bw=40,experts=[0,2,4,5]
   39 | 0.01000 |   2.2029 |   35.43% |   35.43% |    0:54.60
      bandwidth/experts | c3:bw=26,experts=[2,4]; c0:bw=10,experts=[4]; c1:bw=45,experts=[0,2,4,6]; c7:bw=40,experts=[0,2,3,4]; c6:bw=31,experts=[2,3,4]; c8:bw=45,experts=[0,1,2,4]; c2:bw=36,experts=[0,2,4]; c4:bw=36,experts=[2,4,7]; c9:bw=24,experts=[4,6]; c5:bw=75,experts=[0,1,2,4,5,6,7]
   40 | 0.01000 |   2.1803 |   36.07% |   36.07% |    0:54.55
      bandwidth/experts | c8:bw=26,experts=[2,4]; c1:bw=42,experts=[2,4,6,7]; c5:bw=32,experts=[2,3,4]; c6:bw=46,experts=[0,2,4,7]; c2:bw=65,experts=[0,1,2,4,5,7]; c7:bw=66,experts=[0,1,2,4,5,7]; c3:bw=10,experts=[4]; c4:bw=19,experts=[4]; c9:bw=40,experts=[0,2,4,7]; c0:bw=36,experts=[0,2,4]
   41 | 0.01000 |   2.1955 |   37.20% |   37.20% |    0:54.83
      bandwidth/experts | c2:bw=54,experts=[0,2,4,5,7]; c6:bw=10,experts=[4]; c8:bw=57,experts=[0,2,4,5,6]; c1:bw=10,experts=[4]; c4:bw=50,experts=[0,2,4,6,7]; c5:bw=61,experts=[0,1,2,3,4,7]; c7:bw=68,experts=[0,1,2,4,5,7]; c3:bw=40,experts=[0,2,4,7]; c9:bw=54,experts=[0,2,4,5,7]; c0:bw=10,experts=[6]
   42 | 0.01000 |   2.1774 |   37.67% |   37.67% |    0:54.77
      bandwidth/experts | c5:bw=50,experts=[0,2,4,5,7]; c1:bw=49,experts=[2,4,5,7]; c3:bw=48,experts=[2,3,4,6]; c9:bw=51,experts=[0,1,2,4,5]; c6:bw=34,experts=[2,4,7]; c0:bw=15,experts=[1]; c7:bw=20,experts=[4,6]; c4:bw=55,experts=[0,2,4,5,7]; c8:bw=42,experts=[0,2,4,5]; c2:bw=40,experts=[0,2,4,7]
   43 | 0.01000 |   2.1497 |   39.39% |   39.39% |    0:54.91
      bandwidth/experts | c5:bw=53,experts=[0,2,4,5,7]; c1:bw=58,experts=[0,1,2,4,5]; c2:bw=51,experts=[0,2,3,4,5]; c8:bw=45,experts=[0,2,4,5]; c9:bw=32,experts=[0,2,4]; c7:bw=21,experts=[2,4]; c4:bw=34,experts=[0,4,7]; c6:bw=12,experts=[6]; c3:bw=65,experts=[0,1,2,4,5,7]; c0:bw=21,experts=[2,4]
   44 | 0.01000 |   2.1207 |   39.22% |   39.39% |    0:54.69
      bandwidth/experts | c0:bw=66,experts=[0,2,3,4,5,7]; c3:bw=47,experts=[0,2,4,5]; c4:bw=29,experts=[1,3]; c2:bw=37,experts=[0,2,4]; c7:bw=75,experts=[0,1,2,4,5,6,7]; c5:bw=24,experts=[2,4]; c6:bw=20,experts=[2,4]; c9:bw=37,experts=[2,3,4]; c8:bw=34,experts=[0,2,4]; c1:bw=45,experts=[0,2,4,5]
   45 | 0.01000 |   2.1089 |   40.47% |   40.47% |    0:55.57
      bandwidth/experts | c8:bw=55,experts=[0,2,4,5,7]; c0:bw=36,experts=[0,2,4]; c3:bw=67,experts=[0,1,2,4,5,7]; c4:bw=64,experts=[0,1,2,4,5,7]; c7:bw=36,experts=[2,4,7]; c2:bw=49,experts=[0,2,4,7]; c9:bw=25,experts=[4,7]; c6:bw=10,experts=[1]; c5:bw=44,experts=[0,2,4,5]; c1:bw=56,experts=[0,2,3,4,5]
   46 | 0.01000 |   2.0712 |   41.87% |   41.87% |    0:54.68
      bandwidth/experts | c9:bw=37,experts=[0,2,4]; c3:bw=27,experts=[2,4]; c6:bw=39,experts=[2,4,5]; c1:bw=41,experts=[0,2,4,7]; c4:bw=64,experts=[0,1,2,4,5,7]; c5:bw=41,experts=[0,2,4,5]; c2:bw=57,experts=[0,2,4,6,7]; c8:bw=39,experts=[2,3,4]; c0:bw=55,experts=[0,2,4,5,7]; c7:bw=28,experts=[4,7]
   47 | 0.01000 |   2.0832 |   42.07% |   42.07% |    0:54.73
      bandwidth/experts | c5:bw=52,experts=[0,2,4,5,6]; c6:bw=22,experts=[3,4]; c7:bw=53,experts=[0,2,3,4,5]; c9:bw=17,experts=[6]; c8:bw=39,experts=[1,2,4]; c3:bw=70,experts=[0,1,2,4,5,6,7]; c4:bw=10,experts=[4]; c0:bw=46,experts=[0,2,4,7]; c1:bw=30,experts=[0,2,4]; c2:bw=54,experts=[0,2,4,5,7]
   48 | 0.01000 |   2.0383 |   42.48% |   42.48% |    0:54.84
      bandwidth/experts | c1:bw=50,experts=[0,2,4,5,6]; c8:bw=50,experts=[0,2,4,5,7]; c4:bw=67,experts=[0,1,2,4,5,7]; c2:bw=57,experts=[0,1,2,4,7]; c9:bw=52,experts=[2,4,5,6,7]; c6:bw=45,experts=[0,2,4,5]; c5:bw=55,experts=[0,2,4,5,7]; c7:bw=62,experts=[0,1,2,4,5,7]; c0:bw=16,experts=[4]; c3:bw=18,experts=[4]
   49 | 0.01000 |   2.0275 |   42.96% |   42.96% |    0:54.82
      bandwidth/experts | c4:bw=48,experts=[2,4,6,7]; c3:bw=32,experts=[2,4,7]; c8:bw=26,experts=[4,6]; c0:bw=20,experts=[4,6]; c2:bw=58,experts=[0,2,4,5,7]; c5:bw=56,experts=[0,1,2,3,4]; c6:bw=13,experts=[4]; c7:bw=44,experts=[0,2,4,5]; c9:bw=53,experts=[0,2,4,5,7]; c1:bw=54,experts=[0,2,4,5,7]
   50 | 0.01000 |   2.0078 |   42.67% |   42.96% |    0:54.71
      bandwidth/experts | c8:bw=32,experts=[0,2,4]; c4:bw=10,experts=[4]; c7:bw=34,experts=[0,2,4]; c6:bw=68,experts=[0,2,3,4,5,7]; c2:bw=63,experts=[0,1,2,4,5,7]; c1:bw=64,experts=[0,1,2,4,5,7]; c3:bw=39,experts=[2,3,4]; c0:bw=29,experts=[1,4]; c9:bw=27,experts=[1,4]; c5:bw=31,experts=[0,2,4]
   51 | 0.01000 |   1.9978 |   42.65% |   42.96% |    0:54.60
      bandwidth/experts | c5:bw=47,experts=[0,2,4,5]; c0:bw=53,experts=[0,2,4,5,7]; c1:bw=21,experts=[0,4]; c2:bw=20,experts=[3,4]; c8:bw=46,experts=[2,4,5,7]; c6:bw=52,experts=[0,2,4,5,6]; c9:bw=18,experts=[4]; c3:bw=55,experts=[0,1,2,4,5]; c4:bw=11,experts=[4]; c7:bw=27,experts=[2,4]
   52 | 0.01000 |   1.9838 |   44.36% |   44.36% |    0:54.61
      bandwidth/experts | c0:bw=46,experts=[0,2,3,4]; c8:bw=18,experts=[4]; c5:bw=24,experts=[2,4]; c7:bw=34,experts=[2,4,6]; c1:bw=40,experts=[0,2,4,5]; c4:bw=33,experts=[2,3,4]; c9:bw=31,experts=[2,3,4]; c6:bw=51,experts=[0,2,4,5,7]; c2:bw=29,experts=[2,4]; c3:bw=43,experts=[0,2,4,5]
   53 | 0.01000 |   1.9736 |   43.96% |   44.36% |    0:54.71
      bandwidth/experts | c8:bw=22,experts=[2,4]; c4:bw=28,experts=[2,4]; c5:bw=44,experts=[0,2,4,5]; c1:bw=59,experts=[0,2,3,4,7]; c3:bw=47,experts=[0,2,4,5]; c9:bw=61,experts=[0,2,3,4,5,7]; c6:bw=36,experts=[1,2,4]; c7:bw=44,experts=[0,2,4,5]; c0:bw=39,experts=[2,4,7]; c2:bw=51,experts=[0,2,4,5,7]
   54 | 0.01000 |   1.9873 |   44.62% |   44.62% |    0:55.65
      bandwidth/experts | c2:bw=10,experts=[6]; c1:bw=53,experts=[0,2,4,5,7]; c8:bw=55,experts=[0,2,3,4,5]; c7:bw=61,experts=[0,2,3,4,6,7]; c3:bw=30,experts=[2,4,7]; c0:bw=37,experts=[2,4,7]; c6:bw=54,experts=[0,2,4,5,7]; c5:bw=10,experts=[4]; c9:bw=50,experts=[0,1,2,4,5]; c4:bw=32,experts=[0,2,4]
   55 | 0.01000 |   1.9658 |   45.18% |   45.18% |    0:54.92
      bandwidth/experts | c7:bw=54,experts=[0,2,4,5,7]; c2:bw=41,experts=[0,2,4,5]; c4:bw=14,experts=[4]; c3:bw=52,experts=[0,2,4,5,6]; c8:bw=14,experts=[1]; c5:bw=53,experts=[0,2,4,6,7]; c1:bw=60,experts=[0,1,2,4,5,7]; c6:bw=42,experts=[2,3,4,7]; c0:bw=27,experts=[2,4]; c9:bw=62,experts=[0,1,2,4,5,7]
   56 | 0.01000 |   1.9868 |   45.62% |   45.62% |    0:54.82
      bandwidth/experts | c9:bw=52,experts=[0,2,4,5,6]; c1:bw=56,experts=[0,2,4,5,6]; c3:bw=10,experts=[4]; c2:bw=53,experts=[0,1,2,4,5]; c5:bw=31,experts=[0,2,4]; c4:bw=10,experts=[1]; c8:bw=13,experts=[4]; c7:bw=18,experts=[1]; c6:bw=23,experts=[2,4]; c0:bw=70,experts=[0,1,2,3,4,5,7]
   57 | 0.01000 |   1.9165 |   46.47% |   46.47% |    0:54.91
      bandwidth/experts | c3:bw=64,experts=[0,1,2,4,5,7]; c8:bw=43,experts=[2,4,5,6]; c6:bw=48,experts=[0,2,4,5]; c1:bw=49,experts=[0,2,4,7]; c7:bw=69,experts=[0,1,2,4,5,7]; c0:bw=70,experts=[0,1,2,4,5,6,7]; c5:bw=44,experts=[1,2,3,4]; c4:bw=41,experts=[4,5,6,7]; c2:bw=33,experts=[0,2,4]; c9:bw=19,experts=[4]
   58 | 0.01000 |   1.9040 |   46.52% |   46.52% |    0:54.81
      bandwidth/experts | c7:bw=24,experts=[2,4]; c2:bw=10,experts=[4]; c9:bw=57,experts=[0,2,4,5,6]; c6:bw=55,experts=[0,1,2,4,5]; c5:bw=35,experts=[0,2,4]; c1:bw=30,experts=[0,2,4]; c8:bw=40,experts=[0,2,4,5]; c4:bw=38,experts=[0,2,4]; c3:bw=61,experts=[0,2,3,4,5,7]; c0:bw=47,experts=[0,2,4,7]
   59 | 0.01000 |   1.9103 |   47.38% |   47.38% |    0:54.62
      bandwidth/experts | c2:bw=37,experts=[0,3,4]; c8:bw=56,experts=[0,2,4,5,7]; c9:bw=28,experts=[2,4]; c6:bw=19,experts=[6]; c1:bw=65,experts=[0,1,2,4,5,7]; c4:bw=26,experts=[4,7]; c7:bw=28,experts=[2,4]; c5:bw=32,experts=[2,4,5]; c0:bw=52,experts=[0,1,2,4,5]; c3:bw=35,experts=[0,2,4]
   60 | 0.01000 |   1.8788 |   47.89% |   47.89% |    0:54.73
      bandwidth/experts | c0:bw=53,experts=[0,1,2,4,5]; c7:bw=48,experts=[0,2,4,5]; c4:bw=30,experts=[2,3,4]; c2:bw=30,experts=[1,2,4]; c5:bw=33,experts=[2,4,7]; c8:bw=24,experts=[2,4]; c6:bw=59,experts=[0,1,2,4,5]; c9:bw=10,experts=[4]; c1:bw=54,experts=[0,1,2,4,5]; c3:bw=44,experts=[0,2,4,5]
   61 | 0.01000 |   1.8707 |   47.47% |   47.89% |    0:54.81
      bandwidth/experts | c5:bw=49,experts=[0,2,4,5]; c6:bw=37,experts=[2,4,5]; c2:bw=29,experts=[4,7]; c9:bw=38,experts=[2,3,4]; c1:bw=33,experts=[3,4,7]; c3:bw=43,experts=[0,2,4,7]; c8:bw=55,experts=[0,1,2,4,5]; c4:bw=38,experts=[0,2,4]; c7:bw=43,experts=[0,2,4,7]; c0:bw=60,experts=[0,1,2,4,5,6]
   62 | 0.01000 |   1.8811 |   49.06% |   49.06% |    0:54.92
      bandwidth/experts | c8:bw=13,experts=[3]; c6:bw=62,experts=[0,1,2,4,5,7]; c9:bw=16,experts=[4]; c4:bw=60,experts=[0,1,2,4,5,7]; c5:bw=67,experts=[0,1,2,4,5,7]; c0:bw=28,experts=[2,4]; c3:bw=53,experts=[0,1,2,4,5]; c2:bw=42,experts=[0,2,4,6]; c1:bw=75,experts=[0,1,2,3,4,5,7]; c7:bw=44,experts=[2,3,4,6]
   63 | 0.01000 |   1.8898 |   49.40% |   49.40% |    0:55.52
      bandwidth/experts | c5:bw=10,experts=[6]; c9:bw=21,experts=[1,7]; c6:bw=34,experts=[2,3,4]; c3:bw=52,experts=[1,2,4,5,6]; c8:bw=32,experts=[1,2,4]; c1:bw=50,experts=[1,2,4,5,6]; c7:bw=68,experts=[0,1,2,4,5,7]; c0:bw=41,experts=[0,1,2,4]; c2:bw=28,experts=[2,4]; c4:bw=52,experts=[1,2,4,5,7]
   64 | 0.01000 |   1.8373 |   49.86% |   49.86% |    0:54.80
      bandwidth/experts | c6:bw=50,experts=[0,2,4,5,7]; c4:bw=38,experts=[2,4,5]; c5:bw=24,experts=[2,4]; c3:bw=38,experts=[2,4,5]; c7:bw=34,experts=[0,2,4]; c0:bw=32,experts=[2,3,4]; c8:bw=53,experts=[0,1,2,4,5]; c9:bw=59,experts=[0,1,2,4,7]; c2:bw=56,experts=[0,1,2,4,5]; c1:bw=28,experts=[2,4]
   65 | 0.01000 |   1.8300 |   50.71% |   50.71% |    0:54.86
      bandwidth/experts | c7:bw=10,experts=[4]; c5:bw=29,experts=[3,4]; c4:bw=57,experts=[2,4,5,6,7]; c6:bw=50,experts=[0,2,3,4,7]; c8:bw=66,experts=[0,2,4,5,6,7]; c3:bw=42,experts=[1,2,4,5]; c0:bw=41,experts=[0,3,4,7]; c2:bw=28,experts=[4,7]; c1:bw=58,experts=[0,2,4,5,7]; c9:bw=47,experts=[2,4,5,7]
   66 | 0.01000 |   1.8191 |   50.34% |   50.71% |    0:54.98
      bandwidth/experts | c2:bw=41,experts=[0,2,4,5]; c5:bw=17,experts=[4]; c1:bw=54,experts=[0,1,2,4,7]; c8:bw=24,experts=[2,4]; c9:bw=31,experts=[2,4,6]; c6:bw=30,experts=[1,2,4]; c4:bw=41,experts=[0,2,4,7]; c0:bw=38,experts=[1,2,4]; c3:bw=66,experts=[0,1,2,3,4,5]; c7:bw=50,experts=[0,1,2,4,5]
   67 | 0.01000 |   1.8077 |   50.33% |   50.71% |    0:54.81
      bandwidth/experts | c4:bw=51,experts=[0,1,2,4,5]; c5:bw=48,experts=[2,3,4,7]; c1:bw=36,experts=[2,4,5]; c3:bw=25,experts=[4,7]; c6:bw=53,experts=[0,2,4,5,6]; c0:bw=32,experts=[0,2,4]; c2:bw=43,experts=[2,3,4,5]; c9:bw=60,experts=[0,2,3,4,5,7]; c7:bw=59,experts=[0,2,4,5,7]; c8:bw=10,experts=[4]
   68 | 0.01000 |   1.8017 |   50.91% |   50.91% |    0:54.81
      bandwidth/experts | c1:bw=42,experts=[1,2,4,5]; c8:bw=31,experts=[2,4,7]; c2:bw=58,experts=[0,1,2,4,5]; c0:bw=30,experts=[2,4,7]; c3:bw=26,experts=[2,4]; c4:bw=49,experts=[2,3,4,7]; c5:bw=45,experts=[1,2,4,5]; c9:bw=15,experts=[4]; c7:bw=28,experts=[2,4]; c6:bw=32,experts=[2,4,5]
   69 | 0.01000 |   1.7932 |   51.44% |   51.44% |    0:54.83
      bandwidth/experts | c3:bw=41,experts=[0,2,4,7]; c7:bw=58,experts=[0,1,2,4,5]; c1:bw=31,experts=[2,4,7]; c4:bw=41,experts=[0,2,4,5]; c9:bw=35,experts=[2,4,5]; c5:bw=39,experts=[1,2,4]; c0:bw=52,experts=[1,2,4,5,6]; c2:bw=66,experts=[0,1,2,4,5,7]; c8:bw=42,experts=[1,2,4,5]; c6:bw=26,experts=[2,4]
   70 | 0.01000 |   1.8099 |   51.69% |   51.69% |    0:55.08
      bandwidth/experts | c1:bw=24,experts=[3,4]; c9:bw=10,experts=[4]; c7:bw=28,experts=[3,6]; c3:bw=32,experts=[1,2,4]; c0:bw=30,experts=[2,4,5]; c6:bw=26,experts=[2,4]; c2:bw=55,experts=[2,4,5,6,7]; c4:bw=58,experts=[0,1,2,4,5]; c5:bw=23,experts=[0,4]; c8:bw=48,experts=[1,2,3,4]
   71 | 0.01000 |   1.7689 |   51.71% |   51.71% |    0:54.99
      bandwidth/experts | c4:bw=42,experts=[1,2,4,5]; c0:bw=16,experts=[4]; c1:bw=52,experts=[2,3,4,6,7]; c9:bw=40,experts=[1,2,4,5]; c7:bw=20,experts=[2,4]; c5:bw=33,experts=[2,4,6]; c3:bw=62,experts=[0,1,2,4,5,6]; c6:bw=50,experts=[0,1,2,4,5]; c8:bw=39,experts=[2,4,7]; c2:bw=61,experts=[0,1,2,4,5,7]
   72 | 0.01000 |   1.7613 |   50.79% |   51.71% |    0:55.42
      bandwidth/experts | c8:bw=30,experts=[2,4,7]; c1:bw=39,experts=[0,2,4]; c5:bw=43,experts=[1,2,4,5]; c7:bw=48,experts=[0,2,4,5]; c6:bw=19,experts=[4]; c0:bw=52,experts=[0,1,2,4,5]; c3:bw=23,experts=[2,4]; c2:bw=23,experts=[2,4]; c9:bw=38,experts=[2,4,7]; c4:bw=39,experts=[2,4,7]
   73 | 0.01000 |   1.7863 |   51.90% |   51.90% |    0:54.59
      bandwidth/experts | c2:bw=47,experts=[1,2,4,5]; c8:bw=11,experts=[0]; c3:bw=40,experts=[0,2,4,7]; c1:bw=66,experts=[0,1,2,4,5,7]; c5:bw=17,experts=[4]; c9:bw=52,experts=[0,1,2,4,5]; c0:bw=28,experts=[3,4]; c7:bw=37,experts=[2,4,5]; c6:bw=20,experts=[3,7]; c4:bw=41,experts=[2,4,6,7]
   74 | 0.01000 |   1.7628 |   52.02% |   52.02% |    0:54.82
      bandwidth/experts | c3:bw=10,experts=[3]; c0:bw=40,experts=[0,2,4,7]; c1:bw=28,experts=[4,7]; c5:bw=50,experts=[0,2,4,5,7]; c7:bw=65,experts=[0,1,2,4,5,7]; c8:bw=28,experts=[4,6]; c6:bw=10,experts=[4]; c2:bw=10,experts=[4]; c4:bw=47,experts=[0,2,4,7]; c9:bw=32,experts=[2,4,6]
   75 | 0.01000 |   1.7326 |   52.31% |   52.31% |    0:54.99
      bandwidth/experts | c2:bw=40,experts=[2,3,4,5]; c9:bw=61,experts=[0,1,2,3,4,5]; c1:bw=54,experts=[0,1,2,4,5]; c3:bw=20,experts=[2,4]; c7:bw=28,experts=[2,4]; c6:bw=56,experts=[1,2,4,5,6]; c5:bw=31,experts=[2,3,4]; c4:bw=56,experts=[0,2,4,5,7]; c0:bw=60,experts=[0,1,2,4,5,7]; c8:bw=53,experts=[0,1,2,4,5]
   76 | 0.01000 |   1.7285 |   53.52% |   53.52% |    0:54.99
      bandwidth/experts | c8:bw=29,experts=[2,4]; c5:bw=37,experts=[2,4,5]; c0:bw=31,experts=[0,4,7]; c3:bw=15,experts=[4]; c2:bw=25,experts=[2,4]; c6:bw=23,experts=[2,4]; c7:bw=66,experts=[0,1,2,3,4,5]; c4:bw=60,experts=[0,1,2,3,4,5]; c9:bw=57,experts=[0,1,2,4,5]; c1:bw=53,experts=[0,2,4,5,7]
   77 | 0.01000 |   1.7172 |   53.42% |   53.52% |    0:55.01
      bandwidth/experts | c9:bw=29,experts=[2,4]; c2:bw=34,experts=[2,4,5]; c1:bw=62,experts=[0,1,2,4,5,7]; c8:bw=10,experts=[4]; c4:bw=10,experts=[4]; c7:bw=10,experts=[4]; c6:bw=57,experts=[0,1,2,4,5]; c0:bw=63,experts=[0,2,3,4,6,7]; c3:bw=40,experts=[1,2,4,5]; c5:bw=59,experts=[0,2,3,4,7]
   78 | 0.01000 |   1.7117 |   53.92% |   53.92% |    0:54.91
      bandwidth/experts | c0:bw=26,experts=[2,4]; c4:bw=23,experts=[2,4]; c3:bw=38,experts=[2,4,5]; c7:bw=36,experts=[2,4,6]; c8:bw=54,experts=[0,2,3,4,5]; c1:bw=41,experts=[1,2,4,5]; c9:bw=31,experts=[1,2,4]; c6:bw=57,experts=[0,1,2,4,5]; c5:bw=63,experts=[0,1,2,3,4,7]; c2:bw=34,experts=[2,4,6]
   79 | 0.01000 |   1.7023 |   54.82% |   54.82% |    0:55.05
      bandwidth/experts | c6:bw=21,experts=[2,4]; c9:bw=10,experts=[4]; c0:bw=36,experts=[2,4,5]; c4:bw=80,experts=[0,1,2,3,4,5,6,7]; c7:bw=46,experts=[0,2,4,5]; c8:bw=44,experts=[0,2,4,5]; c5:bw=53,experts=[0,2,4,5,6]; c3:bw=26,experts=[4,6]; c1:bw=37,experts=[3,4,6]; c2:bw=33,experts=[0,4,7]
   80 | 0.01000 |   1.6981 |   54.86% |   54.86% |    0:55.49
      bandwidth/experts | c5:bw=65,experts=[0,2,3,4,5,7]; c9:bw=53,experts=[1,2,4,5,7]; c7:bw=48,experts=[1,2,4,5]; c1:bw=31,experts=[1,2,4]; c3:bw=31,experts=[2,4,5]; c4:bw=57,experts=[0,1,2,4,5]; c2:bw=44,experts=[0,4,5,7]; c0:bw=47,experts=[1,2,4,5]; c6:bw=39,experts=[2,4,5]; c8:bw=51,experts=[1,2,4,6,7]
   81 | 0.01000 |   1.6868 |   54.64% |   54.86% |    0:55.65
      bandwidth/experts | c6:bw=51,experts=[1,2,3,4,7]; c2:bw=45,experts=[1,2,4,5]; c3:bw=67,experts=[0,1,2,4,5,7]; c1:bw=49,experts=[1,2,4,5]; c4:bw=42,experts=[0,2,4,7]; c5:bw=30,experts=[2,4,7]; c9:bw=26,experts=[4,7]; c7:bw=58,experts=[0,1,2,4,5]; c8:bw=48,experts=[2,4,5,7]; c0:bw=50,experts=[0,1,2,4,5]
   82 | 0.01000 |   1.6759 |   55.57% |   55.57% |    0:54.85
      bandwidth/experts | c1:bw=64,experts=[0,1,2,3,4,5]; c0:bw=30,experts=[2,4,5]; c6:bw=36,experts=[2,4,7]; c8:bw=58,experts=[0,2,4,5,7]; c7:bw=40,experts=[2,4,5,7]; c3:bw=39,experts=[2,3,4]; c2:bw=30,experts=[2,4,5]; c9:bw=56,experts=[0,2,4,5,6]; c5:bw=40,experts=[1,2,4,5]; c4:bw=30,experts=[2,4,5]
   83 | 0.01000 |   1.6752 |   55.27% |   55.57% |    0:54.80
      bandwidth/experts | c9:bw=51,experts=[1,2,3,4,5]; c4:bw=10,experts=[4]; c2:bw=41,experts=[2,3,4,5]; c7:bw=37,experts=[2,4,5]; c5:bw=10,experts=[4]; c0:bw=10,experts=[4]; c6:bw=53,experts=[1,2,4,5,6]; c1:bw=63,experts=[0,1,2,4,5,6]; c8:bw=39,experts=[2,4,5]; c3:bw=42,experts=[1,2,4,5]
   84 | 0.01000 |   1.6715 |   55.79% |   55.79% |    0:59.72
      bandwidth/experts | c8:bw=67,experts=[0,2,3,4,5,7]; c3:bw=32,experts=[1,2,4]; c1:bw=58,experts=[0,2,4,5,7]; c6:bw=10,experts=[4]; c9:bw=20,experts=[2,4]; c2:bw=36,experts=[2,4,5]; c7:bw=47,experts=[2,3,4,5]; c5:bw=20,experts=[2,4]; c4:bw=27,experts=[2,4]; c0:bw=10,experts=[4]
   85 | 0.01000 |   1.6794 |   56.15% |   56.15% |    1:02.15
      bandwidth/experts | c0:bw=38,experts=[3,6,7]; c2:bw=45,experts=[1,2,4,5]; c8:bw=70,experts=[0,1,2,3,4,5,7]; c6:bw=42,experts=[1,2,4,5]; c1:bw=57,experts=[0,2,4,5,7]; c4:bw=42,experts=[0,2,4,5]; c9:bw=58,experts=[0,1,2,4,5]; c3:bw=51,experts=[0,1,2,4,5]; c5:bw=12,experts=[4]; c7:bw=11,experts=[4]
   86 | 0.01000 |   1.6538 |   55.46% |   56.15% |    1:01.23
      bandwidth/experts | c5:bw=47,experts=[0,2,4,7]; c8:bw=28,experts=[2,4]; c2:bw=24,experts=[4,6]; c6:bw=55,experts=[0,1,2,4,5]; c0:bw=30,experts=[0,2,4]; c4:bw=18,experts=[4]; c7:bw=44,experts=[2,4,5,6]; c3:bw=28,experts=[2,4]; c1:bw=72,experts=[0,1,2,3,4,5,6]; c9:bw=43,experts=[1,2,4,5]
   87 | 0.01000 |   1.6615 |   56.24% |   56.24% |    0:57.26
      bandwidth/experts | c1:bw=29,experts=[2,4]; c2:bw=67,experts=[0,1,2,4,5,7]; c7:bw=22,experts=[2,4]; c5:bw=10,experts=[6]; c6:bw=60,experts=[0,1,2,4,5,7]; c3:bw=68,experts=[0,1,2,4,5,6]; c4:bw=34,experts=[3,4,6]; c9:bw=37,experts=[2,4,5]; c8:bw=46,experts=[1,2,4,5]; c0:bw=35,experts=[0,2,4]
   88 | 0.01000 |   1.6397 |   55.93% |   56.24% |    1:00.04
      bandwidth/experts | c8:bw=43,experts=[2,4,5,6]; c6:bw=27,experts=[2,4]; c3:bw=33,experts=[0,4,7]; c7:bw=41,experts=[1,2,4,5]; c0:bw=62,experts=[0,1,2,4,5,7]; c4:bw=38,experts=[1,2,4]; c9:bw=31,experts=[2,4,5]; c1:bw=28,experts=[4,7]; c5:bw=30,experts=[2,3,4]; c2:bw=46,experts=[2,4,5,7]
   89 | 0.01000 |   1.6293 |   55.37% |   56.24% |    0:59.31
      bandwidth/experts | c3:bw=31,experts=[2,4,5]; c8:bw=74,experts=[0,1,2,4,5,6,7]; c2:bw=44,experts=[1,2,4,5]; c9:bw=60,experts=[0,1,2,4,5,7]; c7:bw=21,experts=[0,4]; c5:bw=46,experts=[0,1,2,4]; c0:bw=13,experts=[4]; c6:bw=32,experts=[2,3,4]; c4:bw=30,experts=[2,4,7]; c1:bw=41,experts=[1,2,4,5]
   90 | 0.01000 |   1.6310 |   55.40% |   56.24% |    0:58.60
      bandwidth/experts | c7:bw=72,experts=[0,1,2,3,4,5,7]; c1:bw=31,experts=[2,4,7]; c3:bw=36,experts=[2,3,4]; c9:bw=63,experts=[0,1,2,4,5,6]; c0:bw=64,experts=[0,1,2,4,5,7]; c6:bw=26,experts=[2,4]; c2:bw=21,experts=[2,4]; c5:bw=27,experts=[4,5]; c8:bw=50,experts=[0,1,2,4,5]; c4:bw=35,experts=[0,2,4]
   91 | 0.01000 |   1.6347 |   56.28% |   56.28% |    1:01.04
      bandwidth/experts | c1:bw=50,experts=[0,1,2,4,5]; c9:bw=35,experts=[2,3,4]; c5:bw=52,experts=[0,1,2,4,7]; c7:bw=51,experts=[0,1,2,4,5]; c3:bw=40,experts=[1,2,4,5]; c4:bw=54,experts=[0,2,4,5,7]; c0:bw=22,experts=[4,7]; c6:bw=29,experts=[4,6]; c2:bw=11,experts=[3]; c8:bw=23,experts=[2,4]
   92 | 0.01000 |   1.6153 |   56.70% |   56.70% |    0:58.71
      bandwidth/experts | c3:bw=28,experts=[2,4]; c7:bw=34,experts=[2,4,5]; c1:bw=20,experts=[2,4]; c0:bw=29,experts=[2,4]; c8:bw=19,experts=[4]; c6:bw=45,experts=[1,2,4,5]; c9:bw=56,experts=[0,1,2,4,5]; c2:bw=25,experts=[2,4]; c5:bw=66,experts=[0,1,2,4,5,7]; c4:bw=26,experts=[2,4]
   93 | 0.01000 |   1.6426 |   56.42% |   56.70% |    0:59.12
      bandwidth/experts | c1:bw=47,experts=[1,2,4,5]; c3:bw=31,experts=[2,4,5]; c7:bw=22,experts=[2,4]; c9:bw=58,experts=[0,1,2,4,5]; c6:bw=22,experts=[2,4]; c8:bw=10,experts=[3]; c5:bw=10,experts=[4]; c4:bw=32,experts=[2,4,5]; c0:bw=19,experts=[3]; c2:bw=51,experts=[0,2,4,5,7]
   94 | 0.01000 |   1.6020 |   56.62% |   56.70% |    1:00.13
      bandwidth/experts | c7:bw=45,experts=[1,2,4,6]; c2:bw=65,experts=[0,1,2,4,5,6]; c5:bw=41,experts=[1,2,4,5]; c4:bw=31,experts=[2,4,5]; c6:bw=30,experts=[0,2,4]; c9:bw=50,experts=[0,1,2,4,7]; c1:bw=70,experts=[0,1,2,3,4,5,6]; c8:bw=10,experts=[4]; c0:bw=55,experts=[0,2,4,5,6]; c3:bw=34,experts=[1,2,4]
   95 | 0.01000 |   1.6159 |   57.45% |   57.45% |    0:56.70
      bandwidth/experts | c7:bw=59,experts=[1,2,4,5,7]; c9:bw=42,experts=[1,2,4,5]; c4:bw=15,experts=[3]; c6:bw=40,experts=[2,4,5,7]; c0:bw=35,experts=[0,2,4]; c3:bw=41,experts=[0,4,6,7]; c1:bw=31,experts=[2,4,5]; c8:bw=76,experts=[0,1,2,3,4,5,7]; c2:bw=23,experts=[2,4]; c5:bw=10,experts=[6]
   96 | 0.01000 |   1.5872 |   57.07% |   57.45% |    0:58.53
      bandwidth/experts | c2:bw=65,experts=[0,1,2,3,4,5]; c9:bw=44,experts=[0,2,4,5]; c3:bw=46,experts=[1,2,4,5]; c1:bw=36,experts=[4,5,7]; c5:bw=60,experts=[0,1,2,3,4,5]; c4:bw=49,experts=[1,4,6,7]; c6:bw=31,experts=[4,5,7]; c7:bw=50,experts=[0,1,2,4,5]; c0:bw=36,experts=[2,4,5]; c8:bw=64,experts=[0,1,2,3,4,5]
   97 | 0.01000 |   1.5839 |   57.20% |   57.45% |    1:01.02
      bandwidth/experts | c0:bw=41,experts=[1,2,4,5]; c9:bw=43,experts=[1,2,4,5]; c8:bw=43,experts=[2,4,6,7]; c4:bw=16,experts=[4]; c7:bw=30,experts=[2,4,5]; c1:bw=50,experts=[0,1,2,4,5]; c3:bw=35,experts=[2,4,5]; c5:bw=46,experts=[0,2,4,5]; c6:bw=50,experts=[2,3,4,5,7]; c2:bw=54,experts=[0,1,2,4,5]
   98 | 0.01000 |   1.5750 |   57.45% |   57.45% |    0:56.68
      bandwidth/experts | c4:bw=52,experts=[0,1,2,4,5]; c8:bw=54,experts=[0,2,4,5,7]; c9:bw=27,experts=[4,6]; c7:bw=24,experts=[3,4]; c6:bw=36,experts=[0,2,4]; c5:bw=49,experts=[1,2,4,5]; c0:bw=33,experts=[2,4,5]; c3:bw=25,experts=[3,4]; c1:bw=26,experts=[2,4]; c2:bw=24,experts=[2,4]
   99 | 0.01000 |   1.5684 |   58.43% |   58.43% |    0:58.28
      bandwidth/experts | c8:bw=34,experts=[1,2,4]; c5:bw=49,experts=[1,2,4,5]; c7:bw=45,experts=[1,2,4,5]; c1:bw=59,experts=[0,1,2,4,5]; c3:bw=38,experts=[1,2,4]; c9:bw=20,experts=[3,4]; c4:bw=24,experts=[2,4]; c0:bw=40,experts=[0,2,4,7]; c2:bw=31,experts=[2,4,5]; c6:bw=35,experts=[2,4,6]
  100 | 0.01000 |   1.5773 |   58.94% |   58.94% |    0:59.31
      bandwidth/experts | c2:bw=30,experts=[2,4,7]; c8:bw=44,experts=[2,4,5,7]; c9:bw=53,experts=[0,1,2,4,5]; c5:bw=18,experts=[7]; c6:bw=44,experts=[1,2,4,5]; c1:bw=17,experts=[4]; c4:bw=65,experts=[0,1,2,3,4,5]; c7:bw=10,experts=[4]; c3:bw=42,experts=[2,4,5,7]; c0:bw=64,experts=[0,2,3,4,5,7]

Done. Best Acc: 58.94% @ round 100
Total time: 1:32:44.68
[Export] 实验目录: /userhome/cs3/duanty/FedMoE/results/exp01-c100-resnet-e8-fedadam-tau1e2/20260921-121510
[Export] 每轮明细: /userhome/cs3/duanty/FedMoE/results/exp01-c100-resnet-e8-fedadam-tau1e2/20260921-121510/rounds.xlsx
[Export] 总体摘要: /userhome/cs3/duanty/FedMoE/results/exp01-c100-resnet-e8-fedadam-tau1e2/20260921-121510/summary.xlsx
[Plot] result = /userhome/cs3/duanty/FedMoE/results/exp01-c100-resnet-e8-fedadam-tau1e2/20260921-121510
[Plot] figures -> /userhome/cs3/duanty/FedMoE/results/exp01-c100-resnet-e8-fedadam-tau1e2/20260921-121510/figure
  fig01_test_accuracy.pdf
  fig02_train_loss.pdf
  fig03_acc_and_loss.pdf
  fig04_bandwidth_and_k.pdf
  fig05_expert_round_heatmap.pdf
  fig06_client_expert_heatmap.pdf
  fig07_expert_frequency.pdf
  fig08_time_breakdown.pdf
  fig09_accuracy_vs_communication.pdf
  fig10_overview.pdf
[Export] 图片目录: /userhome/cs3/duanty/FedMoE/results/exp01-c100-resnet-e8-fedadam-tau1e2/20260921-121510/figure
