========================================
Job    : exp03-c100-resnet-e4-fedrolex
Host   : gpu-4090-101
Date   : Wed Sep 23 12:29:38 HKT 2026
GPU    : 0
Python : /userhome/cs3/duanty/miniconda3/envs/moe/bin/python
Command: python -u main.py --method ours --dataset cifar100 --backbone resnet --select fedrolex --merge ours --device cuda --num_experts 4 --num_clients 10 --bw_min 10 --bw_max -1 --output_dir ./results/exp03-c100-resnet-e4-fedrolex
========================================

==================================================================
 Ours  
  Dataset=cifar100 | beta=0.1 | Backbone=resnet | width_mult=1 | Clients=10 | Experts=4
  Select=fedrolex | Merge=ours
  Rounds=100 | LR=0.01
  Bandwidth: expert_bw=10 | bw=[10, 40] | Rayleigh-Shannon, SNR=10 dB | k=floor(bw/10)
==================================================================


[Partition] Dirichlet beta=0.1, 10 clients
  Client 0:   4573 samples | 45/100 classes
  Client 1:   4218 samples | 54/100 classes
  Client 2:   3656 samples | 48/100 classes
  Client 3:   5018 samples | 43/100 classes
  Client 4:   6664 samples | 52/100 classes
  Client 5:   6137 samples | 45/100 classes
  Client 6:   6582 samples | 49/100 classes
  Client 7:   4512 samples | 39/100 classes
  Client 8:   5219 samples | 46/100 classes
  Client 9:   3421 samples | 100/100 classes

[Upload] expert_bw=10 | available bw=[10, 40] | Rayleigh-Shannon, SNR=10 dB | upload k=floor(bw/10), cap=4 | rolling-window expert selection

[Model] Total params: 12,426,704

[Export] 本次实验目录: /userhome/cs3/duanty/FedMoE/results/exp03-c100-resnet-e4-fedrolex/20260923-122942

Round |      LR |  AvgLoss |  TestAcc |     Best |  RoundTime
--------------------------------------------------------------------------------
    1 | 0.00208 |   3.7570 |    1.21% |    1.21% |    0:49.89
      bandwidth/experts | c8:bw=31,experts=[0,1,2]; c1:bw=16,experts=[1]; c5:bw=25,experts=[1,2]; c0:bw=10,experts=[0]; c7:bw=11,experts=[3]; c2:bw=16,experts=[2]; c9:bw=25,experts=[1,2]; c4:bw=22,experts=[0,1]; c3:bw=28,experts=[0,3]; c6:bw=23,experts=[2,3]
    2 | 0.00406 |   3.6710 |    3.39% |    3.39% |    0:48.97
      bandwidth/experts | c0:bw=20,experts=[1,2]; c1:bw=23,experts=[2,3]; c8:bw=27,experts=[0,3]; c5:bw=38,experts=[0,1,3]; c3:bw=37,experts=[1,2,3]; c4:bw=17,experts=[2]; c7:bw=31,experts=[0,1,2]; c9:bw=26,experts=[0,3]; c6:bw=10,experts=[0]; c2:bw=12,experts=[3]
    3 | 0.00604 |   3.4873 |    3.20% |    3.39% |    0:48.52
      bandwidth/experts | c9:bw=26,experts=[1,2]; c2:bw=23,experts=[0,1]; c0:bw=28,experts=[0,3]; c6:bw=22,experts=[1,2]; c8:bw=17,experts=[1]; c5:bw=10,experts=[2]; c3:bw=14,experts=[0]; c7:bw=18,experts=[3]; c1:bw=10,experts=[0]; c4:bw=29,experts=[0,3]
    4 | 0.00802 |   3.2714 |    5.27% |    5.27% |    0:48.74
      bandwidth/experts | c1:bw=22,experts=[1,2]; c7:bw=25,experts=[0,1]; c6:bw=29,experts=[0,3]; c2:bw=33,experts=[0,2,3]; c8:bw=17,experts=[2]; c0:bw=33,experts=[1,2,3]; c3:bw=19,experts=[1]; c4:bw=31,experts=[1,2,3]; c5:bw=40,experts=[0,1,2,3]; c9:bw=12,experts=[3]
    5 | 0.01000 |   3.2734 |    7.04% |    7.04% |    0:48.55
      bandwidth/experts | c1:bw=11,experts=[3]; c5:bw=22,experts=[0,3]; c4:bw=27,experts=[0,1]; c8:bw=20,experts=[0,3]; c0:bw=28,experts=[0,1]; c7:bw=14,experts=[2]; c6:bw=29,experts=[1,2]; c3:bw=35,experts=[0,2,3]; c2:bw=10,experts=[1]; c9:bw=35,experts=[0,1,2]
    6 | 0.01000 |   3.1881 |    8.67% |    8.67% |    0:49.30
      bandwidth/experts | c8:bw=37,experts=[1,2,3]; c2:bw=23,experts=[2,3]; c5:bw=15,experts=[1]; c7:bw=32,experts=[0,1,3]; c3:bw=20,experts=[1,2]; c1:bw=18,experts=[0]; c9:bw=27,experts=[0,3]; c0:bw=17,experts=[2]; c4:bw=10,experts=[2]; c6:bw=11,experts=[3]
    7 | 0.01000 |   3.2118 |    7.32% |    8.67% |    0:49.06
      bandwidth/experts | c0:bw=20,experts=[0,3]; c5:bw=27,experts=[2,3]; c2:bw=22,experts=[0,1]; c6:bw=10,experts=[0]; c3:bw=15,experts=[3]; c7:bw=17,experts=[2]; c4:bw=10,experts=[3]; c1:bw=10,experts=[1]; c8:bw=32,experts=[0,1,2]; c9:bw=10,experts=[1]
    8 | 0.01000 |   2.9479 |   12.74% |   12.74% |    0:48.63
      bandwidth/experts | c4:bw=10,experts=[0]; c8:bw=20,experts=[0,3]; c1:bw=32,experts=[0,2,3]; c3:bw=21,experts=[0,1]; c0:bw=18,experts=[1]; c5:bw=16,experts=[0]; c2:bw=30,experts=[0,2,3]; c9:bw=33,experts=[0,2,3]; c7:bw=10,experts=[3]; c6:bw=23,experts=[1,2]
    9 | 0.01000 |   3.0903 |    9.65% |   12.74% |    0:48.98
      bandwidth/experts | c2:bw=12,experts=[1]; c0:bw=29,experts=[2,3]; c4:bw=33,experts=[1,2,3]; c9:bw=15,experts=[1]; c8:bw=10,experts=[1]; c6:bw=17,experts=[3]; c7:bw=25,experts=[0,1]; c5:bw=29,experts=[1,2]; c1:bw=10,experts=[1]; c3:bw=13,experts=[2]
   10 | 0.01000 |   2.7709 |   16.10% |   16.10% |    0:49.41
      bandwidth/experts | c4:bw=20,experts=[0,1]; c2:bw=19,experts=[2]; c7:bw=21,experts=[2,3]; c0:bw=33,experts=[0,1,2]; c6:bw=36,experts=[0,1,2]; c3:bw=26,experts=[0,3]; c5:bw=32,experts=[0,1,3]; c8:bw=20,experts=[2,3]; c9:bw=20,experts=[2,3]; c1:bw=23,experts=[2,3]
   11 | 0.01000 |   2.8597 |   16.36% |   16.36% |    0:49.06
      bandwidth/experts | c5:bw=15,experts=[2]; c2:bw=15,experts=[3]; c7:bw=24,experts=[0,1]; c3:bw=28,experts=[1,2]; c0:bw=16,experts=[3]; c8:bw=22,experts=[0,1]; c9:bw=18,experts=[0]; c6:bw=31,experts=[0,1,3]; c1:bw=22,experts=[0,1]; c4:bw=10,experts=[2]
   12 | 0.01000 |   2.7520 |   18.90% |   18.90% |    0:48.39
      bandwidth/experts | c1:bw=24,experts=[2,3]; c5:bw=31,experts=[0,1,3]; c2:bw=32,experts=[0,1,2]; c4:bw=16,experts=[3]; c3:bw=19,experts=[3]; c7:bw=16,experts=[2]; c9:bw=23,experts=[1,2]; c6:bw=16,experts=[2]; c8:bw=31,experts=[0,2,3]; c0:bw=27,experts=[0,1]
   13 | 0.01000 |   2.6919 |   21.45% |   21.45% |    0:48.72
      bandwidth/experts | c3:bw=17,experts=[0]; c1:bw=26,experts=[0,1]; c4:bw=10,experts=[0]; c5:bw=16,experts=[2]; c8:bw=10,experts=[1]; c6:bw=20,experts=[0,3]; c9:bw=10,experts=[3]; c7:bw=32,experts=[0,1,3]; c0:bw=14,experts=[2]; c2:bw=10,experts=[3]
   14 | 0.01000 |   2.6064 |   17.76% |   21.45% |    0:49.18
      bandwidth/experts | c2:bw=25,experts=[0,1]; c4:bw=10,experts=[1]; c5:bw=36,experts=[0,1,3]; c1:bw=21,experts=[2,3]; c7:bw=14,experts=[2]; c0:bw=14,experts=[3]; c9:bw=18,experts=[0]; c3:bw=25,experts=[1,2]; c8:bw=12,experts=[2]; c6:bw=37,experts=[1,2,3]
   15 | 0.01000 |   2.5439 |   21.58% |   21.58% |    0:48.84
      bandwidth/experts | c7:bw=33,experts=[0,1,3]; c0:bw=11,experts=[0]; c1:bw=10,experts=[0]; c8:bw=29,experts=[0,3]; c3:bw=10,experts=[3]; c2:bw=29,experts=[2,3]; c4:bw=26,experts=[2,3]; c5:bw=10,experts=[2]; c9:bw=11,experts=[1]; c6:bw=18,experts=[0]
   16 | 0.01000 |   2.4971 |   20.91% |   21.58% |    0:49.32
      bandwidth/experts | c6:bw=22,experts=[1,2]; c1:bw=16,experts=[1]; c3:bw=24,experts=[0,1]; c8:bw=27,experts=[1,2]; c7:bw=12,experts=[2]; c5:bw=22,experts=[0,3]; c4:bw=20,experts=[0,1]; c9:bw=13,experts=[2]; c0:bw=32,experts=[1,2,3]; c2:bw=29,experts=[0,1]
   17 | 0.01000 |   2.4664 |   24.71% |   24.71% |    0:49.00
      bandwidth/experts | c4:bw=32,experts=[0,2,3]; c7:bw=14,experts=[3]; c8:bw=10,experts=[3]; c3:bw=29,experts=[2,3]; c5:bw=10,experts=[1]; c1:bw=16,experts=[2]; c0:bw=10,experts=[0]; c2:bw=11,experts=[2]; c9:bw=21,experts=[0,3]; c6:bw=21,experts=[0,3]
   18 | 0.01000 |   2.4461 |   23.49% |   24.71% |    0:48.86
      bandwidth/experts | c1:bw=10,experts=[3]; c8:bw=10,experts=[0]; c5:bw=19,experts=[2]; c2:bw=21,experts=[0,3]; c9:bw=10,experts=[1]; c7:bw=30,experts=[0,1,2]; c4:bw=31,experts=[1,2,3]; c3:bw=21,experts=[0,1]; c0:bw=27,experts=[1,2]; c6:bw=17,experts=[1]
   19 | 0.01000 |   2.3976 |   25.97% |   25.97% |    0:48.33
      bandwidth/experts | c8:bw=31,experts=[1,2,3]; c0:bw=23,experts=[0,3]; c4:bw=28,experts=[0,1]; c1:bw=26,experts=[0,1]; c9:bw=21,experts=[2,3]; c5:bw=16,experts=[3]; c7:bw=12,experts=[3]; c2:bw=10,experts=[1]; c6:bw=36,experts=[0,2,3]; c3:bw=22,experts=[2,3]
   20 | 0.01000 |   2.2870 |   29.74% |   29.74% |    0:49.11
      bandwidth/experts | c0:bw=15,experts=[1]; c2:bw=23,experts=[2,3]; c1:bw=22,experts=[2,3]; c9:bw=10,experts=[0]; c7:bw=24,experts=[0,1]; c6:bw=38,experts=[1,2,3]; c3:bw=10,experts=[0]; c5:bw=10,experts=[0]; c4:bw=33,experts=[0,2,3]; c8:bw=28,experts=[0,1]
   21 | 0.01000 |   2.2963 |   30.29% |   30.29% |    0:48.39
      bandwidth/experts | c1:bw=23,experts=[0,1]; c2:bw=22,experts=[0,1]; c7:bw=10,experts=[2]; c4:bw=26,experts=[1,2]; c8:bw=10,experts=[2]; c5:bw=18,experts=[1]; c0:bw=37,experts=[0,2,3]; c3:bw=10,experts=[1]; c6:bw=10,experts=[0]; c9:bw=14,experts=[1]
   22 | 0.01000 |   2.2985 |   24.84% |   30.29% |    0:49.11
      bandwidth/experts | c7:bw=10,experts=[3]; c9:bw=18,experts=[2]; c1:bw=10,experts=[2]; c6:bw=34,experts=[1,2,3]; c5:bw=10,experts=[2]; c2:bw=37,experts=[0,2,3]; c0:bw=37,experts=[1,2,3]; c4:bw=20,experts=[0,3]; c3:bw=31,experts=[0,2,3]; c8:bw=18,experts=[3]
   23 | 0.01000 |   2.1598 |   21.30% |   30.29% |    0:48.59
      bandwidth/experts | c5:bw=29,experts=[0,3]; c7:bw=10,experts=[0]; c4:bw=31,experts=[1,2,3]; c6:bw=10,experts=[0]; c9:bw=28,experts=[0,3]; c8:bw=19,experts=[0]; c3:bw=10,experts=[1]; c1:bw=34,experts=[0,1,3]; c2:bw=18,experts=[1]; c0:bw=10,experts=[0]
   24 | 0.01000 |   2.3525 |   32.70% |   32.70% |    0:49.37
      bandwidth/experts | c6:bw=17,experts=[1]; c4:bw=10,experts=[0]; c7:bw=10,experts=[1]; c9:bw=28,experts=[1,2]; c2:bw=24,experts=[2,3]; c1:bw=10,experts=[2]; c5:bw=14,experts=[1]; c8:bw=10,experts=[1]; c3:bw=10,experts=[2]; c0:bw=17,experts=[1]
   25 | 0.01000 |   2.2325 |   37.11% |   37.11% |    0:50.49
      bandwidth/experts | c9:bw=22,experts=[0,3]; c6:bw=10,experts=[2]; c4:bw=32,experts=[1,2,3]; c3:bw=10,experts=[3]; c5:bw=35,experts=[0,2,3]; c1:bw=27,experts=[0,3]; c8:bw=30,experts=[0,2,3]; c2:bw=10,experts=[0]; c0:bw=31,experts=[0,2,3]; c7:bw=22,experts=[2,3]
   26 | 0.01000 |   2.2312 |   33.70% |   37.11% |    0:49.87
      bandwidth/experts | c3:bw=25,experts=[0,1]; c6:bw=19,experts=[3]; c9:bw=28,experts=[1,2]; c7:bw=17,experts=[0]; c1:bw=18,experts=[1]; c5:bw=11,experts=[1]; c2:bw=17,experts=[1]; c8:bw=30,experts=[1,2,3]; c0:bw=10,experts=[1]; c4:bw=26,experts=[0,1]
   27 | 0.01000 |   2.2088 |   31.42% |   37.11% |    0:49.87
      bandwidth/experts | c7:bw=29,experts=[1,2]; c1:bw=34,experts=[0,2,3]; c4:bw=10,experts=[2]; c0:bw=20,experts=[2,3]; c9:bw=10,experts=[3]; c2:bw=11,experts=[2]; c8:bw=31,experts=[0,1,2]; c3:bw=12,experts=[2]; c6:bw=35,experts=[0,1,2]; c5:bw=20,experts=[2,3]
   28 | 0.01000 |   2.2074 |   30.63% |   37.11% |    0:49.70
      bandwidth/experts | c6:bw=16,experts=[3]; c9:bw=27,experts=[0,1]; c0:bw=26,experts=[0,1]; c8:bw=16,experts=[3]; c2:bw=10,experts=[3]; c5:bw=18,experts=[0]; c1:bw=14,experts=[1]; c3:bw=10,experts=[3]; c4:bw=10,experts=[3]; c7:bw=10,experts=[3]
   29 | 0.01000 |   2.0804 |   40.09% |   40.09% |    0:49.72
      bandwidth/experts | c4:bw=21,experts=[0,1]; c0:bw=24,experts=[2,3]; c1:bw=18,experts=[2]; c9:bw=24,experts=[2,3]; c6:bw=24,experts=[0,1]; c8:bw=19,experts=[0]; c7:bw=12,experts=[0]; c3:bw=18,experts=[0]; c2:bw=10,experts=[0]; c5:bw=19,experts=[1]
   30 | 0.01000 |   2.1154 |   36.03% |   40.09% |    0:49.83
      bandwidth/experts | c5:bw=34,experts=[0,2,3]; c1:bw=20,experts=[0,3]; c9:bw=30,experts=[0,1,2]; c4:bw=29,experts=[2,3]; c0:bw=10,experts=[0]; c8:bw=23,experts=[1,2]; c6:bw=10,experts=[2]; c7:bw=10,experts=[1]; c3:bw=33,experts=[1,2,3]; c2:bw=15,experts=[1]
   31 | 0.01000 |   2.0933 |   40.19% |   40.19% |    0:49.70
      bandwidth/experts | c6:bw=16,experts=[3]; c4:bw=11,experts=[0]; c9:bw=25,experts=[0,3]; c1:bw=17,experts=[1]; c5:bw=34,experts=[1,2,3]; c8:bw=18,experts=[3]; c3:bw=13,experts=[0]; c2:bw=10,experts=[2]; c0:bw=26,experts=[1,2]; c7:bw=35,experts=[0,2,3]
   32 | 0.01000 |   2.0266 |   41.84% |   41.84% |    0:49.88
      bandwidth/experts | c8:bw=12,experts=[0]; c5:bw=20,experts=[0,1]; c4:bw=27,experts=[1,2]; c7:bw=26,experts=[1,2]; c0:bw=25,experts=[0,3]; c1:bw=12,experts=[2]; c3:bw=16,experts=[1]; c6:bw=15,experts=[0]; c2:bw=30,experts=[0,1,3]; c9:bw=17,experts=[1]
   33 | 0.01000 |   2.0741 |   39.91% |   41.84% |    0:49.91
      bandwidth/experts | c7:bw=29,experts=[0,3]; c1:bw=19,experts=[3]; c3:bw=39,experts=[0,2,3]; c6:bw=20,experts=[1,2]; c5:bw=16,experts=[2]; c9:bw=23,experts=[2,3]; c2:bw=13,experts=[2]; c8:bw=28,experts=[1,2]; c4:bw=25,experts=[0,3]; c0:bw=35,experts=[1,2,3]
   34 | 0.01000 |   1.9360 |   45.73% |   45.73% |    0:49.92
      bandwidth/experts | c4:bw=26,experts=[1,2]; c1:bw=26,experts=[0,1]; c6:bw=27,experts=[0,3]; c9:bw=38,experts=[0,1,2]; c8:bw=23,experts=[0,3]; c0:bw=12,experts=[0]; c5:bw=33,experts=[0,1,3]; c7:bw=18,experts=[1]; c3:bw=40,experts=[0,1,2,3]; c2:bw=30,experts=[0,1,3]
   35 | 0.01000 |   2.0874 |   45.25% |   45.73% |    0:49.86
      bandwidth/experts | c4:bw=18,experts=[3]; c0:bw=11,experts=[1]; c1:bw=17,experts=[2]; c6:bw=24,experts=[1,2]; c2:bw=25,experts=[2,3]; c8:bw=28,experts=[1,2]; c9:bw=15,experts=[3]; c7:bw=27,experts=[2,3]; c5:bw=23,experts=[2,3]; c3:bw=13,experts=[1]
   36 | 0.01000 |   1.9199 |   47.44% |   47.44% |    0:49.81
      bandwidth/experts | c9:bw=21,experts=[0,1]; c0:bw=20,experts=[2,3]; c3:bw=33,experts=[0,2,3]; c7:bw=15,experts=[0]; c6:bw=24,experts=[0,3]; c5:bw=27,experts=[0,1]; c1:bw=10,experts=[3]; c4:bw=40,experts=[0,1,2,3]; c8:bw=28,experts=[0,3]; c2:bw=28,experts=[0,1]
   37 | 0.01000 |   2.0013 |   40.49% |   47.44% |    0:49.86
      bandwidth/experts | c1:bw=10,experts=[0]; c5:bw=22,experts=[2,3]; c2:bw=20,experts=[2,3]; c6:bw=36,experts=[1,2,3]; c4:bw=22,experts=[0,1]; c7:bw=23,experts=[1,2]; c9:bw=22,experts=[2,3]; c0:bw=30,experts=[0,1,2]; c3:bw=20,experts=[1,2]; c8:bw=10,experts=[1]
   38 | 0.01000 |   1.9076 |   48.08% |   48.08% |    0:49.75
      bandwidth/experts | c8:bw=25,experts=[2,3]; c6:bw=10,experts=[0]; c4:bw=29,experts=[2,3]; c1:bw=17,experts=[1]; c5:bw=10,experts=[0]; c2:bw=10,experts=[0]; c3:bw=21,experts=[0,3]; c7:bw=28,experts=[0,3]; c9:bw=14,experts=[0]; c0:bw=22,experts=[0,3]
   39 | 0.01000 |   1.9724 |   43.36% |   48.08% |    0:49.74
      bandwidth/experts | c3:bw=14,experts=[1]; c0:bw=10,experts=[1]; c1:bw=25,experts=[2,3]; c7:bw=22,experts=[1,2]; c6:bw=17,experts=[1]; c8:bw=25,experts=[0,1]; c2:bw=20,experts=[1,2]; c4:bw=20,experts=[0,1]; c9:bw=13,experts=[1]; c5:bw=40,experts=[0,1,2,3]
   40 | 0.01000 |   1.9562 |   44.27% |   48.08% |    0:49.85
      bandwidth/experts | c8:bw=14,experts=[2]; c1:bw=23,experts=[0,1]; c5:bw=18,experts=[1]; c6:bw=26,experts=[2,3]; c2:bw=36,experts=[0,1,3]; c7:bw=37,experts=[0,1,3]; c3:bw=10,experts=[2]; c4:bw=11,experts=[2]; c9:bw=22,experts=[2,3]; c0:bw=20,experts=[2,3]
   41 | 0.01000 |   1.8381 |   51.11% |   51.11% |    0:49.82
      bandwidth/experts | c2:bw=30,experts=[0,2,3]; c6:bw=10,experts=[0]; c8:bw=31,experts=[0,1,3]; c1:bw=10,experts=[2]; c4:bw=28,experts=[0,3]; c5:bw=34,experts=[0,2,3]; c7:bw=38,experts=[0,2,3]; c3:bw=22,experts=[0,3]; c9:bw=30,experts=[0,1,2]; c0:bw=10,experts=[0]
   42 | 0.01000 |   1.9354 |   41.24% |   51.11% |    0:49.88
      bandwidth/experts | c5:bw=28,experts=[1,2]; c1:bw=27,experts=[0,3]; c3:bw=27,experts=[1,2]; c9:bw=28,experts=[0,3]; c6:bw=19,experts=[1]; c0:bw=10,experts=[1]; c7:bw=11,experts=[1]; c4:bw=30,experts=[1,2,3]; c8:bw=23,experts=[2,3]; c2:bw=22,experts=[1,2]
   43 | 0.01000 |   1.8792 |   47.22% |   51.11% |    0:49.84
      bandwidth/experts | c5:bw=29,experts=[0,3]; c1:bw=32,experts=[1,2,3]; c2:bw=28,experts=[0,3]; c8:bw=25,experts=[0,1]; c9:bw=18,experts=[1]; c7:bw=12,experts=[2]; c4:bw=19,experts=[0]; c6:bw=10,experts=[2]; c3:bw=36,experts=[0,1,3]; c0:bw=12,experts=[2]
   44 | 0.01000 |   1.8863 |   45.50% |   51.11% |    0:49.89
      bandwidth/experts | c0:bw=37,experts=[0,1,3]; c3:bw=26,experts=[2,3]; c4:bw=16,experts=[1]; c2:bw=20,experts=[1,2]; c7:bw=40,experts=[0,1,2,3]; c5:bw=13,experts=[1]; c6:bw=11,experts=[3]; c9:bw=21,experts=[2,3]; c8:bw=19,experts=[2]; c1:bw=25,experts=[0,1]
   45 | 0.01000 |   1.7994 |   51.14% |   51.14% |    0:50.01
      bandwidth/experts | c8:bw=31,experts=[0,1,3]; c0:bw=20,experts=[2,3]; c3:bw=37,experts=[0,1,2]; c4:bw=36,experts=[0,2,3]; c7:bw=20,experts=[0,3]; c2:bw=27,experts=[0,3]; c9:bw=14,experts=[0]; c6:bw=10,experts=[0]; c5:bw=25,experts=[2,3]; c1:bw=31,experts=[0,2,3]
   46 | 0.01000 |   1.8699 |   37.61% |   51.14% |    0:49.87
      bandwidth/experts | c9:bw=20,experts=[1,2]; c3:bw=15,experts=[3]; c6:bw=21,experts=[1,2]; c1:bw=23,experts=[1,2]; c4:bw=35,experts=[1,2,3]; c5:bw=23,experts=[0,1]; c2:bw=32,experts=[1,2,3]; c8:bw=22,experts=[2,3]; c0:bw=30,experts=[0,1,2]; c7:bw=16,experts=[1]
   47 | 0.01000 |   1.8759 |   49.66% |   51.14% |    0:49.76
      bandwidth/experts | c5:bw=29,experts=[2,3]; c6:bw=12,experts=[3]; c7:bw=29,experts=[2,3]; c9:bw=10,experts=[3]; c8:bw=22,experts=[0,1]; c3:bw=39,experts=[0,1,2]; c4:bw=10,experts=[0]; c0:bw=25,experts=[0,3]; c1:bw=17,experts=[3]; c2:bw=30,experts=[0,1,2]
   48 | 0.01000 |   1.7804 |   51.91% |   51.91% |    0:49.97
      bandwidth/experts | c1:bw=28,experts=[0,1]; c8:bw=28,experts=[2,3]; c4:bw=37,experts=[1,2,3]; c2:bw=31,experts=[0,1,3]; c9:bw=29,experts=[0,1]; c6:bw=25,experts=[0,1]; c5:bw=31,experts=[0,1,2]; c7:bw=35,experts=[0,1,2]; c0:bw=10,experts=[1]; c3:bw=10,experts=[3]
   49 | 0.01000 |   1.7800 |   52.54% |   52.54% |    0:49.89
      bandwidth/experts | c4:bw=27,experts=[0,1]; c3:bw=18,experts=[0]; c8:bw=15,experts=[0]; c0:bw=11,experts=[2]; c2:bw=32,experts=[0,2,3]; c5:bw=31,experts=[0,1,3]; c6:bw=10,experts=[2]; c7:bw=24,experts=[0,3]; c9:bw=29,experts=[2,3]; c1:bw=30,experts=[0,2,3]
   50 | 0.01000 |   1.8128 |   42.29% |   52.54% |    0:49.93
      bandwidth/experts | c8:bw=18,experts=[1]; c4:bw=10,experts=[2]; c7:bw=19,experts=[1]; c6:bw=38,experts=[0,1,3]; c2:bw=35,experts=[1,2,3]; c1:bw=36,experts=[1,2,3]; c3:bw=22,experts=[1,2]; c0:bw=16,experts=[3]; c9:bw=15,experts=[0]; c5:bw=17,experts=[2]
   51 | 0.01000 |   1.7977 |   48.81% |   52.54% |    0:49.80
      bandwidth/experts | c5:bw=26,experts=[0,3]; c0:bw=30,experts=[0,1,2]; c1:bw=12,experts=[0]; c2:bw=11,experts=[0]; c8:bw=26,experts=[2,3]; c6:bw=29,experts=[2,3]; c9:bw=10,experts=[1]; c3:bw=31,experts=[0,1,3]; c4:bw=10,experts=[3]; c7:bw=15,experts=[2]
   52 | 0.01000 |   1.7845 |   49.54% |   52.54% |    0:49.81
      bandwidth/experts | c0:bw=26,experts=[0,3]; c8:bw=10,experts=[0]; c5:bw=13,experts=[1]; c7:bw=19,experts=[3]; c1:bw=22,experts=[1,2]; c4:bw=18,experts=[0]; c9:bw=17,experts=[2]; c6:bw=28,experts=[0,1]; c2:bw=16,experts=[1]; c3:bw=24,experts=[2,3]
   53 | 0.01000 |   1.7650 |   50.61% |   52.54% |    0:49.90
      bandwidth/experts | c8:bw=12,experts=[1]; c4:bw=16,experts=[1]; c5:bw=24,experts=[2,3]; c1:bw=33,experts=[0,1,3]; c3:bw=26,experts=[0,1]; c9:bw=34,experts=[0,1,3]; c6:bw=20,experts=[2,3]; c7:bw=24,experts=[0,1]; c0:bw=21,experts=[1,2]; c2:bw=29,experts=[2,3]
   54 | 0.01000 |   1.7145 |   53.60% |   53.60% |    0:49.84
      bandwidth/experts | c2:bw=10,experts=[0]; c1:bw=29,experts=[2,3]; c8:bw=31,experts=[0,2,3]; c7:bw=34,experts=[0,2,3]; c3:bw=17,experts=[2]; c0:bw=20,experts=[0,3]; c6:bw=30,experts=[0,1,2]; c5:bw=10,experts=[0]; c9:bw=28,experts=[2,3]; c4:bw=18,experts=[2]
   55 | 0.01000 |   1.7491 |   52.63% |   53.60% |    0:49.87
      bandwidth/experts | c7:bw=30,experts=[1,2,3]; c2:bw=23,experts=[1,2]; c4:bw=10,experts=[3]; c3:bw=29,experts=[0,3]; c8:bw=10,experts=[1]; c5:bw=29,experts=[1,2]; c1:bw=33,experts=[0,1,2]; c6:bw=23,experts=[0,3]; c0:bw=15,experts=[1]; c9:bw=34,experts=[0,1,2]
   56 | 0.01000 |   1.7084 |   54.00% |   54.00% |    0:49.87
      bandwidth/experts | c9:bw=29,experts=[0,3]; c1:bw=31,experts=[0,1,3]; c3:bw=10,experts=[1]; c2:bw=29,experts=[0,3]; c5:bw=17,experts=[3]; c4:bw=10,experts=[0]; c8:bw=10,experts=[2]; c7:bw=10,experts=[0]; c6:bw=13,experts=[1]; c0:bw=39,experts=[0,2,3]
   57 | 0.01000 |   1.7277 |   50.26% |   54.00% |    0:49.95
      bandwidth/experts | c3:bw=35,experts=[0,2,3]; c8:bw=24,experts=[0,3]; c6:bw=27,experts=[2,3]; c1:bw=27,experts=[2,3]; c7:bw=38,experts=[1,2,3]; c0:bw=39,experts=[1,2,3]; c5:bw=24,experts=[0,1]; c4:bw=23,experts=[1,2]; c2:bw=18,experts=[1]; c9:bw=11,experts=[1]
   58 | 0.01000 |   1.6886 |   55.03% |   55.03% |    0:49.88
      bandwidth/experts | c7:bw=13,experts=[0]; c2:bw=10,experts=[2]; c9:bw=32,experts=[0,2,3]; c6:bw=30,experts=[0,1,2]; c5:bw=19,experts=[2]; c1:bw=17,experts=[0]; c8:bw=22,experts=[1,2]; c4:bw=21,experts=[0,3]; c3:bw=34,experts=[1,2,3]; c0:bw=26,experts=[0,1]
   59 | 0.01000 |   1.7059 |   49.46% |   55.03% |    0:49.78
      bandwidth/experts | c2:bw=20,experts=[0,3]; c8:bw=31,experts=[0,1,3]; c9:bw=15,experts=[1]; c6:bw=11,experts=[3]; c1:bw=36,experts=[1,2,3]; c4:bw=14,experts=[1]; c7:bw=15,experts=[1]; c5:bw=18,experts=[3]; c0:bw=29,experts=[2,3]; c3:bw=20,experts=[0,1]
   60 | 0.01000 |   1.6989 |   53.11% |   55.03% |    0:49.82
      bandwidth/experts | c0:bw=29,experts=[0,1]; c7:bw=26,experts=[2,3]; c4:bw=17,experts=[2]; c2:bw=17,experts=[1]; c5:bw=18,experts=[0]; c8:bw=14,experts=[2]; c6:bw=33,experts=[0,1,2]; c9:bw=10,experts=[2]; c1:bw=30,experts=[0,1,2]; c3:bw=24,experts=[2,3]
   61 | 0.01000 |   1.6647 |   56.65% |   56.65% |    0:49.86
      bandwidth/experts | c5:bw=27,experts=[1,2]; c6:bw=21,experts=[0,3]; c2:bw=16,experts=[2]; c9:bw=21,experts=[0,3]; c1:bw=19,experts=[3]; c3:bw=24,experts=[0,1]; c8:bw=31,experts=[0,1,3]; c4:bw=21,experts=[0,3]; c7:bw=24,experts=[0,1]; c0:bw=33,experts=[0,2,3]
   62 | 0.01000 |   1.6925 |   48.33% |   56.65% |    0:49.92
      bandwidth/experts | c8:bw=10,experts=[2]; c6:bw=35,experts=[1,2,3]; c9:bw=10,experts=[1]; c4:bw=33,experts=[1,2,3]; c5:bw=37,experts=[0,1,3]; c0:bw=16,experts=[1]; c3:bw=29,experts=[2,3]; c2:bw=23,experts=[0,3]; c1:bw=40,experts=[0,1,2,3]; c7:bw=25,experts=[2,3]
   63 | 0.01000 |   1.6746 |   55.67% |   56.65% |    0:49.86
      bandwidth/experts | c5:bw=10,experts=[2]; c9:bw=12,experts=[2]; c6:bw=19,experts=[0]; c3:bw=29,experts=[0,1]; c8:bw=18,experts=[3]; c1:bw=28,experts=[0,1]; c7:bw=38,experts=[0,1,2]; c0:bw=23,experts=[2,3]; c2:bw=15,experts=[1]; c4:bw=29,experts=[0,1]
   64 | 0.01000 |   1.6456 |   53.80% |   56.65% |    0:49.92
      bandwidth/experts | c6:bw=28,experts=[1,2]; c4:bw=21,experts=[2,3]; c5:bw=13,experts=[3]; c3:bw=21,experts=[2,3]; c7:bw=19,experts=[3]; c0:bw=18,experts=[0]; c8:bw=30,experts=[0,1,2]; c9:bw=33,experts=[0,1,3]; c2:bw=31,experts=[0,2,3]; c1:bw=16,experts=[2]
   65 | 0.01000 |   1.6183 |   57.64% |   57.64% |    0:49.93
      bandwidth/experts | c7:bw=10,experts=[0]; c5:bw=16,experts=[0]; c4:bw=32,experts=[0,1,2]; c6:bw=28,experts=[0,3]; c8:bw=37,experts=[0,1,3]; c3:bw=24,experts=[0,1]; c0:bw=23,experts=[1,2]; c2:bw=16,experts=[1]; c1:bw=32,experts=[0,1,3]; c9:bw=26,experts=[2,3]
   66 | 0.01000 |   1.6430 |   56.47% |   57.64% |    0:50.18
      bandwidth/experts | c2:bw=23,experts=[2,3]; c5:bw=10,experts=[1]; c1:bw=30,experts=[0,2,3]; c8:bw=13,experts=[2]; c9:bw=17,experts=[0]; c6:bw=16,experts=[1]; c4:bw=23,experts=[0,3]; c0:bw=21,experts=[0,3]; c3:bw=37,experts=[0,2,3]; c7:bw=28,experts=[1,2]
   67 | 0.01000 |   1.6369 |   47.49% |   57.64% |    0:49.96
      bandwidth/experts | c4:bw=28,experts=[1,2]; c5:bw=27,experts=[2,3]; c1:bw=20,experts=[1,2]; c3:bw=14,experts=[1]; c6:bw=29,experts=[2,3]; c0:bw=18,experts=[1]; c2:bw=24,experts=[0,1]; c9:bw=33,experts=[1,2,3]; c7:bw=33,experts=[0,1,3]; c8:bw=10,experts=[3]
   68 | 0.01000 |   1.6118 |   57.41% |   57.64% |    0:49.72
      bandwidth/experts | c1:bw=23,experts=[0,3]; c8:bw=17,experts=[0]; c2:bw=32,experts=[0,2,3]; c0:bw=17,experts=[2]; c3:bw=14,experts=[2]; c4:bw=27,experts=[0,3]; c5:bw=25,experts=[0,1]; c9:bw=10,experts=[0]; c7:bw=15,experts=[2]; c6:bw=18,experts=[0]
   69 | 0.01000 |   1.6243 |   53.51% |   57.64% |    0:50.06
      bandwidth/experts | c3:bw=23,experts=[0,3]; c7:bw=32,experts=[0,1,3]; c1:bw=17,experts=[1]; c4:bw=23,experts=[1,2]; c9:bw=20,experts=[1,2]; c5:bw=22,experts=[2,3]; c0:bw=29,experts=[0,3]; c2:bw=37,experts=[1,2,3]; c8:bw=23,experts=[1,2]; c6:bw=15,experts=[1]
   70 | 0.01000 |   1.6249 |   54.87% |   57.64% |    0:49.87
      bandwidth/experts | c1:bw=13,experts=[2]; c9:bw=10,experts=[3]; c7:bw=16,experts=[2]; c3:bw=18,experts=[1]; c0:bw=17,experts=[1]; c6:bw=14,experts=[2]; c2:bw=31,experts=[0,1,2]; c4:bw=32,experts=[0,1,3]; c5:bw=13,experts=[0]; c8:bw=27,experts=[0,3]
   71 | 0.01000 |   1.6092 |   57.38% |   57.64% |    0:49.92
      bandwidth/experts | c4:bw=24,experts=[2,3]; c0:bw=10,experts=[2]; c1:bw=29,experts=[0,3]; c9:bw=22,experts=[0,1]; c7:bw=11,experts=[3]; c5:bw=19,experts=[1]; c3:bw=34,experts=[0,2,3]; c6:bw=28,experts=[0,3]; c8:bw=21,experts=[1,2]; c2:bw=34,experts=[0,1,3]
   72 | 0.01000 |   1.6030 |   54.30% |   57.64% |    0:49.87
      bandwidth/experts | c8:bw=16,experts=[3]; c1:bw=22,experts=[1,2]; c5:bw=24,experts=[2,3]; c7:bw=27,experts=[0,1]; c6:bw=11,experts=[1]; c0:bw=29,experts=[0,3]; c3:bw=13,experts=[1]; c2:bw=13,experts=[2]; c9:bw=21,experts=[2,3]; c4:bw=22,experts=[0,1]
   73 | 0.01000 |   1.5860 |   57.84% |   57.84% |    0:49.86
      bandwidth/experts | c2:bw=26,experts=[0,3]; c8:bw=10,experts=[0]; c3:bw=22,experts=[2,3]; c1:bw=37,experts=[0,1,3]; c5:bw=10,experts=[0]; c9:bw=29,experts=[0,1]; c0:bw=16,experts=[1]; c7:bw=20,experts=[2,3]; c6:bw=11,experts=[2]; c4:bw=23,experts=[2,3]
   74 | 0.01000 |   1.5947 |   55.62% |   57.84% |    0:49.88
      bandwidth/experts | c3:bw=10,experts=[0]; c0:bw=22,experts=[2,3]; c1:bw=15,experts=[2]; c5:bw=28,experts=[1,2]; c7:bw=36,experts=[0,1,2]; c8:bw=16,experts=[1]; c6:bw=10,experts=[3]; c2:bw=10,experts=[1]; c4:bw=26,experts=[0,1]; c9:bw=18,experts=[2]
   75 | 0.01000 |   1.5765 |   59.36% |   59.36% |    0:50.01
      bandwidth/experts | c2:bw=22,experts=[2,3]; c9:bw=34,experts=[0,1,3]; c1:bw=30,experts=[0,1,3]; c3:bw=11,experts=[1]; c7:bw=16,experts=[3]; c6:bw=31,experts=[0,1,2]; c5:bw=17,experts=[3]; c4:bw=31,experts=[0,2,3]; c0:bw=34,experts=[0,1,2]; c8:bw=30,experts=[0,2,3]
   76 | 0.01000 |   1.5605 |   58.07% |   59.36% |    0:50.00
      bandwidth/experts | c8:bw=16,experts=[1]; c5:bw=21,experts=[0,1]; c0:bw=17,experts=[3]; c3:bw=10,experts=[2]; c2:bw=14,experts=[0]; c6:bw=13,experts=[3]; c7:bw=37,experts=[0,1,2]; c4:bw=34,experts=[1,2,3]; c9:bw=32,experts=[0,2,3]; c1:bw=30,experts=[0,2,3]
   77 | 0.01000 |   1.5649 |   59.25% |   59.36% |    0:49.89
      bandwidth/experts | c9:bw=16,experts=[1]; c2:bw=19,experts=[1]; c1:bw=35,experts=[1,2,3]; c8:bw=10,experts=[2]; c4:bw=10,experts=[0]; c7:bw=10,experts=[3]; c6:bw=32,experts=[0,1,2]; c0:bw=35,experts=[0,1,2]; c3:bw=22,experts=[0,3]; c5:bw=33,experts=[0,2,3]
   78 | 0.01000 |   1.5670 |   58.99% |   59.36% |    0:49.91
      bandwidth/experts | c0:bw=15,experts=[3]; c4:bw=13,experts=[1]; c3:bw=21,experts=[1,2]; c7:bw=20,experts=[0,1]; c8:bw=30,experts=[0,1,3]; c1:bw=23,experts=[0,1]; c9:bw=17,experts=[2]; c6:bw=32,experts=[0,1,3]; c5:bw=35,experts=[1,2,3]; c2:bw=19,experts=[2]
   79 | 0.01000 |   1.5702 |   54.80% |   59.36% |    0:49.92
      bandwidth/experts | c6:bw=12,experts=[2]; c9:bw=10,experts=[3]; c0:bw=20,experts=[0,1]; c4:bw=40,experts=[0,1,2,3]; c7:bw=25,experts=[2,3]; c8:bw=25,experts=[2,3]; c5:bw=29,experts=[0,1]; c3:bw=15,experts=[3]; c1:bw=21,experts=[2,3]; c2:bw=18,experts=[3]
   80 | 0.01000 |   1.5169 |   61.59% |   61.59% |    0:49.93
      bandwidth/experts | c5:bw=36,experts=[0,2,3]; c9:bw=29,experts=[0,1]; c7:bw=26,experts=[0,1]; c1:bw=17,experts=[0]; c3:bw=17,experts=[0]; c4:bw=32,experts=[0,2,3]; c2:bw=24,experts=[0,1]; c0:bw=26,experts=[2,3]; c6:bw=22,experts=[0,3]; c8:bw=28,experts=[0,1]
   81 | 0.01000 |   1.5486 |   52.15% |   61.59% |    0:49.95
      bandwidth/experts | c6:bw=29,experts=[1,2]; c2:bw=25,experts=[2,3]; c3:bw=37,experts=[1,2,3]; c1:bw=27,experts=[1,2]; c4:bw=23,experts=[1,2]; c5:bw=17,experts=[1]; c9:bw=15,experts=[2]; c7:bw=32,experts=[0,2,3]; c8:bw=26,experts=[2,3]; c0:bw=28,experts=[0,1]
   82 | 0.01000 |   1.5249 |   60.12% |   61.59% |    0:49.90
      bandwidth/experts | c1:bw=36,experts=[0,1,3]; c0:bw=17,experts=[2]; c6:bw=20,experts=[0,3]; c8:bw=32,experts=[0,1,2]; c7:bw=22,experts=[1,2]; c3:bw=22,experts=[0,1]; c2:bw=16,experts=[0]; c9:bw=31,experts=[0,1,3]; c5:bw=22,experts=[2,3]; c4:bw=16,experts=[3]
   83 | 0.01000 |   1.5236 |   60.47% |   61.59% |    0:49.85
      bandwidth/experts | c9:bw=29,experts=[2,3]; c4:bw=10,experts=[0]; c2:bw=23,experts=[1,2]; c7:bw=21,experts=[0,3]; c5:bw=10,experts=[0]; c0:bw=10,experts=[3]; c6:bw=29,experts=[1,2]; c1:bw=35,experts=[0,2,3]; c8:bw=22,experts=[0,3]; c3:bw=24,experts=[2,3]
   84 | 0.01000 |   1.5144 |   58.25% |   61.59% |    0:49.82
      bandwidth/experts | c8:bw=37,experts=[1,2,3]; c3:bw=18,experts=[0]; c1:bw=32,experts=[1,2,3]; c6:bw=10,experts=[3]; c9:bw=11,experts=[0]; c2:bw=20,experts=[0,3]; c7:bw=26,experts=[1,2]; c5:bw=11,experts=[1]; c4:bw=15,experts=[1]; c0:bw=10,experts=[0]
   85 | 0.01000 |   1.5229 |   56.89% |   61.59% |    0:49.92
      bandwidth/experts | c0:bw=21,experts=[1,2]; c2:bw=25,experts=[1,2]; c8:bw=39,experts=[0,1,2]; c6:bw=23,experts=[0,1]; c1:bw=31,experts=[0,1,2]; c4:bw=23,experts=[2,3]; c9:bw=32,experts=[1,2,3]; c3:bw=28,experts=[1,2]; c5:bw=10,experts=[2]; c7:bw=10,experts=[3]
   86 | 0.01000 |   1.5301 |   60.78% |   61.59% |    0:50.04
      bandwidth/experts | c5:bw=26,experts=[0,3]; c8:bw=15,experts=[3]; c2:bw=13,experts=[3]; c6:bw=31,experts=[0,2,3]; c0:bw=17,experts=[3]; c4:bw=10,experts=[0]; c7:bw=24,experts=[0,1]; c3:bw=15,experts=[3]; c1:bw=40,experts=[0,1,2,3]; c9:bw=24,experts=[0,1]
   87 | 0.01000 |   1.5032 |   59.74% |   61.59% |    0:49.87
      bandwidth/experts | c1:bw=16,experts=[3]; c2:bw=37,experts=[0,1,2]; c7:bw=12,experts=[2]; c5:bw=10,experts=[1]; c6:bw=33,experts=[1,2,3]; c3:bw=38,experts=[0,1,2]; c4:bw=19,experts=[1]; c9:bw=21,experts=[2,3]; c8:bw=26,experts=[0,1]; c0:bw=19,experts=[0]
   88 | 0.01000 |   1.4912 |   61.82% |   61.82% |    0:49.86
      bandwidth/experts | c8:bw=24,experts=[2,3]; c6:bw=15,experts=[0]; c3:bw=18,experts=[3]; c7:bw=23,experts=[0,3]; c0:bw=34,experts=[1,2,3]; c4:bw=21,experts=[2,3]; c9:bw=17,experts=[0]; c1:bw=16,experts=[0]; c5:bw=17,experts=[2]; c2:bw=25,experts=[0,3]
   89 | 0.01000 |   1.4919 |   60.42% |   61.82% |    0:49.87
      bandwidth/experts | c3:bw=17,experts=[0]; c8:bw=40,experts=[0,1,2,3]; c2:bw=25,experts=[1,2]; c9:bw=34,experts=[1,2,3]; c7:bw=12,experts=[1]; c5:bw=25,experts=[0,3]; c0:bw=10,experts=[0]; c6:bw=18,experts=[1]; c4:bw=17,experts=[0]; c1:bw=23,experts=[1,2]
   90 | 0.01000 |   1.4931 |   58.36% |   61.82% |    0:49.86
      bandwidth/experts | c7:bw=40,experts=[0,1,2,3]; c1:bw=17,experts=[3]; c3:bw=20,experts=[1,2]; c9:bw=35,experts=[0,1,2]; c0:bw=35,experts=[1,2,3]; c6:bw=14,experts=[2]; c2:bw=12,experts=[3]; c5:bw=15,experts=[1]; c8:bw=28,experts=[0,1]; c4:bw=20,experts=[1,2]
   91 | 0.01000 |   1.4921 |   60.49% |   61.82% |    0:49.84
      bandwidth/experts | c1:bw=28,experts=[0,1]; c9:bw=19,experts=[3]; c5:bw=29,experts=[2,3]; c7:bw=29,experts=[2,3]; c3:bw=22,experts=[0,3]; c4:bw=30,experts=[0,1,3]; c0:bw=12,experts=[0]; c6:bw=16,experts=[3]; c2:bw=10,experts=[0]; c8:bw=13,experts=[2]
   92 | 0.01000 |   1.4804 |   60.46% |   61.82% |    0:49.83
      bandwidth/experts | c3:bw=16,experts=[1]; c7:bw=19,experts=[0]; c1:bw=11,experts=[2]; c0:bw=16,experts=[1]; c8:bw=11,experts=[3]; c6:bw=25,experts=[0,1]; c9:bw=31,experts=[0,1,2]; c2:bw=14,experts=[1]; c5:bw=37,experts=[0,1,2]; c4:bw=15,experts=[2]
   93 | 0.01000 |   1.4866 |   59.44% |   61.82% |    0:49.72
      bandwidth/experts | c1:bw=26,experts=[0,3]; c3:bw=17,experts=[2]; c7:bw=12,experts=[1]; c9:bw=32,experts=[0,1,3]; c6:bw=12,experts=[2]; c8:bw=10,experts=[0]; c5:bw=10,experts=[3]; c4:bw=18,experts=[3]; c0:bw=10,experts=[2]; c2:bw=28,experts=[2,3]
   94 | 0.01000 |   1.4794 |   59.85% |   61.82% |    0:49.86
      bandwidth/experts | c7:bw=25,experts=[2,3]; c2:bw=36,experts=[0,1,2]; c5:bw=23,experts=[0,1]; c4:bw=17,experts=[0]; c6:bw=17,experts=[3]; c9:bw=28,experts=[2,3]; c1:bw=39,experts=[1,2,3]; c8:bw=10,experts=[1]; c0:bw=31,experts=[0,1,3]; c3:bw=19,experts=[3]
   95 | 0.01000 |   1.4561 |   62.16% |   62.16% |    0:49.99
      bandwidth/experts | c7:bw=33,experts=[0,1,2]; c9:bw=23,experts=[0,1]; c4:bw=10,experts=[1]; c6:bw=22,experts=[0,1]; c0:bw=19,experts=[2]; c3:bw=23,experts=[0,1]; c1:bw=17,experts=[0]; c8:bw=40,experts=[0,1,2,3]; c2:bw=13,experts=[3]; c5:bw=10,experts=[2]
   96 | 0.01000 |   1.4472 |   62.10% |   62.16% |    0:49.92
      bandwidth/experts | c2:bw=36,experts=[0,1,2]; c9:bw=25,experts=[2,3]; c3:bw=25,experts=[2,3]; c1:bw=20,experts=[1,2]; c5:bw=33,experts=[0,1,3]; c4:bw=27,experts=[2,3]; c6:bw=17,experts=[2]; c7:bw=28,experts=[0,3]; c0:bw=20,experts=[0,3]; c8:bw=36,experts=[0,2,3]
   97 | 0.01000 |   1.4394 |   62.15% |   62.16% |    0:49.89
      bandwidth/experts | c0:bw=23,experts=[1,2]; c9:bw=24,experts=[0,1]; c8:bw=24,experts=[1,2]; c4:bw=10,experts=[0]; c7:bw=17,experts=[1]; c1:bw=28,experts=[0,3]; c3:bw=19,experts=[0]; c5:bw=26,experts=[2,3]; c6:bw=28,experts=[0,3]; c2:bw=30,experts=[0,1,3]
   98 | 0.01000 |   1.4627 |   56.49% |   62.16% |    0:49.88
      bandwidth/experts | c4:bw=29,experts=[1,2]; c8:bw=30,experts=[0,1,3]; c9:bw=15,experts=[2]; c7:bw=13,experts=[2]; c6:bw=20,experts=[1,2]; c5:bw=27,experts=[0,1]; c0:bw=19,experts=[3]; c3:bw=14,experts=[1]; c1:bw=15,experts=[1]; c2:bw=13,experts=[2]
   99 | 0.01000 |   1.4710 |   59.61% |   62.16% |    0:49.85
      bandwidth/experts | c8:bw=19,experts=[2]; c5:bw=27,experts=[2,3]; c7:bw=25,experts=[0,3]; c1:bw=33,experts=[0,2,3]; c3:bw=21,experts=[2,3]; c9:bw=11,experts=[3]; c4:bw=14,experts=[3]; c0:bw=22,experts=[0,1]; c2:bw=17,experts=[3]; c6:bw=19,experts=[3]
  100 | 0.01000 |   1.4246 |   63.57% |   63.57% |    0:49.92
      bandwidth/experts | c2:bw=17,experts=[0]; c8:bw=25,experts=[0,3]; c9:bw=29,experts=[0,1]; c5:bw=10,experts=[0]; c6:bw=25,experts=[0,1]; c1:bw=10,experts=[1]; c4:bw=36,experts=[0,1,2]; c7:bw=10,experts=[1]; c3:bw=23,experts=[0,1]; c0:bw=36,experts=[0,2,3]

Done. Best Acc: 63.57% @ round 100
Total time: 1:22:48.13
[Export] 实验目录: /userhome/cs3/duanty/FedMoE/results/exp03-c100-resnet-e4-fedrolex/20260923-122942
[Export] 每轮明细: /userhome/cs3/duanty/FedMoE/results/exp03-c100-resnet-e4-fedrolex/20260923-122942/rounds.xlsx
[Export] 总体摘要: /userhome/cs3/duanty/FedMoE/results/exp03-c100-resnet-e4-fedrolex/20260923-122942/summary.xlsx
[Plot] result = /userhome/cs3/duanty/FedMoE/results/exp03-c100-resnet-e4-fedrolex/20260923-122942
[Plot] figures -> /userhome/cs3/duanty/FedMoE/results/exp03-c100-resnet-e4-fedrolex/20260923-122942/figure
  fig01_test_accuracy.pdf
  fig02_train_loss.pdf
  fig03_acc_and_loss.pdf
  fig04_bandwidth_and_k.pdf
  fig05_expert_round_heatmap.pdf
  fig06_client_expert_heatmap.pdf
  fig07_expert_frequency.pdf
  fig08_time_breakdown.pdf
  fig09_accuracy_vs_communication.pdf
  fig10_overview.pdf
[Export] 图片目录: /userhome/cs3/duanty/FedMoE/results/exp03-c100-resnet-e4-fedrolex/20260923-122942/figure
