========================================
Job    : exp01-c10-resnet-e8-random
Host   : gpu-4090-114
Date   : Mon Sep 21 05:27:50 HKT 2026
GPU    : 0
Python : /userhome/cs3/duanty/miniconda3/envs/moe/bin/python
Command: python -u main.py --method ours --dataset cifar10 --backbone resnet --select random --merge ours --device cuda --num_experts 8 --bw_max -1 --output_dir ./results/exp01-c10-resnet-e8-random
========================================

==================================================================
 Ours  
  Dataset=cifar10 | beta=0.1 | Backbone=resnet | width_mult=1 | Clients=10 | Experts=8
  Select=random | Merge=ours
  Rounds=100 | LR=0.01
  Bandwidth: expert_bw=10 | bw=[10, 80] | Rayleigh-Shannon, SNR=10 dB | k=floor(bw/10)
==================================================================


[Partition] Dirichlet beta=0.1, 10 clients
  Client 0:   6071 samples | 3/10 classes
  Client 1:  18481 samples | 7/10 classes
  Client 2:    174 samples | 3/10 classes
  Client 3:    462 samples | 3/10 classes
  Client 4:   2759 samples | 3/10 classes
  Client 5:   5740 samples | 7/10 classes
  Client 6:   1703 samples | 4/10 classes
  Client 7:   3407 samples | 7/10 classes
  Client 8:   6483 samples | 7/10 classes
  Client 9:   4720 samples | 10/10 classes

[Upload] expert_bw=10 | available bw=[10, 80] | Rayleigh-Shannon, SNR=10 dB | upload k=floor(bw/10), cap=8 | random K experts from bandwidth, then train selected

[Model] Total params: 13,315,216

[Export] 本次实验目录: /userhome/cs3/duanty/FedMoE/results/exp01-c10-resnet-e8-random/20260921-052756

Round |      LR |  AvgLoss |  TestAcc |     Best |  RoundTime
--------------------------------------------------------------------------------
    1 | 0.00208 |   1.5483 |   25.39% |   25.39% |    0:53.17
      bandwidth/experts | c8:bw=55,experts=[0,2,3,6,7]; c1:bw=29,experts=[2,6]; c5:bw=44,experts=[0,3,5,7]; c0:bw=10,experts=[7]; c7:bw=20,experts=[4,5]; c2:bw=29,experts=[2,3]; c9:bw=45,experts=[0,1,6,7]; c4:bw=40,experts=[0,5,6,7]; c3:bw=51,experts=[0,1,2,4,6]; c6:bw=41,experts=[0,4,6,7]
    2 | 0.00406 |   1.4227 |   12.39% |   25.39% |    0:50.48
      bandwidth/experts | c0:bw=36,experts=[5,6,7]; c1:bw=41,experts=[2,3,4,5]; c8:bw=48,experts=[0,2,3,4]; c5:bw=69,experts=[1,2,4,5,6,7]; c3:bw=67,experts=[0,1,2,3,5,6]; c4:bw=30,experts=[0,2,4]; c7:bw=55,experts=[0,1,2,3,7]; c9:bw=46,experts=[2,3,4,7]; c6:bw=17,experts=[3]; c2:bw=22,experts=[3,7]
    3 | 0.00604 |   1.2589 |   36.41% |   36.41% |    0:50.04
      bandwidth/experts | c9:bw=48,experts=[2,3,5,7]; c2:bw=42,experts=[0,2,4,6]; c0:bw=50,experts=[1,2,3,5,6]; c6:bw=40,experts=[0,1,2,3]; c8:bw=30,experts=[0,2,3]; c5:bw=13,experts=[6]; c3:bw=26,experts=[2,5]; c7:bw=33,experts=[1,2,5]; c1:bw=13,experts=[1]; c4:bw=52,experts=[2,4,5,6,7]
    4 | 0.00802 |   1.2163 |   37.03% |   37.03% |    0:49.58
      bandwidth/experts | c1:bw=40,experts=[1,2,4,7]; c7:bw=45,experts=[1,3,4,5]; c6:bw=53,experts=[0,3,5,6,7]; c2:bw=60,experts=[0,1,3,4,5,7]; c8:bw=31,experts=[1,3,6]; c0:bw=59,experts=[2,3,4,6,7]; c3:bw=34,experts=[0,4,5]; c4:bw=56,experts=[0,2,3,6,7]; c5:bw=73,experts=[0,1,2,3,4,5,6]; c9:bw=22,experts=[0,6]
    5 | 0.01000 |   1.1958 |   22.01% |   37.03% |    0:50.26
      bandwidth/experts | c1:bw=20,experts=[1,7]; c5:bw=40,experts=[1,4,5,6]; c4:bw=48,experts=[1,2,5,7]; c8:bw=37,experts=[1,2,6]; c0:bw=50,experts=[0,1,3,4,6]; c7:bw=24,experts=[1,6]; c6:bw=53,experts=[1,2,4,6,7]; c3:bw=63,experts=[0,1,4,5,6,7]; c2:bw=10,experts=[1]; c9:bw=62,experts=[0,1,3,5,6,7]
    6 | 0.01000 |   1.2116 |   30.75% |   37.03% |    0:49.70
      bandwidth/experts | c8:bw=67,experts=[0,1,4,5,6,7]; c2:bw=42,experts=[2,4,6,7]; c5:bw=27,experts=[3,4]; c7:bw=58,experts=[1,3,5,6,7]; c3:bw=36,experts=[4,5,7]; c1:bw=32,experts=[1,2,4]; c9:bw=48,experts=[0,3,4,5]; c0:bw=31,experts=[4,5,7]; c4:bw=17,experts=[5]; c6:bw=20,experts=[3,5]
    7 | 0.01000 |   1.1347 |   28.79% |   37.03% |    0:51.01
      bandwidth/experts | c0:bw=36,experts=[0,4,7]; c5:bw=49,experts=[0,2,4,7]; c2:bw=40,experts=[0,3,6,7]; c6:bw=13,experts=[6]; c3:bw=26,experts=[4,5]; c7:bw=31,experts=[1,2,5]; c4:bw=14,experts=[1]; c1:bw=10,experts=[0]; c8:bw=57,experts=[0,3,4,5,7]; c9:bw=10,experts=[6]
    8 | 0.01000 |   1.2378 |   40.67% |   40.67% |    0:51.44
      bandwidth/experts | c4:bw=10,experts=[7]; c8:bw=37,experts=[0,1,7]; c1:bw=58,experts=[0,2,3,6,7]; c3:bw=37,experts=[1,6,7]; c0:bw=32,experts=[4,5,6]; c5:bw=28,experts=[2,7]; c2:bw=54,experts=[2,4,5,6,7]; c9:bw=59,experts=[0,1,2,4,6]; c7:bw=15,experts=[2]; c6:bw=41,experts=[1,3,5,7]
    9 | 0.01000 |   1.2155 |   35.52% |   40.67% |    0:51.25
      bandwidth/experts | c2:bw=21,experts=[2,4]; c0:bw=52,experts=[0,3,4,5,6]; c4:bw=59,experts=[1,2,3,4,6]; c9:bw=26,experts=[4,5]; c8:bw=18,experts=[1]; c6:bw=31,experts=[2,5,7]; c7:bw=46,experts=[0,1,4,5]; c5:bw=52,experts=[2,3,4,5,6]; c1:bw=14,experts=[1]; c3:bw=23,experts=[6,7]
   10 | 0.01000 |   1.2029 |   51.90% |   51.90% |    0:51.36
      bandwidth/experts | c4:bw=37,experts=[1,3,5]; c2:bw=34,experts=[1,3,4]; c7:bw=37,experts=[1,5,6]; c0:bw=59,experts=[1,3,4,6,7]; c6:bw=65,experts=[1,2,4,5,6,7]; c3:bw=46,experts=[1,3,4,5]; c5:bw=58,experts=[0,3,5,6,7]; c8:bw=35,experts=[0,1,5]; c9:bw=35,experts=[2,4,7]; c1:bw=41,experts=[0,1,4,7]
   11 | 0.01000 |   1.2094 |   45.04% |   51.90% |    0:51.43
      bandwidth/experts | c5:bw=28,experts=[2,7]; c2:bw=27,experts=[1,4]; c7:bw=44,experts=[0,3,4,7]; c3:bw=50,experts=[0,3,4,5,7]; c0:bw=28,experts=[2,3]; c8:bw=39,experts=[2,3,5]; c9:bw=33,experts=[3,4,7]; c6:bw=55,experts=[0,1,2,3,4]; c1:bw=40,experts=[1,2,4,6]; c4:bw=16,experts=[5]
   12 | 0.01000 |   1.3969 |   35.73% |   51.90% |    0:51.41
      bandwidth/experts | c1:bw=42,experts=[0,3,5,7]; c5:bw=56,experts=[1,2,5,6,7]; c2:bw=57,experts=[0,1,2,4,5]; c4:bw=28,experts=[5,6]; c3:bw=35,experts=[4,5,7]; c7:bw=30,experts=[3,4,7]; c9:bw=42,experts=[0,1,4,5]; c6:bw=29,experts=[2,5]; c8:bw=55,experts=[0,1,4,6,7]; c0:bw=49,experts=[2,3,4,5]
   13 | 0.01000 |   1.0844 |   46.83% |   51.90% |    0:51.54
      bandwidth/experts | c3:bw=30,experts=[2,4,6]; c1:bw=47,experts=[1,2,6,7]; c4:bw=10,experts=[2]; c5:bw=29,experts=[0,4]; c8:bw=15,experts=[0]; c6:bw=36,experts=[2,4,5]; c9:bw=15,experts=[5]; c7:bw=58,experts=[0,2,3,4,6]; c0:bw=25,experts=[2,4]; c2:bw=16,experts=[3]
   14 | 0.01000 |   1.3350 |   41.28% |   51.90% |    0:51.10
      bandwidth/experts | c2:bw=45,experts=[1,3,5,6]; c4:bw=10,experts=[3]; c5:bw=64,experts=[0,3,4,5,6,7]; c1:bw=38,experts=[0,1,7]; c7:bw=25,experts=[5,7]; c0:bw=25,experts=[1,2]; c9:bw=32,experts=[0,1,7]; c3:bw=45,experts=[3,4,6,7]; c8:bw=21,experts=[1,6]; c6:bw=67,experts=[0,1,2,4,5,6]
   15 | 0.01000 |   1.2426 |   57.47% |   57.47% |    0:51.50
      bandwidth/experts | c7:bw=59,experts=[1,3,4,5,7]; c0:bw=20,experts=[0,1]; c1:bw=14,experts=[0]; c8:bw=52,experts=[1,2,3,4,5]; c3:bw=10,experts=[4]; c2:bw=53,experts=[2,3,4,5,7]; c4:bw=47,experts=[0,2,4,7]; c5:bw=18,experts=[5]; c9:bw=19,experts=[2]; c6:bw=33,experts=[0,3,5]
   16 | 0.01000 |   1.0678 |   63.80% |   63.80% |    0:52.05
      bandwidth/experts | c6:bw=40,experts=[1,4,5,7]; c1:bw=29,experts=[0,3]; c3:bw=43,experts=[0,1,5,6]; c8:bw=49,experts=[0,4,6,7]; c7:bw=22,experts=[6,7]; c5:bw=40,experts=[1,4,6,7]; c4:bw=35,experts=[1,3,5]; c9:bw=24,experts=[0,3]; c0:bw=57,experts=[1,2,5,6,7]; c2:bw=52,experts=[0,1,2,3,5]
   17 | 0.01000 |   1.0597 |   55.20% |   63.80% |    0:52.37
      bandwidth/experts | c4:bw=58,experts=[0,1,3,4,5]; c7:bw=25,experts=[4,6]; c8:bw=10,experts=[6]; c3:bw=52,experts=[1,2,3,5,6]; c5:bw=10,experts=[6]; c1:bw=29,experts=[4,7]; c0:bw=11,experts=[5]; c2:bw=19,experts=[1]; c9:bw=37,experts=[1,5,7]; c6:bw=39,experts=[3,4,7]
   18 | 0.01000 |   1.0884 |   56.17% |   63.80% |    0:52.12
      bandwidth/experts | c1:bw=10,experts=[6]; c8:bw=10,experts=[6]; c5:bw=35,experts=[3,5,7]; c2:bw=37,experts=[3,4,5]; c9:bw=19,experts=[1]; c7:bw=55,experts=[2,3,4,5,6]; c4:bw=56,experts=[0,1,3,5,7]; c3:bw=37,experts=[1,2,5]; c0:bw=49,experts=[1,2,4,5]; c6:bw=31,experts=[5,6,7]
   19 | 0.01000 |   1.1267 |   32.66% |   63.80% |    0:52.39
      bandwidth/experts | c8:bw=56,experts=[0,3,4,5,7]; c0:bw=42,experts=[2,3,4,7]; c4:bw=51,experts=[1,2,4,5,7]; c1:bw=46,experts=[0,1,5,7]; c9:bw=38,experts=[1,4,5]; c5:bw=29,experts=[3,7]; c7:bw=22,experts=[3,6]; c2:bw=14,experts=[1]; c6:bw=66,experts=[0,1,3,4,5,6]; c3:bw=40,experts=[0,4,5,7]
   20 | 0.01000 |   1.0104 |   48.38% |   63.80% |    0:51.94
      bandwidth/experts | c0:bw=28,experts=[1,7]; c2:bw=41,experts=[0,1,3,6]; c1:bw=40,experts=[0,2,5,6]; c9:bw=17,experts=[4]; c7:bw=43,experts=[0,2,5,7]; c6:bw=68,experts=[0,1,3,4,5,7]; c3:bw=18,experts=[2]; c5:bw=10,experts=[5]; c4:bw=59,experts=[0,2,3,4,7]; c8:bw=50,experts=[0,1,3,4,7]
   21 | 0.01000 |   1.5485 |   51.70% |   63.80% |    0:51.58
      bandwidth/experts | c1:bw=41,experts=[0,5,6,7]; c2:bw=39,experts=[2,4,6]; c7:bw=12,experts=[2]; c4:bw=48,experts=[1,2,4,7]; c8:bw=18,experts=[3]; c5:bw=32,experts=[1,2,4]; c0:bw=66,experts=[0,1,2,3,4,7]; c3:bw=10,experts=[5]; c6:bw=16,experts=[0]; c9:bw=25,experts=[4,5]
   22 | 0.01000 |   1.3506 |   20.53% |   63.80% |    0:51.41
      bandwidth/experts | c7:bw=16,experts=[1]; c9:bw=33,experts=[1,3,4]; c1:bw=10,experts=[1]; c6:bw=61,experts=[0,1,2,3,4,7]; c5:bw=17,experts=[0]; c2:bw=66,experts=[0,1,3,4,6,7]; c0:bw=67,experts=[0,2,3,4,6,7]; c4:bw=36,experts=[2,4,7]; c3:bw=56,experts=[1,3,4,5,7]; c8:bw=33,experts=[0,2,5]
   23 | 0.01000 |   1.4207 |   51.32% |   63.80% |    0:51.58
      bandwidth/experts | c5:bw=52,experts=[0,3,5,6,7]; c7:bw=15,experts=[1]; c4:bw=56,experts=[0,1,5,6,7]; c6:bw=10,experts=[1]; c9:bw=50,experts=[0,1,2,4,7]; c8:bw=35,experts=[1,4,7]; c3:bw=15,experts=[0]; c1:bw=62,experts=[0,2,4,5,6,7]; c2:bw=32,experts=[2,5,6]; c0:bw=11,experts=[3]
   24 | 0.01000 |   1.3616 |   17.27% |   63.80% |    0:51.55
      bandwidth/experts | c6:bw=30,experts=[0,4,6]; c4:bw=12,experts=[5]; c7:bw=10,experts=[5]; c9:bw=50,experts=[0,1,2,4,5]; c2:bw=43,experts=[0,5,6,7]; c1:bw=10,experts=[0]; c5:bw=25,experts=[1,5]; c8:bw=18,experts=[0]; c3:bw=10,experts=[5]; c0:bw=31,experts=[4,5,6]
   25 | 0.01000 |   1.4882 |   48.85% |   63.80% |    0:51.99
      bandwidth/experts | c9:bw=40,experts=[1,3,5,7]; c6:bw=16,experts=[4]; c4:bw=58,experts=[0,1,3,4,7]; c3:bw=14,experts=[0]; c5:bw=64,experts=[0,3,4,5,6,7]; c1:bw=49,experts=[0,3,4,5]; c8:bw=55,experts=[0,1,3,5,7]; c2:bw=12,experts=[6]; c0:bw=56,experts=[0,2,3,4,7]; c7:bw=40,experts=[0,4,5,7]
   26 | 0.01000 |   1.3903 |   48.85% |   63.80% |    0:51.67
      bandwidth/experts | c3:bw=44,experts=[0,1,6,7]; c6:bw=34,experts=[0,4,5]; c9:bw=50,experts=[1,2,4,6,7]; c7:bw=31,experts=[0,1,4]; c1:bw=33,experts=[1,5,6]; c5:bw=20,experts=[1,7]; c2:bw=30,experts=[3,6,7]; c8:bw=53,experts=[0,1,3,4,7]; c0:bw=11,experts=[7]; c4:bw=48,experts=[1,2,4,7]
   27 | 0.01000 |   1.1771 |   62.30% |   63.80% |    0:51.81
      bandwidth/experts | c7:bw=51,experts=[0,2,3,6,7]; c1:bw=62,experts=[1,3,4,5,6,7]; c4:bw=12,experts=[3]; c0:bw=36,experts=[0,2,5]; c9:bw=18,experts=[2]; c2:bw=20,experts=[1,4]; c8:bw=55,experts=[0,3,4,5,7]; c3:bw=21,experts=[6,7]; c6:bw=63,experts=[0,1,2,4,5,6]; c5:bw=37,experts=[0,3,4]
   28 | 0.01000 |   1.1863 |   53.57% |   63.80% |    0:51.41
      bandwidth/experts | c6:bw=29,experts=[2,4]; c9:bw=49,experts=[1,2,3,4]; c0:bw=47,experts=[0,2,4,7]; c8:bw=29,experts=[3,6]; c2:bw=10,experts=[7]; c5:bw=33,experts=[2,4,5]; c1:bw=25,experts=[4,6]; c3:bw=12,experts=[3]; c4:bw=10,experts=[2]; c7:bw=10,experts=[3]
   29 | 0.01000 |   1.2135 |   22.34% |   63.80% |    0:51.55
      bandwidth/experts | c4:bw=38,experts=[1,4,5]; c0:bw=44,experts=[1,2,3,4]; c1:bw=33,experts=[2,4,7]; c9:bw=44,experts=[1,2,3,5]; c6:bw=43,experts=[0,1,4,6]; c8:bw=34,experts=[1,3,4]; c7:bw=21,experts=[1,5]; c3:bw=32,experts=[3,5,7]; c2:bw=18,experts=[2]; c5:bw=33,experts=[0,4,5]
   30 | 0.01000 |   1.2264 |   56.57% |   63.80% |    0:51.29
      bandwidth/experts | c5:bw=62,experts=[0,1,2,5,6,7]; c1:bw=35,experts=[0,3,5]; c9:bw=54,experts=[0,3,4,5,7]; c4:bw=51,experts=[1,2,3,4,5]; c0:bw=17,experts=[4]; c8:bw=41,experts=[0,2,3,6]; c6:bw=11,experts=[7]; c7:bw=12,experts=[3]; c3:bw=59,experts=[0,2,3,5,7]; c2:bw=27,experts=[1,2]
   31 | 0.01000 |   1.1519 |   57.75% |   63.80% |    0:49.75
      bandwidth/experts | c6:bw=29,experts=[1,3]; c4:bw=19,experts=[1]; c9:bw=45,experts=[0,2,4,7]; c1:bw=30,experts=[0,1,6]; c5:bw=62,experts=[0,1,2,3,4,7]; c8:bw=33,experts=[4,5,6]; c3:bw=24,experts=[4,7]; c2:bw=15,experts=[1]; c0:bw=47,experts=[2,3,4,5]; c7:bw=63,experts=[0,1,2,4,5,6]
   32 | 0.01000 |   0.9680 |   60.45% |   63.80% |    0:48.88
      bandwidth/experts | c8:bw=21,experts=[1,3]; c5:bw=36,experts=[0,5,6]; c4:bw=49,experts=[0,2,4,7]; c7:bw=47,experts=[0,2,3,6]; c0:bw=46,experts=[0,2,5,6]; c1:bw=21,experts=[2,5]; c3:bw=28,experts=[2,3]; c6:bw=27,experts=[2,4]; c2:bw=54,experts=[0,2,5,6,7]; c9:bw=31,experts=[2,3,6]
   33 | 0.01000 |   0.9037 |   61.26% |   63.80% |    0:48.86
      bandwidth/experts | c7:bw=52,experts=[0,1,3,5,6]; c1:bw=34,experts=[2,6,7]; c3:bw=70,experts=[1,2,3,4,5,6,7]; c6:bw=37,experts=[0,1,2]; c5:bw=29,experts=[2,4]; c9:bw=42,experts=[0,2,3,6]; c2:bw=24,experts=[0,2]; c8:bw=50,experts=[0,1,4,5,6]; c4:bw=45,experts=[0,2,6,7]; c0:bw=62,experts=[0,1,3,4,5,6]
   34 | 0.01000 |   0.9402 |   65.26% |   65.26% |    0:48.91
      bandwidth/experts | c4:bw=46,experts=[0,2,5,6]; c1:bw=46,experts=[2,3,5,6]; c6:bw=48,experts=[0,1,3,5]; c9:bw=68,experts=[2,3,4,5,6,7]; c8:bw=42,experts=[0,5,6,7]; c0:bw=22,experts=[2,5]; c5:bw=60,experts=[0,1,2,3,4,7]; c7:bw=32,experts=[1,2,5]; c3:bw=72,experts=[1,2,3,4,5,6,7]; c2:bw=54,experts=[0,1,4,5,6]
   35 | 0.01000 |   0.9072 |   67.31% |   67.31% |    0:49.14
      bandwidth/experts | c4:bw=33,experts=[2,3,7]; c0:bw=20,experts=[2,5]; c1:bw=31,experts=[1,2,3]; c6:bw=44,experts=[3,5,6,7]; c2:bw=46,experts=[0,2,4,5]; c8:bw=50,experts=[0,2,4,5,6]; c9:bw=27,experts=[0,6]; c7:bw=48,experts=[0,4,6,7]; c5:bw=41,experts=[0,3,6,7]; c3:bw=24,experts=[2,5]
   36 | 0.01000 |   0.8222 |   66.69% |   67.31% |    0:48.80
      bandwidth/experts | c9:bw=37,experts=[1,3,5]; c0:bw=36,experts=[0,2,3]; c3:bw=60,experts=[1,2,3,4,6,7]; c7:bw=27,experts=[5,7]; c6:bw=43,experts=[0,5,6,7]; c5:bw=49,experts=[1,5,6,7]; c1:bw=10,experts=[0]; c4:bw=74,experts=[0,1,2,3,4,6,7]; c8:bw=51,experts=[0,2,3,5,7]; c2:bw=50,experts=[0,1,5,6,7]
   37 | 0.01000 |   0.8828 |   48.73% |   67.31% |    0:49.05
      bandwidth/experts | c1:bw=18,experts=[0]; c5:bw=39,experts=[0,1,5]; c2:bw=36,experts=[0,2,3]; c6:bw=65,experts=[0,1,3,4,5,7]; c4:bw=39,experts=[0,1,3]; c7:bw=42,experts=[0,3,6,7]; c9:bw=40,experts=[0,1,4,5]; c0:bw=54,experts=[0,2,3,5,7]; c3:bw=36,experts=[1,6,7]; c8:bw=10,experts=[0]
   38 | 0.01000 |   0.8674 |   60.44% |   67.31% |    0:48.96
      bandwidth/experts | c8:bw=46,experts=[1,2,5,6]; c6:bw=17,experts=[5]; c4:bw=52,experts=[1,2,3,6,7]; c1:bw=31,experts=[1,2,6]; c5:bw=10,experts=[6]; c2:bw=10,experts=[4]; c3:bw=38,experts=[2,5,7]; c7:bw=51,experts=[0,1,3,6,7]; c9:bw=26,experts=[0,6]; c0:bw=40,experts=[1,2,6,7]
   39 | 0.01000 |   0.9716 |   61.10% |   67.31% |    0:49.07
      bandwidth/experts | c3:bw=26,experts=[3,6]; c0:bw=10,experts=[3]; c1:bw=45,experts=[3,5,6,7]; c7:bw=40,experts=[1,2,4,5]; c6:bw=31,experts=[0,1,6]; c8:bw=45,experts=[0,1,2,4]; c2:bw=36,experts=[0,1,3]; c4:bw=36,experts=[2,3,6]; c9:bw=24,experts=[3,6]; c5:bw=75,experts=[0,2,3,4,5,6,7]
   40 | 0.01000 |   0.9303 |   69.20% |   69.20% |    0:49.33
      bandwidth/experts | c8:bw=26,experts=[0,7]; c1:bw=42,experts=[0,2,3,4]; c5:bw=32,experts=[5,6,7]; c6:bw=46,experts=[0,2,3,5]; c2:bw=65,experts=[1,2,4,5,6,7]; c7:bw=66,experts=[0,1,2,3,6,7]; c3:bw=10,experts=[7]; c4:bw=19,experts=[2]; c9:bw=40,experts=[3,5,6,7]; c0:bw=36,experts=[3,4,7]
   41 | 0.01000 |   0.9087 |   60.46% |   69.20% |    0:49.20
      bandwidth/experts | c2:bw=54,experts=[1,2,3,4,5]; c6:bw=10,experts=[3]; c8:bw=57,experts=[1,2,3,5,7]; c1:bw=10,experts=[7]; c4:bw=50,experts=[0,2,3,6,7]; c5:bw=61,experts=[0,2,3,5,6,7]; c7:bw=68,experts=[0,1,2,4,5,7]; c3:bw=40,experts=[0,1,2,3]; c9:bw=54,experts=[0,1,2,6,7]; c0:bw=10,experts=[2]
   42 | 0.01000 |   0.8827 |   69.44% |   69.44% |    0:49.08
      bandwidth/experts | c5:bw=50,experts=[1,2,3,5,7]; c1:bw=49,experts=[3,4,5,7]; c3:bw=48,experts=[0,1,3,4]; c9:bw=51,experts=[1,3,4,6,7]; c6:bw=34,experts=[3,4,7]; c0:bw=15,experts=[3]; c7:bw=20,experts=[2,4]; c4:bw=55,experts=[1,2,4,5,6]; c8:bw=42,experts=[2,3,5,7]; c2:bw=40,experts=[0,2,4,6]
   43 | 0.01000 |   0.8337 |   61.38% |   69.44% |    0:49.38
      bandwidth/experts | c5:bw=53,experts=[1,2,4,6,7]; c1:bw=58,experts=[0,1,3,5,7]; c2:bw=51,experts=[0,2,3,4,5]; c8:bw=45,experts=[0,2,4,5]; c9:bw=32,experts=[1,3,4]; c7:bw=21,experts=[2,7]; c4:bw=34,experts=[4,6,7]; c6:bw=12,experts=[6]; c3:bw=65,experts=[0,1,2,4,5,7]; c0:bw=21,experts=[3,4]
   44 | 0.01000 |   0.8588 |   41.88% |   69.44% |    0:48.88
      bandwidth/experts | c0:bw=66,experts=[0,2,3,5,6,7]; c3:bw=47,experts=[1,3,4,7]; c4:bw=29,experts=[1,5]; c2:bw=37,experts=[0,2,5]; c7:bw=75,experts=[0,1,2,3,4,6,7]; c5:bw=24,experts=[2,4]; c6:bw=20,experts=[4,6]; c9:bw=37,experts=[3,5,7]; c8:bw=34,experts=[2,4,7]; c1:bw=45,experts=[1,2,5,7]
   45 | 0.01000 |   0.8528 |   66.68% |   69.44% |    0:49.28
      bandwidth/experts | c8:bw=55,experts=[0,2,3,5,6]; c0:bw=36,experts=[3,4,6]; c3:bw=67,experts=[0,1,2,3,4,5]; c4:bw=64,experts=[0,1,3,4,5,7]; c7:bw=36,experts=[0,5,6]; c2:bw=49,experts=[1,4,6,7]; c9:bw=25,experts=[3,6]; c6:bw=10,experts=[0]; c5:bw=44,experts=[1,3,4,7]; c1:bw=56,experts=[0,1,2,3,7]
   46 | 0.01000 |   0.8455 |   71.12% |   71.12% |    0:48.92
      bandwidth/experts | c9:bw=37,experts=[2,5,6]; c3:bw=27,experts=[1,5]; c6:bw=39,experts=[2,5,6]; c1:bw=41,experts=[3,4,5,7]; c4:bw=64,experts=[0,1,3,4,5,6]; c5:bw=41,experts=[0,4,5,6]; c2:bw=57,experts=[0,1,2,5,7]; c8:bw=39,experts=[1,3,6]; c0:bw=55,experts=[1,2,5,6,7]; c7:bw=28,experts=[0,7]
   47 | 0.01000 |   0.8533 |   62.16% |   71.12% |    0:48.78
      bandwidth/experts | c5:bw=52,experts=[0,2,3,6,7]; c6:bw=22,experts=[0,1]; c7:bw=53,experts=[0,1,5,6,7]; c9:bw=17,experts=[7]; c8:bw=39,experts=[4,5,7]; c3:bw=70,experts=[0,1,2,4,5,6,7]; c4:bw=10,experts=[1]; c0:bw=46,experts=[2,4,5,7]; c1:bw=30,experts=[0,1,7]; c2:bw=54,experts=[0,1,2,6,7]
   48 | 0.01000 |   0.8387 |   69.81% |   71.12% |    0:49.45
      bandwidth/experts | c1:bw=50,experts=[1,3,4,5,7]; c8:bw=50,experts=[1,3,4,5,7]; c4:bw=67,experts=[0,1,2,5,6,7]; c2:bw=57,experts=[0,2,3,5,7]; c9:bw=52,experts=[1,4,5,6,7]; c6:bw=45,experts=[0,4,5,7]; c5:bw=55,experts=[2,3,4,6,7]; c7:bw=62,experts=[0,1,3,4,5,6]; c0:bw=16,experts=[5]; c3:bw=18,experts=[1]
   49 | 0.01000 |   0.8387 |   67.43% |   71.12% |    0:49.47
      bandwidth/experts | c4:bw=48,experts=[0,1,4,5]; c3:bw=32,experts=[0,3,5]; c8:bw=26,experts=[0,4]; c0:bw=20,experts=[1,6]; c2:bw=58,experts=[0,2,3,4,5]; c5:bw=56,experts=[2,4,5,6,7]; c6:bw=13,experts=[3]; c7:bw=44,experts=[0,5,6,7]; c9:bw=53,experts=[0,1,2,6,7]; c1:bw=54,experts=[1,2,5,6,7]
   50 | 0.01000 |   0.9008 |   53.40% |   71.12% |    0:48.91
      bandwidth/experts | c8:bw=32,experts=[3,4,5]; c4:bw=10,experts=[0]; c7:bw=34,experts=[3,4,5]; c6:bw=68,experts=[0,1,2,3,5,7]; c2:bw=63,experts=[0,1,2,3,6,7]; c1:bw=64,experts=[0,1,4,5,6,7]; c3:bw=39,experts=[0,3,4]; c0:bw=29,experts=[1,2]; c9:bw=27,experts=[4,5]; c5:bw=31,experts=[2,3,5]
   51 | 0.01000 |   0.8872 |   60.21% |   71.12% |    0:48.97
      bandwidth/experts | c5:bw=47,experts=[2,3,5,7]; c0:bw=53,experts=[0,2,3,5,7]; c1:bw=21,experts=[4,6]; c2:bw=20,experts=[5,7]; c8:bw=46,experts=[0,1,2,4]; c6:bw=52,experts=[0,1,3,4,7]; c9:bw=18,experts=[2]; c3:bw=55,experts=[1,3,5,6,7]; c4:bw=11,experts=[3]; c7:bw=27,experts=[0,3]
   52 | 0.01000 |   0.8558 |   64.90% |   71.12% |    0:48.75
      bandwidth/experts | c0:bw=46,experts=[0,1,3,5]; c8:bw=18,experts=[7]; c5:bw=24,experts=[0,7]; c7:bw=34,experts=[2,4,6]; c1:bw=40,experts=[0,1,4,7]; c4:bw=33,experts=[3,5,7]; c9:bw=31,experts=[2,4,6]; c6:bw=51,experts=[0,2,4,5,6]; c2:bw=29,experts=[2,4]; c3:bw=43,experts=[0,5,6,7]
   53 | 0.01000 |   0.8206 |   59.62% |   71.12% |    0:48.82
      bandwidth/experts | c8:bw=22,experts=[0,2]; c4:bw=28,experts=[3,6]; c5:bw=44,experts=[1,2,3,5]; c1:bw=59,experts=[1,2,3,4,7]; c3:bw=47,experts=[0,1,3,4]; c9:bw=61,experts=[1,2,4,5,6,7]; c6:bw=36,experts=[0,2,7]; c7:bw=44,experts=[1,2,4,5]; c0:bw=39,experts=[0,2,5]; c2:bw=51,experts=[0,1,2,3,4]
   54 | 0.01000 |   0.8931 |   68.22% |   71.12% |    0:49.09
      bandwidth/experts | c2:bw=10,experts=[0]; c1:bw=53,experts=[0,1,2,5,6]; c8:bw=55,experts=[0,2,4,6,7]; c7:bw=61,experts=[1,2,3,4,5,6]; c3:bw=30,experts=[1,4,5]; c0:bw=37,experts=[0,3,5]; c6:bw=54,experts=[1,2,3,5,7]; c5:bw=10,experts=[6]; c9:bw=50,experts=[2,3,4,5,7]; c4:bw=32,experts=[2,4,5]
   55 | 0.01000 |   0.8057 |   63.23% |   71.12% |    0:48.85
      bandwidth/experts | c7:bw=54,experts=[1,3,4,6,7]; c2:bw=41,experts=[1,4,5,7]; c4:bw=14,experts=[1]; c3:bw=52,experts=[0,2,3,5,7]; c8:bw=14,experts=[1]; c5:bw=53,experts=[0,1,2,3,5]; c1:bw=60,experts=[1,2,3,5,6,7]; c6:bw=42,experts=[1,3,4,7]; c0:bw=27,experts=[4,6]; c9:bw=62,experts=[0,2,3,4,5,7]
   56 | 0.01000 |   0.7992 |   66.53% |   71.12% |    0:49.05
      bandwidth/experts | c9:bw=52,experts=[1,3,4,5,6]; c1:bw=56,experts=[1,2,5,6,7]; c3:bw=10,experts=[4]; c2:bw=53,experts=[0,3,4,5,6]; c5:bw=31,experts=[3,5,6]; c4:bw=10,experts=[7]; c8:bw=13,experts=[1]; c7:bw=18,experts=[2]; c6:bw=23,experts=[3,6]; c0:bw=70,experts=[0,1,2,3,5,6,7]
   57 | 0.01000 |   0.7682 |   67.49% |   71.12% |    0:49.08
      bandwidth/experts | c3:bw=64,experts=[0,1,2,4,5,6]; c8:bw=43,experts=[1,3,5,7]; c6:bw=48,experts=[1,2,4,5]; c1:bw=49,experts=[1,2,4,5]; c7:bw=69,experts=[0,1,2,3,4,7]; c0:bw=70,experts=[0,1,2,3,5,6,7]; c5:bw=44,experts=[2,3,5,7]; c4:bw=41,experts=[0,1,3,4]; c2:bw=33,experts=[0,4,5]; c9:bw=19,experts=[6]
   58 | 0.01000 |   0.7759 |   71.74% |   71.74% |    0:49.43
      bandwidth/experts | c7:bw=24,experts=[1,7]; c2:bw=10,experts=[3]; c9:bw=57,experts=[0,1,3,4,6]; c6:bw=55,experts=[0,1,3,4,7]; c5:bw=35,experts=[2,3,6]; c1:bw=30,experts=[4,5,6]; c8:bw=40,experts=[0,2,4,7]; c4:bw=38,experts=[0,4,5]; c3:bw=61,experts=[0,2,3,4,5,6]; c0:bw=47,experts=[0,2,6,7]
   59 | 0.01000 |   0.7808 |   69.23% |   71.74% |    0:49.47
      bandwidth/experts | c2:bw=37,experts=[3,6,7]; c8:bw=56,experts=[0,1,2,4,6]; c9:bw=28,experts=[4,6]; c6:bw=19,experts=[1]; c1:bw=65,experts=[0,2,3,4,6,7]; c4:bw=26,experts=[2,6]; c7:bw=28,experts=[3,5]; c5:bw=32,experts=[0,4,7]; c0:bw=52,experts=[0,1,2,4,6]; c3:bw=35,experts=[0,3,6]
   60 | 0.01000 |   0.8034 |   67.92% |   71.74% |    0:49.23
      bandwidth/experts | c0:bw=53,experts=[0,1,2,5,7]; c7:bw=48,experts=[1,2,5,6]; c4:bw=30,experts=[3,5,7]; c2:bw=30,experts=[0,2,4]; c5:bw=33,experts=[0,5,7]; c8:bw=24,experts=[1,5]; c6:bw=59,experts=[0,4,5,6,7]; c9:bw=10,experts=[0]; c1:bw=54,experts=[2,4,5,6,7]; c3:bw=44,experts=[2,4,5,7]
   61 | 0.01000 |   0.7699 |   72.17% |   72.17% |    0:49.27
      bandwidth/experts | c5:bw=49,experts=[1,2,3,6]; c6:bw=37,experts=[3,5,6]; c2:bw=29,experts=[0,4]; c9:bw=38,experts=[0,4,7]; c1:bw=33,experts=[1,4,5]; c3:bw=43,experts=[0,1,2,7]; c8:bw=55,experts=[2,3,4,5,6]; c4:bw=38,experts=[3,4,6]; c7:bw=43,experts=[0,1,2,4]; c0:bw=60,experts=[0,1,2,3,6,7]
   62 | 0.01000 |   0.7628 |   69.76% |   72.17% |    0:48.92
      bandwidth/experts | c8:bw=13,experts=[1]; c6:bw=62,experts=[0,2,3,4,6,7]; c9:bw=16,experts=[4]; c4:bw=60,experts=[0,2,4,5,6,7]; c5:bw=67,experts=[0,3,4,5,6,7]; c0:bw=28,experts=[4,6]; c3:bw=53,experts=[0,1,5,6,7]; c2:bw=42,experts=[1,4,5,7]; c1:bw=75,experts=[0,1,2,3,5,6,7]; c7:bw=44,experts=[4,5,6,7]
   63 | 0.01000 |   0.7683 |   65.86% |   72.17% |    0:49.08
      bandwidth/experts | c5:bw=10,experts=[0]; c9:bw=21,experts=[2,4]; c6:bw=34,experts=[1,3,5]; c3:bw=52,experts=[0,1,3,6,7]; c8:bw=32,experts=[0,2,3]; c1:bw=50,experts=[0,2,3,4,6]; c7:bw=68,experts=[0,2,3,4,6,7]; c0:bw=41,experts=[1,2,3,6]; c2:bw=28,experts=[1,2]; c4:bw=52,experts=[0,1,2,4,6]
   64 | 0.01000 |   0.7645 |   74.14% |   74.14% |    0:48.80
      bandwidth/experts | c6:bw=50,experts=[0,2,4,6,7]; c4:bw=38,experts=[3,4,7]; c5:bw=24,experts=[1,2]; c3:bw=38,experts=[1,3,6]; c7:bw=34,experts=[2,3,6]; c0:bw=32,experts=[1,5,6]; c8:bw=53,experts=[2,3,4,5,6]; c9:bw=59,experts=[0,1,4,5,6]; c2:bw=56,experts=[1,2,4,6,7]; c1:bw=28,experts=[3,7]
   65 | 0.01000 |   0.7276 |   67.56% |   74.14% |    0:48.90
      bandwidth/experts | c7:bw=10,experts=[6]; c5:bw=29,experts=[4,6]; c4:bw=57,experts=[0,1,2,3,7]; c6:bw=50,experts=[0,1,4,5,6]; c8:bw=66,experts=[0,2,3,4,5,6]; c3:bw=42,experts=[3,4,5,7]; c0:bw=41,experts=[0,2,3,6]; c2:bw=28,experts=[4,7]; c1:bw=58,experts=[0,1,4,6,7]; c9:bw=47,experts=[0,1,4,5]
   66 | 0.01000 |   0.7526 |   70.07% |   74.14% |    0:48.88
      bandwidth/experts | c2:bw=41,experts=[0,2,3,5]; c5:bw=17,experts=[0]; c1:bw=54,experts=[0,1,2,3,5]; c8:bw=24,experts=[1,3]; c9:bw=31,experts=[1,3,5]; c6:bw=30,experts=[1,2,6]; c4:bw=41,experts=[0,1,2,5]; c0:bw=38,experts=[0,4,7]; c3:bw=66,experts=[0,1,2,3,4,6]; c7:bw=50,experts=[1,2,4,5,6]
   67 | 0.01000 |   0.7144 |   66.17% |   74.14% |    0:49.25
      bandwidth/experts | c4:bw=51,experts=[1,3,5,6,7]; c5:bw=48,experts=[2,3,5,6]; c1:bw=36,experts=[3,4,7]; c3:bw=25,experts=[0,6]; c6:bw=53,experts=[1,2,3,6,7]; c0:bw=32,experts=[0,1,5]; c2:bw=43,experts=[0,3,6,7]; c9:bw=60,experts=[0,1,2,3,4,7]; c7:bw=59,experts=[1,2,4,5,7]; c8:bw=10,experts=[5]
   68 | 0.01000 |   0.7893 |   73.89% |   74.14% |    0:49.01
      bandwidth/experts | c1:bw=42,experts=[3,5,6,7]; c8:bw=31,experts=[3,5,6]; c2:bw=58,experts=[0,1,3,4,5]; c0:bw=30,experts=[0,4,6]; c3:bw=26,experts=[4,7]; c4:bw=49,experts=[3,5,6,7]; c5:bw=45,experts=[1,2,5,6]; c9:bw=15,experts=[5]; c7:bw=28,experts=[0,2]; c6:bw=32,experts=[0,2,6]
   69 | 0.01000 |   0.7460 |   69.46% |   74.14% |    0:49.24
      bandwidth/experts | c3:bw=41,experts=[0,2,4,7]; c7:bw=58,experts=[0,3,4,6,7]; c1:bw=31,experts=[4,6,7]; c4:bw=41,experts=[1,3,4,7]; c9:bw=35,experts=[1,2,3]; c5:bw=39,experts=[0,4,5]; c0:bw=52,experts=[0,1,3,5,6]; c2:bw=66,experts=[0,1,2,3,6,7]; c8:bw=42,experts=[0,2,3,6]; c6:bw=26,experts=[3,7]
   70 | 0.01000 |   0.7557 |   48.96% |   74.14% |    0:49.02
      bandwidth/experts | c1:bw=24,experts=[4,5]; c9:bw=10,experts=[0]; c7:bw=28,experts=[1,7]; c3:bw=32,experts=[1,4,7]; c0:bw=30,experts=[1,4,7]; c6:bw=26,experts=[2,5]; c2:bw=55,experts=[0,1,5,6,7]; c4:bw=58,experts=[0,1,2,4,6]; c5:bw=23,experts=[0,3]; c8:bw=48,experts=[2,4,5,7]
   71 | 0.01000 |   0.7707 |   67.82% |   74.14% |    0:49.52
      bandwidth/experts | c4:bw=42,experts=[3,4,5,7]; c0:bw=16,experts=[6]; c1:bw=52,experts=[0,1,3,5,6]; c9:bw=40,experts=[1,5,6,7]; c7:bw=20,experts=[1,7]; c5:bw=33,experts=[0,3,5]; c3:bw=62,experts=[0,1,2,3,5,7]; c6:bw=50,experts=[0,2,3,4,7]; c8:bw=39,experts=[2,4,5]; c2:bw=61,experts=[0,1,3,4,6,7]
   72 | 0.01000 |   0.7557 |   72.67% |   74.14% |    0:49.04
      bandwidth/experts | c8:bw=30,experts=[2,3,5]; c1:bw=39,experts=[0,2,6]; c5:bw=43,experts=[0,2,5,7]; c7:bw=48,experts=[3,4,5,6]; c6:bw=19,experts=[2]; c0:bw=52,experts=[2,3,4,5,6]; c3:bw=23,experts=[3,6]; c2:bw=23,experts=[0,7]; c9:bw=38,experts=[3,5,6]; c4:bw=39,experts=[4,5,6]
   73 | 0.01000 |   0.7714 |   68.62% |   74.14% |    0:50.48
      bandwidth/experts | c2:bw=47,experts=[0,4,6,7]; c8:bw=11,experts=[2]; c3:bw=40,experts=[1,2,3,4]; c1:bw=66,experts=[0,2,3,4,5,7]; c5:bw=17,experts=[0]; c9:bw=52,experts=[1,2,3,5,6]; c0:bw=28,experts=[1,7]; c7:bw=37,experts=[3,5,6]; c6:bw=20,experts=[5,7]; c4:bw=41,experts=[0,1,5,6]
   74 | 0.01000 |   0.7729 |   71.09% |   74.14% |    0:48.91
      bandwidth/experts | c3:bw=10,experts=[6]; c0:bw=40,experts=[1,2,3,4]; c1:bw=28,experts=[3,4]; c5:bw=50,experts=[0,1,3,5,6]; c7:bw=65,experts=[1,2,3,5,6,7]; c8:bw=28,experts=[4,7]; c6:bw=10,experts=[2]; c2:bw=10,experts=[5]; c4:bw=47,experts=[0,2,3,7]; c9:bw=32,experts=[0,6,7]
   75 | 0.01000 |   0.7094 |   68.82% |   74.14% |    0:49.08
      bandwidth/experts | c2:bw=40,experts=[1,2,5,6]; c9:bw=61,experts=[0,2,4,5,6,7]; c1:bw=54,experts=[0,3,4,5,6]; c3:bw=20,experts=[5,6]; c7:bw=28,experts=[0,6]; c6:bw=56,experts=[0,3,4,5,7]; c5:bw=31,experts=[1,2,3]; c4:bw=56,experts=[1,2,3,4,6]; c0:bw=60,experts=[2,3,4,5,6,7]; c8:bw=53,experts=[1,4,5,6,7]
   76 | 0.01000 |   0.7401 |   75.29% |   75.29% |    0:48.82
      bandwidth/experts | c8:bw=29,experts=[1,7]; c5:bw=37,experts=[4,6,7]; c0:bw=31,experts=[1,5,6]; c3:bw=15,experts=[6]; c2:bw=25,experts=[0,7]; c6:bw=23,experts=[5,6]; c7:bw=66,experts=[0,1,2,3,5,6]; c4:bw=60,experts=[1,2,4,5,6,7]; c9:bw=57,experts=[1,2,3,5,7]; c1:bw=53,experts=[0,2,3,4,5]
   77 | 0.01000 |   0.7105 |   71.22% |   75.29% |    0:49.01
      bandwidth/experts | c9:bw=29,experts=[2,3]; c2:bw=34,experts=[3,5,6]; c1:bw=62,experts=[0,1,2,4,5,7]; c8:bw=10,experts=[2]; c4:bw=10,experts=[3]; c7:bw=10,experts=[1]; c6:bw=57,experts=[0,1,2,5,6]; c0:bw=63,experts=[0,1,2,3,6,7]; c3:bw=40,experts=[4,5,6,7]; c5:bw=59,experts=[0,1,2,4,5]
   78 | 0.01000 |   0.7463 |   72.09% |   75.29% |    0:48.89
      bandwidth/experts | c0:bw=26,experts=[0,3]; c4:bw=23,experts=[2,3]; c3:bw=38,experts=[0,5,7]; c7:bw=36,experts=[1,4,7]; c8:bw=54,experts=[0,1,2,6,7]; c1:bw=41,experts=[1,4,5,7]; c9:bw=31,experts=[2,3,7]; c6:bw=57,experts=[0,2,3,4,7]; c5:bw=63,experts=[0,1,2,4,6,7]; c2:bw=34,experts=[4,6,7]
   79 | 0.01000 |   0.7653 |   71.89% |   75.29% |    0:48.83
      bandwidth/experts | c6:bw=21,experts=[1,5]; c9:bw=10,experts=[4]; c0:bw=36,experts=[1,6,7]; c4:bw=80,experts=[0,1,2,3,4,5,6,7]; c7:bw=46,experts=[0,2,4,6]; c8:bw=44,experts=[0,4,6,7]; c5:bw=53,experts=[0,3,4,5,7]; c3:bw=26,experts=[0,4]; c1:bw=37,experts=[0,1,7]; c2:bw=33,experts=[2,3,5]
   80 | 0.01000 |   0.7301 |   69.02% |   75.29% |    0:49.04
      bandwidth/experts | c5:bw=65,experts=[0,1,3,4,6,7]; c9:bw=53,experts=[0,1,3,4,6]; c7:bw=48,experts=[0,3,4,6]; c1:bw=31,experts=[4,5,7]; c3:bw=31,experts=[4,5,6]; c4:bw=57,experts=[0,2,4,6,7]; c2:bw=44,experts=[3,4,6,7]; c0:bw=47,experts=[0,2,6,7]; c6:bw=39,experts=[1,2,4]; c8:bw=51,experts=[0,1,2,3,5]
   81 | 0.01000 |   0.7369 |   69.83% |   75.29% |    0:48.97
      bandwidth/experts | c6:bw=51,experts=[0,1,3,4,6]; c2:bw=45,experts=[2,3,4,5]; c3:bw=67,experts=[0,1,3,5,6,7]; c1:bw=49,experts=[0,2,6,7]; c4:bw=42,experts=[0,3,5,6]; c5:bw=30,experts=[3,4,7]; c9:bw=26,experts=[0,5]; c7:bw=58,experts=[1,2,4,5,7]; c8:bw=48,experts=[1,2,4,7]; c0:bw=50,experts=[0,1,2,4,5]
   82 | 0.01000 |   0.7335 |   70.11% |   75.29% |    0:49.05
      bandwidth/experts | c1:bw=64,experts=[0,2,3,5,6,7]; c0:bw=30,experts=[2,5,6]; c6:bw=36,experts=[0,4,7]; c8:bw=58,experts=[1,2,3,4,5]; c7:bw=40,experts=[1,2,5,7]; c3:bw=39,experts=[0,6,7]; c2:bw=30,experts=[3,5,7]; c9:bw=56,experts=[2,3,4,6,7]; c5:bw=40,experts=[1,3,4,6]; c4:bw=30,experts=[0,3,4]
   83 | 0.01000 |   0.7404 |   73.61% |   75.29% |    0:48.92
      bandwidth/experts | c9:bw=51,experts=[0,2,4,5,6]; c4:bw=10,experts=[2]; c2:bw=41,experts=[2,3,4,7]; c7:bw=37,experts=[0,1,4]; c5:bw=10,experts=[2]; c0:bw=10,experts=[6]; c6:bw=53,experts=[2,3,5,6,7]; c1:bw=63,experts=[0,1,3,5,6,7]; c8:bw=39,experts=[0,4,6]; c3:bw=42,experts=[0,1,3,7]
   84 | 0.01000 |   0.7135 |   67.45% |   75.29% |    0:48.94
      bandwidth/experts | c8:bw=67,experts=[1,2,3,4,5,7]; c3:bw=32,experts=[4,5,6]; c1:bw=58,experts=[1,2,5,6,7]; c6:bw=10,experts=[4]; c9:bw=20,experts=[1,7]; c2:bw=36,experts=[0,1,6]; c7:bw=47,experts=[0,1,2,4]; c5:bw=20,experts=[0,6]; c4:bw=27,experts=[1,3]; c0:bw=10,experts=[0]
   85 | 0.01000 |   0.7118 |   75.76% |   75.76% |    0:48.94
      bandwidth/experts | c0:bw=38,experts=[1,3,4]; c2:bw=45,experts=[1,2,6,7]; c8:bw=70,experts=[0,1,2,4,5,6,7]; c6:bw=42,experts=[0,2,5,6]; c1:bw=57,experts=[0,1,2,4,5]; c4:bw=42,experts=[0,2,4,7]; c9:bw=58,experts=[2,3,4,6,7]; c3:bw=51,experts=[0,1,2,3,4]; c5:bw=12,experts=[1]; c7:bw=11,experts=[4]
   86 | 0.01000 |   0.6881 |   66.31% |   75.76% |    0:48.76
      bandwidth/experts | c5:bw=47,experts=[1,2,4,7]; c8:bw=28,experts=[1,7]; c2:bw=24,experts=[4,5]; c6:bw=55,experts=[1,2,4,5,6]; c0:bw=30,experts=[1,2,7]; c4:bw=18,experts=[4]; c7:bw=44,experts=[0,2,3,5]; c3:bw=28,experts=[0,3]; c1:bw=72,experts=[0,1,2,3,4,5,7]; c9:bw=43,experts=[0,2,5,7]
   87 | 0.01000 |   0.7564 |   68.47% |   75.76% |    0:48.86
      bandwidth/experts | c1:bw=29,experts=[2,3]; c2:bw=67,experts=[0,3,4,5,6,7]; c7:bw=22,experts=[1,6]; c5:bw=10,experts=[7]; c6:bw=60,experts=[0,1,2,5,6,7]; c3:bw=68,experts=[0,1,3,4,6,7]; c4:bw=34,experts=[3,5,6]; c9:bw=37,experts=[0,2,7]; c8:bw=46,experts=[0,4,6,7]; c0:bw=35,experts=[1,2,3]
   88 | 0.01000 |   0.6915 |   72.42% |   75.76% |    0:48.84
      bandwidth/experts | c8:bw=43,experts=[0,1,6,7]; c6:bw=27,experts=[1,7]; c3:bw=33,experts=[2,5,6]; c7:bw=41,experts=[0,1,6,7]; c0:bw=62,experts=[0,2,3,4,6,7]; c4:bw=38,experts=[2,4,5]; c9:bw=31,experts=[0,2,5]; c1:bw=28,experts=[1,4]; c5:bw=30,experts=[1,2,5]; c2:bw=46,experts=[0,1,4,5]
   89 | 0.01000 |   0.7222 |   72.23% |   75.76% |    0:48.91
      bandwidth/experts | c3:bw=31,experts=[3,5,6]; c8:bw=74,experts=[0,1,2,3,4,5,7]; c2:bw=44,experts=[4,5,6,7]; c9:bw=60,experts=[0,1,3,4,5,6]; c7:bw=21,experts=[4,6]; c5:bw=46,experts=[0,3,5,6]; c0:bw=13,experts=[0]; c6:bw=32,experts=[0,2,6]; c4:bw=30,experts=[0,2,7]; c1:bw=41,experts=[1,3,5,7]
   90 | 0.01000 |   0.7022 |   79.20% |   79.20% |    0:48.96
      bandwidth/experts | c7:bw=72,experts=[0,1,2,3,4,5,6]; c1:bw=31,experts=[2,4,7]; c3:bw=36,experts=[0,1,2]; c9:bw=63,experts=[0,2,3,5,6,7]; c0:bw=64,experts=[0,2,3,4,5,6]; c6:bw=26,experts=[4,5]; c2:bw=21,experts=[1,3]; c5:bw=27,experts=[1,7]; c8:bw=50,experts=[0,3,4,6,7]; c4:bw=35,experts=[2,4,6]
   91 | 0.01000 |   0.7023 |   71.91% |   79.20% |    0:49.06
      bandwidth/experts | c1:bw=50,experts=[2,3,4,6,7]; c9:bw=35,experts=[1,5,7]; c5:bw=52,experts=[1,2,3,4,5]; c7:bw=51,experts=[0,1,4,5,6]; c3:bw=40,experts=[2,3,6,7]; c4:bw=54,experts=[1,2,5,6,7]; c0:bw=22,experts=[0,7]; c6:bw=29,experts=[3,6]; c2:bw=11,experts=[0]; c8:bw=23,experts=[5,6]
   92 | 0.01000 |   0.7133 |   72.82% |   79.20% |    0:49.40
      bandwidth/experts | c3:bw=28,experts=[1,2]; c7:bw=34,experts=[2,4,6]; c1:bw=20,experts=[5,6]; c0:bw=29,experts=[4,7]; c8:bw=19,experts=[4]; c6:bw=45,experts=[2,3,6,7]; c9:bw=56,experts=[2,3,4,6,7]; c2:bw=25,experts=[0,5]; c5:bw=66,experts=[0,1,2,3,4,7]; c4:bw=26,experts=[0,1]
   93 | 0.01000 |   0.6982 |   71.77% |   79.20% |    0:48.96
      bandwidth/experts | c1:bw=47,experts=[1,2,5,6]; c3:bw=31,experts=[0,2,5]; c7:bw=22,experts=[2,5]; c9:bw=58,experts=[1,2,3,4,6]; c6:bw=22,experts=[2,5]; c8:bw=10,experts=[6]; c5:bw=10,experts=[6]; c4:bw=32,experts=[1,2,4]; c0:bw=19,experts=[7]; c2:bw=51,experts=[3,4,5,6,7]
   94 | 0.01000 |   0.6881 |   77.44% |   79.20% |    0:48.81
      bandwidth/experts | c7:bw=45,experts=[1,2,3,5]; c2:bw=65,experts=[0,2,3,4,5,6]; c5:bw=41,experts=[0,1,3,5]; c4:bw=31,experts=[0,2,7]; c6:bw=30,experts=[0,1,4]; c9:bw=50,experts=[0,1,2,3,4]; c1:bw=70,experts=[0,1,2,3,4,5,7]; c8:bw=10,experts=[1]; c0:bw=55,experts=[0,1,5,6,7]; c3:bw=34,experts=[2,4,6]
   95 | 0.01000 |   0.7064 |   71.07% |   79.20% |    0:48.91
      bandwidth/experts | c7:bw=59,experts=[1,2,3,4,5]; c9:bw=42,experts=[1,3,4,7]; c4:bw=15,experts=[4]; c6:bw=40,experts=[0,1,3,7]; c0:bw=35,experts=[1,3,5]; c3:bw=41,experts=[0,1,2,3]; c1:bw=31,experts=[2,4,6]; c8:bw=76,experts=[0,1,2,3,4,5,6]; c2:bw=23,experts=[3,6]; c5:bw=10,experts=[5]
   96 | 0.01000 |   0.7026 |   77.50% |   79.20% |    0:48.92
      bandwidth/experts | c2:bw=65,experts=[1,2,4,5,6,7]; c9:bw=44,experts=[1,3,4,6]; c3:bw=46,experts=[1,2,3,5]; c1:bw=36,experts=[0,2,5]; c5:bw=60,experts=[2,3,4,5,6,7]; c4:bw=49,experts=[1,4,6,7]; c6:bw=31,experts=[1,5,7]; c7:bw=50,experts=[2,3,4,5,7]; c0:bw=36,experts=[2,4,7]; c8:bw=64,experts=[1,2,3,4,6,7]
   97 | 0.01000 |   0.6868 |   69.85% |   79.20% |    0:48.96
      bandwidth/experts | c0:bw=41,experts=[0,3,4,5]; c9:bw=43,experts=[0,2,4,5]; c8:bw=43,experts=[1,4,5,7]; c4:bw=16,experts=[2]; c7:bw=30,experts=[0,4,5]; c1:bw=50,experts=[2,3,4,5,6]; c3:bw=35,experts=[1,2,5]; c5:bw=46,experts=[0,2,4,6]; c6:bw=50,experts=[1,2,5,6,7]; c2:bw=54,experts=[1,2,4,6,7]
   98 | 0.01000 |   0.7112 |   75.03% |   79.20% |    0:48.82
      bandwidth/experts | c4:bw=52,experts=[0,1,3,4,7]; c8:bw=54,experts=[0,4,5,6,7]; c9:bw=27,experts=[0,2]; c7:bw=24,experts=[1,6]; c6:bw=36,experts=[1,2,3]; c5:bw=49,experts=[0,3,5,7]; c0:bw=33,experts=[0,1,5]; c3:bw=25,experts=[4,6]; c1:bw=26,experts=[0,4]; c2:bw=24,experts=[1,3]
   99 | 0.01000 |   0.6700 |   68.54% |   79.20% |    0:48.94
      bandwidth/experts | c8:bw=34,experts=[2,6,7]; c5:bw=49,experts=[1,2,5,6]; c7:bw=45,experts=[0,3,4,5]; c1:bw=59,experts=[0,3,4,6,7]; c3:bw=38,experts=[0,4,5]; c9:bw=20,experts=[1,2]; c4:bw=24,experts=[0,1]; c0:bw=40,experts=[1,2,3,5]; c2:bw=31,experts=[0,4,6]; c6:bw=35,experts=[1,4,5]
  100 | 0.01000 |   0.7067 |   73.44% |   79.20% |    0:48.99
      bandwidth/experts | c2:bw=30,experts=[0,2,4]; c8:bw=44,experts=[0,1,2,4]; c9:bw=53,experts=[0,1,3,5,6]; c5:bw=18,experts=[7]; c6:bw=44,experts=[1,3,4,5]; c1:bw=17,experts=[6]; c4:bw=65,experts=[0,1,4,5,6,7]; c7:bw=10,experts=[7]; c3:bw=42,experts=[3,4,6,7]; c0:bw=64,experts=[0,2,3,4,6,7]

Done. Best Acc: 79.20% @ round 90
Total time: 1:22:58.73
[Export] 实验目录: /userhome/cs3/duanty/FedMoE/results/exp01-c10-resnet-e8-random/20260921-052756
[Export] 每轮明细: /userhome/cs3/duanty/FedMoE/results/exp01-c10-resnet-e8-random/20260921-052756/rounds.xlsx
[Export] 总体摘要: /userhome/cs3/duanty/FedMoE/results/exp01-c10-resnet-e8-random/20260921-052756/summary.xlsx
[Plot] result = /userhome/cs3/duanty/FedMoE/results/exp01-c10-resnet-e8-random/20260921-052756
[Plot] figures -> /userhome/cs3/duanty/FedMoE/results/exp01-c10-resnet-e8-random/20260921-052756/figure
  fig01_test_accuracy.pdf
  fig02_train_loss.pdf
  fig03_acc_and_loss.pdf
  fig04_bandwidth_and_k.pdf
  fig05_expert_round_heatmap.pdf
  fig06_client_expert_heatmap.pdf
  fig07_expert_frequency.pdf
  fig08_time_breakdown.pdf
  fig09_accuracy_vs_communication.pdf
  fig10_overview.pdf
[Export] 图片目录: /userhome/cs3/duanty/FedMoE/results/exp01-c10-resnet-e8-random/20260921-052756/figure
