========================================
Job    : exp01-stl10-resnet-e8-fedadam-lr1e3
Host   : gpu-4090-111
Date   : Tue Sep 22 01:22:59 HKT 2026
GPU    : 0
Python : /userhome/cs3/duanty/miniconda3/envs/moe/bin/python
Command: python -u main.py --method ours --dataset stl10 --backbone resnet --select ours --merge fedadam --device cuda --num_experts 8 --bw_max -1 --output_dir ./results/exp01-stl10-resnet-e8-fedadam-lr1e3 --fedadam_lr 0.001
========================================

==================================================================
 Ours  
  Dataset=stl10 | beta=0.1 | Backbone=resnet | width_mult=1 | Clients=10 | Experts=8
  Select=ours | Merge=fedadam
  Expert refresh N_ref=8
  Rounds=100 | LR=0.01
  Bandwidth: expert_bw=10 | bw=[10, 80] | Rayleigh-Shannon, SNR=10 dB | k=floor(bw/10)
==================================================================


[Partition] Dirichlet beta=0.1, 10 clients
  Client 0:    416 samples | 5/10 classes
  Client 1:    666 samples | 5/10 classes
  Client 2:    674 samples | 7/10 classes
  Client 3:    833 samples | 4/10 classes
  Client 4:    557 samples | 4/10 classes
  Client 5:    414 samples | 2/10 classes
  Client 6:    295 samples | 3/10 classes
  Client 7:    999 samples | 5/10 classes
  Client 8:     23 samples | 3/10 classes
  Client 9:    123 samples | 10/10 classes

[Upload] expert_bw=10 | available bw=[10, 80] | Rayleigh-Shannon, SNR=10 dB | upload k=floor(bw/10), cap=8 | probe gate scores, refresh stale experts, then train selected

[Model] Total params: 13,315,216

[Export] 本次实验目录: /userhome/cs3/duanty/FedMoE/results/exp01-stl10-resnet-e8-fedadam-lr1e3/20260922-012313

Round |      LR |  AvgLoss |  TestAcc |     Best |  RoundTime
--------------------------------------------------------------------------------
    1 | 0.00208 |   2.0412 |   10.84% |   10.84% |    0:11.15
      bandwidth/experts | c8:bw=55,experts=[1,2,4,5,6]; c1:bw=29,experts=[2,6]; c5:bw=44,experts=[1,2,4,6]; c0:bw=10,experts=[2]; c7:bw=20,experts=[2,6]; c2:bw=29,experts=[2,6]; c9:bw=45,experts=[1,2,4,6]; c4:bw=40,experts=[1,2,4,6]; c3:bw=51,experts=[1,2,4,5,6]; c6:bw=41,experts=[1,2,4,6]
    2 | 0.00406 |   1.8023 |    9.96% |   10.84% |    0:10.30
      bandwidth/experts | c0:bw=36,experts=[0,4,6]; c1:bw=41,experts=[0,1,4,6]; c8:bw=48,experts=[0,1,4,6]; c5:bw=69,experts=[0,1,3,4,5,6]; c3:bw=67,experts=[0,1,3,4,5,6]; c4:bw=30,experts=[0,4,6]; c7:bw=55,experts=[0,1,4,5,6]; c9:bw=46,experts=[0,1,4,6]; c6:bw=17,experts=[4]; c2:bw=22,experts=[4,6]
    3 | 0.00604 |   1.6835 |   10.11% |   10.84% |    0:10.34
      bandwidth/experts | c9:bw=48,experts=[0,1,4,6]; c2:bw=42,experts=[0,1,4,6]; c0:bw=50,experts=[0,1,4,5,6]; c6:bw=40,experts=[0,1,4,6]; c8:bw=30,experts=[1,4,6]; c5:bw=13,experts=[4]; c3:bw=26,experts=[4,6]; c7:bw=33,experts=[1,4,6]; c1:bw=13,experts=[4]; c4:bw=52,experts=[0,1,4,5,6]
    4 | 0.00802 |   1.5871 |   10.44% |   10.84% |    0:10.36
      bandwidth/experts | c1:bw=40,experts=[1,4,5,6]; c7:bw=45,experts=[1,4,5,6]; c6:bw=53,experts=[1,2,4,5,6]; c2:bw=60,experts=[0,1,2,4,5,6]; c8:bw=31,experts=[1,4,6]; c0:bw=59,experts=[1,2,4,5,6]; c3:bw=34,experts=[1,4,6]; c4:bw=56,experts=[0,1,4,5,6]; c5:bw=73,experts=[0,1,2,3,4,5,6]; c9:bw=22,experts=[4,6]
    5 | 0.01000 |   1.5092 |   10.04% |   10.84% |    0:10.53
      bandwidth/experts | c1:bw=20,experts=[4,6]; c5:bw=40,experts=[1,4,5,6]; c4:bw=48,experts=[1,4,5,6]; c8:bw=37,experts=[4,5,6]; c0:bw=50,experts=[0,1,4,5,6]; c7:bw=24,experts=[4,6]; c6:bw=53,experts=[0,1,4,5,6]; c3:bw=63,experts=[0,1,2,4,5,6]; c2:bw=10,experts=[4]; c9:bw=62,experts=[0,1,2,4,5,6]
    6 | 0.01000 |   1.4763 |   11.38% |   11.38% |    0:10.60
      bandwidth/experts | c8:bw=67,experts=[0,1,2,4,5,6]; c2:bw=42,experts=[1,4,5,6]; c5:bw=27,experts=[4,6]; c7:bw=58,experts=[0,1,4,5,6]; c3:bw=36,experts=[4,5,6]; c1:bw=32,experts=[4,5,6]; c9:bw=48,experts=[0,4,5,6]; c0:bw=31,experts=[4,5,6]; c4:bw=17,experts=[4]; c6:bw=20,experts=[4,6]
    7 | 0.01000 |   1.4439 |   17.70% |   17.70% |    0:10.34
      bandwidth/experts | c0:bw=36,experts=[4,5,6]; c5:bw=49,experts=[1,4,5,6]; c2:bw=40,experts=[1,4,5,6]; c6:bw=13,experts=[4]; c3:bw=26,experts=[4,6]; c7:bw=31,experts=[4,5,6]; c4:bw=14,experts=[4]; c1:bw=10,experts=[4]; c8:bw=57,experts=[0,1,4,5,6]; c9:bw=10,experts=[4]
    8 | 0.01000 |   1.5469 |   13.41% |   17.70% |    0:10.34
      bandwidth/experts | c4:bw=10,experts=[3]; c8:bw=37,experts=[3,4,7]; c1:bw=58,experts=[1,3,4,6,7]; c3:bw=37,experts=[4,6,7]; c0:bw=32,experts=[3,4,7]; c5:bw=28,experts=[4,7]; c2:bw=54,experts=[1,3,4,6,7]; c9:bw=59,experts=[1,3,4,6,7]; c7:bw=15,experts=[3]; c6:bw=41,experts=[3,4,6,7]
    9 | 0.01000 |   1.4575 |   21.48% |   21.48% |    0:10.56
      bandwidth/experts | c2:bw=21,experts=[4,6]; c0:bw=52,experts=[0,1,4,5,6]; c4:bw=59,experts=[1,2,4,6,7]; c9:bw=26,experts=[4,6]; c8:bw=18,experts=[4]; c6:bw=31,experts=[1,4,6]; c7:bw=46,experts=[2,4,6,7]; c5:bw=52,experts=[1,4,5,6,7]; c1:bw=14,experts=[2]; c3:bw=23,experts=[4,6]
   10 | 0.01000 |   1.4126 |   24.36% |   24.36% |    0:10.37
      bandwidth/experts | c4:bw=37,experts=[1,4,6]; c2:bw=34,experts=[1,4,6]; c7:bw=37,experts=[1,4,6]; c0:bw=59,experts=[0,1,2,4,6]; c6:bw=65,experts=[0,1,2,3,4,6]; c3:bw=46,experts=[1,3,4,6]; c5:bw=58,experts=[1,4,5,6,7]; c8:bw=35,experts=[4,6,7]; c9:bw=35,experts=[1,4,6]; c1:bw=41,experts=[0,1,4,6]
   11 | 0.01000 |   1.4106 |   25.77% |   25.77% |    0:10.53
      bandwidth/experts | c5:bw=28,experts=[4,6]; c2:bw=27,experts=[4,6]; c7:bw=44,experts=[1,3,4,6]; c3:bw=50,experts=[0,1,3,4,6]; c0:bw=28,experts=[4,6]; c8:bw=39,experts=[4,6,7]; c9:bw=33,experts=[1,4,6]; c6:bw=55,experts=[0,2,3,4,6]; c1:bw=40,experts=[1,3,4,6]; c4:bw=16,experts=[4]
   12 | 0.01000 |   1.4152 |   24.66% |   25.77% |    0:10.69
      bandwidth/experts | c1:bw=42,experts=[0,3,4,6]; c5:bw=56,experts=[0,2,3,4,6]; c2:bw=57,experts=[0,2,4,6,7]; c4:bw=28,experts=[0,4]; c3:bw=35,experts=[3,4,6]; c7:bw=30,experts=[3,4,6]; c9:bw=42,experts=[1,4,6,7]; c6:bw=29,experts=[4,6]; c8:bw=55,experts=[1,4,5,6,7]; c0:bw=49,experts=[2,3,4,6]
   13 | 0.01000 |   1.5348 |   25.00% |   25.77% |    0:10.46
      bandwidth/experts | c3:bw=30,experts=[2,4,6]; c1:bw=47,experts=[0,3,4,6]; c4:bw=10,experts=[5]; c5:bw=29,experts=[4,6]; c8:bw=15,experts=[4]; c6:bw=36,experts=[4,5,6]; c9:bw=15,experts=[2]; c7:bw=58,experts=[0,1,3,4,6]; c0:bw=25,experts=[4,6]; c2:bw=16,experts=[4]
   14 | 0.01000 |   1.4156 |   25.56% |   25.77% |    0:10.58
      bandwidth/experts | c2:bw=45,experts=[3,4,6,7]; c4:bw=10,experts=[4]; c5:bw=64,experts=[1,3,4,5,6,7]; c1:bw=38,experts=[4,5,6]; c7:bw=25,experts=[4,6]; c0:bw=25,experts=[4,6]; c9:bw=32,experts=[0,4,5]; c3:bw=45,experts=[3,4,5,6]; c8:bw=21,experts=[2,4]; c6:bw=67,experts=[0,1,2,3,4,6]
   15 | 0.01000 |   1.4196 |   26.34% |   26.34% |    0:10.62
      bandwidth/experts | c7:bw=59,experts=[3,4,5,6,7]; c0:bw=20,experts=[4,6]; c1:bw=14,experts=[4]; c8:bw=52,experts=[0,3,4,6,7]; c3:bw=10,experts=[4]; c2:bw=53,experts=[3,4,5,6,7]; c4:bw=47,experts=[3,4,6,7]; c5:bw=18,experts=[4]; c9:bw=19,experts=[4]; c6:bw=33,experts=[3,4,6]
   16 | 0.01000 |   1.4197 |   26.01% |   26.34% |    0:10.50
      bandwidth/experts | c6:bw=40,experts=[3,4,6,7]; c1:bw=29,experts=[4,7]; c3:bw=43,experts=[3,4,6,7]; c8:bw=49,experts=[3,4,6,7]; c7:bw=22,experts=[4,6]; c5:bw=40,experts=[3,4,6,7]; c4:bw=35,experts=[4,6,7]; c9:bw=24,experts=[3,4]; c0:bw=57,experts=[2,3,4,6,7]; c2:bw=52,experts=[0,3,4,6,7]
   17 | 0.01000 |   1.4520 |   26.44% |   26.44% |    0:10.64
      bandwidth/experts | c4:bw=58,experts=[2,3,4,6,7]; c7:bw=25,experts=[2,4]; c8:bw=10,experts=[4]; c3:bw=52,experts=[2,3,4,6,7]; c5:bw=10,experts=[4]; c1:bw=29,experts=[2,4]; c0:bw=11,experts=[5]; c2:bw=19,experts=[4]; c9:bw=37,experts=[4,6,7]; c6:bw=39,experts=[3,4,6]
   18 | 0.01000 |   1.4140 |   27.26% |   27.26% |    0:10.54
      bandwidth/experts | c1:bw=10,experts=[4]; c8:bw=10,experts=[4]; c5:bw=35,experts=[4,6,7]; c2:bw=37,experts=[1,4,6]; c9:bw=19,experts=[4]; c7:bw=55,experts=[0,3,4,6,7]; c4:bw=56,experts=[1,3,4,6,7]; c3:bw=37,experts=[3,4,6]; c0:bw=49,experts=[0,1,4,6]; c6:bw=31,experts=[3,4,6]
   19 | 0.01000 |   1.4046 |   26.73% |   27.26% |    0:10.62
      bandwidth/experts | c8:bw=56,experts=[3,4,5,6,7]; c0:bw=42,experts=[2,3,4,6]; c4:bw=51,experts=[0,3,4,6,7]; c1:bw=46,experts=[1,3,4,6]; c9:bw=38,experts=[4,6,7]; c5:bw=29,experts=[4,6]; c7:bw=22,experts=[4,6]; c2:bw=14,experts=[4]; c6:bw=66,experts=[0,2,3,4,6,7]; c3:bw=40,experts=[0,1,4,6]
   20 | 0.01000 |   1.4969 |   27.24% |   27.26% |    0:10.78
      bandwidth/experts | c0:bw=28,experts=[4,6]; c2:bw=41,experts=[2,4,6,7]; c1:bw=40,experts=[3,4,6,7]; c9:bw=17,experts=[1]; c7:bw=43,experts=[3,4,6,7]; c6:bw=68,experts=[0,2,3,4,6,7]; c3:bw=18,experts=[4]; c5:bw=10,experts=[0]; c4:bw=59,experts=[3,4,5,6,7]; c8:bw=50,experts=[1,3,4,6,7]
   21 | 0.01000 |   1.5014 |   27.07% |   27.26% |    0:10.37
      bandwidth/experts | c1:bw=41,experts=[0,3,4,6]; c2:bw=39,experts=[4,6,7]; c7:bw=12,experts=[1]; c4:bw=48,experts=[3,4,6,7]; c8:bw=18,experts=[4]; c5:bw=32,experts=[2,4,6]; c0:bw=66,experts=[0,2,3,4,6,7]; c3:bw=10,experts=[4]; c6:bw=16,experts=[5]; c9:bw=25,experts=[2,4]
   22 | 0.01000 |   1.5011 |   28.27% |   28.27% |    0:10.38
      bandwidth/experts | c7:bw=16,experts=[4]; c9:bw=33,experts=[0,4,5]; c1:bw=10,experts=[5]; c6:bw=61,experts=[1,2,3,4,6,7]; c5:bw=17,experts=[1]; c2:bw=66,experts=[1,2,3,4,6,7]; c0:bw=67,experts=[1,2,3,4,6,7]; c4:bw=36,experts=[4,6,7]; c3:bw=56,experts=[3,4,5,6,7]; c8:bw=33,experts=[2,4,6]
   23 | 0.01000 |   1.4125 |   27.21% |   28.27% |    0:10.60
      bandwidth/experts | c5:bw=52,experts=[3,4,5,6,7]; c7:bw=15,experts=[5]; c4:bw=56,experts=[3,4,5,6,7]; c6:bw=10,experts=[4]; c9:bw=50,experts=[3,4,5,6,7]; c8:bw=35,experts=[0,4,6]; c3:bw=15,experts=[4]; c1:bw=62,experts=[0,2,3,4,6,7]; c2:bw=32,experts=[4,5,6]; c0:bw=11,experts=[4]
   24 | 0.01000 |   1.3796 |   29.24% |   29.24% |    0:10.45
      bandwidth/experts | c6:bw=30,experts=[3,4,6]; c4:bw=12,experts=[4]; c7:bw=10,experts=[4]; c9:bw=50,experts=[1,3,4,6,7]; c2:bw=43,experts=[0,4,6,7]; c1:bw=10,experts=[4]; c5:bw=25,experts=[4,6]; c8:bw=18,experts=[4]; c3:bw=10,experts=[4]; c0:bw=31,experts=[3,4,6]
   25 | 0.01000 |   1.3917 |   29.39% |   29.39% |    0:10.47
      bandwidth/experts | c9:bw=40,experts=[3,4,6,7]; c6:bw=16,experts=[4]; c4:bw=58,experts=[2,3,4,6,7]; c3:bw=14,experts=[2]; c5:bw=64,experts=[1,3,4,5,6,7]; c1:bw=49,experts=[3,4,6,7]; c8:bw=55,experts=[3,4,5,6,7]; c2:bw=12,experts=[4]; c0:bw=56,experts=[2,3,4,5,6]; c7:bw=40,experts=[2,3,4,6]
   26 | 0.01000 |   1.3482 |   28.50% |   29.39% |    0:10.39
      bandwidth/experts | c3:bw=44,experts=[3,4,6,7]; c6:bw=34,experts=[3,4,6]; c9:bw=50,experts=[3,4,5,6,7]; c7:bw=31,experts=[0,4,6]; c1:bw=33,experts=[3,4,6]; c5:bw=20,experts=[4,6]; c2:bw=30,experts=[4,6,7]; c8:bw=53,experts=[3,4,5,6,7]; c0:bw=11,experts=[4]; c4:bw=48,experts=[1,4,6,7]
   27 | 0.01000 |   1.4511 |   28.74% |   29.39% |    0:10.24
      bandwidth/experts | c7:bw=51,experts=[3,4,5,6,7]; c1:bw=62,experts=[1,2,3,4,6,7]; c4:bw=12,experts=[0]; c0:bw=36,experts=[3,4,6]; c9:bw=18,experts=[4]; c2:bw=20,experts=[4,6]; c8:bw=55,experts=[3,4,5,6,7]; c3:bw=21,experts=[0,1]; c6:bw=63,experts=[0,2,3,4,6,7]; c5:bw=37,experts=[4,6,7]
   28 | 0.01000 |   1.3306 |   25.84% |   29.39% |    0:10.44
      bandwidth/experts | c6:bw=29,experts=[4,6]; c9:bw=49,experts=[3,4,6,7]; c0:bw=47,experts=[3,4,6,7]; c8:bw=29,experts=[1,4]; c2:bw=10,experts=[4]; c5:bw=33,experts=[0,4,6]; c1:bw=25,experts=[4,6]; c3:bw=12,experts=[4]; c4:bw=10,experts=[4]; c7:bw=10,experts=[4]
   29 | 0.01000 |   1.3282 |   26.93% |   29.39% |    0:10.47
      bandwidth/experts | c4:bw=38,experts=[4,6,7]; c0:bw=44,experts=[0,3,4,6]; c1:bw=33,experts=[3,4,6]; c9:bw=44,experts=[2,4,6,7]; c6:bw=43,experts=[3,4,5,6]; c8:bw=34,experts=[4,6,7]; c7:bw=21,experts=[1,4]; c3:bw=32,experts=[4,6,7]; c2:bw=18,experts=[4]; c5:bw=33,experts=[2,4,6]
   30 | 0.01000 |   1.4238 |   27.34% |   29.39% |    0:10.51
      bandwidth/experts | c5:bw=62,experts=[1,3,4,5,6,7]; c1:bw=35,experts=[4,5,6]; c9:bw=54,experts=[0,3,4,6,7]; c4:bw=51,experts=[3,4,5,6,7]; c0:bw=17,experts=[1]; c8:bw=41,experts=[2,4,6,7]; c6:bw=11,experts=[1]; c7:bw=12,experts=[4]; c3:bw=59,experts=[3,4,5,6,7]; c2:bw=27,experts=[1,2]
   31 | 0.01000 |   1.3387 |   26.68% |   29.39% |    0:10.53
      bandwidth/experts | c6:bw=29,experts=[4,6]; c4:bw=19,experts=[4]; c9:bw=45,experts=[3,4,6,7]; c1:bw=30,experts=[0,4,6]; c5:bw=62,experts=[1,3,4,5,6,7]; c8:bw=33,experts=[0,4,6]; c3:bw=24,experts=[4,6]; c2:bw=15,experts=[3]; c0:bw=47,experts=[3,4,6,7]; c7:bw=63,experts=[2,3,4,5,6,7]
   32 | 0.01000 |   1.3342 |   26.55% |   29.39% |    0:10.49
      bandwidth/experts | c8:bw=21,experts=[4,6]; c5:bw=36,experts=[4,6,7]; c4:bw=49,experts=[3,4,6,7]; c7:bw=47,experts=[3,4,6,7]; c0:bw=46,experts=[3,4,6,7]; c1:bw=21,experts=[4,6]; c3:bw=28,experts=[4,6]; c6:bw=27,experts=[4,6]; c2:bw=54,experts=[0,4,5,6,7]; c9:bw=31,experts=[1,4,6]
   33 | 0.01000 |   1.3404 |   28.20% |   29.39% |    0:10.63
      bandwidth/experts | c7:bw=52,experts=[3,4,5,6,7]; c1:bw=34,experts=[4,6,7]; c3:bw=70,experts=[1,2,3,4,5,6,7]; c6:bw=37,experts=[4,6,7]; c5:bw=29,experts=[4,6]; c9:bw=42,experts=[3,4,6,7]; c2:bw=24,experts=[4,6]; c8:bw=50,experts=[3,4,5,6,7]; c4:bw=45,experts=[2,4,6,7]; c0:bw=62,experts=[2,3,4,5,6,7]
   34 | 0.01000 |   1.3499 |   27.85% |   29.39% |    0:10.66
      bandwidth/experts | c4:bw=46,experts=[1,4,6,7]; c1:bw=46,experts=[3,4,6,7]; c6:bw=48,experts=[3,4,6,7]; c9:bw=68,experts=[1,3,4,5,6,7]; c8:bw=42,experts=[3,4,6,7]; c0:bw=22,experts=[4,6]; c5:bw=60,experts=[1,3,4,5,6,7]; c7:bw=32,experts=[0,4,6]; c3:bw=72,experts=[1,2,3,4,5,6,7]; c2:bw=54,experts=[3,4,5,6,7]
   35 | 0.01000 |   1.3493 |   30.11% |   30.11% |    0:11.29
      bandwidth/experts | c4:bw=33,experts=[0,4,6]; c0:bw=20,experts=[4,6]; c1:bw=31,experts=[1,2,4]; c6:bw=44,experts=[0,2,4,6]; c2:bw=46,experts=[3,4,6,7]; c8:bw=50,experts=[3,4,5,6,7]; c9:bw=27,experts=[4,6]; c7:bw=48,experts=[3,4,6,7]; c5:bw=41,experts=[3,4,6,7]; c3:bw=24,experts=[0,4]
   36 | 0.01000 |   1.3486 |   28.96% |   30.11% |    0:11.32
      bandwidth/experts | c9:bw=37,experts=[4,6,7]; c0:bw=36,experts=[4,6,7]; c3:bw=60,experts=[2,3,4,5,6,7]; c7:bw=27,experts=[4,6]; c6:bw=43,experts=[3,4,6,7]; c5:bw=49,experts=[0,4,6,7]; c1:bw=10,experts=[4]; c4:bw=74,experts=[0,1,3,4,5,6,7]; c8:bw=51,experts=[1,3,4,6,7]; c2:bw=50,experts=[3,4,5,6,7]
   37 | 0.01000 |   1.3575 |   28.09% |   30.11% |    0:10.89
      bandwidth/experts | c1:bw=18,experts=[4]; c5:bw=39,experts=[2,4,6]; c2:bw=36,experts=[4,6,7]; c6:bw=65,experts=[2,3,4,5,6,7]; c4:bw=39,experts=[4,6,7]; c7:bw=42,experts=[1,4,6,7]; c9:bw=40,experts=[2,4,6,7]; c0:bw=54,experts=[0,3,4,6,7]; c3:bw=36,experts=[4,6,7]; c8:bw=10,experts=[4]
   38 | 0.01000 |   1.4213 |   28.34% |   30.11% |    0:10.70
      bandwidth/experts | c8:bw=46,experts=[2,4,6,7]; c6:bw=17,experts=[1]; c4:bw=52,experts=[3,4,5,6,7]; c1:bw=31,experts=[4,5,6]; c5:bw=10,experts=[4]; c2:bw=10,experts=[1]; c3:bw=38,experts=[4,6,7]; c7:bw=51,experts=[3,4,5,6,7]; c9:bw=26,experts=[0,4]; c0:bw=40,experts=[1,3,4,6]
   39 | 0.01000 |   1.3325 |   27.89% |   30.11% |    0:10.59
      bandwidth/experts | c3:bw=26,experts=[4,6]; c0:bw=10,experts=[4]; c1:bw=45,experts=[0,3,4,6]; c7:bw=40,experts=[2,4,6,7]; c6:bw=31,experts=[3,4,6]; c8:bw=45,experts=[0,4,6,7]; c2:bw=36,experts=[2,4,6]; c4:bw=36,experts=[4,6,7]; c9:bw=24,experts=[4,6]; c5:bw=75,experts=[0,1,3,4,5,6,7]
   40 | 0.01000 |   1.3286 |   28.20% |   30.11% |    0:10.55
      bandwidth/experts | c8:bw=26,experts=[4,6]; c1:bw=42,experts=[3,4,6,7]; c5:bw=32,experts=[4,6,7]; c6:bw=46,experts=[3,4,6,7]; c2:bw=65,experts=[0,3,4,5,6,7]; c7:bw=66,experts=[0,3,4,5,6,7]; c3:bw=10,experts=[4]; c4:bw=19,experts=[4]; c9:bw=40,experts=[4,5,6,7]; c0:bw=36,experts=[4,6,7]
   41 | 0.01000 |   1.3472 |   28.14% |   30.11% |    0:10.86
      bandwidth/experts | c2:bw=54,experts=[3,4,5,6,7]; c6:bw=10,experts=[4]; c8:bw=57,experts=[3,4,5,6,7]; c1:bw=10,experts=[4]; c4:bw=50,experts=[2,3,4,6,7]; c5:bw=61,experts=[1,3,4,5,6,7]; c7:bw=68,experts=[2,3,4,5,6,7]; c3:bw=40,experts=[3,4,6,7]; c9:bw=54,experts=[3,4,5,6,7]; c0:bw=10,experts=[2]
   42 | 0.01000 |   1.3401 |   28.95% |   30.11% |    0:10.57
      bandwidth/experts | c5:bw=50,experts=[3,4,5,6,7]; c1:bw=49,experts=[3,4,6,7]; c3:bw=48,experts=[1,4,6,7]; c9:bw=51,experts=[1,3,4,6,7]; c6:bw=34,experts=[3,4,6]; c0:bw=15,experts=[5]; c7:bw=20,experts=[4,6]; c4:bw=55,experts=[3,4,5,6,7]; c8:bw=42,experts=[4,5,6,7]; c2:bw=40,experts=[3,4,6,7]
   43 | 0.01000 |   1.3546 |   30.80% |   30.80% |    0:10.61
      bandwidth/experts | c5:bw=53,experts=[3,4,5,6,7]; c1:bw=58,experts=[1,2,4,6,7]; c2:bw=51,experts=[3,4,5,6,7]; c8:bw=45,experts=[4,5,6,7]; c9:bw=32,experts=[4,6,7]; c7:bw=21,experts=[4,6]; c4:bw=34,experts=[4,6,7]; c6:bw=12,experts=[0]; c3:bw=65,experts=[0,3,4,5,6,7]; c0:bw=21,experts=[4,6]
   44 | 0.01000 |   1.3755 |   30.62% |   30.80% |    0:10.74
      bandwidth/experts | c0:bw=66,experts=[1,2,3,4,6,7]; c3:bw=47,experts=[2,4,6,7]; c4:bw=29,experts=[0,1]; c2:bw=37,experts=[4,6,7]; c7:bw=75,experts=[0,2,3,4,5,6,7]; c5:bw=24,experts=[4,6]; c6:bw=20,experts=[4,6]; c9:bw=37,experts=[4,6,7]; c8:bw=34,experts=[1,4,6]; c1:bw=45,experts=[3,4,6,7]
   45 | 0.01000 |   1.3479 |   30.77% |   30.80% |    0:10.40
      bandwidth/experts | c8:bw=55,experts=[3,4,5,6,7]; c0:bw=36,experts=[0,4,6]; c3:bw=67,experts=[2,3,4,5,6,7]; c4:bw=64,experts=[1,3,4,5,6,7]; c7:bw=36,experts=[1,4,6]; c2:bw=49,experts=[3,4,6,7]; c9:bw=25,experts=[2,4]; c6:bw=10,experts=[2]; c5:bw=44,experts=[2,4,6,7]; c1:bw=56,experts=[3,4,5,6,7]
   46 | 0.01000 |   1.2797 |   30.79% |   30.80% |    0:10.55
      bandwidth/experts | c9:bw=37,experts=[0,4,6]; c3:bw=27,experts=[4,6]; c6:bw=39,experts=[1,4,5]; c1:bw=41,experts=[3,4,6,7]; c4:bw=64,experts=[0,3,4,5,6,7]; c5:bw=41,experts=[4,5,6,7]; c2:bw=57,experts=[1,3,4,6,7]; c8:bw=39,experts=[2,4,6]; c0:bw=55,experts=[2,3,4,6,7]; c7:bw=28,experts=[4,6]
   47 | 0.01000 |   1.2651 |   29.21% |   30.80% |    0:10.82
      bandwidth/experts | c5:bw=52,experts=[0,4,5,6,7]; c6:bw=22,experts=[4,6]; c7:bw=53,experts=[3,4,5,6,7]; c9:bw=17,experts=[4]; c8:bw=39,experts=[0,4,6]; c3:bw=70,experts=[1,2,3,4,5,6,7]; c4:bw=10,experts=[4]; c0:bw=46,experts=[3,4,6,7]; c1:bw=30,experts=[0,4,6]; c2:bw=54,experts=[2,3,4,6,7]
   48 | 0.01000 |   1.2713 |   27.54% |   30.80% |    0:10.54
      bandwidth/experts | c1:bw=50,experts=[3,4,5,6,7]; c8:bw=50,experts=[3,4,5,6,7]; c4:bw=67,experts=[1,3,4,5,6,7]; c2:bw=57,experts=[0,3,4,6,7]; c9:bw=52,experts=[3,4,5,6,7]; c6:bw=45,experts=[3,4,6,7]; c5:bw=55,experts=[3,4,5,6,7]; c7:bw=62,experts=[1,3,4,5,6,7]; c0:bw=16,experts=[4]; c3:bw=18,experts=[4]
   49 | 0.01000 |   1.2644 |   29.19% |   30.80% |    0:10.53
      bandwidth/experts | c4:bw=48,experts=[2,4,6,7]; c3:bw=32,experts=[4,6,7]; c8:bw=26,experts=[4,6]; c0:bw=20,experts=[4,6]; c2:bw=58,experts=[3,4,5,6,7]; c5:bw=56,experts=[1,4,5,6,7]; c6:bw=13,experts=[4]; c7:bw=44,experts=[3,4,6,7]; c9:bw=53,experts=[3,4,5,6,7]; c1:bw=54,experts=[3,4,5,6,7]
   50 | 0.01000 |   1.2586 |   29.88% |   30.80% |    0:10.75
      bandwidth/experts | c8:bw=32,experts=[4,6,7]; c4:bw=10,experts=[4]; c7:bw=34,experts=[4,6,7]; c6:bw=68,experts=[2,3,4,5,6,7]; c2:bw=63,experts=[1,3,4,5,6,7]; c1:bw=64,experts=[2,3,4,5,6,7]; c3:bw=39,experts=[4,6,7]; c0:bw=29,experts=[4,5]; c9:bw=27,experts=[1,4]; c5:bw=31,experts=[4,6,7]
   51 | 0.01000 |   1.2501 |   28.89% |   30.80% |    0:10.36
      bandwidth/experts | c5:bw=47,experts=[4,5,6,7]; c0:bw=53,experts=[2,3,4,6,7]; c1:bw=21,experts=[1,4]; c2:bw=20,experts=[4,6]; c8:bw=46,experts=[4,5,6,7]; c6:bw=52,experts=[0,3,4,6,7]; c9:bw=18,experts=[4]; c3:bw=55,experts=[0,3,4,6,7]; c4:bw=11,experts=[4]; c7:bw=27,experts=[4,6]
   52 | 0.01000 |   1.2572 |   28.90% |   30.80% |    0:10.46
      bandwidth/experts | c0:bw=46,experts=[1,4,6,7]; c8:bw=18,experts=[1]; c5:bw=24,experts=[4,6]; c7:bw=34,experts=[0,2,4]; c1:bw=40,experts=[3,4,6,7]; c4:bw=33,experts=[4,6,7]; c9:bw=31,experts=[4,6,7]; c6:bw=51,experts=[2,3,4,6,7]; c2:bw=29,experts=[4,6]; c3:bw=43,experts=[3,4,6,7]
   53 | 0.01000 |   1.2458 |   30.55% |   30.80% |    0:10.09
      bandwidth/experts | c8:bw=22,experts=[4,6]; c4:bw=28,experts=[4,6]; c5:bw=44,experts=[2,4,6,7]; c1:bw=59,experts=[3,4,5,6,7]; c3:bw=47,experts=[3,4,6,7]; c9:bw=61,experts=[2,3,4,5,6,7]; c6:bw=36,experts=[4,6,7]; c7:bw=44,experts=[3,4,6,7]; c0:bw=39,experts=[0,4,6]; c2:bw=51,experts=[3,4,5,6,7]
   54 | 0.01000 |   1.2442 |   27.66% |   30.80% |    0:09.76
      bandwidth/experts | c2:bw=10,experts=[4]; c1:bw=53,experts=[3,4,5,6,7]; c8:bw=55,experts=[2,4,5,6,7]; c7:bw=61,experts=[1,3,4,5,6,7]; c3:bw=30,experts=[4,6,7]; c0:bw=37,experts=[4,6,7]; c6:bw=54,experts=[1,3,4,6,7]; c5:bw=10,experts=[4]; c9:bw=50,experts=[0,4,5,6,7]; c4:bw=32,experts=[0,4,6]
   55 | 0.01000 |   1.2429 |   28.93% |   30.80% |    0:09.79
      bandwidth/experts | c7:bw=54,experts=[3,4,5,6,7]; c2:bw=41,experts=[2,4,6,7]; c4:bw=14,experts=[4]; c3:bw=52,experts=[1,2,4,5,6]; c8:bw=14,experts=[0]; c5:bw=53,experts=[0,4,5,6,7]; c1:bw=60,experts=[0,3,4,5,6,7]; c6:bw=42,experts=[3,4,6,7]; c0:bw=27,experts=[4,6]; c9:bw=62,experts=[1,3,4,5,6,7]
   56 | 0.01000 |   1.3240 |   28.43% |   30.80% |    0:09.59
      bandwidth/experts | c9:bw=52,experts=[3,4,5,6,7]; c1:bw=56,experts=[3,4,5,6,7]; c3:bw=10,experts=[4]; c2:bw=53,experts=[0,3,4,6,7]; c5:bw=31,experts=[3,4,6]; c4:bw=10,experts=[1]; c8:bw=13,experts=[3]; c7:bw=18,experts=[4]; c6:bw=23,experts=[4,6]; c0:bw=70,experts=[0,2,3,4,5,6,7]
   57 | 0.01000 |   1.2265 |   30.51% |   30.80% |    0:10.23
      bandwidth/experts | c3:bw=64,experts=[2,3,4,5,6,7]; c8:bw=43,experts=[4,5,6,7]; c6:bw=48,experts=[3,4,6,7]; c1:bw=49,experts=[3,4,6,7]; c7:bw=69,experts=[2,3,4,5,6,7]; c0:bw=70,experts=[1,2,3,4,5,6,7]; c5:bw=44,experts=[1,4,6,7]; c4:bw=41,experts=[2,3,4,5]; c2:bw=33,experts=[4,6,7]; c9:bw=19,experts=[4]
   58 | 0.01000 |   1.2322 |   30.10% |   30.80% |    0:10.53
      bandwidth/experts | c7:bw=24,experts=[4,6]; c2:bw=10,experts=[1]; c9:bw=57,experts=[3,4,5,6,7]; c6:bw=55,experts=[3,4,5,6,7]; c5:bw=35,experts=[4,6,7]; c1:bw=30,experts=[2,4,6]; c8:bw=40,experts=[4,5,6,7]; c4:bw=38,experts=[4,6,7]; c3:bw=61,experts=[2,3,4,5,6,7]; c0:bw=47,experts=[3,4,6,7]
   59 | 0.01000 |   1.2743 |   25.64% |   30.80% |    0:10.55
      bandwidth/experts | c2:bw=37,experts=[4,6,7]; c8:bw=56,experts=[3,4,5,6,7]; c9:bw=28,experts=[4,6]; c6:bw=19,experts=[0]; c1:bw=65,experts=[1,3,4,5,6,7]; c4:bw=26,experts=[4,6]; c7:bw=28,experts=[4,6]; c5:bw=32,experts=[4,6,7]; c0:bw=52,experts=[2,3,4,6,7]; c3:bw=35,experts=[0,4,6]
   60 | 0.01000 |   1.2159 |   26.98% |   30.80% |    0:10.76
      bandwidth/experts | c0:bw=53,experts=[3,4,5,6,7]; c7:bw=48,experts=[0,4,6,7]; c4:bw=30,experts=[4,6,7]; c2:bw=30,experts=[4,6,7]; c5:bw=33,experts=[4,6,7]; c8:bw=24,experts=[1,4]; c6:bw=59,experts=[2,3,4,6,7]; c9:bw=10,experts=[4]; c1:bw=54,experts=[3,4,5,6,7]; c3:bw=44,experts=[3,4,6,7]
   61 | 0.01000 |   1.2078 |   29.88% |   30.80% |    0:10.79
      bandwidth/experts | c5:bw=49,experts=[2,4,6,7]; c6:bw=37,experts=[4,6,7]; c2:bw=29,experts=[4,5]; c9:bw=38,experts=[2,4,6]; c1:bw=33,experts=[4,6,7]; c3:bw=43,experts=[3,4,6,7]; c8:bw=55,experts=[3,4,5,6,7]; c4:bw=38,experts=[4,6,7]; c7:bw=43,experts=[3,4,6,7]; c0:bw=60,experts=[2,3,4,5,6,7]
   62 | 0.01000 |   1.2256 |   30.29% |   30.80% |    0:10.61
      bandwidth/experts | c8:bw=13,experts=[2]; c6:bw=62,experts=[1,2,3,4,6,7]; c9:bw=16,experts=[0]; c4:bw=60,experts=[0,3,4,5,6,7]; c5:bw=67,experts=[0,3,4,5,6,7]; c0:bw=28,experts=[4,6]; c3:bw=53,experts=[3,4,5,6,7]; c2:bw=42,experts=[3,4,6,7]; c1:bw=75,experts=[1,2,3,4,5,6,7]; c7:bw=44,experts=[1,4,6,7]
   63 | 0.01000 |   1.1979 |   30.44% |   30.80% |    0:10.48
      bandwidth/experts | c5:bw=10,experts=[4]; c9:bw=21,experts=[1,4]; c6:bw=34,experts=[4,6,7]; c3:bw=52,experts=[1,3,4,6,7]; c8:bw=32,experts=[0,4,6]; c1:bw=50,experts=[0,3,4,6,7]; c7:bw=68,experts=[2,3,4,5,6,7]; c0:bw=41,experts=[3,4,6,7]; c2:bw=28,experts=[2,4]; c4:bw=52,experts=[3,4,5,6,7]
   64 | 0.01000 |   1.1938 |   28.98% |   30.80% |    0:10.43
      bandwidth/experts | c6:bw=50,experts=[2,3,4,6,7]; c4:bw=38,experts=[1,4,6]; c5:bw=24,experts=[4,6]; c3:bw=38,experts=[4,6,7]; c7:bw=34,experts=[4,6,7]; c0:bw=32,experts=[0,4,6]; c8:bw=53,experts=[3,4,5,6,7]; c9:bw=59,experts=[3,4,5,6,7]; c2:bw=56,experts=[0,3,4,6,7]; c1:bw=28,experts=[4,6]
   65 | 0.01000 |   1.1889 |   31.09% |   31.09% |    0:11.09
      bandwidth/experts | c7:bw=10,experts=[4]; c5:bw=29,experts=[1,4]; c4:bw=57,experts=[2,4,5,6,7]; c6:bw=50,experts=[2,3,4,6,7]; c8:bw=66,experts=[1,3,4,5,6,7]; c3:bw=42,experts=[3,4,6,7]; c0:bw=41,experts=[1,4,6,7]; c2:bw=28,experts=[4,6]; c1:bw=58,experts=[3,4,5,6,7]; c9:bw=47,experts=[4,5,6,7]
   66 | 0.01000 |   1.1807 |   27.82% |   31.09% |    0:11.46
      bandwidth/experts | c2:bw=41,experts=[1,4,6,7]; c5:bw=17,experts=[4]; c1:bw=54,experts=[3,4,5,6,7]; c8:bw=24,experts=[4,6]; c9:bw=31,experts=[4,6,7]; c6:bw=30,experts=[4,5,6]; c4:bw=41,experts=[4,5,6,7]; c0:bw=38,experts=[4,6,7]; c3:bw=66,experts=[2,3,4,5,6,7]; c7:bw=50,experts=[3,4,5,6,7]
   67 | 0.01000 |   1.1739 |   30.04% |   31.09% |    0:11.12
      bandwidth/experts | c4:bw=51,experts=[3,4,5,6,7]; c5:bw=48,experts=[4,5,6,7]; c1:bw=36,experts=[4,6,7]; c3:bw=25,experts=[0,4]; c6:bw=53,experts=[0,3,4,6,7]; c0:bw=32,experts=[4,6,7]; c2:bw=43,experts=[3,4,6,7]; c9:bw=60,experts=[1,3,4,5,6,7]; c7:bw=59,experts=[3,4,5,6,7]; c8:bw=10,experts=[4]
   68 | 0.01000 |   1.1723 |   29.34% |   31.09% |    0:10.77
      bandwidth/experts | c1:bw=42,experts=[3,4,6,7]; c8:bw=31,experts=[4,6,7]; c2:bw=58,experts=[3,4,5,6,7]; c0:bw=30,experts=[4,6,7]; c3:bw=26,experts=[4,6]; c4:bw=49,experts=[4,5,6,7]; c5:bw=45,experts=[4,5,6,7]; c9:bw=15,experts=[4]; c7:bw=28,experts=[0,4]; c6:bw=32,experts=[4,6,7]
   69 | 0.01000 |   1.1620 |   29.60% |   31.09% |    0:10.74
      bandwidth/experts | c3:bw=41,experts=[3,4,6,7]; c7:bw=58,experts=[3,4,5,6,7]; c1:bw=31,experts=[4,6,7]; c4:bw=41,experts=[4,5,6,7]; c9:bw=35,experts=[2,4,6]; c5:bw=39,experts=[2,4,6]; c0:bw=52,experts=[2,4,5,6,7]; c2:bw=66,experts=[1,3,4,5,6,7]; c8:bw=42,experts=[4,5,6,7]; c6:bw=26,experts=[4,6]
   70 | 0.01000 |   1.2484 |   31.02% |   31.09% |    0:10.64
      bandwidth/experts | c1:bw=24,experts=[1,2]; c9:bw=10,experts=[0]; c7:bw=28,experts=[1,4]; c3:bw=32,experts=[4,6,7]; c0:bw=30,experts=[4,6,7]; c6:bw=26,experts=[1,4]; c2:bw=55,experts=[3,4,5,6,7]; c4:bw=58,experts=[0,3,4,6,7]; c5:bw=23,experts=[0,3]; c8:bw=48,experts=[2,4,6,7]
   71 | 0.01000 |   1.1639 |   26.82% |   31.09% |    0:10.71
      bandwidth/experts | c4:bw=42,experts=[4,5,6,7]; c0:bw=16,experts=[3]; c1:bw=52,experts=[0,3,4,6,7]; c9:bw=40,experts=[4,5,6,7]; c7:bw=20,experts=[2,4]; c5:bw=33,experts=[4,6,7]; c3:bw=62,experts=[1,3,4,5,6,7]; c6:bw=50,experts=[3,4,5,6,7]; c8:bw=39,experts=[0,4,6]; c2:bw=61,experts=[2,3,4,5,6,7]
   72 | 0.01000 |   1.1515 |   30.93% |   31.09% |    0:10.74
      bandwidth/experts | c8:bw=30,experts=[4,6,7]; c1:bw=39,experts=[4,6,7]; c5:bw=43,experts=[4,5,6,7]; c7:bw=48,experts=[3,4,6,7]; c6:bw=19,experts=[4]; c0:bw=52,experts=[0,3,4,6,7]; c3:bw=23,experts=[4,6]; c2:bw=23,experts=[0,4]; c9:bw=38,experts=[4,6,7]; c4:bw=39,experts=[1,4,6]
   73 | 0.01000 |   1.1914 |   29.52% |   31.09% |    0:10.85
      bandwidth/experts | c2:bw=47,experts=[3,4,6,7]; c8:bw=11,experts=[1]; c3:bw=40,experts=[3,4,6,7]; c1:bw=66,experts=[2,3,4,5,6,7]; c5:bw=17,experts=[1]; c9:bw=52,experts=[3,4,5,6,7]; c0:bw=28,experts=[1,4]; c7:bw=37,experts=[4,6,7]; c6:bw=20,experts=[2,4]; c4:bw=41,experts=[2,4,6,7]
   74 | 0.01000 |   1.1589 |   36.98% |   36.98% |    0:10.70
      bandwidth/experts | c3:bw=10,experts=[2]; c0:bw=40,experts=[3,4,6,7]; c1:bw=28,experts=[4,6]; c5:bw=50,experts=[3,4,5,6,7]; c7:bw=65,experts=[0,3,4,5,6,7]; c8:bw=28,experts=[3,4]; c6:bw=10,experts=[4]; c2:bw=10,experts=[4]; c4:bw=47,experts=[4,5,6,7]; c9:bw=32,experts=[4,6,7]
   75 | 0.01000 |   1.1413 |   30.45% |   36.98% |    0:10.60
      bandwidth/experts | c2:bw=40,experts=[3,4,6,7]; c9:bw=61,experts=[1,3,4,5,6,7]; c1:bw=54,experts=[3,4,5,6,7]; c3:bw=20,experts=[0,4]; c7:bw=28,experts=[4,6]; c6:bw=56,experts=[0,3,4,6,7]; c5:bw=31,experts=[4,6,7]; c4:bw=56,experts=[3,4,5,6,7]; c0:bw=60,experts=[2,3,4,5,6,7]; c8:bw=53,experts=[3,4,5,6,7]
   76 | 0.01000 |   1.1343 |   27.95% |   36.98% |    0:10.79
      bandwidth/experts | c8:bw=29,experts=[4,6]; c5:bw=37,experts=[4,6,7]; c0:bw=31,experts=[4,6,7]; c3:bw=15,experts=[4]; c2:bw=25,experts=[4,6]; c6:bw=23,experts=[4,6]; c7:bw=66,experts=[0,3,4,5,6,7]; c4:bw=60,experts=[0,3,4,5,6,7]; c9:bw=57,experts=[3,4,5,6,7]; c1:bw=53,experts=[3,4,5,6,7]
   77 | 0.01000 |   1.1359 |   28.18% |   36.98% |    0:10.64
      bandwidth/experts | c9:bw=29,experts=[2,4]; c2:bw=34,experts=[1,4,6]; c1:bw=62,experts=[2,3,4,5,6,7]; c8:bw=10,experts=[4]; c4:bw=10,experts=[4]; c7:bw=10,experts=[4]; c6:bw=57,experts=[2,3,4,6,7]; c0:bw=63,experts=[2,3,4,5,6,7]; c3:bw=40,experts=[3,4,6,7]; c5:bw=59,experts=[2,4,5,6,7]
   78 | 0.01000 |   1.1274 |   28.84% |   36.98% |    0:10.70
      bandwidth/experts | c0:bw=26,experts=[4,6]; c4:bw=23,experts=[4,6]; c3:bw=38,experts=[4,6,7]; c7:bw=36,experts=[1,4,6]; c8:bw=54,experts=[2,4,5,6,7]; c1:bw=41,experts=[1,4,6,7]; c9:bw=31,experts=[0,4,6]; c6:bw=57,experts=[1,2,4,6,7]; c5:bw=63,experts=[0,3,4,5,6,7]; c2:bw=34,experts=[4,6,7]
   79 | 0.01000 |   1.1330 |   35.85% |   36.98% |    0:10.79
      bandwidth/experts | c6:bw=21,experts=[4,5]; c9:bw=10,experts=[4]; c0:bw=36,experts=[4,6,7]; c4:bw=80,experts=[0,1,2,3,4,5,6,7]; c7:bw=46,experts=[2,4,6,7]; c8:bw=44,experts=[0,4,6,7]; c5:bw=53,experts=[3,4,5,6,7]; c3:bw=26,experts=[1,5]; c1:bw=37,experts=[0,4,6]; c2:bw=33,experts=[2,4,5]
   80 | 0.01000 |   1.1153 |   28.88% |   36.98% |    0:10.53
      bandwidth/experts | c5:bw=65,experts=[0,3,4,5,6,7]; c9:bw=53,experts=[3,4,5,6,7]; c7:bw=48,experts=[3,4,6,7]; c1:bw=31,experts=[4,6,7]; c3:bw=31,experts=[4,6,7]; c4:bw=57,experts=[3,4,5,6,7]; c2:bw=44,experts=[0,4,6,7]; c0:bw=47,experts=[0,4,6,7]; c6:bw=39,experts=[4,6,7]; c8:bw=51,experts=[3,4,5,6,7]
   81 | 0.01000 |   1.1026 |   28.79% |   36.98% |    0:10.59
      bandwidth/experts | c6:bw=51,experts=[2,3,4,6,7]; c2:bw=45,experts=[4,5,6,7]; c3:bw=67,experts=[1,3,4,5,6,7]; c1:bw=49,experts=[3,4,6,7]; c4:bw=42,experts=[4,5,6,7]; c5:bw=30,experts=[1,4,6]; c9:bw=26,experts=[4,6]; c7:bw=58,experts=[3,4,5,6,7]; c8:bw=48,experts=[1,4,6,7]; c0:bw=50,experts=[1,3,4,6,7]
   82 | 0.01000 |   1.0929 |   31.24% |   36.98% |    0:10.71
      bandwidth/experts | c1:bw=64,experts=[2,3,4,5,6,7]; c0:bw=30,experts=[4,6,7]; c6:bw=36,experts=[4,6,7]; c8:bw=58,experts=[3,4,5,6,7]; c7:bw=40,experts=[3,4,6,7]; c3:bw=39,experts=[2,4,6]; c2:bw=30,experts=[4,6,7]; c9:bw=56,experts=[3,4,5,6,7]; c5:bw=40,experts=[4,5,6,7]; c4:bw=30,experts=[4,6,7]
   83 | 0.01000 |   1.0915 |   31.18% |   36.98% |    0:10.61
      bandwidth/experts | c9:bw=51,experts=[1,4,5,6,7]; c4:bw=10,experts=[4]; c2:bw=41,experts=[3,4,6,7]; c7:bw=37,experts=[4,6,7]; c5:bw=10,experts=[4]; c0:bw=10,experts=[4]; c6:bw=53,experts=[0,2,4,6,7]; c1:bw=63,experts=[2,3,4,5,6,7]; c8:bw=39,experts=[4,6,7]; c3:bw=42,experts=[0,4,6,7]
   84 | 0.01000 |   1.0910 |   31.01% |   36.98% |    0:10.64
      bandwidth/experts | c8:bw=67,experts=[1,3,4,5,6,7]; c3:bw=32,experts=[4,6,7]; c1:bw=58,experts=[3,4,5,6,7]; c6:bw=10,experts=[4]; c9:bw=20,experts=[4,6]; c2:bw=36,experts=[4,6,7]; c7:bw=47,experts=[0,4,6,7]; c5:bw=20,experts=[4,6]; c4:bw=27,experts=[4,6]; c0:bw=10,experts=[4]
   85 | 0.01000 |   1.1147 |   30.54% |   36.98% |    0:10.80
      bandwidth/experts | c0:bw=38,experts=[2,4,5]; c2:bw=45,experts=[1,4,6,7]; c8:bw=70,experts=[0,1,3,4,5,6,7]; c6:bw=42,experts=[2,4,6,7]; c1:bw=57,experts=[3,4,5,6,7]; c4:bw=42,experts=[4,5,6,7]; c9:bw=58,experts=[2,4,5,6,7]; c3:bw=51,experts=[3,4,5,6,7]; c5:bw=12,experts=[2]; c7:bw=11,experts=[4]
   86 | 0.01000 |   1.0893 |   30.21% |   36.98% |    0:10.74
      bandwidth/experts | c5:bw=47,experts=[4,5,6,7]; c8:bw=28,experts=[2,4]; c2:bw=24,experts=[4,6]; c6:bw=55,experts=[1,2,4,6,7]; c0:bw=30,experts=[4,6,7]; c4:bw=18,experts=[4]; c7:bw=44,experts=[1,4,6,7]; c3:bw=28,experts=[4,6]; c1:bw=72,experts=[1,2,3,4,5,6,7]; c9:bw=43,experts=[0,4,6,7]
   87 | 0.01000 |   1.1459 |   30.36% |   36.98% |    0:10.64
      bandwidth/experts | c1:bw=29,experts=[0,4]; c2:bw=67,experts=[2,3,4,5,6,7]; c7:bw=22,experts=[2,4]; c5:bw=10,experts=[4]; c6:bw=60,experts=[2,3,4,5,6,7]; c3:bw=68,experts=[2,3,4,5,6,7]; c4:bw=34,experts=[0,1,2]; c9:bw=37,experts=[4,6,7]; c8:bw=46,experts=[4,5,6,7]; c0:bw=35,experts=[4,6,7]
   88 | 0.01000 |   1.0849 |   34.65% |   36.98% |    0:10.51
      bandwidth/experts | c8:bw=43,experts=[4,5,6,7]; c6:bw=27,experts=[4,6]; c3:bw=33,experts=[4,6,7]; c7:bw=41,experts=[3,4,6,7]; c0:bw=62,experts=[0,3,4,5,6,7]; c4:bw=38,experts=[3,4,6]; c9:bw=31,experts=[4,6,7]; c1:bw=28,experts=[4,6]; c5:bw=30,experts=[0,3,4]; c2:bw=46,experts=[0,4,6,7]
   89 | 0.01000 |   1.0916 |   35.12% |   36.98% |    0:10.09
      bandwidth/experts | c3:bw=31,experts=[1,4,6]; c8:bw=74,experts=[0,1,3,4,5,6,7]; c2:bw=44,experts=[3,4,6,7]; c9:bw=60,experts=[0,3,4,5,6,7]; c7:bw=21,experts=[4,5]; c5:bw=46,experts=[1,4,6,7]; c0:bw=13,experts=[1]; c6:bw=32,experts=[4,6,7]; c4:bw=30,experts=[4,6,7]; c1:bw=41,experts=[3,4,6,7]
   90 | 0.01000 |   1.0754 |   35.11% |   36.98% |    0:10.51
      bandwidth/experts | c7:bw=72,experts=[0,2,3,4,5,6,7]; c1:bw=31,experts=[4,6,7]; c3:bw=36,experts=[4,6,7]; c9:bw=63,experts=[0,3,4,5,6,7]; c0:bw=64,experts=[2,3,4,5,6,7]; c6:bw=26,experts=[4,6]; c2:bw=21,experts=[4,6]; c5:bw=27,experts=[4,6]; c8:bw=50,experts=[3,4,5,6,7]; c4:bw=35,experts=[4,6,7]
   91 | 0.01000 |   1.0681 |   33.46% |   36.98% |    0:10.62
      bandwidth/experts | c1:bw=50,experts=[3,4,5,6,7]; c9:bw=35,experts=[1,4,6]; c5:bw=52,experts=[3,4,5,6,7]; c7:bw=51,experts=[3,4,5,6,7]; c3:bw=40,experts=[0,4,6,7]; c4:bw=54,experts=[3,4,5,6,7]; c0:bw=22,experts=[4,6]; c6:bw=29,experts=[0,4]; c2:bw=11,experts=[4]; c8:bw=23,experts=[4,6]
   92 | 0.01000 |   1.0550 |   32.25% |   36.98% |    0:10.36
      bandwidth/experts | c3:bw=28,experts=[4,6]; c7:bw=34,experts=[4,6,7]; c1:bw=20,experts=[4,6]; c0:bw=29,experts=[4,6]; c8:bw=19,experts=[4]; c6:bw=45,experts=[3,4,6,7]; c9:bw=56,experts=[3,4,5,6,7]; c2:bw=25,experts=[4,6]; c5:bw=66,experts=[0,3,4,5,6,7]; c4:bw=26,experts=[4,6]
   93 | 0.01000 |   1.0866 |   29.85% |   36.98% |    0:10.70
      bandwidth/experts | c1:bw=47,experts=[3,4,6,7]; c3:bw=31,experts=[4,6,7]; c7:bw=22,experts=[4,6]; c9:bw=58,experts=[2,4,5,6,7]; c6:bw=22,experts=[4,6]; c8:bw=10,experts=[4]; c5:bw=10,experts=[2]; c4:bw=32,experts=[4,6,7]; c0:bw=19,experts=[4]; c2:bw=51,experts=[1,4,5,6,7]
   94 | 0.01000 |   1.0611 |   29.71% |   36.98% |    0:10.73
      bandwidth/experts | c7:bw=45,experts=[1,4,6,7]; c2:bw=65,experts=[0,3,4,5,6,7]; c5:bw=41,experts=[4,5,6,7]; c4:bw=31,experts=[4,6,7]; c6:bw=30,experts=[1,4,6]; c9:bw=50,experts=[3,4,5,6,7]; c1:bw=70,experts=[1,2,3,4,5,6,7]; c8:bw=10,experts=[2]; c0:bw=55,experts=[2,3,4,6,7]; c3:bw=34,experts=[4,6,7]
   95 | 0.01000 |   1.1106 |   28.43% |   36.98% |    0:11.19
      bandwidth/experts | c7:bw=59,experts=[3,4,5,6,7]; c9:bw=42,experts=[4,5,6,7]; c4:bw=15,experts=[0]; c6:bw=40,experts=[2,4,5,6]; c0:bw=35,experts=[4,6,7]; c3:bw=41,experts=[2,3,4,5]; c1:bw=31,experts=[0,4,6]; c8:bw=76,experts=[0,1,3,4,5,6,7]; c2:bw=23,experts=[2,4]; c5:bw=10,experts=[4]
   96 | 0.01000 |   1.0387 |   28.98% |   36.98% |    0:11.41
      bandwidth/experts | c2:bw=65,experts=[0,3,4,5,6,7]; c9:bw=44,experts=[3,4,6,7]; c3:bw=46,experts=[3,4,6,7]; c1:bw=36,experts=[4,6,7]; c5:bw=60,experts=[0,3,4,5,6,7]; c4:bw=49,experts=[1,2,4,6]; c6:bw=31,experts=[4,6,7]; c7:bw=50,experts=[3,4,5,6,7]; c0:bw=36,experts=[0,4,6]; c8:bw=64,experts=[0,3,4,5,6,7]
   97 | 0.01000 |   1.0351 |   29.38% |   36.98% |    0:11.07
      bandwidth/experts | c0:bw=41,experts=[1,4,6,7]; c9:bw=43,experts=[4,5,6,7]; c8:bw=43,experts=[3,4,6,7]; c4:bw=16,experts=[4]; c7:bw=30,experts=[4,6,7]; c1:bw=50,experts=[3,4,5,6,7]; c3:bw=35,experts=[1,4,6]; c5:bw=46,experts=[1,4,6,7]; c6:bw=50,experts=[2,3,4,6,7]; c2:bw=54,experts=[3,4,5,6,7]
   98 | 0.01000 |   1.0267 |   31.09% |   36.98% |    0:10.67
      bandwidth/experts | c4:bw=52,experts=[3,4,5,6,7]; c8:bw=54,experts=[3,4,5,6,7]; c9:bw=27,experts=[0,4]; c7:bw=24,experts=[0,2]; c6:bw=36,experts=[4,6,7]; c5:bw=49,experts=[4,5,6,7]; c0:bw=33,experts=[4,5,6]; c3:bw=25,experts=[4,6]; c1:bw=26,experts=[4,6]; c2:bw=24,experts=[4,6]
   99 | 0.01000 |   1.0242 |   35.38% |   36.98% |    0:10.62
      bandwidth/experts | c8:bw=34,experts=[4,6,7]; c5:bw=49,experts=[4,5,6,7]; c7:bw=45,experts=[3,4,6,7]; c1:bw=59,experts=[2,3,4,6,7]; c3:bw=38,experts=[0,4,6]; c9:bw=20,experts=[1,4]; c4:bw=24,experts=[4,6]; c0:bw=40,experts=[3,4,6,7]; c2:bw=31,experts=[4,6,7]; c6:bw=35,experts=[0,4,6]
  100 | 0.01000 |   1.0109 |   34.74% |   36.98% |    0:10.59
      bandwidth/experts | c2:bw=30,experts=[4,6,7]; c8:bw=44,experts=[3,4,6,7]; c9:bw=53,experts=[3,4,5,6,7]; c5:bw=18,experts=[4]; c6:bw=44,experts=[2,4,6,7]; c1:bw=17,experts=[4]; c4:bw=65,experts=[0,3,4,5,6,7]; c7:bw=10,experts=[4]; c3:bw=42,experts=[3,4,6,7]; c0:bw=64,experts=[2,3,4,5,6,7]

Done. Best Acc: 36.98% @ round 74
Total time: 17:43.57
[Export] 实验目录: /userhome/cs3/duanty/FedMoE/results/exp01-stl10-resnet-e8-fedadam-lr1e3/20260922-012313
[Export] 每轮明细: /userhome/cs3/duanty/FedMoE/results/exp01-stl10-resnet-e8-fedadam-lr1e3/20260922-012313/rounds.xlsx
[Export] 总体摘要: /userhome/cs3/duanty/FedMoE/results/exp01-stl10-resnet-e8-fedadam-lr1e3/20260922-012313/summary.xlsx
[Plot] result = /userhome/cs3/duanty/FedMoE/results/exp01-stl10-resnet-e8-fedadam-lr1e3/20260922-012313
[Plot] figures -> /userhome/cs3/duanty/FedMoE/results/exp01-stl10-resnet-e8-fedadam-lr1e3/20260922-012313/figure
  fig01_test_accuracy.pdf
  fig02_train_loss.pdf
  fig03_acc_and_loss.pdf
  fig04_bandwidth_and_k.pdf
  fig05_expert_round_heatmap.pdf
  fig06_client_expert_heatmap.pdf
  fig07_expert_frequency.pdf
  fig08_time_breakdown.pdf
  fig09_accuracy_vs_communication.pdf
  fig10_overview.pdf
[Export] 图片目录: /userhome/cs3/duanty/FedMoE/results/exp01-stl10-resnet-e8-fedadam-lr1e3/20260922-012313/figure
