========================================
Job    : exp02-cinic-resnet-e8-fedavg
Host   : gpu-4090-103
Date   : Tue Sep 22 20:24:55 HKT 2026
GPU    : 0
Python : /userhome/cs3/duanty/miniconda3/envs/moe/bin/python
Command: python -u main.py --method ours --dataset cinic-10 --backbone resnet --select ours --merge fedavg --device cuda --num_experts 8 --bw_max -1 --output_dir ./results/exp02-cinic-resnet-e8-fedavg
========================================

==================================================================
 Ours  
  Dataset=cinic-10 | beta=0.1 | Backbone=resnet | width_mult=1 | Clients=10 | Experts=8
  Select=ours | Merge=fedavg
  Expert refresh N_ref=8
  Rounds=100 | LR=0.01
  Bandwidth: expert_bw=10 | bw=[10, 80] | Rayleigh-Shannon, SNR=10 dB | k=floor(bw/10)
==================================================================


[Partition] Dirichlet beta=0.1, 10 clients
  Client 0:   3965 samples | 2/10 classes
  Client 1:   8598 samples | 7/10 classes
  Client 2:   8213 samples | 5/10 classes
  Client 3:   3690 samples | 4/10 classes
  Client 4:  37608 samples | 8/10 classes
  Client 5:   9093 samples | 5/10 classes
  Client 6:  10275 samples | 6/10 classes
  Client 7:    306 samples | 6/10 classes
  Client 8:   5696 samples | 6/10 classes
  Client 9:   2556 samples | 10/10 classes

[Upload] expert_bw=10 | available bw=[10, 80] | Rayleigh-Shannon, SNR=10 dB | upload k=floor(bw/10), cap=8 | probe gate scores, refresh stale experts, then train selected

[Model] Total params: 13,315,216

[Export] 本次实验目录: /userhome/cs3/duanty/FedMoE/results/exp02-cinic-resnet-e8-fedavg/20260922-202500

Round |      LR |  AvgLoss |  TestAcc |     Best |  RoundTime
--------------------------------------------------------------------------------
    1 | 0.00208 |   1.3782 |   18.69% |   18.69% |    5:11.45
      bandwidth/experts | c8:bw=55,experts=[1,2,4,5,6]; c1:bw=29,experts=[2,6]; c5:bw=44,experts=[1,2,4,6]; c0:bw=10,experts=[2]; c7:bw=20,experts=[2,4]; c2:bw=29,experts=[2,4]; c9:bw=45,experts=[1,2,4,6]; c4:bw=40,experts=[1,2,4,6]; c3:bw=51,experts=[1,2,4,5,6]; c6:bw=41,experts=[1,2,4,6]
    2 | 0.00406 |   1.1231 |   40.44% |   40.44% |    3:26.50
      bandwidth/experts | c0:bw=36,experts=[2,4,6]; c1:bw=41,experts=[1,2,4,6]; c8:bw=48,experts=[0,2,4,6]; c5:bw=69,experts=[0,1,2,4,5,6]; c3:bw=67,experts=[0,1,2,4,5,6]; c4:bw=30,experts=[2,4,6]; c7:bw=55,experts=[0,1,2,4,6]; c9:bw=46,experts=[0,2,4,6]; c6:bw=17,experts=[4]; c2:bw=22,experts=[4,6]
    3 | 0.00604 |   1.0293 |   46.31% |   46.31% |    3:17.25
      bandwidth/experts | c9:bw=48,experts=[0,2,4,6]; c2:bw=42,experts=[1,2,4,6]; c0:bw=50,experts=[0,2,4,5,6]; c6:bw=40,experts=[0,2,4,6]; c8:bw=30,experts=[2,4,6]; c5:bw=13,experts=[4]; c3:bw=26,experts=[4,6]; c7:bw=33,experts=[2,4,6]; c1:bw=13,experts=[4]; c4:bw=52,experts=[0,1,2,4,6]
    4 | 0.00802 |   0.9926 |   50.43% |   50.43% |    3:14.93
      bandwidth/experts | c1:bw=40,experts=[1,2,4,6]; c7:bw=45,experts=[0,2,4,6]; c6:bw=53,experts=[0,1,2,4,6]; c2:bw=60,experts=[0,1,2,3,4,6]; c8:bw=31,experts=[2,4,6]; c0:bw=59,experts=[0,1,2,4,6]; c3:bw=34,experts=[2,4,6]; c4:bw=56,experts=[0,1,2,4,6]; c5:bw=73,experts=[0,1,2,4,5,6,7]; c9:bw=22,experts=[4,6]
    5 | 0.01000 |   0.9599 |   54.45% |   54.45% |    3:24.95
      bandwidth/experts | c1:bw=20,experts=[4,6]; c5:bw=40,experts=[2,4,5,6]; c4:bw=48,experts=[2,4,5,6]; c8:bw=37,experts=[2,4,6]; c0:bw=50,experts=[0,2,4,5,6]; c7:bw=24,experts=[4,6]; c6:bw=53,experts=[0,2,4,5,6]; c3:bw=63,experts=[0,1,2,4,5,6]; c2:bw=10,experts=[4]; c9:bw=62,experts=[0,1,2,4,5,6]
    6 | 0.01000 |   0.9317 |   54.40% |   54.45% |    3:17.69
      bandwidth/experts | c8:bw=67,experts=[0,1,2,4,5,6]; c2:bw=42,experts=[1,2,4,6]; c5:bw=27,experts=[4,6]; c7:bw=58,experts=[0,2,4,5,6]; c3:bw=36,experts=[2,4,6]; c1:bw=32,experts=[2,4,6]; c9:bw=48,experts=[1,2,4,6]; c0:bw=31,experts=[2,4,6]; c4:bw=17,experts=[4]; c6:bw=20,experts=[4,6]
    7 | 0.01000 |   0.9108 |   57.09% |   57.09% |    3:19.68
      bandwidth/experts | c0:bw=36,experts=[2,4,6]; c5:bw=49,experts=[2,4,5,6]; c2:bw=40,experts=[1,2,4,6]; c6:bw=13,experts=[4]; c3:bw=26,experts=[4,6]; c7:bw=31,experts=[2,4,6]; c4:bw=14,experts=[4]; c1:bw=10,experts=[4]; c8:bw=57,experts=[0,2,4,5,6]; c9:bw=10,experts=[4]
    8 | 0.01000 |   0.9193 |   53.74% |   57.09% |    3:28.87
      bandwidth/experts | c4:bw=10,experts=[3]; c8:bw=37,experts=[3,4,7]; c1:bw=58,experts=[0,3,4,5,7]; c3:bw=37,experts=[3,4,7]; c0:bw=32,experts=[3,4,7]; c5:bw=28,experts=[3,4]; c2:bw=54,experts=[2,4,5,6,7]; c9:bw=59,experts=[2,3,4,6,7]; c7:bw=15,experts=[3]; c6:bw=41,experts=[3,4,6,7]
    9 | 0.01000 |   0.9188 |   56.43% |   57.09% |    3:19.43
      bandwidth/experts | c2:bw=21,experts=[4,6]; c0:bw=52,experts=[0,2,4,5,6]; c4:bw=59,experts=[2,4,5,6,7]; c9:bw=26,experts=[4,6]; c8:bw=18,experts=[4]; c6:bw=31,experts=[4,5,6]; c7:bw=46,experts=[4,5,6,7]; c5:bw=52,experts=[2,4,5,6,7]; c1:bw=14,experts=[4]; c3:bw=23,experts=[4,6]
   10 | 0.01000 |   0.8797 |   59.23% |   59.23% |    3:27.82
      bandwidth/experts | c4:bw=37,experts=[4,5,6]; c2:bw=34,experts=[4,5,6]; c7:bw=37,experts=[1,4,6]; c0:bw=59,experts=[0,2,4,5,6]; c6:bw=65,experts=[0,2,4,5,6,7]; c3:bw=46,experts=[2,4,5,6]; c5:bw=58,experts=[2,4,5,6,7]; c8:bw=35,experts=[4,5,6]; c9:bw=35,experts=[4,6,7]; c1:bw=41,experts=[1,4,5,6]
   11 | 0.01000 |   0.8622 |   59.45% |   59.45% |    3:17.96
      bandwidth/experts | c5:bw=28,experts=[4,6]; c2:bw=27,experts=[4,6]; c7:bw=44,experts=[2,4,5,6]; c3:bw=50,experts=[0,2,4,5,6]; c0:bw=28,experts=[4,6]; c8:bw=39,experts=[4,5,6]; c9:bw=33,experts=[4,5,6]; c6:bw=55,experts=[2,4,5,6,7]; c1:bw=40,experts=[1,4,5,6]; c4:bw=16,experts=[4]
   12 | 0.01000 |   0.8527 |   55.31% |   59.45% |    3:18.94
      bandwidth/experts | c1:bw=42,experts=[1,4,5,6]; c5:bw=56,experts=[0,1,4,5,6]; c2:bw=57,experts=[0,3,4,5,6]; c4:bw=28,experts=[0,1]; c3:bw=35,experts=[4,5,6]; c7:bw=30,experts=[4,5,6]; c9:bw=42,experts=[4,5,6,7]; c6:bw=29,experts=[1,4]; c8:bw=55,experts=[0,2,4,5,6]; c0:bw=49,experts=[1,2,4,6]
   13 | 0.01000 |   0.9707 |   55.83% |   59.45% |    3:27.17
      bandwidth/experts | c3:bw=30,experts=[1,4,6]; c1:bw=47,experts=[4,5,6,7]; c4:bw=10,experts=[4]; c5:bw=29,experts=[4,6]; c8:bw=15,experts=[4]; c6:bw=36,experts=[4,5,6]; c9:bw=15,experts=[0]; c7:bw=58,experts=[1,4,5,6,7]; c0:bw=25,experts=[4,6]; c2:bw=16,experts=[4]
   14 | 0.01000 |   0.8473 |   61.56% |   61.56% |    3:18.96
      bandwidth/experts | c2:bw=45,experts=[1,4,5,6]; c4:bw=10,experts=[4]; c5:bw=64,experts=[1,2,4,5,6,7]; c1:bw=38,experts=[2,4,6]; c7:bw=25,experts=[0,4]; c0:bw=25,experts=[4,6]; c9:bw=32,experts=[1,4,6]; c3:bw=45,experts=[2,4,5,6]; c8:bw=21,experts=[1,4]; c6:bw=67,experts=[1,2,4,5,6,7]
   15 | 0.01000 |   0.8329 |   61.25% |   61.56% |    3:19.12
      bandwidth/experts | c7:bw=59,experts=[1,4,5,6,7]; c0:bw=20,experts=[4,6]; c1:bw=14,experts=[4]; c8:bw=52,experts=[1,2,4,5,6]; c3:bw=10,experts=[4]; c2:bw=53,experts=[1,4,5,6,7]; c4:bw=47,experts=[4,5,6,7]; c5:bw=18,experts=[4]; c9:bw=19,experts=[4]; c6:bw=33,experts=[4,6,7]
   16 | 0.01000 |   0.9002 |   60.46% |   61.56% |    3:27.37
      bandwidth/experts | c6:bw=40,experts=[3,4,5,6]; c1:bw=29,experts=[0,3]; c3:bw=43,experts=[3,4,6,7]; c8:bw=49,experts=[3,4,6,7]; c7:bw=22,experts=[3,4]; c5:bw=40,experts=[3,4,5,6]; c4:bw=35,experts=[3,4,6]; c9:bw=24,experts=[2,3]; c0:bw=57,experts=[3,4,5,6,7]; c2:bw=52,experts=[1,2,4,5,6]
   17 | 0.01000 |   0.8331 |   62.94% |   62.94% |    3:19.63
      bandwidth/experts | c4:bw=58,experts=[2,4,5,6,7]; c7:bw=25,experts=[4,6]; c8:bw=10,experts=[4]; c3:bw=52,experts=[0,2,4,5,6]; c5:bw=10,experts=[4]; c1:bw=29,experts=[4,6]; c0:bw=11,experts=[4]; c2:bw=19,experts=[4]; c9:bw=37,experts=[4,5,6]; c6:bw=39,experts=[4,5,6]
   18 | 0.01000 |   0.8205 |   62.49% |   62.94% |    3:25.69
      bandwidth/experts | c1:bw=10,experts=[4]; c8:bw=10,experts=[4]; c5:bw=35,experts=[4,5,6]; c2:bw=37,experts=[4,5,6]; c9:bw=19,experts=[4]; c7:bw=55,experts=[1,4,5,6,7]; c4:bw=56,experts=[1,4,5,6,7]; c3:bw=37,experts=[4,5,6]; c0:bw=49,experts=[0,4,5,6]; c6:bw=31,experts=[0,4,6]
   19 | 0.01000 |   0.8061 |   63.36% |   63.36% |    3:16.06
      bandwidth/experts | c8:bw=56,experts=[2,4,5,6,7]; c0:bw=42,experts=[2,4,5,6]; c4:bw=51,experts=[1,4,5,6,7]; c1:bw=46,experts=[1,4,5,6]; c9:bw=38,experts=[4,5,6]; c5:bw=29,experts=[4,6]; c7:bw=22,experts=[2,4]; c2:bw=14,experts=[4]; c6:bw=66,experts=[1,2,4,5,6,7]; c3:bw=40,experts=[2,4,5,6]
   20 | 0.01000 |   0.8435 |   64.13% |   64.13% |    3:17.87
      bandwidth/experts | c0:bw=28,experts=[1,4]; c2:bw=41,experts=[0,3,4,6]; c1:bw=40,experts=[4,5,6,7]; c9:bw=17,experts=[7]; c7:bw=43,experts=[4,5,6,7]; c6:bw=68,experts=[1,2,4,5,6,7]; c3:bw=18,experts=[4]; c5:bw=10,experts=[0]; c4:bw=59,experts=[0,4,5,6,7]; c8:bw=50,experts=[0,1,4,5,6]
   21 | 0.01000 |   0.9136 |   62.76% |   64.13% |    3:28.21
      bandwidth/experts | c1:bw=41,experts=[4,5,6,7]; c2:bw=39,experts=[4,5,6]; c7:bw=12,experts=[4]; c4:bw=48,experts=[4,5,6,7]; c8:bw=18,experts=[4]; c5:bw=32,experts=[4,5,6]; c0:bw=66,experts=[0,1,2,4,5,6]; c3:bw=10,experts=[1]; c6:bw=16,experts=[4]; c9:bw=25,experts=[0,4]
   22 | 0.01000 |   0.8681 |   60.96% |   64.13% |    3:18.09
      bandwidth/experts | c7:bw=16,experts=[0]; c9:bw=33,experts=[1,4,6]; c1:bw=10,experts=[2]; c6:bw=61,experts=[1,2,4,5,6,7]; c5:bw=17,experts=[1]; c2:bw=66,experts=[0,1,4,5,6,7]; c0:bw=67,experts=[0,1,2,4,5,6]; c4:bw=36,experts=[4,6,7]; c3:bw=56,experts=[0,2,4,5,6]; c8:bw=33,experts=[4,5,6]
   23 | 0.01000 |   0.8092 |   63.74% |   64.13% |    3:21.58
      bandwidth/experts | c5:bw=52,experts=[2,4,5,6,7]; c7:bw=15,experts=[4]; c4:bw=56,experts=[2,4,5,6,7]; c6:bw=10,experts=[4]; c9:bw=50,experts=[1,4,5,6,7]; c8:bw=35,experts=[4,5,6]; c3:bw=15,experts=[4]; c1:bw=62,experts=[1,2,4,5,6,7]; c2:bw=32,experts=[4,6,7]; c0:bw=11,experts=[4]
   24 | 0.01000 |   0.9871 |   61.86% |   64.13% |    3:24.08
      bandwidth/experts | c6:bw=30,experts=[3,4,6]; c4:bw=12,experts=[3]; c7:bw=10,experts=[3]; c9:bw=50,experts=[1,2,3,4,6]; c2:bw=43,experts=[2,4,5,6]; c1:bw=10,experts=[0]; c5:bw=25,experts=[3,4]; c8:bw=18,experts=[3]; c3:bw=10,experts=[3]; c0:bw=31,experts=[3,4,7]
   25 | 0.01000 |   1.0194 |   60.25% |   64.13% |    3:17.16
      bandwidth/experts | c9:bw=40,experts=[4,5,6,7]; c6:bw=16,experts=[4]; c4:bw=58,experts=[1,4,5,6,7]; c3:bw=14,experts=[7]; c5:bw=64,experts=[1,2,4,5,6,7]; c1:bw=49,experts=[3,4,6,7]; c8:bw=55,experts=[1,4,5,6,7]; c2:bw=12,experts=[4]; c0:bw=56,experts=[0,2,4,5,6]; c7:bw=40,experts=[4,5,6,7]
   26 | 0.01000 |   0.8040 |   62.71% |   64.13% |    3:29.25
      bandwidth/experts | c3:bw=44,experts=[2,4,5,6]; c6:bw=34,experts=[0,4,6]; c9:bw=50,experts=[1,4,5,6,7]; c7:bw=31,experts=[1,4,6]; c1:bw=33,experts=[1,4,6]; c5:bw=20,experts=[4,6]; c2:bw=30,experts=[4,5,6]; c8:bw=53,experts=[1,2,4,5,6]; c0:bw=11,experts=[4]; c4:bw=48,experts=[4,5,6,7]
   27 | 0.01000 |   0.7858 |   64.43% |   64.43% |    3:18.25
      bandwidth/experts | c7:bw=51,experts=[2,4,5,6,7]; c1:bw=62,experts=[1,2,4,5,6,7]; c4:bw=12,experts=[4]; c0:bw=36,experts=[2,4,6]; c9:bw=18,experts=[4]; c2:bw=20,experts=[4,6]; c8:bw=55,experts=[1,4,5,6,7]; c3:bw=21,experts=[4,6]; c6:bw=63,experts=[1,2,4,5,6,7]; c5:bw=37,experts=[4,5,6]
   28 | 0.01000 |   0.8101 |   58.99% |   64.43% |    3:18.36
      bandwidth/experts | c6:bw=29,experts=[4,6]; c9:bw=49,experts=[4,5,6,7]; c0:bw=47,experts=[2,4,5,6]; c8:bw=29,experts=[0,4]; c2:bw=10,experts=[3]; c5:bw=33,experts=[0,4,6]; c1:bw=25,experts=[4,6]; c3:bw=12,experts=[4]; c4:bw=10,experts=[0]; c7:bw=10,experts=[4]
   29 | 0.01000 |   0.8289 |   61.97% |   64.43% |    3:27.67
      bandwidth/experts | c4:bw=38,experts=[4,5,6]; c0:bw=44,experts=[2,4,5,6]; c1:bw=33,experts=[4,5,6]; c9:bw=44,experts=[0,4,5,6]; c6:bw=43,experts=[4,5,6,7]; c8:bw=34,experts=[4,5,6]; c7:bw=21,experts=[4,6]; c3:bw=32,experts=[1,4,6]; c2:bw=18,experts=[4]; c5:bw=33,experts=[4,5,6]
   30 | 0.01000 |   1.0049 |   62.15% |   64.43% |    3:19.32
      bandwidth/experts | c5:bw=62,experts=[1,2,4,5,6,7]; c1:bw=35,experts=[4,6,7]; c9:bw=54,experts=[1,4,5,6,7]; c4:bw=51,experts=[2,4,5,6,7]; c0:bw=17,experts=[1]; c8:bw=41,experts=[1,4,5,6]; c6:bw=11,experts=[4]; c7:bw=12,experts=[0]; c3:bw=59,experts=[0,2,4,5,6]; c2:bw=27,experts=[0,1]
   31 | 0.01000 |   0.8485 |   62.19% |   64.43% |    3:18.59
      bandwidth/experts | c6:bw=29,experts=[4,6]; c4:bw=19,experts=[4]; c9:bw=45,experts=[4,5,6,7]; c1:bw=30,experts=[4,6,7]; c5:bw=62,experts=[1,2,4,5,6,7]; c8:bw=33,experts=[1,4,6]; c3:bw=24,experts=[4,6]; c2:bw=15,experts=[7]; c0:bw=47,experts=[2,4,5,6]; c7:bw=63,experts=[1,2,4,5,6,7]
   32 | 0.01000 |   0.7838 |   65.58% |   65.58% |    3:27.13
      bandwidth/experts | c8:bw=21,experts=[3,4]; c5:bw=36,experts=[3,4,6]; c4:bw=49,experts=[3,4,5,6]; c7:bw=47,experts=[3,4,6,7]; c0:bw=46,experts=[3,4,6,7]; c1:bw=21,experts=[0,4]; c3:bw=28,experts=[3,4]; c6:bw=27,experts=[3,4]; c2:bw=54,experts=[2,4,5,6,7]; c9:bw=31,experts=[2,3,4]
   33 | 0.01000 |   0.7650 |   66.66% |   66.66% |    3:17.27
      bandwidth/experts | c7:bw=52,experts=[1,4,5,6,7]; c1:bw=34,experts=[3,4,6]; c3:bw=70,experts=[0,1,2,4,5,6,7]; c6:bw=37,experts=[4,5,6]; c5:bw=29,experts=[4,6]; c9:bw=42,experts=[1,4,5,6]; c2:bw=24,experts=[4,6]; c8:bw=50,experts=[2,4,5,6,7]; c4:bw=45,experts=[1,4,5,6]; c0:bw=62,experts=[0,2,3,4,5,6]
   34 | 0.01000 |   0.7619 |   66.74% |   66.74% |    3:27.23
      bandwidth/experts | c4:bw=46,experts=[4,5,6,7]; c1:bw=46,experts=[4,5,6,7]; c6:bw=48,experts=[0,4,5,6]; c9:bw=68,experts=[1,2,4,5,6,7]; c8:bw=42,experts=[2,4,5,6]; c0:bw=22,experts=[4,6]; c5:bw=60,experts=[1,2,4,5,6,7]; c7:bw=32,experts=[4,5,6]; c3:bw=72,experts=[0,1,2,3,4,5,6]; c2:bw=54,experts=[1,4,5,6,7]
   35 | 0.01000 |   0.7578 |   66.70% |   66.74% |    3:19.19
      bandwidth/experts | c4:bw=33,experts=[4,5,6]; c0:bw=20,experts=[4,6]; c1:bw=31,experts=[1,2,4]; c6:bw=44,experts=[1,2,4,6]; c2:bw=46,experts=[1,4,5,6]; c8:bw=50,experts=[1,2,4,5,6]; c9:bw=27,experts=[4,6]; c7:bw=48,experts=[4,5,6,7]; c5:bw=41,experts=[4,5,6,7]; c3:bw=24,experts=[4,6]
   36 | 0.01000 |   0.7515 |   66.98% |   66.98% |    3:18.41
      bandwidth/experts | c9:bw=37,experts=[4,6,7]; c0:bw=36,experts=[4,5,6]; c3:bw=60,experts=[0,1,2,4,5,6]; c7:bw=27,experts=[4,6]; c6:bw=43,experts=[4,5,6,7]; c5:bw=49,experts=[0,4,5,6]; c1:bw=10,experts=[4]; c4:bw=74,experts=[0,1,2,4,5,6,7]; c8:bw=51,experts=[0,1,4,5,6]; c2:bw=50,experts=[1,3,4,5,6]
   37 | 0.01000 |   0.7504 |   66.82% |   66.98% |    3:26.77
      bandwidth/experts | c1:bw=18,experts=[4]; c5:bw=39,experts=[4,5,6]; c2:bw=36,experts=[4,5,6]; c6:bw=65,experts=[1,2,4,5,6,7]; c4:bw=39,experts=[4,5,6]; c7:bw=42,experts=[4,5,6,7]; c9:bw=40,experts=[0,4,5,6]; c0:bw=54,experts=[2,3,4,5,6]; c3:bw=36,experts=[2,4,6]; c8:bw=10,experts=[4]
   38 | 0.01000 |   0.7594 |   65.75% |   66.98% |    3:19.16
      bandwidth/experts | c8:bw=46,experts=[2,4,5,6]; c6:bw=17,experts=[4]; c4:bw=52,experts=[1,4,5,6,7]; c1:bw=31,experts=[4,5,6]; c5:bw=10,experts=[4]; c2:bw=10,experts=[0]; c3:bw=38,experts=[2,4,6]; c7:bw=51,experts=[0,4,5,6,7]; c9:bw=26,experts=[4,6]; c0:bw=40,experts=[1,4,5,6]
   39 | 0.01000 |   0.7468 |   67.91% |   67.91% |    3:18.21
      bandwidth/experts | c3:bw=26,experts=[4,6]; c0:bw=10,experts=[4]; c1:bw=45,experts=[4,5,6,7]; c7:bw=40,experts=[2,4,5,6]; c6:bw=31,experts=[4,5,6]; c8:bw=45,experts=[2,4,5,6]; c2:bw=36,experts=[4,5,6]; c4:bw=36,experts=[4,5,6]; c9:bw=24,experts=[4,6]; c5:bw=75,experts=[1,2,3,4,5,6,7]
   40 | 0.01000 |   0.7363 |   63.61% |   67.91% |    3:27.19
      bandwidth/experts | c8:bw=26,experts=[3,4]; c1:bw=42,experts=[0,4,5,6]; c5:bw=32,experts=[4,5,6]; c6:bw=46,experts=[3,4,5,6]; c2:bw=65,experts=[1,2,4,5,6,7]; c7:bw=66,experts=[2,3,4,5,6,7]; c3:bw=10,experts=[4]; c4:bw=19,experts=[3]; c9:bw=40,experts=[3,4,5,6]; c0:bw=36,experts=[4,6,7]
   41 | 0.01000 |   0.9589 |   60.91% |   67.91% |    3:19.03
      bandwidth/experts | c2:bw=54,experts=[1,4,5,6,7]; c6:bw=10,experts=[4]; c8:bw=57,experts=[1,4,5,6,7]; c1:bw=10,experts=[3]; c4:bw=50,experts=[1,4,5,6,7]; c5:bw=61,experts=[1,2,4,5,6,7]; c7:bw=68,experts=[1,2,4,5,6,7]; c3:bw=40,experts=[4,5,6,7]; c9:bw=54,experts=[1,4,5,6,7]; c0:bw=10,experts=[0]
   42 | 0.01000 |   0.7725 |   65.02% |   67.91% |    3:27.39
      bandwidth/experts | c5:bw=50,experts=[2,4,5,6,7]; c1:bw=49,experts=[4,5,6,7]; c3:bw=48,experts=[2,3,4,6]; c9:bw=51,experts=[2,4,5,6,7]; c6:bw=34,experts=[0,4,6]; c0:bw=15,experts=[4]; c7:bw=20,experts=[4,6]; c4:bw=55,experts=[2,4,5,6,7]; c8:bw=42,experts=[2,4,5,6]; c2:bw=40,experts=[4,5,6,7]
   43 | 0.01000 |   0.7414 |   66.79% |   67.91% |    3:19.49
      bandwidth/experts | c5:bw=53,experts=[2,4,5,6,7]; c1:bw=58,experts=[1,2,4,5,6]; c2:bw=51,experts=[1,4,5,6,7]; c8:bw=45,experts=[2,4,5,6]; c9:bw=32,experts=[4,5,6]; c7:bw=21,experts=[4,6]; c4:bw=34,experts=[4,5,6]; c6:bw=12,experts=[4]; c3:bw=65,experts=[2,3,4,5,6,7]; c0:bw=21,experts=[4,6]
   44 | 0.01000 |   0.7356 |   67.11% |   67.91% |    3:19.26
      bandwidth/experts | c0:bw=66,experts=[0,2,3,4,5,6]; c3:bw=47,experts=[0,1,4,6]; c4:bw=29,experts=[0,4]; c2:bw=37,experts=[3,4,6]; c7:bw=75,experts=[0,1,2,4,5,6,7]; c5:bw=24,experts=[0,4]; c6:bw=20,experts=[4,6]; c9:bw=37,experts=[4,5,6]; c8:bw=34,experts=[0,4,6]; c1:bw=45,experts=[4,5,6,7]
   45 | 0.01000 |   0.7487 |   65.84% |   67.91% |    3:34.75
      bandwidth/experts | c8:bw=55,experts=[2,3,4,5,6]; c0:bw=36,experts=[2,4,6]; c3:bw=67,experts=[1,2,3,4,5,6]; c4:bw=64,experts=[1,2,4,5,6,7]; c7:bw=36,experts=[4,5,6]; c2:bw=49,experts=[1,4,5,6]; c9:bw=25,experts=[0,4]; c6:bw=10,experts=[1]; c5:bw=44,experts=[4,5,6,7]; c1:bw=56,experts=[1,4,5,6,7]
   46 | 0.01000 |   0.7353 |   68.10% |   68.10% |    3:20.31
      bandwidth/experts | c9:bw=37,experts=[4,5,6]; c3:bw=27,experts=[4,6]; c6:bw=39,experts=[2,4,7]; c1:bw=41,experts=[1,4,5,6]; c4:bw=64,experts=[1,2,4,5,6,7]; c5:bw=41,experts=[4,5,6,7]; c2:bw=57,experts=[0,1,4,5,6]; c8:bw=39,experts=[4,5,6]; c0:bw=55,experts=[1,2,4,5,6]; c7:bw=28,experts=[4,6]
   47 | 0.01000 |   0.7271 |   68.81% |   68.81% |    3:18.77
      bandwidth/experts | c5:bw=52,experts=[3,4,5,6,7]; c6:bw=22,experts=[4,6]; c7:bw=53,experts=[2,4,5,6,7]; c9:bw=17,experts=[4]; c8:bw=39,experts=[4,5,6]; c3:bw=70,experts=[0,1,2,3,4,5,6]; c4:bw=10,experts=[4]; c0:bw=46,experts=[2,3,4,6]; c1:bw=30,experts=[4,5,6]; c2:bw=54,experts=[1,4,5,6,7]
   48 | 0.01000 |   0.8250 |   69.11% |   69.11% |    3:29.66
      bandwidth/experts | c1:bw=50,experts=[0,4,5,6,7]; c8:bw=50,experts=[1,2,4,5,6]; c4:bw=67,experts=[2,3,4,5,6,7]; c2:bw=57,experts=[2,4,5,6,7]; c9:bw=52,experts=[1,3,4,5,6]; c6:bw=45,experts=[3,4,5,6]; c5:bw=55,experts=[2,4,5,6,7]; c7:bw=62,experts=[2,3,4,5,6,7]; c0:bw=16,experts=[7]; c3:bw=18,experts=[4]
   49 | 0.01000 |   0.7261 |   68.59% |   69.11% |    3:19.63
      bandwidth/experts | c4:bw=48,experts=[2,4,5,6]; c3:bw=32,experts=[2,4,6]; c8:bw=26,experts=[4,7]; c0:bw=20,experts=[4,6]; c2:bw=58,experts=[1,4,5,6,7]; c5:bw=56,experts=[1,2,4,5,6]; c6:bw=13,experts=[4]; c7:bw=44,experts=[4,5,6,7]; c9:bw=53,experts=[1,4,5,6,7]; c1:bw=54,experts=[3,4,5,6,7]
   50 | 0.01000 |   0.7196 |   69.00% |   69.11% |    3:27.78
      bandwidth/experts | c8:bw=32,experts=[2,4,6]; c4:bw=10,experts=[4]; c7:bw=34,experts=[4,5,6]; c6:bw=68,experts=[0,2,4,5,6,7]; c2:bw=63,experts=[1,2,4,5,6,7]; c1:bw=64,experts=[1,2,4,5,6,7]; c3:bw=39,experts=[2,4,6]; c0:bw=29,experts=[4,6]; c9:bw=27,experts=[2,4]; c5:bw=31,experts=[4,5,6]
   51 | 0.01000 |   0.7135 |   68.51% |   69.11% |    3:19.42
      bandwidth/experts | c5:bw=47,experts=[4,5,6,7]; c0:bw=53,experts=[2,3,4,5,6]; c1:bw=21,experts=[4,6]; c2:bw=20,experts=[4,6]; c8:bw=46,experts=[2,4,5,6]; c6:bw=52,experts=[2,4,5,6,7]; c9:bw=18,experts=[4]; c3:bw=55,experts=[2,4,5,6,7]; c4:bw=11,experts=[4]; c7:bw=27,experts=[4,6]
   52 | 0.01000 |   0.7241 |   68.95% |   69.11% |    3:19.02
      bandwidth/experts | c0:bw=46,experts=[0,2,4,6]; c8:bw=18,experts=[0]; c5:bw=24,experts=[0,4]; c7:bw=34,experts=[0,1,4]; c1:bw=40,experts=[4,5,6,7]; c4:bw=33,experts=[0,4,6]; c9:bw=31,experts=[4,5,6]; c6:bw=51,experts=[2,4,5,6,7]; c2:bw=29,experts=[3,4]; c3:bw=43,experts=[2,4,5,6]
   53 | 0.01000 |   0.7135 |   69.25% |   69.25% |    3:29.04
      bandwidth/experts | c8:bw=22,experts=[3,4]; c4:bw=28,experts=[4,6]; c5:bw=44,experts=[4,5,6,7]; c1:bw=59,experts=[2,4,5,6,7]; c3:bw=47,experts=[2,4,5,6]; c9:bw=61,experts=[0,1,4,5,6,7]; c6:bw=36,experts=[1,4,6]; c7:bw=44,experts=[4,5,6,7]; c0:bw=39,experts=[2,4,6]; c2:bw=51,experts=[1,4,5,6,7]
   54 | 0.01000 |   0.7178 |   67.67% |   69.25% |    3:19.33
      bandwidth/experts | c2:bw=10,experts=[0]; c1:bw=53,experts=[1,4,5,6,7]; c8:bw=55,experts=[2,3,4,5,6]; c7:bw=61,experts=[1,2,4,5,6,7]; c3:bw=30,experts=[2,4,6]; c0:bw=37,experts=[1,4,6]; c6:bw=54,experts=[2,4,5,6,7]; c5:bw=10,experts=[4]; c9:bw=50,experts=[1,4,5,6,7]; c4:bw=32,experts=[1,4,6]
   55 | 0.01000 |   0.7126 |   69.07% |   69.25% |    3:22.87
      bandwidth/experts | c7:bw=54,experts=[2,4,5,6,7]; c2:bw=41,experts=[1,4,5,6]; c4:bw=14,experts=[4]; c3:bw=52,experts=[0,1,3,4,6]; c8:bw=14,experts=[4]; c5:bw=53,experts=[3,4,5,6,7]; c1:bw=60,experts=[1,2,4,5,6,7]; c6:bw=42,experts=[4,5,6,7]; c0:bw=27,experts=[4,6]; c9:bw=62,experts=[1,2,4,5,6,7]
   56 | 0.01000 |   0.7384 |   64.25% |   69.25% |    3:24.99
      bandwidth/experts | c9:bw=52,experts=[1,3,4,5,6]; c1:bw=56,experts=[0,4,5,6,7]; c3:bw=10,experts=[4]; c2:bw=53,experts=[1,4,5,6,7]; c5:bw=31,experts=[4,5,6]; c4:bw=10,experts=[3]; c8:bw=13,experts=[1]; c7:bw=18,experts=[3]; c6:bw=23,experts=[3,4]; c0:bw=70,experts=[0,2,3,4,5,6,7]
   57 | 0.01000 |   0.7625 |   65.25% |   69.25% |    3:19.80
      bandwidth/experts | c3:bw=64,experts=[0,2,3,4,5,6]; c8:bw=43,experts=[4,5,6,7]; c6:bw=48,experts=[4,5,6,7]; c1:bw=49,experts=[3,4,5,6]; c7:bw=69,experts=[1,2,4,5,6,7]; c0:bw=70,experts=[0,1,2,3,4,5,6]; c5:bw=44,experts=[1,2,4,6]; c4:bw=41,experts=[2,4,5,7]; c2:bw=33,experts=[4,5,6]; c9:bw=19,experts=[4]
   58 | 0.01000 |   0.7583 |   66.49% |   69.25% |    3:29.00
      bandwidth/experts | c7:bw=24,experts=[4,6]; c2:bw=10,experts=[2]; c9:bw=57,experts=[1,4,5,6,7]; c6:bw=55,experts=[0,4,5,6,7]; c5:bw=35,experts=[4,5,6]; c1:bw=30,experts=[4,5,6]; c8:bw=40,experts=[2,4,5,6]; c4:bw=38,experts=[4,5,6]; c3:bw=61,experts=[0,2,3,4,5,6]; c0:bw=47,experts=[2,3,4,6]
   59 | 0.01000 |   0.7217 |   68.49% |   69.25% |    3:21.22
      bandwidth/experts | c2:bw=37,experts=[4,5,6]; c8:bw=56,experts=[2,3,4,5,6]; c9:bw=28,experts=[4,6]; c6:bw=19,experts=[4]; c1:bw=65,experts=[0,1,4,5,6,7]; c4:bw=26,experts=[4,6]; c7:bw=28,experts=[4,6]; c5:bw=32,experts=[4,5,6]; c0:bw=52,experts=[2,3,4,5,6]; c3:bw=35,experts=[4,6,7]
   60 | 0.01000 |   0.7114 |   69.01% |   69.25% |    3:21.40
      bandwidth/experts | c0:bw=53,experts=[2,3,4,5,6]; c7:bw=48,experts=[0,4,5,6]; c4:bw=30,experts=[0,4,6]; c2:bw=30,experts=[3,4,6]; c5:bw=33,experts=[0,4,6]; c8:bw=24,experts=[0,4]; c6:bw=59,experts=[2,4,5,6,7]; c9:bw=10,experts=[4]; c1:bw=54,experts=[1,4,5,6,7]; c3:bw=44,experts=[2,3,4,6]
   61 | 0.01000 |   0.7029 |   69.22% |   69.25% |    3:29.51
      bandwidth/experts | c5:bw=49,experts=[4,5,6,7]; c6:bw=37,experts=[1,4,6]; c2:bw=29,experts=[4,6]; c9:bw=38,experts=[0,4,6]; c1:bw=33,experts=[4,5,6]; c3:bw=43,experts=[2,3,4,6]; c8:bw=55,experts=[2,3,4,5,6]; c4:bw=38,experts=[4,5,6]; c7:bw=43,experts=[2,4,5,6]; c0:bw=60,experts=[0,2,3,4,5,6]
   62 | 0.01000 |   0.7017 |   69.69% |   69.69% |    3:20.31
      bandwidth/experts | c8:bw=13,experts=[4]; c6:bw=62,experts=[1,2,4,5,6,7]; c9:bw=16,experts=[4]; c4:bw=60,experts=[1,2,4,5,6,7]; c5:bw=67,experts=[1,2,4,5,6,7]; c0:bw=28,experts=[4,6]; c3:bw=53,experts=[2,3,4,5,6]; c2:bw=42,experts=[0,4,5,6]; c1:bw=75,experts=[1,2,3,4,5,6,7]; c7:bw=44,experts=[2,4,5,6]
   63 | 0.01000 |   0.7045 |   69.00% |   69.69% |    3:30.23
      bandwidth/experts | c5:bw=10,experts=[3]; c9:bw=21,experts=[2,4]; c6:bw=34,experts=[4,5,6]; c3:bw=52,experts=[1,2,3,4,6]; c8:bw=32,experts=[2,4,6]; c1:bw=50,experts=[1,4,5,6,7]; c7:bw=68,experts=[1,2,4,5,6,7]; c0:bw=41,experts=[2,3,4,6]; c2:bw=28,experts=[4,6]; c4:bw=52,experts=[2,4,5,6,7]
   64 | 0.01000 |   0.7013 |   69.38% |   69.69% |    3:20.18
      bandwidth/experts | c6:bw=50,experts=[3,4,5,6,7]; c4:bw=38,experts=[3,4,6]; c5:bw=24,experts=[4,6]; c3:bw=38,experts=[2,4,6]; c7:bw=34,experts=[3,4,6]; c0:bw=32,experts=[4,6,7]; c8:bw=53,experts=[1,2,4,5,6]; c9:bw=59,experts=[3,4,5,6,7]; c2:bw=56,experts=[1,4,5,6,7]; c1:bw=28,experts=[4,6]
   65 | 0.01000 |   0.6989 |   69.72% |   69.72% |    3:22.07
      bandwidth/experts | c7:bw=10,experts=[4]; c5:bw=29,experts=[4,6]; c4:bw=57,experts=[2,4,5,6,7]; c6:bw=50,experts=[2,4,5,6,7]; c8:bw=66,experts=[2,3,4,5,6,7]; c3:bw=42,experts=[2,3,4,6]; c0:bw=41,experts=[1,2,4,6]; c2:bw=28,experts=[4,6]; c1:bw=58,experts=[1,4,5,6,7]; c9:bw=47,experts=[1,4,5,6]
   66 | 0.01000 |   0.6892 |   70.67% |   70.67% |    3:30.49
      bandwidth/experts | c2:bw=41,experts=[2,4,5,6]; c5:bw=17,experts=[4]; c1:bw=54,experts=[1,4,5,6,7]; c8:bw=24,experts=[4,6]; c9:bw=31,experts=[4,5,6]; c6:bw=30,experts=[0,4,6]; c4:bw=41,experts=[2,4,5,6]; c0:bw=38,experts=[2,4,6]; c3:bw=66,experts=[0,2,3,4,5,6]; c7:bw=50,experts=[2,4,5,6,7]
   67 | 0.01000 |   0.6921 |   69.75% |   70.67% |    3:20.25
      bandwidth/experts | c4:bw=51,experts=[2,4,5,6,7]; c5:bw=48,experts=[4,5,6,7]; c1:bw=36,experts=[0,4,6]; c3:bw=25,experts=[4,7]; c6:bw=53,experts=[2,4,5,6,7]; c0:bw=32,experts=[2,4,6]; c2:bw=43,experts=[4,5,6,7]; c9:bw=60,experts=[1,2,4,5,6,7]; c7:bw=59,experts=[2,4,5,6,7]; c8:bw=10,experts=[4]
   68 | 0.01000 |   0.6889 |   70.27% |   70.67% |    3:17.63
      bandwidth/experts | c1:bw=42,experts=[2,4,5,6]; c8:bw=31,experts=[0,4,6]; c2:bw=58,experts=[3,4,5,6,7]; c0:bw=30,experts=[2,4,6]; c3:bw=26,experts=[4,6]; c4:bw=49,experts=[0,4,5,6]; c5:bw=45,experts=[0,4,5,6]; c9:bw=15,experts=[4]; c7:bw=28,experts=[0,4]; c6:bw=32,experts=[4,6,7]
   69 | 0.01000 |   0.6887 |   70.63% |   70.67% |    3:31.48
      bandwidth/experts | c3:bw=41,experts=[2,4,5,6]; c7:bw=58,experts=[2,4,5,6,7]; c1:bw=31,experts=[4,5,6]; c4:bw=41,experts=[2,4,5,6]; c9:bw=35,experts=[0,4,6]; c5:bw=39,experts=[4,5,6]; c0:bw=52,experts=[0,2,4,5,6]; c2:bw=66,experts=[1,2,4,5,6,7]; c8:bw=42,experts=[2,4,5,6]; c6:bw=26,experts=[4,6]
   70 | 0.01000 |   0.6907 |   70.42% |   70.67% |    3:21.79
      bandwidth/experts | c1:bw=24,experts=[3,4]; c9:bw=10,experts=[4]; c7:bw=28,experts=[4,6]; c3:bw=32,experts=[2,4,6]; c0:bw=30,experts=[2,4,6]; c6:bw=26,experts=[1,4]; c2:bw=55,experts=[0,1,4,5,6]; c4:bw=58,experts=[1,2,4,5,6]; c5:bw=23,experts=[1,2]; c8:bw=48,experts=[2,4,5,6]
   71 | 0.01000 |   0.7739 |   70.70% |   70.70% |    3:30.33
      bandwidth/experts | c4:bw=42,experts=[2,4,5,6]; c0:bw=16,experts=[3]; c1:bw=52,experts=[2,4,5,6,7]; c9:bw=40,experts=[4,5,6,7]; c7:bw=20,experts=[1,4]; c5:bw=33,experts=[3,4,6]; c3:bw=62,experts=[1,2,3,4,5,6]; c6:bw=50,experts=[2,4,5,6,7]; c8:bw=39,experts=[2,4,6]; c2:bw=61,experts=[1,2,4,5,6,7]
   72 | 0.01000 |   0.6937 |   69.16% |   70.70% |    3:19.02
      bandwidth/experts | c8:bw=30,experts=[1,4,6]; c1:bw=39,experts=[1,4,6]; c5:bw=43,experts=[4,5,6,7]; c7:bw=48,experts=[3,4,5,6]; c6:bw=19,experts=[3]; c0:bw=52,experts=[2,3,4,6,7]; c3:bw=23,experts=[4,6]; c2:bw=23,experts=[4,6]; c9:bw=38,experts=[3,4,6]; c4:bw=39,experts=[3,4,6]
   73 | 0.01000 |   0.7107 |   69.77% |   70.70% |    3:20.48
      bandwidth/experts | c2:bw=47,experts=[1,4,5,6]; c8:bw=11,experts=[3]; c3:bw=40,experts=[2,3,4,6]; c1:bw=66,experts=[1,2,3,4,5,6]; c5:bw=17,experts=[4]; c9:bw=52,experts=[1,2,4,5,6]; c0:bw=28,experts=[1,4]; c7:bw=37,experts=[4,5,6]; c6:bw=20,experts=[4,6]; c4:bw=41,experts=[2,4,5,6]
   74 | 0.01000 |   0.7779 |   69.09% |   70.70% |    3:29.10
      bandwidth/experts | c3:bw=10,experts=[0]; c0:bw=40,experts=[2,3,4,6]; c1:bw=28,experts=[4,6]; c5:bw=50,experts=[2,4,5,6,7]; c7:bw=65,experts=[1,2,4,5,6,7]; c8:bw=28,experts=[4,7]; c6:bw=10,experts=[0]; c2:bw=10,experts=[4]; c4:bw=47,experts=[4,5,6,7]; c9:bw=32,experts=[4,5,6]
   75 | 0.01000 |   0.6966 |   70.25% |   70.70% |    3:22.37
      bandwidth/experts | c2:bw=40,experts=[0,4,5,6]; c9:bw=61,experts=[1,2,4,5,6,7]; c1:bw=54,experts=[0,4,5,6,7]; c3:bw=20,experts=[4,7]; c7:bw=28,experts=[4,6]; c6:bw=56,experts=[2,4,5,6,7]; c5:bw=31,experts=[4,5,6]; c4:bw=56,experts=[2,4,5,6,7]; c0:bw=60,experts=[0,2,3,4,5,6]; c8:bw=53,experts=[2,3,4,5,6]
   76 | 0.01000 |   0.6823 |   70.19% |   70.70% |    3:24.33
      bandwidth/experts | c8:bw=29,experts=[0,4]; c5:bw=37,experts=[0,4,6]; c0:bw=31,experts=[2,4,6]; c3:bw=15,experts=[4]; c2:bw=25,experts=[3,4]; c6:bw=23,experts=[4,6]; c7:bw=66,experts=[0,2,4,5,6,7]; c4:bw=60,experts=[0,2,4,5,6,7]; c9:bw=57,experts=[2,4,5,6,7]; c1:bw=53,experts=[2,3,4,5,6]
   77 | 0.01000 |   0.6794 |   70.25% |   70.70% |    3:27.38
      bandwidth/experts | c9:bw=29,experts=[0,4]; c2:bw=34,experts=[4,5,6]; c1:bw=62,experts=[1,2,3,4,5,6]; c8:bw=10,experts=[4]; c4:bw=10,experts=[4]; c7:bw=10,experts=[4]; c6:bw=57,experts=[2,4,5,6,7]; c0:bw=63,experts=[0,2,3,4,5,6]; c3:bw=40,experts=[2,3,4,6]; c5:bw=59,experts=[2,4,5,6,7]
   78 | 0.01000 |   0.6837 |   70.61% |   70.70% |    3:20.12
      bandwidth/experts | c0:bw=26,experts=[2,4]; c4:bw=23,experts=[1,4]; c3:bw=38,experts=[2,4,6]; c7:bw=36,experts=[4,5,6]; c8:bw=54,experts=[2,3,4,5,6]; c1:bw=41,experts=[4,5,6,7]; c9:bw=31,experts=[4,5,6]; c6:bw=57,experts=[1,4,5,6,7]; c5:bw=63,experts=[1,2,4,5,6,7]; c2:bw=34,experts=[4,5,6]
   79 | 0.01000 |   0.7477 |   70.54% |   70.70% |    3:18.07
      bandwidth/experts | c6:bw=21,experts=[4,6]; c9:bw=10,experts=[4]; c0:bw=36,experts=[2,4,6]; c4:bw=80,experts=[0,1,2,3,4,5,6,7]; c7:bw=46,experts=[4,5,6,7]; c8:bw=44,experts=[2,3,4,6]; c5:bw=53,experts=[3,4,5,6,7]; c3:bw=26,experts=[1,5]; c1:bw=37,experts=[4,5,6]; c2:bw=33,experts=[2,4,7]
   80 | 0.01000 |   0.6804 |   70.95% |   70.95% |    3:22.06
      bandwidth/experts | c5:bw=65,experts=[1,2,4,5,6,7]; c9:bw=53,experts=[3,4,5,6,7]; c7:bw=48,experts=[3,4,5,6]; c1:bw=31,experts=[4,5,6]; c3:bw=31,experts=[2,4,6]; c4:bw=57,experts=[2,4,5,6,7]; c2:bw=44,experts=[1,4,5,6]; c0:bw=47,experts=[2,4,6,7]; c6:bw=39,experts=[3,4,6]; c8:bw=51,experts=[1,2,3,4,6]
   81 | 0.01000 |   0.6708 |   69.68% |   70.95% |    3:21.99
      bandwidth/experts | c6:bw=51,experts=[2,4,5,6,7]; c2:bw=45,experts=[1,4,5,6]; c3:bw=67,experts=[0,2,3,4,5,6]; c1:bw=49,experts=[1,4,5,6]; c4:bw=42,experts=[2,4,5,6]; c5:bw=30,experts=[4,5,6]; c9:bw=26,experts=[4,6]; c7:bw=58,experts=[2,4,5,6,7]; c8:bw=48,experts=[2,3,4,6]; c0:bw=50,experts=[1,2,3,4,6]
   82 | 0.01000 |   0.6746 |   71.10% |   71.10% |    3:21.09
      bandwidth/experts | c1:bw=64,experts=[1,2,4,5,6,7]; c0:bw=30,experts=[2,4,6]; c6:bw=36,experts=[0,4,6]; c8:bw=58,experts=[2,4,5,6,7]; c7:bw=40,experts=[1,4,5,6]; c3:bw=39,experts=[2,4,6]; c2:bw=30,experts=[4,5,6]; c9:bw=56,experts=[1,4,5,6,7]; c5:bw=40,experts=[4,5,6,7]; c4:bw=30,experts=[4,5,6]
   83 | 0.01000 |   0.6699 |   70.63% |   71.10% |    3:21.12
      bandwidth/experts | c9:bw=51,experts=[1,4,5,6,7]; c4:bw=10,experts=[4]; c2:bw=41,experts=[0,4,5,6]; c7:bw=37,experts=[4,5,6]; c5:bw=10,experts=[4]; c0:bw=10,experts=[4]; c6:bw=53,experts=[2,4,5,6,7]; c1:bw=63,experts=[0,1,4,5,6,7]; c8:bw=39,experts=[2,4,6]; c3:bw=42,experts=[2,4,6,7]
   84 | 0.01000 |   0.6675 |   71.35% |   71.35% |    3:21.38
      bandwidth/experts | c8:bw=67,experts=[0,2,3,4,5,6]; c3:bw=32,experts=[2,4,6]; c1:bw=58,experts=[2,4,5,6,7]; c6:bw=10,experts=[4]; c9:bw=20,experts=[2,4]; c2:bw=36,experts=[3,4,6]; c7:bw=47,experts=[0,4,5,6]; c5:bw=20,experts=[0,4]; c4:bw=27,experts=[4,6]; c0:bw=10,experts=[4]
   85 | 0.01000 |   0.6685 |   70.90% |   71.35% |    3:21.38
      bandwidth/experts | c0:bw=38,experts=[0,4,5]; c2:bw=45,experts=[0,4,5,6]; c8:bw=70,experts=[0,1,2,3,4,5,6]; c6:bw=42,experts=[4,5,6,7]; c1:bw=57,experts=[3,4,5,6,7]; c4:bw=42,experts=[2,4,5,6]; c9:bw=58,experts=[0,1,4,5,6]; c3:bw=51,experts=[2,3,4,5,6]; c5:bw=12,experts=[4]; c7:bw=11,experts=[4]
   86 | 0.01000 |   0.6673 |   71.27% |   71.35% |    3:21.89
      bandwidth/experts | c5:bw=47,experts=[4,5,6,7]; c8:bw=28,experts=[4,6]; c2:bw=24,experts=[4,6]; c6:bw=55,experts=[1,2,4,5,6]; c0:bw=30,experts=[2,4,6]; c4:bw=18,experts=[4]; c7:bw=44,experts=[2,4,5,6]; c3:bw=28,experts=[4,6]; c1:bw=72,experts=[0,1,3,4,5,6,7]; c9:bw=43,experts=[4,5,6,7]
   87 | 0.01000 |   0.6718 |   66.30% |   71.35% |    3:21.08
      bandwidth/experts | c1:bw=29,experts=[4,6]; c2:bw=67,experts=[1,2,4,5,6,7]; c7:bw=22,experts=[4,6]; c5:bw=10,experts=[3]; c6:bw=60,experts=[1,2,4,5,6,7]; c3:bw=68,experts=[1,2,3,4,5,6]; c4:bw=34,experts=[0,1,3]; c9:bw=37,experts=[4,5,6]; c8:bw=46,experts=[2,3,4,6]; c0:bw=35,experts=[4,5,6]
   88 | 0.01000 |   0.7347 |   68.61% |   71.35% |    3:19.35
      bandwidth/experts | c8:bw=43,experts=[3,4,5,6]; c6:bw=27,experts=[3,4]; c3:bw=33,experts=[3,4,6]; c7:bw=41,experts=[3,4,5,6]; c0:bw=62,experts=[2,3,4,5,6,7]; c4:bw=38,experts=[4,6,7]; c9:bw=31,experts=[3,4,6]; c1:bw=28,experts=[4,6]; c5:bw=30,experts=[1,2,4]; c2:bw=46,experts=[1,4,5,6]
   89 | 0.01000 |   0.8007 |   69.87% |   71.35% |    3:19.76
      bandwidth/experts | c3:bw=31,experts=[0,3,4]; c8:bw=74,experts=[0,1,2,3,4,5,6]; c2:bw=44,experts=[2,4,5,6]; c9:bw=60,experts=[0,1,4,5,6,7]; c7:bw=21,experts=[4,7]; c5:bw=46,experts=[4,5,6,7]; c0:bw=13,experts=[1]; c6:bw=32,experts=[2,4,6]; c4:bw=30,experts=[2,4,6]; c1:bw=41,experts=[1,4,5,6]
   90 | 0.01000 |   0.6799 |   70.48% |   71.35% |    3:21.79
      bandwidth/experts | c7:bw=72,experts=[1,2,3,4,5,6,7]; c1:bw=31,experts=[1,4,6]; c3:bw=36,experts=[2,3,4]; c9:bw=63,experts=[0,1,4,5,6,7]; c0:bw=64,experts=[0,2,3,4,5,6]; c6:bw=26,experts=[0,4]; c2:bw=21,experts=[4,5]; c5:bw=27,experts=[4,6]; c8:bw=50,experts=[2,3,4,6,7]; c4:bw=35,experts=[2,4,6]
   91 | 0.01000 |   0.6718 |   70.63% |   71.35% |    3:21.91
      bandwidth/experts | c1:bw=50,experts=[1,2,4,5,6]; c9:bw=35,experts=[4,5,6]; c5:bw=52,experts=[2,4,5,6,7]; c7:bw=51,experts=[2,4,5,6,7]; c3:bw=40,experts=[2,3,4,7]; c4:bw=54,experts=[2,4,5,6,7]; c0:bw=22,experts=[2,4]; c6:bw=29,experts=[4,6]; c2:bw=11,experts=[4]; c8:bw=23,experts=[2,4]
   92 | 0.01000 |   0.6676 |   71.01% |   71.35% |    3:22.05
      bandwidth/experts | c3:bw=28,experts=[2,4]; c7:bw=34,experts=[0,4,6]; c1:bw=20,experts=[4,6]; c0:bw=29,experts=[2,4]; c8:bw=19,experts=[4]; c6:bw=45,experts=[2,4,5,6]; c9:bw=56,experts=[2,4,5,6,7]; c2:bw=25,experts=[3,4]; c5:bw=66,experts=[0,2,4,5,6,7]; c4:bw=26,experts=[4,6]
   93 | 0.01000 |   0.6652 |   71.15% |   71.35% |    3:22.18
      bandwidth/experts | c1:bw=47,experts=[0,1,4,6]; c3:bw=31,experts=[2,4,6]; c7:bw=22,experts=[4,6]; c9:bw=58,experts=[1,4,5,6,7]; c6:bw=22,experts=[4,6]; c8:bw=10,experts=[4]; c5:bw=10,experts=[4]; c4:bw=32,experts=[4,5,6]; c0:bw=19,experts=[4]; c2:bw=51,experts=[0,1,4,5,6]
   94 | 0.01000 |   0.6632 |   70.83% |   71.35% |    3:22.59
      bandwidth/experts | c7:bw=45,experts=[4,5,6,7]; c2:bw=65,experts=[0,1,2,4,5,6]; c5:bw=41,experts=[4,5,6,7]; c4:bw=31,experts=[2,4,6]; c6:bw=30,experts=[4,5,6]; c9:bw=50,experts=[1,4,5,6,7]; c1:bw=70,experts=[0,1,3,4,5,6,7]; c8:bw=10,experts=[4]; c0:bw=55,experts=[2,3,4,5,6]; c3:bw=34,experts=[2,4,6]
   95 | 0.01000 |   0.6637 |   66.28% |   71.35% |    3:19.94
      bandwidth/experts | c7:bw=59,experts=[2,4,5,6,7]; c9:bw=42,experts=[4,5,6,7]; c4:bw=15,experts=[0]; c6:bw=40,experts=[1,4,6,7]; c0:bw=35,experts=[2,4,6]; c3:bw=41,experts=[1,4,5,6]; c1:bw=31,experts=[4,5,6]; c8:bw=76,experts=[0,1,2,3,4,5,6]; c2:bw=23,experts=[4,7]; c5:bw=10,experts=[3]
   96 | 0.01000 |   0.7350 |   68.49% |   71.35% |    3:22.65
      bandwidth/experts | c2:bw=65,experts=[0,1,2,4,5,6]; c9:bw=44,experts=[3,4,5,6]; c3:bw=46,experts=[3,4,5,6]; c1:bw=36,experts=[4,6,7]; c5:bw=60,experts=[1,2,4,5,6,7]; c4:bw=49,experts=[1,3,4,6]; c6:bw=31,experts=[3,4,6]; c7:bw=50,experts=[2,4,5,6,7]; c0:bw=36,experts=[4,6,7]; c8:bw=64,experts=[1,2,3,4,5,6]
   97 | 0.01000 |   0.6809 |   69.25% |   71.35% |    3:22.13
      bandwidth/experts | c0:bw=41,experts=[1,3,4,5]; c9:bw=43,experts=[1,4,6,7]; c8:bw=43,experts=[2,3,4,6]; c4:bw=16,experts=[4]; c7:bw=30,experts=[4,5,6]; c1:bw=50,experts=[0,4,5,6,7]; c3:bw=35,experts=[0,4,5]; c5:bw=46,experts=[4,5,6,7]; c6:bw=50,experts=[2,3,4,6,7]; c2:bw=54,experts=[1,2,4,5,6]
   98 | 0.01000 |   0.6905 |   70.34% |   71.35% |    3:22.92
      bandwidth/experts | c4:bw=52,experts=[0,2,4,5,6]; c8:bw=54,experts=[2,3,4,6,7]; c9:bw=27,experts=[0,4]; c7:bw=24,experts=[1,3]; c6:bw=36,experts=[0,4,6]; c5:bw=49,experts=[4,5,6,7]; c0:bw=33,experts=[0,3,4]; c3:bw=25,experts=[3,4]; c1:bw=26,experts=[4,6]; c2:bw=24,experts=[2,4]
   99 | 0.01000 |   0.6649 |   70.32% |   71.35% |    3:22.42
      bandwidth/experts | c8:bw=34,experts=[2,4,6]; c5:bw=49,experts=[4,5,6,7]; c7:bw=45,experts=[2,4,5,6]; c1:bw=59,experts=[0,1,2,4,6]; c3:bw=38,experts=[2,4,7]; c9:bw=20,experts=[4,6]; c4:bw=24,experts=[4,7]; c0:bw=40,experts=[2,3,4,5]; c2:bw=31,experts=[2,4,5]; c6:bw=35,experts=[2,4,6]
  100 | 0.01000 |   0.6823 |   71.08% |   71.35% |    3:21.84
      bandwidth/experts | c2:bw=30,experts=[3,4,6]; c8:bw=44,experts=[2,3,4,6]; c9:bw=53,experts=[2,4,5,6,7]; c5:bw=18,experts=[0]; c6:bw=44,experts=[2,4,5,6]; c1:bw=17,experts=[4]; c4:bw=65,experts=[0,2,4,5,6,7]; c7:bw=10,experts=[0]; c3:bw=42,experts=[2,3,4,5]; c0:bw=64,experts=[0,2,3,4,5,6]

Done. Best Acc: 71.35% @ round 84
Total time: 5:39:12.04
[Export] 实验目录: /userhome/cs3/duanty/FedMoE/results/exp02-cinic-resnet-e8-fedavg/20260922-202500
[Export] 每轮明细: /userhome/cs3/duanty/FedMoE/results/exp02-cinic-resnet-e8-fedavg/20260922-202500/rounds.xlsx
[Export] 总体摘要: /userhome/cs3/duanty/FedMoE/results/exp02-cinic-resnet-e8-fedavg/20260922-202500/summary.xlsx
[Plot] result = /userhome/cs3/duanty/FedMoE/results/exp02-cinic-resnet-e8-fedavg/20260922-202500
[Plot] figures -> /userhome/cs3/duanty/FedMoE/results/exp02-cinic-resnet-e8-fedavg/20260922-202500/figure
  fig01_test_accuracy.pdf
  fig02_train_loss.pdf
  fig03_acc_and_loss.pdf
  fig04_bandwidth_and_k.pdf
  fig05_expert_round_heatmap.pdf
  fig06_client_expert_heatmap.pdf
  fig07_expert_frequency.pdf
  fig08_time_breakdown.pdf
  fig09_accuracy_vs_communication.pdf
  fig10_overview.pdf
[Export] 图片目录: /userhome/cs3/duanty/FedMoE/results/exp02-cinic-resnet-e8-fedavg/20260922-202500/figure
