========================================
Job    : exp03-c100-resnet-bw10-40-fedrolex
Host   : gpu-4090-111
Date   : Wed Sep 23 07:02:29 HKT 2026
GPU    : 0
Python : /userhome/cs3/duanty/miniconda3/envs/moe/bin/python
Command: python -u main.py --method ours --dataset cifar100 --backbone resnet --select fedrolex --merge ours --device cuda --num_experts 8 --num_clients 10 --bw_min 10 --bw_max 40 --output_dir ./results/exp03-c100-resnet-bw10-40-fedrolex
========================================

==================================================================
 Ours  
  Dataset=cifar100 | beta=0.1 | Backbone=resnet | width_mult=1 | Clients=10 | Experts=8
  Select=fedrolex | Merge=ours
  Rounds=100 | LR=0.01
  Bandwidth: expert_bw=10 | bw=[10, 40] | Rayleigh-Shannon, SNR=10 dB | k=floor(bw/10)
==================================================================


[Partition] Dirichlet beta=0.1, 10 clients
  Client 0:   4573 samples | 45/100 classes
  Client 1:   4218 samples | 54/100 classes
  Client 2:   3656 samples | 48/100 classes
  Client 3:   5018 samples | 43/100 classes
  Client 4:   6664 samples | 52/100 classes
  Client 5:   6137 samples | 45/100 classes
  Client 6:   6582 samples | 49/100 classes
  Client 7:   4512 samples | 39/100 classes
  Client 8:   5219 samples | 46/100 classes
  Client 9:   3421 samples | 100/100 classes

[Upload] expert_bw=10 | available bw=[10, 40] | Rayleigh-Shannon, SNR=10 dB | upload k=floor(bw/10), cap=8 | rolling-window expert selection

[Model] Total params: 13,684,576

[Export] 本次实验目录: /userhome/cs3/duanty/FedMoE/results/exp03-c100-resnet-bw10-40-fedrolex/20260923-070233

Round |      LR |  AvgLoss |  TestAcc |     Best |  RoundTime
--------------------------------------------------------------------------------
    1 | 0.00208 |   4.0287 |    1.00% |    1.00% |    0:52.28
      bandwidth/experts | c8:bw=31,experts=[0,1,2]; c1:bw=16,experts=[1]; c5:bw=25,experts=[5,6]; c0:bw=10,experts=[0]; c7:bw=11,experts=[7]; c2:bw=16,experts=[2]; c9:bw=25,experts=[1,2]; c4:bw=22,experts=[4,5]; c3:bw=28,experts=[3,4]; c6:bw=23,experts=[6,7]
    2 | 0.00406 |   3.5624 |    2.58% |    2.58% |    0:51.12
      bandwidth/experts | c0:bw=20,experts=[1,2]; c1:bw=23,experts=[2,3]; c8:bw=27,experts=[3,4]; c5:bw=38,experts=[0,1,7]; c3:bw=37,experts=[5,6,7]; c4:bw=17,experts=[6]; c7:bw=31,experts=[0,1,2]; c9:bw=26,experts=[3,4]; c6:bw=10,experts=[0]; c2:bw=12,experts=[3]
    3 | 0.00604 |   3.4996 |    2.77% |    2.77% |    0:50.93
      bandwidth/experts | c9:bw=26,experts=[5,6]; c2:bw=23,experts=[4,5]; c0:bw=28,experts=[3,4]; c6:bw=22,experts=[1,2]; c8:bw=17,experts=[5]; c5:bw=10,experts=[2]; c3:bw=14,experts=[0]; c7:bw=18,experts=[3]; c1:bw=10,experts=[4]; c4:bw=29,experts=[0,7]
    4 | 0.00802 |   3.4289 |    4.90% |    4.90% |    0:50.88
      bandwidth/experts | c1:bw=22,experts=[5,6]; c7:bw=25,experts=[4,5]; c6:bw=29,experts=[3,4]; c2:bw=33,experts=[0,6,7]; c8:bw=17,experts=[6]; c0:bw=33,experts=[5,6,7]; c3:bw=19,experts=[1]; c4:bw=31,experts=[1,2,3]; c5:bw=40,experts=[3,4,5,6]; c9:bw=12,experts=[7]
    5 | 0.01000 |   3.3521 |    4.73% |    4.90% |    0:50.77
      bandwidth/experts | c1:bw=11,experts=[7]; c5:bw=22,experts=[0,7]; c4:bw=27,experts=[4,5]; c8:bw=20,experts=[0,7]; c0:bw=28,experts=[0,1]; c7:bw=14,experts=[6]; c6:bw=29,experts=[5,6]; c3:bw=35,experts=[2,3,4]; c2:bw=10,experts=[1]; c9:bw=35,experts=[0,1,2]
    6 | 0.01000 |   3.3435 |    5.09% |    5.09% |    0:50.53
      bandwidth/experts | c8:bw=37,experts=[1,2,3]; c2:bw=23,experts=[2,3]; c5:bw=15,experts=[1]; c7:bw=32,experts=[0,1,7]; c3:bw=20,experts=[5,6]; c1:bw=18,experts=[0]; c9:bw=27,experts=[3,4]; c0:bw=17,experts=[2]; c4:bw=10,experts=[6]; c6:bw=11,experts=[7]
    7 | 0.01000 |   3.4449 |    7.15% |    7.15% |    0:50.44
      bandwidth/experts | c0:bw=20,experts=[3,4]; c5:bw=27,experts=[2,3]; c2:bw=22,experts=[4,5]; c6:bw=10,experts=[0]; c3:bw=15,experts=[7]; c7:bw=17,experts=[2]; c4:bw=10,experts=[7]; c1:bw=10,experts=[1]; c8:bw=32,experts=[4,5,6]; c9:bw=10,experts=[5]
    8 | 0.01000 |   3.2703 |    6.90% |    7.15% |    0:50.91
      bandwidth/experts | c4:bw=10,experts=[0]; c8:bw=20,experts=[0,7]; c1:bw=32,experts=[2,3,4]; c3:bw=21,experts=[0,1]; c0:bw=18,experts=[5]; c5:bw=16,experts=[4]; c2:bw=30,experts=[0,6,7]; c9:bw=33,experts=[0,6,7]; c7:bw=10,experts=[3]; c6:bw=23,experts=[1,2]
    9 | 0.01000 |   3.2753 |    9.70% |    9.70% |    0:51.05
      bandwidth/experts | c2:bw=12,experts=[1]; c0:bw=29,experts=[6,7]; c4:bw=33,experts=[1,2,3]; c9:bw=15,experts=[1]; c8:bw=10,experts=[1]; c6:bw=17,experts=[3]; c7:bw=25,experts=[4,5]; c5:bw=29,experts=[5,6]; c1:bw=10,experts=[5]; c3:bw=13,experts=[2]
   10 | 0.01000 |   3.1311 |    9.33% |    9.70% |    0:51.05
      bandwidth/experts | c4:bw=20,experts=[4,5]; c2:bw=19,experts=[2]; c7:bw=21,experts=[6,7]; c0:bw=33,experts=[0,1,2]; c6:bw=36,experts=[4,5,6]; c3:bw=26,experts=[3,4]; c5:bw=32,experts=[0,1,7]; c8:bw=20,experts=[2,3]; c9:bw=20,experts=[2,3]; c1:bw=23,experts=[6,7]
   11 | 0.01000 |   2.9302 |   14.10% |   14.10% |    0:51.46
      bandwidth/experts | c5:bw=15,experts=[2]; c2:bw=15,experts=[3]; c7:bw=24,experts=[0,1]; c3:bw=28,experts=[5,6]; c0:bw=16,experts=[3]; c8:bw=22,experts=[4,5]; c9:bw=18,experts=[4]; c6:bw=31,experts=[0,1,7]; c1:bw=22,experts=[0,1]; c4:bw=10,experts=[6]
   12 | 0.01000 |   2.9596 |   12.45% |   14.10% |    0:50.78
      bandwidth/experts | c1:bw=24,experts=[2,3]; c5:bw=31,experts=[3,4,5]; c2:bw=32,experts=[4,5,6]; c4:bw=16,experts=[7]; c3:bw=19,experts=[7]; c7:bw=16,experts=[2]; c9:bw=23,experts=[5,6]; c6:bw=16,experts=[2]; c8:bw=31,experts=[0,6,7]; c0:bw=27,experts=[4,5]
   13 | 0.01000 |   2.8894 |   14.22% |   14.22% |    0:49.97
      bandwidth/experts | c3:bw=17,experts=[0]; c1:bw=26,experts=[4,5]; c4:bw=10,experts=[0]; c5:bw=16,experts=[6]; c8:bw=10,experts=[1]; c6:bw=20,experts=[3,4]; c9:bw=10,experts=[7]; c7:bw=32,experts=[3,4,5]; c0:bw=14,experts=[6]; c2:bw=10,experts=[7]
   14 | 0.01000 |   2.8218 |   13.91% |   14.22% |    0:50.97
      bandwidth/experts | c2:bw=25,experts=[0,1]; c4:bw=10,experts=[1]; c5:bw=36,experts=[0,1,7]; c1:bw=21,experts=[6,7]; c7:bw=14,experts=[6]; c0:bw=14,experts=[7]; c9:bw=18,experts=[0]; c3:bw=25,experts=[1,2]; c8:bw=12,experts=[2]; c6:bw=37,experts=[5,6,7]
   15 | 0.01000 |   2.6682 |   20.63% |   20.63% |    0:50.36
      bandwidth/experts | c7:bw=33,experts=[0,1,7]; c0:bw=11,experts=[0]; c1:bw=10,experts=[0]; c8:bw=29,experts=[3,4]; c3:bw=10,experts=[3]; c2:bw=29,experts=[2,3]; c4:bw=26,experts=[2,3]; c5:bw=10,experts=[2]; c9:bw=11,experts=[1]; c6:bw=18,experts=[0]
   16 | 0.01000 |   2.6815 |   22.39% |   22.39% |    0:51.12
      bandwidth/experts | c6:bw=22,experts=[1,2]; c1:bw=16,experts=[1]; c3:bw=24,experts=[4,5]; c8:bw=27,experts=[5,6]; c7:bw=12,experts=[2]; c5:bw=22,experts=[3,4]; c4:bw=20,experts=[4,5]; c9:bw=13,experts=[2]; c0:bw=32,experts=[1,2,3]; c2:bw=29,experts=[4,5]
   17 | 0.01000 |   2.6301 |   19.19% |   22.39% |    0:50.27
      bandwidth/experts | c4:bw=32,experts=[0,6,7]; c7:bw=14,experts=[3]; c8:bw=10,experts=[7]; c3:bw=29,experts=[6,7]; c5:bw=10,experts=[5]; c1:bw=16,experts=[2]; c0:bw=10,experts=[4]; c2:bw=11,experts=[6]; c9:bw=21,experts=[3,4]; c6:bw=21,experts=[3,4]
   18 | 0.01000 |   2.6025 |   15.27% |   22.39% |    0:51.06
      bandwidth/experts | c1:bw=10,experts=[3]; c8:bw=10,experts=[0]; c5:bw=19,experts=[6]; c2:bw=21,experts=[0,7]; c9:bw=10,experts=[5]; c7:bw=30,experts=[4,5,6]; c4:bw=31,experts=[1,2,3]; c3:bw=21,experts=[0,1]; c0:bw=27,experts=[5,6]; c6:bw=17,experts=[5]
   19 | 0.01000 |   2.6824 |   20.77% |   22.39% |    0:50.67
      bandwidth/experts | c8:bw=31,experts=[1,2,3]; c0:bw=23,experts=[0,7]; c4:bw=28,experts=[4,5]; c1:bw=26,experts=[4,5]; c9:bw=21,experts=[6,7]; c5:bw=16,experts=[7]; c7:bw=12,experts=[7]; c2:bw=10,experts=[1]; c6:bw=36,experts=[0,6,7]; c3:bw=22,experts=[2,3]
   20 | 0.01000 |   2.4253 |   22.92% |   22.92% |    0:50.68
      bandwidth/experts | c0:bw=15,experts=[1]; c2:bw=23,experts=[2,3]; c1:bw=22,experts=[6,7]; c9:bw=10,experts=[0]; c7:bw=24,experts=[0,1]; c6:bw=38,experts=[1,2,3]; c3:bw=10,experts=[4]; c5:bw=10,experts=[0]; c4:bw=33,experts=[0,6,7]; c8:bw=28,experts=[4,5]
   21 | 0.01000 |   2.3756 |   18.34% |   22.92% |    0:50.93
      bandwidth/experts | c1:bw=23,experts=[0,1]; c2:bw=22,experts=[4,5]; c7:bw=10,experts=[2]; c4:bw=26,experts=[1,2]; c8:bw=10,experts=[6]; c5:bw=18,experts=[1]; c0:bw=37,experts=[2,3,4]; c3:bw=10,experts=[5]; c6:bw=10,experts=[4]; c9:bw=14,experts=[1]
   22 | 0.01000 |   2.3953 |   18.71% |   22.92% |    0:50.07
      bandwidth/experts | c7:bw=10,experts=[3]; c9:bw=18,experts=[2]; c1:bw=10,experts=[2]; c6:bw=34,experts=[5,6,7]; c5:bw=10,experts=[2]; c2:bw=37,experts=[0,6,7]; c0:bw=37,experts=[5,6,7]; c4:bw=20,experts=[3,4]; c3:bw=31,experts=[0,6,7]; c8:bw=18,experts=[7]
   23 | 0.01000 |   2.4573 |   22.78% |   22.92% |    0:49.94
      bandwidth/experts | c5:bw=29,experts=[3,4]; c7:bw=10,experts=[4]; c4:bw=31,experts=[5,6,7]; c6:bw=10,experts=[0]; c9:bw=28,experts=[3,4]; c8:bw=19,experts=[0]; c3:bw=10,experts=[1]; c1:bw=34,experts=[3,4,5]; c2:bw=18,experts=[1]; c0:bw=10,experts=[0]
   24 | 0.01000 |   2.3207 |   22.20% |   22.92% |    0:50.08
      bandwidth/experts | c6:bw=17,experts=[1]; c4:bw=10,experts=[0]; c7:bw=10,experts=[5]; c9:bw=28,experts=[5,6]; c2:bw=24,experts=[2,3]; c1:bw=10,experts=[6]; c5:bw=14,experts=[5]; c8:bw=10,experts=[1]; c3:bw=10,experts=[2]; c0:bw=17,experts=[1]
   25 | 0.01000 |   2.2598 |   22.26% |   22.92% |    0:50.36
      bandwidth/experts | c9:bw=22,experts=[0,7]; c6:bw=10,experts=[2]; c4:bw=32,experts=[1,2,3]; c3:bw=10,experts=[3]; c5:bw=35,experts=[0,6,7]; c1:bw=27,experts=[0,7]; c8:bw=30,experts=[2,3,4]; c2:bw=10,experts=[4]; c0:bw=31,experts=[2,3,4]; c7:bw=22,experts=[6,7]
   26 | 0.01000 |   2.3146 |   16.26% |   22.92% |    0:49.51
      bandwidth/experts | c3:bw=25,experts=[4,5]; c6:bw=19,experts=[3]; c9:bw=28,experts=[1,2]; c7:bw=17,experts=[0]; c1:bw=18,experts=[1]; c5:bw=11,experts=[1]; c2:bw=17,experts=[5]; c8:bw=30,experts=[5,6,7]; c0:bw=10,experts=[5]; c4:bw=26,experts=[4,5]
   27 | 0.01000 |   2.4670 |   16.24% |   22.92% |    0:49.58
      bandwidth/experts | c7:bw=29,experts=[1,2]; c1:bw=34,experts=[2,3,4]; c4:bw=10,experts=[6]; c0:bw=20,experts=[6,7]; c9:bw=10,experts=[3]; c2:bw=11,experts=[6]; c8:bw=31,experts=[0,1,2]; c3:bw=12,experts=[6]; c6:bw=35,experts=[4,5,6]; c5:bw=20,experts=[2,3]
   28 | 0.01000 |   2.4656 |   23.44% |   23.44% |    0:50.66
      bandwidth/experts | c6:bw=16,experts=[7]; c9:bw=27,experts=[4,5]; c0:bw=26,experts=[0,1]; c8:bw=16,experts=[3]; c2:bw=10,experts=[7]; c5:bw=18,experts=[4]; c1:bw=14,experts=[5]; c3:bw=10,experts=[7]; c4:bw=10,experts=[7]; c7:bw=10,experts=[3]
   29 | 0.01000 |   2.2593 |   31.10% |   31.10% |    0:51.33
      bandwidth/experts | c4:bw=21,experts=[0,1]; c0:bw=24,experts=[2,3]; c1:bw=18,experts=[6]; c9:bw=24,experts=[6,7]; c6:bw=24,experts=[0,1]; c8:bw=19,experts=[4]; c7:bw=12,experts=[4]; c3:bw=18,experts=[0]; c2:bw=10,experts=[0]; c5:bw=19,experts=[5]
   30 | 0.01000 |   2.2310 |   31.56% |   31.56% |    0:50.34
      bandwidth/experts | c5:bw=34,experts=[0,6,7]; c1:bw=20,experts=[0,7]; c9:bw=30,experts=[0,1,2]; c4:bw=29,experts=[2,3]; c0:bw=10,experts=[4]; c8:bw=23,experts=[5,6]; c6:bw=10,experts=[2]; c7:bw=10,experts=[5]; c3:bw=33,experts=[1,2,3]; c2:bw=15,experts=[1]
   31 | 0.01000 |   2.1505 |   19.67% |   31.56% |    0:50.24
      bandwidth/experts | c6:bw=16,experts=[3]; c4:bw=11,experts=[4]; c9:bw=25,experts=[3,4]; c1:bw=17,experts=[1]; c5:bw=34,experts=[1,2,3]; c8:bw=18,experts=[7]; c3:bw=13,experts=[4]; c2:bw=10,experts=[2]; c0:bw=26,experts=[5,6]; c7:bw=35,experts=[0,6,7]
   32 | 0.01000 |   2.3170 |   28.76% |   31.56% |    0:50.40
      bandwidth/experts | c8:bw=12,experts=[0]; c5:bw=20,experts=[4,5]; c4:bw=27,experts=[5,6]; c7:bw=26,experts=[1,2]; c0:bw=25,experts=[0,7]; c1:bw=12,experts=[2]; c3:bw=16,experts=[5]; c6:bw=15,experts=[4]; c2:bw=30,experts=[3,4,5]; c9:bw=17,experts=[5]
   33 | 0.01000 |   2.2076 |   29.51% |   31.56% |    0:50.49
      bandwidth/experts | c7:bw=29,experts=[3,4]; c1:bw=19,experts=[3]; c3:bw=39,experts=[0,6,7]; c6:bw=20,experts=[5,6]; c5:bw=16,experts=[6]; c9:bw=23,experts=[6,7]; c2:bw=13,experts=[6]; c8:bw=28,experts=[1,2]; c4:bw=25,experts=[0,7]; c0:bw=35,experts=[1,2,3]
   34 | 0.01000 |   2.0973 |   38.66% |   38.66% |    0:51.70
      bandwidth/experts | c4:bw=26,experts=[1,2]; c1:bw=26,experts=[4,5]; c6:bw=27,experts=[0,7]; c9:bw=38,experts=[0,1,2]; c8:bw=23,experts=[3,4]; c0:bw=12,experts=[4]; c5:bw=33,experts=[0,1,7]; c7:bw=18,experts=[5]; c3:bw=40,experts=[1,2,3,4]; c2:bw=30,experts=[0,1,7]
   35 | 0.01000 |   2.1557 |   40.74% |   40.74% |    0:49.79
      bandwidth/experts | c4:bw=18,experts=[3]; c0:bw=11,experts=[5]; c1:bw=17,experts=[6]; c6:bw=24,experts=[1,2]; c2:bw=25,experts=[2,3]; c8:bw=28,experts=[5,6]; c9:bw=15,experts=[3]; c7:bw=27,experts=[6,7]; c5:bw=23,experts=[2,3]; c3:bw=13,experts=[5]
   36 | 0.01000 |   2.0640 |   37.94% |   40.74% |    0:49.70
      bandwidth/experts | c9:bw=21,experts=[4,5]; c0:bw=20,experts=[6,7]; c3:bw=33,experts=[0,6,7]; c7:bw=15,experts=[0]; c6:bw=24,experts=[3,4]; c5:bw=27,experts=[4,5]; c1:bw=10,experts=[7]; c4:bw=40,experts=[4,5,6,7]; c8:bw=28,experts=[0,7]; c2:bw=28,experts=[4,5]
   37 | 0.01000 |   2.0628 |   38.10% |   40.74% |    0:49.46
      bandwidth/experts | c1:bw=10,experts=[0]; c5:bw=22,experts=[6,7]; c2:bw=20,experts=[6,7]; c6:bw=36,experts=[5,6,7]; c4:bw=22,experts=[0,1]; c7:bw=23,experts=[1,2]; c9:bw=22,experts=[6,7]; c0:bw=30,experts=[0,1,2]; c3:bw=20,experts=[1,2]; c8:bw=10,experts=[1]
   38 | 0.01000 |   1.9980 |   41.25% |   41.25% |    0:49.74
      bandwidth/experts | c8:bw=25,experts=[2,3]; c6:bw=10,experts=[0]; c4:bw=29,experts=[2,3]; c1:bw=17,experts=[1]; c5:bw=10,experts=[0]; c2:bw=10,experts=[0]; c3:bw=21,experts=[3,4]; c7:bw=28,experts=[3,4]; c9:bw=14,experts=[0]; c0:bw=22,experts=[3,4]
   39 | 0.01000 |   2.0472 |   43.95% |   43.95% |    0:49.81
      bandwidth/experts | c3:bw=14,experts=[5]; c0:bw=10,experts=[5]; c1:bw=25,experts=[2,3]; c7:bw=22,experts=[5,6]; c6:bw=17,experts=[1]; c8:bw=25,experts=[4,5]; c2:bw=20,experts=[1,2]; c4:bw=20,experts=[4,5]; c9:bw=13,experts=[1]; c5:bw=40,experts=[1,2,3,4]
   40 | 0.01000 |   1.9844 |   24.75% |   43.95% |    0:49.73
      bandwidth/experts | c8:bw=14,experts=[6]; c1:bw=23,experts=[4,5]; c5:bw=18,experts=[5]; c6:bw=26,experts=[2,3]; c2:bw=36,experts=[3,4,5]; c7:bw=37,experts=[0,1,7]; c3:bw=10,experts=[6]; c4:bw=11,experts=[6]; c9:bw=22,experts=[2,3]; c0:bw=20,experts=[6,7]
   41 | 0.01000 |   2.0168 |   43.19% |   43.95% |    0:50.23
      bandwidth/experts | c2:bw=30,experts=[0,6,7]; c6:bw=10,experts=[4]; c8:bw=31,experts=[0,1,7]; c1:bw=10,experts=[6]; c4:bw=28,experts=[0,7]; c5:bw=34,experts=[0,6,7]; c7:bw=38,experts=[2,3,4]; c3:bw=22,experts=[0,7]; c9:bw=30,experts=[4,5,6]; c0:bw=10,experts=[0]
   42 | 0.01000 |   1.9587 |   41.57% |   43.95% |    0:49.63
      bandwidth/experts | c5:bw=28,experts=[1,2]; c1:bw=27,experts=[0,7]; c3:bw=27,experts=[1,2]; c9:bw=28,experts=[0,7]; c6:bw=19,experts=[5]; c0:bw=10,experts=[1]; c7:bw=11,experts=[5]; c4:bw=30,experts=[1,2,3]; c8:bw=23,experts=[2,3]; c2:bw=22,experts=[1,2]
   43 | 0.01000 |   1.9616 |   44.54% |   44.54% |    0:49.69
      bandwidth/experts | c5:bw=29,experts=[3,4]; c1:bw=32,experts=[1,2,3]; c2:bw=28,experts=[3,4]; c8:bw=25,experts=[4,5]; c9:bw=18,experts=[1]; c7:bw=12,experts=[6]; c4:bw=19,experts=[4]; c6:bw=10,experts=[6]; c3:bw=36,experts=[3,4,5]; c0:bw=12,experts=[2]
   44 | 0.01000 |   1.9203 |   27.91% |   44.54% |    0:49.39
      bandwidth/experts | c0:bw=37,experts=[3,4,5]; c3:bw=26,experts=[6,7]; c4:bw=16,experts=[5]; c2:bw=20,experts=[5,6]; c7:bw=40,experts=[0,1,2,7]; c5:bw=13,experts=[5]; c6:bw=11,experts=[7]; c9:bw=21,experts=[2,3]; c8:bw=19,experts=[6]; c1:bw=25,experts=[4,5]
   45 | 0.01000 |   1.9271 |   45.05% |   45.05% |    0:51.14
      bandwidth/experts | c8:bw=31,experts=[0,1,7]; c0:bw=20,experts=[6,7]; c3:bw=37,experts=[0,1,2]; c4:bw=36,experts=[0,6,7]; c7:bw=20,experts=[3,4]; c2:bw=27,experts=[0,7]; c9:bw=14,experts=[4]; c6:bw=10,experts=[0]; c5:bw=25,experts=[6,7]; c1:bw=31,experts=[0,6,7]
   46 | 0.01000 |   1.9075 |   37.96% |   45.05% |    0:49.36
      bandwidth/experts | c9:bw=20,experts=[5,6]; c3:bw=15,experts=[3]; c6:bw=21,experts=[1,2]; c1:bw=23,experts=[1,2]; c4:bw=35,experts=[1,2,3]; c5:bw=23,experts=[0,1]; c2:bw=32,experts=[1,2,3]; c8:bw=22,experts=[2,3]; c0:bw=30,experts=[0,1,2]; c7:bw=16,experts=[5]
   47 | 0.01000 |   1.9584 |   46.65% |   46.65% |    0:49.49
      bandwidth/experts | c5:bw=29,experts=[2,3]; c6:bw=12,experts=[3]; c7:bw=29,experts=[6,7]; c9:bw=10,experts=[7]; c8:bw=22,experts=[4,5]; c3:bw=39,experts=[4,5,6]; c4:bw=10,experts=[4]; c0:bw=25,experts=[3,4]; c1:bw=17,experts=[3]; c2:bw=30,experts=[4,5,6]
   48 | 0.01000 |   1.8739 |   46.44% |   46.65% |    0:49.54
      bandwidth/experts | c1:bw=28,experts=[4,5]; c8:bw=28,experts=[6,7]; c4:bw=37,experts=[5,6,7]; c2:bw=31,experts=[0,1,7]; c9:bw=29,experts=[0,1]; c6:bw=25,experts=[4,5]; c5:bw=31,experts=[4,5,6]; c7:bw=35,experts=[0,1,2]; c0:bw=10,experts=[5]; c3:bw=10,experts=[7]
   49 | 0.01000 |   1.8166 |   47.75% |   47.75% |    0:49.61
      bandwidth/experts | c4:bw=27,experts=[0,1]; c3:bw=18,experts=[0]; c8:bw=15,experts=[0]; c0:bw=11,experts=[6]; c2:bw=32,experts=[2,3,4]; c5:bw=31,experts=[0,1,7]; c6:bw=10,experts=[6]; c7:bw=24,experts=[3,4]; c9:bw=29,experts=[2,3]; c1:bw=30,experts=[0,6,7]
   50 | 0.01000 |   1.8353 |   35.46% |   47.75% |    0:50.29
      bandwidth/experts | c8:bw=18,experts=[1]; c4:bw=10,experts=[2]; c7:bw=19,experts=[5]; c6:bw=38,experts=[0,1,7]; c2:bw=35,experts=[5,6,7]; c1:bw=36,experts=[1,2,3]; c3:bw=22,experts=[1,2]; c0:bw=16,experts=[7]; c9:bw=15,experts=[4]; c5:bw=17,experts=[2]
   51 | 0.01000 |   1.9259 |   44.01% |   47.75% |    0:50.14
      bandwidth/experts | c5:bw=26,experts=[3,4]; c0:bw=30,experts=[0,1,2]; c1:bw=12,experts=[4]; c2:bw=11,experts=[0]; c8:bw=26,experts=[2,3]; c6:bw=29,experts=[2,3]; c9:bw=10,experts=[5]; c3:bw=31,experts=[3,4,5]; c4:bw=10,experts=[3]; c7:bw=15,experts=[6]
   52 | 0.01000 |   1.8661 |   49.25% |   49.25% |    0:51.10
      bandwidth/experts | c0:bw=26,experts=[3,4]; c8:bw=10,experts=[4]; c5:bw=13,experts=[5]; c7:bw=19,experts=[7]; c1:bw=22,experts=[5,6]; c4:bw=18,experts=[4]; c9:bw=17,experts=[6]; c6:bw=28,experts=[4,5]; c2:bw=16,experts=[1]; c3:bw=24,experts=[6,7]
   53 | 0.01000 |   1.7963 |   49.06% |   49.25% |    0:49.53
      bandwidth/experts | c8:bw=12,experts=[5]; c4:bw=16,experts=[5]; c5:bw=24,experts=[6,7]; c1:bw=33,experts=[0,1,7]; c3:bw=26,experts=[0,1]; c9:bw=34,experts=[0,1,7]; c6:bw=20,experts=[6,7]; c7:bw=24,experts=[0,1]; c0:bw=21,experts=[5,6]; c2:bw=29,experts=[2,3]
   54 | 0.01000 |   1.7769 |   50.94% |   50.94% |    0:49.49
      bandwidth/experts | c2:bw=10,experts=[4]; c1:bw=29,experts=[2,3]; c8:bw=31,experts=[0,6,7]; c7:bw=34,experts=[2,3,4]; c3:bw=17,experts=[2]; c0:bw=20,experts=[0,7]; c6:bw=30,experts=[0,1,2]; c5:bw=10,experts=[0]; c9:bw=28,experts=[2,3]; c4:bw=18,experts=[6]
   55 | 0.01000 |   1.8216 |   51.20% |   51.20% |    0:49.49
      bandwidth/experts | c7:bw=30,experts=[5,6,7]; c2:bw=23,experts=[5,6]; c4:bw=10,experts=[7]; c3:bw=29,experts=[3,4]; c8:bw=10,experts=[1]; c5:bw=29,experts=[1,2]; c1:bw=33,experts=[4,5,6]; c6:bw=23,experts=[3,4]; c0:bw=15,experts=[1]; c9:bw=34,experts=[4,5,6]
   56 | 0.01000 |   1.7420 |   52.40% |   52.40% |    0:49.39
      bandwidth/experts | c9:bw=29,experts=[0,7]; c1:bw=31,experts=[0,1,7]; c3:bw=10,experts=[5]; c2:bw=29,experts=[0,7]; c5:bw=17,experts=[3]; c4:bw=10,experts=[0]; c8:bw=10,experts=[2]; c7:bw=10,experts=[0]; c6:bw=13,experts=[5]; c0:bw=39,experts=[2,3,4]
   57 | 0.01000 |   1.7543 |   37.16% |   52.40% |    0:49.92
      bandwidth/experts | c3:bw=35,experts=[0,6,7]; c8:bw=24,experts=[3,4]; c6:bw=27,experts=[6,7]; c1:bw=27,experts=[2,3]; c7:bw=38,experts=[1,2,3]; c0:bw=39,experts=[5,6,7]; c5:bw=24,experts=[4,5]; c4:bw=23,experts=[1,2]; c2:bw=18,experts=[1]; c9:bw=11,experts=[1]
   58 | 0.01000 |   1.8293 |   37.83% |   52.40% |    0:50.26
      bandwidth/experts | c7:bw=13,experts=[4]; c2:bw=10,experts=[2]; c9:bw=32,experts=[2,3,4]; c6:bw=30,experts=[0,1,2]; c5:bw=19,experts=[6]; c1:bw=17,experts=[4]; c8:bw=22,experts=[5,6]; c4:bw=21,experts=[3,4]; c3:bw=34,experts=[1,2,3]; c0:bw=26,experts=[0,1]
   59 | 0.01000 |   1.8323 |   38.70% |   52.40% |    0:50.39
      bandwidth/experts | c2:bw=20,experts=[3,4]; c8:bw=31,experts=[0,1,7]; c9:bw=15,experts=[5]; c6:bw=11,experts=[3]; c1:bw=36,experts=[5,6,7]; c4:bw=14,experts=[5]; c7:bw=15,experts=[5]; c5:bw=18,experts=[7]; c0:bw=29,experts=[2,3]; c3:bw=20,experts=[4,5]
   60 | 0.01000 |   1.8264 |   43.44% |   52.40% |    0:50.06
      bandwidth/experts | c0:bw=29,experts=[4,5]; c7:bw=26,experts=[6,7]; c4:bw=17,experts=[6]; c2:bw=17,experts=[5]; c5:bw=18,experts=[0]; c8:bw=14,experts=[2]; c6:bw=33,experts=[4,5,6]; c9:bw=10,experts=[6]; c1:bw=30,experts=[0,1,2]; c3:bw=24,experts=[6,7]
   61 | 0.01000 |   1.7174 |   52.22% |   52.40% |    0:49.73
      bandwidth/experts | c5:bw=27,experts=[1,2]; c6:bw=21,experts=[0,7]; c2:bw=16,experts=[6]; c9:bw=21,experts=[0,7]; c1:bw=19,experts=[3]; c3:bw=24,experts=[0,1]; c8:bw=31,experts=[3,4,5]; c4:bw=21,experts=[0,7]; c7:bw=24,experts=[0,1]; c0:bw=33,experts=[0,6,7]
   62 | 0.01000 |   1.7221 |   36.98% |   52.40% |    0:49.55
      bandwidth/experts | c8:bw=10,experts=[6]; c6:bw=35,experts=[1,2,3]; c9:bw=10,experts=[1]; c4:bw=33,experts=[1,2,3]; c5:bw=37,experts=[3,4,5]; c0:bw=16,experts=[1]; c3:bw=29,experts=[2,3]; c2:bw=23,experts=[0,7]; c1:bw=40,experts=[4,5,6,7]; c7:bw=25,experts=[2,3]
   63 | 0.01000 |   1.8328 |   42.29% |   52.40% |    0:50.17
      bandwidth/experts | c5:bw=10,experts=[6]; c9:bw=12,experts=[2]; c6:bw=19,experts=[4]; c3:bw=29,experts=[4,5]; c8:bw=18,experts=[7]; c1:bw=28,experts=[0,1]; c7:bw=38,experts=[4,5,6]; c0:bw=23,experts=[2,3]; c2:bw=15,experts=[1]; c4:bw=29,experts=[4,5]
   64 | 0.01000 |   1.7727 |   38.03% |   52.40% |    0:49.70
      bandwidth/experts | c6:bw=28,experts=[5,6]; c4:bw=21,experts=[6,7]; c5:bw=13,experts=[7]; c3:bw=21,experts=[6,7]; c7:bw=19,experts=[7]; c0:bw=18,experts=[4]; c8:bw=30,experts=[0,1,2]; c9:bw=33,experts=[3,4,5]; c2:bw=31,experts=[2,3,4]; c1:bw=16,experts=[2]
   65 | 0.01000 |   1.7132 |   53.40% |   53.40% |    0:50.47
      bandwidth/experts | c7:bw=10,experts=[0]; c5:bw=16,experts=[0]; c4:bw=32,experts=[0,1,2]; c6:bw=28,experts=[0,7]; c8:bw=37,experts=[3,4,5]; c3:bw=24,experts=[0,1]; c0:bw=23,experts=[5,6]; c2:bw=16,experts=[5]; c1:bw=32,experts=[3,4,5]; c9:bw=26,experts=[6,7]
   66 | 0.01000 |   1.6768 |   51.07% |   53.40% |    0:49.41
      bandwidth/experts | c2:bw=23,experts=[6,7]; c5:bw=10,experts=[1]; c1:bw=30,experts=[0,6,7]; c8:bw=13,experts=[6]; c9:bw=17,experts=[0]; c6:bw=16,experts=[1]; c4:bw=23,experts=[3,4]; c0:bw=21,experts=[0,7]; c3:bw=37,experts=[2,3,4]; c7:bw=28,experts=[1,2]
   67 | 0.01000 |   1.6712 |   41.14% |   53.40% |    0:49.68
      bandwidth/experts | c4:bw=28,experts=[5,6]; c5:bw=27,experts=[2,3]; c1:bw=20,experts=[1,2]; c3:bw=14,experts=[5]; c6:bw=29,experts=[2,3]; c0:bw=18,experts=[1]; c2:bw=24,experts=[0,1]; c9:bw=33,experts=[1,2,3]; c7:bw=33,experts=[3,4,5]; c8:bw=10,experts=[7]
   68 | 0.01000 |   1.7198 |   48.43% |   53.40% |    0:49.90
      bandwidth/experts | c1:bw=23,experts=[3,4]; c8:bw=17,experts=[0]; c2:bw=32,experts=[2,3,4]; c0:bw=17,experts=[2]; c3:bw=14,experts=[6]; c4:bw=27,experts=[0,7]; c5:bw=25,experts=[4,5]; c9:bw=10,experts=[4]; c7:bw=15,experts=[6]; c6:bw=18,experts=[4]
   69 | 0.01000 |   1.6788 |   48.06% |   53.40% |    0:50.18
      bandwidth/experts | c3:bw=23,experts=[0,7]; c7:bw=32,experts=[0,1,7]; c1:bw=17,experts=[5]; c4:bw=23,experts=[1,2]; c9:bw=20,experts=[5,6]; c5:bw=22,experts=[6,7]; c0:bw=29,experts=[3,4]; c2:bw=37,experts=[5,6,7]; c8:bw=23,experts=[1,2]; c6:bw=15,experts=[5]
   70 | 0.01000 |   1.6533 |   47.33% |   53.40% |    0:49.51
      bandwidth/experts | c1:bw=13,experts=[6]; c9:bw=10,experts=[7]; c7:bw=16,experts=[2]; c3:bw=18,experts=[1]; c0:bw=17,experts=[5]; c6:bw=14,experts=[6]; c2:bw=31,experts=[0,1,2]; c4:bw=32,experts=[3,4,5]; c5:bw=13,experts=[0]; c8:bw=27,experts=[3,4]
   71 | 0.01000 |   1.6430 |   54.22% |   54.22% |    0:49.51
      bandwidth/experts | c4:bw=24,experts=[6,7]; c0:bw=10,experts=[6]; c1:bw=29,experts=[0,7]; c9:bw=22,experts=[0,1]; c7:bw=11,experts=[3]; c5:bw=19,experts=[1]; c3:bw=34,experts=[2,3,4]; c6:bw=28,experts=[0,7]; c8:bw=21,experts=[5,6]; c2:bw=34,experts=[3,4,5]
   72 | 0.01000 |   1.6367 |   46.01% |   54.22% |    0:49.67
      bandwidth/experts | c8:bw=16,experts=[7]; c1:bw=22,experts=[1,2]; c5:bw=24,experts=[2,3]; c7:bw=27,experts=[4,5]; c6:bw=11,experts=[1]; c0:bw=29,experts=[0,7]; c3:bw=13,experts=[5]; c2:bw=13,experts=[6]; c9:bw=21,experts=[2,3]; c4:bw=22,experts=[0,1]
   73 | 0.01000 |   1.6690 |   52.56% |   54.22% |    0:50.01
      bandwidth/experts | c2:bw=26,experts=[0,7]; c8:bw=10,experts=[0]; c3:bw=22,experts=[6,7]; c1:bw=37,experts=[3,4,5]; c5:bw=10,experts=[4]; c9:bw=29,experts=[4,5]; c0:bw=16,experts=[1]; c7:bw=20,experts=[6,7]; c6:bw=11,experts=[2]; c4:bw=23,experts=[2,3]
   74 | 0.01000 |   1.6257 |   51.97% |   54.22% |    0:49.81
      bandwidth/experts | c3:bw=10,experts=[0]; c0:bw=22,experts=[2,3]; c1:bw=15,experts=[6]; c5:bw=28,experts=[5,6]; c7:bw=36,experts=[0,1,2]; c8:bw=16,experts=[1]; c6:bw=10,experts=[3]; c2:bw=10,experts=[1]; c4:bw=26,experts=[4,5]; c9:bw=18,experts=[6]
   75 | 0.01000 |   1.5990 |   54.12% |   54.22% |    0:49.61
      bandwidth/experts | c2:bw=22,experts=[2,3]; c9:bw=34,experts=[0,1,7]; c1:bw=30,experts=[0,1,7]; c3:bw=11,experts=[1]; c7:bw=16,experts=[3]; c6:bw=31,experts=[4,5,6]; c5:bw=17,experts=[7]; c4:bw=31,experts=[0,6,7]; c0:bw=34,experts=[4,5,6]; c8:bw=30,experts=[2,3,4]
   76 | 0.01000 |   1.5896 |   46.42% |   54.22% |    0:49.87
      bandwidth/experts | c8:bw=16,experts=[5]; c5:bw=21,experts=[0,1]; c0:bw=17,experts=[7]; c3:bw=10,experts=[2]; c2:bw=14,experts=[4]; c6:bw=13,experts=[7]; c7:bw=37,experts=[4,5,6]; c4:bw=34,experts=[1,2,3]; c9:bw=32,experts=[2,3,4]; c1:bw=30,experts=[2,3,4]
   77 | 0.01000 |   1.6329 |   48.31% |   54.22% |    0:50.27
      bandwidth/experts | c9:bw=16,experts=[5]; c2:bw=19,experts=[5]; c1:bw=35,experts=[5,6,7]; c8:bw=10,experts=[6]; c4:bw=10,experts=[4]; c7:bw=10,experts=[7]; c6:bw=32,experts=[0,1,2]; c0:bw=35,experts=[0,1,2]; c3:bw=22,experts=[3,4]; c5:bw=33,experts=[2,3,4]
   78 | 0.01000 |   1.6019 |   56.15% |   56.15% |    0:50.19
      bandwidth/experts | c0:bw=15,experts=[3]; c4:bw=13,experts=[5]; c3:bw=21,experts=[5,6]; c7:bw=20,experts=[0,1]; c8:bw=30,experts=[0,1,7]; c1:bw=23,experts=[0,1]; c9:bw=17,experts=[6]; c6:bw=32,experts=[3,4,5]; c5:bw=35,experts=[5,6,7]; c2:bw=19,experts=[6]
   79 | 0.01000 |   1.5749 |   55.03% |   56.15% |    0:50.08
      bandwidth/experts | c6:bw=12,experts=[6]; c9:bw=10,experts=[7]; c0:bw=20,experts=[4,5]; c4:bw=40,experts=[0,1,6,7]; c7:bw=25,experts=[2,3]; c8:bw=25,experts=[2,3]; c5:bw=29,experts=[0,1]; c3:bw=15,experts=[7]; c1:bw=21,experts=[2,3]; c2:bw=18,experts=[7]
   80 | 0.01000 |   1.5623 |   57.05% |   57.05% |    0:49.66
      bandwidth/experts | c5:bw=36,experts=[2,3,4]; c9:bw=29,experts=[0,1]; c7:bw=26,experts=[4,5]; c1:bw=17,experts=[4]; c3:bw=17,experts=[0]; c4:bw=32,experts=[2,3,4]; c2:bw=24,experts=[0,1]; c0:bw=26,experts=[6,7]; c6:bw=22,experts=[0,7]; c8:bw=28,experts=[4,5]
   81 | 0.01000 |   1.5531 |   51.52% |   57.05% |    0:49.68
      bandwidth/experts | c6:bw=29,experts=[1,2]; c2:bw=25,experts=[2,3]; c3:bw=37,experts=[1,2,3]; c1:bw=27,experts=[5,6]; c4:bw=23,experts=[5,6]; c5:bw=17,experts=[5]; c9:bw=15,experts=[2]; c7:bw=32,experts=[0,6,7]; c8:bw=26,experts=[6,7]; c0:bw=28,experts=[0,1]
   82 | 0.01000 |   1.5604 |   54.08% |   57.05% |    0:49.93
      bandwidth/experts | c1:bw=36,experts=[0,1,7]; c0:bw=17,experts=[2]; c6:bw=20,experts=[3,4]; c8:bw=32,experts=[0,1,2]; c7:bw=22,experts=[1,2]; c3:bw=22,experts=[4,5]; c2:bw=16,experts=[4]; c9:bw=31,experts=[3,4,5]; c5:bw=22,experts=[6,7]; c4:bw=16,experts=[7]
   83 | 0.01000 |   1.5570 |   55.81% |   57.05% |    0:49.79
      bandwidth/experts | c9:bw=29,experts=[6,7]; c4:bw=10,experts=[0]; c2:bw=23,experts=[5,6]; c7:bw=21,experts=[3,4]; c5:bw=10,experts=[0]; c0:bw=10,experts=[3]; c6:bw=29,experts=[5,6]; c1:bw=35,experts=[2,3,4]; c8:bw=22,experts=[3,4]; c3:bw=24,experts=[6,7]
   84 | 0.01000 |   1.5361 |   56.16% |   57.05% |    0:50.00
      bandwidth/experts | c8:bw=37,experts=[5,6,7]; c3:bw=18,experts=[0]; c1:bw=32,experts=[5,6,7]; c6:bw=10,experts=[7]; c9:bw=11,experts=[0]; c2:bw=20,experts=[0,7]; c7:bw=26,experts=[5,6]; c5:bw=11,experts=[1]; c4:bw=15,experts=[1]; c0:bw=10,experts=[4]
   85 | 0.01000 |   1.5186 |   57.57% |   57.57% |    0:49.78
      bandwidth/experts | c0:bw=21,experts=[5,6]; c2:bw=25,experts=[1,2]; c8:bw=39,experts=[0,1,2]; c6:bw=23,experts=[0,1]; c1:bw=31,experts=[0,1,2]; c4:bw=23,experts=[2,3]; c9:bw=32,experts=[1,2,3]; c3:bw=28,experts=[1,2]; c5:bw=10,experts=[2]; c7:bw=10,experts=[7]
   86 | 0.01000 |   1.5170 |   49.98% |   57.57% |    0:50.10
      bandwidth/experts | c5:bw=26,experts=[3,4]; c8:bw=15,experts=[3]; c2:bw=13,experts=[3]; c6:bw=31,experts=[2,3,4]; c0:bw=17,experts=[7]; c4:bw=10,experts=[4]; c7:bw=24,experts=[0,1]; c3:bw=15,experts=[3]; c1:bw=40,experts=[3,4,5,6]; c9:bw=24,experts=[4,5]
   87 | 0.01000 |   1.5623 |   48.93% |   57.57% |    0:49.88
      bandwidth/experts | c1:bw=16,experts=[7]; c2:bw=37,experts=[4,5,6]; c7:bw=12,experts=[2]; c5:bw=10,experts=[5]; c6:bw=33,experts=[5,6,7]; c3:bw=38,experts=[4,5,6]; c4:bw=19,experts=[5]; c9:bw=21,experts=[6,7]; c8:bw=26,experts=[4,5]; c0:bw=19,experts=[0]
   88 | 0.01000 |   1.5521 |   57.16% |   57.57% |    0:49.81
      bandwidth/experts | c8:bw=24,experts=[6,7]; c6:bw=15,experts=[0]; c3:bw=18,experts=[7]; c7:bw=23,experts=[3,4]; c0:bw=34,experts=[1,2,3]; c4:bw=21,experts=[6,7]; c9:bw=17,experts=[0]; c1:bw=16,experts=[0]; c5:bw=17,experts=[6]; c2:bw=25,experts=[0,7]
   89 | 0.01000 |   1.5043 |   59.18% |   59.18% |    0:49.59
      bandwidth/experts | c3:bw=17,experts=[0]; c8:bw=40,experts=[0,1,2,3]; c2:bw=25,experts=[1,2]; c9:bw=34,experts=[1,2,3]; c7:bw=12,experts=[5]; c5:bw=25,experts=[0,7]; c0:bw=10,experts=[4]; c6:bw=18,experts=[1]; c4:bw=17,experts=[0]; c1:bw=23,experts=[1,2]
   90 | 0.01000 |   1.4882 |   46.52% |   59.18% |    0:49.91
      bandwidth/experts | c7:bw=40,experts=[0,1,6,7]; c1:bw=17,experts=[3]; c3:bw=20,experts=[1,2]; c9:bw=35,experts=[4,5,6]; c0:bw=35,experts=[5,6,7]; c6:bw=14,experts=[2]; c2:bw=12,experts=[3]; c5:bw=15,experts=[1]; c8:bw=28,experts=[4,5]; c4:bw=20,experts=[1,2]
   91 | 0.01000 |   1.5687 |   46.67% |   59.18% |    0:49.60
      bandwidth/experts | c1:bw=28,experts=[4,5]; c9:bw=19,experts=[7]; c5:bw=29,experts=[2,3]; c7:bw=29,experts=[2,3]; c3:bw=22,experts=[3,4]; c4:bw=30,experts=[3,4,5]; c0:bw=12,experts=[0]; c6:bw=16,experts=[3]; c2:bw=10,experts=[4]; c8:bw=13,experts=[6]
   92 | 0.01000 |   1.5941 |   52.22% |   59.18% |    0:49.50
      bandwidth/experts | c3:bw=16,experts=[5]; c7:bw=19,experts=[4]; c1:bw=11,experts=[6]; c0:bw=16,experts=[1]; c8:bw=11,experts=[7]; c6:bw=25,experts=[4,5]; c9:bw=31,experts=[0,1,2]; c2:bw=14,experts=[5]; c5:bw=37,experts=[4,5,6]; c4:bw=15,experts=[6]
   93 | 0.01000 |   1.5303 |   56.66% |   59.18% |    0:49.81
      bandwidth/experts | c1:bw=26,experts=[0,7]; c3:bw=17,experts=[6]; c7:bw=12,experts=[5]; c9:bw=32,experts=[3,4,5]; c6:bw=12,experts=[6]; c8:bw=10,experts=[0]; c5:bw=10,experts=[7]; c4:bw=18,experts=[7]; c0:bw=10,experts=[2]; c2:bw=28,experts=[6,7]
   94 | 0.01000 |   1.5022 |   58.36% |   59.18% |    0:50.05
      bandwidth/experts | c7:bw=25,experts=[6,7]; c2:bw=36,experts=[0,1,2]; c5:bw=23,experts=[0,1]; c4:bw=17,experts=[0]; c6:bw=17,experts=[7]; c9:bw=28,experts=[6,7]; c1:bw=39,experts=[1,2,3]; c8:bw=10,experts=[1]; c0:bw=31,experts=[3,4,5]; c3:bw=19,experts=[7]
   95 | 0.01000 |   1.4697 |   59.54% |   59.54% |    0:49.83
      bandwidth/experts | c7:bw=33,experts=[0,1,2]; c9:bw=23,experts=[0,1]; c4:bw=10,experts=[1]; c6:bw=22,experts=[0,1]; c0:bw=19,experts=[6]; c3:bw=23,experts=[0,1]; c1:bw=17,experts=[4]; c8:bw=40,experts=[2,3,4,5]; c2:bw=13,experts=[3]; c5:bw=10,experts=[2]
   96 | 0.01000 |   1.4598 |   53.20% |   59.54% |    0:49.85
      bandwidth/experts | c2:bw=36,experts=[4,5,6]; c9:bw=25,experts=[2,3]; c3:bw=25,experts=[2,3]; c1:bw=20,experts=[5,6]; c5:bw=33,experts=[3,4,5]; c4:bw=27,experts=[2,3]; c6:bw=17,experts=[2]; c7:bw=28,experts=[3,4]; c0:bw=20,experts=[0,7]; c8:bw=36,experts=[0,6,7]
   97 | 0.01000 |   1.4969 |   58.87% |   59.54% |    0:49.90
      bandwidth/experts | c0:bw=23,experts=[1,2]; c9:bw=24,experts=[4,5]; c8:bw=24,experts=[1,2]; c4:bw=10,experts=[4]; c7:bw=17,experts=[5]; c1:bw=28,experts=[0,7]; c3:bw=19,experts=[4]; c5:bw=26,experts=[6,7]; c6:bw=28,experts=[3,4]; c2:bw=30,experts=[0,1,7]
   98 | 0.01000 |   1.4705 |   48.47% |   59.54% |    0:49.90
      bandwidth/experts | c4:bw=29,experts=[5,6]; c8:bw=30,experts=[3,4,5]; c9:bw=15,experts=[6]; c7:bw=13,experts=[6]; c6:bw=20,experts=[5,6]; c5:bw=27,experts=[0,1]; c0:bw=19,experts=[3]; c3:bw=14,experts=[5]; c1:bw=15,experts=[1]; c2:bw=13,experts=[2]
   99 | 0.01000 |   1.5188 |   49.19% |   59.54% |    0:49.95
      bandwidth/experts | c8:bw=19,experts=[6]; c5:bw=27,experts=[2,3]; c7:bw=25,experts=[0,7]; c1:bw=33,experts=[2,3,4]; c3:bw=21,experts=[6,7]; c9:bw=11,experts=[7]; c4:bw=14,experts=[7]; c0:bw=22,experts=[4,5]; c2:bw=17,experts=[3]; c6:bw=19,experts=[7]
  100 | 0.01000 |   1.4719 |   61.51% |   61.51% |    0:49.69
      bandwidth/experts | c2:bw=17,experts=[4]; c8:bw=25,experts=[0,7]; c9:bw=29,experts=[0,1]; c5:bw=10,experts=[4]; c6:bw=25,experts=[0,1]; c1:bw=10,experts=[5]; c4:bw=36,experts=[0,1,2]; c7:bw=10,experts=[1]; c3:bw=23,experts=[0,1]; c0:bw=36,experts=[0,6,7]

Done. Best Acc: 61.51% @ round 100
Total time: 1:23:35.47
[Export] 实验目录: /userhome/cs3/duanty/FedMoE/results/exp03-c100-resnet-bw10-40-fedrolex/20260923-070233
[Export] 每轮明细: /userhome/cs3/duanty/FedMoE/results/exp03-c100-resnet-bw10-40-fedrolex/20260923-070233/rounds.xlsx
[Export] 总体摘要: /userhome/cs3/duanty/FedMoE/results/exp03-c100-resnet-bw10-40-fedrolex/20260923-070233/summary.xlsx
[Plot] result = /userhome/cs3/duanty/FedMoE/results/exp03-c100-resnet-bw10-40-fedrolex/20260923-070233
[Plot] figures -> /userhome/cs3/duanty/FedMoE/results/exp03-c100-resnet-bw10-40-fedrolex/20260923-070233/figure
  fig01_test_accuracy.pdf
  fig02_train_loss.pdf
  fig03_acc_and_loss.pdf
  fig04_bandwidth_and_k.pdf
  fig05_expert_round_heatmap.pdf
  fig06_client_expert_heatmap.pdf
  fig07_expert_frequency.pdf
  fig08_time_breakdown.pdf
  fig09_accuracy_vs_communication.pdf
  fig10_overview.pdf
[Export] 图片目录: /userhome/cs3/duanty/FedMoE/results/exp03-c100-resnet-bw10-40-fedrolex/20260923-070233/figure
