========================================
Job    : exp07-c100-resnet-e4-fedavg-old-bias
Host   : gpu-4090-801
Date   : Thu Sep 24 17:45:39 HKT 2026
GPU    : 0
Python : /userhome/cs3/duanty/miniconda3/envs/moe/bin/python
Command: python -u main.py --method ours --dataset cifar100 --backbone resnet --select ours --merge fedavg-old-bias --device cuda --num_experts 4 --num_clients 10 --bw_min 10 --bw_max -1 --output_dir ./results/exp07-c100-resnet-e4-fedavg-old-bias
========================================

==================================================================
 Ours  
  Dataset=cifar100 | beta=0.1 | Backbone=resnet | width_mult=1 | Clients=10 | Experts=4
  Select=ours | Merge=fedavg-old-bias
  Expert refresh N_ref=4
  Rounds=100 | LR=0.01
  Bandwidth: expert_bw=10 | bw=[10, 40] | Rayleigh-Shannon, SNR=10 dB | k=floor(bw/10)
==================================================================


[Partition] Dirichlet beta=0.1, 10 clients
  Client 0:   4573 samples | 45/100 classes
  Client 1:   4218 samples | 54/100 classes
  Client 2:   3656 samples | 48/100 classes
  Client 3:   5018 samples | 43/100 classes
  Client 4:   6664 samples | 52/100 classes
  Client 5:   6137 samples | 45/100 classes
  Client 6:   6582 samples | 49/100 classes
  Client 7:   4512 samples | 39/100 classes
  Client 8:   5219 samples | 46/100 classes
  Client 9:   3421 samples | 100/100 classes

[Upload] expert_bw=10 | available bw=[10, 40] | Rayleigh-Shannon, SNR=10 dB | upload k=floor(bw/10), cap=4 | probe gate scores, refresh stale experts, then train selected

[Model] Total params: 12,426,704

[Export] 本次实验目录: /userhome/cs3/duanty/FedMoE/results/exp07-c100-resnet-e4-fedavg-old-bias/20260924-174544

Round |      LR |  AvgLoss |  TestAcc |     Best |  RoundTime
--------------------------------------------------------------------------------
    1 | 0.00208 |   3.6273 |    1.29% |    1.29% |    0:58.40
      bandwidth/experts | c8:bw=31,experts=[0,1,2]; c1:bw=16,experts=[2]; c5:bw=25,experts=[1,2]; c0:bw=10,experts=[2]; c7:bw=11,experts=[2]; c2:bw=16,experts=[2]; c9:bw=25,experts=[1,2]; c4:bw=22,experts=[1,2]; c3:bw=28,experts=[1,2]; c6:bw=23,experts=[1,2]
    2 | 0.00406 |   3.3186 |    3.57% |    3.57% |    0:55.21
      bandwidth/experts | c0:bw=20,experts=[1,2]; c1:bw=23,experts=[1,2]; c8:bw=27,experts=[1,2]; c5:bw=38,experts=[0,1,2]; c3:bw=37,experts=[0,1,2]; c4:bw=17,experts=[2]; c7:bw=31,experts=[0,1,2]; c9:bw=26,experts=[1,2]; c6:bw=10,experts=[2]; c2:bw=12,experts=[2]
    3 | 0.00604 |   3.2055 |    6.14% |    6.14% |    0:55.48
      bandwidth/experts | c9:bw=26,experts=[1,2]; c2:bw=23,experts=[1,2]; c0:bw=28,experts=[1,2]; c6:bw=22,experts=[1,2]; c8:bw=17,experts=[2]; c5:bw=10,experts=[2]; c3:bw=14,experts=[2]; c7:bw=18,experts=[2]; c1:bw=10,experts=[2]; c4:bw=29,experts=[1,2]
    4 | 0.00802 |   3.4058 |    7.29% |    7.29% |    0:57.72
      bandwidth/experts | c1:bw=22,experts=[0,3]; c7:bw=25,experts=[2,3]; c6:bw=29,experts=[0,3]; c2:bw=33,experts=[0,2,3]; c8:bw=17,experts=[3]; c0:bw=33,experts=[0,2,3]; c3:bw=19,experts=[3]; c4:bw=31,experts=[0,2,3]; c5:bw=40,experts=[0,1,2,3]; c9:bw=12,experts=[0]
    5 | 0.01000 |   3.0420 |   10.67% |   10.67% |    0:58.64
      bandwidth/experts | c1:bw=11,experts=[2]; c5:bw=22,experts=[1,2]; c4:bw=27,experts=[1,2]; c8:bw=20,experts=[0,2]; c0:bw=28,experts=[1,2]; c7:bw=14,experts=[2]; c6:bw=29,experts=[1,2]; c3:bw=35,experts=[0,1,2]; c2:bw=10,experts=[2]; c9:bw=35,experts=[1,2,3]
    6 | 0.01000 |   2.9721 |   12.96% |   12.96% |    0:58.28
      bandwidth/experts | c8:bw=37,experts=[0,1,2]; c2:bw=23,experts=[1,2]; c5:bw=15,experts=[2]; c7:bw=32,experts=[0,1,2]; c3:bw=20,experts=[1,2]; c1:bw=18,experts=[1]; c9:bw=27,experts=[1,2]; c0:bw=17,experts=[2]; c4:bw=10,experts=[2]; c6:bw=11,experts=[2]
    7 | 0.01000 |   2.8166 |   16.42% |   16.42% |    0:58.17
      bandwidth/experts | c0:bw=20,experts=[1,2]; c5:bw=27,experts=[1,2]; c2:bw=22,experts=[1,2]; c6:bw=10,experts=[2]; c3:bw=15,experts=[2]; c7:bw=17,experts=[2]; c4:bw=10,experts=[2]; c1:bw=10,experts=[2]; c8:bw=32,experts=[0,1,2]; c9:bw=10,experts=[2]
    8 | 0.01000 |   2.9315 |   11.96% |   16.42% |    0:58.39
      bandwidth/experts | c4:bw=10,experts=[0]; c8:bw=20,experts=[2,3]; c1:bw=32,experts=[0,2,3]; c3:bw=21,experts=[2,3]; c0:bw=18,experts=[0]; c5:bw=16,experts=[0]; c2:bw=30,experts=[0,2,3]; c9:bw=33,experts=[0,1,2]; c7:bw=10,experts=[3]; c6:bw=23,experts=[0,3]
    9 | 0.01000 |   2.7626 |   17.12% |   17.12% |    0:58.29
      bandwidth/experts | c2:bw=12,experts=[2]; c0:bw=29,experts=[2,3]; c4:bw=33,experts=[1,2,3]; c9:bw=15,experts=[3]; c8:bw=10,experts=[2]; c6:bw=17,experts=[1]; c7:bw=25,experts=[1,2]; c5:bw=29,experts=[2,3]; c1:bw=10,experts=[2]; c3:bw=13,experts=[0]
   10 | 0.01000 |   2.5668 |   23.82% |   23.82% |    0:58.44
      bandwidth/experts | c4:bw=20,experts=[1,2]; c2:bw=19,experts=[2]; c7:bw=21,experts=[0,2]; c0:bw=33,experts=[0,1,2]; c6:bw=36,experts=[0,1,2]; c3:bw=26,experts=[1,2]; c5:bw=32,experts=[0,1,2]; c8:bw=20,experts=[1,2]; c9:bw=20,experts=[1,2]; c1:bw=23,experts=[1,2]
   11 | 0.01000 |   2.5387 |   25.78% |   25.78% |    0:58.50
      bandwidth/experts | c5:bw=15,experts=[2]; c2:bw=15,experts=[1]; c7:bw=24,experts=[1,2]; c3:bw=28,experts=[1,2]; c0:bw=16,experts=[2]; c8:bw=22,experts=[0,2]; c9:bw=18,experts=[2]; c6:bw=31,experts=[0,1,2]; c1:bw=22,experts=[1,2]; c4:bw=10,experts=[2]
   12 | 0.01000 |   2.6017 |   21.24% |   25.78% |    0:58.86
      bandwidth/experts | c1:bw=24,experts=[0,3]; c5:bw=31,experts=[0,1,2]; c2:bw=32,experts=[0,2,3]; c4:bw=16,experts=[0]; c3:bw=19,experts=[3]; c7:bw=16,experts=[3]; c9:bw=23,experts=[0,2]; c6:bw=16,experts=[3]; c8:bw=31,experts=[1,2,3]; c0:bw=27,experts=[1,2]
   13 | 0.01000 |   2.5109 |   26.14% |   26.14% |    0:58.61
      bandwidth/experts | c3:bw=17,experts=[0]; c1:bw=26,experts=[1,2]; c4:bw=10,experts=[3]; c5:bw=16,experts=[3]; c8:bw=10,experts=[2]; c6:bw=20,experts=[1,2]; c9:bw=10,experts=[3]; c7:bw=32,experts=[1,2,3]; c0:bw=14,experts=[3]; c2:bw=10,experts=[2]
   14 | 0.01000 |   2.4880 |   28.98% |   28.98% |    0:57.96
      bandwidth/experts | c2:bw=25,experts=[1,2]; c4:bw=10,experts=[1]; c5:bw=36,experts=[1,2,3]; c1:bw=21,experts=[1,2]; c7:bw=14,experts=[0]; c0:bw=14,experts=[0]; c9:bw=18,experts=[1]; c3:bw=25,experts=[1,2]; c8:bw=12,experts=[2]; c6:bw=37,experts=[1,2,3]
   15 | 0.01000 |   2.2866 |   33.23% |   33.23% |    0:58.10
      bandwidth/experts | c7:bw=33,experts=[1,2,3]; c0:bw=11,experts=[2]; c1:bw=10,experts=[2]; c8:bw=29,experts=[0,2]; c3:bw=10,experts=[2]; c2:bw=29,experts=[1,2]; c4:bw=26,experts=[1,2]; c5:bw=10,experts=[2]; c9:bw=11,experts=[2]; c6:bw=18,experts=[0]
   16 | 0.01000 |   2.3575 |   30.16% |   33.23% |    0:57.39
      bandwidth/experts | c6:bw=22,experts=[1,2]; c1:bw=16,experts=[0]; c3:bw=24,experts=[2,3]; c8:bw=27,experts=[1,3]; c7:bw=12,experts=[2]; c5:bw=22,experts=[0,2]; c4:bw=20,experts=[0,2]; c9:bw=13,experts=[0]; c0:bw=32,experts=[0,1,2]; c2:bw=29,experts=[0,3]
   17 | 0.01000 |   2.2408 |   34.56% |   34.56% |    0:56.66
      bandwidth/experts | c4:bw=32,experts=[1,2,3]; c7:bw=14,experts=[2]; c8:bw=10,experts=[2]; c3:bw=29,experts=[0,2]; c5:bw=10,experts=[2]; c1:bw=16,experts=[3]; c0:bw=10,experts=[3]; c2:bw=11,experts=[2]; c9:bw=21,experts=[2,3]; c6:bw=21,experts=[1,2]
   18 | 0.01000 |   2.2536 |   33.29% |   34.56% |    0:58.08
      bandwidth/experts | c1:bw=10,experts=[1]; c8:bw=10,experts=[2]; c5:bw=19,experts=[1]; c2:bw=21,experts=[1,2]; c9:bw=10,experts=[1]; c7:bw=30,experts=[0,1,2]; c4:bw=31,experts=[1,2,3]; c3:bw=21,experts=[1,2]; c0:bw=27,experts=[1,2]; c6:bw=17,experts=[3]
   19 | 0.01000 |   2.1847 |   38.81% |   38.81% |    0:59.78
      bandwidth/experts | c8:bw=31,experts=[0,1,2]; c0:bw=23,experts=[1,2]; c4:bw=28,experts=[1,2]; c1:bw=26,experts=[1,2]; c9:bw=21,experts=[1,2]; c5:bw=16,experts=[3]; c7:bw=12,experts=[3]; c2:bw=10,experts=[2]; c6:bw=36,experts=[0,1,2]; c3:bw=22,experts=[1,2]
   20 | 0.01000 |   2.2292 |   33.61% |   38.81% |    0:58.63
      bandwidth/experts | c0:bw=15,experts=[0]; c2:bw=23,experts=[0,3]; c1:bw=22,experts=[0,2]; c9:bw=10,experts=[0]; c7:bw=24,experts=[1,2]; c6:bw=38,experts=[1,2,3]; c3:bw=10,experts=[3]; c5:bw=10,experts=[0]; c4:bw=33,experts=[0,1,2]; c8:bw=28,experts=[2,3]
   21 | 0.01000 |   2.1452 |   40.55% |   40.55% |    0:59.55
      bandwidth/experts | c1:bw=23,experts=[2,3]; c2:bw=22,experts=[1,2]; c7:bw=10,experts=[2]; c4:bw=26,experts=[1,2]; c8:bw=10,experts=[2]; c5:bw=18,experts=[2]; c0:bw=37,experts=[1,2,3]; c3:bw=10,experts=[0]; c6:bw=10,experts=[2]; c9:bw=14,experts=[3]
   22 | 0.01000 |   2.0845 |   41.20% |   41.20% |    0:59.75
      bandwidth/experts | c7:bw=10,experts=[0]; c9:bw=18,experts=[2]; c1:bw=10,experts=[2]; c6:bw=34,experts=[1,2,3]; c5:bw=10,experts=[1]; c2:bw=37,experts=[1,2,3]; c0:bw=37,experts=[1,2,3]; c4:bw=20,experts=[2,3]; c3:bw=31,experts=[0,1,2]; c8:bw=18,experts=[2]
   23 | 0.01000 |   2.0617 |   43.00% |   43.00% |    0:58.12
      bandwidth/experts | c5:bw=29,experts=[2,3]; c7:bw=10,experts=[3]; c4:bw=31,experts=[0,1,2]; c6:bw=10,experts=[0]; c9:bw=28,experts=[1,2]; c8:bw=19,experts=[0]; c3:bw=10,experts=[2]; c1:bw=34,experts=[0,1,2]; c2:bw=18,experts=[2]; c0:bw=10,experts=[2]
   24 | 0.01000 |   2.0948 |   41.40% |   43.00% |    0:58.20
      bandwidth/experts | c6:bw=17,experts=[2]; c4:bw=10,experts=[2]; c7:bw=10,experts=[1]; c9:bw=28,experts=[0,2]; c2:bw=24,experts=[0,2]; c1:bw=10,experts=[2]; c5:bw=14,experts=[0]; c8:bw=10,experts=[1]; c3:bw=10,experts=[3]; c0:bw=17,experts=[0]
   25 | 0.01000 |   1.9651 |   45.60% |   45.60% |    0:57.91
      bandwidth/experts | c9:bw=22,experts=[2,3]; c6:bw=10,experts=[2]; c4:bw=32,experts=[0,1,2]; c3:bw=10,experts=[2]; c5:bw=35,experts=[1,2,3]; c1:bw=27,experts=[2,3]; c8:bw=30,experts=[1,2,3]; c2:bw=10,experts=[2]; c0:bw=31,experts=[0,1,2]; c7:bw=22,experts=[1,2]
   26 | 0.01000 |   2.0481 |   37.88% |   45.60% |    0:57.70
      bandwidth/experts | c3:bw=25,experts=[0,1]; c6:bw=19,experts=[1]; c9:bw=28,experts=[1,2]; c7:bw=17,experts=[0]; c1:bw=18,experts=[2]; c5:bw=11,experts=[2]; c2:bw=17,experts=[1]; c8:bw=30,experts=[0,1,2]; c0:bw=10,experts=[3]; c4:bw=26,experts=[2,3]
   27 | 0.01000 |   1.9580 |   44.33% |   45.60% |    0:58.50
      bandwidth/experts | c7:bw=29,experts=[2,3]; c1:bw=34,experts=[0,1,2]; c4:bw=10,experts=[2]; c0:bw=20,experts=[1,2]; c9:bw=10,experts=[2]; c2:bw=11,experts=[3]; c8:bw=31,experts=[1,2,3]; c3:bw=12,experts=[2]; c6:bw=35,experts=[0,2,3]; c5:bw=20,experts=[1,2]
   28 | 0.01000 |   1.9603 |   43.35% |   45.60% |    0:57.63
      bandwidth/experts | c6:bw=16,experts=[2]; c9:bw=27,experts=[0,2]; c0:bw=26,experts=[1,2]; c8:bw=16,experts=[2]; c2:bw=10,experts=[0]; c5:bw=18,experts=[0]; c1:bw=14,experts=[2]; c3:bw=10,experts=[3]; c4:bw=10,experts=[2]; c7:bw=10,experts=[2]
   29 | 0.01000 |   1.9679 |   44.18% |   45.60% |    0:58.06
      bandwidth/experts | c4:bw=21,experts=[0,1]; c0:bw=24,experts=[0,2]; c1:bw=18,experts=[3]; c9:bw=24,experts=[2,3]; c6:bw=24,experts=[1,2]; c8:bw=19,experts=[2]; c7:bw=12,experts=[1]; c3:bw=18,experts=[2]; c2:bw=10,experts=[2]; c5:bw=19,experts=[3]
   30 | 0.01000 |   1.9406 |   47.33% |   47.33% |    0:58.52
      bandwidth/experts | c5:bw=34,experts=[0,1,2]; c1:bw=20,experts=[1,2]; c9:bw=30,experts=[1,2,3]; c4:bw=29,experts=[2,3]; c0:bw=10,experts=[3]; c8:bw=23,experts=[0,2]; c6:bw=10,experts=[2]; c7:bw=10,experts=[0]; c3:bw=33,experts=[0,1,2]; c2:bw=15,experts=[1]
   31 | 0.01000 |   1.9148 |   44.31% |   47.33% |    0:58.12
      bandwidth/experts | c6:bw=16,experts=[0]; c4:bw=11,experts=[2]; c9:bw=25,experts=[1,2]; c1:bw=17,experts=[0]; c5:bw=34,experts=[0,1,2]; c8:bw=18,experts=[1]; c3:bw=13,experts=[2]; c2:bw=10,experts=[3]; c0:bw=26,experts=[1,2]; c7:bw=35,experts=[1,2,3]
   32 | 0.01000 |   1.9234 |   48.45% |   48.45% |    0:57.98
      bandwidth/experts | c8:bw=12,experts=[3]; c5:bw=20,experts=[1,2]; c4:bw=27,experts=[1,2]; c7:bw=26,experts=[1,2]; c0:bw=25,experts=[1,2]; c1:bw=12,experts=[2]; c3:bw=16,experts=[3]; c6:bw=15,experts=[3]; c2:bw=30,experts=[0,1,2]; c9:bw=17,experts=[0]
   33 | 0.01000 |   1.8493 |   48.00% |   48.45% |    0:58.13
      bandwidth/experts | c7:bw=29,experts=[1,2]; c1:bw=19,experts=[3]; c3:bw=39,experts=[0,1,2]; c6:bw=20,experts=[1,2]; c5:bw=16,experts=[3]; c9:bw=23,experts=[1,2]; c2:bw=13,experts=[2]; c8:bw=28,experts=[1,2]; c4:bw=25,experts=[0,2]; c0:bw=35,experts=[0,1,2]
   34 | 0.01000 |   1.8422 |   49.84% |   49.84% |    0:58.63
      bandwidth/experts | c4:bw=26,experts=[2,3]; c1:bw=26,experts=[1,2]; c6:bw=27,experts=[1,2]; c9:bw=38,experts=[1,2,3]; c8:bw=23,experts=[0,2]; c0:bw=12,experts=[3]; c5:bw=33,experts=[1,2,3]; c7:bw=18,experts=[0]; c3:bw=40,experts=[0,1,2,3]; c2:bw=30,experts=[1,2,3]
   35 | 0.01000 |   1.7999 |   49.59% |   49.84% |    0:57.83
      bandwidth/experts | c4:bw=18,experts=[2]; c0:bw=11,experts=[2]; c1:bw=17,experts=[0]; c6:bw=24,experts=[0,2]; c2:bw=25,experts=[1,2]; c8:bw=28,experts=[1,2]; c9:bw=15,experts=[2]; c7:bw=27,experts=[2,3]; c5:bw=23,experts=[0,2]; c3:bw=13,experts=[2]
   36 | 0.01000 |   1.7722 |   51.37% |   51.37% |    0:58.10
      bandwidth/experts | c9:bw=21,experts=[0,2]; c0:bw=20,experts=[1,2]; c3:bw=33,experts=[1,2,3]; c7:bw=15,experts=[2]; c6:bw=24,experts=[2,3]; c5:bw=27,experts=[1,2]; c1:bw=10,experts=[2]; c4:bw=40,experts=[0,1,2,3]; c8:bw=28,experts=[2,3]; c2:bw=28,experts=[0,2]
   37 | 0.01000 |   1.7746 |   51.41% |   51.41% |    0:58.44
      bandwidth/experts | c1:bw=10,experts=[3]; c5:bw=22,experts=[1,2]; c2:bw=20,experts=[1,2]; c6:bw=36,experts=[0,1,2]; c4:bw=22,experts=[1,2]; c7:bw=23,experts=[1,2]; c9:bw=22,experts=[1,2]; c0:bw=30,experts=[0,1,2]; c3:bw=20,experts=[1,2]; c8:bw=10,experts=[2]
   38 | 0.01000 |   1.8021 |   48.62% |   51.41% |    0:57.99
      bandwidth/experts | c8:bw=25,experts=[0,2]; c6:bw=10,experts=[2]; c4:bw=29,experts=[1,2]; c1:bw=17,experts=[1]; c5:bw=10,experts=[3]; c2:bw=10,experts=[3]; c3:bw=21,experts=[0,2]; c7:bw=28,experts=[0,2]; c9:bw=14,experts=[3]; c0:bw=22,experts=[2,3]
   39 | 0.01000 |   1.7373 |   52.90% |   52.90% |    0:58.12
      bandwidth/experts | c3:bw=14,experts=[2]; c0:bw=10,experts=[2]; c1:bw=25,experts=[0,2]; c7:bw=22,experts=[2,3]; c6:bw=17,experts=[2]; c8:bw=25,experts=[1,2]; c2:bw=20,experts=[1,2]; c4:bw=20,experts=[1,2]; c9:bw=13,experts=[2]; c5:bw=40,experts=[0,1,2,3]
   40 | 0.01000 |   1.7609 |   50.75% |   52.90% |    0:57.84
      bandwidth/experts | c8:bw=14,experts=[3]; c1:bw=23,experts=[1,2]; c5:bw=18,experts=[2]; c6:bw=26,experts=[2,3]; c2:bw=36,experts=[0,1,2]; c7:bw=37,experts=[1,2,3]; c3:bw=10,experts=[3]; c4:bw=11,experts=[0]; c9:bw=22,experts=[0,2]; c0:bw=20,experts=[1,2]
   41 | 0.01000 |   1.7567 |   53.21% |   53.21% |    0:58.71
      bandwidth/experts | c2:bw=30,experts=[0,1,2]; c6:bw=10,experts=[0]; c8:bw=31,experts=[0,1,2]; c1:bw=10,experts=[3]; c4:bw=28,experts=[2,3]; c5:bw=34,experts=[1,2,3]; c7:bw=38,experts=[1,2,3]; c3:bw=22,experts=[1,2]; c9:bw=30,experts=[1,2,3]; c0:bw=10,experts=[0]
   42 | 0.01000 |   1.7422 |   51.94% |   53.21% |    0:58.33
      bandwidth/experts | c5:bw=28,experts=[1,2]; c1:bw=27,experts=[1,2]; c3:bw=27,experts=[0,2]; c9:bw=28,experts=[1,2]; c6:bw=19,experts=[1]; c0:bw=10,experts=[3]; c7:bw=11,experts=[0]; c4:bw=30,experts=[1,2,3]; c8:bw=23,experts=[1,2]; c2:bw=22,experts=[2,3]
   43 | 0.01000 |   1.6878 |   54.21% |   54.21% |    0:57.91
      bandwidth/experts | c5:bw=29,experts=[0,2]; c1:bw=32,experts=[0,1,2]; c2:bw=28,experts=[1,2]; c8:bw=25,experts=[1,2]; c9:bw=18,experts=[2]; c7:bw=12,experts=[2]; c4:bw=19,experts=[2]; c6:bw=10,experts=[2]; c3:bw=36,experts=[1,2,3]; c0:bw=12,experts=[2]
   44 | 0.01000 |   1.6993 |   53.02% |   54.21% |    0:58.65
      bandwidth/experts | c0:bw=37,experts=[0,1,2]; c3:bw=26,experts=[1,2]; c4:bw=16,experts=[0]; c2:bw=20,experts=[1,2]; c7:bw=40,experts=[0,1,2,3]; c5:bw=13,experts=[2]; c6:bw=11,experts=[3]; c9:bw=21,experts=[0,2]; c8:bw=19,experts=[3]; c1:bw=25,experts=[1,2]
   45 | 0.01000 |   1.6992 |   53.42% |   54.21% |    0:57.67
      bandwidth/experts | c8:bw=31,experts=[0,1,2]; c0:bw=20,experts=[1,2]; c3:bw=37,experts=[0,1,2]; c4:bw=36,experts=[0,1,2]; c7:bw=20,experts=[1,2]; c2:bw=27,experts=[0,2]; c9:bw=14,experts=[3]; c6:bw=10,experts=[0]; c5:bw=25,experts=[2,3]; c1:bw=31,experts=[1,2,3]
   46 | 0.01000 |   1.6543 |   56.25% |   56.25% |    0:56.77
      bandwidth/experts | c9:bw=20,experts=[1,2]; c3:bw=15,experts=[2]; c6:bw=21,experts=[1,2]; c1:bw=23,experts=[1,2]; c4:bw=35,experts=[1,2,3]; c5:bw=23,experts=[1,2]; c2:bw=32,experts=[1,2,3]; c8:bw=22,experts=[1,2]; c0:bw=30,experts=[1,2,3]; c7:bw=16,experts=[2]
   47 | 0.01000 |   1.6593 |   55.92% |   56.25% |    0:56.77
      bandwidth/experts | c5:bw=29,experts=[0,2]; c6:bw=12,experts=[2]; c7:bw=29,experts=[1,2]; c9:bw=10,experts=[2]; c8:bw=22,experts=[1,2]; c3:bw=39,experts=[1,2,3]; c4:bw=10,experts=[2]; c0:bw=25,experts=[1,2]; c1:bw=17,experts=[0]; c2:bw=30,experts=[1,2,3]
   48 | 0.01000 |   1.6475 |   54.93% |   56.25% |    0:58.38
      bandwidth/experts | c1:bw=28,experts=[1,2]; c8:bw=28,experts=[2,3]; c4:bw=37,experts=[1,2,3]; c2:bw=31,experts=[0,1,2]; c9:bw=29,experts=[0,2]; c6:bw=25,experts=[2,3]; c5:bw=31,experts=[1,2,3]; c7:bw=35,experts=[0,2,3]; c0:bw=10,experts=[0]; c3:bw=10,experts=[2]
   49 | 0.01000 |   1.6725 |   55.74% |   56.25% |    0:57.92
      bandwidth/experts | c4:bw=27,experts=[0,2]; c3:bw=18,experts=[0]; c8:bw=15,experts=[0]; c0:bw=11,experts=[2]; c2:bw=32,experts=[0,1,2]; c5:bw=31,experts=[0,1,2]; c6:bw=10,experts=[0]; c7:bw=24,experts=[1,2]; c9:bw=29,experts=[2,3]; c1:bw=30,experts=[1,2,3]
   50 | 0.01000 |   1.6504 |   57.29% |   57.29% |    0:58.09
      bandwidth/experts | c8:bw=18,experts=[2]; c4:bw=10,experts=[2]; c7:bw=19,experts=[2]; c6:bw=38,experts=[0,1,2]; c2:bw=35,experts=[0,1,2]; c1:bw=36,experts=[1,2,3]; c3:bw=22,experts=[1,2]; c0:bw=16,experts=[3]; c9:bw=15,experts=[1]; c5:bw=17,experts=[2]
   51 | 0.01000 |   1.6327 |   56.54% |   57.29% |    0:58.74
      bandwidth/experts | c5:bw=26,experts=[1,2]; c0:bw=30,experts=[0,1,2]; c1:bw=12,experts=[0]; c2:bw=11,experts=[3]; c8:bw=26,experts=[1,2]; c6:bw=29,experts=[1,2]; c9:bw=10,experts=[2]; c3:bw=31,experts=[1,2,3]; c4:bw=10,experts=[2]; c7:bw=15,experts=[2]
   52 | 0.01000 |   1.6638 |   54.50% |   57.29% |    0:58.07
      bandwidth/experts | c0:bw=26,experts=[1,2]; c8:bw=10,experts=[3]; c5:bw=13,experts=[3]; c7:bw=19,experts=[0]; c1:bw=22,experts=[1,2]; c4:bw=18,experts=[1]; c9:bw=17,experts=[0]; c6:bw=28,experts=[2,3]; c2:bw=16,experts=[2]; c3:bw=24,experts=[1,2]
   53 | 0.01000 |   1.6430 |   54.88% |   57.29% |    0:58.04
      bandwidth/experts | c8:bw=12,experts=[0]; c4:bw=16,experts=[3]; c5:bw=24,experts=[0,2]; c1:bw=33,experts=[0,1,2]; c3:bw=26,experts=[0,2]; c9:bw=34,experts=[1,2,3]; c6:bw=20,experts=[1,2]; c7:bw=24,experts=[1,3]; c0:bw=21,experts=[1,2]; c2:bw=29,experts=[1,2]
   54 | 0.01000 |   1.6155 |   57.53% |   57.53% |    0:58.16
      bandwidth/experts | c2:bw=10,experts=[0]; c1:bw=29,experts=[2,3]; c8:bw=31,experts=[0,1,2]; c7:bw=34,experts=[1,2,3]; c3:bw=17,experts=[2]; c0:bw=20,experts=[2,3]; c6:bw=30,experts=[0,1,2]; c5:bw=10,experts=[2]; c9:bw=28,experts=[1,2]; c4:bw=18,experts=[0]
   55 | 0.01000 |   1.5912 |   55.94% |   57.53% |    0:59.00
      bandwidth/experts | c7:bw=30,experts=[0,1,2]; c2:bw=23,experts=[2,3]; c4:bw=10,experts=[2]; c3:bw=29,experts=[2,3]; c8:bw=10,experts=[2]; c5:bw=29,experts=[1,2]; c1:bw=33,experts=[1,2,3]; c6:bw=23,experts=[1,2]; c0:bw=15,experts=[0]; c9:bw=34,experts=[1,2,3]
   56 | 0.01000 |   1.6207 |   56.18% |   57.53% |    0:58.37
      bandwidth/experts | c9:bw=29,experts=[0,2]; c1:bw=31,experts=[1,2,3]; c3:bw=10,experts=[1]; c2:bw=29,experts=[1,2]; c5:bw=17,experts=[3]; c4:bw=10,experts=[1]; c8:bw=10,experts=[3]; c7:bw=10,experts=[2]; c6:bw=13,experts=[3]; c0:bw=39,experts=[0,1,2]
   57 | 0.01000 |   1.5689 |   59.64% |   59.64% |    0:58.70
      bandwidth/experts | c3:bw=35,experts=[0,1,2]; c8:bw=24,experts=[1,2]; c6:bw=27,experts=[1,2]; c1:bw=27,experts=[0,2]; c7:bw=38,experts=[0,1,2]; c0:bw=39,experts=[0,1,2]; c5:bw=24,experts=[0,2]; c4:bw=23,experts=[2,3]; c2:bw=18,experts=[2]; c9:bw=11,experts=[2]
   58 | 0.01000 |   1.5849 |   58.69% |   59.64% |    0:58.56
      bandwidth/experts | c7:bw=13,experts=[3]; c2:bw=10,experts=[0]; c9:bw=32,experts=[1,2,3]; c6:bw=30,experts=[0,1,2]; c5:bw=19,experts=[2]; c1:bw=17,experts=[2]; c8:bw=22,experts=[0,2]; c4:bw=21,experts=[0,2]; c3:bw=34,experts=[0,1,2]; c0:bw=26,experts=[2,3]
   59 | 0.01000 |   1.5569 |   59.25% |   59.64% |    0:56.99
      bandwidth/experts | c2:bw=20,experts=[2,3]; c8:bw=31,experts=[0,1,2]; c9:bw=15,experts=[2]; c6:bw=11,experts=[2]; c1:bw=36,experts=[1,2,3]; c4:bw=14,experts=[2]; c7:bw=15,experts=[2]; c5:bw=18,experts=[1]; c0:bw=29,experts=[1,2]; c3:bw=20,experts=[2,3]
   60 | 0.01000 |   1.5999 |   58.20% |   59.64% |    0:57.02
      bandwidth/experts | c0:bw=29,experts=[1,2]; c7:bw=26,experts=[1,2]; c4:bw=17,experts=[1]; c2:bw=17,experts=[1]; c5:bw=18,experts=[3]; c8:bw=14,experts=[3]; c6:bw=33,experts=[1,2,3]; c9:bw=10,experts=[0]; c1:bw=30,experts=[1,2,3]; c3:bw=24,experts=[1,2]
   61 | 0.01000 |   1.5509 |   59.61% |   59.64% |    0:57.38
      bandwidth/experts | c5:bw=27,experts=[0,2]; c6:bw=21,experts=[1,2]; c2:bw=16,experts=[2]; c9:bw=21,experts=[1,2]; c1:bw=19,experts=[0]; c3:bw=24,experts=[1,2]; c8:bw=31,experts=[1,2,3]; c4:bw=21,experts=[2,3]; c7:bw=24,experts=[0,2]; c0:bw=33,experts=[0,1,2]
   62 | 0.01000 |   1.5527 |   58.83% |   59.64% |    0:57.92
      bandwidth/experts | c8:bw=10,experts=[2]; c6:bw=35,experts=[0,1,2]; c9:bw=10,experts=[3]; c4:bw=33,experts=[0,1,2]; c5:bw=37,experts=[0,1,2]; c0:bw=16,experts=[3]; c3:bw=29,experts=[0,2]; c2:bw=23,experts=[0,2]; c1:bw=40,experts=[0,1,2,3]; c7:bw=25,experts=[2,3]
   63 | 0.01000 |   1.5551 |   57.77% |   59.64% |    0:56.94
      bandwidth/experts | c5:bw=10,experts=[2]; c9:bw=12,experts=[2]; c6:bw=19,experts=[2]; c3:bw=29,experts=[2,3]; c8:bw=18,experts=[0]; c1:bw=28,experts=[1,2]; c7:bw=38,experts=[0,1,2]; c0:bw=23,experts=[1,2]; c2:bw=15,experts=[3]; c4:bw=29,experts=[1,2]
   64 | 0.01000 |   1.5242 |   59.13% |   59.64% |    0:57.08
      bandwidth/experts | c6:bw=28,experts=[2,3]; c4:bw=21,experts=[1,2]; c5:bw=13,experts=[3]; c3:bw=21,experts=[1,2]; c7:bw=19,experts=[2]; c0:bw=18,experts=[2]; c8:bw=30,experts=[0,1,2]; c9:bw=33,experts=[0,1,2]; c2:bw=31,experts=[1,2,3]; c1:bw=16,experts=[2]
   65 | 0.01000 |   1.5131 |   59.72% |   59.72% |    0:58.05
      bandwidth/experts | c7:bw=10,experts=[2]; c5:bw=16,experts=[2]; c4:bw=32,experts=[1,2,3]; c6:bw=28,experts=[1,2]; c8:bw=37,experts=[1,2,3]; c3:bw=24,experts=[1,2]; c0:bw=23,experts=[0,2]; c2:bw=16,experts=[2]; c1:bw=32,experts=[0,1,2]; c9:bw=26,experts=[1,2]
   66 | 0.01000 |   1.5372 |   60.41% |   60.41% |    0:56.99
      bandwidth/experts | c2:bw=23,experts=[0,2]; c5:bw=10,experts=[0]; c1:bw=30,experts=[1,2,3]; c8:bw=13,experts=[2]; c9:bw=17,experts=[3]; c6:bw=16,experts=[0]; c4:bw=23,experts=[0,2]; c0:bw=21,experts=[2,3]; c3:bw=37,experts=[0,1,2]; c7:bw=28,experts=[2,3]
   67 | 0.01000 |   1.5099 |   60.18% |   60.41% |    0:57.10
      bandwidth/experts | c4:bw=28,experts=[1,2]; c5:bw=27,experts=[1,2]; c1:bw=20,experts=[1,2]; c3:bw=14,experts=[3]; c6:bw=29,experts=[1,2]; c0:bw=18,experts=[1]; c2:bw=24,experts=[1,2]; c9:bw=33,experts=[1,2,3]; c7:bw=33,experts=[0,1,2]; c8:bw=10,experts=[2]
   68 | 0.01000 |   1.5270 |   58.78% |   60.41% |    0:57.39
      bandwidth/experts | c1:bw=23,experts=[1,2]; c8:bw=17,experts=[0]; c2:bw=32,experts=[1,2,3]; c0:bw=17,experts=[2]; c3:bw=14,experts=[2]; c4:bw=27,experts=[1,2]; c5:bw=25,experts=[2,3]; c9:bw=10,experts=[0]; c7:bw=15,experts=[2]; c6:bw=18,experts=[3]
   69 | 0.01000 |   1.5166 |   60.60% |   60.60% |    0:57.70
      bandwidth/experts | c3:bw=23,experts=[1,2]; c7:bw=32,experts=[1,2,3]; c1:bw=17,experts=[0]; c4:bw=23,experts=[2,3]; c9:bw=20,experts=[1,2]; c5:bw=22,experts=[1,2]; c0:bw=29,experts=[0,2]; c2:bw=37,experts=[1,2,3]; c8:bw=23,experts=[1,3]; c6:bw=15,experts=[2]
   70 | 0.01000 |   1.5306 |   59.62% |   60.60% |    0:56.96
      bandwidth/experts | c1:bw=13,experts=[3]; c9:bw=10,experts=[2]; c7:bw=16,experts=[2]; c3:bw=18,experts=[0]; c0:bw=17,experts=[3]; c6:bw=14,experts=[0]; c2:bw=31,experts=[0,1,2]; c4:bw=32,experts=[0,1,2]; c5:bw=13,experts=[0]; c8:bw=27,experts=[1,2]
   71 | 0.01000 |   1.5037 |   59.77% |   60.60% |    0:57.07
      bandwidth/experts | c4:bw=24,experts=[1,2]; c0:bw=10,experts=[1]; c1:bw=29,experts=[1,2]; c9:bw=22,experts=[2,3]; c7:bw=11,experts=[0]; c5:bw=19,experts=[2]; c3:bw=34,experts=[1,2,3]; c6:bw=28,experts=[1,2]; c8:bw=21,experts=[1,2]; c2:bw=34,experts=[0,1,2]
   72 | 0.01000 |   1.4868 |   58.67% |   60.60% |    0:57.88
      bandwidth/experts | c8:bw=16,experts=[0]; c1:bw=22,experts=[1,2]; c5:bw=24,experts=[2,3]; c7:bw=27,experts=[1,2]; c6:bw=11,experts=[3]; c0:bw=29,experts=[1,2]; c3:bw=13,experts=[2]; c2:bw=13,experts=[2]; c9:bw=21,experts=[0,2]; c4:bw=22,experts=[1,2]
   73 | 0.01000 |   1.4949 |   61.64% |   61.64% |    0:56.97
      bandwidth/experts | c2:bw=26,experts=[2,3]; c8:bw=10,experts=[3]; c3:bw=22,experts=[1,2]; c1:bw=37,experts=[0,1,2]; c5:bw=10,experts=[1]; c9:bw=29,experts=[1,2]; c0:bw=16,experts=[0]; c7:bw=20,experts=[2,3]; c6:bw=11,experts=[2]; c4:bw=23,experts=[2,3]
   74 | 0.01000 |   1.4786 |   59.43% |   61.64% |    0:57.21
      bandwidth/experts | c3:bw=10,experts=[0]; c0:bw=22,experts=[2,3]; c1:bw=15,experts=[3]; c5:bw=28,experts=[0,2]; c7:bw=36,experts=[0,1,2]; c8:bw=16,experts=[2]; c6:bw=10,experts=[0]; c2:bw=10,experts=[2]; c4:bw=26,experts=[0,2]; c9:bw=18,experts=[2]
   75 | 0.01000 |   1.4698 |   61.36% |   61.64% |    0:57.58
      bandwidth/experts | c2:bw=22,experts=[0,1]; c9:bw=34,experts=[1,2,3]; c1:bw=30,experts=[1,2,3]; c3:bw=11,experts=[3]; c7:bw=16,experts=[2]; c6:bw=31,experts=[0,1,2]; c5:bw=17,experts=[2]; c4:bw=31,experts=[1,2,3]; c0:bw=34,experts=[0,1,2]; c8:bw=30,experts=[1,2,3]
   76 | 0.01000 |   1.4688 |   60.35% |   61.64% |    0:57.41
      bandwidth/experts | c8:bw=16,experts=[0]; c5:bw=21,experts=[2,3]; c0:bw=17,experts=[2]; c3:bw=10,experts=[2]; c2:bw=14,experts=[2]; c6:bw=13,experts=[3]; c7:bw=37,experts=[0,1,2]; c4:bw=34,experts=[1,2,3]; c9:bw=32,experts=[0,1,2]; c1:bw=30,experts=[0,1,2]
   77 | 0.01000 |   1.4622 |   61.65% |   61.65% |    0:56.95
      bandwidth/experts | c9:bw=16,experts=[2]; c2:bw=19,experts=[3]; c1:bw=35,experts=[1,2,3]; c8:bw=10,experts=[2]; c4:bw=10,experts=[2]; c7:bw=10,experts=[3]; c6:bw=32,experts=[0,1,2]; c0:bw=35,experts=[0,1,2]; c3:bw=22,experts=[1,2]; c5:bw=33,experts=[1,2,3]
   78 | 0.01000 |   1.4527 |   62.59% |   62.59% |    0:57.05
      bandwidth/experts | c0:bw=15,experts=[3]; c4:bw=13,experts=[0]; c3:bw=21,experts=[0,2]; c7:bw=20,experts=[1,2]; c8:bw=30,experts=[0,1,2]; c1:bw=23,experts=[1,2]; c9:bw=17,experts=[2]; c6:bw=32,experts=[0,1,2]; c5:bw=35,experts=[0,1,2]; c2:bw=19,experts=[2]
   79 | 0.01000 |   1.4614 |   61.33% |   62.59% |    0:57.66
      bandwidth/experts | c6:bw=12,experts=[2]; c9:bw=10,experts=[3]; c0:bw=20,experts=[1,2]; c4:bw=40,experts=[0,1,2,3]; c7:bw=25,experts=[1,2]; c8:bw=25,experts=[2,3]; c5:bw=29,experts=[1,2]; c3:bw=15,experts=[3]; c1:bw=21,experts=[1,2]; c2:bw=18,experts=[0]
   80 | 0.01000 |   1.4482 |   62.90% |   62.90% |    0:57.16
      bandwidth/experts | c5:bw=36,experts=[0,1,2]; c9:bw=29,experts=[0,1]; c7:bw=26,experts=[0,2]; c1:bw=17,experts=[0]; c3:bw=17,experts=[2]; c4:bw=32,experts=[1,2,3]; c2:bw=24,experts=[1,2]; c0:bw=26,experts=[1,2]; c6:bw=22,experts=[2,3]; c8:bw=28,experts=[1,2]
   81 | 0.01000 |   1.4318 |   62.99% |   62.99% |    0:57.08
      bandwidth/experts | c6:bw=29,experts=[1,2]; c2:bw=25,experts=[2,3]; c3:bw=37,experts=[1,2,3]; c1:bw=27,experts=[2,3]; c4:bw=23,experts=[1,2]; c5:bw=17,experts=[3]; c9:bw=15,experts=[2]; c7:bw=32,experts=[1,2,3]; c8:bw=26,experts=[1,2]; c0:bw=28,experts=[0,2]
   82 | 0.01000 |   1.4279 |   62.82% |   62.99% |    0:57.64
      bandwidth/experts | c1:bw=36,experts=[1,2,3]; c0:bw=17,experts=[3]; c6:bw=20,experts=[0,2]; c8:bw=32,experts=[0,1,2]; c7:bw=22,experts=[1,2]; c3:bw=22,experts=[0,2]; c2:bw=16,experts=[2]; c9:bw=31,experts=[0,1,2]; c5:bw=22,experts=[1,2]; c4:bw=16,experts=[2]
   83 | 0.01000 |   1.4140 |   62.50% |   62.99% |    0:57.56
      bandwidth/experts | c9:bw=29,experts=[2,3]; c4:bw=10,experts=[0]; c2:bw=23,experts=[0,2]; c7:bw=21,experts=[1,2]; c5:bw=10,experts=[2]; c0:bw=10,experts=[2]; c6:bw=29,experts=[1,2]; c1:bw=35,experts=[1,2,3]; c8:bw=22,experts=[2,3]; c3:bw=24,experts=[1,2]
   84 | 0.01000 |   1.4319 |   61.95% |   62.99% |    0:56.98
      bandwidth/experts | c8:bw=37,experts=[1,2,3]; c3:bw=18,experts=[2]; c1:bw=32,experts=[0,1,2]; c6:bw=10,experts=[3]; c9:bw=11,experts=[2]; c2:bw=20,experts=[1,2]; c7:bw=26,experts=[0,2]; c5:bw=11,experts=[0]; c4:bw=15,experts=[3]; c0:bw=10,experts=[1]
   85 | 0.01000 |   1.4182 |   63.28% |   63.28% |    0:57.31
      bandwidth/experts | c0:bw=21,experts=[0,2]; c2:bw=25,experts=[2,3]; c8:bw=39,experts=[1,2,3]; c6:bw=23,experts=[1,2]; c1:bw=31,experts=[0,1,2]; c4:bw=23,experts=[1,2]; c9:bw=32,experts=[1,2,3]; c3:bw=28,experts=[2,3]; c5:bw=10,experts=[3]; c7:bw=10,experts=[3]
   86 | 0.01000 |   1.4195 |   61.82% |   63.28% |    0:57.64
      bandwidth/experts | c5:bw=26,experts=[1,2]; c8:bw=15,experts=[0]; c2:bw=13,experts=[2]; c6:bw=31,experts=[0,1,2]; c0:bw=17,experts=[3]; c4:bw=10,experts=[2]; c7:bw=24,experts=[1,2]; c3:bw=15,experts=[0]; c1:bw=40,experts=[0,1,2,3]; c9:bw=24,experts=[0,2]
   87 | 0.01000 |   1.3952 |   63.95% |   63.95% |    0:57.06
      bandwidth/experts | c1:bw=16,experts=[2]; c2:bw=37,experts=[0,1,2]; c7:bw=12,experts=[2]; c5:bw=10,experts=[2]; c6:bw=33,experts=[1,2,3]; c3:bw=38,experts=[0,1,2]; c4:bw=19,experts=[0]; c9:bw=21,experts=[1,2]; c8:bw=26,experts=[1,2]; c0:bw=19,experts=[2]
   88 | 0.01000 |   1.4003 |   63.99% |   63.99% |    0:56.90
      bandwidth/experts | c8:bw=24,experts=[1,2]; c6:bw=15,experts=[2]; c3:bw=18,experts=[2]; c7:bw=23,experts=[0,2]; c0:bw=34,experts=[1,2,3]; c4:bw=21,experts=[2,3]; c9:bw=17,experts=[2]; c1:bw=16,experts=[2]; c5:bw=17,experts=[0]; c2:bw=25,experts=[1,2]
   89 | 0.01000 |   1.4164 |   63.40% |   63.99% |    0:57.61
      bandwidth/experts | c3:bw=17,experts=[3]; c8:bw=40,experts=[0,1,2,3]; c2:bw=25,experts=[2,3]; c9:bw=34,experts=[1,2,3]; c7:bw=12,experts=[3]; c5:bw=25,experts=[2,3]; c0:bw=10,experts=[0]; c6:bw=18,experts=[2]; c4:bw=17,experts=[1]; c1:bw=23,experts=[1,2]
   90 | 0.01000 |   1.3911 |   64.20% |   64.20% |    0:56.64
      bandwidth/experts | c7:bw=40,experts=[0,1,2,3]; c1:bw=17,experts=[0]; c3:bw=20,experts=[1,2]; c9:bw=35,experts=[0,1,2]; c0:bw=35,experts=[1,2,3]; c6:bw=14,experts=[0]; c2:bw=12,experts=[2]; c5:bw=15,experts=[1]; c8:bw=28,experts=[1,2]; c4:bw=20,experts=[1,2]
   91 | 0.01000 |   1.3946 |   62.17% |   64.20% |    0:56.00
      bandwidth/experts | c1:bw=28,experts=[2,3]; c9:bw=19,experts=[2]; c5:bw=29,experts=[1,2]; c7:bw=29,experts=[1,2]; c3:bw=22,experts=[0,2]; c4:bw=30,experts=[0,1,2]; c0:bw=12,experts=[2]; c6:bw=16,experts=[1]; c2:bw=10,experts=[0]; c8:bw=13,experts=[2]
   92 | 0.01000 |   1.3849 |   64.76% |   64.76% |    0:55.92
      bandwidth/experts | c3:bw=16,experts=[2]; c7:bw=19,experts=[2]; c1:bw=11,experts=[2]; c0:bw=16,experts=[2]; c8:bw=11,experts=[2]; c6:bw=25,experts=[2,3]; c9:bw=31,experts=[0,1,2]; c2:bw=14,experts=[1]; c5:bw=37,experts=[0,1,2]; c4:bw=15,experts=[3]
   93 | 0.01000 |   1.3891 |   63.20% |   64.76% |    0:56.46
      bandwidth/experts | c1:bw=26,experts=[1,2]; c3:bw=17,experts=[3]; c7:bw=12,experts=[2]; c9:bw=32,experts=[1,2,3]; c6:bw=12,experts=[2]; c8:bw=10,experts=[0]; c5:bw=10,experts=[3]; c4:bw=18,experts=[2]; c0:bw=10,experts=[0]; c2:bw=28,experts=[2,3]
   94 | 0.01000 |   1.3884 |   63.08% |   64.76% |    0:55.96
      bandwidth/experts | c7:bw=25,experts=[0,3]; c2:bw=36,experts=[0,1,2]; c5:bw=23,experts=[1,2]; c4:bw=17,experts=[2]; c6:bw=17,experts=[0]; c9:bw=28,experts=[1,2]; c1:bw=39,experts=[0,1,2]; c8:bw=10,experts=[3]; c0:bw=31,experts=[1,2,3]; c3:bw=19,experts=[1]
   95 | 0.01000 |   1.3683 |   64.31% |   64.76% |    0:56.10
      bandwidth/experts | c7:bw=33,experts=[0,1,2]; c9:bw=23,experts=[1,2]; c4:bw=10,experts=[0]; c6:bw=22,experts=[1,2]; c0:bw=19,experts=[2]; c3:bw=23,experts=[0,2]; c1:bw=17,experts=[3]; c8:bw=40,experts=[0,1,2,3]; c2:bw=13,experts=[2]; c5:bw=10,experts=[2]
   96 | 0.01000 |   1.3665 |   64.56% |   64.76% |    0:56.26
      bandwidth/experts | c2:bw=36,experts=[0,1,2]; c9:bw=25,experts=[0,2]; c3:bw=25,experts=[1,2]; c1:bw=20,experts=[1,2]; c5:bw=33,experts=[0,1,2]; c4:bw=27,experts=[1,3]; c6:bw=17,experts=[3]; c7:bw=28,experts=[1,2]; c0:bw=20,experts=[1,2]; c8:bw=36,experts=[1,2,3]
   97 | 0.01000 |   1.3595 |   65.14% |   65.14% |    0:56.31
      bandwidth/experts | c0:bw=23,experts=[0,2]; c9:bw=24,experts=[2,3]; c8:bw=24,experts=[1,2]; c4:bw=10,experts=[2]; c7:bw=17,experts=[2]; c1:bw=28,experts=[1,2]; c3:bw=19,experts=[3]; c5:bw=26,experts=[2,3]; c6:bw=28,experts=[1,2]; c2:bw=30,experts=[1,2,3]
   98 | 0.01000 |   1.3725 |   62.28% |   65.14% |    0:55.95
      bandwidth/experts | c4:bw=29,experts=[1,2]; c8:bw=30,experts=[1,2,3]; c9:bw=15,experts=[2]; c7:bw=13,experts=[3]; c6:bw=20,experts=[0,2]; c5:bw=27,experts=[1,2]; c0:bw=19,experts=[3]; c3:bw=14,experts=[2]; c1:bw=15,experts=[0]; c2:bw=13,experts=[2]
   99 | 0.01000 |   1.3760 |   63.71% |   65.14% |    0:56.03
      bandwidth/experts | c8:bw=19,experts=[0]; c5:bw=27,experts=[1,2]; c7:bw=25,experts=[0,2]; c1:bw=33,experts=[1,2,3]; c3:bw=21,experts=[0,2]; c9:bw=11,experts=[1]; c4:bw=14,experts=[0]; c0:bw=22,experts=[1,2]; c2:bw=17,experts=[2]; c6:bw=19,experts=[2]
  100 | 0.01000 |   1.3643 |   64.15% |   65.14% |    0:56.14
      bandwidth/experts | c2:bw=17,experts=[0]; c8:bw=25,experts=[1,2]; c9:bw=29,experts=[0,2]; c5:bw=10,experts=[0]; c6:bw=25,experts=[2,3]; c1:bw=10,experts=[2]; c4:bw=36,experts=[1,2,3]; c7:bw=10,experts=[1]; c3:bw=23,experts=[1,2]; c0:bw=36,experts=[0,1,2]

Done. Best Acc: 65.14% @ round 97
Total time: 1:36:08.83
[Export] 实验目录: /userhome/cs3/duanty/FedMoE/results/exp07-c100-resnet-e4-fedavg-old-bias/20260924-174544
[Export] 每轮明细: /userhome/cs3/duanty/FedMoE/results/exp07-c100-resnet-e4-fedavg-old-bias/20260924-174544/rounds.xlsx
[Export] 总体摘要: /userhome/cs3/duanty/FedMoE/results/exp07-c100-resnet-e4-fedavg-old-bias/20260924-174544/summary.xlsx
[Plot] result = /userhome/cs3/duanty/FedMoE/results/exp07-c100-resnet-e4-fedavg-old-bias/20260924-174544
[Plot] figures -> /userhome/cs3/duanty/FedMoE/results/exp07-c100-resnet-e4-fedavg-old-bias/20260924-174544/figure
  fig01_test_accuracy.pdf
  fig02_train_loss.pdf
  fig03_acc_and_loss.pdf
  fig04_bandwidth_and_k.pdf
  fig05_expert_round_heatmap.pdf
  fig06_client_expert_heatmap.pdf
  fig07_expert_frequency.pdf
  fig08_time_breakdown.pdf
  fig09_accuracy_vs_communication.pdf
  fig10_overview.pdf
[Export] 图片目录: /userhome/cs3/duanty/FedMoE/results/exp07-c100-resnet-e4-fedavg-old-bias/20260924-174544/figure
