========================================
Job    : exp05-c100-resnet-n20-fedavg-old-drop25
Host   : gpu-4090-103
Date   : Thu Sep 24 12:29:22 HKT 2026
GPU    : 0
Python : /userhome/cs3/duanty/miniconda3/envs/moe/bin/python
Command: python -u main.py --method ours --dataset cifar100 --backbone resnet --select ours --merge fedavg-old --device cuda --num_experts 8 --num_clients 20 --bw_min 10 --bw_max -1 --output_dir ./results/exp05-c100-resnet-n20-fedavg-old-drop25 --drop_expert_prob 0.25
========================================

==================================================================
 Ours  
  Dataset=cifar100 | beta=0.1 | Backbone=resnet | width_mult=1 | Clients=20 | Experts=8
  Select=ours | Merge=fedavg-old
  Expert refresh N_ref=8
  Rounds=100 | LR=0.01
  Bandwidth: expert_bw=10 | bw=[10, 80] | Rayleigh-Shannon, SNR=10 dB | k=floor(bw/10) | drop-one p=0.25
==================================================================


[Partition] Dirichlet beta=0.1, 20 clients
  Client 0:   1405 samples | 32/100 classes
  Client 1:   3603 samples | 46/100 classes
  Client 2:   2517 samples | 40/100 classes
  Client 3:   1391 samples | 36/100 classes
  Client 4:   3256 samples | 47/100 classes
  Client 5:   1209 samples | 37/100 classes
  Client 6:   1933 samples | 40/100 classes
  Client 7:   3123 samples | 50/100 classes
  Client 8:   2179 samples | 40/100 classes
  Client 9:   2148 samples | 39/100 classes
  Client 10:   1150 samples | 43/100 classes
  Client 11:   2282 samples | 44/100 classes
  Client 12:   2387 samples | 37/100 classes
  Client 13:   4032 samples | 50/100 classes
  Client 14:   3805 samples | 45/100 classes
  Client 15:   2872 samples | 52/100 classes
  Client 16:   2032 samples | 41/100 classes
  Client 17:   2165 samples | 39/100 classes
  Client 18:   2968 samples | 45/100 classes
  Client 19:   3543 samples | 100/100 classes

[Upload] expert_bw=10 | available bw=[10, 80] | Rayleigh-Shannon, SNR=10 dB | upload k=floor(bw/10), cap=8 | probe gate scores, refresh stale experts, then train selected

[Model] Total params: 13,684,576

[Export] 本次实验目录: /userhome/cs3/duanty/FedMoE/results/exp05-c100-resnet-n20-fedavg-old-drop25/20260924-122925

Round |      LR |  AvgLoss |  TestAcc |     Best |  RoundTime
--------------------------------------------------------------------------------
    1 | 0.00208 |   3.9656 |    1.40% |    1.40% |    1:09.38
      bandwidth/experts | c0:bw=10,experts=[2]; c17:bw=34,experts=[2,4,6]; c15:bw=58,experts=[1,2,4,5,6]; c1:bw=29,experts=[2]; c8:bw=55,experts=[1,2,4,5,6]; c5:bw=44,experts=[1,2,4,6]; c11:bw=24,experts=[2,4]; c3:bw=51,experts=[1,2,4,6]; c18:bw=30,experts=[2,4,6]; c16:bw=48,experts=[1,2,4,6]; c13:bw=42,experts=[1,2,4,6]; c2:bw=29,experts=[2]; c9:bw=45,experts=[1,2,4,6]; c19:bw=40,experts=[1,2,4,6]; c4:bw=40,experts=[1,2,4,6]; c12:bw=23,experts=[2]; c7:bw=20,experts=[2,6]; c10:bw=22,experts=[2,4]; c14:bw=54,experts=[1,2,4,6]; c6:bw=41,experts=[2,4,6]
    2 | 0.00406 |   3.3880 |    3.45% |    3.45% |    1:06.49
      bandwidth/experts | c19:bw=53,experts=[0,1,2,4,6]; c16:bw=16,experts=[4]; c15:bw=62,experts=[0,1,2,4,5,6]; c5:bw=69,experts=[0,1,2,4,5,6]; c4:bw=30,experts=[2,4,6]; c12:bw=16,experts=[4]; c14:bw=26,experts=[4,6]; c7:bw=55,experts=[0,2,4,6]; c3:bw=67,experts=[0,1,2,4,5,6]; c6:bw=17,experts=[4]; c2:bw=22,experts=[4,6]; c9:bw=46,experts=[0,2,4,6]; c13:bw=54,experts=[0,1,2,4,6]; c10:bw=59,experts=[0,2,4,6]; c18:bw=24,experts=[4,6]; c8:bw=48,experts=[0,2,4,6]; c17:bw=51,experts=[0,1,2,4,6]; c11:bw=29,experts=[4,6]; c0:bw=36,experts=[4,6]; c1:bw=41,experts=[1,2,4,6]
    3 | 0.00604 |   3.2904 |    4.97% |    4.97% |    1:06.77
      bandwidth/experts | c10:bw=10,experts=[4]; c7:bw=33,experts=[4,6]; c0:bw=50,experts=[0,1,2,4,6]; c2:bw=42,experts=[0,2,4,6]; c5:bw=13,experts=[4]; c18:bw=40,experts=[0,2,4,6]; c16:bw=31,experts=[2,4,6]; c12:bw=37,experts=[2,4,6]; c4:bw=52,experts=[0,1,2,4,6]; c14:bw=53,experts=[0,1,2,4,6]; c15:bw=16,experts=[4]; c9:bw=48,experts=[0,2,4,6]; c1:bw=13,experts=[]; c13:bw=54,experts=[0,1,2,4,6]; c11:bw=66,experts=[0,1,2,4,5,6]; c19:bw=24,experts=[4,6]; c3:bw=26,experts=[4]; c17:bw=41,experts=[2,4,6]; c6:bw=40,experts=[0,2,4,6]; c8:bw=30,experts=[2,4,6]
    4 | 0.00802 |   3.1866 |    7.27% |    7.27% |    1:07.72
      bandwidth/experts | c0:bw=59,experts=[0,1,2,4,6]; c18:bw=43,experts=[0,2,4,6]; c6:bw=53,experts=[0,1,2,4,6]; c8:bw=31,experts=[2,4,6]; c17:bw=39,experts=[2,4,6]; c11:bw=49,experts=[0,2,4,6]; c4:bw=56,experts=[0,1,2,4,6]; c9:bw=22,experts=[4,6]; c12:bw=63,experts=[0,1,2,4,5,6]; c10:bw=64,experts=[0,1,2,4,5,6]; c5:bw=73,experts=[0,1,2,4,5,6,7]; c19:bw=47,experts=[0,2,4,6]; c15:bw=24,experts=[4,6]; c7:bw=45,experts=[0,2,4,6]; c1:bw=40,experts=[0,2,4,6]; c3:bw=34,experts=[4,6]; c16:bw=45,experts=[0,2,4,6]; c13:bw=49,experts=[0,2,4,6]; c2:bw=60,experts=[0,1,2,4,5,6]; c14:bw=32,experts=[2,4,6]
    5 | 0.01000 |   3.1702 |    8.15% |    8.15% |    1:07.56
      bandwidth/experts | c5:bw=40,experts=[2,4,6]; c2:bw=10,experts=[]; c10:bw=35,experts=[2,4,6]; c19:bw=19,experts=[4]; c0:bw=50,experts=[0,1,2,4,6]; c12:bw=55,experts=[0,1,2,4,6]; c9:bw=62,experts=[0,1,2,4,5,6]; c16:bw=32,experts=[2,4,6]; c1:bw=20,experts=[4,6]; c4:bw=48,experts=[1,2,4,6]; c17:bw=64,experts=[0,1,2,4,5,6]; c8:bw=37,experts=[2,4,6]; c11:bw=21,experts=[4]; c6:bw=53,experts=[0,1,2,4,6]; c18:bw=10,experts=[4]; c7:bw=24,experts=[4]; c14:bw=53,experts=[0,1,2,4,6]; c15:bw=45,experts=[2,4,6]; c13:bw=36,experts=[4,6]; c3:bw=63,experts=[0,1,2,4,5,6]
    6 | 0.01000 |   3.1048 |    9.71% |    9.71% |    1:08.02
      bandwidth/experts | c3:bw=36,experts=[2,4,6]; c1:bw=32,experts=[2,4,6]; c4:bw=17,experts=[]; c5:bw=27,experts=[4,6]; c15:bw=33,experts=[2,4,6]; c16:bw=54,experts=[0,1,2,4,6]; c9:bw=48,experts=[1,2,4,6]; c10:bw=10,experts=[4]; c13:bw=15,experts=[4]; c2:bw=42,experts=[0,2,4,6]; c18:bw=40,experts=[0,2,4,6]; c19:bw=37,experts=[2,4,6]; c11:bw=31,experts=[2,4,6]; c17:bw=27,experts=[4]; c7:bw=58,experts=[0,1,2,4,6]; c8:bw=67,experts=[0,1,2,4,5,6]; c6:bw=20,experts=[4,6]; c0:bw=31,experts=[4,6]; c12:bw=62,experts=[0,1,2,4,5,6]; c14:bw=40,experts=[0,2,4,6]
    7 | 0.01000 |   3.1038 |   11.84% |   11.84% |    1:08.04
      bandwidth/experts | c13:bw=25,experts=[4,6]; c10:bw=17,experts=[4]; c12:bw=47,experts=[0,2,4,6]; c16:bw=53,experts=[0,1,2,4,6]; c9:bw=10,experts=[]; c5:bw=49,experts=[2,4,6]; c3:bw=26,experts=[4,6]; c2:bw=40,experts=[2,4,6]; c4:bw=14,experts=[4]; c15:bw=39,experts=[2,4,6]; c14:bw=13,experts=[]; c17:bw=41,experts=[1,2,4,6]; c0:bw=36,experts=[2,4,6]; c1:bw=10,experts=[]; c11:bw=60,experts=[0,1,2,4,5,6]; c7:bw=31,experts=[2,4,6]; c18:bw=20,experts=[4,6]; c19:bw=54,experts=[0,1,2,4,6]; c8:bw=57,experts=[0,1,2,4,6]; c6:bw=13,experts=[4]
    8 | 0.01000 |   3.1070 |   13.20% |   13.20% |    1:08.78
      bandwidth/experts | c17:bw=56,experts=[2,3,4,6,7]; c18:bw=39,experts=[1,3,5]; c1:bw=58,experts=[3,4,5,6,7]; c5:bw=28,experts=[3,4]; c3:bw=37,experts=[3,4,7]; c15:bw=66,experts=[1,2,3,4,6,7]; c7:bw=15,experts=[3]; c11:bw=45,experts=[3,4,6,7]; c16:bw=45,experts=[3,4,5,7]; c8:bw=37,experts=[3,4,7]; c10:bw=51,experts=[2,3,4,6,7]; c12:bw=51,experts=[2,3,4,6,7]; c6:bw=41,experts=[3,4,5,7]; c9:bw=59,experts=[3,4,6,7]; c19:bw=31,experts=[3,5,7]; c0:bw=32,experts=[3,5,7]; c2:bw=54,experts=[2,3,4,6,7]; c13:bw=35,experts=[3,5,7]; c14:bw=59,experts=[3,4,5,6,7]; c4:bw=10,experts=[]
    9 | 0.01000 |   2.9082 |   15.91% |   15.91% |    1:08.65
      bandwidth/experts | c17:bw=49,experts=[2,4,6]; c11:bw=28,experts=[4,6]; c7:bw=46,experts=[4,5,6,7]; c13:bw=41,experts=[0,2,4,6]; c0:bw=52,experts=[0,2,4,6]; c9:bw=26,experts=[4]; c4:bw=59,experts=[3,4,5,7]; c8:bw=18,experts=[4]; c1:bw=14,experts=[]; c5:bw=52,experts=[0,1,2,4,6]; c2:bw=21,experts=[4,6]; c16:bw=41,experts=[0,2,4,6]; c19:bw=26,experts=[4]; c15:bw=36,experts=[2,4,6]; c3:bw=23,experts=[4]; c18:bw=53,experts=[0,2,4,6,7]; c10:bw=34,experts=[4,6]; c14:bw=37,experts=[2,4,6]; c12:bw=38,experts=[4,6]; c6:bw=31,experts=[2,4,6]
   10 | 0.01000 |   2.8556 |   18.48% |   18.48% |    1:09.31
      bandwidth/experts | c4:bw=37,experts=[2,4,6]; c9:bw=35,experts=[2,4,6]; c1:bw=41,experts=[1,2,4,6]; c15:bw=10,experts=[0]; c7:bw=37,experts=[2,4,6]; c5:bw=58,experts=[1,2,4,5,6]; c16:bw=44,experts=[0,2,4,6]; c2:bw=34,experts=[2,4,6]; c18:bw=28,experts=[4,6]; c3:bw=46,experts=[1,2,4,6]; c12:bw=52,experts=[0,1,2,4,6]; c17:bw=35,experts=[2,4,6]; c8:bw=35,experts=[2,4,6]; c14:bw=57,experts=[0,1,2,4,6]; c0:bw=59,experts=[0,1,2,4,6]; c13:bw=38,experts=[2,4,6]; c6:bw=65,experts=[0,1,2,4,5,6]; c10:bw=54,experts=[1,2,4,6]; c19:bw=43,experts=[1,2,4,6]; c11:bw=21,experts=[4,6]
   11 | 0.01000 |   2.7674 |   19.56% |   19.56% |    1:08.90
      bandwidth/experts | c2:bw=27,experts=[4]; c6:bw=55,experts=[0,1,2,4,6]; c16:bw=43,experts=[1,2,4,6]; c4:bw=16,experts=[4]; c17:bw=44,experts=[1,2,4,6]; c1:bw=40,experts=[1,2,4,6]; c13:bw=40,experts=[1,4,6]; c12:bw=20,experts=[4,6]; c19:bw=25,experts=[4]; c3:bw=50,experts=[0,1,2,4,6]; c8:bw=39,experts=[4,6]; c15:bw=44,experts=[4,5,6]; c5:bw=28,experts=[4]; c10:bw=35,experts=[2,4,6]; c14:bw=15,experts=[4]; c7:bw=44,experts=[1,2,4,6]; c11:bw=34,experts=[2,4,6]; c9:bw=33,experts=[2,4,6]; c18:bw=47,experts=[1,2,4,6]; c0:bw=28,experts=[4,6]
   12 | 0.01000 |   2.7134 |   20.44% |   20.44% |    1:09.51
      bandwidth/experts | c14:bw=29,experts=[4,6]; c3:bw=35,experts=[2,4,6]; c9:bw=42,experts=[1,2,4,6]; c18:bw=45,experts=[2,4,6]; c8:bw=55,experts=[1,2,4,5,6]; c11:bw=45,experts=[1,2,4,6]; c17:bw=39,experts=[2,4,6]; c6:bw=29,experts=[4,6]; c5:bw=56,experts=[1,2,4,6,7]; c12:bw=73,experts=[0,1,2,4,5,6,7]; c19:bw=31,experts=[4,6]; c13:bw=53,experts=[1,2,4,5,6]; c10:bw=62,experts=[0,1,2,4,5,6]; c15:bw=36,experts=[4,6]; c7:bw=30,experts=[2,4,6]; c0:bw=49,experts=[1,2,4,6]; c4:bw=28,experts=[0,4]; c16:bw=28,experts=[4,6]; c2:bw=57,experts=[1,2,4,5,6]; c1:bw=42,experts=[0,2,4,6]
   13 | 0.01000 |   2.7175 |   22.51% |   22.51% |    1:09.01
      bandwidth/experts | c9:bw=15,experts=[0]; c8:bw=15,experts=[4]; c6:bw=36,experts=[2,4,6]; c14:bw=70,experts=[0,1,2,4,5,6,7]; c13:bw=32,experts=[2,4,6]; c2:bw=16,experts=[4]; c19:bw=36,experts=[2,4,6]; c12:bw=42,experts=[2,4,6]; c1:bw=47,experts=[1,2,4,6]; c17:bw=55,experts=[0,2,4,5,6]; c4:bw=10,experts=[]; c15:bw=38,experts=[4,6]; c18:bw=51,experts=[1,2,4,5,6]; c0:bw=25,experts=[4]; c16:bw=10,experts=[4]; c7:bw=58,experts=[0,1,2,4,6]; c10:bw=42,experts=[2,4,6]; c3:bw=30,experts=[4,5,6]; c5:bw=29,experts=[4,6]; c11:bw=52,experts=[0,1,2,4,6]
   14 | 0.01000 |   2.6557 |   24.48% |   24.48% |    1:08.97
      bandwidth/experts | c5:bw=64,experts=[0,1,2,4,5,6]; c11:bw=36,experts=[2,4,6]; c4:bw=10,experts=[1]; c19:bw=42,experts=[2,4,5,6]; c9:bw=32,experts=[4,5]; c1:bw=38,experts=[2,4,6]; c12:bw=43,experts=[2,4,5,6]; c10:bw=31,experts=[4,6]; c7:bw=25,experts=[4]; c0:bw=25,experts=[4,6]; c8:bw=21,experts=[4,6]; c13:bw=34,experts=[2,4,6]; c6:bw=67,experts=[0,1,2,4,5,6]; c17:bw=10,experts=[]; c16:bw=19,experts=[4]; c14:bw=25,experts=[4,6]; c18:bw=63,experts=[0,1,2,4,5,6]; c3:bw=45,experts=[1,2,4,6]; c2:bw=45,experts=[0,2,4,6]; c15:bw=12,experts=[4]
   15 | 0.01000 |   2.6784 |   25.48% |   25.48% |    1:09.34
      bandwidth/experts | c14:bw=50,experts=[0,2,4,5,6]; c16:bw=29,experts=[4]; c19:bw=59,experts=[0,1,2,4,6]; c13:bw=60,experts=[0,1,2,4,5,6]; c4:bw=47,experts=[2,4,5,6]; c12:bw=10,experts=[]; c5:bw=18,experts=[4]; c7:bw=59,experts=[2,4,5,6]; c10:bw=13,experts=[]; c1:bw=14,experts=[4]; c0:bw=20,experts=[4,6]; c15:bw=10,experts=[4]; c3:bw=10,experts=[4]; c8:bw=52,experts=[0,2,4,5,6]; c18:bw=34,experts=[2,4,6]; c11:bw=55,experts=[1,2,4,5,6]; c6:bw=33,experts=[2,4,6]; c2:bw=53,experts=[0,1,2,4,6]; c9:bw=19,experts=[]; c17:bw=47,experts=[2,4,5,6]
   16 | 0.01000 |   2.7137 |   25.39% |   25.48% |    1:09.65
      bandwidth/experts | c6:bw=40,experts=[3,4,7]; c11:bw=10,experts=[3]; c4:bw=35,experts=[2,4,6]; c1:bw=29,experts=[3]; c18:bw=12,experts=[]; c9:bw=24,experts=[3,7]; c14:bw=29,experts=[3,4]; c13:bw=24,experts=[3]; c10:bw=22,experts=[3]; c0:bw=57,experts=[3,4,5,6,7]; c12:bw=14,experts=[3]; c5:bw=40,experts=[2,3,4,6]; c7:bw=22,experts=[3,4]; c3:bw=43,experts=[3,4,6,7]; c17:bw=43,experts=[3,4,7]; c16:bw=54,experts=[3,4,5,6,7]; c15:bw=48,experts=[1,3,4,7]; c2:bw=52,experts=[3,4,6,7]; c19:bw=62,experts=[2,3,4,5,6,7]; c8:bw=49,experts=[3,4,6,7]
   17 | 0.01000 |   2.5314 |   28.35% |   28.35% |    1:09.94
      bandwidth/experts | c14:bw=33,experts=[4,6]; c7:bw=25,experts=[4,7]; c12:bw=74,experts=[0,1,2,4,5,6,7]; c6:bw=39,experts=[4,5,6]; c11:bw=10,experts=[7]; c4:bw=58,experts=[2,3,4,6,7]; c16:bw=30,experts=[4,5,6]; c9:bw=37,experts=[2,4,6]; c10:bw=44,experts=[4,6,7]; c0:bw=11,experts=[4]; c3:bw=52,experts=[0,2,4,5,6]; c8:bw=10,experts=[4]; c18:bw=31,experts=[3,4,7]; c5:bw=10,experts=[4]; c19:bw=40,experts=[2,4,5,6]; c1:bw=29,experts=[5,7]; c13:bw=27,experts=[4,7]; c17:bw=11,experts=[4]; c2:bw=19,experts=[4]; c15:bw=50,experts=[0,2,4,5,6]
   18 | 0.01000 |   2.4529 |   30.91% |   30.91% |    1:10.29
      bandwidth/experts | c7:bw=55,experts=[1,2,4,5,6]; c3:bw=37,experts=[2,4,6]; c4:bw=56,experts=[1,2,4,5,6]; c18:bw=60,experts=[0,2,4,5,6]; c1:bw=10,experts=[4]; c12:bw=18,experts=[4]; c8:bw=10,experts=[4]; c9:bw=19,experts=[4]; c14:bw=40,experts=[2,4,5,6]; c17:bw=50,experts=[1,2,4,5,6]; c19:bw=33,experts=[4,6]; c13:bw=43,experts=[2,4,5,6]; c6:bw=31,experts=[2,4,6]; c5:bw=35,experts=[4,6]; c2:bw=37,experts=[4,6]; c10:bw=27,experts=[4,6]; c11:bw=57,experts=[1,2,4,6]; c15:bw=51,experts=[0,2,4,5,6]; c0:bw=49,experts=[0,2,4,6]; c16:bw=38,experts=[0,4,6]
   19 | 0.01000 |   2.4774 |   29.86% |   30.91% |    1:10.31
      bandwidth/experts | c8:bw=56,experts=[1,2,4,5,6]; c7:bw=22,experts=[4,6]; c1:bw=46,experts=[4,5,6]; c6:bw=66,experts=[0,1,2,4,5,6]; c9:bw=38,experts=[4,6]; c10:bw=35,experts=[4,5,6]; c11:bw=20,experts=[4]; c19:bw=37,experts=[2,4,6]; c13:bw=10,experts=[]; c5:bw=29,experts=[4,6]; c17:bw=67,experts=[0,1,2,4,5,6]; c12:bw=54,experts=[0,2,4,5,6]; c18:bw=31,experts=[4,5,6]; c16:bw=13,experts=[1]; c3:bw=40,experts=[2,4,5,6]; c2:bw=14,experts=[]; c15:bw=39,experts=[2,4,6]; c4:bw=51,experts=[0,2,4,5,6]; c0:bw=42,experts=[2,4,5,6]; c14:bw=30,experts=[2,4,6]
   20 | 0.01000 |   2.5014 |   31.98% |   31.98% |    1:10.15
      bandwidth/experts | c17:bw=48,experts=[2,4,5,6]; c4:bw=59,experts=[1,2,4,5,6]; c3:bw=18,experts=[4]; c10:bw=16,experts=[0]; c6:bw=68,experts=[0,1,2,4,5,6]; c13:bw=40,experts=[2,4,6]; c14:bw=30,experts=[4,5,6]; c11:bw=10,experts=[]; c7:bw=43,experts=[2,4,6]; c16:bw=40,experts=[2,4,5,6]; c12:bw=44,experts=[2,4,5,6]; c5:bw=10,experts=[7]; c9:bw=17,experts=[1]; c8:bw=50,experts=[1,2,4,5,6]; c1:bw=40,experts=[0,4,6]; c15:bw=19,experts=[4]; c19:bw=48,experts=[2,4,6]; c18:bw=21,experts=[4,6]; c0:bw=28,experts=[1]; c2:bw=41,experts=[2,4,5,6]
   21 | 0.01000 |   2.4673 |   32.02% |   32.02% |    1:10.39
      bandwidth/experts | c13:bw=23,experts=[4,6]; c14:bw=31,experts=[1,4,7]; c15:bw=19,experts=[]; c17:bw=35,experts=[1,4,6]; c3:bw=10,experts=[]; c4:bw=48,experts=[2,4,5,6]; c18:bw=60,experts=[0,1,2,4,5,6]; c19:bw=58,experts=[1,2,4,5,6]; c2:bw=39,experts=[4,5,6]; c11:bw=23,experts=[0]; c12:bw=38,experts=[4,6]; c9:bw=25,experts=[0,4]; c6:bw=16,experts=[4]; c5:bw=32,experts=[4,5,6]; c10:bw=40,experts=[1,2,4,6]; c8:bw=18,experts=[]; c0:bw=66,experts=[0,1,2,4,5,6]; c7:bw=12,experts=[0]; c16:bw=33,experts=[4,5,6]; c1:bw=41,experts=[0,1,4,6]
   22 | 0.01000 |   2.3397 |   34.47% |   34.47% |    1:10.86
      bandwidth/experts | c4:bw=36,experts=[4,5,6]; c19:bw=45,experts=[0,4,5,6]; c8:bw=33,experts=[4,5,6]; c17:bw=62,experts=[0,1,2,4,5,6]; c18:bw=15,experts=[4]; c5:bw=17,experts=[]; c10:bw=10,experts=[4]; c16:bw=34,experts=[4,6]; c9:bw=33,experts=[4,5,6]; c1:bw=10,experts=[2]; c6:bw=61,experts=[0,1,2,4,5,6]; c2:bw=66,experts=[0,2,4,5,6]; c11:bw=43,experts=[0,4,5,6]; c14:bw=48,experts=[0,4,5,6]; c13:bw=34,experts=[2,4,6]; c15:bw=66,experts=[0,1,2,4,5,6]; c7:bw=16,experts=[4]; c0:bw=67,experts=[0,1,2,4,5,6]; c12:bw=64,experts=[0,1,2,4,5,6]; c3:bw=56,experts=[1,4,5,6]
   23 | 0.01000 |   2.2830 |   35.97% |   35.97% |    1:11.15
      bandwidth/experts | c2:bw=32,experts=[1,4,6]; c13:bw=54,experts=[0,1,4,5,6]; c1:bw=62,experts=[0,1,2,4,5,6]; c19:bw=21,experts=[4,6]; c8:bw=35,experts=[0,4,6]; c15:bw=29,experts=[4]; c3:bw=15,experts=[4]; c6:bw=10,experts=[4]; c18:bw=26,experts=[4,6]; c12:bw=26,experts=[4,6]; c7:bw=15,experts=[4]; c0:bw=11,experts=[4]; c4:bw=56,experts=[0,1,4,5,6]; c11:bw=52,experts=[1,2,4,5,6]; c10:bw=67,experts=[0,1,2,4,5,6]; c17:bw=70,experts=[0,1,2,4,5,6]; c14:bw=52,experts=[0,1,4,5,6]; c5:bw=52,experts=[0,1,4,5,6]; c9:bw=50,experts=[0,1,4,5,6]; c16:bw=56,experts=[0,1,4,5,6]
   24 | 0.01000 |   2.4160 |   35.81% |   35.97% |    1:10.78
      bandwidth/experts | c3:bw=10,experts=[3]; c14:bw=42,experts=[0,3,4,6]; c13:bw=50,experts=[3,4,5,6]; c5:bw=25,experts=[2]; c8:bw=18,experts=[3]; c10:bw=39,experts=[3,4,6]; c4:bw=12,experts=[]; c17:bw=56,experts=[3,4,5,6,7]; c6:bw=30,experts=[3,4,7]; c16:bw=41,experts=[3,4,7]; c18:bw=72,experts=[0,1,2,4,5,6,7]; c0:bw=31,experts=[3,4,7]; c19:bw=55,experts=[3,4,5,6,7]; c9:bw=50,experts=[1,3,4,6,7]; c11:bw=10,experts=[3]; c1:bw=10,experts=[3]; c12:bw=37,experts=[3,4,6]; c15:bw=44,experts=[3,4,6,7]; c7:bw=10,experts=[3]; c2:bw=43,experts=[3,4,6,7]
   25 | 0.01000 |   2.2778 |   37.46% |   37.46% |    1:11.17
      bandwidth/experts | c18:bw=59,experts=[0,3,4,5,6]; c15:bw=29,experts=[4,5]; c3:bw=14,experts=[]; c2:bw=12,experts=[]; c12:bw=36,experts=[4,7]; c6:bw=16,experts=[4]; c9:bw=40,experts=[2,4,6]; c10:bw=25,experts=[4,7]; c16:bw=52,experts=[0,1,4,5,6]; c4:bw=58,experts=[3,4,5,6,7]; c7:bw=40,experts=[1,4,6,7]; c19:bw=57,experts=[0,1,4,5,6]; c5:bw=64,experts=[0,1,3,4,5,6]; c13:bw=56,experts=[4,5,6,7]; c1:bw=49,experts=[4,5,6,7]; c14:bw=26,experts=[4]; c17:bw=52,experts=[0,1,2,4,6]; c0:bw=56,experts=[0,1,4,5,6]; c11:bw=60,experts=[1,4,5,6,7]; c8:bw=55,experts=[0,4,5,6,7]
   26 | 0.01000 |   2.2572 |   38.36% |   38.36% |    1:10.67
      bandwidth/experts | c5:bw=20,experts=[4,6]; c7:bw=31,experts=[4,5,6]; c1:bw=33,experts=[1,4,6]; c2:bw=30,experts=[4,5,6]; c8:bw=53,experts=[0,4,5,6]; c16:bw=10,experts=[]; c12:bw=41,experts=[0,1,4,6]; c6:bw=34,experts=[2,4,6]; c19:bw=15,experts=[]; c10:bw=38,experts=[4,5,6]; c9:bw=50,experts=[0,1,4,5,6]; c14:bw=49,experts=[0,4,5,6]; c3:bw=44,experts=[0,4,7]; c0:bw=11,experts=[4]; c17:bw=32,experts=[4,6]; c11:bw=57,experts=[1,4,5,6]; c13:bw=16,experts=[4]; c4:bw=48,experts=[0,4,5,6]; c18:bw=10,experts=[]; c15:bw=42,experts=[4,5,6]
   27 | 0.01000 |   2.1903 |   40.04% |   40.04% |    1:10.77
      bandwidth/experts | c10:bw=62,experts=[0,1,2,4,5,6]; c5:bw=37,experts=[4,5,6]; c14:bw=26,experts=[2,4]; c13:bw=57,experts=[0,1,4,5,6]; c12:bw=22,experts=[4,6]; c17:bw=36,experts=[4,5,6]; c6:bw=63,experts=[0,1,2,4,5,6]; c8:bw=55,experts=[0,4,5,6]; c11:bw=66,experts=[0,1,2,4,5,6]; c18:bw=18,experts=[4]; c19:bw=18,experts=[]; c7:bw=51,experts=[0,4,5,6]; c0:bw=36,experts=[4,5,6]; c15:bw=46,experts=[4,5,6]; c2:bw=20,experts=[4]; c16:bw=20,experts=[4]; c9:bw=18,experts=[4]; c1:bw=62,experts=[0,1,2,4,5,6]; c3:bw=21,experts=[2,4]; c4:bw=12,experts=[4]
   28 | 0.01000 |   2.2431 |   39.41% |   40.04% |    1:10.42
      bandwidth/experts | c5:bw=33,experts=[4,6,7]; c6:bw=29,experts=[4]; c19:bw=33,experts=[2,4,6]; c8:bw=29,experts=[1,2]; c3:bw=12,experts=[4]; c14:bw=15,experts=[]; c1:bw=25,experts=[4]; c7:bw=10,experts=[]; c9:bw=49,experts=[0,4,5,6]; c15:bw=32,experts=[4,5,6]; c13:bw=31,experts=[4,6]; c4:bw=10,experts=[]; c10:bw=40,experts=[4,5,6]; c18:bw=34,experts=[4,6]; c12:bw=42,experts=[0,4,5,6]; c16:bw=35,experts=[2,4,6]; c0:bw=47,experts=[0,4,5,6]; c2:bw=10,experts=[]; c17:bw=48,experts=[1,4,6]; c11:bw=66,experts=[0,1,2,4,5,6]
   29 | 0.01000 |   2.1480 |   41.53% |   41.53% |    1:10.74
      bandwidth/experts | c12:bw=10,experts=[4]; c5:bw=33,experts=[4,5,6]; c4:bw=38,experts=[2,4]; c15:bw=70,experts=[0,1,2,4,5,6]; c8:bw=34,experts=[1,4,6]; c3:bw=32,experts=[4,5,6]; c14:bw=35,experts=[4,5,7]; c16:bw=48,experts=[0,4,5,6]; c18:bw=24,experts=[4]; c10:bw=10,experts=[4]; c11:bw=59,experts=[0,1,4,5,6]; c19:bw=39,experts=[4,5,6]; c7:bw=21,experts=[2]; c9:bw=44,experts=[4,5,6]; c0:bw=44,experts=[0,4,5,6]; c6:bw=43,experts=[0,4,5,6]; c2:bw=18,experts=[4]; c17:bw=59,experts=[0,1,4,5,6]; c1:bw=33,experts=[4,5,6]; c13:bw=13,experts=[4]
   30 | 0.01000 |   2.1527 |   42.26% |   42.26% |    1:10.86
      bandwidth/experts | c14:bw=49,experts=[0,4,5,6]; c19:bw=24,experts=[4,6]; c13:bw=27,experts=[2,4]; c16:bw=31,experts=[4,5,6]; c15:bw=22,experts=[4]; c5:bw=62,experts=[0,1,2,4,5,6]; c6:bw=11,experts=[4]; c11:bw=46,experts=[1,4,5,6]; c1:bw=35,experts=[4,6]; c17:bw=19,experts=[4]; c12:bw=24,experts=[2,4]; c0:bw=17,experts=[2]; c2:bw=27,experts=[0,2]; c7:bw=12,experts=[4]; c8:bw=41,experts=[0,2,4,6]; c4:bw=51,experts=[0,4,5,6]; c9:bw=54,experts=[0,4,5,6]; c18:bw=57,experts=[0,4,5,6]; c3:bw=59,experts=[0,1,2,4,6]; c10:bw=71,experts=[0,1,2,4,5,6,7]
   31 | 0.01000 |   2.1299 |   42.77% |   42.77% |    1:11.19
      bandwidth/experts | c1:bw=30,experts=[4,5,6]; c6:bw=29,experts=[4,6]; c11:bw=29,experts=[4]; c9:bw=45,experts=[4,5,6]; c19:bw=40,experts=[0,4,5,6]; c4:bw=19,experts=[]; c7:bw=63,experts=[0,1,2,4,5,6]; c14:bw=61,experts=[0,1,2,4,5,6]; c15:bw=55,experts=[0,2,4,5,6]; c18:bw=58,experts=[0,1,2,4,6]; c10:bw=33,experts=[4,5,6]; c5:bw=62,experts=[0,2,4,5,6]; c17:bw=35,experts=[4,5,6]; c3:bw=24,experts=[4,6]; c13:bw=32,experts=[4,5,6]; c0:bw=47,experts=[0,4,5,6]; c16:bw=36,experts=[4,5,6]; c8:bw=33,experts=[2,4,6]; c2:bw=15,experts=[]; c12:bw=35,experts=[4,6]
   32 | 0.01000 |   2.1193 |   43.20% |   43.20% |    1:10.93
      bandwidth/experts | c12:bw=49,experts=[3,4,6]; c19:bw=27,experts=[3,7]; c1:bw=21,experts=[3,4]; c5:bw=36,experts=[4,5,6]; c7:bw=47,experts=[3,4,5,6]; c0:bw=46,experts=[3,4,6,7]; c6:bw=27,experts=[3,7]; c9:bw=31,experts=[3,4,7]; c10:bw=22,experts=[3,4]; c17:bw=28,experts=[3,7]; c3:bw=28,experts=[3,4]; c8:bw=21,experts=[3,4]; c11:bw=27,experts=[3,4]; c2:bw=54,experts=[1,3,4,6,7]; c16:bw=48,experts=[3,4,6,7]; c4:bw=49,experts=[1,4,6]; c15:bw=36,experts=[3,4,7]; c14:bw=32,experts=[3,4,5]; c18:bw=35,experts=[4,6,7]; c13:bw=63,experts=[0,2,3,4,5,6]
   33 | 0.01000 |   2.0571 |   44.11% |   44.11% |    1:11.33
      bandwidth/experts | c16:bw=44,experts=[1,4,5,6]; c14:bw=37,experts=[1,4,6]; c11:bw=53,experts=[4,5,6,7]; c3:bw=70,experts=[0,1,2,4,5,6]; c7:bw=52,experts=[4,5,6,7]; c15:bw=24,experts=[4,6]; c5:bw=29,experts=[3,4]; c17:bw=59,experts=[0,2,4,5,6]; c0:bw=62,experts=[0,1,2,4,5,6]; c9:bw=42,experts=[2,4,5,6]; c8:bw=50,experts=[0,4,5,6,7]; c1:bw=34,experts=[4,6,7]; c18:bw=55,experts=[0,3,4,5,6]; c10:bw=46,experts=[2,4,5,6]; c12:bw=46,experts=[0,4,6,7]; c19:bw=25,experts=[1,4]; c2:bw=24,experts=[4]; c4:bw=45,experts=[3,4,6,7]; c13:bw=30,experts=[4,6,7]; c6:bw=37,experts=[4,5,6]
   34 | 0.01000 |   2.0346 |   45.44% |   45.44% |    1:11.11
      bandwidth/experts | c10:bw=26,experts=[4]; c14:bw=66,experts=[0,1,2,4,6]; c18:bw=29,experts=[4,6]; c9:bw=68,experts=[0,1,2,4,5,6]; c16:bw=54,experts=[0,2,4,5,6]; c8:bw=42,experts=[0,4,5,6]; c13:bw=57,experts=[0,1,4,5,6]; c6:bw=48,experts=[4,5,6]; c11:bw=52,experts=[0,1,4,5,6]; c3:bw=72,experts=[0,1,2,4,5,6,7]; c15:bw=10,experts=[4]; c0:bw=22,experts=[4]; c12:bw=24,experts=[1,4]; c7:bw=32,experts=[4,5,6]; c2:bw=54,experts=[0,2,4,5,6]; c5:bw=60,experts=[0,2,4,5,6]; c19:bw=50,experts=[0,2,4,5,6]; c4:bw=46,experts=[1,2,4,6]; c1:bw=46,experts=[0,4,5,6]; c17:bw=16,experts=[4]
   35 | 0.01000 |   2.0190 |   45.31% |   45.44% |    1:11.01
      bandwidth/experts | c10:bw=57,experts=[0,4,5,6]; c19:bw=22,experts=[4,6]; c8:bw=50,experts=[0,1,4,5,6]; c12:bw=22,experts=[4]; c5:bw=41,experts=[0,4,5,6]; c0:bw=20,experts=[4,6]; c13:bw=48,experts=[0,1,4,6]; c4:bw=33,experts=[4,5,6]; c7:bw=48,experts=[4,5,6]; c3:bw=24,experts=[4]; c15:bw=47,experts=[0,4,5,6]; c1:bw=31,experts=[1,2,4]; c14:bw=20,experts=[4,6]; c17:bw=32,experts=[4,5,6]; c2:bw=46,experts=[0,4,5,6]; c16:bw=10,experts=[4]; c9:bw=27,experts=[4,6]; c6:bw=44,experts=[1,2,4,6]; c11:bw=69,experts=[0,1,2,4,5,6]; c18:bw=51,experts=[1,2,4,5,6]
   36 | 0.01000 |   2.0123 |   46.32% |   46.32% |    1:10.94
      bandwidth/experts | c10:bw=56,experts=[0,1,4,5,6]; c8:bw=51,experts=[0,4,5,6]; c1:bw=10,experts=[]; c18:bw=11,experts=[4]; c7:bw=27,experts=[4,6]; c6:bw=43,experts=[1,2,4,6]; c2:bw=50,experts=[0,1,2,4,6]; c3:bw=60,experts=[0,1,2,4,5,6]; c15:bw=68,experts=[0,1,2,4,5,6]; c14:bw=18,experts=[4]; c19:bw=48,experts=[2,4,6]; c4:bw=74,experts=[0,1,2,4,5,6,7]; c13:bw=47,experts=[4,5,6]; c12:bw=35,experts=[4,5,6]; c11:bw=33,experts=[4,6]; c9:bw=37,experts=[4,5,6]; c17:bw=49,experts=[0,4,5,6]; c5:bw=49,experts=[4,5,6,7]; c0:bw=36,experts=[4,5,6]; c16:bw=10,experts=[4]
   37 | 0.01000 |   1.9894 |   46.84% |   46.84% |    1:11.06
      bandwidth/experts | c7:bw=42,experts=[1,4,5,6]; c11:bw=63,experts=[0,1,4,5,6]; c15:bw=51,experts=[0,1,4,5,6]; c17:bw=56,experts=[1,4,5,6]; c9:bw=40,experts=[1,4,5,6]; c1:bw=18,experts=[4]; c3:bw=36,experts=[4,5,6]; c10:bw=58,experts=[0,1,4,5,6]; c19:bw=42,experts=[0,4,5,6]; c6:bw=65,experts=[0,1,4,5,6]; c2:bw=36,experts=[1,4,6]; c12:bw=49,experts=[1,4,5,6]; c5:bw=39,experts=[4,5,6]; c4:bw=39,experts=[1,4,6]; c0:bw=54,experts=[0,4,5,6]; c18:bw=10,experts=[4]; c14:bw=28,experts=[4,7]; c13:bw=12,experts=[4]; c16:bw=31,experts=[4,5,6]; c8:bw=10,experts=[4]
   38 | 0.01000 |   1.9933 |   48.05% |   48.05% |    1:10.94
      bandwidth/experts | c2:bw=10,experts=[4]; c12:bw=47,experts=[2,4,5,6]; c1:bw=31,experts=[1,4,6]; c9:bw=26,experts=[4,6]; c6:bw=17,experts=[4]; c18:bw=44,experts=[0,4,5,6]; c13:bw=63,experts=[0,1,2,4,5,6]; c14:bw=41,experts=[0,4,5,6]; c16:bw=38,experts=[4,5,6]; c11:bw=17,experts=[4]; c15:bw=12,experts=[4]; c0:bw=40,experts=[0,4,5,6]; c5:bw=10,experts=[]; c10:bw=39,experts=[4,6,7]; c19:bw=61,experts=[0,1,4,5,6]; c8:bw=46,experts=[0,2,4,6]; c4:bw=52,experts=[0,2,4,5,6]; c17:bw=41,experts=[4,5,6]; c7:bw=51,experts=[0,1,4,5,6]; c3:bw=38,experts=[4,5,6]
   39 | 0.01000 |   1.9551 |   47.46% |   48.05% |    1:10.80
      bandwidth/experts | c3:bw=26,experts=[4,6]; c13:bw=49,experts=[0,4,5,6]; c2:bw=36,experts=[4,6]; c11:bw=51,experts=[0,1,4,5,6]; c15:bw=30,experts=[4,5,6]; c19:bw=18,experts=[4]; c0:bw=10,experts=[4]; c12:bw=49,experts=[0,4,5,6]; c6:bw=31,experts=[4,6]; c18:bw=25,experts=[4]; c10:bw=24,experts=[4,6]; c16:bw=29,experts=[4,6]; c7:bw=40,experts=[2,4,6]; c9:bw=24,experts=[4,6]; c1:bw=45,experts=[0,4,5,6]; c8:bw=45,experts=[0,4,5,6]; c14:bw=57,experts=[0,4,5,6]; c4:bw=36,experts=[1,4,6]; c17:bw=42,experts=[4,5,6]; c5:bw=75,experts=[0,1,2,4,5,6,7]
   40 | 0.01000 |   2.0366 |   47.42% |   48.05% |    1:10.92
      bandwidth/experts | c15:bw=22,experts=[3]; c3:bw=10,experts=[3]; c9:bw=40,experts=[3,4,6,7]; c14:bw=58,experts=[0,3,4,5,6]; c13:bw=32,experts=[3,4,6]; c7:bw=66,experts=[0,1,3,4,5,6]; c19:bw=23,experts=[3,7]; c11:bw=15,experts=[3]; c17:bw=30,experts=[3,4,7]; c5:bw=32,experts=[4,5,6]; c6:bw=46,experts=[3,4,6,7]; c4:bw=19,experts=[]; c18:bw=38,experts=[4,6,7]; c2:bw=65,experts=[0,3,4,5,6,7]; c8:bw=26,experts=[3,4]; c1:bw=42,experts=[3,4,6]; c0:bw=36,experts=[3,4,7]; c12:bw=42,experts=[3,4,5,6]; c16:bw=29,experts=[3,7]; c10:bw=60,experts=[0,1,3,4,5,6]
   41 | 0.01000 |   2.0138 |   48.18% |   48.18% |    1:11.22
      bandwidth/experts | c14:bw=61,experts=[0,1,2,4,5,6]; c11:bw=41,experts=[1,4,6,7]; c5:bw=61,experts=[0,1,3,4,5,6]; c15:bw=24,experts=[4,7]; c6:bw=10,experts=[4]; c10:bw=42,experts=[2,4,5,6]; c1:bw=10,experts=[7]; c7:bw=68,experts=[0,1,4,5,6,7]; c17:bw=52,experts=[0,1,2,4,6]; c12:bw=18,experts=[7]; c3:bw=40,experts=[0,4,6]; c2:bw=54,experts=[0,4,5,6]; c0:bw=10,experts=[1]; c8:bw=57,experts=[0,4,5,6,7]; c13:bw=45,experts=[0,4,6,7]; c19:bw=19,experts=[4]; c16:bw=25,experts=[1]; c18:bw=10,experts=[3]; c9:bw=54,experts=[0,1,4,5,6]; c4:bw=50,experts=[0,3,4,5,6]
   42 | 0.01000 |   1.9551 |   49.47% |   49.47% |    1:10.97
      bandwidth/experts | c12:bw=22,experts=[4,6]; c9:bw=51,experts=[0,1,2,4,6]; c3:bw=48,experts=[4,5,6,7]; c7:bw=20,experts=[4,6]; c19:bw=63,experts=[0,1,2,4,5,6]; c1:bw=49,experts=[1,4,5,6]; c15:bw=31,experts=[0,4,6]; c14:bw=13,experts=[4]; c13:bw=33,experts=[0,4,6]; c6:bw=34,experts=[2,4,6]; c16:bw=10,experts=[0]; c8:bw=42,experts=[0,2,4,6]; c10:bw=15,experts=[4]; c4:bw=55,experts=[0,1,4,5,6]; c18:bw=14,experts=[4]; c5:bw=50,experts=[0,4,5,6]; c0:bw=15,experts=[2]; c11:bw=59,experts=[0,1,4,6]; c17:bw=32,experts=[1,4,6]; c2:bw=40,experts=[0,4,5,6]
   43 | 0.01000 |   1.9475 |   49.53% |   49.53% |    1:11.20
      bandwidth/experts | c4:bw=34,experts=[1,4,6]; c9:bw=32,experts=[0,4,6]; c7:bw=21,experts=[4,6]; c12:bw=10,experts=[4]; c11:bw=55,experts=[0,2,4,5,6]; c14:bw=66,experts=[0,1,2,4,5,6]; c6:bw=12,experts=[4]; c0:bw=21,experts=[4,6]; c18:bw=24,experts=[1,2]; c8:bw=45,experts=[0,1,4,6]; c3:bw=65,experts=[0,1,2,4,6]; c15:bw=14,experts=[]; c2:bw=51,experts=[0,1,4,5,6]; c10:bw=37,experts=[0,4,6]; c13:bw=16,experts=[4]; c16:bw=21,experts=[2]; c19:bw=54,experts=[0,4,5,6]; c17:bw=47,experts=[0,4,6]; c5:bw=53,experts=[0,1,2,4,6]; c1:bw=58,experts=[0,2,4,5,6]
   44 | 0.01000 |   1.9110 |   49.30% |   49.53% |    1:11.27
      bandwidth/experts | c12:bw=40,experts=[0,4,6]; c15:bw=50,experts=[0,1,2,4,6]; c13:bw=28,experts=[4]; c6:bw=20,experts=[4,6]; c2:bw=37,experts=[2,4,6]; c17:bw=12,experts=[4]; c8:bw=34,experts=[4,5,6]; c10:bw=56,experts=[0,1,4,5,6]; c14:bw=65,experts=[0,1,2,4,5,6]; c5:bw=24,experts=[4,6]; c1:bw=45,experts=[0,4,5,6]; c4:bw=29,experts=[4,7]; c7:bw=75,experts=[0,1,2,4,5,6,7]; c19:bw=10,experts=[4]; c11:bw=16,experts=[]; c0:bw=66,experts=[0,1,2,4,5,6]; c18:bw=54,experts=[0,4,5,6]; c16:bw=76,experts=[0,1,2,4,5,6,7]; c9:bw=37,experts=[4,6]; c3:bw=47,experts=[0,4,5,6]
   45 | 0.01000 |   1.9167 |   50.21% |   50.21% |    1:11.46
      bandwidth/experts | c12:bw=61,experts=[0,1,2,4,5,6]; c0:bw=36,experts=[4,5,6]; c11:bw=53,experts=[0,1,4,5,6]; c5:bw=44,experts=[4,5,6]; c6:bw=10,experts=[0]; c1:bw=56,experts=[0,1,2,4,6]; c4:bw=64,experts=[0,1,2,4,5,6]; c17:bw=10,experts=[4]; c9:bw=25,experts=[4,6]; c2:bw=49,experts=[0,4,5,6]; c8:bw=55,experts=[0,4,5,6]; c13:bw=53,experts=[0,1,4,5,6]; c19:bw=67,experts=[0,1,2,4,5,6]; c16:bw=54,experts=[0,1,4,5,6]; c3:bw=67,experts=[0,1,2,4,5,6]; c7:bw=36,experts=[4,6]; c18:bw=16,experts=[]; c10:bw=42,experts=[0,4,5,6]; c15:bw=33,experts=[4,6]; c14:bw=41,experts=[0,4,6,7]
   46 | 0.01000 |   1.8935 |   50.32% |   50.32% |    1:11.16
      bandwidth/experts | c7:bw=28,experts=[4,6]; c3:bw=27,experts=[4,6]; c16:bw=28,experts=[4]; c14:bw=39,experts=[0,4,6]; c2:bw=57,experts=[0,1,2,4,6]; c6:bw=39,experts=[1,5]; c12:bw=53,experts=[0,1,4,5,6]; c10:bw=59,experts=[0,4,6,7]; c13:bw=50,experts=[0,2,4,5,6]; c15:bw=14,experts=[4]; c1:bw=41,experts=[0,1,4,6]; c18:bw=44,experts=[0,1,4,6]; c11:bw=38,experts=[1,4,6]; c8:bw=39,experts=[4,5,6]; c19:bw=10,experts=[4]; c0:bw=55,experts=[0,1,4,5,6]; c5:bw=41,experts=[0,4,5,6]; c9:bw=37,experts=[4,5,6]; c17:bw=15,experts=[4]; c4:bw=64,experts=[0,1,2,4,5,6]
   47 | 0.01000 |   1.8978 |   50.99% |   50.99% |    1:10.90
      bandwidth/experts | c11:bw=39,experts=[4,5,6]; c18:bw=10,experts=[]; c10:bw=51,experts=[0,1,4,5,6]; c13:bw=33,experts=[0,4,6]; c15:bw=42,experts=[4,5,6]; c8:bw=39,experts=[1,4,6]; c4:bw=10,experts=[4]; c1:bw=30,experts=[4,6]; c14:bw=24,experts=[4,6]; c6:bw=22,experts=[4,6]; c9:bw=17,experts=[]; c5:bw=52,experts=[0,4,5,6,7]; c17:bw=20,experts=[5]; c19:bw=28,experts=[4,6]; c12:bw=15,experts=[4]; c2:bw=54,experts=[1,4,5,6]; c16:bw=68,experts=[0,1,2,4,5,6]; c7:bw=53,experts=[0,2,4,5,6]; c0:bw=46,experts=[1,4,6]; c3:bw=70,experts=[0,1,2,4,5,6,7]
   48 | 0.01000 |   1.9569 |   50.74% |   50.99% |    1:11.29
      bandwidth/experts | c16:bw=10,experts=[3]; c7:bw=62,experts=[0,1,3,4,5,6]; c8:bw=50,experts=[0,3,4,5,6]; c17:bw=38,experts=[3,7]; c3:bw=18,experts=[]; c4:bw=67,experts=[0,1,2,4,5,6]; c0:bw=16,experts=[]; c6:bw=45,experts=[3,4,7]; c15:bw=64,experts=[0,3,4,5,6]; c19:bw=45,experts=[3,4,6,7]; c5:bw=55,experts=[0,1,4,5,6]; c9:bw=52,experts=[3,4,5,6,7]; c1:bw=50,experts=[0,3,4,5,6]; c12:bw=31,experts=[3,4,6]; c11:bw=32,experts=[3,4,6]; c18:bw=62,experts=[0,1,4,5,6,7]; c10:bw=12,experts=[3]; c13:bw=50,experts=[0,1,3,4,6]; c14:bw=10,experts=[3]; c2:bw=57,experts=[3,4,6,7]
   49 | 0.01000 |   1.8816 |   50.98% |   50.99% |    1:11.27
      bandwidth/experts | c7:bw=44,experts=[0,1,4,6]; c4:bw=48,experts=[3,4,6]; c0:bw=20,experts=[3,7]; c10:bw=64,experts=[0,1,2,4,5,6]; c17:bw=30,experts=[2,4,6]; c5:bw=56,experts=[3,4,5,6]; c15:bw=42,experts=[0,4,6,7]; c18:bw=32,experts=[3,4,6]; c1:bw=54,experts=[0,4,6,7]; c13:bw=39,experts=[4,6,7]; c2:bw=58,experts=[0,1,4,5,6]; c9:bw=53,experts=[0,1,4,5,6]; c14:bw=58,experts=[0,1,4,6]; c8:bw=26,experts=[4,7]; c3:bw=32,experts=[3,4,6]; c12:bw=37,experts=[4,6,7]; c19:bw=10,experts=[4]; c11:bw=38,experts=[4,6,7]; c6:bw=13,experts=[]; c16:bw=30,experts=[4,6]
   50 | 0.01000 |   1.8514 |   51.81% |   51.81% |    1:11.17
      bandwidth/experts | c2:bw=63,experts=[0,1,2,4,5,6]; c6:bw=68,experts=[0,1,2,4,5,6]; c14:bw=23,experts=[4,6]; c12:bw=34,experts=[1,4,6]; c13:bw=37,experts=[1,4,6]; c17:bw=33,experts=[1,4,6]; c11:bw=57,experts=[0,1,2,4,6]; c0:bw=29,experts=[4,6]; c16:bw=27,experts=[4]; c15:bw=31,experts=[4,5,6]; c7:bw=34,experts=[1,4,6]; c10:bw=23,experts=[4]; c1:bw=64,experts=[0,1,4,5,6]; c19:bw=43,experts=[0,1,4,6]; c3:bw=39,experts=[1,4,6]; c5:bw=31,experts=[0,4,6]; c4:bw=10,experts=[4]; c8:bw=32,experts=[2,4,6]; c9:bw=27,experts=[2]; c18:bw=44,experts=[0,1,4,6]
   51 | 0.01000 |   1.8365 |   52.31% |   52.31% |    1:10.92
      bandwidth/experts | c0:bw=53,experts=[0,1,2,4,6]; c9:bw=18,experts=[]; c11:bw=60,experts=[0,1,2,4,5,6]; c16:bw=30,experts=[4,6]; c13:bw=40,experts=[0,1,4,6]; c19:bw=10,experts=[4]; c17:bw=43,experts=[0,4,6]; c1:bw=21,experts=[4,6]; c5:bw=47,experts=[0,2,4,6]; c12:bw=43,experts=[4,5,6]; c18:bw=37,experts=[2,4]; c4:bw=11,experts=[4]; c7:bw=27,experts=[4,6]; c14:bw=30,experts=[4,6]; c2:bw=20,experts=[4,6]; c6:bw=52,experts=[0,4,5,6]; c8:bw=46,experts=[0,4,5,6]; c10:bw=37,experts=[2,4,6]; c3:bw=55,experts=[0,1,4,5,6]; c15:bw=57,experts=[0,1,2,4,6]
   52 | 0.01000 |   1.8245 |   52.48% |   52.48% |    1:11.03
      bandwidth/experts | c6:bw=51,experts=[0,1,4,6]; c17:bw=19,experts=[]; c15:bw=31,experts=[4,5,6]; c8:bw=18,experts=[4]; c0:bw=46,experts=[0,4,5,6]; c19:bw=46,experts=[0,1,4,6]; c12:bw=10,experts=[4]; c3:bw=43,experts=[1,4,6]; c13:bw=23,experts=[4,6]; c18:bw=49,experts=[4,5,6]; c4:bw=33,experts=[4,6,7]; c11:bw=60,experts=[0,1,2,4,5,6]; c2:bw=29,experts=[4,6]; c9:bw=31,experts=[4,6]; c7:bw=34,experts=[4,6,7]; c10:bw=31,experts=[0,4,6]; c14:bw=42,experts=[2,4,5,6]; c1:bw=40,experts=[0,4,5,6]; c5:bw=24,experts=[4]; c16:bw=59,experts=[0,4,5,6,7]
   53 | 0.01000 |   1.8297 |   52.98% |   52.98% |    1:11.05
      bandwidth/experts | c11:bw=11,experts=[]; c9:bw=61,experts=[0,1,2,4,6]; c8:bw=22,experts=[4]; c12:bw=45,experts=[1,2,4,6]; c6:bw=36,experts=[4,5,6]; c15:bw=27,experts=[4]; c7:bw=44,experts=[0,1,4,6]; c1:bw=59,experts=[1,2,4,5,6]; c16:bw=44,experts=[0,4,5,6]; c18:bw=17,experts=[4]; c2:bw=51,experts=[0,1,4,5,6]; c19:bw=10,experts=[2]; c3:bw=47,experts=[0,4,6]; c10:bw=52,experts=[0,1,4,5,6]; c17:bw=28,experts=[4,6]; c4:bw=28,experts=[4,6]; c5:bw=44,experts=[0,4,6]; c13:bw=10,experts=[]; c0:bw=39,experts=[4,6]; c14:bw=34,experts=[4,6,7]
   54 | 0.01000 |   1.8134 |   52.63% |   52.98% |    1:11.51
      bandwidth/experts | c11:bw=58,experts=[0,1,2,4,6]; c13:bw=55,experts=[1,2,4,5,6]; c3:bw=30,experts=[1,4,6]; c18:bw=33,experts=[4,5,6]; c16:bw=10,experts=[4]; c14:bw=33,experts=[4,6]; c9:bw=50,experts=[0,1,4,5,6]; c12:bw=74,experts=[0,1,2,4,5,6]; c2:bw=10,experts=[4]; c6:bw=54,experts=[0,2,4,5,6]; c5:bw=10,experts=[4]; c19:bw=21,experts=[4,5]; c10:bw=10,experts=[7]; c15:bw=32,experts=[0,4,6]; c17:bw=27,experts=[4,6]; c8:bw=55,experts=[0,1,4,5,6]; c4:bw=32,experts=[4,5,6]; c0:bw=37,experts=[0,4,6]; c1:bw=53,experts=[0,1,2,4,6]; c7:bw=61,experts=[0,1,4,5,6]
   55 | 0.01000 |   1.7826 |   53.40% |   53.40% |    1:11.52
      bandwidth/experts | c17:bw=39,experts=[4,5,6]; c9:bw=62,experts=[0,1,4,5,6]; c6:bw=42,experts=[0,4,6]; c13:bw=24,experts=[4,6]; c14:bw=33,experts=[4,6]; c19:bw=60,experts=[0,1,2,4,5,6]; c3:bw=52,experts=[0,2,4,6,7]; c16:bw=57,experts=[1,2,4,6]; c4:bw=14,experts=[4]; c18:bw=70,experts=[0,1,2,4,5,6,7]; c12:bw=62,experts=[0,1,4,5,6]; c5:bw=53,experts=[0,1,4,6,7]; c7:bw=54,experts=[0,2,4,5,6]; c0:bw=27,experts=[4,6]; c15:bw=30,experts=[4,6]; c2:bw=41,experts=[0,1,4,6]; c11:bw=40,experts=[0,1,4,6]; c1:bw=60,experts=[0,1,2,4,5,6]; c8:bw=14,experts=[4]; c10:bw=57,experts=[1,4,5,6]
   56 | 0.01000 |   1.8941 |   52.32% |   53.40% |    1:10.91
      bandwidth/experts | c19:bw=10,experts=[]; c14:bw=42,experts=[1,3,4,6]; c17:bw=10,experts=[3]; c15:bw=35,experts=[3,4,6]; c10:bw=20,experts=[3,4]; c0:bw=70,experts=[0,1,2,4,5,6,7]; c5:bw=31,experts=[0,4,6]; c4:bw=10,experts=[0]; c2:bw=53,experts=[0,3,4,6,7]; c11:bw=26,experts=[3]; c6:bw=23,experts=[3,7]; c16:bw=42,experts=[3,4,5,6]; c7:bw=18,experts=[3]; c1:bw=56,experts=[1,3,4,6]; c8:bw=13,experts=[3]; c9:bw=52,experts=[0,3,4,6,7]; c12:bw=38,experts=[3,4,6]; c3:bw=10,experts=[]; c13:bw=18,experts=[3]; c18:bw=54,experts=[0,1,4,5,6]
   57 | 0.01000 |   1.7951 |   53.53% |   53.53% |    1:11.35
      bandwidth/experts | c15:bw=36,experts=[4,6,7]; c10:bw=58,experts=[0,1,2,4,6]; c8:bw=43,experts=[0,4,6,7]; c0:bw=70,experts=[0,1,2,3,4,5,6]; c4:bw=41,experts=[1,2,3,4]; c3:bw=64,experts=[0,1,3,4,6]; c18:bw=44,experts=[0,3,4,6]; c9:bw=19,experts=[]; c17:bw=52,experts=[0,2,4,6,7]; c12:bw=17,experts=[]; c11:bw=26,experts=[4,7]; c5:bw=44,experts=[3,4,5,6]; c19:bw=44,experts=[3,4,6,7]; c6:bw=48,experts=[1,4,6]; c2:bw=33,experts=[0,4,6]; c16:bw=33,experts=[4,6]; c7:bw=69,experts=[0,1,4,5,6]; c13:bw=31,experts=[4,6,7]; c1:bw=49,experts=[1,4,6,7]; c14:bw=36,experts=[0,4,6]
   58 | 0.01000 |   1.8105 |   54.27% |   54.27% |    1:11.30
      bandwidth/experts | c11:bw=47,experts=[0,1,4,6]; c14:bw=22,experts=[4,6]; c12:bw=29,experts=[7]; c7:bw=24,experts=[4,6]; c8:bw=40,experts=[2,4,6]; c13:bw=40,experts=[0,1,4,6]; c15:bw=38,experts=[4,5,6]; c2:bw=10,experts=[2]; c16:bw=42,experts=[0,4,5,6]; c9:bw=57,experts=[0,1,4,5,6]; c1:bw=30,experts=[0,4,6]; c18:bw=50,experts=[0,1,4,6]; c19:bw=43,experts=[4,5,6]; c17:bw=12,experts=[]; c6:bw=55,experts=[0,1,4,5,6]; c10:bw=43,experts=[0,4,6]; c4:bw=38,experts=[4,5,6]; c0:bw=47,experts=[0,4,6]; c5:bw=35,experts=[1,4,6]; c3:bw=61,experts=[0,1,4,5,6]
   59 | 0.01000 |   1.7536 |   54.71% |   54.71% |    1:11.18
      bandwidth/experts | c6:bw=19,experts=[4]; c5:bw=32,experts=[2,4,6]; c0:bw=52,experts=[0,1,4,5,6]; c16:bw=23,experts=[4,6]; c8:bw=56,experts=[0,1,4,5,6]; c15:bw=50,experts=[0,1,2,4,6]; c17:bw=55,experts=[0,1,4,5,6]; c13:bw=13,experts=[4]; c9:bw=28,experts=[4,6]; c2:bw=37,experts=[0,4,6]; c10:bw=26,experts=[4]; c1:bw=65,experts=[0,1,2,4,5,6]; c11:bw=34,experts=[0,4,6]; c3:bw=35,experts=[0,4,6]; c18:bw=10,experts=[4]; c19:bw=14,experts=[4]; c4:bw=26,experts=[4]; c7:bw=28,experts=[4,6]; c14:bw=40,experts=[0,1,4,6]; c12:bw=47,experts=[0,4,6]
   60 | 0.01000 |   1.7476 |   55.08% |   55.08% |    1:11.37
      bandwidth/experts | c4:bw=30,experts=[4,6,7]; c8:bw=24,experts=[4]; c13:bw=59,experts=[0,1,4,5,6]; c15:bw=51,experts=[0,1,4,5,6]; c2:bw=30,experts=[4,6]; c3:bw=44,experts=[0,1,4,6]; c11:bw=40,experts=[1,4,5,6]; c0:bw=53,experts=[0,1,4,5,6]; c1:bw=54,experts=[0,1,4,5,6]; c14:bw=42,experts=[2,4,5]; c12:bw=16,experts=[4]; c19:bw=60,experts=[0,1,2,4,5,6]; c18:bw=26,experts=[4,6]; c6:bw=59,experts=[0,1,4,5,6]; c17:bw=39,experts=[0,4,6]; c16:bw=63,experts=[0,4,5,6,7]; c5:bw=33,experts=[4,6]; c7:bw=48,experts=[4,6,7]; c9:bw=10,experts=[4]; c10:bw=10,experts=[4]
   61 | 0.01000 |   1.7651 |   55.14% |   55.14% |    1:11.37
      bandwidth/experts | c3:bw=43,experts=[4,5,6]; c6:bw=37,experts=[4,5,6]; c1:bw=33,experts=[4,6]; c13:bw=34,experts=[0,4,6]; c19:bw=52,experts=[0,1,2,4,6]; c0:bw=60,experts=[0,1,2,4,5,6]; c10:bw=11,experts=[]; c15:bw=16,experts=[4]; c12:bw=27,experts=[4,6]; c18:bw=50,experts=[0,1,4,5,6]; c2:bw=29,experts=[5]; c5:bw=49,experts=[0,4,5,6]; c8:bw=55,experts=[0,1,4,5,6]; c17:bw=46,experts=[0,1,4,6]; c14:bw=38,experts=[4,6,7]; c11:bw=39,experts=[0,4,6]; c16:bw=38,experts=[4,5,6]; c9:bw=38,experts=[2,4]; c7:bw=43,experts=[1,4,5,6]; c4:bw=38,experts=[4,5,6]
   62 | 0.01000 |   1.7640 |   55.52% |   55.52% |    1:11.28
      bandwidth/experts | c10:bw=21,experts=[4,7]; c6:bw=62,experts=[0,1,2,4,5,6]; c5:bw=67,experts=[0,1,2,4,5,6]; c17:bw=19,experts=[4]; c2:bw=42,experts=[4,5,6]; c18:bw=26,experts=[4,6]; c1:bw=75,experts=[0,1,2,4,5,6,7]; c12:bw=11,experts=[2]; c11:bw=36,experts=[2,4,6]; c19:bw=42,experts=[0,4,5,6]; c9:bw=16,experts=[4]; c13:bw=30,experts=[2,4,6]; c15:bw=46,experts=[0,1,4,6]; c8:bw=13,experts=[]; c16:bw=26,experts=[4,6]; c4:bw=60,experts=[0,1,2,4,5,6]; c14:bw=14,experts=[4]; c7:bw=44,experts=[0,4,5,6]; c0:bw=28,experts=[4,6]; c3:bw=53,experts=[0,1,4,5,6]
   63 | 0.01000 |   1.7410 |   55.35% |   55.52% |    1:11.46
      bandwidth/experts | c13:bw=58,experts=[0,4,5,6]; c9:bw=21,experts=[4,6]; c16:bw=58,experts=[0,1,2,4,6]; c8:bw=32,experts=[0,4,6]; c4:bw=52,experts=[0,1,4,5,6]; c3:bw=52,experts=[0,2,4,6,7]; c11:bw=45,experts=[0,4,6]; c7:bw=68,experts=[0,2,4,5,6]; c18:bw=47,experts=[2,4,7]; c2:bw=28,experts=[1,4]; c12:bw=51,experts=[0,1,4,5,6]; c0:bw=41,experts=[0,1,4,6]; c14:bw=41,experts=[0,4,6]; c15:bw=61,experts=[0,1,4,5,6]; c19:bw=34,experts=[4,6]; c17:bw=37,experts=[1,4,6]; c6:bw=34,experts=[0,4,6]; c1:bw=50,experts=[0,4,5,6]; c5:bw=10,experts=[7]; c10:bw=27,experts=[4,5]
   64 | 0.01000 |   1.7781 |   55.53% |   55.53% |    1:11.23
      bandwidth/experts | c11:bw=57,experts=[0,1,3,4,6]; c9:bw=59,experts=[0,3,4,6,7]; c2:bw=56,experts=[0,3,4,6,7]; c1:bw=28,experts=[3]; c4:bw=38,experts=[0,4,6]; c13:bw=42,experts=[0,3,4,6]; c18:bw=37,experts=[0,4,6]; c12:bw=27,experts=[3]; c7:bw=34,experts=[3,4,6]; c19:bw=10,experts=[]; c5:bw=24,experts=[4,6]; c14:bw=46,experts=[0,3,4,6]; c15:bw=59,experts=[0,3,4,5,6]; c8:bw=53,experts=[0,1,3,4,6]; c3:bw=38,experts=[0,4,6]; c0:bw=32,experts=[4,6,7]; c6:bw=50,experts=[0,3,4,6,7]; c16:bw=16,experts=[3]; c17:bw=10,experts=[]; c10:bw=49,experts=[0,3,4,6]
   65 | 0.01000 |   1.7522 |   55.97% |   55.97% |    1:11.26
      bandwidth/experts | c19:bw=28,experts=[3]; c8:bw=66,experts=[0,1,4,5,6,7]; c6:bw=50,experts=[0,4,5,6]; c4:bw=57,experts=[0,3,4,6]; c11:bw=10,experts=[7]; c9:bw=47,experts=[0,4,5,6]; c17:bw=26,experts=[3]; c3:bw=42,experts=[3,4,6]; c5:bw=29,experts=[3,4]; c10:bw=26,experts=[1,2]; c13:bw=48,experts=[0,4,6,7]; c14:bw=45,experts=[0,1,4,6]; c0:bw=41,experts=[0,3,4,6]; c1:bw=58,experts=[0,1,2,4,6]; c2:bw=28,experts=[4,6]; c7:bw=10,experts=[4]; c15:bw=38,experts=[4,6,7]; c12:bw=44,experts=[0,4,6]; c16:bw=45,experts=[0,4,6]; c18:bw=18,experts=[3]
   66 | 0.01000 |   1.7116 |   56.29% |   56.29% |    1:11.41
      bandwidth/experts | c7:bw=50,experts=[0,1,4,5,6]; c8:bw=24,experts=[2,4]; c3:bw=66,experts=[0,1,2,4,5,6]; c15:bw=50,experts=[0,1,4,5,6]; c5:bw=17,experts=[4]; c12:bw=42,experts=[0,4,6,7]; c4:bw=41,experts=[0,4,6]; c16:bw=59,experts=[0,1,4,5,6]; c14:bw=23,experts=[4,6]; c10:bw=46,experts=[0,4,6]; c19:bw=56,experts=[0,4,5,6,7]; c0:bw=38,experts=[0,4,6]; c11:bw=10,experts=[4]; c1:bw=54,experts=[0,1,4,5,6]; c13:bw=32,experts=[0,4,6]; c18:bw=24,experts=[4,6]; c17:bw=35,experts=[2,4,7]; c9:bw=31,experts=[1,4,6]; c2:bw=41,experts=[0,2,4,6]; c6:bw=30,experts=[4,6]
   67 | 0.01000 |   1.6978 |   56.76% |   56.76% |    1:11.56
      bandwidth/experts | c6:bw=53,experts=[0,1,4,5,6]; c17:bw=48,experts=[0,4,5,6]; c13:bw=39,experts=[0,4,6]; c18:bw=31,experts=[0,4,6]; c8:bw=10,experts=[4]; c3:bw=25,experts=[4,6]; c10:bw=36,experts=[1,4,6]; c5:bw=48,experts=[0,4,5,6]; c9:bw=60,experts=[0,1,4,5,6]; c12:bw=44,experts=[0,4,6]; c15:bw=49,experts=[1,2,4,6]; c1:bw=36,experts=[0,4,6]; c19:bw=14,experts=[4]; c11:bw=43,experts=[0,4,5,6]; c0:bw=32,experts=[0,4,6]; c16:bw=53,experts=[0,1,4,5,6]; c2:bw=43,experts=[0,4,5,6]; c4:bw=51,experts=[0,1,4,5,6]; c14:bw=18,experts=[4]; c7:bw=59,experts=[0,1,4,5,6]
   68 | 0.01000 |   1.7283 |   56.55% |   56.76% |    1:11.25
      bandwidth/experts | c7:bw=28,experts=[7]; c12:bw=67,experts=[0,1,2,4,5,6]; c18:bw=54,experts=[0,1,4,5,6]; c19:bw=28,experts=[4,6]; c5:bw=45,experts=[0,4,5,6]; c1:bw=42,experts=[0,4,5,6]; c8:bw=31,experts=[0,4,6]; c11:bw=14,experts=[]; c3:bw=26,experts=[4]; c10:bw=31,experts=[0,4,6]; c2:bw=58,experts=[0,1,4,5,6]; c4:bw=49,experts=[4,6,7]; c14:bw=10,experts=[2]; c0:bw=30,experts=[0,4,6]; c16:bw=54,experts=[0,4,5,6,7]; c9:bw=15,experts=[4]; c6:bw=32,experts=[4,5,6]; c17:bw=72,experts=[0,1,2,4,5,6,7]; c15:bw=28,experts=[4,6]; c13:bw=35,experts=[1,4]
   69 | 0.01000 |   1.6988 |   57.19% |   57.19% |    1:11.50
      bandwidth/experts | c12:bw=10,experts=[]; c17:bw=48,experts=[0,1,4,6]; c15:bw=20,experts=[4,6]; c13:bw=67,experts=[0,1,2,4,5,6]; c16:bw=60,experts=[0,1,4,5,6]; c0:bw=52,experts=[1,2,4,5,6]; c8:bw=42,experts=[0,1,4,6]; c7:bw=58,experts=[0,1,4,5,6]; c5:bw=39,experts=[0,4,6]; c18:bw=10,experts=[4]; c4:bw=41,experts=[0,4,5,6]; c3:bw=41,experts=[0,4,6]; c11:bw=45,experts=[0,1,4,6]; c14:bw=37,experts=[4,5,7]; c6:bw=26,experts=[4]; c2:bw=66,experts=[0,1,2,4,5,6]; c1:bw=31,experts=[0,4,6]; c9:bw=35,experts=[2,4,6]; c10:bw=16,experts=[4]; c19:bw=43,experts=[1,2,4,6]
   70 | 0.01000 |   1.6960 |   57.18% |   57.19% |    1:11.61
      bandwidth/experts | c5:bw=23,experts=[1,2]; c17:bw=41,experts=[0,1,4,6]; c3:bw=32,experts=[1,4,6]; c10:bw=58,experts=[1,4,6,7]; c12:bw=40,experts=[0,1,4,6]; c15:bw=75,experts=[0,1,2,4,5,6,7]; c19:bw=37,experts=[1,4,6]; c4:bw=58,experts=[0,1,2,4,6]; c18:bw=63,experts=[0,1,4,5,6]; c7:bw=28,experts=[4]; c8:bw=48,experts=[1,4,6]; c14:bw=10,experts=[4]; c2:bw=55,experts=[0,1,4,5,6]; c1:bw=24,experts=[4,7]; c0:bw=30,experts=[0,4,6]; c6:bw=26,experts=[2,4]; c13:bw=33,experts=[1,4,6]; c9:bw=10,experts=[]; c16:bw=67,experts=[0,1,2,4,5,6]; c11:bw=53,experts=[0,1,2,4,6]
   71 | 0.01000 |   1.7027 |   57.11% |   57.19% |    1:11.57
      bandwidth/experts | c6:bw=50,experts=[0,1,4,6]; c19:bw=54,experts=[0,1,4,5,6]; c2:bw=61,experts=[0,1,4,5,6]; c11:bw=44,experts=[0,4,5,6]; c16:bw=19,experts=[4]; c7:bw=20,experts=[2]; c13:bw=25,experts=[4,6]; c0:bw=16,experts=[]; c14:bw=10,experts=[]; c15:bw=28,experts=[4,6]; c8:bw=39,experts=[0,4,6]; c3:bw=62,experts=[0,1,4,5,6,7]; c9:bw=40,experts=[0,1,4,6]; c17:bw=61,experts=[0,1,2,4,5,6]; c18:bw=45,experts=[2,4,7]; c5:bw=33,experts=[4,6,7]; c10:bw=69,experts=[0,1,2,4,5,6]; c4:bw=42,experts=[0,1,4,6]; c1:bw=52,experts=[0,1,2,4,6]; c12:bw=43,experts=[0,4,5,6]
   72 | 0.01000 |   1.7148 |   57.44% |   57.44% |    1:11.02
      bandwidth/experts | c2:bw=23,experts=[3]; c10:bw=28,experts=[3,4]; c13:bw=54,experts=[1,3,4,6]; c17:bw=18,experts=[4]; c15:bw=41,experts=[0,3,4,6]; c16:bw=46,experts=[0,3,4,6]; c18:bw=29,experts=[4,6]; c3:bw=23,experts=[4,6]; c14:bw=43,experts=[3,4,6]; c0:bw=52,experts=[0,1,4,6,7]; c19:bw=32,experts=[0,4,6]; c6:bw=19,experts=[3]; c4:bw=39,experts=[4,6]; c8:bw=30,experts=[3,4,6]; c12:bw=28,experts=[3]; c11:bw=10,experts=[3]; c1:bw=39,experts=[3,4,6]; c7:bw=48,experts=[1,3,4,6]; c5:bw=43,experts=[0,4,5,6]; c9:bw=38,experts=[3,4,7]
   73 | 0.01000 |   1.7138 |   56.94% |   57.44% |    1:11.21
      bandwidth/experts | c8:bw=11,experts=[]; c11:bw=46,experts=[1,4,6,7]; c12:bw=37,experts=[0,4,6]; c13:bw=50,experts=[0,4,6,7]; c4:bw=41,experts=[0,3,4,6]; c9:bw=52,experts=[0,1,4,5,6]; c1:bw=66,experts=[0,1,4,5,6]; c5:bw=17,experts=[3]; c2:bw=47,experts=[0,4,6,7]; c15:bw=47,experts=[0,4,6]; c6:bw=20,experts=[7]; c14:bw=16,experts=[0]; c19:bw=10,experts=[3]; c17:bw=17,experts=[3]; c16:bw=61,experts=[0,1,4,5,6]; c7:bw=37,experts=[0,4,6]; c10:bw=42,experts=[0,1,4,6]; c3:bw=40,experts=[0,3,4,6]; c18:bw=34,experts=[3,4,6]; c0:bw=28,experts=[3,4]
   74 | 0.01000 |   1.7121 |   58.10% |   58.10% |    1:11.34
      bandwidth/experts | c9:bw=32,experts=[4,6]; c17:bw=62,experts=[0,1,2,4,5,6]; c19:bw=20,experts=[4,7]; c7:bw=65,experts=[0,1,2,4,5,6]; c5:bw=50,experts=[0,1,4,5,6]; c6:bw=10,experts=[4]; c15:bw=50,experts=[0,1,4,5,6]; c4:bw=47,experts=[0,4,6]; c11:bw=37,experts=[0,4,6]; c8:bw=28,experts=[5,7]; c1:bw=28,experts=[4,6]; c18:bw=60,experts=[0,1,2,4,5,6]; c12:bw=10,experts=[7]; c16:bw=48,experts=[0,1,4,6]; c13:bw=42,experts=[0,1,4,6]; c0:bw=40,experts=[0,1,4,6]; c10:bw=25,experts=[4,6]; c2:bw=10,experts=[]; c14:bw=32,experts=[1,4]; c3:bw=10,experts=[2]
   75 | 0.01000 |   1.6458 |   58.46% |   58.46% |    1:11.77
      bandwidth/experts | c8:bw=53,experts=[0,1,2,4,6]; c0:bw=60,experts=[0,1,2,4,5,6]; c17:bw=43,experts=[0,1,4,6]; c16:bw=46,experts=[0,1,4,6]; c18:bw=68,experts=[0,1,2,4,5,6]; c12:bw=40,experts=[0,1,4,6]; c19:bw=19,experts=[4]; c3:bw=20,experts=[4,6]; c13:bw=46,experts=[0,1,4,6]; c5:bw=31,experts=[1,4,6]; c14:bw=60,experts=[0,1,2,4,5,6]; c11:bw=42,experts=[0,1,4,6]; c4:bw=56,experts=[0,1,4,6]; c1:bw=54,experts=[0,1,2,4,6]; c15:bw=20,experts=[4,6]; c2:bw=40,experts=[0,1,4,6]; c6:bw=56,experts=[0,1,4,6]; c9:bw=61,experts=[0,1,4,5,6]; c7:bw=28,experts=[4,6]; c10:bw=23,experts=[4,6]
   76 | 0.01000 |   1.6464 |   58.65% |   58.65% |    1:11.59
      bandwidth/experts | c12:bw=21,experts=[2,4]; c3:bw=15,experts=[4]; c15:bw=42,experts=[0,4,5,6]; c1:bw=53,experts=[0,1,4,5,6]; c18:bw=39,experts=[0,4,6]; c8:bw=29,experts=[4]; c5:bw=37,experts=[0,4,6]; c10:bw=46,experts=[0,1,4,6]; c6:bw=23,experts=[4,5]; c0:bw=31,experts=[4,6]; c4:bw=60,experts=[0,1,4,5,6,7]; c17:bw=33,experts=[4,6,7]; c2:bw=25,experts=[4,6]; c7:bw=66,experts=[0,1,4,5,6,7]; c13:bw=39,experts=[4,6]; c11:bw=42,experts=[1,4,6]; c14:bw=22,experts=[4,6]; c19:bw=44,experts=[0,4,6]; c9:bw=57,experts=[0,2,4,5,6]; c16:bw=39,experts=[4,6,7]
   77 | 0.01000 |   1.6543 |   58.60% |   58.65% |    1:11.43
      bandwidth/experts | c7:bw=10,experts=[4]; c3:bw=40,experts=[0,1,4,6]; c17:bw=37,experts=[1,4,6]; c2:bw=34,experts=[2,4,6]; c10:bw=39,experts=[1,4,6]; c18:bw=31,experts=[0,4,6]; c11:bw=28,experts=[1,4]; c1:bw=62,experts=[0,1,2,4,5,6]; c5:bw=59,experts=[0,1,4,5,6]; c4:bw=10,experts=[]; c16:bw=34,experts=[0,4,6]; c13:bw=37,experts=[2,5]; c0:bw=63,experts=[0,1,2,4,5,6]; c6:bw=57,experts=[0,1,2,4,6]; c9:bw=29,experts=[4,6]; c15:bw=43,experts=[0,1,4,6]; c19:bw=37,experts=[2,4]; c12:bw=46,experts=[0,1,4,6]; c8:bw=10,experts=[4]; c14:bw=64,experts=[0,1,4,5,6,7]
   78 | 0.01000 |   1.6347 |   58.70% |   58.70% |    1:11.52
      bandwidth/experts | c5:bw=63,experts=[0,1,2,4,5,6]; c11:bw=37,experts=[2,4,6]; c13:bw=59,experts=[0,1,4,5,6]; c8:bw=54,experts=[0,1,4,5,6]; c14:bw=52,experts=[0,1,4,5,6]; c4:bw=23,experts=[2]; c12:bw=31,experts=[0,4,6]; c3:bw=38,experts=[0,4,6]; c19:bw=12,experts=[4]; c18:bw=35,experts=[0,4,6]; c0:bw=26,experts=[4]; c16:bw=44,experts=[0,2,4,6]; c9:bw=31,experts=[0,4,6]; c10:bw=59,experts=[0,4,6,7]; c1:bw=41,experts=[4,6,7]; c2:bw=34,experts=[0,4,6]; c6:bw=57,experts=[0,1,4,5,6]; c17:bw=31,experts=[4,6]; c7:bw=36,experts=[0,4,6]; c15:bw=38,experts=[2,4,7]
   79 | 0.01000 |   1.6814 |   58.58% |   58.70% |    1:11.55
      bandwidth/experts | c2:bw=33,experts=[4,5,6]; c10:bw=34,experts=[2,4,5]; c17:bw=58,experts=[0,1,4,5,6]; c18:bw=12,experts=[7]; c13:bw=43,experts=[0,1,4,6]; c9:bw=10,experts=[4]; c4:bw=80,experts=[0,1,2,3,4,5,6,7]; c15:bw=54,experts=[0,1,4,5,6]; c16:bw=59,experts=[0,1,4,5,6]; c1:bw=37,experts=[0,4,6]; c8:bw=44,experts=[0,1,4,6]; c5:bw=53,experts=[0,1,4,6,7]; c12:bw=10,experts=[]; c3:bw=26,experts=[5,7]; c0:bw=36,experts=[0,4,6]; c19:bw=26,experts=[1,5]; c14:bw=62,experts=[0,1,4,5,6]; c6:bw=21,experts=[4,6]; c11:bw=32,experts=[4,5,6]; c7:bw=46,experts=[0,1,4,6]
   80 | 0.01000 |   1.6581 |   58.98% |   58.98% |    1:11.59
      bandwidth/experts | c13:bw=39,experts=[3,4,6]; c8:bw=51,experts=[0,3,4,6]; c5:bw=65,experts=[0,1,2,4,5,6]; c14:bw=30,experts=[3,4,6]; c11:bw=62,experts=[0,1,3,4,5,6]; c7:bw=48,experts=[0,3,4,6]; c18:bw=13,experts=[4]; c15:bw=41,experts=[1,3,4,6]; c4:bw=57,experts=[0,1,4,6]; c0:bw=47,experts=[0,4,6,7]; c3:bw=31,experts=[1,4,6]; c6:bw=39,experts=[3,4]; c10:bw=18,experts=[]; c19:bw=35,experts=[0,4,6]; c17:bw=61,experts=[0,1,2,4,5,6]; c16:bw=44,experts=[0,3,4,6]; c12:bw=10,experts=[5]; c1:bw=31,experts=[3,4,6]; c9:bw=53,experts=[0,3,4,6,7]; c2:bw=44,experts=[1,3,4,6]
   81 | 0.01000 |   1.6310 |   59.48% |   59.48% |    1:11.44
      bandwidth/experts | c9:bw=26,experts=[4]; c10:bw=44,experts=[0,3,4,6]; c5:bw=30,experts=[3,4]; c15:bw=65,experts=[0,1,4,5,6]; c19:bw=52,experts=[0,1,3,4,6]; c8:bw=48,experts=[0,4,6]; c14:bw=46,experts=[0,4,6]; c17:bw=27,experts=[3]; c18:bw=60,experts=[0,1,3,4,6]; c11:bw=22,experts=[4,7]; c3:bw=67,experts=[0,1,3,4,6]; c1:bw=49,experts=[0,1,4,6]; c7:bw=58,experts=[0,1,4,5,6]; c13:bw=21,experts=[4,7]; c12:bw=75,experts=[0,1,2,3,4,5,6]; c2:bw=45,experts=[4,6,7]; c16:bw=35,experts=[0,4,6]; c0:bw=50,experts=[0,1,3,4,6]; c4:bw=42,experts=[0,4,5,6]; c6:bw=51,experts=[0,1,4,6,7]
   82 | 0.01000 |   1.6081 |   59.69% |   59.69% |    1:11.59
      bandwidth/experts | c9:bw=56,experts=[0,1,4,5,6]; c16:bw=32,experts=[1,4,6]; c0:bw=30,experts=[0,4,6]; c13:bw=35,experts=[0,4,6]; c2:bw=30,experts=[0,4,6]; c15:bw=16,experts=[4]; c19:bw=21,experts=[4,7]; c12:bw=63,experts=[0,1,4,5,6,7]; c8:bw=58,experts=[0,1,4,6,7]; c1:bw=64,experts=[0,1,4,5,6]; c14:bw=54,experts=[0,1,2,4,6]; c7:bw=40,experts=[1,2,4,6]; c6:bw=36,experts=[0,4,6]; c5:bw=40,experts=[1,4,5,6]; c18:bw=45,experts=[0,4,6]; c10:bw=18,experts=[4]; c17:bw=44,experts=[0,4,6]; c4:bw=30,experts=[0,4,6]; c11:bw=47,experts=[0,4,6]; c3:bw=39,experts=[2,4]
   83 | 0.01000 |   1.6260 |   59.51% |   59.69% |    1:11.17
      bandwidth/experts | c3:bw=42,experts=[0,1,4,6]; c15:bw=39,experts=[0,4,6]; c11:bw=27,experts=[4,6]; c14:bw=39,experts=[1,4,6]; c6:bw=53,experts=[0,1,4,5,6]; c4:bw=10,experts=[4]; c5:bw=10,experts=[4]; c7:bw=37,experts=[1,4,6]; c2:bw=41,experts=[0,1,4,6]; c19:bw=67,experts=[0,1,4,5,6]; c0:bw=10,experts=[]; c17:bw=31,experts=[1,4,6]; c16:bw=49,experts=[0,4,6]; c8:bw=39,experts=[2,4,6]; c1:bw=63,experts=[0,1,4,5,6]; c10:bw=37,experts=[0,4,6]; c9:bw=51,experts=[0,1,4,5,6]; c13:bw=46,experts=[0,4,6]; c12:bw=44,experts=[0,1,4,6]; c18:bw=21,experts=[2]
   84 | 0.01000 |   1.6208 |   59.20% |   59.69% |    1:11.45
      bandwidth/experts | c14:bw=45,experts=[0,1,4,6]; c6:bw=10,experts=[]; c13:bw=30,experts=[4,6]; c3:bw=32,experts=[0,4,6]; c4:bw=27,experts=[4,6]; c5:bw=20,experts=[4,6]; c18:bw=55,experts=[0,1,4,5,6]; c15:bw=75,experts=[0,1,2,4,5,6,7]; c7:bw=47,experts=[0,4,6,7]; c0:bw=10,experts=[4]; c11:bw=50,experts=[0,1,4,5,6]; c1:bw=58,experts=[0,1,4,6]; c17:bw=43,experts=[4,6,7]; c9:bw=20,experts=[2,4]; c10:bw=10,experts=[]; c12:bw=45,experts=[0,4,6]; c19:bw=22,experts=[4,6]; c2:bw=36,experts=[4,6]; c8:bw=67,experts=[0,1,2,4,5,6]; c16:bw=47,experts=[4,6,7]
   85 | 0.01000 |   1.6217 |   59.54% |   59.69% |    1:11.78
      bandwidth/experts | c5:bw=12,experts=[]; c16:bw=19,experts=[4]; c9:bw=58,experts=[0,1,4,5,6]; c12:bw=47,experts=[0,1,4,6]; c6:bw=42,experts=[0,2,4,6]; c18:bw=51,experts=[0,1,4,5,6]; c15:bw=70,experts=[0,1,2,4,5,6]; c0:bw=38,experts=[2,4,5]; c11:bw=10,experts=[]; c17:bw=49,experts=[0,1,4,6]; c14:bw=44,experts=[0,4,6,7]; c2:bw=45,experts=[0,2,4,6]; c7:bw=11,experts=[]; c19:bw=54,experts=[0,2,4,6]; c10:bw=44,experts=[0,1,4,6]; c1:bw=57,experts=[0,2,4,6]; c4:bw=42,experts=[0,1,4,6]; c13:bw=35,experts=[2,4,6]; c3:bw=51,experts=[0,1,4,5,6]; c8:bw=70,experts=[0,1,2,4,5,6,7]
   86 | 0.01000 |   1.5882 |   60.18% |   60.18% |    1:11.55
      bandwidth/experts | c2:bw=24,experts=[4,6]; c13:bw=55,experts=[0,4,5,6]; c11:bw=38,experts=[2,4,6]; c0:bw=30,experts=[0,4,6]; c6:bw=55,experts=[0,1,4,6]; c16:bw=50,experts=[0,1,2,4,6]; c8:bw=28,experts=[4,6]; c3:bw=28,experts=[4,6]; c12:bw=28,experts=[4]; c15:bw=55,experts=[0,1,4,6]; c17:bw=40,experts=[1,4,6]; c9:bw=43,experts=[0,1,4,6]; c19:bw=18,experts=[4]; c18:bw=52,experts=[0,1,4,5,6]; c7:bw=44,experts=[0,1,4]; c5:bw=47,experts=[0,4,6]; c14:bw=45,experts=[0,1,4,6]; c1:bw=72,experts=[0,1,4,5,6,7]; c10:bw=47,experts=[4,6,7]; c4:bw=18,experts=[4]
   87 | 0.01000 |   1.6032 |   60.42% |   60.42% |    1:11.52
      bandwidth/experts | c15:bw=63,experts=[0,1,2,4,5,6]; c6:bw=60,experts=[0,1,4,5,6]; c13:bw=45,experts=[1,4,6]; c4:bw=34,experts=[2,3]; c8:bw=46,experts=[1,4,6]; c11:bw=18,experts=[]; c3:bw=68,experts=[0,1,4,5,6,7]; c9:bw=37,experts=[1,4]; c17:bw=25,experts=[4,6]; c14:bw=36,experts=[4,5,6]; c5:bw=10,experts=[7]; c0:bw=35,experts=[0,4,6]; c18:bw=45,experts=[0,4,6,7]; c10:bw=49,experts=[2,4,5,6]; c16:bw=45,experts=[0,4,5,6]; c1:bw=29,experts=[4]; c19:bw=33,experts=[1,4,6]; c2:bw=67,experts=[0,1,2,4,5,6]; c12:bw=45,experts=[0,1,4,6]; c7:bw=22,experts=[4,6]
   88 | 0.01000 |   1.5942 |   60.58% |   60.58% |    1:11.50
      bandwidth/experts | c15:bw=60,experts=[0,1,3,4,6]; c0:bw=62,experts=[0,1,4,6,7]; c7:bw=41,experts=[0,3,4,6]; c16:bw=30,experts=[3,4,6]; c13:bw=34,experts=[3,4,6]; c1:bw=28,experts=[3,4]; c18:bw=22,experts=[4,6]; c2:bw=46,experts=[0,3,4,6]; c8:bw=43,experts=[0,3,4,6]; c17:bw=30,experts=[2,4,5]; c4:bw=38,experts=[4,6,7]; c6:bw=27,experts=[3,4]; c11:bw=10,experts=[3]; c5:bw=30,experts=[2,4,6]; c19:bw=23,experts=[4]; c14:bw=10,experts=[3]; c3:bw=33,experts=[1,4,6]; c9:bw=31,experts=[3,4,7]; c12:bw=61,experts=[0,1,2,4,5,6]; c10:bw=71,experts=[0,1,2,4,5,6,7]
   89 | 0.01000 |   1.6010 |   60.42% |   60.58% |    1:11.67
      bandwidth/experts | c5:bw=46,experts=[0,3,4,6]; c2:bw=44,experts=[0,4,6,7]; c7:bw=21,experts=[5]; c4:bw=30,experts=[4,5]; c18:bw=55,experts=[0,1,3,4,6]; c10:bw=28,experts=[3,4]; c15:bw=61,experts=[0,1,4,5,6]; c9:bw=60,experts=[0,1,2,4,5,6]; c8:bw=74,experts=[0,1,2,4,5,6,7]; c0:bw=13,experts=[3]; c16:bw=50,experts=[0,1,4,5,6]; c19:bw=16,experts=[3]; c11:bw=36,experts=[4,6,7]; c14:bw=30,experts=[4,6]; c12:bw=34,experts=[3,4]; c13:bw=10,experts=[7]; c1:bw=41,experts=[0,1,4,6]; c3:bw=31,experts=[3,4]; c17:bw=40,experts=[1,3,4,6]; c6:bw=32,experts=[1,4,7]
   90 | 0.01000 |   1.5972 |   60.60% |   60.60% |    1:11.68
      bandwidth/experts | c12:bw=43,experts=[0,4,6,7]; c10:bw=10,experts=[]; c0:bw=64,experts=[0,1,2,4,5,6]; c2:bw=21,experts=[4,6]; c17:bw=22,experts=[4,6]; c14:bw=16,experts=[2]; c19:bw=15,experts=[7]; c7:bw=72,experts=[0,1,2,4,5,6,7]; c16:bw=57,experts=[0,1,4,5,6]; c3:bw=36,experts=[2,4,6]; c18:bw=50,experts=[0,1,4,5,6]; c4:bw=35,experts=[4,6]; c13:bw=65,experts=[0,1,2,4,5,6]; c11:bw=41,experts=[0,1,4,6]; c1:bw=31,experts=[1,4,6]; c8:bw=50,experts=[0,1,4,5,6]; c9:bw=63,experts=[0,1,2,4,6]; c6:bw=26,experts=[4,6]; c5:bw=27,experts=[1]; c15:bw=61,experts=[0,1,2,4,5,6]
   91 | 0.01000 |   1.5687 |   60.68% |   60.68% |    1:11.52
      bandwidth/experts | c5:bw=52,experts=[1,4,5,6]; c6:bw=29,experts=[4]; c1:bw=50,experts=[0,1,4,6]; c17:bw=63,experts=[0,1,4,5,6]; c18:bw=13,experts=[]; c7:bw=51,experts=[0,1,4,5,6]; c8:bw=23,experts=[4,6]; c4:bw=54,experts=[0,1,4,5,6]; c19:bw=51,experts=[1,4,5,6]; c2:bw=11,experts=[4]; c10:bw=49,experts=[1,4,6]; c3:bw=40,experts=[0,1,4,6]; c11:bw=67,experts=[0,1,2,4,5,6]; c12:bw=62,experts=[0,1,4,5,6]; c14:bw=42,experts=[0,4,6]; c15:bw=45,experts=[0,1,4,6]; c13:bw=46,experts=[1,4,6]; c0:bw=22,experts=[4]; c9:bw=35,experts=[0,4,6]; c16:bw=24,experts=[4,6]
   92 | 0.01000 |   1.5882 |   60.74% |   60.74% |    1:11.04
      bandwidth/experts | c15:bw=19,experts=[7]; c11:bw=15,experts=[]; c19:bw=54,experts=[0,1,4,6]; c17:bw=32,experts=[4,6,7]; c5:bw=66,experts=[0,1,2,4,5,6]; c4:bw=26,experts=[4]; c7:bw=34,experts=[4,6]; c9:bw=56,experts=[0,1,2,4,6]; c6:bw=45,experts=[0,1,4,6]; c8:bw=19,experts=[4]; c2:bw=25,experts=[4,6]; c0:bw=29,experts=[4,6]; c3:bw=28,experts=[4]; c12:bw=48,experts=[0,1,4,6]; c16:bw=14,experts=[7]; c13:bw=17,experts=[4]; c1:bw=20,experts=[4]; c10:bw=37,experts=[1,4,6]; c18:bw=37,experts=[2,4,6]; c14:bw=30,experts=[4,6]
   93 | 0.01000 |   1.5749 |   61.03% |   61.03% |    1:11.40
      bandwidth/experts | c9:bw=58,experts=[0,1,2,4,6]; c1:bw=47,experts=[1,2,4,6]; c6:bw=22,experts=[2,4]; c8:bw=10,experts=[4]; c15:bw=36,experts=[1,4,6]; c18:bw=23,experts=[4,6]; c0:bw=19,experts=[]; c17:bw=32,experts=[4,6]; c5:bw=10,experts=[4]; c3:bw=31,experts=[1,4,6]; c12:bw=52,experts=[0,1,4,5,6]; c4:bw=32,experts=[1,4,6]; c14:bw=25,experts=[7]; c7:bw=22,experts=[4]; c11:bw=32,experts=[4,6]; c19:bw=39,experts=[0,2,4]; c16:bw=46,experts=[0,1,4,6]; c2:bw=51,experts=[0,1,4,5,6]; c10:bw=15,experts=[4]; c13:bw=63,experts=[0,1,4,5,6]
   94 | 0.01000 |   1.5558 |   61.18% |   61.18% |    1:11.74
      bandwidth/experts | c9:bw=50,experts=[0,1,4,6]; c19:bw=48,experts=[1,4,6]; c3:bw=34,experts=[1,4,6]; c10:bw=61,experts=[0,1,2,4,5,6]; c16:bw=28,experts=[2,4]; c6:bw=30,experts=[4,6]; c4:bw=31,experts=[4,6]; c18:bw=47,experts=[0,1,4,6]; c13:bw=44,experts=[0,4,5,6]; c12:bw=14,experts=[4]; c17:bw=12,experts=[4]; c11:bw=48,experts=[0,1,4,6]; c7:bw=45,experts=[0,1,4,6]; c8:bw=10,experts=[4]; c0:bw=55,experts=[0,1,4,5,6]; c15:bw=40,experts=[0,1,4,6]; c2:bw=65,experts=[0,1,2,4,5,6]; c1:bw=70,experts=[0,1,2,4,5,6,7]; c14:bw=38,experts=[1,4]; c5:bw=41,experts=[0,1,4,6]
   95 | 0.01000 |   1.5861 |   60.99% |   61.18% |    1:11.46
      bandwidth/experts | c7:bw=59,experts=[0,1,4,5,6]; c16:bw=24,experts=[4,6]; c1:bw=31,experts=[1,4,6]; c12:bw=10,experts=[]; c4:bw=15,experts=[]; c9:bw=42,experts=[0,1,4,6]; c17:bw=47,experts=[0,1,4,6]; c5:bw=10,experts=[7]; c14:bw=49,experts=[0,4,5,6]; c10:bw=42,experts=[0,1,4,6]; c15:bw=34,experts=[1,4,6]; c0:bw=35,experts=[1,4,6]; c19:bw=42,experts=[0,1,4,6]; c8:bw=76,experts=[0,1,2,4,5,6]; c13:bw=59,experts=[0,1,2,4,6]; c3:bw=41,experts=[4,5,6,7]; c18:bw=28,experts=[4,7]; c11:bw=10,experts=[4]; c2:bw=23,experts=[4,6]; c6:bw=40,experts=[1,4,5,6]
   96 | 0.01000 |   1.5541 |   61.27% |   61.27% |    1:12.14
      bandwidth/experts | c6:bw=31,experts=[3,4,6]; c15:bw=78,experts=[0,1,2,3,4,5,6]; c14:bw=10,experts=[3]; c17:bw=35,experts=[2,4,6]; c2:bw=65,experts=[0,1,3,4,5,6]; c9:bw=44,experts=[3,4,6,7]; c11:bw=44,experts=[1,3,4,6]; c3:bw=46,experts=[0,1,4,6]; c0:bw=36,experts=[4,6,7]; c8:bw=64,experts=[0,1,2,3,4,6]; c18:bw=29,experts=[4,6]; c5:bw=60,experts=[0,1,2,4,5,6]; c13:bw=55,experts=[0,3,4,6]; c1:bw=36,experts=[3,4,6]; c4:bw=49,experts=[2,3,4,7]; c19:bw=38,experts=[1,4,6]; c16:bw=72,experts=[0,1,2,3,4,5,6]; c12:bw=71,experts=[0,1,2,4,5,6,7]; c10:bw=53,experts=[0,1,4,6,7]; c7:bw=50,experts=[0,1,3,4,6]
   97 | 0.01000 |   1.5733 |   61.43% |   61.43% |    1:11.81
      bandwidth/experts | c12:bw=13,experts=[3]; c2:bw=54,experts=[1,4,6,7]; c4:bw=16,experts=[]; c6:bw=50,experts=[1,4,6,7]; c9:bw=43,experts=[1,4,5,6]; c10:bw=51,experts=[0,3,4,6]; c1:bw=50,experts=[0,1,4,6]; c19:bw=30,experts=[3,4,6]; c7:bw=30,experts=[4,6]; c0:bw=41,experts=[3,4,6]; c3:bw=35,experts=[3,4]; c17:bw=54,experts=[0,3,4,6]; c18:bw=70,experts=[0,1,3,4,5,6]; c5:bw=46,experts=[1,3,4,6]; c14:bw=23,experts=[4,6]; c15:bw=59,experts=[0,1,4,5,6]; c13:bw=51,experts=[0,1,4,6,7]; c11:bw=22,experts=[7]; c16:bw=54,experts=[0,1,4,5,6]; c8:bw=43,experts=[0,4,6,7]
   98 | 0.01000 |   1.5481 |   61.88% |   61.88% |    1:11.21
      bandwidth/experts | c10:bw=45,experts=[0,1,4,6]; c4:bw=52,experts=[0,1,4,6]; c2:bw=24,experts=[4]; c17:bw=17,experts=[4]; c15:bw=17,experts=[]; c7:bw=24,experts=[2,7]; c19:bw=45,experts=[4,6,7]; c14:bw=67,experts=[0,1,2,4,5,6]; c11:bw=10,experts=[4]; c16:bw=41,experts=[0,4,6]; c13:bw=31,experts=[0,4,6]; c1:bw=26,experts=[4,6]; c6:bw=36,experts=[4,6]; c5:bw=49,experts=[0,1,4,6]; c9:bw=27,experts=[4,6]; c3:bw=25,experts=[2,4]; c18:bw=32,experts=[4,6]; c0:bw=33,experts=[2,4,6]; c12:bw=16,experts=[4]; c8:bw=54,experts=[0,1,4,5,6]
   99 | 0.01000 |   1.5450 |   61.49% |   61.88% |    1:11.47
      bandwidth/experts | c13:bw=25,experts=[4,6]; c0:bw=40,experts=[0,1,4,6]; c14:bw=33,experts=[0,4,6]; c4:bw=24,experts=[5]; c19:bw=48,experts=[1,4,5,6]; c9:bw=20,experts=[4,6]; c16:bw=34,experts=[1,4,6]; c3:bw=38,experts=[0,4,6]; c12:bw=34,experts=[0,4,6]; c10:bw=11,experts=[4]; c7:bw=45,experts=[0,1,4,6]; c11:bw=10,experts=[2]; c1:bw=59,experts=[0,1,4,5,6]; c15:bw=47,experts=[0,4,6]; c6:bw=35,experts=[1,4,6]; c17:bw=43,experts=[1,4,5,6]; c18:bw=55,experts=[0,1,4,5,6]; c8:bw=34,experts=[1,4,6]; c5:bw=49,experts=[0,4,6]; c2:bw=31,experts=[0,4,6]
  100 | 0.01000 |   1.5410 |   61.86% |   61.88% |    1:11.40
      bandwidth/experts | c10:bw=56,experts=[0,1,4,5,6]; c12:bw=37,experts=[1,4,6]; c11:bw=17,experts=[5]; c0:bw=64,experts=[0,1,4,5,6]; c4:bw=65,experts=[0,1,2,4,5,6]; c7:bw=10,experts=[4]; c6:bw=44,experts=[0,1,4,6]; c17:bw=55,experts=[1,4,6,7]; c14:bw=10,experts=[4]; c1:bw=17,experts=[4]; c13:bw=10,experts=[4]; c8:bw=44,experts=[0,4,6]; c2:bw=30,experts=[1,4,6]; c18:bw=80,experts=[0,1,2,3,4,5,6,7]; c16:bw=46,experts=[0,4,6,7]; c9:bw=53,experts=[0,1,4,6]; c5:bw=18,experts=[]; c3:bw=42,experts=[0,1,4,6]; c15:bw=30,experts=[4,6,7]; c19:bw=18,experts=[4]

Done. Best Acc: 61.88% @ round 98
Total time: 1:58:00.81
[Export] 实验目录: /userhome/cs3/duanty/FedMoE/results/exp05-c100-resnet-n20-fedavg-old-drop25/20260924-122925
[Export] 每轮明细: /userhome/cs3/duanty/FedMoE/results/exp05-c100-resnet-n20-fedavg-old-drop25/20260924-122925/rounds.xlsx
[Export] 总体摘要: /userhome/cs3/duanty/FedMoE/results/exp05-c100-resnet-n20-fedavg-old-drop25/20260924-122925/summary.xlsx
[Plot] result = /userhome/cs3/duanty/FedMoE/results/exp05-c100-resnet-n20-fedavg-old-drop25/20260924-122925
[Plot] figures -> /userhome/cs3/duanty/FedMoE/results/exp05-c100-resnet-n20-fedavg-old-drop25/20260924-122925/figure
  fig01_test_accuracy.pdf
  fig02_train_loss.pdf
  fig03_acc_and_loss.pdf
  fig04_bandwidth_and_k.pdf
  fig05_expert_round_heatmap.pdf
  fig06_client_expert_heatmap.pdf
  fig07_expert_frequency.pdf
  fig08_time_breakdown.pdf
  fig09_accuracy_vs_communication.pdf
  fig10_overview.pdf
[Export] 图片目录: /userhome/cs3/duanty/FedMoE/results/exp05-c100-resnet-n20-fedavg-old-drop25/20260924-122925/figure
