========================================
Job    : exp01-stl10-resnet-e8-fedadam
Host   : gpu-4090-101
Date   : Tue Sep 22 01:12:29 HKT 2026
GPU    : 0
Python : /userhome/cs3/duanty/miniconda3/envs/moe/bin/python
Command: python -u main.py --method ours --dataset stl10 --backbone resnet --select ours --merge fedadam --device cuda --num_experts 8 --bw_max -1 --output_dir ./results/exp01-stl10-resnet-e8-fedadam
========================================

==================================================================
 Ours  
  Dataset=stl10 | beta=0.1 | Backbone=resnet | width_mult=1 | Clients=10 | Experts=8
  Select=ours | Merge=fedadam
  Expert refresh N_ref=8
  Rounds=100 | LR=0.01
  Bandwidth: expert_bw=10 | bw=[10, 80] | Rayleigh-Shannon, SNR=10 dB | k=floor(bw/10)
==================================================================


[Partition] Dirichlet beta=0.1, 10 clients
  Client 0:    416 samples | 5/10 classes
  Client 1:    666 samples | 5/10 classes
  Client 2:    674 samples | 7/10 classes
  Client 3:    833 samples | 4/10 classes
  Client 4:    557 samples | 4/10 classes
  Client 5:    414 samples | 2/10 classes
  Client 6:    295 samples | 3/10 classes
  Client 7:    999 samples | 5/10 classes
  Client 8:     23 samples | 3/10 classes
  Client 9:    123 samples | 10/10 classes

[Upload] expert_bw=10 | available bw=[10, 80] | Rayleigh-Shannon, SNR=10 dB | upload k=floor(bw/10), cap=8 | probe gate scores, refresh stale experts, then train selected

[Model] Total params: 13,315,216

[Export] 本次实验目录: /userhome/cs3/duanty/FedMoE/results/exp01-stl10-resnet-e8-fedadam/20260922-011243

Round |      LR |  AvgLoss |  TestAcc |     Best |  RoundTime
--------------------------------------------------------------------------------
    1 | 0.00208 |   2.0413 |    9.96% |    9.96% |    0:12.92
      bandwidth/experts | c8:bw=55,experts=[1,2,4,5,6]; c1:bw=29,experts=[2,6]; c5:bw=44,experts=[1,2,4,6]; c0:bw=10,experts=[2]; c7:bw=20,experts=[2,6]; c2:bw=29,experts=[2,6]; c9:bw=45,experts=[1,2,4,6]; c4:bw=40,experts=[1,2,4,6]; c3:bw=51,experts=[1,2,4,5,6]; c6:bw=41,experts=[1,2,4,6]
    2 | 0.00406 |   1.7255 |   11.70% |   11.70% |    0:11.93
      bandwidth/experts | c0:bw=36,experts=[0,4,6]; c1:bw=41,experts=[0,1,4,6]; c8:bw=48,experts=[0,1,4,6]; c5:bw=69,experts=[0,1,3,4,5,6]; c3:bw=67,experts=[0,1,3,4,5,6]; c4:bw=30,experts=[0,4,6]; c7:bw=55,experts=[0,1,3,4,6]; c9:bw=46,experts=[0,1,4,6]; c6:bw=17,experts=[4]; c2:bw=22,experts=[4,6]
    3 | 0.00604 |   1.6189 |   18.68% |   18.68% |    0:12.02
      bandwidth/experts | c9:bw=48,experts=[0,2,4,6]; c2:bw=42,experts=[0,2,4,6]; c0:bw=50,experts=[0,1,2,4,6]; c6:bw=40,experts=[0,2,4,6]; c8:bw=30,experts=[2,4,6]; c5:bw=13,experts=[4]; c3:bw=26,experts=[4,6]; c7:bw=33,experts=[2,4,6]; c1:bw=13,experts=[4]; c4:bw=52,experts=[0,1,2,4,6]
    4 | 0.00802 |   1.4845 |   14.26% |   18.68% |    0:12.06
      bandwidth/experts | c1:bw=40,experts=[2,3,4,6]; c7:bw=45,experts=[2,3,4,6]; c6:bw=53,experts=[0,2,3,4,6]; c2:bw=60,experts=[0,2,3,4,6,7]; c8:bw=31,experts=[2,4,6]; c0:bw=59,experts=[0,2,3,4,6]; c3:bw=34,experts=[2,4,6]; c4:bw=56,experts=[0,2,3,4,6]; c5:bw=73,experts=[0,1,2,3,4,6,7]; c9:bw=22,experts=[4,6]
    5 | 0.01000 |   1.3656 |   17.20% |   18.68% |    0:11.64
      bandwidth/experts | c1:bw=20,experts=[2,6]; c5:bw=40,experts=[2,3,4,6]; c4:bw=48,experts=[2,3,4,6]; c8:bw=37,experts=[2,4,6]; c0:bw=50,experts=[2,3,4,6,7]; c7:bw=24,experts=[2,4]; c6:bw=53,experts=[2,3,4,6,7]; c3:bw=63,experts=[0,2,3,4,6,7]; c2:bw=10,experts=[2]; c9:bw=62,experts=[0,2,3,4,6,7]
    6 | 0.01000 |   1.4791 |   25.60% |   25.60% |    0:11.82
      bandwidth/experts | c8:bw=67,experts=[0,2,3,4,6,7]; c2:bw=42,experts=[2,3,4,6]; c5:bw=27,experts=[4,6]; c7:bw=58,experts=[2,3,4,6,7]; c3:bw=36,experts=[2,4,6]; c1:bw=32,experts=[2,4,6]; c9:bw=48,experts=[2,3,4,6]; c0:bw=31,experts=[2,4,6]; c4:bw=17,experts=[6]; c6:bw=20,experts=[2,6]
    7 | 0.01000 |   1.3943 |   26.46% |   26.46% |    0:11.80
      bandwidth/experts | c0:bw=36,experts=[2,4,6]; c5:bw=49,experts=[2,4,6,7]; c2:bw=40,experts=[2,3,4,6]; c6:bw=13,experts=[4]; c3:bw=26,experts=[4,6]; c7:bw=31,experts=[2,4,6]; c4:bw=14,experts=[4]; c1:bw=10,experts=[4]; c8:bw=57,experts=[2,3,4,6,7]; c9:bw=10,experts=[4]
    8 | 0.01000 |   1.5163 |   28.26% |   28.26% |    0:11.80
      bandwidth/experts | c4:bw=10,experts=[5]; c8:bw=37,experts=[2,4,6]; c1:bw=58,experts=[2,4,5,6,7]; c3:bw=37,experts=[2,4,6]; c0:bw=32,experts=[4,5,6]; c5:bw=28,experts=[4,6]; c2:bw=54,experts=[1,2,4,5,6]; c9:bw=59,experts=[2,4,5,6,7]; c7:bw=15,experts=[5]; c6:bw=41,experts=[2,4,5,6]
    9 | 0.01000 |   1.4090 |   29.81% |   29.81% |    0:11.67
      bandwidth/experts | c2:bw=21,experts=[4,6]; c0:bw=52,experts=[2,3,4,6,7]; c4:bw=59,experts=[2,3,4,6,7]; c9:bw=26,experts=[4,6]; c8:bw=18,experts=[5]; c6:bw=31,experts=[1,2,4]; c7:bw=46,experts=[2,4,6,7]; c5:bw=52,experts=[2,3,4,6,7]; c1:bw=14,experts=[4]; c3:bw=23,experts=[2,4]
   10 | 0.01000 |   1.3424 |   30.27% |   30.27% |    0:11.84
      bandwidth/experts | c4:bw=37,experts=[2,4,6]; c2:bw=34,experts=[2,4,6]; c7:bw=37,experts=[0,1,4]; c0:bw=59,experts=[2,3,4,6,7]; c6:bw=65,experts=[0,2,3,4,6,7]; c3:bw=46,experts=[1,4,5,6]; c5:bw=58,experts=[2,4,5,6,7]; c8:bw=35,experts=[1,4,6]; c9:bw=35,experts=[1,4,6]; c1:bw=41,experts=[0,1,2,4]
   11 | 0.01000 |   1.4185 |   28.88% |   30.27% |    0:11.99
      bandwidth/experts | c5:bw=28,experts=[4,6]; c2:bw=27,experts=[4,6]; c7:bw=44,experts=[2,4,6,7]; c3:bw=50,experts=[2,3,4,6,7]; c0:bw=28,experts=[1,4]; c8:bw=39,experts=[2,4,6]; c9:bw=33,experts=[2,4,6]; c6:bw=55,experts=[2,3,4,6,7]; c1:bw=40,experts=[2,4,6,7]; c4:bw=16,experts=[1]
   12 | 0.01000 |   1.3672 |   30.69% |   30.69% |    0:11.97
      bandwidth/experts | c1:bw=42,experts=[2,3,4,6]; c5:bw=56,experts=[0,1,2,4,6]; c2:bw=57,experts=[0,2,4,6,7]; c4:bw=28,experts=[0,4]; c3:bw=35,experts=[2,4,6]; c7:bw=30,experts=[2,4,6]; c9:bw=42,experts=[2,4,6,7]; c6:bw=29,experts=[4,6]; c8:bw=55,experts=[2,3,4,6,7]; c0:bw=49,experts=[0,2,4,6]
   13 | 0.01000 |   1.3598 |   31.49% |   31.49% |    0:11.35
      bandwidth/experts | c3:bw=30,experts=[0,4,6]; c1:bw=47,experts=[2,4,6,7]; c4:bw=10,experts=[4]; c5:bw=29,experts=[4,6]; c8:bw=15,experts=[4]; c6:bw=36,experts=[2,4,6]; c9:bw=15,experts=[0]; c7:bw=58,experts=[2,3,4,6,7]; c0:bw=25,experts=[4,6]; c2:bw=16,experts=[4]
   14 | 0.01000 |   1.3356 |   31.98% |   31.98% |    0:10.96
      bandwidth/experts | c2:bw=45,experts=[2,4,6,7]; c4:bw=10,experts=[4]; c5:bw=64,experts=[2,3,4,5,6,7]; c1:bw=38,experts=[2,4,6]; c7:bw=25,experts=[2,4]; c0:bw=25,experts=[2,4]; c9:bw=32,experts=[3,4,6]; c3:bw=45,experts=[2,4,6,7]; c8:bw=21,experts=[0,4]; c6:bw=67,experts=[0,2,3,4,6,7]
   15 | 0.01000 |   1.3407 |   31.66% |   31.98% |    0:11.63
      bandwidth/experts | c7:bw=59,experts=[2,3,4,6,7]; c0:bw=20,experts=[2,4]; c1:bw=14,experts=[4]; c8:bw=52,experts=[2,3,4,6,7]; c3:bw=10,experts=[4]; c2:bw=53,experts=[2,3,4,6,7]; c4:bw=47,experts=[2,4,6,7]; c5:bw=18,experts=[4]; c9:bw=19,experts=[4]; c6:bw=33,experts=[2,4,6]
   16 | 0.01000 |   1.3548 |   35.41% |   35.41% |    0:11.58
      bandwidth/experts | c6:bw=40,experts=[2,4,5,6]; c1:bw=29,experts=[4,5]; c3:bw=43,experts=[2,4,6,7]; c8:bw=49,experts=[2,4,6,7]; c7:bw=22,experts=[4,5]; c5:bw=40,experts=[2,4,6,7]; c4:bw=35,experts=[4,5,6]; c9:bw=24,experts=[4,5]; c0:bw=57,experts=[2,4,5,6,7]; c2:bw=52,experts=[1,2,4,5,6]
   17 | 0.01000 |   1.3027 |   37.29% |   37.29% |    0:11.19
      bandwidth/experts | c4:bw=58,experts=[2,3,4,6,7]; c7:bw=25,experts=[4,6]; c8:bw=10,experts=[5]; c3:bw=52,experts=[2,3,4,6,7]; c5:bw=10,experts=[4]; c1:bw=29,experts=[4,6]; c0:bw=11,experts=[4]; c2:bw=19,experts=[4]; c9:bw=37,experts=[2,4,6]; c6:bw=39,experts=[1,2,4]
   18 | 0.01000 |   1.3376 |   33.08% |   37.29% |    0:11.42
      bandwidth/experts | c1:bw=10,experts=[0]; c8:bw=10,experts=[1]; c5:bw=35,experts=[2,4,6]; c2:bw=37,experts=[2,4,6]; c9:bw=19,experts=[1]; c7:bw=55,experts=[0,1,2,4,6]; c4:bw=56,experts=[2,3,4,6,7]; c3:bw=37,experts=[1,4,5]; c0:bw=49,experts=[2,3,4,6]; c6:bw=31,experts=[2,4,6]
   19 | 0.01000 |   1.2552 |   32.42% |   37.29% |    0:11.54
      bandwidth/experts | c8:bw=56,experts=[2,3,4,6,7]; c0:bw=42,experts=[1,2,4,6]; c4:bw=51,experts=[1,2,4,6,7]; c1:bw=46,experts=[1,2,4,6]; c9:bw=38,experts=[2,4,6]; c5:bw=29,experts=[4,6]; c7:bw=22,experts=[2,4]; c2:bw=14,experts=[4]; c6:bw=66,experts=[0,2,3,4,6,7]; c3:bw=40,experts=[2,4,6,7]
   20 | 0.01000 |   1.3700 |   35.58% |   37.29% |    0:11.70
      bandwidth/experts | c0:bw=28,experts=[0,4]; c2:bw=41,experts=[0,2,4,6]; c1:bw=40,experts=[2,3,4,6]; c9:bw=17,experts=[7]; c7:bw=43,experts=[2,4,6,7]; c6:bw=68,experts=[0,2,3,4,6,7]; c3:bw=18,experts=[4]; c5:bw=10,experts=[0]; c4:bw=59,experts=[0,2,4,6,7]; c8:bw=50,experts=[2,3,4,6,7]
   21 | 0.01000 |   1.3204 |   37.66% |   37.66% |    0:11.44
      bandwidth/experts | c1:bw=41,experts=[2,4,6,7]; c2:bw=39,experts=[2,4,6]; c7:bw=12,experts=[4]; c4:bw=48,experts=[2,4,6,7]; c8:bw=18,experts=[4]; c5:bw=32,experts=[1,4,6]; c0:bw=66,experts=[0,2,3,4,6,7]; c3:bw=10,experts=[0]; c6:bw=16,experts=[4]; c9:bw=25,experts=[0,4]
   22 | 0.01000 |   1.3040 |   38.90% |   38.90% |    0:11.35
      bandwidth/experts | c7:bw=16,experts=[4]; c9:bw=33,experts=[3,4,6]; c1:bw=10,experts=[4]; c6:bw=61,experts=[0,2,3,4,6,7]; c5:bw=17,experts=[3]; c2:bw=66,experts=[0,2,3,4,6,7]; c0:bw=67,experts=[0,2,3,4,6,7]; c4:bw=36,experts=[2,4,6]; c3:bw=56,experts=[2,3,4,6,7]; c8:bw=33,experts=[0,4,6]
   23 | 0.01000 |   1.1729 |   39.88% |   39.88% |    0:11.37
      bandwidth/experts | c5:bw=52,experts=[2,4,5,6,7]; c7:bw=15,experts=[3]; c4:bw=56,experts=[2,3,4,6,7]; c6:bw=10,experts=[4]; c9:bw=50,experts=[2,3,4,6,7]; c8:bw=35,experts=[2,4,6]; c3:bw=15,experts=[4]; c1:bw=62,experts=[0,2,3,4,6,7]; c2:bw=32,experts=[2,4,6]; c0:bw=11,experts=[4]
   24 | 0.01000 |   1.2661 |   32.46% |   39.88% |    0:11.64
      bandwidth/experts | c6:bw=30,experts=[2,4,5]; c4:bw=12,experts=[5]; c7:bw=10,experts=[5]; c9:bw=50,experts=[2,4,5,6,7]; c2:bw=43,experts=[1,4,5,6]; c1:bw=10,experts=[5]; c5:bw=25,experts=[4,6]; c8:bw=18,experts=[4]; c3:bw=10,experts=[4]; c0:bw=31,experts=[2,4,5]
   25 | 0.01000 |   1.2115 |   37.06% |   39.88% |    0:11.80
      bandwidth/experts | c9:bw=40,experts=[2,4,6,7]; c6:bw=16,experts=[1]; c4:bw=58,experts=[2,3,4,6,7]; c3:bw=14,experts=[4]; c5:bw=64,experts=[0,2,3,4,6,7]; c1:bw=49,experts=[2,4,6,7]; c8:bw=55,experts=[2,4,5,6,7]; c2:bw=12,experts=[4]; c0:bw=56,experts=[2,3,4,6,7]; c7:bw=40,experts=[2,4,6,7]
   26 | 0.01000 |   1.1562 |   41.39% |   41.39% |    0:11.37
      bandwidth/experts | c3:bw=44,experts=[1,4,5,6]; c6:bw=34,experts=[2,4,6]; c9:bw=50,experts=[1,2,4,6,7]; c7:bw=31,experts=[0,1,4]; c1:bw=33,experts=[2,4,6]; c5:bw=20,experts=[4,6]; c2:bw=30,experts=[2,4,6]; c8:bw=53,experts=[1,2,4,6,7]; c0:bw=11,experts=[4]; c4:bw=48,experts=[2,4,6,7]
   27 | 0.01000 |   1.2918 |   35.75% |   41.39% |    0:11.74
      bandwidth/experts | c7:bw=51,experts=[2,3,4,6,7]; c1:bw=62,experts=[1,2,3,4,6,7]; c4:bw=12,experts=[1]; c0:bw=36,experts=[1,4,6]; c9:bw=18,experts=[4]; c2:bw=20,experts=[4,6]; c8:bw=55,experts=[2,3,4,6,7]; c3:bw=21,experts=[4,6]; c6:bw=63,experts=[0,2,3,4,6,7]; c5:bw=37,experts=[2,4,6]
   28 | 0.01000 |   1.3094 |   37.61% |   41.39% |    0:11.39
      bandwidth/experts | c6:bw=29,experts=[2,4]; c9:bw=49,experts=[2,4,6,7]; c0:bw=47,experts=[2,4,6,7]; c8:bw=29,experts=[4,6]; c2:bw=10,experts=[4]; c5:bw=33,experts=[2,4,6]; c1:bw=25,experts=[2,4]; c3:bw=12,experts=[4]; c4:bw=10,experts=[0]; c7:bw=10,experts=[4]
   29 | 0.01000 |   1.1551 |   41.56% |   41.56% |    0:11.75
      bandwidth/experts | c4:bw=38,experts=[2,4,6]; c0:bw=44,experts=[2,4,6,7]; c1:bw=33,experts=[2,4,6]; c9:bw=44,experts=[0,2,4,6]; c6:bw=43,experts=[2,4,6,7]; c8:bw=34,experts=[2,4,6]; c7:bw=21,experts=[4,6]; c3:bw=32,experts=[0,2,4]; c2:bw=18,experts=[4]; c5:bw=33,experts=[1,4,6]
   30 | 0.01000 |   1.1736 |   38.20% |   41.56% |    0:11.66
      bandwidth/experts | c5:bw=62,experts=[0,2,3,4,6,7]; c1:bw=35,experts=[2,4,6]; c9:bw=54,experts=[2,3,4,6,7]; c4:bw=51,experts=[2,3,4,6,7]; c0:bw=17,experts=[0]; c8:bw=41,experts=[0,2,4,6]; c6:bw=11,experts=[4]; c7:bw=12,experts=[4]; c3:bw=59,experts=[2,3,4,6,7]; c2:bw=27,experts=[0,3]
   31 | 0.01000 |   1.1982 |   40.49% |   41.56% |    0:11.34
      bandwidth/experts | c6:bw=29,experts=[2,4]; c4:bw=19,experts=[4]; c9:bw=45,experts=[2,4,6,7]; c1:bw=30,experts=[0,4,6]; c5:bw=62,experts=[2,3,4,5,6,7]; c8:bw=33,experts=[2,4,6]; c3:bw=24,experts=[2,4]; c2:bw=15,experts=[7]; c0:bw=47,experts=[2,4,6,7]; c7:bw=63,experts=[0,2,3,4,6,7]
   32 | 0.01000 |   1.1929 |   44.56% |   44.56% |    0:11.48
      bandwidth/experts | c8:bw=21,experts=[4,6]; c5:bw=36,experts=[2,4,6]; c4:bw=49,experts=[2,4,5,6]; c7:bw=47,experts=[2,4,5,6]; c0:bw=46,experts=[2,4,5,6]; c1:bw=21,experts=[4,5]; c3:bw=28,experts=[2,4]; c6:bw=27,experts=[4,5]; c2:bw=54,experts=[1,2,4,5,6]; c9:bw=31,experts=[4,5,6]
   33 | 0.01000 |   1.1332 |   42.17% |   44.56% |    0:11.37
      bandwidth/experts | c7:bw=52,experts=[2,3,4,6,7]; c1:bw=34,experts=[2,4,6]; c3:bw=70,experts=[0,2,3,4,5,6,7]; c6:bw=37,experts=[1,2,4]; c5:bw=29,experts=[4,6]; c9:bw=42,experts=[2,4,6,7]; c2:bw=24,experts=[4,6]; c8:bw=50,experts=[2,4,5,6,7]; c4:bw=45,experts=[2,4,6,7]; c0:bw=62,experts=[0,2,3,4,6,7]
   34 | 0.01000 |   1.1275 |   41.79% |   44.56% |    0:11.65
      bandwidth/experts | c4:bw=46,experts=[2,4,6,7]; c1:bw=46,experts=[2,4,6,7]; c6:bw=48,experts=[2,4,6,7]; c9:bw=68,experts=[1,2,3,4,6,7]; c8:bw=42,experts=[1,2,4,6]; c0:bw=22,experts=[2,4]; c5:bw=60,experts=[0,2,3,4,6,7]; c7:bw=32,experts=[1,4,6]; c3:bw=72,experts=[0,1,2,3,4,6,7]; c2:bw=54,experts=[2,3,4,6,7]
   35 | 0.01000 |   1.1090 |   39.09% |   44.56% |    0:11.48
      bandwidth/experts | c4:bw=33,experts=[1,4,6]; c0:bw=20,experts=[1,4]; c1:bw=31,experts=[1,3,4]; c6:bw=44,experts=[0,2,3,4]; c2:bw=46,experts=[2,4,6,7]; c8:bw=50,experts=[2,3,4,6,7]; c9:bw=27,experts=[4,6]; c7:bw=48,experts=[2,4,6,7]; c5:bw=41,experts=[2,4,6,7]; c3:bw=24,experts=[2,4]
   36 | 0.01000 |   1.0967 |   32.95% |   44.56% |    0:11.22
      bandwidth/experts | c9:bw=37,experts=[2,4,6]; c0:bw=36,experts=[2,4,6]; c3:bw=60,experts=[0,2,3,4,6,7]; c7:bw=27,experts=[4,6]; c6:bw=43,experts=[2,4,6,7]; c5:bw=49,experts=[2,4,6,7]; c1:bw=10,experts=[4]; c4:bw=74,experts=[0,2,3,4,5,6,7]; c8:bw=51,experts=[2,3,4,6,7]; c2:bw=50,experts=[2,3,4,6,7]
   37 | 0.01000 |   1.1047 |   40.61% |   44.56% |    0:11.55
      bandwidth/experts | c1:bw=18,experts=[4]; c5:bw=39,experts=[1,4,6]; c2:bw=36,experts=[2,4,6]; c6:bw=65,experts=[0,2,3,4,6,7]; c4:bw=39,experts=[2,4,6]; c7:bw=42,experts=[2,4,6,7]; c9:bw=40,experts=[0,2,4,6]; c0:bw=54,experts=[2,3,4,6,7]; c3:bw=36,experts=[2,4,6]; c8:bw=10,experts=[4]
   38 | 0.01000 |   1.0505 |   44.36% |   44.56% |    0:11.56
      bandwidth/experts | c8:bw=46,experts=[0,2,4,6]; c6:bw=17,experts=[4]; c4:bw=52,experts=[2,3,4,6,7]; c1:bw=31,experts=[2,4,6]; c5:bw=10,experts=[4]; c2:bw=10,experts=[0]; c3:bw=38,experts=[2,4,6]; c7:bw=51,experts=[2,3,4,6,7]; c9:bw=26,experts=[4,6]; c0:bw=40,experts=[2,4,6,7]
   39 | 0.01000 |   1.0609 |   42.20% |   44.56% |    0:11.63
      bandwidth/experts | c3:bw=26,experts=[4,6]; c0:bw=10,experts=[4]; c1:bw=45,experts=[0,2,4,6]; c7:bw=40,experts=[0,2,4,6]; c6:bw=31,experts=[2,4,6]; c8:bw=45,experts=[2,4,6,7]; c2:bw=36,experts=[2,4,6]; c4:bw=36,experts=[2,4,6]; c9:bw=24,experts=[4,6]; c5:bw=75,experts=[0,2,3,4,5,6,7]
   40 | 0.01000 |   1.0805 |   38.88% |   44.56% |    0:11.35
      bandwidth/experts | c8:bw=26,experts=[4,6]; c1:bw=42,experts=[2,4,5,6]; c5:bw=32,experts=[2,4,6]; c6:bw=46,experts=[2,4,5,6]; c2:bw=65,experts=[1,2,4,5,6,7]; c7:bw=66,experts=[2,3,4,5,6,7]; c3:bw=10,experts=[4]; c4:bw=19,experts=[4]; c9:bw=40,experts=[2,4,5,6]; c0:bw=36,experts=[4,5,6]
   41 | 0.01000 |   1.1223 |   40.80% |   44.56% |    0:11.34
      bandwidth/experts | c2:bw=54,experts=[2,3,4,6,7]; c6:bw=10,experts=[1]; c8:bw=57,experts=[2,4,5,6,7]; c1:bw=10,experts=[4]; c4:bw=50,experts=[2,3,4,6,7]; c5:bw=61,experts=[0,2,3,4,6,7]; c7:bw=68,experts=[0,2,3,4,6,7]; c3:bw=40,experts=[2,4,5,6]; c9:bw=54,experts=[2,3,4,6,7]; c0:bw=10,experts=[0]
   42 | 0.01000 |   1.0339 |   34.85% |   44.56% |    0:11.28
      bandwidth/experts | c5:bw=50,experts=[2,3,4,6,7]; c1:bw=49,experts=[2,4,6,7]; c3:bw=48,experts=[1,2,4,6]; c9:bw=51,experts=[1,2,4,6,7]; c6:bw=34,experts=[2,4,6]; c0:bw=15,experts=[4]; c7:bw=20,experts=[1,4]; c4:bw=55,experts=[2,3,4,6,7]; c8:bw=42,experts=[1,2,4,6]; c2:bw=40,experts=[2,4,6,7]
   43 | 0.01000 |   1.0399 |   36.65% |   44.56% |    0:11.73
      bandwidth/experts | c5:bw=53,experts=[2,3,4,6,7]; c1:bw=58,experts=[1,2,3,4,6]; c2:bw=51,experts=[2,3,4,6,7]; c8:bw=45,experts=[2,4,6,7]; c9:bw=32,experts=[2,4,6]; c7:bw=21,experts=[2,4]; c4:bw=34,experts=[1,4,6]; c6:bw=12,experts=[4]; c3:bw=65,experts=[0,2,3,4,6,7]; c0:bw=21,experts=[1,4]
   44 | 0.01000 |   1.0560 |   40.44% |   44.56% |    0:11.43
      bandwidth/experts | c0:bw=66,experts=[2,3,4,5,6,7]; c3:bw=47,experts=[2,4,6,7]; c4:bw=29,experts=[0,5]; c2:bw=37,experts=[2,4,6]; c7:bw=75,experts=[0,2,3,4,5,6,7]; c5:bw=24,experts=[4,6]; c6:bw=20,experts=[2,4]; c9:bw=37,experts=[2,4,6]; c8:bw=34,experts=[3,4,6]; c1:bw=45,experts=[2,4,6,7]
   45 | 0.01000 |   0.9845 |   43.14% |   44.56% |    0:11.24
      bandwidth/experts | c8:bw=55,experts=[2,3,4,6,7]; c0:bw=36,experts=[2,4,6]; c3:bw=67,experts=[0,2,3,4,6,7]; c4:bw=64,experts=[2,3,4,5,6,7]; c7:bw=36,experts=[2,4,6]; c2:bw=49,experts=[2,4,6,7]; c9:bw=25,experts=[0,4]; c6:bw=10,experts=[0]; c5:bw=44,experts=[1,2,4,6]; c1:bw=56,experts=[2,3,4,6,7]
   46 | 0.01000 |   0.9365 |   42.48% |   44.56% |    0:11.44
      bandwidth/experts | c9:bw=37,experts=[2,4,6]; c3:bw=27,experts=[4,6]; c6:bw=39,experts=[3,4,7]; c1:bw=41,experts=[2,4,6,7]; c4:bw=64,experts=[0,2,3,4,6,7]; c5:bw=41,experts=[2,4,6,7]; c2:bw=57,experts=[0,2,4,6,7]; c8:bw=39,experts=[0,4,6]; c0:bw=55,experts=[2,3,4,6,7]; c7:bw=28,experts=[4,6]
   47 | 0.01000 |   0.9509 |   38.79% |   44.56% |    0:11.53
      bandwidth/experts | c5:bw=52,experts=[2,4,5,6,7]; c6:bw=22,experts=[2,4]; c7:bw=53,experts=[2,3,4,6,7]; c9:bw=17,experts=[4]; c8:bw=39,experts=[2,4,6]; c3:bw=70,experts=[0,2,3,4,5,6,7]; c4:bw=10,experts=[4]; c0:bw=46,experts=[2,4,6,7]; c1:bw=30,experts=[0,4,6]; c2:bw=54,experts=[2,3,4,6,7]
   48 | 0.01000 |   0.9536 |   37.66% |   44.56% |    0:11.76
      bandwidth/experts | c1:bw=50,experts=[2,4,5,6,7]; c8:bw=50,experts=[2,3,4,6,7]; c4:bw=67,experts=[2,3,4,5,6,7]; c2:bw=57,experts=[1,2,4,5,6]; c9:bw=52,experts=[2,4,5,6,7]; c6:bw=45,experts=[2,4,5,6]; c5:bw=55,experts=[2,3,4,6,7]; c7:bw=62,experts=[0,2,3,4,6,7]; c0:bw=16,experts=[4]; c3:bw=18,experts=[4]
   49 | 0.01000 |   0.9792 |   39.49% |   44.56% |    0:11.58
      bandwidth/experts | c4:bw=48,experts=[2,4,6,7]; c3:bw=32,experts=[2,4,6]; c8:bw=26,experts=[5,6]; c0:bw=20,experts=[0,4]; c2:bw=58,experts=[2,3,4,6,7]; c5:bw=56,experts=[0,2,4,6,7]; c6:bw=13,experts=[1]; c7:bw=44,experts=[2,4,6,7]; c9:bw=53,experts=[2,3,4,6,7]; c1:bw=54,experts=[2,3,4,6,7]
   50 | 0.01000 |   0.9181 |   39.08% |   44.56% |    0:11.53
      bandwidth/experts | c8:bw=32,experts=[1,4,6]; c4:bw=10,experts=[4]; c7:bw=34,experts=[1,4,6]; c6:bw=68,experts=[0,2,3,4,6,7]; c2:bw=63,experts=[2,3,4,5,6,7]; c1:bw=64,experts=[0,2,3,4,6,7]; c3:bw=39,experts=[1,4,6]; c0:bw=29,experts=[4,6]; c9:bw=27,experts=[1,4]; c5:bw=31,experts=[2,4,6]
   51 | 0.01000 |   0.9368 |   43.64% |   44.56% |    0:11.21
      bandwidth/experts | c5:bw=47,experts=[2,4,6,7]; c0:bw=53,experts=[1,2,4,6,7]; c1:bw=21,experts=[1,4]; c2:bw=20,experts=[4,6]; c8:bw=46,experts=[2,4,6,7]; c6:bw=52,experts=[2,3,4,6,7]; c9:bw=18,experts=[4]; c3:bw=55,experts=[2,3,4,6,7]; c4:bw=11,experts=[1]; c7:bw=27,experts=[4,6]
   52 | 0.01000 |   0.8981 |   43.71% |   44.56% |    0:11.13
      bandwidth/experts | c0:bw=46,experts=[2,4,5,6]; c8:bw=18,experts=[4]; c5:bw=24,experts=[4,6]; c7:bw=34,experts=[4,5,6]; c1:bw=40,experts=[2,4,6,7]; c4:bw=33,experts=[2,4,6]; c9:bw=31,experts=[2,4,6]; c6:bw=51,experts=[2,3,4,6,7]; c2:bw=29,experts=[4,6]; c3:bw=43,experts=[2,4,6,7]
   53 | 0.01000 |   0.8694 |   44.75% |   44.75% |    0:11.19
      bandwidth/experts | c8:bw=22,experts=[4,6]; c4:bw=28,experts=[4,6]; c5:bw=44,experts=[1,2,4,6]; c1:bw=59,experts=[2,3,4,6,7]; c3:bw=47,experts=[2,4,6,7]; c9:bw=61,experts=[0,2,3,4,6,7]; c6:bw=36,experts=[2,4,6]; c7:bw=44,experts=[2,4,6,7]; c0:bw=39,experts=[2,4,6]; c2:bw=51,experts=[2,3,4,6,7]
   54 | 0.01000 |   0.8567 |   42.92% |   44.75% |    0:11.39
      bandwidth/experts | c2:bw=10,experts=[0]; c1:bw=53,experts=[2,3,4,6,7]; c8:bw=55,experts=[0,2,4,6,7]; c7:bw=61,experts=[0,2,3,4,6,7]; c3:bw=30,experts=[2,4,6]; c0:bw=37,experts=[3,4,6]; c6:bw=54,experts=[2,3,4,6,7]; c5:bw=10,experts=[4]; c9:bw=50,experts=[2,3,4,6,7]; c4:bw=32,experts=[0,4,6]
   55 | 0.01000 |   0.8539 |   41.59% |   44.75% |    0:11.45
      bandwidth/experts | c7:bw=54,experts=[2,3,4,6,7]; c2:bw=41,experts=[2,4,6,7]; c4:bw=14,experts=[4]; c3:bw=52,experts=[0,2,4,5,6]; c8:bw=14,experts=[4]; c5:bw=53,experts=[2,4,5,6,7]; c1:bw=60,experts=[0,2,3,4,6,7]; c6:bw=42,experts=[2,4,6,7]; c0:bw=27,experts=[4,6]; c9:bw=62,experts=[2,3,4,5,6,7]
   56 | 0.01000 |   0.9252 |   40.91% |   44.75% |    0:11.33
      bandwidth/experts | c9:bw=52,experts=[2,3,4,6,7]; c1:bw=56,experts=[2,4,5,6,7]; c3:bw=10,experts=[4]; c2:bw=53,experts=[1,2,4,6,7]; c5:bw=31,experts=[3,4,6]; c4:bw=10,experts=[3]; c8:bw=13,experts=[3]; c7:bw=18,experts=[4]; c6:bw=23,experts=[4,5]; c0:bw=70,experts=[0,2,3,4,5,6,7]
   57 | 0.01000 |   0.8651 |   39.60% |   44.75% |    0:11.81
      bandwidth/experts | c3:bw=64,experts=[2,3,4,5,6,7]; c8:bw=43,experts=[2,4,5,6]; c6:bw=48,experts=[1,2,4,6]; c1:bw=49,experts=[2,4,6,7]; c7:bw=69,experts=[0,2,3,4,6,7]; c0:bw=70,experts=[0,2,3,4,5,6,7]; c5:bw=44,experts=[0,2,4,6]; c4:bw=41,experts=[4,5,6,7]; c2:bw=33,experts=[2,4,6]; c9:bw=19,experts=[4]
   58 | 0.01000 |   0.8307 |   33.46% |   44.75% |    0:11.44
      bandwidth/experts | c7:bw=24,experts=[1,4]; c2:bw=10,experts=[5]; c9:bw=57,experts=[1,2,4,6,7]; c6:bw=55,experts=[0,2,4,6,7]; c5:bw=35,experts=[2,4,6]; c1:bw=30,experts=[2,4,6]; c8:bw=40,experts=[1,2,4,6]; c4:bw=38,experts=[2,4,6]; c3:bw=61,experts=[1,2,3,4,6,7]; c0:bw=47,experts=[2,4,6,7]
   59 | 0.01000 |   0.8308 |   38.01% |   44.75% |    0:11.20
      bandwidth/experts | c2:bw=37,experts=[2,4,6]; c8:bw=56,experts=[2,3,4,6,7]; c9:bw=28,experts=[4,6]; c6:bw=19,experts=[4]; c1:bw=65,experts=[1,2,3,4,6,7]; c4:bw=26,experts=[1,4]; c7:bw=28,experts=[2,4]; c5:bw=32,experts=[2,4,6]; c0:bw=52,experts=[1,2,4,6,7]; c3:bw=35,experts=[2,4,6]
   60 | 0.01000 |   0.8226 |   43.05% |   44.75% |    0:11.27
      bandwidth/experts | c0:bw=53,experts=[2,3,4,6,7]; c7:bw=48,experts=[2,4,5,6]; c4:bw=30,experts=[2,4,6]; c2:bw=30,experts=[2,4,6]; c5:bw=33,experts=[2,4,6]; c8:bw=24,experts=[4,6]; c6:bw=59,experts=[2,3,4,6,7]; c9:bw=10,experts=[4]; c1:bw=54,experts=[2,3,4,6,7]; c3:bw=44,experts=[2,4,6,7]
   61 | 0.01000 |   0.8287 |   48.89% |   48.89% |    0:11.76
      bandwidth/experts | c5:bw=49,experts=[1,2,4,6]; c6:bw=37,experts=[2,4,6]; c2:bw=29,experts=[3,4]; c9:bw=38,experts=[0,4,6]; c1:bw=33,experts=[2,4,6]; c3:bw=43,experts=[2,4,6,7]; c8:bw=55,experts=[2,3,4,6,7]; c4:bw=38,experts=[2,4,6]; c7:bw=43,experts=[2,4,6,7]; c0:bw=60,experts=[0,2,3,4,6,7]
   62 | 0.01000 |   0.8117 |   44.98% |   48.89% |    0:11.44
      bandwidth/experts | c8:bw=13,experts=[0]; c6:bw=62,experts=[0,2,3,4,6,7]; c9:bw=16,experts=[4]; c4:bw=60,experts=[0,2,3,4,6,7]; c5:bw=67,experts=[0,2,3,4,6,7]; c0:bw=28,experts=[4,6]; c3:bw=53,experts=[2,3,4,6,7]; c2:bw=42,experts=[0,2,4,6]; c1:bw=75,experts=[0,2,3,4,5,6,7]; c7:bw=44,experts=[2,4,6,7]
   63 | 0.01000 |   0.8148 |   43.42% |   48.89% |    0:12.11
      bandwidth/experts | c5:bw=10,experts=[5]; c9:bw=21,experts=[4,5]; c6:bw=34,experts=[2,4,6]; c3:bw=52,experts=[0,2,4,6,7]; c8:bw=32,experts=[2,4,6]; c1:bw=50,experts=[2,3,4,6,7]; c7:bw=68,experts=[0,2,3,4,6,7]; c0:bw=41,experts=[2,4,6,7]; c2:bw=28,experts=[4,6]; c4:bw=52,experts=[2,3,4,6,7]
   64 | 0.01000 |   0.8068 |   42.16% |   48.89% |    0:11.97
      bandwidth/experts | c6:bw=50,experts=[2,4,5,6,7]; c4:bw=38,experts=[2,4,6]; c5:bw=24,experts=[4,6]; c3:bw=38,experts=[2,4,6]; c7:bw=34,experts=[2,4,6]; c0:bw=32,experts=[2,4,6]; c8:bw=53,experts=[2,3,4,6,7]; c9:bw=59,experts=[2,3,4,6,7]; c2:bw=56,experts=[1,2,4,6,7]; c1:bw=28,experts=[4,6]
   65 | 0.01000 |   0.8096 |   43.27% |   48.89% |    0:11.68
      bandwidth/experts | c7:bw=10,experts=[4]; c5:bw=29,experts=[4,6]; c4:bw=57,experts=[2,4,5,6,7]; c6:bw=50,experts=[1,2,4,6,7]; c8:bw=66,experts=[2,3,4,5,6,7]; c3:bw=42,experts=[2,4,5,6]; c0:bw=41,experts=[2,4,5,6]; c2:bw=28,experts=[4,6]; c1:bw=58,experts=[2,3,4,6,7]; c9:bw=47,experts=[2,4,6,7]
   66 | 0.01000 |   0.7890 |   42.54% |   48.89% |    0:11.43
      bandwidth/experts | c2:bw=41,experts=[2,4,5,6]; c5:bw=17,experts=[4]; c1:bw=54,experts=[2,3,4,6,7]; c8:bw=24,experts=[1,4]; c9:bw=31,experts=[1,4,6]; c6:bw=30,experts=[2,4,6]; c4:bw=41,experts=[2,4,6,7]; c0:bw=38,experts=[2,4,6]; c3:bw=66,experts=[1,2,3,4,6,7]; c7:bw=50,experts=[1,2,4,6,7]
   67 | 0.01000 |   0.7676 |   39.33% |   48.89% |    0:11.37
      bandwidth/experts | c4:bw=51,experts=[1,2,4,6,7]; c5:bw=48,experts=[2,4,6,7]; c1:bw=36,experts=[1,2,4]; c3:bw=25,experts=[4,6]; c6:bw=53,experts=[2,3,4,6,7]; c0:bw=32,experts=[1,4,6]; c2:bw=43,experts=[2,4,6,7]; c9:bw=60,experts=[0,2,3,4,6,7]; c7:bw=59,experts=[2,3,4,6,7]; c8:bw=10,experts=[4]
   68 | 0.01000 |   0.7681 |   41.56% |   48.89% |    0:11.54
      bandwidth/experts | c1:bw=42,experts=[2,4,6,7]; c8:bw=31,experts=[2,4,6]; c2:bw=58,experts=[2,3,4,6,7]; c0:bw=30,experts=[2,4,6]; c3:bw=26,experts=[4,6]; c4:bw=49,experts=[2,4,6,7]; c5:bw=45,experts=[2,4,6,7]; c9:bw=15,experts=[4]; c7:bw=28,experts=[4,5]; c6:bw=32,experts=[2,4,6]
   69 | 0.01000 |   0.7744 |   40.85% |   48.89% |    0:11.38
      bandwidth/experts | c3:bw=41,experts=[2,4,6,7]; c7:bw=58,experts=[2,3,4,6,7]; c1:bw=31,experts=[2,4,6]; c4:bw=41,experts=[2,4,6,7]; c9:bw=35,experts=[2,4,6]; c5:bw=39,experts=[1,4,6]; c0:bw=52,experts=[0,2,3,4,6]; c2:bw=66,experts=[2,3,4,5,6,7]; c8:bw=42,experts=[2,4,6,7]; c6:bw=26,experts=[2,4]
   70 | 0.01000 |   0.8154 |   40.54% |   48.89% |    0:11.83
      bandwidth/experts | c1:bw=24,experts=[0,5]; c9:bw=10,experts=[4]; c7:bw=28,experts=[4,6]; c3:bw=32,experts=[2,4,6]; c0:bw=30,experts=[2,4,6]; c6:bw=26,experts=[0,4]; c2:bw=55,experts=[0,2,4,6,7]; c4:bw=58,experts=[0,2,4,6,7]; c5:bw=23,experts=[0,3]; c8:bw=48,experts=[0,2,4,6]
   71 | 0.01000 |   0.7932 |   40.00% |   48.89% |    0:11.57
      bandwidth/experts | c4:bw=42,experts=[2,3,4,6]; c0:bw=16,experts=[7]; c1:bw=52,experts=[2,3,4,6,7]; c9:bw=40,experts=[2,4,5,6]; c7:bw=20,experts=[0,4]; c5:bw=33,experts=[4,5,6]; c3:bw=62,experts=[0,2,3,4,6,7]; c6:bw=50,experts=[2,3,4,6,7]; c8:bw=39,experts=[2,4,6]; c2:bw=61,experts=[2,3,4,5,6,7]
   72 | 0.01000 |   0.7971 |   42.12% |   48.89% |    0:11.15
      bandwidth/experts | c8:bw=30,experts=[2,4,6]; c1:bw=39,experts=[2,4,6]; c5:bw=43,experts=[2,4,6,7]; c7:bw=48,experts=[2,4,6,7]; c6:bw=19,experts=[5]; c0:bw=52,experts=[2,3,4,6,7]; c3:bw=23,experts=[4,6]; c2:bw=23,experts=[1,4]; c9:bw=38,experts=[2,4,6]; c4:bw=39,experts=[2,4,6]
   73 | 0.01000 |   0.7668 |   41.83% |   48.89% |    0:11.13
      bandwidth/experts | c2:bw=47,experts=[2,4,6,7]; c8:bw=11,experts=[3]; c3:bw=40,experts=[2,4,5,6]; c1:bw=66,experts=[2,3,4,5,6,7]; c5:bw=17,experts=[4]; c9:bw=52,experts=[2,3,4,6,7]; c0:bw=28,experts=[4,5]; c7:bw=37,experts=[2,4,6]; c6:bw=20,experts=[1,4]; c4:bw=41,experts=[2,4,5,6]
   74 | 0.01000 |   0.7713 |   41.65% |   48.89% |    0:11.28
      bandwidth/experts | c3:bw=10,experts=[1]; c0:bw=40,experts=[2,4,6,7]; c1:bw=28,experts=[2,4]; c5:bw=50,experts=[2,3,4,6,7]; c7:bw=65,experts=[1,2,3,4,6,7]; c8:bw=28,experts=[1,5]; c6:bw=10,experts=[4]; c2:bw=10,experts=[4]; c4:bw=47,experts=[2,4,6,7]; c9:bw=32,experts=[1,4,6]
   75 | 0.01000 |   0.7642 |   39.74% |   48.89% |    0:11.25
      bandwidth/experts | c2:bw=40,experts=[2,4,6,7]; c9:bw=61,experts=[0,2,3,4,6,7]; c1:bw=54,experts=[1,2,4,6,7]; c3:bw=20,experts=[4,6]; c7:bw=28,experts=[2,4]; c6:bw=56,experts=[2,3,4,6,7]; c5:bw=31,experts=[2,4,6]; c4:bw=56,experts=[1,2,4,6,7]; c0:bw=60,experts=[1,2,3,4,6,7]; c8:bw=53,experts=[2,3,4,6,7]
   76 | 0.01000 |   0.7739 |   39.74% |   48.89% |    0:11.41
      bandwidth/experts | c8:bw=29,experts=[4,6]; c5:bw=37,experts=[2,4,6]; c0:bw=31,experts=[2,4,6]; c3:bw=15,experts=[4]; c2:bw=25,experts=[4,6]; c6:bw=23,experts=[2,4]; c7:bw=66,experts=[2,3,4,5,6,7]; c4:bw=60,experts=[2,3,4,5,6,7]; c9:bw=57,experts=[2,3,4,6,7]; c1:bw=53,experts=[2,3,4,6,7]
   77 | 0.01000 |   0.7838 |   36.25% |   48.89% |    0:11.55
      bandwidth/experts | c9:bw=29,experts=[4,6]; c2:bw=34,experts=[2,4,6]; c1:bw=62,experts=[2,3,4,5,6,7]; c8:bw=10,experts=[4]; c4:bw=10,experts=[4]; c7:bw=10,experts=[4]; c6:bw=57,experts=[2,3,4,6,7]; c0:bw=63,experts=[0,2,3,4,6,7]; c3:bw=40,experts=[2,4,6,7]; c5:bw=59,experts=[1,2,4,6,7]
   78 | 0.01000 |   0.7716 |   37.16% |   48.89% |    0:11.54
      bandwidth/experts | c0:bw=26,experts=[2,4]; c4:bw=23,experts=[0,4]; c3:bw=38,experts=[2,4,6]; c7:bw=36,experts=[2,4,6]; c8:bw=54,experts=[0,2,4,6,7]; c1:bw=41,experts=[0,2,4,6]; c9:bw=31,experts=[2,4,6]; c6:bw=57,experts=[0,2,4,6,7]; c5:bw=63,experts=[0,2,3,4,6,7]; c2:bw=34,experts=[0,4,6]
   79 | 0.01000 |   0.7988 |   39.15% |   48.89% |    0:11.38
      bandwidth/experts | c6:bw=21,experts=[2,4]; c9:bw=10,experts=[5]; c0:bw=36,experts=[2,4,6]; c4:bw=80,experts=[0,1,2,3,4,5,6,7]; c7:bw=46,experts=[0,2,4,6]; c8:bw=44,experts=[2,4,6,7]; c5:bw=53,experts=[2,4,5,6,7]; c3:bw=26,experts=[0,3]; c1:bw=37,experts=[2,4,6]; c2:bw=33,experts=[3,4,5]
   80 | 0.01000 |   0.7596 |   42.83% |   48.89% |    0:11.29
      bandwidth/experts | c5:bw=65,experts=[2,3,4,5,6,7]; c9:bw=53,experts=[2,3,4,6,7]; c7:bw=48,experts=[2,4,6,7]; c1:bw=31,experts=[2,4,6]; c3:bw=31,experts=[2,4,6]; c4:bw=57,experts=[2,3,4,6,7]; c2:bw=44,experts=[1,2,4,6]; c0:bw=47,experts=[2,4,6,7]; c6:bw=39,experts=[2,4,5]; c8:bw=51,experts=[2,3,4,6,7]
   81 | 0.01000 |   0.7547 |   48.21% |   48.89% |    0:11.50
      bandwidth/experts | c6:bw=51,experts=[1,2,4,6,7]; c2:bw=45,experts=[2,4,6,7]; c3:bw=67,experts=[2,3,4,5,6,7]; c1:bw=49,experts=[2,4,6,7]; c4:bw=42,experts=[2,4,6,7]; c5:bw=30,experts=[2,4,6]; c9:bw=26,experts=[4,6]; c7:bw=58,experts=[2,3,4,6,7]; c8:bw=48,experts=[2,4,6,7]; c0:bw=50,experts=[2,4,5,6,7]
   82 | 0.01000 |   0.7520 |   46.60% |   48.89% |    0:11.45
      bandwidth/experts | c1:bw=64,experts=[0,2,3,4,6,7]; c0:bw=30,experts=[2,4,6]; c6:bw=36,experts=[2,4,6]; c8:bw=58,experts=[1,2,4,5,6]; c7:bw=40,experts=[1,2,4,6]; c3:bw=39,experts=[1,4,6]; c2:bw=30,experts=[2,4,6]; c9:bw=56,experts=[1,2,4,6,7]; c5:bw=40,experts=[2,4,6,7]; c4:bw=30,experts=[2,4,6]
   83 | 0.01000 |   0.7811 |   43.41% |   48.89% |    0:11.54
      bandwidth/experts | c9:bw=51,experts=[0,2,4,6,7]; c4:bw=10,experts=[6]; c2:bw=41,experts=[2,4,6,7]; c7:bw=37,experts=[2,4,6]; c5:bw=10,experts=[6]; c0:bw=10,experts=[1]; c6:bw=53,experts=[2,3,4,6,7]; c1:bw=63,experts=[1,2,3,4,6,7]; c8:bw=39,experts=[2,4,6]; c3:bw=42,experts=[2,4,6,7]
   84 | 0.01000 |   0.7635 |   42.19% |   48.89% |    0:11.43
      bandwidth/experts | c8:bw=67,experts=[2,3,4,5,6,7]; c3:bw=32,experts=[2,4,6]; c1:bw=58,experts=[2,3,4,6,7]; c6:bw=10,experts=[4]; c9:bw=20,experts=[4,6]; c2:bw=36,experts=[2,4,6]; c7:bw=47,experts=[2,4,5,6]; c5:bw=20,experts=[4,6]; c4:bw=27,experts=[4,6]; c0:bw=10,experts=[4]
   85 | 0.01000 |   0.7758 |   39.90% |   48.89% |    0:11.08
      bandwidth/experts | c0:bw=38,experts=[0,3,4]; c2:bw=45,experts=[2,4,6,7]; c8:bw=70,experts=[0,2,3,4,5,6,7]; c6:bw=42,experts=[2,4,6,7]; c1:bw=57,experts=[2,4,5,6,7]; c4:bw=42,experts=[2,4,6,7]; c9:bw=58,experts=[2,3,4,6,7]; c3:bw=51,experts=[2,3,4,6,7]; c5:bw=12,experts=[1]; c7:bw=11,experts=[4]
   86 | 0.01000 |   0.7612 |   36.14% |   48.89% |    0:11.29
      bandwidth/experts | c5:bw=47,experts=[0,2,4,6]; c8:bw=28,experts=[4,6]; c2:bw=24,experts=[0,4]; c6:bw=55,experts=[0,2,4,6,7]; c0:bw=30,experts=[2,4,6]; c4:bw=18,experts=[4]; c7:bw=44,experts=[2,4,6,7]; c3:bw=28,experts=[4,6]; c1:bw=72,experts=[0,2,3,4,5,6,7]; c9:bw=43,experts=[2,4,6,7]
   87 | 0.01000 |   0.7896 |   42.02% |   48.89% |    0:12.01
      bandwidth/experts | c1:bw=29,experts=[2,4]; c2:bw=67,experts=[2,3,4,5,6,7]; c7:bw=22,experts=[0,4]; c5:bw=10,experts=[4]; c6:bw=60,experts=[2,3,4,5,6,7]; c3:bw=68,experts=[0,2,3,4,6,7]; c4:bw=34,experts=[0,1,5]; c9:bw=37,experts=[4,5,6]; c8:bw=46,experts=[2,4,6,7]; c0:bw=35,experts=[2,4,6]
   88 | 0.01000 |   0.7718 |   46.02% |   48.89% |    0:11.46
      bandwidth/experts | c8:bw=43,experts=[2,4,6,7]; c6:bw=27,experts=[2,4]; c3:bw=33,experts=[2,4,6]; c7:bw=41,experts=[2,4,6,7]; c0:bw=62,experts=[0,2,3,4,6,7]; c4:bw=38,experts=[3,4,6]; c9:bw=31,experts=[2,4,6]; c1:bw=28,experts=[2,4]; c5:bw=30,experts=[3,4,5]; c2:bw=46,experts=[1,2,4,6]
   89 | 0.01000 |   0.7404 |   45.65% |   48.89% |    0:11.36
      bandwidth/experts | c3:bw=31,experts=[4,5,6]; c8:bw=74,experts=[0,2,3,4,5,6,7]; c2:bw=44,experts=[2,4,6,7]; c9:bw=60,experts=[0,2,3,4,6,7]; c7:bw=21,experts=[3,4]; c5:bw=46,experts=[2,4,6,7]; c0:bw=13,experts=[5]; c6:bw=32,experts=[1,2,4]; c4:bw=30,experts=[2,4,6]; c1:bw=41,experts=[2,4,6,7]
   90 | 0.01000 |   0.7420 |   47.42% |   48.89% |    0:11.80
      bandwidth/experts | c7:bw=72,experts=[0,1,2,3,4,6,7]; c1:bw=31,experts=[2,4,6]; c3:bw=36,experts=[1,4,6]; c9:bw=63,experts=[1,2,3,4,6,7]; c0:bw=64,experts=[0,2,3,4,6,7]; c6:bw=26,experts=[4,6]; c2:bw=21,experts=[4,6]; c5:bw=27,experts=[4,6]; c8:bw=50,experts=[1,2,4,6,7]; c4:bw=35,experts=[2,4,6]
   91 | 0.01000 |   0.7453 |   44.41% |   48.89% |    0:11.95
      bandwidth/experts | c1:bw=50,experts=[1,2,4,6,7]; c9:bw=35,experts=[2,4,6]; c5:bw=52,experts=[2,3,4,6,7]; c7:bw=51,experts=[2,3,4,6,7]; c3:bw=40,experts=[2,4,6,7]; c4:bw=54,experts=[2,3,4,6,7]; c0:bw=22,experts=[1,4]; c6:bw=29,experts=[2,4]; c2:bw=11,experts=[4]; c8:bw=23,experts=[4,6]
   92 | 0.01000 |   0.7627 |   42.44% |   48.89% |    0:11.80
      bandwidth/experts | c3:bw=28,experts=[4,6]; c7:bw=34,experts=[4,5,6]; c1:bw=20,experts=[2,4]; c0:bw=29,experts=[2,4]; c8:bw=19,experts=[4]; c6:bw=45,experts=[2,4,6,7]; c9:bw=56,experts=[2,3,4,6,7]; c2:bw=25,experts=[4,6]; c5:bw=66,experts=[0,2,3,4,6,7]; c4:bw=26,experts=[4,6]
   93 | 0.01000 |   0.7632 |   41.64% |   48.89% |    0:11.06
      bandwidth/experts | c1:bw=47,experts=[2,4,6,7]; c3:bw=31,experts=[2,4,6]; c7:bw=22,experts=[2,4]; c9:bw=58,experts=[2,3,4,6,7]; c6:bw=22,experts=[2,4]; c8:bw=10,experts=[4]; c5:bw=10,experts=[1]; c4:bw=32,experts=[2,4,6]; c0:bw=19,experts=[4]; c2:bw=51,experts=[2,3,4,6,7]
   94 | 0.01000 |   0.7588 |   42.11% |   48.89% |    0:11.20
      bandwidth/experts | c7:bw=45,experts=[2,4,6,7]; c2:bw=65,experts=[0,2,3,4,6,7]; c5:bw=41,experts=[2,4,6,7]; c4:bw=31,experts=[2,4,6]; c6:bw=30,experts=[0,2,4]; c9:bw=50,experts=[2,3,4,6,7]; c1:bw=70,experts=[0,2,3,4,5,6,7]; c8:bw=10,experts=[6]; c0:bw=55,experts=[2,3,4,6,7]; c3:bw=34,experts=[2,4,6]
   95 | 0.01000 |   0.7553 |   43.16% |   48.89% |    0:10.67
      bandwidth/experts | c7:bw=59,experts=[2,3,4,6,7]; c9:bw=42,experts=[2,4,5,6]; c4:bw=15,experts=[0]; c6:bw=40,experts=[2,3,4,5]; c0:bw=35,experts=[2,4,6]; c3:bw=41,experts=[0,3,4,6]; c1:bw=31,experts=[2,4,6]; c8:bw=76,experts=[0,2,3,4,5,6,7]; c2:bw=23,experts=[4,5]; c5:bw=10,experts=[6]
   96 | 0.01000 |   0.7284 |   43.56% |   48.89% |    0:10.70
      bandwidth/experts | c2:bw=65,experts=[1,2,3,4,6,7]; c9:bw=44,experts=[2,4,6,7]; c3:bw=46,experts=[2,4,6,7]; c1:bw=36,experts=[2,4,6]; c5:bw=60,experts=[2,3,4,5,6,7]; c4:bw=49,experts=[1,4,5,6]; c6:bw=31,experts=[2,4,6]; c7:bw=50,experts=[2,3,4,6,7]; c0:bw=36,experts=[2,4,6]; c8:bw=64,experts=[2,3,4,5,6,7]
   97 | 0.01000 |   0.7397 |   45.69% |   48.89% |    0:10.72
      bandwidth/experts | c0:bw=41,experts=[2,4,5,6]; c9:bw=43,experts=[0,2,4,6]; c8:bw=43,experts=[2,4,6,7]; c4:bw=16,experts=[6]; c7:bw=30,experts=[2,4,6]; c1:bw=50,experts=[2,3,4,6,7]; c3:bw=35,experts=[4,5,6]; c5:bw=46,experts=[2,4,6,7]; c6:bw=50,experts=[1,2,4,6,7]; c2:bw=54,experts=[2,3,4,6,7]
   98 | 0.01000 |   0.7397 |   42.96% |   48.89% |    0:10.87
      bandwidth/experts | c4:bw=52,experts=[2,3,4,6,7]; c8:bw=54,experts=[1,2,4,6,7]; c9:bw=27,experts=[1,4]; c7:bw=24,experts=[0,1]; c6:bw=36,experts=[2,4,6]; c5:bw=49,experts=[2,4,6,7]; c0:bw=33,experts=[0,2,4]; c3:bw=25,experts=[1,4]; c1:bw=26,experts=[2,4]; c2:bw=24,experts=[4,6]
   99 | 0.01000 |   0.7370 |   39.98% |   48.89% |    0:10.77
      bandwidth/experts | c8:bw=34,experts=[2,4,6]; c5:bw=49,experts=[2,4,6,7]; c7:bw=45,experts=[2,4,6,7]; c1:bw=59,experts=[1,2,4,6,7]; c3:bw=38,experts=[2,4,6]; c9:bw=20,experts=[4,6]; c4:bw=24,experts=[4,6]; c0:bw=40,experts=[1,2,4,6]; c2:bw=31,experts=[2,4,6]; c6:bw=35,experts=[2,4,6]
  100 | 0.01000 |   0.7700 |   42.64% |   48.89% |    0:10.27
      bandwidth/experts | c2:bw=30,experts=[2,4,6]; c8:bw=44,experts=[2,4,6,7]; c9:bw=53,experts=[2,3,4,6,7]; c5:bw=18,experts=[0]; c6:bw=44,experts=[2,4,6,7]; c1:bw=17,experts=[4]; c4:bw=65,experts=[2,3,4,5,6,7]; c7:bw=10,experts=[5]; c3:bw=42,experts=[2,4,6,7]; c0:bw=64,experts=[0,2,3,4,6,7]

Done. Best Acc: 48.89% @ round 61
Total time: 19:11.70
[Export] 实验目录: /userhome/cs3/duanty/FedMoE/results/exp01-stl10-resnet-e8-fedadam/20260922-011243
[Export] 每轮明细: /userhome/cs3/duanty/FedMoE/results/exp01-stl10-resnet-e8-fedadam/20260922-011243/rounds.xlsx
[Export] 总体摘要: /userhome/cs3/duanty/FedMoE/results/exp01-stl10-resnet-e8-fedadam/20260922-011243/summary.xlsx
[Plot] result = /userhome/cs3/duanty/FedMoE/results/exp01-stl10-resnet-e8-fedadam/20260922-011243
[Plot] figures -> /userhome/cs3/duanty/FedMoE/results/exp01-stl10-resnet-e8-fedadam/20260922-011243/figure
  fig01_test_accuracy.pdf
  fig02_train_loss.pdf
  fig03_acc_and_loss.pdf
  fig04_bandwidth_and_k.pdf
  fig05_expert_round_heatmap.pdf
  fig06_client_expert_heatmap.pdf
  fig07_expert_frequency.pdf
  fig08_time_breakdown.pdf
  fig09_accuracy_vs_communication.pdf
  fig10_overview.pdf
[Export] 图片目录: /userhome/cs3/duanty/FedMoE/results/exp01-stl10-resnet-e8-fedadam/20260922-011243/figure
