========================================
Job    : exp03-c100-resnet-n20-ours
Host   : gpu-4090-104
Date   : Wed Sep 23 18:11:50 HKT 2026
GPU    : 0
Python : /userhome/cs3/duanty/miniconda3/envs/moe/bin/python
Command: python -u main.py --method ours --dataset cifar100 --backbone resnet --select ours --merge ours --device cuda --num_experts 8 --num_clients 20 --bw_min 10 --bw_max -1 --output_dir ./results/exp03-c100-resnet-n20-ours
========================================

==================================================================
 Ours  
  Dataset=cifar100 | beta=0.1 | Backbone=resnet | width_mult=1 | Clients=20 | Experts=8
  Select=ours | Merge=ours
  Expert refresh N_ref=8
  Rounds=100 | LR=0.01
  Bandwidth: expert_bw=10 | bw=[10, 80] | Rayleigh-Shannon, SNR=10 dB | k=floor(bw/10)
==================================================================


[Partition] Dirichlet beta=0.1, 20 clients
  Client 0:   1405 samples | 32/100 classes
  Client 1:   3603 samples | 46/100 classes
  Client 2:   2517 samples | 40/100 classes
  Client 3:   1391 samples | 36/100 classes
  Client 4:   3256 samples | 47/100 classes
  Client 5:   1209 samples | 37/100 classes
  Client 6:   1933 samples | 40/100 classes
  Client 7:   3123 samples | 50/100 classes
  Client 8:   2179 samples | 40/100 classes
  Client 9:   2148 samples | 39/100 classes
  Client 10:   1150 samples | 43/100 classes
  Client 11:   2282 samples | 44/100 classes
  Client 12:   2387 samples | 37/100 classes
  Client 13:   4032 samples | 50/100 classes
  Client 14:   3805 samples | 45/100 classes
  Client 15:   2872 samples | 52/100 classes
  Client 16:   2032 samples | 41/100 classes
  Client 17:   2165 samples | 39/100 classes
  Client 18:   2968 samples | 45/100 classes
  Client 19:   3543 samples | 100/100 classes

[Upload] expert_bw=10 | available bw=[10, 80] | Rayleigh-Shannon, SNR=10 dB | upload k=floor(bw/10), cap=8 | probe gate scores, refresh stale experts, then train selected

[Model] Total params: 13,684,576

[Export] 本次实验目录: /userhome/cs3/duanty/FedMoE/results/exp03-c100-resnet-n20-ours/20260923-181154

Round |      LR |  AvgLoss |  TestAcc |     Best |  RoundTime
--------------------------------------------------------------------------------
    1 | 0.00208 |   3.8770 |    1.42% |    1.42% |    0:54.46
      bandwidth/experts | c0:bw=10,experts=[2]; c17:bw=34,experts=[2,4,6]; c15:bw=58,experts=[1,2,4,5,6]; c1:bw=29,experts=[2,4]; c8:bw=55,experts=[1,2,4,5,6]; c5:bw=44,experts=[1,2,4,6]; c11:bw=24,experts=[2,4]; c3:bw=51,experts=[1,2,4,5,6]; c18:bw=30,experts=[2,4,6]; c16:bw=48,experts=[1,2,4,6]; c13:bw=42,experts=[1,2,4,6]; c2:bw=29,experts=[2,4]; c9:bw=45,experts=[1,2,4,6]; c19:bw=40,experts=[1,2,4,6]; c4:bw=40,experts=[1,2,4,6]; c12:bw=23,experts=[2,4]; c7:bw=20,experts=[2,6]; c10:bw=22,experts=[2,4]; c14:bw=54,experts=[1,2,4,5,6]; c6:bw=41,experts=[1,2,4,6]
    2 | 0.00406 |   3.3810 |    3.50% |    3.50% |    0:50.94
      bandwidth/experts | c19:bw=53,experts=[0,1,4,5,6]; c16:bw=16,experts=[4]; c15:bw=62,experts=[0,1,2,4,5,6]; c5:bw=69,experts=[0,1,2,4,5,6]; c4:bw=30,experts=[0,4,6]; c12:bw=16,experts=[4]; c14:bw=26,experts=[4,6]; c7:bw=55,experts=[0,1,4,5,6]; c3:bw=67,experts=[0,1,2,4,5,6]; c6:bw=17,experts=[4]; c2:bw=22,experts=[4,6]; c9:bw=46,experts=[0,1,4,6]; c13:bw=54,experts=[0,1,4,5,6]; c10:bw=59,experts=[0,1,4,5,6]; c18:bw=24,experts=[4,6]; c8:bw=48,experts=[0,1,4,6]; c17:bw=51,experts=[0,1,4,5,6]; c11:bw=29,experts=[4,6]; c0:bw=36,experts=[0,4,6]; c1:bw=41,experts=[0,1,4,6]
    3 | 0.00604 |   3.2553 |    5.55% |    5.55% |    0:51.03
      bandwidth/experts | c10:bw=10,experts=[4]; c7:bw=33,experts=[0,4,6]; c0:bw=50,experts=[0,1,4,5,6]; c2:bw=42,experts=[0,4,5,6]; c5:bw=13,experts=[4]; c18:bw=40,experts=[0,4,5,6]; c16:bw=31,experts=[0,4,6]; c12:bw=37,experts=[0,4,6]; c4:bw=52,experts=[0,1,4,5,6]; c14:bw=53,experts=[0,1,4,5,6]; c15:bw=16,experts=[4]; c9:bw=48,experts=[0,4,5,6]; c1:bw=13,experts=[4]; c13:bw=54,experts=[0,1,4,5,6]; c11:bw=66,experts=[0,1,2,4,5,6]; c19:bw=24,experts=[4,6]; c3:bw=26,experts=[4,6]; c17:bw=41,experts=[0,4,5,6]; c6:bw=40,experts=[0,4,5,6]; c8:bw=30,experts=[0,4,6]
    4 | 0.00802 |   3.1827 |    7.37% |    7.37% |    0:51.28
      bandwidth/experts | c0:bw=59,experts=[0,1,4,5,6]; c18:bw=43,experts=[0,4,5,6]; c6:bw=53,experts=[0,1,4,5,6]; c8:bw=31,experts=[0,4,6]; c17:bw=39,experts=[0,4,6]; c11:bw=49,experts=[0,1,4,6]; c4:bw=56,experts=[0,1,4,5,6]; c9:bw=22,experts=[4,6]; c12:bw=63,experts=[0,1,2,4,5,6]; c10:bw=64,experts=[0,1,2,4,5,6]; c5:bw=73,experts=[0,1,2,4,5,6,7]; c19:bw=47,experts=[0,4,5,6]; c15:bw=24,experts=[4,6]; c7:bw=45,experts=[0,1,4,6]; c1:bw=40,experts=[0,4,5,6]; c3:bw=34,experts=[0,4,6]; c16:bw=45,experts=[0,4,5,6]; c13:bw=49,experts=[0,4,5,6]; c2:bw=60,experts=[0,1,2,4,5,6]; c14:bw=32,experts=[0,4,6]
    5 | 0.01000 |   3.1340 |    9.26% |    9.26% |    0:51.22
      bandwidth/experts | c5:bw=40,experts=[0,1,4,6]; c2:bw=10,experts=[4]; c10:bw=35,experts=[0,4,6]; c19:bw=19,experts=[4]; c0:bw=50,experts=[0,1,4,5,6]; c12:bw=55,experts=[0,1,4,5,6]; c9:bw=62,experts=[0,1,2,4,5,6]; c16:bw=32,experts=[0,4,6]; c1:bw=20,experts=[4,6]; c4:bw=48,experts=[0,1,4,6]; c17:bw=64,experts=[0,1,2,4,5,6]; c8:bw=37,experts=[0,4,6]; c11:bw=21,experts=[4,6]; c6:bw=53,experts=[0,1,4,5,6]; c18:bw=10,experts=[4]; c7:bw=24,experts=[4,6]; c14:bw=53,experts=[0,1,4,5,6]; c15:bw=45,experts=[0,1,4,6]; c13:bw=36,experts=[0,4,6]; c3:bw=63,experts=[0,1,2,4,5,6]
    6 | 0.01000 |   3.0751 |   10.61% |   10.61% |    0:51.41
      bandwidth/experts | c3:bw=36,experts=[0,4,6]; c1:bw=32,experts=[0,4,6]; c4:bw=17,experts=[4]; c5:bw=27,experts=[4,6]; c15:bw=33,experts=[0,4,6]; c16:bw=54,experts=[0,1,4,5,6]; c9:bw=48,experts=[0,1,4,6]; c10:bw=10,experts=[4]; c13:bw=15,experts=[4]; c2:bw=42,experts=[0,1,4,6]; c18:bw=40,experts=[0,1,4,6]; c19:bw=37,experts=[0,4,6]; c11:bw=31,experts=[0,4,6]; c17:bw=27,experts=[4,6]; c7:bw=58,experts=[0,1,4,5,6]; c8:bw=67,experts=[0,1,2,4,5,6]; c6:bw=20,experts=[4,6]; c0:bw=31,experts=[0,4,6]; c12:bw=62,experts=[0,1,2,4,5,6]; c14:bw=40,experts=[0,1,4,6]
    7 | 0.01000 |   3.0119 |   13.07% |   13.07% |    0:51.45
      bandwidth/experts | c13:bw=25,experts=[4,6]; c10:bw=17,experts=[4]; c12:bw=47,experts=[0,1,4,6]; c16:bw=53,experts=[0,1,2,4,6]; c9:bw=10,experts=[4]; c5:bw=49,experts=[0,1,4,6]; c3:bw=26,experts=[4,6]; c2:bw=40,experts=[0,1,4,6]; c4:bw=14,experts=[4]; c15:bw=39,experts=[0,4,6]; c14:bw=13,experts=[4]; c17:bw=41,experts=[0,1,4,6]; c0:bw=36,experts=[0,4,6]; c1:bw=10,experts=[4]; c11:bw=60,experts=[0,1,2,4,5,6]; c7:bw=31,experts=[0,4,6]; c18:bw=20,experts=[4,6]; c19:bw=54,experts=[0,1,2,4,6]; c8:bw=57,experts=[0,1,2,4,6]; c6:bw=13,experts=[4]
    8 | 0.01000 |   3.0019 |   15.20% |   15.20% |    0:51.62
      bandwidth/experts | c17:bw=56,experts=[0,3,4,6,7]; c18:bw=39,experts=[3,4,7]; c1:bw=58,experts=[1,3,4,6,7]; c5:bw=28,experts=[3,4]; c3:bw=37,experts=[3,4,7]; c15:bw=66,experts=[0,1,3,4,6,7]; c7:bw=15,experts=[3]; c11:bw=45,experts=[3,4,6,7]; c16:bw=45,experts=[3,4,6,7]; c8:bw=37,experts=[3,4,7]; c10:bw=51,experts=[1,3,4,6,7]; c12:bw=51,experts=[0,3,4,6,7]; c6:bw=41,experts=[3,4,6,7]; c9:bw=59,experts=[1,3,4,6,7]; c19:bw=31,experts=[3,4,7]; c0:bw=32,experts=[3,4,7]; c2:bw=54,experts=[0,3,4,6,7]; c13:bw=35,experts=[3,4,7]; c14:bw=59,experts=[0,3,4,6,7]; c4:bw=10,experts=[3]
    9 | 0.01000 |   2.8938 |   15.97% |   15.97% |    0:51.90
      bandwidth/experts | c17:bw=49,experts=[0,1,4,6]; c11:bw=28,experts=[4,6]; c7:bw=46,experts=[2,4,6,7]; c13:bw=41,experts=[0,2,4,6]; c0:bw=52,experts=[0,1,2,4,6]; c9:bw=26,experts=[4,6]; c4:bw=59,experts=[0,2,4,6,7]; c8:bw=18,experts=[4]; c1:bw=14,experts=[2]; c5:bw=52,experts=[0,1,2,4,6]; c2:bw=21,experts=[4,6]; c16:bw=41,experts=[0,4,5,6]; c19:bw=26,experts=[4,6]; c15:bw=36,experts=[0,4,6]; c3:bw=23,experts=[4,6]; c18:bw=53,experts=[0,1,2,4,6]; c10:bw=34,experts=[0,4,6]; c14:bw=37,experts=[2,4,6]; c12:bw=38,experts=[0,4,6]; c6:bw=31,experts=[2,4,6]
   10 | 0.01000 |   2.8393 |   19.48% |   19.48% |    0:51.89
      bandwidth/experts | c4:bw=37,experts=[2,4,6]; c9:bw=35,experts=[0,4,6]; c1:bw=41,experts=[0,1,4,6]; c15:bw=10,experts=[2]; c7:bw=37,experts=[1,4,6]; c5:bw=58,experts=[0,1,2,4,6]; c16:bw=44,experts=[0,1,4,6]; c2:bw=34,experts=[1,4,6]; c18:bw=28,experts=[4,6]; c3:bw=46,experts=[0,1,4,6]; c12:bw=52,experts=[0,2,4,5,6]; c17:bw=35,experts=[0,4,6]; c8:bw=35,experts=[0,4,6]; c14:bw=57,experts=[0,1,4,5,6]; c0:bw=59,experts=[0,1,4,5,6]; c13:bw=38,experts=[0,4,6]; c6:bw=65,experts=[0,1,2,4,5,6]; c10:bw=54,experts=[0,1,2,4,6]; c19:bw=43,experts=[0,1,4,6]; c11:bw=21,experts=[4,6]
   11 | 0.01000 |   2.7527 |   20.06% |   20.06% |    0:51.91
      bandwidth/experts | c2:bw=27,experts=[4,6]; c6:bw=55,experts=[0,1,2,4,6]; c16:bw=43,experts=[0,1,4,6]; c4:bw=16,experts=[4]; c17:bw=44,experts=[1,2,4,6]; c1:bw=40,experts=[0,1,4,6]; c13:bw=40,experts=[0,1,4,6]; c12:bw=20,experts=[4,6]; c19:bw=25,experts=[4,6]; c3:bw=50,experts=[0,1,2,4,6]; c8:bw=39,experts=[1,4,6]; c15:bw=44,experts=[1,4,5,6]; c5:bw=28,experts=[4,6]; c10:bw=35,experts=[1,4,6]; c14:bw=15,experts=[4]; c7:bw=44,experts=[0,1,4,6]; c11:bw=34,experts=[1,4,6]; c9:bw=33,experts=[1,4,6]; c18:bw=47,experts=[0,1,4,6]; c0:bw=28,experts=[4,6]
   12 | 0.01000 |   2.7006 |   21.62% |   21.62% |    0:52.28
      bandwidth/experts | c14:bw=29,experts=[4,6]; c3:bw=35,experts=[1,4,6]; c9:bw=42,experts=[0,2,4,6]; c18:bw=45,experts=[1,4,5,6]; c8:bw=55,experts=[1,2,4,5,6]; c11:bw=45,experts=[0,1,4,6]; c17:bw=39,experts=[1,4,6]; c6:bw=29,experts=[4,6]; c5:bw=56,experts=[1,4,5,6,7]; c12:bw=73,experts=[0,1,2,4,5,6,7]; c19:bw=31,experts=[4,5,6]; c13:bw=53,experts=[1,2,4,5,6]; c10:bw=62,experts=[0,1,2,4,5,6]; c15:bw=36,experts=[1,4,6]; c7:bw=30,experts=[1,4,6]; c0:bw=49,experts=[0,1,4,6]; c4:bw=28,experts=[4,5]; c16:bw=28,experts=[4,6]; c2:bw=57,experts=[1,2,4,5,6]; c1:bw=42,experts=[1,4,5,6]
   13 | 0.01000 |   2.7024 |   23.00% |   23.00% |    0:52.40
      bandwidth/experts | c9:bw=15,experts=[5]; c8:bw=15,experts=[4]; c6:bw=36,experts=[0,4,6]; c14:bw=70,experts=[0,1,2,4,5,6,7]; c13:bw=32,experts=[1,4,6]; c2:bw=16,experts=[4]; c19:bw=36,experts=[1,4,6]; c12:bw=42,experts=[0,2,4,6]; c1:bw=47,experts=[0,1,4,6]; c17:bw=55,experts=[0,1,4,5,6]; c4:bw=10,experts=[1]; c15:bw=38,experts=[1,4,6]; c18:bw=51,experts=[1,2,4,5,6]; c0:bw=25,experts=[4,6]; c16:bw=10,experts=[4]; c7:bw=58,experts=[0,1,2,4,6]; c10:bw=42,experts=[1,2,4,6]; c3:bw=30,experts=[4,5,6]; c5:bw=29,experts=[4,6]; c11:bw=52,experts=[0,1,2,4,6]
   14 | 0.01000 |   2.5959 |   25.33% |   25.33% |    0:52.34
      bandwidth/experts | c5:bw=64,experts=[0,1,2,4,5,6]; c11:bw=36,experts=[0,4,6]; c4:bw=10,experts=[4]; c19:bw=42,experts=[0,2,4,6]; c9:bw=32,experts=[0,4,6]; c1:bw=38,experts=[0,4,6]; c12:bw=43,experts=[0,4,5,6]; c10:bw=31,experts=[2,4,6]; c7:bw=25,experts=[4,5]; c0:bw=25,experts=[4,6]; c8:bw=21,experts=[4,6]; c13:bw=34,experts=[0,4,6]; c6:bw=67,experts=[0,1,2,4,5,6]; c17:bw=10,experts=[4]; c16:bw=19,experts=[4]; c14:bw=25,experts=[4,6]; c18:bw=63,experts=[0,1,2,4,5,6]; c3:bw=45,experts=[0,1,4,6]; c2:bw=45,experts=[0,2,4,6]; c15:bw=12,experts=[4]
   15 | 0.01000 |   2.5586 |   26.96% |   26.96% |    0:52.41
      bandwidth/experts | c14:bw=50,experts=[0,2,4,5,6]; c16:bw=29,experts=[2,4]; c19:bw=59,experts=[0,1,2,4,6]; c13:bw=60,experts=[0,1,2,4,5,6]; c4:bw=47,experts=[0,2,4,6]; c12:bw=10,experts=[4]; c5:bw=18,experts=[4]; c7:bw=59,experts=[0,1,2,4,6]; c10:bw=13,experts=[4]; c1:bw=14,experts=[4]; c0:bw=20,experts=[4,6]; c15:bw=10,experts=[4]; c3:bw=10,experts=[4]; c8:bw=52,experts=[0,1,2,4,6]; c18:bw=34,experts=[1,4,6]; c11:bw=55,experts=[0,1,4,5,6]; c6:bw=33,experts=[2,4,6]; c2:bw=53,experts=[0,1,2,4,6]; c9:bw=19,experts=[4]; c17:bw=47,experts=[0,2,4,6]
   16 | 0.01000 |   2.6990 |   26.01% |   26.96% |    0:52.94
      bandwidth/experts | c6:bw=40,experts=[3,4,6,7]; c11:bw=10,experts=[3]; c4:bw=35,experts=[3,4,6]; c1:bw=29,experts=[3,7]; c18:bw=12,experts=[3]; c9:bw=24,experts=[3,7]; c14:bw=29,experts=[3,4]; c13:bw=24,experts=[3,7]; c10:bw=22,experts=[3,7]; c0:bw=57,experts=[0,3,4,6,7]; c12:bw=14,experts=[3]; c5:bw=40,experts=[0,3,4,6]; c7:bw=22,experts=[3,4]; c3:bw=43,experts=[3,4,6,7]; c17:bw=43,experts=[3,4,6,7]; c16:bw=54,experts=[0,3,4,6,7]; c15:bw=48,experts=[3,4,6,7]; c2:bw=52,experts=[1,3,4,6,7]; c19:bw=62,experts=[0,3,4,5,6,7]; c8:bw=49,experts=[3,4,6,7]
   17 | 0.01000 |   2.5210 |   29.55% |   29.55% |    0:53.25
      bandwidth/experts | c14:bw=33,experts=[0,4,6]; c7:bw=25,experts=[4,7]; c12:bw=74,experts=[0,1,2,4,5,6,7]; c6:bw=39,experts=[0,4,6]; c11:bw=10,experts=[7]; c4:bw=58,experts=[2,4,5,6,7]; c16:bw=30,experts=[4,5,6]; c9:bw=37,experts=[0,4,6]; c10:bw=44,experts=[0,2,4,6]; c0:bw=11,experts=[2]; c3:bw=52,experts=[0,1,4,5,6]; c8:bw=10,experts=[4]; c18:bw=31,experts=[4,6,7]; c5:bw=10,experts=[4]; c19:bw=40,experts=[0,4,5,6]; c1:bw=29,experts=[2,4]; c13:bw=27,experts=[4,6]; c17:bw=11,experts=[4]; c2:bw=19,experts=[4]; c15:bw=50,experts=[0,1,4,5,6]
   18 | 0.01000 |   2.4379 |   31.49% |   31.49% |    0:53.23
      bandwidth/experts | c7:bw=55,experts=[0,1,4,5,6]; c3:bw=37,experts=[0,4,6]; c4:bw=56,experts=[1,2,4,5,6]; c18:bw=60,experts=[0,1,2,4,5,6]; c1:bw=10,experts=[4]; c12:bw=18,experts=[4]; c8:bw=10,experts=[4]; c9:bw=19,experts=[4]; c14:bw=40,experts=[0,1,4,6]; c17:bw=50,experts=[0,1,4,5,6]; c19:bw=33,experts=[0,4,6]; c13:bw=43,experts=[0,4,5,6]; c6:bw=31,experts=[0,4,6]; c5:bw=35,experts=[0,4,6]; c2:bw=37,experts=[0,4,6]; c10:bw=27,experts=[4,6]; c11:bw=57,experts=[0,1,2,4,6]; c15:bw=51,experts=[0,2,4,5,6]; c0:bw=49,experts=[0,4,5,6]; c16:bw=38,experts=[0,4,6]
   19 | 0.01000 |   2.4206 |   31.02% |   31.49% |    0:53.31
      bandwidth/experts | c8:bw=56,experts=[0,1,2,4,6]; c7:bw=22,experts=[4,6]; c1:bw=46,experts=[0,4,5,6]; c6:bw=66,experts=[0,1,2,4,5,6]; c9:bw=38,experts=[1,4,6]; c10:bw=35,experts=[0,4,6]; c11:bw=20,experts=[4,6]; c19:bw=37,experts=[0,4,6]; c13:bw=10,experts=[4]; c5:bw=29,experts=[4,6]; c17:bw=67,experts=[0,1,2,4,5,6]; c12:bw=54,experts=[0,1,4,5,6]; c18:bw=31,experts=[0,4,6]; c16:bw=13,experts=[1]; c3:bw=40,experts=[0,2,4,6]; c2:bw=14,experts=[4]; c15:bw=39,experts=[0,4,6]; c4:bw=51,experts=[0,2,4,5,6]; c0:bw=42,experts=[0,4,5,6]; c14:bw=30,experts=[0,4,6]
   20 | 0.01000 |   2.4405 |   33.78% |   33.78% |    0:53.15
      bandwidth/experts | c17:bw=48,experts=[0,4,5,6]; c4:bw=59,experts=[0,1,4,5,6]; c3:bw=18,experts=[4]; c10:bw=16,experts=[5]; c6:bw=68,experts=[0,1,2,4,5,6]; c13:bw=40,experts=[0,1,4,6]; c14:bw=30,experts=[0,4,6]; c11:bw=10,experts=[4]; c7:bw=43,experts=[0,1,4,6]; c16:bw=40,experts=[0,4,5,6]; c12:bw=44,experts=[0,4,5,6]; c5:bw=10,experts=[7]; c9:bw=17,experts=[2]; c8:bw=50,experts=[0,2,4,5,6]; c1:bw=40,experts=[0,1,4,6]; c15:bw=19,experts=[4]; c19:bw=48,experts=[0,1,4,6]; c18:bw=21,experts=[4,6]; c0:bw=28,experts=[1,4]; c2:bw=41,experts=[0,4,5,6]
   21 | 0.01000 |   2.3249 |   34.54% |   34.54% |    0:53.46
      bandwidth/experts | c13:bw=23,experts=[4,6]; c14:bw=31,experts=[4,6,7]; c15:bw=19,experts=[4]; c17:bw=35,experts=[1,4,6]; c3:bw=10,experts=[4]; c4:bw=48,experts=[0,4,5,6]; c18:bw=60,experts=[0,1,2,4,5,6]; c19:bw=58,experts=[0,1,2,4,6]; c2:bw=39,experts=[0,4,6]; c11:bw=23,experts=[4,6]; c12:bw=38,experts=[0,4,6]; c9:bw=25,experts=[4,5]; c6:bw=16,experts=[4]; c5:bw=32,experts=[0,4,6]; c10:bw=40,experts=[0,1,4,6]; c8:bw=18,experts=[4]; c0:bw=66,experts=[0,1,2,4,5,6]; c7:bw=12,experts=[4]; c16:bw=33,experts=[0,4,6]; c1:bw=41,experts=[0,1,4,6]
   22 | 0.01000 |   2.3113 |   35.21% |   35.21% |    0:53.72
      bandwidth/experts | c4:bw=36,experts=[4,5,6]; c19:bw=45,experts=[0,4,5,6]; c8:bw=33,experts=[0,4,6]; c17:bw=62,experts=[0,1,2,4,5,6]; c18:bw=15,experts=[4]; c5:bw=17,experts=[1]; c10:bw=10,experts=[4]; c16:bw=34,experts=[0,4,6]; c9:bw=33,experts=[0,4,6]; c1:bw=10,experts=[4]; c6:bw=61,experts=[0,1,2,4,5,6]; c2:bw=66,experts=[0,1,2,4,5,6]; c11:bw=43,experts=[0,4,5,6]; c14:bw=48,experts=[0,4,5,6]; c13:bw=34,experts=[1,4,6]; c15:bw=66,experts=[0,1,2,4,5,6]; c7:bw=16,experts=[4]; c0:bw=67,experts=[0,1,2,4,5,6]; c12:bw=64,experts=[0,1,2,4,5,6]; c3:bw=56,experts=[0,1,4,5,6]
   23 | 0.01000 |   2.2891 |   36.40% |   36.40% |    0:53.85
      bandwidth/experts | c2:bw=32,experts=[0,4,6]; c13:bw=54,experts=[0,1,2,4,6]; c1:bw=62,experts=[0,1,2,4,5,6]; c19:bw=21,experts=[4,6]; c8:bw=35,experts=[0,4,6]; c15:bw=29,experts=[4,6]; c3:bw=15,experts=[4]; c6:bw=10,experts=[4]; c18:bw=26,experts=[4,6]; c12:bw=26,experts=[4,6]; c7:bw=15,experts=[2]; c0:bw=11,experts=[4]; c4:bw=56,experts=[0,1,4,5,6]; c11:bw=52,experts=[0,1,4,5,6]; c10:bw=67,experts=[0,1,2,4,5,6]; c17:bw=70,experts=[0,1,2,4,5,6,7]; c14:bw=52,experts=[0,1,2,4,6]; c5:bw=52,experts=[0,2,4,5,6]; c9:bw=50,experts=[0,1,4,5,6]; c16:bw=56,experts=[0,2,4,5,6]
   24 | 0.01000 |   2.3744 |   37.10% |   37.10% |    0:53.95
      bandwidth/experts | c3:bw=10,experts=[3]; c14:bw=42,experts=[0,3,4,6]; c13:bw=50,experts=[3,4,5,6,7]; c5:bw=25,experts=[3,4]; c8:bw=18,experts=[3]; c10:bw=39,experts=[3,4,7]; c4:bw=12,experts=[3]; c17:bw=56,experts=[0,3,4,5,6]; c6:bw=30,experts=[3,4,7]; c16:bw=41,experts=[3,4,6,7]; c18:bw=72,experts=[0,1,2,3,4,5,6]; c0:bw=31,experts=[3,4,7]; c19:bw=55,experts=[3,4,5,6,7]; c9:bw=50,experts=[1,3,4,6,7]; c11:bw=10,experts=[3]; c1:bw=10,experts=[3]; c12:bw=37,experts=[3,4,6]; c15:bw=44,experts=[3,4,6,7]; c7:bw=10,experts=[3]; c2:bw=43,experts=[3,4,6,7]
   25 | 0.01000 |   2.2424 |   38.56% |   38.56% |    0:54.47
      bandwidth/experts | c18:bw=59,experts=[0,4,5,6,7]; c15:bw=29,experts=[4,6]; c3:bw=14,experts=[7]; c2:bw=12,experts=[4]; c12:bw=36,experts=[4,6,7]; c6:bw=16,experts=[4]; c9:bw=40,experts=[0,4,5,6]; c10:bw=25,experts=[4,6]; c16:bw=52,experts=[0,1,4,5,6]; c4:bw=58,experts=[0,4,5,6,7]; c7:bw=40,experts=[1,4,6,7]; c19:bw=57,experts=[0,1,4,5,6]; c5:bw=64,experts=[0,1,2,4,5,6]; c13:bw=56,experts=[0,1,4,5,6]; c1:bw=49,experts=[0,4,6,7]; c14:bw=26,experts=[4,6]; c17:bw=52,experts=[0,1,4,5,6]; c0:bw=56,experts=[0,1,4,5,6]; c11:bw=60,experts=[0,1,4,5,6,7]; c8:bw=55,experts=[0,4,5,6,7]
   26 | 0.01000 |   2.1933 |   39.54% |   39.54% |    0:54.23
      bandwidth/experts | c5:bw=20,experts=[4,6]; c7:bw=31,experts=[4,5,6]; c1:bw=33,experts=[1,4,6]; c2:bw=30,experts=[0,4,6]; c8:bw=53,experts=[0,1,4,5,6]; c16:bw=10,experts=[4]; c12:bw=41,experts=[0,4,5,6]; c6:bw=34,experts=[1,4,6]; c19:bw=15,experts=[4]; c10:bw=38,experts=[4,5,6]; c9:bw=50,experts=[0,1,4,5,6]; c14:bw=49,experts=[0,4,5,6]; c3:bw=44,experts=[0,4,5,6]; c0:bw=11,experts=[4]; c17:bw=32,experts=[4,5,6]; c11:bw=57,experts=[0,1,2,4,6]; c13:bw=16,experts=[4]; c4:bw=48,experts=[0,4,5,6]; c18:bw=10,experts=[4]; c15:bw=42,experts=[0,4,5,6]
   27 | 0.01000 |   2.1755 |   41.05% |   41.05% |    0:54.53
      bandwidth/experts | c10:bw=62,experts=[0,1,2,4,5,6]; c5:bw=37,experts=[0,4,6]; c14:bw=26,experts=[4,6]; c13:bw=57,experts=[0,1,4,5,6]; c12:bw=22,experts=[4,6]; c17:bw=36,experts=[0,4,6]; c6:bw=63,experts=[0,1,2,4,5,6]; c8:bw=55,experts=[0,1,4,5,6]; c11:bw=66,experts=[0,1,2,4,5,6]; c18:bw=18,experts=[4]; c19:bw=18,experts=[4]; c7:bw=51,experts=[0,1,4,5,6]; c0:bw=36,experts=[0,4,6]; c15:bw=46,experts=[0,4,5,6]; c2:bw=20,experts=[4,6]; c16:bw=20,experts=[4,6]; c9:bw=18,experts=[4]; c1:bw=62,experts=[0,1,2,4,5,6]; c3:bw=21,experts=[2,4]; c4:bw=12,experts=[2]
   28 | 0.01000 |   2.1337 |   41.47% |   41.47% |    0:54.44
      bandwidth/experts | c5:bw=33,experts=[4,6,7]; c6:bw=29,experts=[4,6]; c19:bw=33,experts=[0,4,6]; c8:bw=29,experts=[2,4]; c3:bw=12,experts=[4]; c14:bw=15,experts=[4]; c1:bw=25,experts=[4,6]; c7:bw=10,experts=[4]; c9:bw=49,experts=[0,2,4,6]; c15:bw=32,experts=[0,4,6]; c13:bw=31,experts=[4,5,6]; c4:bw=10,experts=[4]; c10:bw=40,experts=[0,4,5,6]; c18:bw=34,experts=[4,5,6]; c12:bw=42,experts=[0,4,5,6]; c16:bw=35,experts=[0,4,6]; c0:bw=47,experts=[0,4,5,6]; c2:bw=10,experts=[4]; c17:bw=48,experts=[0,1,4,6]; c11:bw=66,experts=[0,1,2,4,5,6]
   29 | 0.01000 |   2.1071 |   42.68% |   42.68% |    0:54.48
      bandwidth/experts | c12:bw=10,experts=[4]; c5:bw=33,experts=[4,5,6]; c4:bw=38,experts=[4,5,6]; c15:bw=70,experts=[0,1,2,4,5,6,7]; c8:bw=34,experts=[4,5,6]; c3:bw=32,experts=[0,4,6]; c14:bw=35,experts=[4,6,7]; c16:bw=48,experts=[0,4,5,6]; c18:bw=24,experts=[4,6]; c10:bw=10,experts=[4]; c11:bw=59,experts=[0,1,4,5,6]; c19:bw=39,experts=[2,4,6]; c7:bw=21,experts=[4,6]; c9:bw=44,experts=[0,4,5,6]; c0:bw=44,experts=[0,4,5,6]; c6:bw=43,experts=[0,4,5,6]; c2:bw=18,experts=[4]; c17:bw=59,experts=[0,1,4,5,6]; c1:bw=33,experts=[0,4,6]; c13:bw=13,experts=[4]
   30 | 0.01000 |   2.1686 |   43.09% |   43.09% |    0:54.52
      bandwidth/experts | c14:bw=49,experts=[0,4,5,6]; c19:bw=24,experts=[4,6]; c13:bw=27,experts=[4,6]; c16:bw=31,experts=[0,4,6]; c15:bw=22,experts=[4,6]; c5:bw=62,experts=[0,1,2,4,5,6]; c6:bw=11,experts=[4]; c11:bw=46,experts=[0,1,4,6]; c1:bw=35,experts=[0,4,6]; c17:bw=19,experts=[4]; c12:bw=24,experts=[1,2]; c0:bw=17,experts=[2]; c2:bw=27,experts=[1,2]; c7:bw=12,experts=[4]; c8:bw=41,experts=[0,1,4,6]; c4:bw=51,experts=[0,1,4,5,6]; c9:bw=54,experts=[0,1,4,5,6]; c18:bw=57,experts=[0,1,4,5,6]; c3:bw=59,experts=[0,1,4,5,6]; c10:bw=71,experts=[0,1,2,4,5,6,7]
   31 | 0.01000 |   2.0977 |   43.60% |   43.60% |    0:54.91
      bandwidth/experts | c1:bw=30,experts=[0,4,6]; c6:bw=29,experts=[4,6]; c11:bw=29,experts=[4,6]; c9:bw=45,experts=[0,1,4,6]; c19:bw=40,experts=[0,4,5,6]; c4:bw=19,experts=[4]; c7:bw=63,experts=[0,1,2,4,5,6]; c14:bw=61,experts=[0,1,2,4,5,6]; c15:bw=55,experts=[0,1,4,5,6]; c18:bw=58,experts=[0,1,4,5,6]; c10:bw=33,experts=[0,4,6]; c5:bw=62,experts=[0,1,2,4,5,6]; c17:bw=35,experts=[2,4,7]; c3:bw=24,experts=[4,6]; c13:bw=32,experts=[2,4,6]; c0:bw=47,experts=[0,4,5,6]; c16:bw=36,experts=[2,4,6]; c8:bw=33,experts=[0,4,6]; c2:bw=15,experts=[5]; c12:bw=35,experts=[0,4,6]
   32 | 0.01000 |   2.0878 |   44.51% |   44.51% |    0:54.82
      bandwidth/experts | c12:bw=49,experts=[0,3,4,6]; c19:bw=27,experts=[3,7]; c1:bw=21,experts=[3,4]; c5:bw=36,experts=[3,4,6]; c7:bw=47,experts=[3,4,5,6]; c0:bw=46,experts=[3,4,6,7]; c6:bw=27,experts=[3,7]; c9:bw=31,experts=[3,4,7]; c10:bw=22,experts=[3,4]; c17:bw=28,experts=[3,4]; c3:bw=28,experts=[3,4]; c8:bw=21,experts=[3,4]; c11:bw=27,experts=[3,4]; c2:bw=54,experts=[0,3,4,6,7]; c16:bw=48,experts=[3,4,6,7]; c4:bw=49,experts=[3,4,5,6]; c15:bw=36,experts=[3,4,6]; c14:bw=32,experts=[3,4,6]; c18:bw=35,experts=[2,3,4]; c13:bw=63,experts=[0,3,4,5,6,7]
   33 | 0.01000 |   2.0397 |   44.81% |   44.81% |    0:55.07
      bandwidth/experts | c16:bw=44,experts=[0,1,4,6]; c14:bw=37,experts=[1,4,6]; c11:bw=53,experts=[0,4,5,6,7]; c3:bw=70,experts=[0,1,2,4,5,6,7]; c7:bw=52,experts=[0,4,5,6,7]; c15:bw=24,experts=[4,6]; c5:bw=29,experts=[4,6]; c17:bw=59,experts=[0,1,4,5,6]; c0:bw=62,experts=[0,1,2,4,5,6]; c9:bw=42,experts=[0,4,5,6]; c8:bw=50,experts=[0,4,5,6,7]; c1:bw=34,experts=[4,6,7]; c18:bw=55,experts=[0,4,5,6,7]; c10:bw=46,experts=[1,4,5,6]; c12:bw=46,experts=[0,4,6,7]; c19:bw=25,experts=[1,4]; c2:bw=24,experts=[4,6]; c4:bw=45,experts=[4,5,6,7]; c13:bw=30,experts=[4,5,6]; c6:bw=37,experts=[0,4,6]
   34 | 0.01000 |   2.0174 |   46.11% |   46.11% |    0:55.11
      bandwidth/experts | c10:bw=26,experts=[4,6]; c14:bw=66,experts=[0,1,2,4,5,6]; c18:bw=29,experts=[4,6]; c9:bw=68,experts=[0,1,2,4,5,6]; c16:bw=54,experts=[0,1,4,5,6]; c8:bw=42,experts=[0,4,5,6]; c13:bw=57,experts=[0,1,4,5,6]; c6:bw=48,experts=[0,4,5,6]; c11:bw=52,experts=[0,1,4,5,6]; c3:bw=72,experts=[0,1,2,4,5,6,7]; c15:bw=10,experts=[4]; c0:bw=22,experts=[4,6]; c12:bw=24,experts=[4,6]; c7:bw=32,experts=[0,4,6]; c2:bw=54,experts=[0,1,4,5,6]; c5:bw=60,experts=[0,1,2,4,5,6]; c19:bw=50,experts=[0,1,4,5,6]; c4:bw=46,experts=[1,4,5,6]; c1:bw=46,experts=[0,4,5,6]; c17:bw=16,experts=[4]
   35 | 0.01000 |   2.0008 |   46.09% |   46.11% |    0:55.10
      bandwidth/experts | c10:bw=57,experts=[0,1,4,5,6]; c19:bw=22,experts=[4,6]; c8:bw=50,experts=[0,1,4,5,6]; c12:bw=22,experts=[4,6]; c5:bw=41,experts=[0,4,5,6]; c0:bw=20,experts=[4,6]; c13:bw=48,experts=[0,1,4,6]; c4:bw=33,experts=[2,4,6]; c7:bw=48,experts=[0,4,5,6]; c3:bw=24,experts=[4,6]; c15:bw=47,experts=[0,4,5,6]; c1:bw=31,experts=[1,2,4]; c14:bw=20,experts=[4,6]; c17:bw=32,experts=[0,4,6]; c2:bw=46,experts=[0,4,5,6]; c16:bw=10,experts=[4]; c9:bw=27,experts=[4,6]; c6:bw=44,experts=[1,2,4,6]; c11:bw=69,experts=[0,1,2,4,5,6]; c18:bw=51,experts=[0,1,4,5,6]
   36 | 0.01000 |   1.9861 |   46.64% |   46.64% |    0:54.93
      bandwidth/experts | c10:bw=56,experts=[0,1,4,5,6]; c8:bw=51,experts=[0,2,4,5,6]; c1:bw=10,experts=[4]; c18:bw=11,experts=[4]; c7:bw=27,experts=[4,6]; c6:bw=43,experts=[0,1,4,6]; c2:bw=50,experts=[0,1,4,5,6]; c3:bw=60,experts=[0,1,2,4,5,6]; c15:bw=68,experts=[0,1,2,4,5,6]; c14:bw=18,experts=[4]; c19:bw=48,experts=[0,1,4,6]; c4:bw=74,experts=[0,1,2,4,5,6,7]; c13:bw=47,experts=[0,4,5,6]; c12:bw=35,experts=[4,5,6]; c11:bw=33,experts=[4,5,6]; c9:bw=37,experts=[0,4,6]; c17:bw=49,experts=[0,4,5,6]; c5:bw=49,experts=[4,5,6,7]; c0:bw=36,experts=[0,4,6]; c16:bw=10,experts=[4]
   37 | 0.01000 |   1.9744 |   47.20% |   47.20% |    0:55.14
      bandwidth/experts | c7:bw=42,experts=[0,4,5,6]; c11:bw=63,experts=[0,1,2,4,5,6]; c15:bw=51,experts=[0,4,5,6,7]; c17:bw=56,experts=[0,1,4,5,6]; c9:bw=40,experts=[0,4,5,6]; c1:bw=18,experts=[4]; c3:bw=36,experts=[0,4,6]; c10:bw=58,experts=[0,1,4,5,6]; c19:bw=42,experts=[0,2,4,6]; c6:bw=65,experts=[0,1,2,4,5,6]; c2:bw=36,experts=[0,4,6]; c12:bw=49,experts=[0,1,4,6]; c5:bw=39,experts=[4,5,6]; c4:bw=39,experts=[1,4,6]; c0:bw=54,experts=[0,1,4,5,6]; c18:bw=10,experts=[4]; c14:bw=28,experts=[4,7]; c13:bw=12,experts=[4]; c16:bw=31,experts=[4,5,6]; c8:bw=10,experts=[4]
   38 | 0.01000 |   1.9739 |   47.99% |   47.99% |    0:55.30
      bandwidth/experts | c2:bw=10,experts=[2]; c12:bw=47,experts=[0,2,4,6]; c1:bw=31,experts=[1,4,6]; c9:bw=26,experts=[4,6]; c6:bw=17,experts=[4]; c18:bw=44,experts=[0,4,5,6]; c13:bw=63,experts=[0,1,2,4,5,6]; c14:bw=41,experts=[0,4,5,6]; c16:bw=38,experts=[4,5,6]; c11:bw=17,experts=[4]; c15:bw=12,experts=[4]; c0:bw=40,experts=[0,4,5,6]; c5:bw=10,experts=[4]; c10:bw=39,experts=[2,4,7]; c19:bw=61,experts=[0,1,2,4,5,6]; c8:bw=46,experts=[0,1,4,6]; c4:bw=52,experts=[0,1,4,5,6]; c17:bw=41,experts=[0,4,5,6]; c7:bw=51,experts=[0,1,4,5,6]; c3:bw=38,experts=[0,4,6]
   39 | 0.01000 |   1.9407 |   47.73% |   47.99% |    0:55.21
      bandwidth/experts | c3:bw=26,experts=[4,6]; c13:bw=49,experts=[0,4,5,6]; c2:bw=36,experts=[4,5,6]; c11:bw=51,experts=[0,1,4,5,6]; c15:bw=30,experts=[0,4,6]; c19:bw=18,experts=[4]; c0:bw=10,experts=[4]; c12:bw=49,experts=[0,4,5,6]; c6:bw=31,experts=[0,4,6]; c18:bw=25,experts=[4,6]; c10:bw=24,experts=[4,6]; c16:bw=29,experts=[2,4]; c7:bw=40,experts=[2,4,5,6]; c9:bw=24,experts=[4,6]; c1:bw=45,experts=[0,4,5,6]; c8:bw=45,experts=[0,4,5,6]; c14:bw=57,experts=[0,1,4,5,6]; c4:bw=36,experts=[0,4,6]; c17:bw=42,experts=[2,4,6,7]; c5:bw=75,experts=[0,1,2,4,5,6,7]
   40 | 0.01000 |   2.0097 |   48.33% |   48.33% |    0:55.41
      bandwidth/experts | c15:bw=22,experts=[3,4]; c3:bw=10,experts=[3]; c9:bw=40,experts=[3,4,6,7]; c14:bw=58,experts=[0,3,4,5,6]; c13:bw=32,experts=[3,4,7]; c7:bw=66,experts=[0,1,3,4,5,6]; c19:bw=23,experts=[3,7]; c11:bw=15,experts=[3]; c17:bw=30,experts=[3,4,6]; c5:bw=32,experts=[3,4,6]; c6:bw=46,experts=[3,4,6,7]; c4:bw=19,experts=[3]; c18:bw=38,experts=[2,3,4]; c2:bw=65,experts=[0,3,4,5,6,7]; c8:bw=26,experts=[3,4]; c1:bw=42,experts=[0,3,4,6]; c0:bw=36,experts=[3,4,7]; c12:bw=42,experts=[0,3,4,6]; c16:bw=29,experts=[3,7]; c10:bw=60,experts=[0,1,3,4,5,6]
   41 | 0.01000 |   1.9802 |   48.95% |   48.95% |    0:55.65
      bandwidth/experts | c14:bw=61,experts=[0,1,2,4,5,6]; c11:bw=41,experts=[0,4,6,7]; c5:bw=61,experts=[0,1,2,4,5,6]; c15:bw=24,experts=[4,6]; c6:bw=10,experts=[4]; c10:bw=42,experts=[0,4,5,6]; c1:bw=10,experts=[7]; c7:bw=68,experts=[0,1,4,5,6,7]; c17:bw=52,experts=[0,1,4,5,6]; c12:bw=18,experts=[7]; c3:bw=40,experts=[0,4,5,6]; c2:bw=54,experts=[0,1,4,5,6]; c0:bw=10,experts=[2]; c8:bw=57,experts=[0,4,5,6,7]; c13:bw=45,experts=[0,4,5,6]; c19:bw=19,experts=[4]; c16:bw=25,experts=[4,6]; c18:bw=10,experts=[7]; c9:bw=54,experts=[0,1,4,5,6]; c4:bw=50,experts=[0,1,4,5,6]
   42 | 0.01000 |   1.9244 |   49.53% |   49.53% |    0:55.65
      bandwidth/experts | c12:bw=22,experts=[4,6]; c9:bw=51,experts=[0,1,2,4,6]; c3:bw=48,experts=[0,4,6,7]; c7:bw=20,experts=[4,6]; c19:bw=63,experts=[0,1,2,4,5,6]; c1:bw=49,experts=[0,4,5,6]; c15:bw=31,experts=[0,4,6]; c14:bw=13,experts=[4]; c13:bw=33,experts=[0,4,6]; c6:bw=34,experts=[0,4,6]; c16:bw=10,experts=[0]; c8:bw=42,experts=[0,1,4,6]; c10:bw=15,experts=[4]; c4:bw=55,experts=[0,1,4,5,6]; c18:bw=14,experts=[4]; c5:bw=50,experts=[0,1,4,5,6]; c0:bw=15,experts=[4]; c11:bw=59,experts=[0,1,4,5,6]; c17:bw=32,experts=[0,4,6]; c2:bw=40,experts=[0,4,5,6]
   43 | 0.01000 |   1.8924 |   50.43% |   50.43% |    0:55.75
      bandwidth/experts | c4:bw=34,experts=[0,4,6]; c9:bw=32,experts=[0,4,6]; c7:bw=21,experts=[4,6]; c12:bw=10,experts=[4]; c11:bw=55,experts=[0,1,4,5,6]; c14:bw=66,experts=[0,1,2,4,5,6]; c6:bw=12,experts=[4]; c0:bw=21,experts=[4,6]; c18:bw=24,experts=[1,4]; c8:bw=45,experts=[0,1,4,6]; c3:bw=65,experts=[0,1,2,4,5,6]; c15:bw=14,experts=[4]; c2:bw=51,experts=[0,1,4,5,6]; c10:bw=37,experts=[0,4,6]; c13:bw=16,experts=[4]; c16:bw=21,experts=[1,4]; c19:bw=54,experts=[0,1,4,5,6]; c17:bw=47,experts=[0,4,5,6]; c5:bw=53,experts=[0,1,4,5,6]; c1:bw=58,experts=[0,2,4,5,6]
   44 | 0.01000 |   1.8942 |   50.04% |   50.43% |    0:55.70
      bandwidth/experts | c12:bw=40,experts=[0,4,5,6]; c15:bw=50,experts=[0,1,2,4,6]; c13:bw=28,experts=[4,6]; c6:bw=20,experts=[4,6]; c2:bw=37,experts=[0,4,6]; c17:bw=12,experts=[4]; c8:bw=34,experts=[2,4,6]; c10:bw=56,experts=[0,1,4,5,6]; c14:bw=65,experts=[0,1,2,4,5,6]; c5:bw=24,experts=[4,6]; c1:bw=45,experts=[0,4,5,6]; c4:bw=29,experts=[2,7]; c7:bw=75,experts=[0,1,2,4,5,6,7]; c19:bw=10,experts=[4]; c11:bw=16,experts=[4]; c0:bw=66,experts=[0,1,2,4,5,6]; c18:bw=54,experts=[0,1,4,5,6]; c16:bw=76,experts=[0,1,2,4,5,6,7]; c9:bw=37,experts=[0,4,6]; c3:bw=47,experts=[0,4,5,6]
   45 | 0.01000 |   1.8950 |   51.18% |   51.18% |    0:55.68
      bandwidth/experts | c12:bw=61,experts=[0,1,2,4,5,6]; c0:bw=36,experts=[0,4,6]; c11:bw=53,experts=[0,2,4,5,6]; c5:bw=44,experts=[0,4,5,6]; c6:bw=10,experts=[1]; c1:bw=56,experts=[0,1,2,4,6]; c4:bw=64,experts=[0,1,2,4,5,6]; c17:bw=10,experts=[4]; c9:bw=25,experts=[4,6]; c2:bw=49,experts=[0,4,5,6]; c8:bw=55,experts=[0,1,4,5,6]; c13:bw=53,experts=[0,1,4,5,6]; c19:bw=67,experts=[0,1,4,5,6,7]; c16:bw=54,experts=[0,1,4,5,6]; c3:bw=67,experts=[0,1,2,4,5,6]; c7:bw=36,experts=[1,4,6]; c18:bw=16,experts=[4]; c10:bw=42,experts=[0,4,5,6]; c15:bw=33,experts=[4,5,7]; c14:bw=41,experts=[0,4,6,7]
   46 | 0.01000 |   1.8596 |   51.46% |   51.46% |    0:55.62
      bandwidth/experts | c7:bw=28,experts=[4,6]; c3:bw=27,experts=[4,6]; c16:bw=28,experts=[4,6]; c14:bw=39,experts=[0,4,6]; c2:bw=57,experts=[0,1,2,4,6]; c6:bw=39,experts=[2,4,5]; c12:bw=53,experts=[0,1,4,5,6]; c10:bw=59,experts=[0,2,4,6,7]; c13:bw=50,experts=[0,2,4,5,6]; c15:bw=14,experts=[4]; c1:bw=41,experts=[0,1,4,6]; c18:bw=44,experts=[0,1,4,6]; c11:bw=38,experts=[0,4,6]; c8:bw=39,experts=[0,4,6]; c19:bw=10,experts=[4]; c0:bw=55,experts=[0,1,4,5,6]; c5:bw=41,experts=[0,4,5,6]; c9:bw=37,experts=[0,4,6]; c17:bw=15,experts=[4]; c4:bw=64,experts=[0,1,2,4,5,6]
   47 | 0.01000 |   1.8615 |   51.84% |   51.84% |    0:55.67
      bandwidth/experts | c11:bw=39,experts=[0,4,6]; c18:bw=10,experts=[4]; c10:bw=51,experts=[0,1,4,5,6]; c13:bw=33,experts=[0,4,6]; c15:bw=42,experts=[0,1,4,6]; c8:bw=39,experts=[0,4,6]; c4:bw=10,experts=[4]; c1:bw=30,experts=[0,4,6]; c14:bw=24,experts=[4,6]; c6:bw=22,experts=[4,6]; c9:bw=17,experts=[4]; c5:bw=52,experts=[0,4,5,6,7]; c17:bw=20,experts=[2,7]; c19:bw=28,experts=[4,6]; c12:bw=15,experts=[4]; c2:bw=54,experts=[0,1,4,5,6]; c16:bw=68,experts=[0,1,2,4,5,6]; c7:bw=53,experts=[0,1,4,5,6]; c0:bw=46,experts=[0,1,4,6]; c3:bw=70,experts=[0,1,2,4,5,6,7]
   48 | 0.01000 |   1.9295 |   51.39% |   51.84% |    0:55.91
      bandwidth/experts | c16:bw=10,experts=[3]; c7:bw=62,experts=[0,1,3,4,5,6]; c8:bw=50,experts=[0,3,4,5,6]; c17:bw=38,experts=[3,4,6]; c3:bw=18,experts=[3]; c4:bw=67,experts=[0,1,3,4,5,6]; c0:bw=16,experts=[3]; c6:bw=45,experts=[3,4,6,7]; c15:bw=64,experts=[0,1,3,4,5,6]; c19:bw=45,experts=[0,3,4,6]; c5:bw=55,experts=[0,3,4,5,6]; c9:bw=52,experts=[0,3,4,6,7]; c1:bw=50,experts=[0,3,4,5,6]; c12:bw=31,experts=[3,4,6]; c11:bw=32,experts=[3,4,6]; c18:bw=62,experts=[0,1,2,3,4,6]; c10:bw=12,experts=[3]; c13:bw=50,experts=[1,3,4,6,7]; c14:bw=10,experts=[3]; c2:bw=57,experts=[0,3,4,6,7]
   49 | 0.01000 |   1.8313 |   52.16% |   52.16% |    0:55.79
      bandwidth/experts | c7:bw=44,experts=[0,4,5,6]; c4:bw=48,experts=[1,4,5,6]; c0:bw=20,experts=[4,7]; c10:bw=64,experts=[0,1,2,4,5,6]; c17:bw=30,experts=[1,4,6]; c5:bw=56,experts=[0,2,4,5,6]; c15:bw=42,experts=[0,4,5,6]; c18:bw=32,experts=[4,6,7]; c1:bw=54,experts=[0,4,5,6,7]; c13:bw=39,experts=[1,4,6]; c2:bw=58,experts=[0,1,4,5,6]; c9:bw=53,experts=[0,1,4,5,6]; c14:bw=58,experts=[0,1,4,5,6]; c8:bw=26,experts=[4,7]; c3:bw=32,experts=[0,4,6]; c12:bw=37,experts=[4,6,7]; c19:bw=10,experts=[4]; c11:bw=38,experts=[4,6,7]; c6:bw=13,experts=[4]; c16:bw=30,experts=[0,4,6]
   50 | 0.01000 |   1.8247 |   52.51% |   52.51% |    0:55.71
      bandwidth/experts | c2:bw=63,experts=[0,1,2,4,5,6]; c6:bw=68,experts=[0,1,2,4,5,6]; c14:bw=23,experts=[4,6]; c12:bw=34,experts=[0,4,6]; c13:bw=37,experts=[0,4,6]; c17:bw=33,experts=[0,4,6]; c11:bw=57,experts=[0,1,4,5,6]; c0:bw=29,experts=[4,6]; c16:bw=27,experts=[4,6]; c15:bw=31,experts=[0,4,6]; c7:bw=34,experts=[0,4,6]; c10:bw=23,experts=[4,6]; c1:bw=64,experts=[0,1,2,4,5,6]; c19:bw=43,experts=[0,2,4,6]; c3:bw=39,experts=[1,4,6]; c5:bw=31,experts=[0,4,6]; c4:bw=10,experts=[4]; c8:bw=32,experts=[1,4,6]; c9:bw=27,experts=[2,4]; c18:bw=44,experts=[0,1,4,6]
   51 | 0.01000 |   1.8076 |   53.10% |   53.10% |    0:55.57
      bandwidth/experts | c0:bw=53,experts=[0,1,4,5,6]; c9:bw=18,experts=[4]; c11:bw=60,experts=[0,1,2,4,5,6]; c16:bw=30,experts=[0,4,6]; c13:bw=40,experts=[0,1,4,6]; c19:bw=10,experts=[4]; c17:bw=43,experts=[0,4,5,6]; c1:bw=21,experts=[4,6]; c5:bw=47,experts=[0,1,4,6]; c12:bw=43,experts=[0,4,5,6]; c18:bw=37,experts=[1,4,6]; c4:bw=11,experts=[4]; c7:bw=27,experts=[4,6]; c14:bw=30,experts=[0,4,6]; c2:bw=20,experts=[4,6]; c6:bw=52,experts=[0,1,4,5,6]; c8:bw=46,experts=[0,4,5,6]; c10:bw=37,experts=[1,4,6]; c3:bw=55,experts=[0,1,4,5,6]; c15:bw=57,experts=[0,1,4,5,6]
   52 | 0.01000 |   1.8143 |   53.19% |   53.19% |    0:55.62
      bandwidth/experts | c6:bw=51,experts=[0,1,4,5,6]; c17:bw=19,experts=[4]; c15:bw=31,experts=[2,4,6]; c8:bw=18,experts=[2]; c0:bw=46,experts=[0,2,4,6]; c19:bw=46,experts=[0,1,4,6]; c12:bw=10,experts=[4]; c3:bw=43,experts=[0,1,4,6]; c13:bw=23,experts=[4,6]; c18:bw=49,experts=[0,4,5,6]; c4:bw=33,experts=[4,6,7]; c11:bw=60,experts=[0,1,2,4,5,6]; c2:bw=29,experts=[4,6]; c9:bw=31,experts=[0,4,6]; c7:bw=34,experts=[2,4,7]; c10:bw=31,experts=[0,4,6]; c14:bw=42,experts=[0,2,4,6]; c1:bw=40,experts=[0,4,5,6]; c5:bw=24,experts=[4,6]; c16:bw=59,experts=[0,1,4,6,7]
   53 | 0.01000 |   1.7976 |   53.20% |   53.20% |    0:55.83
      bandwidth/experts | c11:bw=11,experts=[4]; c9:bw=61,experts=[0,1,2,4,5,6]; c8:bw=22,experts=[4,6]; c12:bw=45,experts=[0,2,4,6]; c6:bw=36,experts=[0,4,6]; c15:bw=27,experts=[4,7]; c7:bw=44,experts=[0,1,4,6]; c1:bw=59,experts=[0,1,4,5,6]; c16:bw=44,experts=[0,4,5,6]; c18:bw=17,experts=[4]; c2:bw=51,experts=[0,1,4,5,6]; c19:bw=10,experts=[5]; c3:bw=47,experts=[0,1,4,6]; c10:bw=52,experts=[0,1,4,5,6]; c17:bw=28,experts=[4,6]; c4:bw=28,experts=[4,6]; c5:bw=44,experts=[0,4,5,6]; c13:bw=10,experts=[4]; c0:bw=39,experts=[0,4,6]; c14:bw=34,experts=[4,6,7]
   54 | 0.01000 |   1.8042 |   53.73% |   53.73% |    0:55.79
      bandwidth/experts | c11:bw=58,experts=[0,1,2,4,6]; c13:bw=55,experts=[1,2,4,5,6]; c3:bw=30,experts=[0,4,6]; c18:bw=33,experts=[0,4,6]; c16:bw=10,experts=[4]; c14:bw=33,experts=[0,4,6]; c9:bw=50,experts=[0,1,4,5,6]; c12:bw=74,experts=[0,1,2,4,5,6,7]; c2:bw=10,experts=[4]; c6:bw=54,experts=[0,1,4,5,6]; c5:bw=10,experts=[4]; c19:bw=21,experts=[4,7]; c10:bw=10,experts=[7]; c15:bw=32,experts=[0,4,6]; c17:bw=27,experts=[4,6]; c8:bw=55,experts=[0,1,4,5,6]; c4:bw=32,experts=[2,4,6]; c0:bw=37,experts=[0,4,6]; c1:bw=53,experts=[0,1,4,5,6]; c7:bw=61,experts=[0,1,2,4,5,6]
   55 | 0.01000 |   1.7707 |   54.17% |   54.17% |    0:55.86
      bandwidth/experts | c17:bw=39,experts=[2,4,7]; c9:bw=62,experts=[0,1,2,4,5,6]; c6:bw=42,experts=[0,1,4,6]; c13:bw=24,experts=[4,6]; c14:bw=33,experts=[0,4,6]; c19:bw=60,experts=[0,1,2,4,5,6]; c3:bw=52,experts=[0,2,4,6,7]; c16:bw=57,experts=[0,2,4,5,6]; c4:bw=14,experts=[4]; c18:bw=70,experts=[0,1,2,4,5,6,7]; c12:bw=62,experts=[0,1,2,4,5,6]; c5:bw=53,experts=[0,1,4,6,7]; c7:bw=54,experts=[0,1,4,5,6]; c0:bw=27,experts=[4,6]; c15:bw=30,experts=[0,4,6]; c2:bw=41,experts=[0,1,4,6]; c11:bw=40,experts=[0,1,4,6]; c1:bw=60,experts=[0,1,2,4,5,6]; c8:bw=14,experts=[4]; c10:bw=57,experts=[0,1,4,5,6]
   56 | 0.01000 |   1.8706 |   52.47% |   54.17% |    0:55.64
      bandwidth/experts | c19:bw=10,experts=[3]; c14:bw=42,experts=[0,3,4,6]; c17:bw=10,experts=[3]; c15:bw=35,experts=[3,4,6]; c10:bw=20,experts=[3,4]; c0:bw=70,experts=[0,1,2,3,4,5,6]; c5:bw=31,experts=[3,4,6]; c4:bw=10,experts=[0]; c2:bw=53,experts=[0,3,4,6,7]; c11:bw=26,experts=[3,4]; c6:bw=23,experts=[3,7]; c16:bw=42,experts=[0,3,4,6]; c7:bw=18,experts=[3]; c1:bw=56,experts=[0,1,3,4,6]; c8:bw=13,experts=[3]; c9:bw=52,experts=[0,3,4,6,7]; c12:bw=38,experts=[3,4,6]; c3:bw=10,experts=[3]; c13:bw=18,experts=[3]; c18:bw=54,experts=[0,1,3,4,6]
   57 | 0.01000 |   1.7540 |   54.77% |   54.77% |    0:55.70
      bandwidth/experts | c15:bw=36,experts=[0,4,6]; c10:bw=58,experts=[0,1,2,4,6]; c8:bw=43,experts=[0,4,6,7]; c0:bw=70,experts=[0,1,2,4,5,6,7]; c4:bw=41,experts=[1,3,4,5]; c3:bw=64,experts=[0,1,2,4,5,6]; c18:bw=44,experts=[0,1,4,6]; c9:bw=19,experts=[4]; c17:bw=52,experts=[0,1,4,5,6]; c12:bw=17,experts=[4]; c11:bw=26,experts=[4,7]; c5:bw=44,experts=[0,2,4,6]; c19:bw=44,experts=[0,1,4,6]; c6:bw=48,experts=[0,1,4,6]; c2:bw=33,experts=[0,4,6]; c16:bw=33,experts=[0,4,6]; c7:bw=69,experts=[0,1,2,4,5,6]; c13:bw=31,experts=[4,6,7]; c1:bw=49,experts=[0,4,6,7]; c14:bw=36,experts=[1,4,5]
   58 | 0.01000 |   1.7666 |   54.74% |   54.77% |    0:55.75
      bandwidth/experts | c11:bw=47,experts=[0,1,4,6]; c14:bw=22,experts=[4,6]; c12:bw=29,experts=[4,6]; c7:bw=24,experts=[4,6]; c8:bw=40,experts=[0,1,4,6]; c13:bw=40,experts=[0,1,4,6]; c15:bw=38,experts=[0,4,6]; c2:bw=10,experts=[2]; c16:bw=42,experts=[0,1,4,6]; c9:bw=57,experts=[0,1,4,5,6]; c1:bw=30,experts=[0,4,6]; c18:bw=50,experts=[0,1,4,5,6]; c19:bw=43,experts=[0,4,5,6]; c17:bw=12,experts=[4]; c6:bw=55,experts=[0,2,4,5,6]; c10:bw=43,experts=[0,1,4,6]; c4:bw=38,experts=[0,4,6]; c0:bw=47,experts=[0,1,4,6]; c5:bw=35,experts=[0,4,6]; c3:bw=61,experts=[0,1,2,4,5,6]
   59 | 0.01000 |   1.7420 |   55.32% |   55.32% |    0:55.65
      bandwidth/experts | c6:bw=19,experts=[4]; c5:bw=32,experts=[0,4,6]; c0:bw=52,experts=[0,1,4,5,6]; c16:bw=23,experts=[4,6]; c8:bw=56,experts=[0,1,4,5,6]; c15:bw=50,experts=[0,1,4,5,6]; c17:bw=55,experts=[0,1,4,5,6]; c13:bw=13,experts=[4]; c9:bw=28,experts=[4,6]; c2:bw=37,experts=[0,4,6]; c10:bw=26,experts=[4,6]; c1:bw=65,experts=[0,1,2,4,5,6]; c11:bw=34,experts=[0,4,6]; c3:bw=35,experts=[0,4,6]; c18:bw=10,experts=[4]; c19:bw=14,experts=[4]; c4:bw=26,experts=[4,6]; c7:bw=28,experts=[4,6]; c14:bw=40,experts=[0,1,4,6]; c12:bw=47,experts=[0,1,4,6]
   60 | 0.01000 |   1.7352 |   55.65% |   55.65% |    0:55.78
      bandwidth/experts | c4:bw=30,experts=[4,6,7]; c8:bw=24,experts=[2,4]; c13:bw=59,experts=[0,1,4,5,6]; c15:bw=51,experts=[0,2,4,5,6]; c2:bw=30,experts=[0,4,6]; c3:bw=44,experts=[0,4,5,6]; c11:bw=40,experts=[1,4,5,6]; c0:bw=53,experts=[0,1,4,5,6]; c1:bw=54,experts=[0,1,4,5,6]; c14:bw=42,experts=[0,2,4,6]; c12:bw=16,experts=[4]; c19:bw=60,experts=[0,1,2,4,5,6]; c18:bw=26,experts=[4,6]; c6:bw=59,experts=[0,1,4,5,6]; c17:bw=39,experts=[0,4,6]; c16:bw=63,experts=[0,1,4,5,6,7]; c5:bw=33,experts=[0,4,6]; c7:bw=48,experts=[0,4,6,7]; c9:bw=10,experts=[4]; c10:bw=10,experts=[4]
   61 | 0.01000 |   1.7351 |   55.93% |   55.93% |    0:56.01
      bandwidth/experts | c3:bw=43,experts=[0,4,5,6]; c6:bw=37,experts=[0,4,6]; c1:bw=33,experts=[0,4,6]; c13:bw=34,experts=[0,4,6]; c19:bw=52,experts=[0,1,4,5,6]; c0:bw=60,experts=[0,1,2,4,5,6]; c10:bw=11,experts=[4]; c15:bw=16,experts=[7]; c12:bw=27,experts=[4,6]; c18:bw=50,experts=[0,1,4,5,6]; c2:bw=29,experts=[4,5]; c5:bw=49,experts=[0,4,5,6]; c8:bw=55,experts=[0,1,4,5,6]; c17:bw=46,experts=[1,4,5,6]; c14:bw=38,experts=[4,6,7]; c11:bw=39,experts=[0,4,6]; c16:bw=38,experts=[0,4,6]; c9:bw=38,experts=[0,4,6]; c7:bw=43,experts=[0,1,4,6]; c4:bw=38,experts=[0,4,6]
   62 | 0.01000 |   1.7428 |   56.10% |   56.10% |    0:55.87
      bandwidth/experts | c10:bw=21,experts=[4,7]; c6:bw=62,experts=[0,1,2,4,5,6]; c5:bw=67,experts=[0,1,2,4,5,6]; c17:bw=19,experts=[4]; c2:bw=42,experts=[0,4,5,6]; c18:bw=26,experts=[4,6]; c1:bw=75,experts=[0,1,2,4,5,6,7]; c12:bw=11,experts=[7]; c11:bw=36,experts=[2,4,6]; c19:bw=42,experts=[0,4,6,7]; c9:bw=16,experts=[4]; c13:bw=30,experts=[2,4,6]; c15:bw=46,experts=[0,1,4,6]; c8:bw=13,experts=[4]; c16:bw=26,experts=[4,6]; c4:bw=60,experts=[0,1,2,4,5,6]; c14:bw=14,experts=[4]; c7:bw=44,experts=[0,4,5,6]; c0:bw=28,experts=[4,6]; c3:bw=53,experts=[0,1,4,5,6]
   63 | 0.01000 |   1.7288 |   56.50% |   56.50% |    0:55.97
      bandwidth/experts | c13:bw=58,experts=[0,1,4,5,6]; c9:bw=21,experts=[2,4]; c16:bw=58,experts=[0,1,2,4,6]; c8:bw=32,experts=[0,4,6]; c4:bw=52,experts=[0,1,4,5,6]; c3:bw=52,experts=[0,4,5,6,7]; c11:bw=45,experts=[0,4,5,6]; c7:bw=68,experts=[0,1,2,4,5,6]; c18:bw=47,experts=[2,4,6,7]; c2:bw=28,experts=[1,4]; c12:bw=51,experts=[0,2,4,5,6]; c0:bw=41,experts=[0,1,4,6]; c14:bw=41,experts=[0,4,5,6]; c15:bw=61,experts=[0,1,2,4,5,6]; c19:bw=34,experts=[0,4,6]; c17:bw=37,experts=[2,4,7]; c6:bw=34,experts=[0,4,6]; c1:bw=50,experts=[0,1,4,5,6]; c5:bw=10,experts=[7]; c10:bw=27,experts=[4,5]
   64 | 0.01000 |   1.7404 |   56.09% |   56.50% |    0:55.93
      bandwidth/experts | c11:bw=57,experts=[0,1,3,4,6]; c9:bw=59,experts=[0,3,4,6,7]; c2:bw=56,experts=[0,3,4,6,7]; c1:bw=28,experts=[3,4]; c4:bw=38,experts=[0,4,6]; c13:bw=42,experts=[0,3,4,6]; c18:bw=37,experts=[3,4,6]; c12:bw=27,experts=[3,4]; c7:bw=34,experts=[3,4,6]; c19:bw=10,experts=[3]; c5:bw=24,experts=[3,4]; c14:bw=46,experts=[0,3,4,6]; c15:bw=59,experts=[0,3,4,5,6]; c8:bw=53,experts=[0,3,4,5,6]; c3:bw=38,experts=[3,4,6]; c0:bw=32,experts=[3,4,6]; c6:bw=50,experts=[0,3,4,6,7]; c16:bw=16,experts=[3]; c17:bw=10,experts=[3]; c10:bw=49,experts=[0,3,4,6]
   65 | 0.01000 |   1.7064 |   56.86% |   56.86% |    0:55.82
      bandwidth/experts | c19:bw=28,experts=[4,6]; c8:bw=66,experts=[0,1,4,5,6,7]; c6:bw=50,experts=[0,1,4,5,6]; c4:bw=57,experts=[0,3,4,5,6]; c11:bw=10,experts=[7]; c9:bw=47,experts=[0,4,5,6]; c17:bw=26,experts=[4,6]; c3:bw=42,experts=[0,4,5,6]; c5:bw=29,experts=[4,6]; c10:bw=26,experts=[2,4]; c13:bw=48,experts=[0,4,6,7]; c14:bw=45,experts=[0,1,4,6]; c0:bw=41,experts=[0,4,6,7]; c1:bw=58,experts=[0,1,4,5,6]; c2:bw=28,experts=[4,6]; c7:bw=10,experts=[4]; c15:bw=38,experts=[0,4,6]; c12:bw=44,experts=[0,4,5,6]; c16:bw=45,experts=[0,4,5,6]; c18:bw=18,experts=[4]
   66 | 0.01000 |   1.7024 |   56.92% |   56.92% |    0:55.93
      bandwidth/experts | c7:bw=50,experts=[0,1,4,5,6]; c8:bw=24,experts=[4,6]; c3:bw=66,experts=[0,1,2,4,5,6]; c15:bw=50,experts=[0,1,4,5,6]; c5:bw=17,experts=[4]; c12:bw=42,experts=[0,1,4,6]; c4:bw=41,experts=[0,1,4,6]; c16:bw=59,experts=[0,1,4,5,6]; c14:bw=23,experts=[4,6]; c10:bw=46,experts=[0,1,4,6]; c19:bw=56,experts=[0,1,4,5,6]; c0:bw=38,experts=[0,4,6]; c11:bw=10,experts=[4]; c1:bw=54,experts=[0,1,4,5,6]; c13:bw=32,experts=[0,4,6]; c18:bw=24,experts=[4,6]; c17:bw=35,experts=[0,4,6]; c9:bw=31,experts=[1,4,6]; c2:bw=41,experts=[0,2,4,6]; c6:bw=30,experts=[0,4,6]
   67 | 0.01000 |   1.6862 |   56.83% |   56.92% |    0:56.05
      bandwidth/experts | c6:bw=53,experts=[0,1,4,5,6]; c17:bw=48,experts=[0,1,4,6]; c13:bw=39,experts=[0,4,6]; c18:bw=31,experts=[0,4,6]; c8:bw=10,experts=[4]; c3:bw=25,experts=[4,6]; c10:bw=36,experts=[1,4,6]; c5:bw=48,experts=[0,4,5,6]; c9:bw=60,experts=[0,1,2,4,5,6]; c12:bw=44,experts=[0,4,5,6]; c15:bw=49,experts=[0,1,4,6]; c1:bw=36,experts=[0,4,6]; c19:bw=14,experts=[4]; c11:bw=43,experts=[0,1,4,6]; c0:bw=32,experts=[0,4,6]; c16:bw=53,experts=[0,1,4,5,6]; c2:bw=43,experts=[0,1,4,6]; c4:bw=51,experts=[0,1,4,5,6]; c14:bw=18,experts=[4]; c7:bw=59,experts=[0,1,4,5,6]
   68 | 0.01000 |   1.6973 |   56.82% |   56.92% |    0:55.98
      bandwidth/experts | c7:bw=28,experts=[4,7]; c12:bw=67,experts=[0,1,2,4,5,6]; c18:bw=54,experts=[0,1,4,5,6]; c19:bw=28,experts=[2,4]; c5:bw=45,experts=[0,1,4,6]; c1:bw=42,experts=[0,1,4,6]; c8:bw=31,experts=[2,4,6]; c11:bw=14,experts=[4]; c3:bw=26,experts=[4,6]; c10:bw=31,experts=[0,4,6]; c2:bw=58,experts=[0,1,4,5,6]; c4:bw=49,experts=[4,5,6,7]; c14:bw=10,experts=[2]; c0:bw=30,experts=[0,4,6]; c16:bw=54,experts=[0,4,5,6,7]; c9:bw=15,experts=[4]; c6:bw=32,experts=[0,4,6]; c17:bw=72,experts=[0,1,2,4,5,6,7]; c15:bw=28,experts=[4,6]; c13:bw=35,experts=[0,4,6]
   69 | 0.01000 |   1.6701 |   57.98% |   57.98% |    0:55.94
      bandwidth/experts | c12:bw=10,experts=[4]; c17:bw=48,experts=[0,1,4,6]; c15:bw=20,experts=[4,7]; c13:bw=67,experts=[0,1,2,4,5,6]; c16:bw=60,experts=[0,1,2,4,5,6]; c0:bw=52,experts=[0,2,4,5,6]; c8:bw=42,experts=[0,1,4,6]; c7:bw=58,experts=[0,1,4,5,6]; c5:bw=39,experts=[0,4,6]; c18:bw=10,experts=[4]; c4:bw=41,experts=[0,4,5,6]; c3:bw=41,experts=[0,4,5,6]; c11:bw=45,experts=[0,1,4,6]; c14:bw=37,experts=[4,6,7]; c6:bw=26,experts=[4,6]; c2:bw=66,experts=[0,1,2,4,5,6]; c1:bw=31,experts=[0,4,6]; c9:bw=35,experts=[0,4,6]; c10:bw=16,experts=[4]; c19:bw=43,experts=[0,4,5,6]
   70 | 0.01000 |   1.6671 |   57.62% |   57.98% |    0:56.26
      bandwidth/experts | c5:bw=23,experts=[2,4]; c17:bw=41,experts=[0,1,4,6]; c3:bw=32,experts=[0,4,6]; c10:bw=58,experts=[0,1,4,6,7]; c12:bw=40,experts=[0,4,6,7]; c15:bw=75,experts=[0,1,2,4,5,6,7]; c19:bw=37,experts=[4,6,7]; c4:bw=58,experts=[0,1,2,4,6]; c18:bw=63,experts=[0,1,2,4,5,6]; c7:bw=28,experts=[4,6]; c8:bw=48,experts=[0,1,4,6]; c14:bw=10,experts=[4]; c2:bw=55,experts=[0,1,4,5,6]; c1:bw=24,experts=[2,7]; c0:bw=30,experts=[0,4,6]; c6:bw=26,experts=[2,4]; c13:bw=33,experts=[0,4,6]; c9:bw=10,experts=[4]; c16:bw=67,experts=[0,1,2,4,5,6]; c11:bw=53,experts=[0,1,2,4,6]
   71 | 0.01000 |   1.6803 |   57.46% |   57.98% |    0:55.97
      bandwidth/experts | c6:bw=50,experts=[0,1,4,5,6]; c19:bw=54,experts=[0,1,4,5,6]; c2:bw=61,experts=[0,1,2,4,5,6]; c11:bw=44,experts=[0,4,5,6]; c16:bw=19,experts=[4]; c7:bw=20,experts=[2,4]; c13:bw=25,experts=[4,6]; c0:bw=16,experts=[1]; c14:bw=10,experts=[5]; c15:bw=28,experts=[4,6]; c8:bw=39,experts=[0,4,6]; c3:bw=62,experts=[0,1,4,5,6,7]; c9:bw=40,experts=[0,4,5,6]; c17:bw=61,experts=[0,1,2,4,5,6]; c18:bw=45,experts=[0,4,6,7]; c5:bw=33,experts=[4,6,7]; c10:bw=69,experts=[0,1,2,4,5,6]; c4:bw=42,experts=[1,4,5,6]; c1:bw=52,experts=[0,1,2,4,6]; c12:bw=43,experts=[0,4,5,6]
   72 | 0.01000 |   1.6923 |   57.38% |   57.98% |    0:55.85
      bandwidth/experts | c2:bw=23,experts=[3,7]; c10:bw=28,experts=[3,4]; c13:bw=54,experts=[0,1,3,4,6]; c17:bw=18,experts=[3]; c15:bw=41,experts=[0,3,4,6]; c16:bw=46,experts=[0,3,4,6]; c18:bw=29,experts=[3,4]; c3:bw=23,experts=[3,4]; c14:bw=43,experts=[0,3,4,6]; c0:bw=52,experts=[0,1,3,4,6]; c19:bw=32,experts=[3,4,6]; c6:bw=19,experts=[3]; c4:bw=39,experts=[0,4,6]; c8:bw=30,experts=[3,4,6]; c12:bw=28,experts=[3,4]; c11:bw=10,experts=[3]; c1:bw=39,experts=[3,4,6]; c7:bw=48,experts=[0,3,4,6]; c5:bw=43,experts=[0,3,4,6]; c9:bw=38,experts=[3,4,7]
   73 | 0.01000 |   1.6675 |   57.77% |   57.98% |    0:55.85
      bandwidth/experts | c8:bw=11,experts=[5]; c11:bw=46,experts=[1,4,6,7]; c12:bw=37,experts=[0,4,6]; c13:bw=50,experts=[0,4,5,6,7]; c4:bw=41,experts=[0,3,4,6]; c9:bw=52,experts=[0,1,4,5,6]; c1:bw=66,experts=[0,1,2,4,5,6]; c5:bw=17,experts=[4]; c2:bw=47,experts=[0,1,4,6]; c15:bw=47,experts=[0,1,4,6]; c6:bw=20,experts=[4,7]; c14:bw=16,experts=[1]; c19:bw=10,experts=[4]; c17:bw=17,experts=[4]; c16:bw=61,experts=[0,1,2,4,5,6]; c7:bw=37,experts=[0,4,6]; c10:bw=42,experts=[0,4,5,6]; c3:bw=40,experts=[0,1,4,6]; c18:bw=34,experts=[0,4,6]; c0:bw=28,experts=[4,7]
   74 | 0.01000 |   1.6592 |   58.07% |   58.07% |    0:55.98
      bandwidth/experts | c9:bw=32,experts=[0,4,6]; c17:bw=62,experts=[0,1,2,4,5,6]; c19:bw=20,experts=[4,6]; c7:bw=65,experts=[0,1,2,4,5,6]; c5:bw=50,experts=[0,1,4,5,6]; c6:bw=10,experts=[4]; c15:bw=50,experts=[0,1,4,5,6]; c4:bw=47,experts=[0,4,5,6]; c11:bw=37,experts=[0,4,6]; c8:bw=28,experts=[4,7]; c1:bw=28,experts=[4,6]; c18:bw=60,experts=[0,1,2,4,5,6]; c12:bw=10,experts=[4]; c16:bw=48,experts=[0,1,4,6]; c13:bw=42,experts=[0,4,5,6]; c0:bw=40,experts=[0,1,4,6]; c10:bw=25,experts=[4,6]; c2:bw=10,experts=[4]; c14:bw=32,experts=[0,4,6]; c3:bw=10,experts=[2]
   75 | 0.01000 |   1.6372 |   58.41% |   58.41% |    0:55.91
      bandwidth/experts | c8:bw=53,experts=[0,1,2,4,6]; c0:bw=60,experts=[0,1,2,4,5,6]; c17:bw=43,experts=[0,1,4,6]; c16:bw=46,experts=[0,4,5,6]; c18:bw=68,experts=[0,1,2,4,5,6]; c12:bw=40,experts=[0,1,4,6]; c19:bw=19,experts=[4]; c3:bw=20,experts=[4,6]; c13:bw=46,experts=[0,1,4,6]; c5:bw=31,experts=[0,4,6]; c14:bw=60,experts=[0,1,2,4,5,6]; c11:bw=42,experts=[0,1,4,6]; c4:bw=56,experts=[0,1,4,5,6]; c1:bw=54,experts=[0,1,4,5,6]; c15:bw=20,experts=[4,6]; c2:bw=40,experts=[0,1,4,6]; c6:bw=56,experts=[0,1,4,5,6]; c9:bw=61,experts=[0,1,2,4,5,6]; c7:bw=28,experts=[4,6]; c10:bw=23,experts=[4,6]
   76 | 0.01000 |   1.6360 |   58.52% |   58.52% |    0:55.95
      bandwidth/experts | c12:bw=21,experts=[2,4]; c3:bw=15,experts=[4]; c15:bw=42,experts=[0,1,4,6]; c1:bw=53,experts=[0,1,4,5,6]; c18:bw=39,experts=[0,4,6]; c8:bw=29,experts=[4,6]; c5:bw=37,experts=[0,4,6]; c10:bw=46,experts=[0,1,4,6]; c6:bw=23,experts=[4,6]; c0:bw=31,experts=[0,4,6]; c4:bw=60,experts=[0,1,4,5,6,7]; c17:bw=33,experts=[4,6,7]; c2:bw=25,experts=[4,6]; c7:bw=66,experts=[0,1,4,5,6,7]; c13:bw=39,experts=[0,4,6]; c11:bw=42,experts=[0,1,4,6]; c14:bw=22,experts=[4,6]; c19:bw=44,experts=[0,2,4,6]; c9:bw=57,experts=[0,1,4,5,6]; c16:bw=39,experts=[4,6,7]
   77 | 0.01000 |   1.6281 |   58.52% |   58.52% |    0:55.98
      bandwidth/experts | c7:bw=10,experts=[4]; c3:bw=40,experts=[0,1,4,6]; c17:bw=37,experts=[1,4,6]; c2:bw=34,experts=[0,4,6]; c10:bw=39,experts=[0,4,6]; c18:bw=31,experts=[0,4,6]; c11:bw=28,experts=[4,6]; c1:bw=62,experts=[0,1,2,4,5,6]; c5:bw=59,experts=[0,1,4,5,6]; c4:bw=10,experts=[4]; c16:bw=34,experts=[0,4,6]; c13:bw=37,experts=[2,4,6]; c0:bw=63,experts=[0,1,2,4,5,6]; c6:bw=57,experts=[0,1,4,5,6]; c9:bw=29,experts=[4,6]; c15:bw=43,experts=[0,1,4,6]; c19:bw=37,experts=[1,4,6]; c12:bw=46,experts=[0,4,5,6]; c8:bw=10,experts=[4]; c14:bw=64,experts=[0,1,4,5,6,7]
   78 | 0.01000 |   1.6262 |   58.87% |   58.87% |    0:56.06
      bandwidth/experts | c5:bw=63,experts=[0,1,2,4,5,6]; c11:bw=37,experts=[2,4,6]; c13:bw=59,experts=[0,1,4,5,6]; c8:bw=54,experts=[0,1,4,5,6]; c14:bw=52,experts=[0,1,4,5,6]; c4:bw=23,experts=[2,4]; c12:bw=31,experts=[4,6,7]; c3:bw=38,experts=[0,4,6]; c19:bw=12,experts=[7]; c18:bw=35,experts=[0,4,6]; c0:bw=26,experts=[4,6]; c16:bw=44,experts=[0,1,4,6]; c9:bw=31,experts=[0,4,6]; c10:bw=59,experts=[0,1,4,6,7]; c1:bw=41,experts=[0,4,6,7]; c2:bw=34,experts=[0,4,6]; c6:bw=57,experts=[1,2,4,5,6]; c17:bw=31,experts=[0,4,6]; c7:bw=36,experts=[0,4,6]; c15:bw=38,experts=[2,4,7]
   79 | 0.01000 |   1.6457 |   58.50% |   58.87% |    0:56.20
      bandwidth/experts | c2:bw=33,experts=[2,4,5]; c10:bw=34,experts=[2,4,6]; c17:bw=58,experts=[0,1,4,5,6]; c18:bw=12,experts=[7]; c13:bw=43,experts=[0,4,5,6]; c9:bw=10,experts=[4]; c4:bw=80,experts=[0,1,2,3,4,5,6,7]; c15:bw=54,experts=[0,1,4,5,6]; c16:bw=59,experts=[0,1,4,5,6]; c1:bw=37,experts=[0,4,6]; c8:bw=44,experts=[0,1,4,6]; c5:bw=53,experts=[0,4,5,6,7]; c12:bw=10,experts=[4]; c3:bw=26,experts=[5,7]; c0:bw=36,experts=[0,4,6]; c19:bw=26,experts=[4,5]; c14:bw=62,experts=[0,1,2,4,5,6]; c6:bw=21,experts=[4,6]; c11:bw=32,experts=[4,5,6]; c7:bw=46,experts=[0,1,4,6]
   80 | 0.01000 |   1.6520 |   59.09% |   59.09% |    0:56.09
      bandwidth/experts | c13:bw=39,experts=[3,4,6]; c8:bw=51,experts=[0,1,3,4,6]; c5:bw=65,experts=[0,1,3,4,5,6]; c14:bw=30,experts=[3,4,6]; c11:bw=62,experts=[0,1,3,4,5,6]; c7:bw=48,experts=[0,3,4,6]; c18:bw=13,experts=[3]; c15:bw=41,experts=[0,3,4,6]; c4:bw=57,experts=[0,1,4,5,6]; c0:bw=47,experts=[0,3,4,6]; c3:bw=31,experts=[3,4,6]; c6:bw=39,experts=[3,4,6]; c10:bw=18,experts=[3]; c19:bw=35,experts=[3,4,6]; c17:bw=61,experts=[0,1,3,4,5,6]; c16:bw=44,experts=[0,3,4,6]; c12:bw=10,experts=[3]; c1:bw=31,experts=[3,4,6]; c9:bw=53,experts=[0,3,4,6,7]; c2:bw=44,experts=[3,4,6,7]
   81 | 0.01000 |   1.6087 |   59.22% |   59.22% |    0:56.30
      bandwidth/experts | c9:bw=26,experts=[4,6]; c10:bw=44,experts=[0,4,5,6]; c5:bw=30,experts=[0,4,6]; c15:bw=65,experts=[0,1,2,4,5,6]; c19:bw=52,experts=[0,1,4,5,6]; c8:bw=48,experts=[0,1,4,6]; c14:bw=46,experts=[0,1,4,6]; c17:bw=27,experts=[4,6]; c18:bw=60,experts=[0,1,2,4,5,6]; c11:bw=22,experts=[4,7]; c3:bw=67,experts=[0,1,2,4,5,6]; c1:bw=49,experts=[0,1,4,6]; c7:bw=58,experts=[0,1,4,5,6]; c13:bw=21,experts=[4,7]; c12:bw=75,experts=[0,1,2,4,5,6,7]; c2:bw=45,experts=[0,4,5,6]; c16:bw=35,experts=[2,4,6]; c0:bw=50,experts=[0,1,4,6,7]; c4:bw=42,experts=[0,1,4,6]; c6:bw=51,experts=[0,1,4,6,7]
   82 | 0.01000 |   1.5990 |   59.74% |   59.74% |    0:56.17
      bandwidth/experts | c9:bw=56,experts=[0,1,4,5,6]; c16:bw=32,experts=[0,4,6]; c0:bw=30,experts=[0,4,6]; c13:bw=35,experts=[0,4,6]; c2:bw=30,experts=[0,4,6]; c15:bw=16,experts=[4]; c19:bw=21,experts=[4,6]; c12:bw=63,experts=[0,1,2,4,5,6]; c8:bw=58,experts=[0,1,4,6,7]; c1:bw=64,experts=[0,1,2,4,5,6]; c14:bw=54,experts=[0,1,4,5,6]; c7:bw=40,experts=[0,2,4,6]; c6:bw=36,experts=[0,4,6]; c5:bw=40,experts=[0,1,4,6]; c18:bw=45,experts=[0,1,4,6]; c10:bw=18,experts=[4]; c17:bw=44,experts=[0,2,4,6]; c4:bw=30,experts=[0,4,6]; c11:bw=47,experts=[0,1,4,6]; c3:bw=39,experts=[1,4,6]
   83 | 0.01000 |   1.5997 |   59.54% |   59.74% |    0:56.16
      bandwidth/experts | c3:bw=42,experts=[0,1,4,6]; c15:bw=39,experts=[0,4,6]; c11:bw=27,experts=[4,6]; c14:bw=39,experts=[0,4,6]; c6:bw=53,experts=[0,1,4,5,6]; c4:bw=10,experts=[4]; c5:bw=10,experts=[4]; c7:bw=37,experts=[0,4,6]; c2:bw=41,experts=[0,1,4,6]; c19:bw=67,experts=[0,1,2,4,5,6]; c0:bw=10,experts=[4]; c17:bw=31,experts=[1,4,6]; c16:bw=49,experts=[0,4,5,6]; c8:bw=39,experts=[2,4,6]; c1:bw=63,experts=[0,1,2,4,5,6]; c10:bw=37,experts=[0,4,6]; c9:bw=51,experts=[0,1,2,4,6]; c13:bw=46,experts=[0,1,4,6]; c12:bw=44,experts=[0,1,4,6]; c18:bw=21,experts=[4,6]
   84 | 0.01000 |   1.5863 |   60.07% |   60.07% |    0:56.22
      bandwidth/experts | c14:bw=45,experts=[0,1,4,6]; c6:bw=10,experts=[4]; c13:bw=30,experts=[1,4,6]; c3:bw=32,experts=[0,4,6]; c4:bw=27,experts=[4,6]; c5:bw=20,experts=[4,6]; c18:bw=55,experts=[0,1,4,5,6]; c15:bw=75,experts=[0,1,2,4,5,6,7]; c7:bw=47,experts=[0,4,6,7]; c0:bw=10,experts=[4]; c11:bw=50,experts=[0,1,4,5,6]; c1:bw=58,experts=[0,1,4,5,6]; c17:bw=43,experts=[1,4,6,7]; c9:bw=20,experts=[4,6]; c10:bw=10,experts=[4]; c12:bw=45,experts=[0,1,4,6]; c19:bw=22,experts=[4,6]; c2:bw=36,experts=[0,4,6]; c8:bw=67,experts=[0,1,2,4,5,6]; c16:bw=47,experts=[0,4,6,7]
   85 | 0.01000 |   1.5818 |   59.68% |   60.07% |    0:56.28
      bandwidth/experts | c5:bw=12,experts=[4]; c16:bw=19,experts=[4]; c9:bw=58,experts=[0,1,4,5,6]; c12:bw=47,experts=[0,4,5,6]; c6:bw=42,experts=[0,4,5,6]; c18:bw=51,experts=[0,1,4,5,6]; c15:bw=70,experts=[0,1,2,4,5,6,7]; c0:bw=38,experts=[2,4,5]; c11:bw=10,experts=[4]; c17:bw=49,experts=[0,1,4,6]; c14:bw=44,experts=[0,4,6,7]; c2:bw=45,experts=[0,4,5,6]; c7:bw=11,experts=[4]; c19:bw=54,experts=[0,1,4,5,6]; c10:bw=44,experts=[0,4,5,6]; c1:bw=57,experts=[0,1,4,5,6]; c4:bw=42,experts=[0,4,5,6]; c13:bw=35,experts=[2,4,6]; c3:bw=51,experts=[0,1,4,5,6]; c8:bw=70,experts=[0,1,2,4,5,6,7]
   86 | 0.01000 |   1.5851 |   59.85% |   60.07% |    0:56.13
      bandwidth/experts | c2:bw=24,experts=[4,6]; c13:bw=55,experts=[0,1,4,5,6]; c11:bw=38,experts=[2,4,6]; c0:bw=30,experts=[0,4,6]; c6:bw=55,experts=[0,1,2,4,6]; c16:bw=50,experts=[0,1,4,5,6]; c8:bw=28,experts=[4,6]; c3:bw=28,experts=[4,6]; c12:bw=28,experts=[4,6]; c15:bw=55,experts=[0,1,4,5,6]; c17:bw=40,experts=[0,1,4,6]; c9:bw=43,experts=[0,1,4,6]; c19:bw=18,experts=[7]; c18:bw=52,experts=[0,1,4,5,6]; c7:bw=44,experts=[0,1,4,6]; c5:bw=47,experts=[0,2,4,6]; c14:bw=45,experts=[0,1,4,6]; c1:bw=72,experts=[0,1,2,4,5,6,7]; c10:bw=47,experts=[1,4,6,7]; c4:bw=18,experts=[4]
   87 | 0.01000 |   1.5879 |   60.14% |   60.14% |    0:56.05
      bandwidth/experts | c15:bw=63,experts=[0,1,2,4,5,6]; c6:bw=60,experts=[0,1,2,4,5,6]; c13:bw=45,experts=[0,1,4,6]; c4:bw=34,experts=[2,3,7]; c8:bw=46,experts=[0,1,4,6]; c11:bw=18,experts=[4]; c3:bw=68,experts=[0,1,4,5,6,7]; c9:bw=37,experts=[1,4,6]; c17:bw=25,experts=[4,6]; c14:bw=36,experts=[2,4,6]; c5:bw=10,experts=[7]; c0:bw=35,experts=[0,4,6]; c18:bw=45,experts=[0,4,6,7]; c10:bw=49,experts=[1,2,4,6]; c16:bw=45,experts=[0,1,4,6]; c1:bw=29,experts=[4,6]; c19:bw=33,experts=[0,4,6]; c2:bw=67,experts=[0,1,2,4,5,6]; c12:bw=45,experts=[0,4,5,6]; c7:bw=22,experts=[4,6]
   88 | 0.01000 |   1.5860 |   60.40% |   60.40% |    0:56.19
      bandwidth/experts | c15:bw=60,experts=[0,1,3,4,5,6]; c0:bw=62,experts=[0,1,3,4,5,6]; c7:bw=41,experts=[0,3,4,6]; c16:bw=30,experts=[3,4,6]; c13:bw=34,experts=[3,4,6]; c1:bw=28,experts=[3,4]; c18:bw=22,experts=[3,4]; c2:bw=46,experts=[3,4,6,7]; c8:bw=43,experts=[0,3,4,6]; c17:bw=30,experts=[3,4,5]; c4:bw=38,experts=[0,4,6]; c6:bw=27,experts=[3,4]; c11:bw=10,experts=[3]; c5:bw=30,experts=[3,4,5]; c19:bw=23,experts=[3,4]; c14:bw=10,experts=[3]; c3:bw=33,experts=[3,4,6]; c9:bw=31,experts=[3,4,7]; c12:bw=61,experts=[0,1,3,4,5,6]; c10:bw=71,experts=[0,1,2,3,4,5,6]
   89 | 0.01000 |   1.5772 |   60.80% |   60.80% |    0:56.12
      bandwidth/experts | c5:bw=46,experts=[0,1,4,6]; c2:bw=44,experts=[0,1,4,6]; c7:bw=21,experts=[4,5]; c4:bw=30,experts=[1,4,6]; c18:bw=55,experts=[0,2,4,5,6]; c10:bw=28,experts=[4,6]; c15:bw=61,experts=[0,1,2,4,5,6]; c9:bw=60,experts=[0,1,2,4,5,6]; c8:bw=74,experts=[0,1,2,4,5,6,7]; c0:bw=13,experts=[7]; c16:bw=50,experts=[0,1,2,4,6]; c19:bw=16,experts=[4]; c11:bw=36,experts=[4,6,7]; c14:bw=30,experts=[0,4,6]; c12:bw=34,experts=[4,6,7]; c13:bw=10,experts=[7]; c1:bw=41,experts=[0,1,4,6]; c3:bw=31,experts=[2,4,6]; c17:bw=40,experts=[0,1,4,6]; c6:bw=32,experts=[4,6,7]
   90 | 0.01000 |   1.5634 |   60.81% |   60.81% |    0:56.38
      bandwidth/experts | c12:bw=43,experts=[0,2,4,6]; c10:bw=10,experts=[4]; c0:bw=64,experts=[0,1,2,4,5,6]; c2:bw=21,experts=[4,6]; c17:bw=22,experts=[2,4]; c14:bw=16,experts=[5]; c19:bw=15,experts=[4]; c7:bw=72,experts=[0,1,2,4,5,6,7]; c16:bw=57,experts=[0,1,4,5,6]; c3:bw=36,experts=[0,4,6]; c18:bw=50,experts=[0,1,4,5,6]; c4:bw=35,experts=[0,4,6]; c13:bw=65,experts=[0,1,2,4,5,6]; c11:bw=41,experts=[0,1,4,6]; c1:bw=31,experts=[0,4,6]; c8:bw=50,experts=[0,1,4,5,6]; c9:bw=63,experts=[0,1,2,4,5,6]; c6:bw=26,experts=[4,6]; c5:bw=27,experts=[4,6]; c15:bw=61,experts=[0,1,2,4,5,6]
   91 | 0.01000 |   1.5536 |   60.82% |   60.82% |    0:56.47
      bandwidth/experts | c5:bw=52,experts=[0,1,4,5,6]; c6:bw=29,experts=[4,6]; c1:bw=50,experts=[0,1,4,5,6]; c17:bw=63,experts=[0,1,2,4,5,6]; c18:bw=13,experts=[4]; c7:bw=51,experts=[0,1,4,5,6]; c8:bw=23,experts=[4,6]; c4:bw=54,experts=[0,1,4,5,6]; c19:bw=51,experts=[0,2,4,5,6]; c2:bw=11,experts=[4]; c10:bw=49,experts=[0,1,4,6]; c3:bw=40,experts=[0,1,4,6]; c11:bw=67,experts=[0,1,2,4,5,6]; c12:bw=62,experts=[0,1,2,4,5,6]; c14:bw=42,experts=[0,4,5,6]; c15:bw=45,experts=[0,4,5,6]; c13:bw=46,experts=[0,1,4,6]; c0:bw=22,experts=[4,6]; c9:bw=35,experts=[0,4,6]; c16:bw=24,experts=[4,6]
   92 | 0.01000 |   1.5668 |   60.99% |   60.99% |    0:56.17
      bandwidth/experts | c15:bw=19,experts=[4]; c11:bw=15,experts=[4]; c19:bw=54,experts=[0,1,4,5,6]; c17:bw=32,experts=[4,6,7]; c5:bw=66,experts=[0,1,2,4,5,6]; c4:bw=26,experts=[4,6]; c7:bw=34,experts=[0,4,6]; c9:bw=56,experts=[0,1,4,5,6]; c6:bw=45,experts=[0,4,5,6]; c8:bw=19,experts=[4]; c2:bw=25,experts=[4,6]; c0:bw=29,experts=[4,6]; c3:bw=28,experts=[4,6]; c12:bw=48,experts=[0,1,4,6]; c16:bw=14,experts=[7]; c13:bw=17,experts=[4]; c1:bw=20,experts=[4,6]; c10:bw=37,experts=[0,4,6]; c18:bw=37,experts=[0,4,6]; c14:bw=30,experts=[0,4,6]
   93 | 0.01000 |   1.5541 |   61.40% |   61.40% |    0:56.15
      bandwidth/experts | c9:bw=58,experts=[0,1,4,5,6]; c1:bw=47,experts=[0,1,4,6]; c6:bw=22,experts=[4,6]; c8:bw=10,experts=[4]; c15:bw=36,experts=[4,6,7]; c18:bw=23,experts=[4,6]; c0:bw=19,experts=[4]; c17:bw=32,experts=[0,4,6]; c5:bw=10,experts=[4]; c3:bw=31,experts=[0,4,6]; c12:bw=52,experts=[0,1,4,5,6]; c4:bw=32,experts=[0,4,6]; c14:bw=25,experts=[4,7]; c7:bw=22,experts=[4,6]; c11:bw=32,experts=[0,4,6]; c19:bw=39,experts=[0,4,6]; c16:bw=46,experts=[0,1,4,6]; c2:bw=51,experts=[0,1,4,5,6]; c10:bw=15,experts=[4]; c13:bw=63,experts=[0,1,2,4,5,6]
   94 | 0.01000 |   1.5464 |   61.64% |   61.64% |    0:56.34
      bandwidth/experts | c9:bw=50,experts=[0,1,4,5,6]; c19:bw=48,experts=[0,4,6,7]; c3:bw=34,experts=[0,4,6]; c10:bw=61,experts=[0,1,4,5,6,7]; c16:bw=28,experts=[4,6]; c6:bw=30,experts=[0,4,6]; c4:bw=31,experts=[0,4,6]; c18:bw=47,experts=[0,1,4,6]; c13:bw=44,experts=[0,4,5,6]; c12:bw=14,experts=[4]; c17:bw=12,experts=[4]; c11:bw=48,experts=[0,1,4,6]; c7:bw=45,experts=[0,1,4,6]; c8:bw=10,experts=[4]; c0:bw=55,experts=[0,1,4,5,6]; c15:bw=40,experts=[0,1,4,6]; c2:bw=65,experts=[0,1,2,4,5,6]; c1:bw=70,experts=[0,1,2,4,5,6,7]; c14:bw=38,experts=[1,4,6]; c5:bw=41,experts=[0,1,4,6]
   95 | 0.01000 |   1.5595 |   61.16% |   61.64% |    0:56.20
      bandwidth/experts | c7:bw=59,experts=[0,1,4,5,6]; c16:bw=24,experts=[4,6]; c1:bw=31,experts=[0,4,6]; c12:bw=10,experts=[4]; c4:bw=15,experts=[2]; c9:bw=42,experts=[0,1,4,6]; c17:bw=47,experts=[0,1,4,6]; c5:bw=10,experts=[7]; c14:bw=49,experts=[0,2,4,6]; c10:bw=42,experts=[0,1,4,6]; c15:bw=34,experts=[0,4,6]; c0:bw=35,experts=[0,4,6]; c19:bw=42,experts=[0,1,4,6]; c8:bw=76,experts=[0,1,2,4,5,6,7]; c13:bw=59,experts=[0,1,4,5,6]; c3:bw=41,experts=[4,5,6,7]; c18:bw=28,experts=[4,7]; c11:bw=10,experts=[4]; c2:bw=23,experts=[4,6]; c6:bw=40,experts=[1,2,4,6]
   96 | 0.01000 |   1.5455 |   61.15% |   61.64% |    0:56.45
      bandwidth/experts | c6:bw=31,experts=[3,4,6]; c15:bw=78,experts=[0,1,2,3,4,5,6]; c14:bw=10,experts=[3]; c17:bw=35,experts=[3,4,6]; c2:bw=65,experts=[0,1,3,4,6,7]; c9:bw=44,experts=[3,4,6,7]; c11:bw=44,experts=[0,3,4,6]; c3:bw=46,experts=[0,3,4,6]; c0:bw=36,experts=[3,4,6]; c8:bw=64,experts=[0,1,3,4,5,6]; c18:bw=29,experts=[3,4]; c5:bw=60,experts=[0,1,3,4,5,6]; c13:bw=55,experts=[0,1,3,4,6]; c1:bw=36,experts=[3,4,6]; c4:bw=49,experts=[3,4,6,7]; c19:bw=38,experts=[3,4,6]; c16:bw=72,experts=[0,1,2,3,4,5,6]; c12:bw=71,experts=[0,1,2,3,4,5,6]; c10:bw=53,experts=[1,2,3,4,6]; c7:bw=50,experts=[0,1,3,4,6]
   97 | 0.01000 |   1.5522 |   61.68% |   61.68% |    1:06.01
      bandwidth/experts | c12:bw=13,experts=[7]; c2:bw=54,experts=[0,1,4,5,6]; c4:bw=16,experts=[4]; c6:bw=50,experts=[0,1,4,6,7]; c9:bw=43,experts=[0,1,4,6]; c10:bw=51,experts=[0,1,4,5,6]; c1:bw=50,experts=[0,1,4,5,6]; c19:bw=30,experts=[0,4,6]; c7:bw=30,experts=[0,4,6]; c0:bw=41,experts=[0,4,6,7]; c3:bw=35,experts=[2,4,6]; c17:bw=54,experts=[0,1,4,5,6]; c18:bw=70,experts=[0,1,2,4,5,6,7]; c5:bw=46,experts=[0,1,4,6]; c14:bw=23,experts=[4,6]; c15:bw=59,experts=[0,1,4,5,6]; c13:bw=51,experts=[0,1,4,6,7]; c11:bw=22,experts=[4,7]; c16:bw=54,experts=[0,1,4,5,6]; c8:bw=43,experts=[0,1,4,6]
   98 | 0.01000 |   1.5341 |   61.97% |   61.97% |    1:06.03
      bandwidth/experts | c10:bw=45,experts=[0,1,4,6]; c4:bw=52,experts=[0,1,4,5,6]; c2:bw=24,experts=[4,6]; c17:bw=17,experts=[4]; c15:bw=17,experts=[4]; c7:bw=24,experts=[2,7]; c19:bw=45,experts=[0,1,4,6]; c14:bw=67,experts=[0,1,2,4,5,6]; c11:bw=10,experts=[4]; c16:bw=41,experts=[0,1,4,6]; c13:bw=31,experts=[0,4,6]; c1:bw=26,experts=[4,6]; c6:bw=36,experts=[0,4,6]; c5:bw=49,experts=[0,1,4,6]; c9:bw=27,experts=[2,4]; c3:bw=25,experts=[4,6]; c18:bw=32,experts=[1,4,6]; c0:bw=33,experts=[2,4,6]; c12:bw=16,experts=[4]; c8:bw=54,experts=[0,1,4,5,6]
   99 | 0.01000 |   1.5269 |   61.54% |   61.97% |    1:05.62
      bandwidth/experts | c13:bw=25,experts=[4,6]; c0:bw=40,experts=[0,1,4,6]; c14:bw=33,experts=[0,4,6]; c4:bw=24,experts=[4,6]; c19:bw=48,experts=[0,2,4,6]; c9:bw=20,experts=[4,6]; c16:bw=34,experts=[0,4,6]; c3:bw=38,experts=[1,4,6]; c12:bw=34,experts=[0,4,6]; c10:bw=11,experts=[4]; c7:bw=45,experts=[0,4,5,6]; c11:bw=10,experts=[2]; c1:bw=59,experts=[0,1,4,5,6]; c15:bw=47,experts=[0,1,4,6]; c6:bw=35,experts=[0,4,6]; c17:bw=43,experts=[0,2,4,6]; c18:bw=55,experts=[0,1,4,5,6]; c8:bw=34,experts=[0,4,6]; c5:bw=49,experts=[0,4,5,6]; c2:bw=31,experts=[0,4,6]
  100 | 0.01000 |   1.5406 |   62.10% |   62.10% |    1:06.08
      bandwidth/experts | c10:bw=56,experts=[0,1,4,5,6]; c12:bw=37,experts=[0,4,6]; c11:bw=17,experts=[5]; c0:bw=64,experts=[0,1,2,4,5,6]; c4:bw=65,experts=[0,1,2,4,5,6]; c7:bw=10,experts=[4]; c6:bw=44,experts=[0,4,5,6]; c17:bw=55,experts=[0,1,4,6,7]; c14:bw=10,experts=[4]; c1:bw=17,experts=[4]; c13:bw=10,experts=[4]; c8:bw=44,experts=[0,1,4,6]; c2:bw=30,experts=[0,4,6]; c18:bw=80,experts=[0,1,2,3,4,5,6,7]; c16:bw=46,experts=[0,4,6,7]; c9:bw=53,experts=[0,1,4,5,6]; c5:bw=18,experts=[2]; c3:bw=42,experts=[0,1,4,6]; c15:bw=30,experts=[0,4,6]; c19:bw=18,experts=[5]

Done. Best Acc: 62.10% @ round 100
Total time: 1:32:17.54
[Export] 实验目录: /userhome/cs3/duanty/FedMoE/results/exp03-c100-resnet-n20-ours/20260923-181154
[Export] 每轮明细: /userhome/cs3/duanty/FedMoE/results/exp03-c100-resnet-n20-ours/20260923-181154/rounds.xlsx
[Export] 总体摘要: /userhome/cs3/duanty/FedMoE/results/exp03-c100-resnet-n20-ours/20260923-181154/summary.xlsx
[Plot] result = /userhome/cs3/duanty/FedMoE/results/exp03-c100-resnet-n20-ours/20260923-181154
[Plot] figures -> /userhome/cs3/duanty/FedMoE/results/exp03-c100-resnet-n20-ours/20260923-181154/figure
  fig01_test_accuracy.pdf
  fig02_train_loss.pdf
  fig03_acc_and_loss.pdf
  fig04_bandwidth_and_k.pdf
  fig05_expert_round_heatmap.pdf
  fig06_client_expert_heatmap.pdf
  fig07_expert_frequency.pdf
  fig08_time_breakdown.pdf
  fig09_accuracy_vs_communication.pdf
  fig10_overview.pdf
[Export] 图片目录: /userhome/cs3/duanty/FedMoE/results/exp03-c100-resnet-n20-ours/20260923-181154/figure
