========================================
Job    : exp01-stl10-vgg11-e8-fedadam
Host   : gpu-4090-102
Date   : Tue Sep 22 01:59:40 HKT 2026
GPU    : 0
Python : /userhome/cs3/duanty/miniconda3/envs/moe/bin/python
Command: python -u main.py --method ours --dataset stl10 --backbone vgg11 --select ours --merge fedadam --device cuda --num_experts 8 --bw_max -1 --output_dir ./results/exp01-stl10-vgg11-e8-fedadam
========================================

==================================================================
 Ours  
  Dataset=stl10 | beta=0.1 | Backbone=vgg11 | width_mult=1 | Clients=10 | Experts=8
  Select=ours | Merge=fedadam
  Expert refresh N_ref=8
  Rounds=100 | LR=0.01
  Bandwidth: expert_bw=10 | bw=[10, 80] | Rayleigh-Shannon, SNR=10 dB | k=floor(bw/10)
==================================================================


[Partition] Dirichlet beta=0.1, 10 clients
  Client 0:    416 samples | 5/10 classes
  Client 1:    666 samples | 5/10 classes
  Client 2:    674 samples | 7/10 classes
  Client 3:    833 samples | 4/10 classes
  Client 4:    557 samples | 4/10 classes
  Client 5:    414 samples | 2/10 classes
  Client 6:    295 samples | 3/10 classes
  Client 7:    999 samples | 5/10 classes
  Client 8:     23 samples | 3/10 classes
  Client 9:    123 samples | 10/10 classes

[Upload] expert_bw=10 | available bw=[10, 80] | Rayleigh-Shannon, SNR=10 dB | upload k=floor(bw/10), cap=8 | probe gate scores, refresh stale experts, then train selected

[Model] Total params: 11,369,616

[Export] 本次实验目录: /userhome/cs3/duanty/FedMoE/results/exp01-stl10-vgg11-e8-fedadam/20260922-015959

Round |      LR |  AvgLoss |  TestAcc |     Best |  RoundTime
--------------------------------------------------------------------------------
    1 | 0.00208 |   2.0989 |   10.06% |   10.06% |    0:13.05
      bandwidth/experts | c8:bw=55,experts=[0,2,3,4,7]; c1:bw=29,experts=[3,4]; c5:bw=44,experts=[0,2,3,4]; c0:bw=10,experts=[4]; c7:bw=20,experts=[3,4]; c2:bw=29,experts=[3,4]; c9:bw=45,experts=[0,2,3,4]; c4:bw=40,experts=[0,2,3,4]; c3:bw=51,experts=[0,2,3,4,7]; c6:bw=41,experts=[0,2,3,4]
    2 | 0.00406 |   1.7095 |   23.00% |   23.00% |    0:11.95
      bandwidth/experts | c0:bw=36,experts=[0,2,6]; c1:bw=41,experts=[0,2,6,7]; c8:bw=48,experts=[0,2,6,7]; c5:bw=69,experts=[0,1,2,3,6,7]; c3:bw=67,experts=[0,1,2,3,6,7]; c4:bw=30,experts=[0,2,6]; c7:bw=55,experts=[0,1,2,6,7]; c9:bw=46,experts=[0,2,6,7]; c6:bw=17,experts=[0]; c2:bw=22,experts=[0,6]
    3 | 0.00604 |   1.4769 |   22.49% |   23.00% |    0:11.97
      bandwidth/experts | c9:bw=48,experts=[0,2,3,6]; c2:bw=42,experts=[0,2,3,6]; c0:bw=50,experts=[0,1,2,3,6]; c6:bw=40,experts=[0,2,3,6]; c8:bw=30,experts=[0,2,3]; c5:bw=13,experts=[0]; c3:bw=26,experts=[0,3]; c7:bw=33,experts=[0,2,3]; c1:bw=13,experts=[0]; c4:bw=52,experts=[0,1,2,3,6]
    4 | 0.00802 |   1.3252 |   31.18% |   31.18% |    0:12.21
      bandwidth/experts | c1:bw=40,experts=[0,2,3,6]; c7:bw=45,experts=[0,1,2,3]; c6:bw=53,experts=[0,1,2,3,6]; c2:bw=60,experts=[0,1,2,3,5,6]; c8:bw=31,experts=[0,2,3]; c0:bw=59,experts=[0,1,2,3,6]; c3:bw=34,experts=[0,2,3]; c4:bw=56,experts=[0,1,2,3,5]; c5:bw=73,experts=[0,1,2,3,5,6,7]; c9:bw=22,experts=[0,3]
    5 | 0.01000 |   1.3180 |   30.35% |   31.18% |    0:11.64
      bandwidth/experts | c1:bw=20,experts=[0,3]; c5:bw=40,experts=[0,1,2,3]; c4:bw=48,experts=[0,2,3,5]; c8:bw=37,experts=[0,2,3]; c0:bw=50,experts=[0,1,2,3,4]; c7:bw=24,experts=[0,3]; c6:bw=53,experts=[0,1,2,3,4]; c3:bw=63,experts=[0,1,2,3,4,5]; c2:bw=10,experts=[0]; c9:bw=62,experts=[0,1,2,3,4,5]
    6 | 0.01000 |   1.3826 |   28.01% |   31.18% |    0:12.03
      bandwidth/experts | c8:bw=67,experts=[0,1,2,3,4,5]; c2:bw=42,experts=[0,2,3,5]; c5:bw=27,experts=[0,3]; c7:bw=58,experts=[0,1,2,3,5]; c3:bw=36,experts=[0,2,3]; c1:bw=32,experts=[0,2,3]; c9:bw=48,experts=[0,2,3,5]; c0:bw=31,experts=[0,2,3]; c4:bw=17,experts=[0]; c6:bw=20,experts=[0,3]
    7 | 0.01000 |   1.3892 |   31.62% |   31.62% |    0:11.81
      bandwidth/experts | c0:bw=36,experts=[0,2,3]; c5:bw=49,experts=[0,2,3,5]; c2:bw=40,experts=[0,2,3,5]; c6:bw=13,experts=[0]; c3:bw=26,experts=[0,3]; c7:bw=31,experts=[0,2,3]; c4:bw=14,experts=[0]; c1:bw=10,experts=[0]; c8:bw=57,experts=[0,2,3,4,5]; c9:bw=10,experts=[0]
    8 | 0.01000 |   1.4237 |   34.17% |   34.17% |    0:11.44
      bandwidth/experts | c4:bw=10,experts=[7]; c8:bw=37,experts=[0,3,5]; c1:bw=58,experts=[0,1,2,3,5]; c3:bw=37,experts=[0,2,3]; c0:bw=32,experts=[0,5,7]; c5:bw=28,experts=[0,3]; c2:bw=54,experts=[0,2,3,5,7]; c9:bw=59,experts=[0,2,3,4,5]; c7:bw=15,experts=[0]; c6:bw=41,experts=[0,3,5,7]
    9 | 0.01000 |   1.2973 |   33.38% |   34.17% |    0:11.91
      bandwidth/experts | c2:bw=21,experts=[0,4]; c0:bw=52,experts=[0,2,3,4,5]; c4:bw=59,experts=[0,2,3,4,5]; c9:bw=26,experts=[0,3]; c8:bw=18,experts=[0]; c6:bw=31,experts=[0,2,3]; c7:bw=46,experts=[0,3,4,5]; c5:bw=52,experts=[0,2,3,4,5]; c1:bw=14,experts=[4]; c3:bw=23,experts=[0,3]
   10 | 0.01000 |   1.2400 |   38.15% |   38.15% |    0:11.79
      bandwidth/experts | c4:bw=37,experts=[0,3,5]; c2:bw=34,experts=[0,3,5]; c7:bw=37,experts=[0,6,7]; c0:bw=59,experts=[0,2,3,4,5]; c6:bw=65,experts=[0,2,3,4,5,6]; c3:bw=46,experts=[0,3,6,7]; c5:bw=58,experts=[0,2,3,4,5]; c8:bw=35,experts=[0,6,7]; c9:bw=35,experts=[0,3,7]; c1:bw=41,experts=[0,3,5,7]
   11 | 0.01000 |   1.3315 |   38.30% |   38.30% |    0:11.39
      bandwidth/experts | c5:bw=28,experts=[0,3]; c2:bw=27,experts=[0,3]; c7:bw=44,experts=[0,3,4,5]; c3:bw=50,experts=[0,2,3,4,5]; c0:bw=28,experts=[0,3]; c8:bw=39,experts=[0,3,5]; c9:bw=33,experts=[0,3,6]; c6:bw=55,experts=[0,2,3,4,6]; c1:bw=40,experts=[0,3,4,5]; c4:bw=16,experts=[6]
   12 | 0.01000 |   1.2395 |   31.70% |   38.30% |    0:11.92
      bandwidth/experts | c1:bw=42,experts=[0,3,4,6]; c5:bw=56,experts=[0,3,5,6,7]; c2:bw=57,experts=[0,1,3,5,6]; c4:bw=28,experts=[0,1]; c3:bw=35,experts=[0,3,4]; c7:bw=30,experts=[0,3,5]; c9:bw=42,experts=[0,3,4,5]; c6:bw=29,experts=[0,3]; c8:bw=55,experts=[0,1,3,4,5]; c0:bw=49,experts=[0,3,4,6]
   13 | 0.01000 |   1.2617 |   35.56% |   38.30% |    0:11.72
      bandwidth/experts | c3:bw=30,experts=[0,1,3]; c1:bw=47,experts=[0,3,5,6]; c4:bw=10,experts=[0]; c5:bw=29,experts=[0,1]; c8:bw=15,experts=[0]; c6:bw=36,experts=[0,1,3]; c9:bw=15,experts=[1]; c7:bw=58,experts=[0,3,4,5,6]; c0:bw=25,experts=[0,1]; c2:bw=16,experts=[0]
   14 | 0.01000 |   1.2019 |   38.85% |   38.85% |    0:11.87
      bandwidth/experts | c2:bw=45,experts=[0,3,4,5]; c4:bw=10,experts=[0]; c5:bw=64,experts=[0,1,3,4,5,6]; c1:bw=38,experts=[0,3,5]; c7:bw=25,experts=[0,1]; c0:bw=25,experts=[0,3]; c9:bw=32,experts=[0,3,5]; c3:bw=45,experts=[0,3,4,5]; c8:bw=21,experts=[0,3]; c6:bw=67,experts=[0,2,3,4,5,6]
   15 | 0.01000 |   1.1947 |   40.54% |   40.54% |    0:11.69
      bandwidth/experts | c7:bw=59,experts=[0,2,3,5,6]; c0:bw=20,experts=[0,3]; c1:bw=14,experts=[0]; c8:bw=52,experts=[0,1,2,3,5]; c3:bw=10,experts=[0]; c2:bw=53,experts=[0,3,4,5,6]; c4:bw=47,experts=[0,3,4,5]; c5:bw=18,experts=[0]; c9:bw=19,experts=[0]; c6:bw=33,experts=[0,3,5]
   16 | 0.01000 |   1.2092 |   39.19% |   40.54% |    0:11.97
      bandwidth/experts | c6:bw=40,experts=[0,3,5,7]; c1:bw=29,experts=[1,2]; c3:bw=43,experts=[0,3,4,5]; c8:bw=49,experts=[0,3,4,5]; c7:bw=22,experts=[0,3]; c5:bw=40,experts=[0,3,4,5]; c4:bw=35,experts=[0,3,7]; c9:bw=24,experts=[0,2]; c0:bw=57,experts=[0,3,5,6,7]; c2:bw=52,experts=[0,2,3,5,7]
   17 | 0.01000 |   1.1414 |   39.90% |   40.54% |    0:11.96
      bandwidth/experts | c4:bw=58,experts=[0,2,3,4,5]; c7:bw=25,experts=[0,3]; c8:bw=10,experts=[0]; c3:bw=52,experts=[0,3,4,5,6]; c5:bw=10,experts=[0]; c1:bw=29,experts=[0,3]; c0:bw=11,experts=[0]; c2:bw=19,experts=[0]; c9:bw=37,experts=[0,3,5]; c6:bw=39,experts=[0,3,5]
   18 | 0.01000 |   1.1688 |   41.50% |   41.50% |    0:11.94
      bandwidth/experts | c1:bw=10,experts=[7]; c8:bw=10,experts=[6]; c5:bw=35,experts=[0,2,3]; c2:bw=37,experts=[0,3,4]; c9:bw=19,experts=[7]; c7:bw=55,experts=[0,3,5,6,7]; c4:bw=56,experts=[0,3,4,5,6]; c3:bw=37,experts=[0,3,7]; c0:bw=49,experts=[0,2,3,4]; c6:bw=31,experts=[0,3,4]
   19 | 0.01000 |   1.0861 |   42.15% |   42.15% |    0:11.70
      bandwidth/experts | c8:bw=56,experts=[0,3,4,5,7]; c0:bw=42,experts=[0,3,5,6]; c4:bw=51,experts=[0,3,4,5,6]; c1:bw=46,experts=[0,3,5,6]; c9:bw=38,experts=[0,3,6]; c5:bw=29,experts=[0,3]; c7:bw=22,experts=[0,3]; c2:bw=14,experts=[0]; c6:bw=66,experts=[0,2,3,4,5,6]; c3:bw=40,experts=[0,2,3,4]
   20 | 0.01000 |   1.1491 |   43.09% |   43.09% |    0:11.87
      bandwidth/experts | c0:bw=28,experts=[0,3]; c2:bw=41,experts=[0,1,3,6]; c1:bw=40,experts=[0,3,4,6]; c9:bw=17,experts=[4]; c7:bw=43,experts=[0,3,5,6]; c6:bw=68,experts=[0,1,3,4,5,6]; c3:bw=18,experts=[0]; c5:bw=10,experts=[7]; c4:bw=59,experts=[0,1,3,5,6]; c8:bw=50,experts=[0,3,4,5,6]
   21 | 0.01000 |   1.1411 |   46.65% |   46.65% |    0:11.91
      bandwidth/experts | c1:bw=41,experts=[0,3,5,6]; c2:bw=39,experts=[0,3,5]; c7:bw=12,experts=[4]; c4:bw=48,experts=[0,3,5,6]; c8:bw=18,experts=[0]; c5:bw=32,experts=[0,3,5]; c0:bw=66,experts=[0,1,3,4,5,6]; c3:bw=10,experts=[1]; c6:bw=16,experts=[0]; c9:bw=25,experts=[0,1]
   22 | 0.01000 |   1.0890 |   42.88% |   46.65% |    0:11.63
      bandwidth/experts | c7:bw=16,experts=[1]; c9:bw=33,experts=[0,3,5]; c1:bw=10,experts=[0]; c6:bw=61,experts=[0,2,3,4,5,6]; c5:bw=17,experts=[1]; c2:bw=66,experts=[0,1,3,4,5,6]; c0:bw=67,experts=[0,2,3,4,5,6]; c4:bw=36,experts=[0,3,5]; c3:bw=56,experts=[0,3,4,5,6]; c8:bw=33,experts=[0,3,5]
   23 | 0.01000 |   1.0433 |   40.45% |   46.65% |    0:11.90
      bandwidth/experts | c5:bw=52,experts=[0,3,4,5,6]; c7:bw=15,experts=[2]; c4:bw=56,experts=[0,3,4,5,6]; c6:bw=10,experts=[0]; c9:bw=50,experts=[0,3,4,5,6]; c8:bw=35,experts=[0,1,2]; c3:bw=15,experts=[0]; c1:bw=62,experts=[0,1,3,4,5,6]; c2:bw=32,experts=[0,3,5]; c0:bw=11,experts=[0]
   24 | 0.01000 |   1.0701 |   43.49% |   46.65% |    0:11.58
      bandwidth/experts | c6:bw=30,experts=[0,3,7]; c4:bw=12,experts=[7]; c7:bw=10,experts=[0]; c9:bw=50,experts=[0,2,3,4,5]; c2:bw=43,experts=[0,2,3,7]; c1:bw=10,experts=[2]; c5:bw=25,experts=[0,3]; c8:bw=18,experts=[0]; c3:bw=10,experts=[0]; c0:bw=31,experts=[0,3,7]
   25 | 0.01000 |   1.0146 |   46.20% |   46.65% |    0:11.85
      bandwidth/experts | c9:bw=40,experts=[0,3,4,5]; c6:bw=16,experts=[0]; c4:bw=58,experts=[0,2,3,4,5]; c3:bw=14,experts=[0]; c5:bw=64,experts=[0,1,3,4,5,6]; c1:bw=49,experts=[0,3,5,6]; c8:bw=55,experts=[0,1,3,4,5]; c2:bw=12,experts=[0]; c0:bw=56,experts=[0,3,4,5,6]; c7:bw=40,experts=[0,3,5,6]
   26 | 0.01000 |   1.0154 |   47.92% |   47.92% |    0:12.20
      bandwidth/experts | c3:bw=44,experts=[0,3,5,7]; c6:bw=34,experts=[0,3,5]; c9:bw=50,experts=[0,3,4,5,7]; c7:bw=31,experts=[0,3,7]; c1:bw=33,experts=[0,3,7]; c5:bw=20,experts=[0,2]; c2:bw=30,experts=[0,3,5]; c8:bw=53,experts=[0,3,4,5,6]; c0:bw=11,experts=[0]; c4:bw=48,experts=[0,3,4,5]
   27 | 0.01000 |   1.0207 |   47.00% |   47.92% |    0:11.93
      bandwidth/experts | c7:bw=51,experts=[0,3,4,5,6]; c1:bw=62,experts=[0,1,3,4,5,6]; c4:bw=12,experts=[0]; c0:bw=36,experts=[0,3,5]; c9:bw=18,experts=[0]; c2:bw=20,experts=[0,3]; c8:bw=55,experts=[0,3,4,5,7]; c3:bw=21,experts=[0,2]; c6:bw=63,experts=[0,1,3,4,5,6]; c5:bw=37,experts=[0,3,5]
   28 | 0.01000 |   1.0589 |   48.90% |   48.90% |    0:11.99
      bandwidth/experts | c6:bw=29,experts=[0,3]; c9:bw=49,experts=[0,3,4,5]; c0:bw=47,experts=[0,3,4,5]; c8:bw=29,experts=[0,3]; c2:bw=10,experts=[0]; c5:bw=33,experts=[0,3,7]; c1:bw=25,experts=[0,3]; c3:bw=12,experts=[0]; c4:bw=10,experts=[1]; c7:bw=10,experts=[0]
   29 | 0.01000 |   0.9709 |   42.33% |   48.90% |    0:12.06
      bandwidth/experts | c4:bw=38,experts=[0,3,5]; c0:bw=44,experts=[0,1,3,5]; c1:bw=33,experts=[0,3,5]; c9:bw=44,experts=[0,1,3,5]; c6:bw=43,experts=[0,3,4,5]; c8:bw=34,experts=[0,3,5]; c7:bw=21,experts=[0,3]; c3:bw=32,experts=[0,1,3]; c2:bw=18,experts=[0]; c5:bw=33,experts=[0,3,5]
   30 | 0.01000 |   1.0165 |   42.51% |   48.90% |    0:11.78
      bandwidth/experts | c5:bw=62,experts=[0,1,3,4,5,6]; c1:bw=35,experts=[0,3,5]; c9:bw=54,experts=[0,3,4,5,6]; c4:bw=51,experts=[0,3,4,5,6]; c0:bw=17,experts=[2]; c8:bw=41,experts=[0,3,4,5]; c6:bw=11,experts=[2]; c7:bw=12,experts=[1]; c3:bw=59,experts=[0,3,4,5,6]; c2:bw=27,experts=[1,4]
   31 | 0.01000 |   0.9808 |   42.02% |   48.90% |    0:11.82
      bandwidth/experts | c6:bw=29,experts=[0,3]; c4:bw=19,experts=[0]; c9:bw=45,experts=[0,3,4,5]; c1:bw=30,experts=[0,3,5]; c5:bw=62,experts=[0,1,3,4,5,6]; c8:bw=33,experts=[0,2,3]; c3:bw=24,experts=[0,3]; c2:bw=15,experts=[6]; c0:bw=47,experts=[0,3,4,5]; c7:bw=63,experts=[0,2,3,4,5,6]
   32 | 0.01000 |   0.9958 |   49.23% |   49.23% |    0:11.80
      bandwidth/experts | c8:bw=21,experts=[0,3]; c5:bw=36,experts=[0,3,5]; c4:bw=49,experts=[0,3,5,7]; c7:bw=47,experts=[0,3,4,5]; c0:bw=46,experts=[0,3,5,7]; c1:bw=21,experts=[0,2]; c3:bw=28,experts=[0,3]; c6:bw=27,experts=[0,7]; c2:bw=54,experts=[0,2,3,5,7]; c9:bw=31,experts=[0,2,3]
   33 | 0.01000 |   0.9194 |   47.83% |   49.23% |    0:11.97
      bandwidth/experts | c7:bw=52,experts=[0,3,4,5,6]; c1:bw=34,experts=[0,3,5]; c3:bw=70,experts=[0,1,2,3,4,5,6]; c6:bw=37,experts=[0,3,5]; c5:bw=29,experts=[0,3]; c9:bw=42,experts=[0,3,4,5]; c2:bw=24,experts=[0,3]; c8:bw=50,experts=[0,1,3,4,5]; c4:bw=45,experts=[0,2,3,5]; c0:bw=62,experts=[0,1,3,4,5,6]
   34 | 0.01000 |   0.9099 |   40.67% |   49.23% |    0:12.02
      bandwidth/experts | c4:bw=46,experts=[0,3,4,5]; c1:bw=46,experts=[0,3,5,7]; c6:bw=48,experts=[0,3,4,5]; c9:bw=68,experts=[0,3,4,5,6,7]; c8:bw=42,experts=[0,3,5,6]; c0:bw=22,experts=[0,3]; c5:bw=60,experts=[0,2,3,4,5,6]; c7:bw=32,experts=[0,3,7]; c3:bw=72,experts=[0,1,3,4,5,6,7]; c2:bw=54,experts=[0,3,4,5,6]
   35 | 0.01000 |   0.9080 |   42.04% |   49.23% |    0:11.60
      bandwidth/experts | c4:bw=33,experts=[0,3,5]; c0:bw=20,experts=[0,3]; c1:bw=31,experts=[1,4,6]; c6:bw=44,experts=[0,1,3,6]; c2:bw=46,experts=[0,3,4,5]; c8:bw=50,experts=[0,3,4,5,7]; c9:bw=27,experts=[0,3]; c7:bw=48,experts=[0,3,4,5]; c5:bw=41,experts=[0,3,4,5]; c3:bw=24,experts=[0,3]
   36 | 0.01000 |   0.8895 |   41.71% |   49.23% |    0:11.95
      bandwidth/experts | c9:bw=37,experts=[0,3,5]; c0:bw=36,experts=[0,3,5]; c3:bw=60,experts=[0,1,3,4,5,6]; c7:bw=27,experts=[0,3]; c6:bw=43,experts=[0,3,5,6]; c5:bw=49,experts=[0,3,5,7]; c1:bw=10,experts=[0]; c4:bw=74,experts=[0,1,2,3,4,5,6]; c8:bw=51,experts=[0,3,4,5,6]; c2:bw=50,experts=[0,3,4,5,6]
   37 | 0.01000 |   0.8945 |   45.27% |   49.23% |    0:12.23
      bandwidth/experts | c1:bw=18,experts=[0]; c5:bw=39,experts=[0,3,5]; c2:bw=36,experts=[0,3,5]; c6:bw=65,experts=[0,1,3,4,5,6]; c4:bw=39,experts=[0,3,5]; c7:bw=42,experts=[0,3,4,5]; c9:bw=40,experts=[0,1,3,5]; c0:bw=54,experts=[0,3,4,5,6]; c3:bw=36,experts=[0,3,5]; c8:bw=10,experts=[0]
   38 | 0.01000 |   0.9007 |   46.98% |   49.23% |    0:11.45
      bandwidth/experts | c8:bw=46,experts=[0,3,4,5]; c6:bw=17,experts=[2]; c4:bw=52,experts=[0,3,4,5,6]; c1:bw=31,experts=[0,3,5]; c5:bw=10,experts=[0]; c2:bw=10,experts=[1]; c3:bw=38,experts=[0,3,5]; c7:bw=51,experts=[0,1,3,4,5]; c9:bw=26,experts=[0,3]; c0:bw=40,experts=[0,2,3,5]
   39 | 0.01000 |   0.8893 |   47.31% |   49.23% |    0:11.96
      bandwidth/experts | c3:bw=26,experts=[0,3]; c0:bw=10,experts=[0]; c1:bw=45,experts=[0,3,5,6]; c7:bw=40,experts=[0,2,3,5]; c6:bw=31,experts=[0,3,5]; c8:bw=45,experts=[0,2,3,5]; c2:bw=36,experts=[0,3,5]; c4:bw=36,experts=[0,3,5]; c9:bw=24,experts=[0,3]; c5:bw=75,experts=[0,1,2,3,4,5,6]
   40 | 0.01000 |   0.9086 |   47.64% |   49.23% |    0:11.73
      bandwidth/experts | c8:bw=26,experts=[0,3]; c1:bw=42,experts=[0,2,3,5]; c5:bw=32,experts=[0,3,5]; c6:bw=46,experts=[0,3,5,7]; c2:bw=65,experts=[0,2,3,4,5,7]; c7:bw=66,experts=[0,1,3,4,5,6]; c3:bw=10,experts=[0]; c4:bw=19,experts=[7]; c9:bw=40,experts=[0,2,3,5]; c0:bw=36,experts=[0,3,7]
   41 | 0.01000 |   0.8447 |   41.39% |   49.23% |    0:11.92
      bandwidth/experts | c2:bw=54,experts=[0,3,4,5,6]; c6:bw=10,experts=[0]; c8:bw=57,experts=[0,1,3,4,5]; c1:bw=10,experts=[0]; c4:bw=50,experts=[0,3,4,5,6]; c5:bw=61,experts=[0,1,3,4,5,6]; c7:bw=68,experts=[0,1,3,4,5,6]; c3:bw=40,experts=[0,2,3,5]; c9:bw=54,experts=[0,3,4,5,6]; c0:bw=10,experts=[1]
   42 | 0.01000 |   0.8343 |   40.77% |   49.23% |    0:11.88
      bandwidth/experts | c5:bw=50,experts=[0,3,4,5,6]; c1:bw=49,experts=[0,3,5,7]; c3:bw=48,experts=[0,3,5,7]; c9:bw=51,experts=[0,3,4,5,7]; c6:bw=34,experts=[0,3,5]; c0:bw=15,experts=[0]; c7:bw=20,experts=[0,7]; c4:bw=55,experts=[0,3,4,5,6]; c8:bw=42,experts=[0,3,4,5]; c2:bw=40,experts=[0,3,5,6]
   43 | 0.01000 |   0.8448 |   46.40% |   49.23% |    0:11.22
      bandwidth/experts | c5:bw=53,experts=[0,3,4,5,6]; c1:bw=58,experts=[0,1,3,4,5]; c2:bw=51,experts=[0,3,4,5,6]; c8:bw=45,experts=[0,3,5,7]; c9:bw=32,experts=[0,3,5]; c7:bw=21,experts=[0,3]; c4:bw=34,experts=[0,3,5]; c6:bw=12,experts=[0]; c3:bw=65,experts=[0,1,3,4,5,6]; c0:bw=21,experts=[0,3]
   44 | 0.01000 |   0.8562 |   43.29% |   49.23% |    0:11.70
      bandwidth/experts | c0:bw=66,experts=[0,1,3,4,5,6]; c3:bw=47,experts=[0,3,4,5]; c4:bw=29,experts=[1,2]; c2:bw=37,experts=[0,3,5]; c7:bw=75,experts=[0,1,2,3,4,5,6]; c5:bw=24,experts=[0,7]; c6:bw=20,experts=[0,3]; c9:bw=37,experts=[0,3,5]; c8:bw=34,experts=[0,3,6]; c1:bw=45,experts=[0,3,5,6]
   45 | 0.01000 |   0.8018 |   40.80% |   49.23% |    0:11.95
      bandwidth/experts | c8:bw=55,experts=[0,3,4,5,6]; c0:bw=36,experts=[0,3,5]; c3:bw=67,experts=[0,1,3,4,5,6]; c4:bw=64,experts=[0,1,3,4,5,6]; c7:bw=36,experts=[0,3,5]; c2:bw=49,experts=[0,3,4,5]; c9:bw=25,experts=[0,1]; c6:bw=10,experts=[1]; c5:bw=44,experts=[0,3,4,5]; c1:bw=56,experts=[0,3,4,5,6]
   46 | 0.01000 |   0.7950 |   48.12% |   49.23% |    0:11.66
      bandwidth/experts | c9:bw=37,experts=[0,3,5]; c3:bw=27,experts=[0,3]; c6:bw=39,experts=[2,4,6]; c1:bw=41,experts=[0,3,5,6]; c4:bw=64,experts=[0,1,3,4,5,6]; c5:bw=41,experts=[0,3,4,5]; c2:bw=57,experts=[0,1,3,4,5]; c8:bw=39,experts=[0,3,5]; c0:bw=55,experts=[0,2,3,5,6]; c7:bw=28,experts=[0,3]
   47 | 0.01000 |   0.7714 |   47.94% |   49.23% |    0:11.94
      bandwidth/experts | c5:bw=52,experts=[0,2,3,4,5]; c6:bw=22,experts=[0,3]; c7:bw=53,experts=[0,3,4,5,6]; c9:bw=17,experts=[0]; c8:bw=39,experts=[0,2,3]; c3:bw=70,experts=[0,1,2,3,4,5,6]; c4:bw=10,experts=[0]; c0:bw=46,experts=[0,3,5,6]; c1:bw=30,experts=[0,3,5]; c2:bw=54,experts=[0,3,4,5,6]
   48 | 0.01000 |   0.8101 |   39.45% |   49.23% |    0:11.80
      bandwidth/experts | c1:bw=50,experts=[0,2,3,5,6]; c8:bw=50,experts=[0,3,4,5,6]; c4:bw=67,experts=[0,3,4,5,6,7]; c2:bw=57,experts=[0,2,3,5,7]; c9:bw=52,experts=[0,2,3,4,5]; c6:bw=45,experts=[0,3,5,7]; c5:bw=55,experts=[0,3,4,5,6]; c7:bw=62,experts=[0,1,3,4,5,6]; c0:bw=16,experts=[7]; c3:bw=18,experts=[0]
   49 | 0.01000 |   0.8557 |   40.81% |   49.23% |    0:11.44
      bandwidth/experts | c4:bw=48,experts=[0,3,5,6]; c3:bw=32,experts=[0,3,5]; c8:bw=26,experts=[0,1]; c0:bw=20,experts=[0,3]; c2:bw=58,experts=[0,3,4,5,6]; c5:bw=56,experts=[0,1,3,4,5]; c6:bw=13,experts=[0]; c7:bw=44,experts=[0,3,5,6]; c9:bw=53,experts=[0,3,4,5,6]; c1:bw=54,experts=[0,3,4,5,6]
   50 | 0.01000 |   0.8350 |   47.54% |   49.23% |    0:12.05
      bandwidth/experts | c8:bw=32,experts=[0,3,5]; c4:bw=10,experts=[0]; c7:bw=34,experts=[0,3,7]; c6:bw=68,experts=[0,1,3,4,5,6]; c2:bw=63,experts=[0,1,3,4,5,6]; c1:bw=64,experts=[0,3,4,5,6,7]; c3:bw=39,experts=[0,3,7]; c0:bw=29,experts=[0,3]; c9:bw=27,experts=[0,7]; c5:bw=31,experts=[0,3,5]
   51 | 0.01000 |   0.7757 |   43.38% |   49.23% |    0:11.64
      bandwidth/experts | c5:bw=47,experts=[0,3,4,5]; c0:bw=53,experts=[0,3,4,5,6]; c1:bw=21,experts=[0,1]; c2:bw=20,experts=[0,3]; c8:bw=46,experts=[0,3,5,7]; c6:bw=52,experts=[0,3,4,5,6]; c9:bw=18,experts=[0]; c3:bw=55,experts=[0,3,4,5,6]; c4:bw=11,experts=[0]; c7:bw=27,experts=[0,3]
   52 | 0.01000 |   0.7552 |   40.74% |   49.23% |    0:12.10
      bandwidth/experts | c0:bw=46,experts=[0,1,3,5]; c8:bw=18,experts=[0]; c5:bw=24,experts=[0,7]; c7:bw=34,experts=[0,2,3]; c1:bw=40,experts=[0,3,4,5]; c4:bw=33,experts=[0,2,3]; c9:bw=31,experts=[0,3,5]; c6:bw=51,experts=[0,3,4,5,6]; c2:bw=29,experts=[0,3]; c3:bw=43,experts=[0,3,5,6]
   53 | 0.01000 |   0.7881 |   50.77% |   50.77% |    0:12.30
      bandwidth/experts | c8:bw=22,experts=[0,3]; c4:bw=28,experts=[0,3]; c5:bw=44,experts=[0,3,4,5]; c1:bw=59,experts=[0,3,4,5,6]; c3:bw=47,experts=[0,3,5,6]; c9:bw=61,experts=[0,1,3,4,5,6]; c6:bw=36,experts=[0,3,5]; c7:bw=44,experts=[0,3,4,5]; c0:bw=39,experts=[0,3,5]; c2:bw=51,experts=[0,3,4,5,6]
   54 | 0.01000 |   0.7431 |   49.84% |   50.77% |    0:11.62
      bandwidth/experts | c2:bw=10,experts=[0]; c1:bw=53,experts=[0,3,4,5,6]; c8:bw=55,experts=[0,3,4,5,6]; c7:bw=61,experts=[0,1,3,4,5,6]; c3:bw=30,experts=[0,3,5]; c0:bw=37,experts=[0,2,3]; c6:bw=54,experts=[0,2,3,5,6]; c5:bw=10,experts=[0]; c9:bw=50,experts=[0,3,4,5,6]; c4:bw=32,experts=[0,1,3]
   55 | 0.01000 |   0.7574 |   47.26% |   50.77% |    0:11.90
      bandwidth/experts | c7:bw=54,experts=[0,3,4,5,6]; c2:bw=41,experts=[0,3,4,5]; c4:bw=14,experts=[0]; c3:bw=52,experts=[0,1,2,3,5]; c8:bw=14,experts=[2]; c5:bw=53,experts=[0,2,3,4,5]; c1:bw=60,experts=[0,1,3,4,5,6]; c6:bw=42,experts=[0,3,4,5]; c0:bw=27,experts=[0,3]; c9:bw=62,experts=[0,1,3,4,5,6]
   56 | 0.01000 |   0.8018 |   45.95% |   50.77% |    0:11.70
      bandwidth/experts | c9:bw=52,experts=[0,2,3,4,5]; c1:bw=56,experts=[0,2,3,4,5]; c3:bw=10,experts=[0]; c2:bw=53,experts=[0,2,3,5,7]; c5:bw=31,experts=[0,3,6]; c4:bw=10,experts=[4]; c8:bw=13,experts=[0]; c7:bw=18,experts=[0]; c6:bw=23,experts=[0,7]; c0:bw=70,experts=[0,1,3,4,5,6,7]
   57 | 0.01000 |   0.7625 |   41.89% |   50.77% |    0:11.67
      bandwidth/experts | c3:bw=64,experts=[0,1,3,4,5,6]; c8:bw=43,experts=[0,1,3,5]; c6:bw=48,experts=[0,3,5,6]; c1:bw=49,experts=[0,3,5,6]; c7:bw=69,experts=[0,1,3,4,5,6]; c0:bw=70,experts=[0,1,2,3,4,5,6]; c5:bw=44,experts=[0,1,3,5]; c4:bw=41,experts=[0,5,6,7]; c2:bw=33,experts=[0,3,5]; c9:bw=19,experts=[0]
   58 | 0.01000 |   0.7602 |   46.10% |   50.77% |    0:12.06
      bandwidth/experts | c7:bw=24,experts=[0,7]; c2:bw=10,experts=[1]; c9:bw=57,experts=[0,3,4,5,7]; c6:bw=55,experts=[0,1,3,5,6]; c5:bw=35,experts=[0,3,5]; c1:bw=30,experts=[0,3,7]; c8:bw=40,experts=[0,3,4,5]; c4:bw=38,experts=[0,3,5]; c3:bw=61,experts=[0,3,4,5,6,7]; c0:bw=47,experts=[0,3,4,5]
   59 | 0.01000 |   0.7424 |   49.02% |   50.77% |    0:11.78
      bandwidth/experts | c2:bw=37,experts=[0,3,5]; c8:bw=56,experts=[0,3,4,5,7]; c9:bw=28,experts=[0,3]; c6:bw=19,experts=[0]; c1:bw=65,experts=[0,1,3,4,5,6]; c4:bw=26,experts=[0,3]; c7:bw=28,experts=[0,3]; c5:bw=32,experts=[0,3,5]; c0:bw=52,experts=[0,3,4,5,6]; c3:bw=35,experts=[0,3,5]
   60 | 0.01000 |   0.7330 |   48.77% |   50.77% |    0:11.84
      bandwidth/experts | c0:bw=53,experts=[0,3,4,5,6]; c7:bw=48,experts=[0,2,3,5]; c4:bw=30,experts=[0,2,3]; c2:bw=30,experts=[0,3,5]; c5:bw=33,experts=[0,3,7]; c8:bw=24,experts=[0,3]; c6:bw=59,experts=[0,3,4,5,6]; c9:bw=10,experts=[0]; c1:bw=54,experts=[0,3,4,5,6]; c3:bw=44,experts=[0,3,4,5]
   61 | 0.01000 |   0.7298 |   48.24% |   50.77% |    0:11.81
      bandwidth/experts | c5:bw=49,experts=[0,3,4,5]; c6:bw=37,experts=[0,3,5]; c2:bw=29,experts=[0,6]; c9:bw=38,experts=[0,3,5]; c1:bw=33,experts=[0,3,5]; c3:bw=43,experts=[0,3,4,5]; c8:bw=55,experts=[0,3,4,5,6]; c4:bw=38,experts=[0,3,5]; c7:bw=43,experts=[0,3,4,5]; c0:bw=60,experts=[0,1,3,4,5,6]
   62 | 0.01000 |   0.7198 |   45.86% |   50.77% |    0:12.24
      bandwidth/experts | c8:bw=13,experts=[0]; c6:bw=62,experts=[0,2,3,4,5,6]; c9:bw=16,experts=[0]; c4:bw=60,experts=[0,1,3,4,5,6]; c5:bw=67,experts=[0,1,3,4,5,6]; c0:bw=28,experts=[0,3]; c3:bw=53,experts=[0,3,4,5,6]; c2:bw=42,experts=[0,3,4,5]; c1:bw=75,experts=[0,1,2,3,4,5,6]; c7:bw=44,experts=[0,3,5,6]
   63 | 0.01000 |   0.7454 |   48.79% |   50.77% |    0:13.07
      bandwidth/experts | c5:bw=10,experts=[2]; c9:bw=21,experts=[1,6]; c6:bw=34,experts=[0,3,5]; c3:bw=52,experts=[0,2,3,4,5]; c8:bw=32,experts=[0,2,3]; c1:bw=50,experts=[0,3,4,5,6]; c7:bw=68,experts=[0,1,3,4,5,6]; c0:bw=41,experts=[0,3,4,5]; c2:bw=28,experts=[0,3]; c4:bw=52,experts=[0,3,4,5,6]
   64 | 0.01000 |   0.7399 |   55.42% |   55.42% |    0:12.00
      bandwidth/experts | c6:bw=50,experts=[0,3,5,6,7]; c4:bw=38,experts=[0,3,5]; c5:bw=24,experts=[0,3]; c3:bw=38,experts=[0,3,5]; c7:bw=34,experts=[0,3,5]; c0:bw=32,experts=[0,3,7]; c8:bw=53,experts=[0,3,4,5,6]; c9:bw=59,experts=[0,2,3,4,5]; c2:bw=56,experts=[0,2,3,5,7]; c1:bw=28,experts=[0,3]
   65 | 0.01000 |   0.7232 |   52.95% |   55.42% |    0:12.03
      bandwidth/experts | c7:bw=10,experts=[0]; c5:bw=29,experts=[0,3]; c4:bw=57,experts=[0,3,4,5,7]; c6:bw=50,experts=[0,3,4,5,6]; c8:bw=66,experts=[0,1,3,4,5,6]; c3:bw=42,experts=[0,1,3,5]; c0:bw=41,experts=[0,2,3,5]; c2:bw=28,experts=[0,3]; c1:bw=58,experts=[0,3,4,5,6]; c9:bw=47,experts=[0,3,4,5]
   66 | 0.01000 |   0.7091 |   47.94% |   55.42% |    0:11.88
      bandwidth/experts | c2:bw=41,experts=[0,1,3,5]; c5:bw=17,experts=[0]; c1:bw=54,experts=[0,3,4,5,7]; c8:bw=24,experts=[0,3]; c9:bw=31,experts=[0,3,7]; c6:bw=30,experts=[0,1,3]; c4:bw=41,experts=[0,3,4,5]; c0:bw=38,experts=[0,3,5]; c3:bw=66,experts=[0,3,4,5,6,7]; c7:bw=50,experts=[0,3,4,5,7]
   67 | 0.01000 |   0.7108 |   47.58% |   55.42% |    0:11.67
      bandwidth/experts | c4:bw=51,experts=[0,3,4,5,6]; c5:bw=48,experts=[0,3,4,5]; c1:bw=36,experts=[0,3,5]; c3:bw=25,experts=[0,3]; c6:bw=53,experts=[0,3,4,5,6]; c0:bw=32,experts=[0,3,5]; c2:bw=43,experts=[0,3,4,5]; c9:bw=60,experts=[0,1,3,4,5,6]; c7:bw=59,experts=[0,3,4,5,6]; c8:bw=10,experts=[7]
   68 | 0.01000 |   0.7172 |   48.67% |   55.42% |    0:11.90
      bandwidth/experts | c1:bw=42,experts=[0,3,4,5]; c8:bw=31,experts=[0,3,5]; c2:bw=58,experts=[0,3,4,5,6]; c0:bw=30,experts=[0,3,5]; c3:bw=26,experts=[0,3]; c4:bw=49,experts=[0,2,3,5]; c5:bw=45,experts=[0,3,5,7]; c9:bw=15,experts=[0]; c7:bw=28,experts=[0,2]; c6:bw=32,experts=[0,3,5]
   69 | 0.01000 |   0.7302 |   48.60% |   55.42% |    0:11.83
      bandwidth/experts | c3:bw=41,experts=[0,3,4,5]; c7:bw=58,experts=[0,3,4,5,6]; c1:bw=31,experts=[0,3,5]; c4:bw=41,experts=[0,3,4,5]; c9:bw=35,experts=[0,3,5]; c5:bw=39,experts=[0,3,5]; c0:bw=52,experts=[0,1,3,5,6]; c2:bw=66,experts=[0,1,3,4,5,6]; c8:bw=42,experts=[0,3,4,5]; c6:bw=26,experts=[0,3]
   70 | 0.01000 |   0.7162 |   53.41% |   55.42% |    0:11.38
      bandwidth/experts | c1:bw=24,experts=[1,2]; c9:bw=10,experts=[0]; c7:bw=28,experts=[0,3]; c3:bw=32,experts=[0,3,5]; c0:bw=30,experts=[0,3,5]; c6:bw=26,experts=[0,2]; c2:bw=55,experts=[0,3,4,5,6]; c4:bw=58,experts=[0,1,3,4,5]; c5:bw=23,experts=[1,6]; c8:bw=48,experts=[0,3,4,5]
   71 | 0.01000 |   0.6972 |   53.11% |   55.42% |    0:11.91
      bandwidth/experts | c4:bw=42,experts=[0,3,4,5]; c0:bw=16,experts=[4]; c1:bw=52,experts=[0,3,4,5,6]; c9:bw=40,experts=[0,3,4,5]; c7:bw=20,experts=[0,1]; c5:bw=33,experts=[0,2,3]; c3:bw=62,experts=[0,2,3,4,5,6]; c6:bw=50,experts=[0,3,4,5,6]; c8:bw=39,experts=[0,2,3]; c2:bw=61,experts=[0,1,3,4,5,6]
   72 | 0.01000 |   0.6978 |   49.64% |   55.42% |    0:11.93
      bandwidth/experts | c8:bw=30,experts=[0,3,5]; c1:bw=39,experts=[0,3,5]; c5:bw=43,experts=[0,3,4,5]; c7:bw=48,experts=[0,3,4,5]; c6:bw=19,experts=[7]; c0:bw=52,experts=[0,3,4,5,7]; c3:bw=23,experts=[0,3]; c2:bw=23,experts=[2,7]; c9:bw=38,experts=[0,2,3]; c4:bw=39,experts=[0,3,5]
   73 | 0.01000 |   0.6987 |   51.19% |   55.42% |    0:11.50
      bandwidth/experts | c2:bw=47,experts=[0,3,4,5]; c8:bw=11,experts=[1]; c3:bw=40,experts=[0,1,3,5]; c1:bw=66,experts=[0,1,3,4,5,6]; c5:bw=17,experts=[0]; c9:bw=52,experts=[0,3,4,5,6]; c0:bw=28,experts=[0,2]; c7:bw=37,experts=[0,3,5]; c6:bw=20,experts=[0,3]; c4:bw=41,experts=[0,3,5,7]
   74 | 0.01000 |   0.7239 |   54.61% |   55.42% |    0:11.77
      bandwidth/experts | c3:bw=10,experts=[7]; c0:bw=40,experts=[0,3,4,5]; c1:bw=28,experts=[0,7]; c5:bw=50,experts=[0,3,4,5,6]; c7:bw=65,experts=[0,3,4,5,6,7]; c8:bw=28,experts=[0,6]; c6:bw=10,experts=[1]; c2:bw=10,experts=[0]; c4:bw=47,experts=[0,3,4,5]; c9:bw=32,experts=[0,3,7]
   75 | 0.01000 |   0.6746 |   54.14% |   55.42% |    0:12.68
      bandwidth/experts | c2:bw=40,experts=[0,3,4,5]; c9:bw=61,experts=[0,1,3,4,5,6]; c1:bw=54,experts=[0,3,4,5,6]; c3:bw=20,experts=[0,3]; c7:bw=28,experts=[0,3]; c6:bw=56,experts=[0,3,4,5,6]; c5:bw=31,experts=[0,3,5]; c4:bw=56,experts=[0,3,4,5,6]; c0:bw=60,experts=[0,1,3,4,5,6]; c8:bw=53,experts=[0,3,4,5,7]
   76 | 0.01000 |   0.6766 |   47.12% |   55.42% |    0:11.57
      bandwidth/experts | c8:bw=29,experts=[0,3]; c5:bw=37,experts=[0,3,7]; c0:bw=31,experts=[0,3,5]; c3:bw=15,experts=[0]; c2:bw=25,experts=[0,3]; c6:bw=23,experts=[0,3]; c7:bw=66,experts=[0,2,3,4,5,6]; c4:bw=60,experts=[0,2,3,4,5,6]; c9:bw=57,experts=[0,3,4,5,6]; c1:bw=53,experts=[0,3,4,5,6]
   77 | 0.01000 |   0.6864 |   45.67% |   55.42% |    0:12.01
      bandwidth/experts | c9:bw=29,experts=[0,3]; c2:bw=34,experts=[0,3,5]; c1:bw=62,experts=[0,1,3,4,5,6]; c8:bw=10,experts=[0]; c4:bw=10,experts=[0]; c7:bw=10,experts=[0]; c6:bw=57,experts=[0,3,4,5,6]; c0:bw=63,experts=[0,1,3,4,5,6]; c3:bw=40,experts=[0,3,4,5]; c5:bw=59,experts=[0,3,4,5,6]
   78 | 0.01000 |   0.7347 |   50.50% |   55.42% |    0:11.92
      bandwidth/experts | c0:bw=26,experts=[0,3]; c4:bw=23,experts=[0,1]; c3:bw=38,experts=[0,3,5]; c7:bw=36,experts=[0,3,5]; c8:bw=54,experts=[0,3,4,5,6]; c1:bw=41,experts=[0,2,3,5]; c9:bw=31,experts=[0,3,5]; c6:bw=57,experts=[0,2,3,5,6]; c5:bw=63,experts=[0,1,3,4,5,6]; c2:bw=34,experts=[0,3,5]
   79 | 0.01000 |   0.7083 |   54.27% |   55.42% |    0:12.72
      bandwidth/experts | c6:bw=21,experts=[0,3]; c9:bw=10,experts=[0]; c0:bw=36,experts=[0,3,5]; c4:bw=80,experts=[0,1,2,3,4,5,6,7]; c7:bw=46,experts=[0,1,3,5]; c8:bw=44,experts=[0,2,3,5]; c5:bw=53,experts=[0,2,3,4,5]; c3:bw=26,experts=[2,6]; c1:bw=37,experts=[0,3,5]; c2:bw=33,experts=[0,1,6]
   80 | 0.01000 |   0.7034 |   50.35% |   55.42% |    0:12.01
      bandwidth/experts | c5:bw=65,experts=[0,1,3,4,5,6]; c9:bw=53,experts=[0,2,3,4,5]; c7:bw=48,experts=[0,3,4,5]; c1:bw=31,experts=[0,3,5]; c3:bw=31,experts=[0,3,5]; c4:bw=57,experts=[0,3,4,5,6]; c2:bw=44,experts=[0,2,3,7]; c0:bw=47,experts=[0,3,5,7]; c6:bw=39,experts=[0,3,7]; c8:bw=51,experts=[0,3,4,5,6]
   81 | 0.01000 |   0.6934 |   53.52% |   55.42% |    0:11.46
      bandwidth/experts | c6:bw=51,experts=[0,3,4,5,6]; c2:bw=45,experts=[0,3,4,5]; c3:bw=67,experts=[0,1,3,4,5,6]; c1:bw=49,experts=[0,3,4,5]; c4:bw=42,experts=[0,3,4,5]; c5:bw=30,experts=[0,3,5]; c9:bw=26,experts=[0,3]; c7:bw=58,experts=[0,3,4,5,6]; c8:bw=48,experts=[0,1,3,5]; c0:bw=50,experts=[0,2,3,4,5]
   82 | 0.01000 |   0.6997 |   52.30% |   55.42% |    0:11.76
      bandwidth/experts | c1:bw=64,experts=[0,3,4,5,6,7]; c0:bw=30,experts=[0,3,5]; c6:bw=36,experts=[0,1,3]; c8:bw=58,experts=[0,3,4,5,6]; c7:bw=40,experts=[0,3,5,7]; c3:bw=39,experts=[0,3,7]; c2:bw=30,experts=[0,3,5]; c9:bw=56,experts=[0,3,4,5,7]; c5:bw=40,experts=[0,3,4,5]; c4:bw=30,experts=[0,3,5]
   83 | 0.01000 |   0.6890 |   53.06% |   55.42% |    0:11.72
      bandwidth/experts | c9:bw=51,experts=[0,1,3,4,5]; c4:bw=10,experts=[0]; c2:bw=41,experts=[0,3,4,5]; c7:bw=37,experts=[0,3,5]; c5:bw=10,experts=[0]; c0:bw=10,experts=[0]; c6:bw=53,experts=[0,3,4,5,6]; c1:bw=63,experts=[0,1,3,4,5,6]; c8:bw=39,experts=[0,3,7]; c3:bw=42,experts=[0,3,4,5]
   84 | 0.01000 |   0.6678 |   52.64% |   55.42% |    0:12.14
      bandwidth/experts | c8:bw=67,experts=[0,1,3,4,5,6]; c3:bw=32,experts=[0,3,5]; c1:bw=58,experts=[0,3,4,5,6]; c6:bw=10,experts=[0]; c9:bw=20,experts=[0,6]; c2:bw=36,experts=[0,3,5]; c7:bw=47,experts=[0,2,3,5]; c5:bw=20,experts=[0,7]; c4:bw=27,experts=[0,3]; c0:bw=10,experts=[0]
   85 | 0.01000 |   0.6501 |   54.75% |   55.42% |    0:12.14
      bandwidth/experts | c0:bw=38,experts=[0,1,6]; c2:bw=45,experts=[0,3,4,5]; c8:bw=70,experts=[0,1,2,3,4,5,6]; c6:bw=42,experts=[0,3,4,5]; c1:bw=57,experts=[0,3,4,5,6]; c4:bw=42,experts=[0,3,4,5]; c9:bw=58,experts=[0,3,4,5,6]; c3:bw=51,experts=[0,3,4,5,6]; c5:bw=12,experts=[0]; c7:bw=11,experts=[0]
   86 | 0.01000 |   0.6775 |   56.88% |   56.88% |    0:12.33
      bandwidth/experts | c5:bw=47,experts=[0,3,4,5]; c8:bw=28,experts=[0,3]; c2:bw=24,experts=[0,3]; c6:bw=55,experts=[0,2,3,4,5]; c0:bw=30,experts=[0,3,5]; c4:bw=18,experts=[0]; c7:bw=44,experts=[0,3,4,5]; c3:bw=28,experts=[0,3]; c1:bw=72,experts=[0,1,2,3,4,5,6]; c9:bw=43,experts=[0,3,4,5]
   87 | 0.01000 |   0.6705 |   57.14% |   57.14% |    0:13.00
      bandwidth/experts | c1:bw=29,experts=[0,3]; c2:bw=67,experts=[0,1,3,4,5,6]; c7:bw=22,experts=[0,1]; c5:bw=10,experts=[2]; c6:bw=60,experts=[0,1,3,4,5,6]; c3:bw=68,experts=[0,2,3,4,5,6]; c4:bw=34,experts=[1,2,7]; c9:bw=37,experts=[0,3,5]; c8:bw=46,experts=[0,3,4,5]; c0:bw=35,experts=[0,3,5]
   88 | 0.01000 |   0.6666 |   54.17% |   57.14% |    0:11.94
      bandwidth/experts | c8:bw=43,experts=[0,3,4,5]; c6:bw=27,experts=[0,7]; c3:bw=33,experts=[0,3,5]; c7:bw=41,experts=[0,3,4,5]; c0:bw=62,experts=[0,3,4,5,6,7]; c4:bw=38,experts=[0,3,6]; c9:bw=31,experts=[0,2,3]; c1:bw=28,experts=[0,3]; c5:bw=30,experts=[0,1,6]; c2:bw=46,experts=[0,2,3,7]
   89 | 0.01000 |   0.6529 |   52.59% |   57.14% |    0:11.47
      bandwidth/experts | c3:bw=31,experts=[0,1,3]; c8:bw=74,experts=[0,1,2,3,4,5,6]; c2:bw=44,experts=[0,3,4,5]; c9:bw=60,experts=[0,1,3,4,5,6]; c7:bw=21,experts=[0,6]; c5:bw=46,experts=[0,3,4,5]; c0:bw=13,experts=[2]; c6:bw=32,experts=[0,3,5]; c4:bw=30,experts=[0,3,5]; c1:bw=41,experts=[0,3,4,5]
   90 | 0.01000 |   0.6643 |   54.08% |   57.14% |    0:11.92
      bandwidth/experts | c7:bw=72,experts=[0,1,3,4,5,6,7]; c1:bw=31,experts=[0,3,7]; c3:bw=36,experts=[0,3,7]; c9:bw=63,experts=[0,3,4,5,6,7]; c0:bw=64,experts=[0,1,3,4,5,6]; c6:bw=26,experts=[0,3]; c2:bw=21,experts=[0,3]; c5:bw=27,experts=[0,3]; c8:bw=50,experts=[0,3,4,5,6]; c4:bw=35,experts=[0,3,5]
   91 | 0.01000 |   0.6845 |   55.51% |   57.14% |    0:11.72
      bandwidth/experts | c1:bw=50,experts=[0,3,4,5,6]; c9:bw=35,experts=[0,3,5]; c5:bw=52,experts=[0,3,4,5,6]; c7:bw=51,experts=[0,3,4,5,6]; c3:bw=40,experts=[0,3,4,5]; c4:bw=54,experts=[0,3,4,5,6]; c0:bw=22,experts=[0,3]; c6:bw=29,experts=[0,3]; c2:bw=11,experts=[0]; c8:bw=23,experts=[0,7]
   92 | 0.01000 |   0.6783 |   59.34% |   59.34% |    0:11.93
      bandwidth/experts | c3:bw=28,experts=[0,3]; c7:bw=34,experts=[0,2,3]; c1:bw=20,experts=[0,3]; c0:bw=29,experts=[0,3]; c8:bw=19,experts=[0]; c6:bw=45,experts=[0,3,4,5]; c9:bw=56,experts=[0,3,4,5,6]; c2:bw=25,experts=[0,3]; c5:bw=66,experts=[0,3,4,5,6,7]; c4:bw=26,experts=[0,3]
   93 | 0.01000 |   0.6834 |   58.46% |   59.34% |    0:12.04
      bandwidth/experts | c1:bw=47,experts=[0,3,4,5]; c3:bw=31,experts=[0,3,5]; c7:bw=22,experts=[0,3]; c9:bw=58,experts=[0,3,4,5,6]; c6:bw=22,experts=[0,3]; c8:bw=10,experts=[0]; c5:bw=10,experts=[0]; c4:bw=32,experts=[0,3,5]; c0:bw=19,experts=[0]; c2:bw=51,experts=[0,3,4,5,6]
   94 | 0.01000 |   0.6556 |   52.05% |   59.34% |    0:11.61
      bandwidth/experts | c7:bw=45,experts=[0,3,4,5]; c2:bw=65,experts=[0,1,3,4,5,6]; c5:bw=41,experts=[0,3,4,5]; c4:bw=31,experts=[0,3,5]; c6:bw=30,experts=[0,2,3]; c9:bw=50,experts=[0,3,4,5,6]; c1:bw=70,experts=[0,1,2,3,4,5,6]; c8:bw=10,experts=[0]; c0:bw=55,experts=[0,3,4,5,6]; c3:bw=34,experts=[0,3,5]
   95 | 0.01000 |   0.6522 |   49.38% |   59.34% |    0:12.14
      bandwidth/experts | c7:bw=59,experts=[0,3,4,5,6]; c9:bw=42,experts=[0,3,4,5]; c4:bw=15,experts=[1]; c6:bw=40,experts=[0,1,3,6]; c0:bw=35,experts=[0,3,5]; c3:bw=41,experts=[0,2,3,6]; c1:bw=31,experts=[0,3,5]; c8:bw=76,experts=[0,1,3,4,5,6,7]; c2:bw=23,experts=[0,3]; c5:bw=10,experts=[2]
   96 | 0.01000 |   0.6457 |   50.73% |   59.34% |    0:12.72
      bandwidth/experts | c2:bw=65,experts=[0,2,3,4,5,7]; c9:bw=44,experts=[0,2,3,5]; c3:bw=46,experts=[0,3,4,5]; c1:bw=36,experts=[0,3,5]; c5:bw=60,experts=[0,1,3,4,5,6]; c4:bw=49,experts=[0,2,3,7]; c6:bw=31,experts=[0,3,7]; c7:bw=50,experts=[0,3,4,5,6]; c0:bw=36,experts=[0,3,7]; c8:bw=64,experts=[0,1,3,4,5,6]
   97 | 0.01000 |   0.6457 |   55.41% |   59.34% |    0:11.86
      bandwidth/experts | c0:bw=41,experts=[0,2,3,5]; c9:bw=43,experts=[0,1,3,5]; c8:bw=43,experts=[0,2,3,5]; c4:bw=16,experts=[0]; c7:bw=30,experts=[0,3,5]; c1:bw=50,experts=[0,3,4,5,6]; c3:bw=35,experts=[0,1,3]; c5:bw=46,experts=[0,3,4,5]; c6:bw=50,experts=[0,3,4,5,6]; c2:bw=54,experts=[0,3,4,5,6]
   98 | 0.01000 |   0.6446 |   58.51% |   59.34% |    0:11.87
      bandwidth/experts | c4:bw=52,experts=[0,3,4,5,6]; c8:bw=54,experts=[0,3,4,5,6]; c9:bw=27,experts=[0,7]; c7:bw=24,experts=[1,7]; c6:bw=36,experts=[0,3,5]; c5:bw=49,experts=[0,3,4,5]; c0:bw=33,experts=[0,1,3]; c3:bw=25,experts=[0,7]; c1:bw=26,experts=[0,7]; c2:bw=24,experts=[0,3]
   99 | 0.01000 |   0.6411 |   58.65% |   59.34% |    0:11.71
      bandwidth/experts | c8:bw=34,experts=[0,3,5]; c5:bw=49,experts=[0,3,4,5]; c7:bw=45,experts=[0,3,4,5]; c1:bw=59,experts=[0,3,4,5,6]; c3:bw=38,experts=[0,3,5]; c9:bw=20,experts=[0,3]; c4:bw=24,experts=[0,3]; c0:bw=40,experts=[0,3,4,5]; c2:bw=31,experts=[0,3,5]; c6:bw=35,experts=[0,3,5]
  100 | 0.01000 |   0.6465 |   52.76% |   59.34% |    0:12.00
      bandwidth/experts | c2:bw=30,experts=[0,3,5]; c8:bw=44,experts=[0,3,4,5]; c9:bw=53,experts=[0,3,4,5,6]; c5:bw=18,experts=[7]; c6:bw=44,experts=[0,3,4,5]; c1:bw=17,experts=[0]; c4:bw=65,experts=[0,1,3,4,5,6]; c7:bw=10,experts=[2]; c3:bw=42,experts=[0,3,4,5]; c0:bw=64,experts=[0,1,3,4,5,6]

Done. Best Acc: 59.34% @ round 92
Total time: 19:53.98
[Export] 实验目录: /userhome/cs3/duanty/FedMoE/results/exp01-stl10-vgg11-e8-fedadam/20260922-015959
[Export] 每轮明细: /userhome/cs3/duanty/FedMoE/results/exp01-stl10-vgg11-e8-fedadam/20260922-015959/rounds.xlsx
[Export] 总体摘要: /userhome/cs3/duanty/FedMoE/results/exp01-stl10-vgg11-e8-fedadam/20260922-015959/summary.xlsx
[Plot] result = /userhome/cs3/duanty/FedMoE/results/exp01-stl10-vgg11-e8-fedadam/20260922-015959
[Plot] figures -> /userhome/cs3/duanty/FedMoE/results/exp01-stl10-vgg11-e8-fedadam/20260922-015959/figure
  fig01_test_accuracy.pdf
  fig02_train_loss.pdf
  fig03_acc_and_loss.pdf
  fig04_bandwidth_and_k.pdf
  fig05_expert_round_heatmap.pdf
  fig06_client_expert_heatmap.pdf
  fig07_expert_frequency.pdf
  fig08_time_breakdown.pdf
  fig09_accuracy_vs_communication.pdf
  fig10_overview.pdf
[Export] 图片目录: /userhome/cs3/duanty/FedMoE/results/exp01-stl10-vgg11-e8-fedadam/20260922-015959/figure
