========================================
Job    : exp02-tiny-vgg11-e8-random
Host   : gpu-4090-111
Date   : Tue Sep 22 10:37:42 HKT 2026
GPU    : 0
Python : /userhome/cs3/duanty/miniconda3/envs/moe/bin/python
Command: python -u main.py --method ours --dataset tinyimagenet --backbone vgg11 --select random --merge ours --device cuda --num_experts 8 --bw_max -1 --output_dir ./results/exp02-tiny-vgg11-e8-random
========================================

==================================================================
 Ours  
  Dataset=tinyimagenet | beta=0.1 | Backbone=vgg11 | width_mult=1 | Clients=10 | Experts=8
  Select=random | Merge=ours
  Rounds=100 | LR=0.01
  Bandwidth: expert_bw=10 | bw=[10, 80] | Rayleigh-Shannon, SNR=10 dB | k=floor(bw/10)
==================================================================


[Partition] Dirichlet beta=0.1, 10 clients
  Client 0:   9487 samples | 88/200 classes
  Client 1:   9681 samples | 105/200 classes
  Client 2:   8617 samples | 91/200 classes
  Client 3:  10801 samples | 89/200 classes
  Client 4:  11270 samples | 101/200 classes
  Client 5:  10456 samples | 87/200 classes
  Client 6:  10658 samples | 98/200 classes
  Client 7:  11065 samples | 88/200 classes
  Client 8:  10148 samples | 95/200 classes
  Client 9:   7817 samples | 200/200 classes

[Upload] expert_bw=10 | available bw=[10, 80] | Rayleigh-Shannon, SNR=10 dB | upload k=floor(bw/10), cap=8 | random K experts from bandwidth, then train selected

[Model] Total params: 12,149,376

[Export] 本次实验目录: /userhome/cs3/duanty/FedMoE/results/exp02-tiny-vgg11-e8-random/20260922-103749

Round |      LR |  AvgLoss |  TestAcc |     Best |  RoundTime
--------------------------------------------------------------------------------
    1 | 0.00208 |   4.0226 |    1.53% |    1.53% |    3:06.95
      bandwidth/experts | c8:bw=55,experts=[0,2,3,6,7]; c1:bw=29,experts=[2,6]; c5:bw=44,experts=[0,3,5,7]; c0:bw=10,experts=[7]; c7:bw=20,experts=[4,5]; c2:bw=29,experts=[2,3]; c9:bw=45,experts=[0,1,6,7]; c4:bw=40,experts=[0,5,6,7]; c3:bw=51,experts=[0,1,2,4,6]; c6:bw=41,experts=[0,4,6,7]
    2 | 0.00406 |   3.6659 |    3.05% |    3.05% |    2:38.15
      bandwidth/experts | c0:bw=36,experts=[5,6,7]; c1:bw=41,experts=[2,3,4,5]; c8:bw=48,experts=[0,2,3,4]; c5:bw=69,experts=[1,2,4,5,6,7]; c3:bw=67,experts=[0,1,2,3,5,6]; c4:bw=30,experts=[0,2,4]; c7:bw=55,experts=[0,1,2,3,7]; c9:bw=46,experts=[2,3,4,7]; c6:bw=17,experts=[3]; c2:bw=22,experts=[3,7]
    3 | 0.00604 |   3.3625 |    4.92% |    4.92% |    2:37.94
      bandwidth/experts | c9:bw=48,experts=[2,3,5,7]; c2:bw=42,experts=[0,2,4,6]; c0:bw=50,experts=[1,2,3,5,6]; c6:bw=40,experts=[0,1,2,3]; c8:bw=30,experts=[0,2,3]; c5:bw=13,experts=[6]; c3:bw=26,experts=[2,5]; c7:bw=33,experts=[1,2,5]; c1:bw=13,experts=[1]; c4:bw=52,experts=[2,4,5,6,7]
    4 | 0.00802 |   3.2330 |    8.26% |    8.26% |    2:44.36
      bandwidth/experts | c1:bw=40,experts=[1,2,4,7]; c7:bw=45,experts=[1,3,4,5]; c6:bw=53,experts=[0,3,5,6,7]; c2:bw=60,experts=[0,1,3,4,5,7]; c8:bw=31,experts=[1,3,6]; c0:bw=59,experts=[2,3,4,6,7]; c3:bw=34,experts=[0,4,5]; c4:bw=56,experts=[0,2,3,6,7]; c5:bw=73,experts=[0,1,2,3,4,5,6]; c9:bw=22,experts=[0,6]
    5 | 0.01000 |   3.2633 |    8.05% |    8.26% |    2:49.79
      bandwidth/experts | c1:bw=20,experts=[1,7]; c5:bw=40,experts=[1,4,5,6]; c4:bw=48,experts=[1,2,5,7]; c8:bw=37,experts=[1,2,6]; c0:bw=50,experts=[0,1,3,4,6]; c7:bw=24,experts=[1,6]; c6:bw=53,experts=[1,2,4,6,7]; c3:bw=63,experts=[0,1,4,5,6,7]; c2:bw=10,experts=[1]; c9:bw=62,experts=[0,1,3,5,6,7]
    6 | 0.01000 |   3.3568 |    7.37% |    8.26% |    2:40.76
      bandwidth/experts | c8:bw=67,experts=[0,1,4,5,6,7]; c2:bw=42,experts=[2,4,6,7]; c5:bw=27,experts=[3,4]; c7:bw=58,experts=[1,3,5,6,7]; c3:bw=36,experts=[4,5,7]; c1:bw=32,experts=[1,2,4]; c9:bw=48,experts=[0,3,4,5]; c0:bw=31,experts=[4,5,7]; c4:bw=17,experts=[5]; c6:bw=20,experts=[3,5]
    7 | 0.01000 |   3.1574 |   11.86% |   11.86% |    2:44.38
      bandwidth/experts | c0:bw=36,experts=[0,4,7]; c5:bw=49,experts=[0,2,4,7]; c2:bw=40,experts=[0,3,6,7]; c6:bw=13,experts=[6]; c3:bw=26,experts=[4,5]; c7:bw=31,experts=[1,2,5]; c4:bw=14,experts=[1]; c1:bw=10,experts=[0]; c8:bw=57,experts=[0,3,4,5,7]; c9:bw=10,experts=[6]
    8 | 0.01000 |   3.0482 |   15.33% |   15.33% |    2:43.55
      bandwidth/experts | c4:bw=10,experts=[7]; c8:bw=37,experts=[0,1,7]; c1:bw=58,experts=[0,2,3,6,7]; c3:bw=37,experts=[1,6,7]; c0:bw=32,experts=[4,5,6]; c5:bw=28,experts=[2,7]; c2:bw=54,experts=[2,4,5,6,7]; c9:bw=59,experts=[0,1,2,4,6]; c7:bw=15,experts=[2]; c6:bw=41,experts=[1,3,5,7]
    9 | 0.01000 |   2.7531 |   18.44% |   18.44% |    2:48.90
      bandwidth/experts | c2:bw=21,experts=[2,4]; c0:bw=52,experts=[0,3,4,5,6]; c4:bw=59,experts=[1,2,3,4,6]; c9:bw=26,experts=[4,5]; c8:bw=18,experts=[1]; c6:bw=31,experts=[2,5,7]; c7:bw=46,experts=[0,1,4,5]; c5:bw=52,experts=[2,3,4,5,6]; c1:bw=14,experts=[1]; c3:bw=23,experts=[6,7]
   10 | 0.01000 |   2.8225 |   15.21% |   18.44% |    2:44.84
      bandwidth/experts | c4:bw=37,experts=[1,3,5]; c2:bw=34,experts=[1,3,4]; c7:bw=37,experts=[1,5,6]; c0:bw=59,experts=[1,3,4,6,7]; c6:bw=65,experts=[1,2,4,5,6,7]; c3:bw=46,experts=[1,3,4,5]; c5:bw=58,experts=[0,3,5,6,7]; c8:bw=35,experts=[0,1,5]; c9:bw=35,experts=[2,4,7]; c1:bw=41,experts=[0,1,4,7]
   11 | 0.01000 |   2.7227 |   21.88% |   21.88% |    2:40.60
      bandwidth/experts | c5:bw=28,experts=[2,7]; c2:bw=27,experts=[1,4]; c7:bw=44,experts=[0,3,4,7]; c3:bw=50,experts=[0,3,4,5,7]; c0:bw=28,experts=[2,3]; c8:bw=39,experts=[2,3,5]; c9:bw=33,experts=[3,4,7]; c6:bw=55,experts=[0,1,2,3,4]; c1:bw=40,experts=[1,2,4,6]; c4:bw=16,experts=[5]
   12 | 0.01000 |   2.6362 |   21.97% |   21.97% |    2:39.52
      bandwidth/experts | c1:bw=42,experts=[0,3,5,7]; c5:bw=56,experts=[1,2,5,6,7]; c2:bw=57,experts=[0,1,2,4,5]; c4:bw=28,experts=[5,6]; c3:bw=35,experts=[4,5,7]; c7:bw=30,experts=[3,4,7]; c9:bw=42,experts=[0,1,4,5]; c6:bw=29,experts=[2,5]; c8:bw=55,experts=[0,1,4,6,7]; c0:bw=49,experts=[2,3,4,5]
   13 | 0.01000 |   2.4650 |   26.94% |   26.94% |    2:48.87
      bandwidth/experts | c3:bw=30,experts=[2,4,6]; c1:bw=47,experts=[1,2,6,7]; c4:bw=10,experts=[2]; c5:bw=29,experts=[0,4]; c8:bw=15,experts=[0]; c6:bw=36,experts=[2,4,5]; c9:bw=15,experts=[5]; c7:bw=58,experts=[0,2,3,4,6]; c0:bw=25,experts=[2,4]; c2:bw=16,experts=[3]
   14 | 0.01000 |   2.4746 |   16.35% |   26.94% |    2:44.57
      bandwidth/experts | c2:bw=45,experts=[1,3,5,6]; c4:bw=10,experts=[3]; c5:bw=64,experts=[0,3,4,5,6,7]; c1:bw=38,experts=[0,1,7]; c7:bw=25,experts=[5,7]; c0:bw=25,experts=[1,2]; c9:bw=32,experts=[0,1,7]; c3:bw=45,experts=[3,4,6,7]; c8:bw=21,experts=[1,6]; c6:bw=67,experts=[0,1,2,4,5,6]
   15 | 0.01000 |   2.5481 |   21.59% |   26.94% |    2:36.86
      bandwidth/experts | c7:bw=59,experts=[1,3,4,5,7]; c0:bw=20,experts=[0,1]; c1:bw=14,experts=[0]; c8:bw=52,experts=[1,2,3,4,5]; c3:bw=10,experts=[4]; c2:bw=53,experts=[2,3,4,5,7]; c4:bw=47,experts=[0,2,4,7]; c5:bw=18,experts=[5]; c9:bw=19,experts=[2]; c6:bw=33,experts=[0,3,5]
   16 | 0.01000 |   2.4116 |   22.09% |   26.94% |    2:38.43
      bandwidth/experts | c6:bw=40,experts=[1,4,5,7]; c1:bw=29,experts=[0,3]; c3:bw=43,experts=[0,1,5,6]; c8:bw=49,experts=[0,4,6,7]; c7:bw=22,experts=[6,7]; c5:bw=40,experts=[1,4,6,7]; c4:bw=35,experts=[1,3,5]; c9:bw=24,experts=[0,3]; c0:bw=57,experts=[1,2,5,6,7]; c2:bw=52,experts=[0,1,2,3,5]
   17 | 0.01000 |   2.5043 |   15.94% |   26.94% |    2:34.53
      bandwidth/experts | c4:bw=58,experts=[0,1,3,4,5]; c7:bw=25,experts=[4,6]; c8:bw=10,experts=[6]; c3:bw=52,experts=[1,2,3,5,6]; c5:bw=10,experts=[6]; c1:bw=29,experts=[4,7]; c0:bw=11,experts=[5]; c2:bw=19,experts=[1]; c9:bw=37,experts=[1,5,7]; c6:bw=39,experts=[3,4,7]
   18 | 0.01000 |   2.4947 |   15.59% |   26.94% |    2:42.17
      bandwidth/experts | c1:bw=10,experts=[6]; c8:bw=10,experts=[6]; c5:bw=35,experts=[3,5,7]; c2:bw=37,experts=[3,4,5]; c9:bw=19,experts=[1]; c7:bw=55,experts=[2,3,4,5,6]; c4:bw=56,experts=[0,1,3,5,7]; c3:bw=37,experts=[1,2,5]; c0:bw=49,experts=[1,2,4,5]; c6:bw=31,experts=[5,6,7]
   19 | 0.01000 |   2.6594 |   26.88% |   26.94% |    2:37.75
      bandwidth/experts | c8:bw=56,experts=[0,3,4,5,7]; c0:bw=42,experts=[2,3,4,7]; c4:bw=51,experts=[1,2,4,5,7]; c1:bw=46,experts=[0,1,5,7]; c9:bw=38,experts=[1,4,5]; c5:bw=29,experts=[3,7]; c7:bw=22,experts=[3,6]; c2:bw=14,experts=[1]; c6:bw=66,experts=[0,1,3,4,5,6]; c3:bw=40,experts=[0,4,5,7]
   20 | 0.01000 |   2.3750 |   31.16% |   31.16% |    2:43.45
      bandwidth/experts | c0:bw=28,experts=[1,7]; c2:bw=41,experts=[0,1,3,6]; c1:bw=40,experts=[0,2,5,6]; c9:bw=17,experts=[4]; c7:bw=43,experts=[0,2,5,7]; c6:bw=68,experts=[0,1,3,4,5,7]; c3:bw=18,experts=[2]; c5:bw=10,experts=[5]; c4:bw=59,experts=[0,2,3,4,7]; c8:bw=50,experts=[0,1,3,4,7]
   21 | 0.01000 |   2.3649 |   29.05% |   31.16% |    2:39.89
      bandwidth/experts | c1:bw=41,experts=[0,5,6,7]; c2:bw=39,experts=[2,4,6]; c7:bw=12,experts=[2]; c4:bw=48,experts=[1,2,4,7]; c8:bw=18,experts=[3]; c5:bw=32,experts=[1,2,4]; c0:bw=66,experts=[0,1,2,3,4,7]; c3:bw=10,experts=[5]; c6:bw=16,experts=[0]; c9:bw=25,experts=[4,5]
   22 | 0.01000 |   2.2865 |   32.67% |   32.67% |    2:42.53
      bandwidth/experts | c7:bw=16,experts=[1]; c9:bw=33,experts=[1,3,4]; c1:bw=10,experts=[1]; c6:bw=61,experts=[0,1,2,3,4,7]; c5:bw=17,experts=[0]; c2:bw=66,experts=[0,1,3,4,6,7]; c0:bw=67,experts=[0,2,3,4,6,7]; c4:bw=36,experts=[2,4,7]; c3:bw=56,experts=[1,3,4,5,7]; c8:bw=33,experts=[0,2,5]
   23 | 0.01000 |   2.2183 |   33.79% |   33.79% |    2:49.03
      bandwidth/experts | c5:bw=52,experts=[0,3,5,6,7]; c7:bw=15,experts=[1]; c4:bw=56,experts=[0,1,5,6,7]; c6:bw=10,experts=[1]; c9:bw=50,experts=[0,1,2,4,7]; c8:bw=35,experts=[1,4,7]; c3:bw=15,experts=[0]; c1:bw=62,experts=[0,2,4,5,6,7]; c2:bw=32,experts=[2,5,6]; c0:bw=11,experts=[3]
   24 | 0.01000 |   2.1840 |   34.68% |   34.68% |    2:44.56
      bandwidth/experts | c6:bw=30,experts=[0,4,6]; c4:bw=12,experts=[5]; c7:bw=10,experts=[5]; c9:bw=50,experts=[0,1,2,4,5]; c2:bw=43,experts=[0,5,6,7]; c1:bw=10,experts=[0]; c5:bw=25,experts=[1,5]; c8:bw=18,experts=[0]; c3:bw=10,experts=[5]; c0:bw=31,experts=[4,5,6]
   25 | 0.01000 |   2.1133 |   36.98% |   36.98% |    2:44.45
      bandwidth/experts | c9:bw=40,experts=[1,3,5,7]; c6:bw=16,experts=[4]; c4:bw=58,experts=[0,1,3,4,7]; c3:bw=14,experts=[0]; c5:bw=64,experts=[0,3,4,5,6,7]; c1:bw=49,experts=[0,3,4,5]; c8:bw=55,experts=[0,1,3,5,7]; c2:bw=12,experts=[6]; c0:bw=56,experts=[0,2,3,4,7]; c7:bw=40,experts=[0,4,5,7]
   26 | 0.01000 |   2.1237 |   33.70% |   36.98% |    2:48.59
      bandwidth/experts | c3:bw=44,experts=[0,1,6,7]; c6:bw=34,experts=[0,4,5]; c9:bw=50,experts=[1,2,4,6,7]; c7:bw=31,experts=[0,1,4]; c1:bw=33,experts=[1,5,6]; c5:bw=20,experts=[1,7]; c2:bw=30,experts=[3,6,7]; c8:bw=53,experts=[0,1,3,4,7]; c0:bw=11,experts=[7]; c4:bw=48,experts=[1,2,4,7]
   27 | 0.01000 |   2.1145 |   39.04% |   39.04% |    2:43.86
      bandwidth/experts | c7:bw=51,experts=[0,2,3,6,7]; c1:bw=62,experts=[1,3,4,5,6,7]; c4:bw=12,experts=[3]; c0:bw=36,experts=[0,2,5]; c9:bw=18,experts=[2]; c2:bw=20,experts=[1,4]; c8:bw=55,experts=[0,3,4,5,7]; c3:bw=21,experts=[6,7]; c6:bw=63,experts=[0,1,2,4,5,6]; c5:bw=37,experts=[0,3,4]
   28 | 0.01000 |   2.1115 |   19.71% |   39.04% |    2:40.48
      bandwidth/experts | c6:bw=29,experts=[2,4]; c9:bw=49,experts=[1,2,3,4]; c0:bw=47,experts=[0,2,4,7]; c8:bw=29,experts=[3,6]; c2:bw=10,experts=[7]; c5:bw=33,experts=[2,4,5]; c1:bw=25,experts=[4,6]; c3:bw=12,experts=[3]; c4:bw=10,experts=[2]; c7:bw=10,experts=[3]
   29 | 0.01000 |   2.2564 |   28.78% |   39.04% |    2:37.89
      bandwidth/experts | c4:bw=38,experts=[1,4,5]; c0:bw=44,experts=[1,2,3,4]; c1:bw=33,experts=[2,4,7]; c9:bw=44,experts=[1,2,3,5]; c6:bw=43,experts=[0,1,4,6]; c8:bw=34,experts=[1,3,4]; c7:bw=21,experts=[1,5]; c3:bw=32,experts=[3,5,7]; c2:bw=18,experts=[2]; c5:bw=33,experts=[0,4,5]
   30 | 0.01000 |   2.1190 |   37.69% |   39.04% |    2:43.00
      bandwidth/experts | c5:bw=62,experts=[0,1,2,5,6,7]; c1:bw=35,experts=[0,3,5]; c9:bw=54,experts=[0,3,4,5,7]; c4:bw=51,experts=[1,2,3,4,5]; c0:bw=17,experts=[4]; c8:bw=41,experts=[0,2,3,6]; c6:bw=11,experts=[7]; c7:bw=12,experts=[3]; c3:bw=59,experts=[0,2,3,5,7]; c2:bw=27,experts=[1,2]
   31 | 0.01000 |   2.0198 |   38.27% |   39.04% |    2:42.09
      bandwidth/experts | c6:bw=29,experts=[1,3]; c4:bw=19,experts=[1]; c9:bw=45,experts=[0,2,4,7]; c1:bw=30,experts=[0,1,6]; c5:bw=62,experts=[0,1,2,3,4,7]; c8:bw=33,experts=[4,5,6]; c3:bw=24,experts=[4,7]; c2:bw=15,experts=[1]; c0:bw=47,experts=[2,3,4,5]; c7:bw=63,experts=[0,1,2,4,5,6]
   32 | 0.01000 |   1.9748 |   40.32% |   40.32% |    2:39.90
      bandwidth/experts | c8:bw=21,experts=[1,3]; c5:bw=36,experts=[0,5,6]; c4:bw=49,experts=[0,2,4,7]; c7:bw=47,experts=[0,2,3,6]; c0:bw=46,experts=[0,2,5,6]; c1:bw=21,experts=[2,5]; c3:bw=28,experts=[2,3]; c6:bw=27,experts=[2,4]; c2:bw=54,experts=[0,2,5,6,7]; c9:bw=31,experts=[2,3,6]
   33 | 0.01000 |   1.9368 |   41.86% |   41.86% |    2:48.60
      bandwidth/experts | c7:bw=52,experts=[0,1,3,5,6]; c1:bw=34,experts=[2,6,7]; c3:bw=70,experts=[1,2,3,4,5,6,7]; c6:bw=37,experts=[0,1,2]; c5:bw=29,experts=[2,4]; c9:bw=42,experts=[0,2,3,6]; c2:bw=24,experts=[0,2]; c8:bw=50,experts=[0,1,4,5,6]; c4:bw=45,experts=[0,2,6,7]; c0:bw=62,experts=[0,1,3,4,5,6]
   34 | 0.01000 |   1.9175 |   41.58% |   41.86% |    2:43.76
      bandwidth/experts | c4:bw=46,experts=[0,2,5,6]; c1:bw=46,experts=[2,3,5,6]; c6:bw=48,experts=[0,1,3,5]; c9:bw=68,experts=[2,3,4,5,6,7]; c8:bw=42,experts=[0,5,6,7]; c0:bw=22,experts=[2,5]; c5:bw=60,experts=[0,1,2,3,4,7]; c7:bw=32,experts=[1,2,5]; c3:bw=72,experts=[1,2,3,4,5,6,7]; c2:bw=54,experts=[0,1,4,5,6]
   35 | 0.01000 |   1.8959 |   42.25% |   42.25% |    2:45.35
      bandwidth/experts | c4:bw=33,experts=[2,3,7]; c0:bw=20,experts=[2,5]; c1:bw=31,experts=[1,2,3]; c6:bw=44,experts=[3,5,6,7]; c2:bw=46,experts=[0,2,4,5]; c8:bw=50,experts=[0,2,4,5,6]; c9:bw=27,experts=[0,6]; c7:bw=48,experts=[0,4,6,7]; c5:bw=41,experts=[0,3,6,7]; c3:bw=24,experts=[2,5]
   36 | 0.01000 |   1.8596 |   42.90% |   42.90% |    2:49.53
      bandwidth/experts | c9:bw=37,experts=[1,3,5]; c0:bw=36,experts=[0,2,3]; c3:bw=60,experts=[1,2,3,4,6,7]; c7:bw=27,experts=[5,7]; c6:bw=43,experts=[0,5,6,7]; c5:bw=49,experts=[1,5,6,7]; c1:bw=10,experts=[0]; c4:bw=74,experts=[0,1,2,3,4,6,7]; c8:bw=51,experts=[0,2,3,5,7]; c2:bw=50,experts=[0,1,5,6,7]
   37 | 0.01000 |   1.8318 |   44.17% |   44.17% |    2:40.66
      bandwidth/experts | c1:bw=18,experts=[0]; c5:bw=39,experts=[0,1,5]; c2:bw=36,experts=[0,2,3]; c6:bw=65,experts=[0,1,3,4,5,7]; c4:bw=39,experts=[0,1,3]; c7:bw=42,experts=[0,3,6,7]; c9:bw=40,experts=[0,1,4,5]; c0:bw=54,experts=[0,2,3,5,7]; c3:bw=36,experts=[1,6,7]; c8:bw=10,experts=[0]
   38 | 0.01000 |   1.8292 |   36.33% |   44.17% |    2:43.82
      bandwidth/experts | c8:bw=46,experts=[1,2,5,6]; c6:bw=17,experts=[5]; c4:bw=52,experts=[1,2,3,6,7]; c1:bw=31,experts=[1,2,6]; c5:bw=10,experts=[6]; c2:bw=10,experts=[4]; c3:bw=38,experts=[2,5,7]; c7:bw=51,experts=[0,1,3,6,7]; c9:bw=26,experts=[0,6]; c0:bw=40,experts=[1,2,6,7]
   39 | 0.01000 |   1.8284 |   41.16% |   44.17% |    2:46.76
      bandwidth/experts | c3:bw=26,experts=[3,6]; c0:bw=10,experts=[3]; c1:bw=45,experts=[3,5,6,7]; c7:bw=40,experts=[1,2,4,5]; c6:bw=31,experts=[0,1,6]; c8:bw=45,experts=[0,1,2,4]; c2:bw=36,experts=[0,1,3]; c4:bw=36,experts=[2,3,6]; c9:bw=24,experts=[3,6]; c5:bw=75,experts=[0,2,3,4,5,6,7]
   40 | 0.01000 |   1.8030 |   42.38% |   44.17% |    2:44.92
      bandwidth/experts | c8:bw=26,experts=[0,7]; c1:bw=42,experts=[0,2,3,4]; c5:bw=32,experts=[5,6,7]; c6:bw=46,experts=[0,2,3,5]; c2:bw=65,experts=[1,2,4,5,6,7]; c7:bw=66,experts=[0,1,2,3,6,7]; c3:bw=10,experts=[7]; c4:bw=19,experts=[2]; c9:bw=40,experts=[3,5,6,7]; c0:bw=36,experts=[3,4,7]
   41 | 0.01000 |   1.7712 |   44.03% |   44.17% |    2:42.85
      bandwidth/experts | c2:bw=54,experts=[1,2,3,4,5]; c6:bw=10,experts=[3]; c8:bw=57,experts=[1,2,3,5,7]; c1:bw=10,experts=[7]; c4:bw=50,experts=[0,2,3,6,7]; c5:bw=61,experts=[0,2,3,5,6,7]; c7:bw=68,experts=[0,1,2,4,5,7]; c3:bw=40,experts=[0,1,2,3]; c9:bw=54,experts=[0,1,2,6,7]; c0:bw=10,experts=[2]
   42 | 0.01000 |   1.7531 |   36.49% |   44.17% |    2:44.21
      bandwidth/experts | c5:bw=50,experts=[1,2,3,5,7]; c1:bw=49,experts=[3,4,5,7]; c3:bw=48,experts=[0,1,3,4]; c9:bw=51,experts=[1,3,4,6,7]; c6:bw=34,experts=[3,4,7]; c0:bw=15,experts=[3]; c7:bw=20,experts=[2,4]; c4:bw=55,experts=[1,2,4,5,6]; c8:bw=42,experts=[2,3,5,7]; c2:bw=40,experts=[0,2,4,6]
   43 | 0.01000 |   1.7791 |   43.34% |   44.17% |    2:47.69
      bandwidth/experts | c5:bw=53,experts=[1,2,4,6,7]; c1:bw=58,experts=[0,1,3,5,7]; c2:bw=51,experts=[0,2,3,4,5]; c8:bw=45,experts=[0,2,4,5]; c9:bw=32,experts=[1,3,4]; c7:bw=21,experts=[2,7]; c4:bw=34,experts=[4,6,7]; c6:bw=12,experts=[6]; c3:bw=65,experts=[0,1,2,4,5,7]; c0:bw=21,experts=[3,4]
   44 | 0.01000 |   1.7225 |   40.66% |   44.17% |    2:44.19
      bandwidth/experts | c0:bw=66,experts=[0,2,3,5,6,7]; c3:bw=47,experts=[1,3,4,7]; c4:bw=29,experts=[1,5]; c2:bw=37,experts=[0,2,5]; c7:bw=75,experts=[0,1,2,3,4,6,7]; c5:bw=24,experts=[2,4]; c6:bw=20,experts=[4,6]; c9:bw=37,experts=[3,5,7]; c8:bw=34,experts=[2,4,7]; c1:bw=45,experts=[1,2,5,7]
   45 | 0.01000 |   1.7068 |   45.67% |   45.67% |    2:43.38
      bandwidth/experts | c8:bw=55,experts=[0,2,3,5,6]; c0:bw=36,experts=[3,4,6]; c3:bw=67,experts=[0,1,2,3,4,5]; c4:bw=64,experts=[0,1,3,4,5,7]; c7:bw=36,experts=[0,5,6]; c2:bw=49,experts=[1,4,6,7]; c9:bw=25,experts=[3,6]; c6:bw=10,experts=[0]; c5:bw=44,experts=[1,3,4,7]; c1:bw=56,experts=[0,1,2,3,7]
   46 | 0.01000 |   1.6773 |   44.49% |   45.67% |    2:43.13
      bandwidth/experts | c9:bw=37,experts=[2,5,6]; c3:bw=27,experts=[1,5]; c6:bw=39,experts=[2,5,6]; c1:bw=41,experts=[3,4,5,7]; c4:bw=64,experts=[0,1,3,4,5,6]; c5:bw=41,experts=[0,4,5,6]; c2:bw=57,experts=[0,1,2,5,7]; c8:bw=39,experts=[1,3,6]; c0:bw=55,experts=[1,2,5,6,7]; c7:bw=28,experts=[0,7]
   47 | 0.01000 |   1.6644 |   45.21% |   45.67% |    2:39.42
      bandwidth/experts | c5:bw=52,experts=[0,2,3,6,7]; c6:bw=22,experts=[0,1]; c7:bw=53,experts=[0,1,5,6,7]; c9:bw=17,experts=[7]; c8:bw=39,experts=[4,5,7]; c3:bw=70,experts=[0,1,2,4,5,6,7]; c4:bw=10,experts=[1]; c0:bw=46,experts=[2,4,5,7]; c1:bw=30,experts=[0,1,7]; c2:bw=54,experts=[0,1,2,6,7]
   48 | 0.01000 |   1.6494 |   44.69% |   45.67% |    2:40.54
      bandwidth/experts | c1:bw=50,experts=[1,3,4,5,7]; c8:bw=50,experts=[1,3,4,5,7]; c4:bw=67,experts=[0,1,2,5,6,7]; c2:bw=57,experts=[0,2,3,5,7]; c9:bw=52,experts=[1,4,5,6,7]; c6:bw=45,experts=[0,4,5,7]; c5:bw=55,experts=[2,3,4,6,7]; c7:bw=62,experts=[0,1,3,4,5,6]; c0:bw=16,experts=[5]; c3:bw=18,experts=[1]
   49 | 0.01000 |   1.6398 |   45.95% |   45.95% |    2:42.69
      bandwidth/experts | c4:bw=48,experts=[0,1,4,5]; c3:bw=32,experts=[0,3,5]; c8:bw=26,experts=[0,4]; c0:bw=20,experts=[1,6]; c2:bw=58,experts=[0,2,3,4,5]; c5:bw=56,experts=[2,4,5,6,7]; c6:bw=13,experts=[3]; c7:bw=44,experts=[0,5,6,7]; c9:bw=53,experts=[0,1,2,6,7]; c1:bw=54,experts=[1,2,5,6,7]
   50 | 0.01000 |   1.6103 |   45.65% |   45.95% |    2:42.20
      bandwidth/experts | c8:bw=32,experts=[3,4,5]; c4:bw=10,experts=[0]; c7:bw=34,experts=[3,4,5]; c6:bw=68,experts=[0,1,2,3,5,7]; c2:bw=63,experts=[0,1,2,3,6,7]; c1:bw=64,experts=[0,1,4,5,6,7]; c3:bw=39,experts=[0,3,4]; c0:bw=29,experts=[1,2]; c9:bw=27,experts=[4,5]; c5:bw=31,experts=[2,3,5]
   51 | 0.01000 |   1.5955 |   44.27% |   45.95% |    2:38.96
      bandwidth/experts | c5:bw=47,experts=[2,3,5,7]; c0:bw=53,experts=[0,2,3,5,7]; c1:bw=21,experts=[4,6]; c2:bw=20,experts=[5,7]; c8:bw=46,experts=[0,1,2,4]; c6:bw=52,experts=[0,1,3,4,7]; c9:bw=18,experts=[2]; c3:bw=55,experts=[1,3,5,6,7]; c4:bw=11,experts=[3]; c7:bw=27,experts=[0,3]
   52 | 0.01000 |   1.5855 |   46.74% |   46.74% |    2:44.12
      bandwidth/experts | c0:bw=46,experts=[0,1,3,5]; c8:bw=18,experts=[7]; c5:bw=24,experts=[0,7]; c7:bw=34,experts=[2,4,6]; c1:bw=40,experts=[0,1,4,7]; c4:bw=33,experts=[3,5,7]; c9:bw=31,experts=[2,4,6]; c6:bw=51,experts=[0,2,4,5,6]; c2:bw=29,experts=[2,4]; c3:bw=43,experts=[0,5,6,7]
   53 | 0.01000 |   1.5622 |   45.08% |   46.74% |    2:40.75
      bandwidth/experts | c8:bw=22,experts=[0,2]; c4:bw=28,experts=[3,6]; c5:bw=44,experts=[1,2,3,5]; c1:bw=59,experts=[1,2,3,4,7]; c3:bw=47,experts=[0,1,3,4]; c9:bw=61,experts=[1,2,4,5,6,7]; c6:bw=36,experts=[0,2,7]; c7:bw=44,experts=[1,2,4,5]; c0:bw=39,experts=[0,2,5]; c2:bw=51,experts=[0,1,2,3,4]
   54 | 0.01000 |   1.5487 |   46.42% |   46.74% |    2:41.81
      bandwidth/experts | c2:bw=10,experts=[0]; c1:bw=53,experts=[0,1,2,5,6]; c8:bw=55,experts=[0,2,4,6,7]; c7:bw=61,experts=[1,2,3,4,5,6]; c3:bw=30,experts=[1,4,5]; c0:bw=37,experts=[0,3,5]; c6:bw=54,experts=[1,2,3,5,7]; c5:bw=10,experts=[6]; c9:bw=50,experts=[2,3,4,5,7]; c4:bw=32,experts=[2,4,5]
   55 | 0.01000 |   1.5287 |   42.80% |   46.74% |    2:38.81
      bandwidth/experts | c7:bw=54,experts=[1,3,4,6,7]; c2:bw=41,experts=[1,4,5,7]; c4:bw=14,experts=[1]; c3:bw=52,experts=[0,2,3,5,7]; c8:bw=14,experts=[1]; c5:bw=53,experts=[0,1,2,3,5]; c1:bw=60,experts=[1,2,3,5,6,7]; c6:bw=42,experts=[1,3,4,7]; c0:bw=27,experts=[4,6]; c9:bw=62,experts=[0,2,3,4,5,7]
   56 | 0.01000 |   1.5297 |   39.57% |   46.74% |    2:44.20
      bandwidth/experts | c9:bw=52,experts=[1,3,4,5,6]; c1:bw=56,experts=[1,2,5,6,7]; c3:bw=10,experts=[4]; c2:bw=53,experts=[0,3,4,5,6]; c5:bw=31,experts=[3,5,6]; c4:bw=10,experts=[7]; c8:bw=13,experts=[1]; c7:bw=18,experts=[2]; c6:bw=23,experts=[3,6]; c0:bw=70,experts=[0,1,2,3,5,6,7]
   57 | 0.01000 |   1.5511 |   46.59% |   46.74% |    2:41.04
      bandwidth/experts | c3:bw=64,experts=[0,1,2,4,5,6]; c8:bw=43,experts=[1,3,5,7]; c6:bw=48,experts=[1,2,4,5]; c1:bw=49,experts=[1,2,4,5]; c7:bw=69,experts=[0,1,2,3,4,7]; c0:bw=70,experts=[0,1,2,3,5,6,7]; c5:bw=44,experts=[2,3,5,7]; c4:bw=41,experts=[0,1,3,4]; c2:bw=33,experts=[0,4,5]; c9:bw=19,experts=[6]
   58 | 0.01000 |   1.4994 |   47.24% |   47.24% |    2:40.38
      bandwidth/experts | c7:bw=24,experts=[1,7]; c2:bw=10,experts=[3]; c9:bw=57,experts=[0,1,3,4,6]; c6:bw=55,experts=[0,1,3,4,7]; c5:bw=35,experts=[2,3,6]; c1:bw=30,experts=[4,5,6]; c8:bw=40,experts=[0,2,4,7]; c4:bw=38,experts=[0,4,5]; c3:bw=61,experts=[0,2,3,4,5,6]; c0:bw=47,experts=[0,2,6,7]
   59 | 0.01000 |   1.4760 |   46.90% |   47.24% |    2:42.57
      bandwidth/experts | c2:bw=37,experts=[3,6,7]; c8:bw=56,experts=[0,1,2,4,6]; c9:bw=28,experts=[4,6]; c6:bw=19,experts=[1]; c1:bw=65,experts=[0,2,3,4,6,7]; c4:bw=26,experts=[2,6]; c7:bw=28,experts=[3,5]; c5:bw=32,experts=[0,4,7]; c0:bw=52,experts=[0,1,2,4,6]; c3:bw=35,experts=[0,3,6]
   60 | 0.01000 |   1.4578 |   47.08% |   47.24% |    2:40.12
      bandwidth/experts | c0:bw=53,experts=[0,1,2,5,7]; c7:bw=48,experts=[1,2,5,6]; c4:bw=30,experts=[3,5,7]; c2:bw=30,experts=[0,2,4]; c5:bw=33,experts=[0,5,7]; c8:bw=24,experts=[1,5]; c6:bw=59,experts=[0,4,5,6,7]; c9:bw=10,experts=[0]; c1:bw=54,experts=[2,4,5,6,7]; c3:bw=44,experts=[2,4,5,7]
   61 | 0.01000 |   1.4470 |   47.40% |   47.40% |    2:40.88
      bandwidth/experts | c5:bw=49,experts=[1,2,3,6]; c6:bw=37,experts=[3,5,6]; c2:bw=29,experts=[0,4]; c9:bw=38,experts=[0,4,7]; c1:bw=33,experts=[1,4,5]; c3:bw=43,experts=[0,1,2,7]; c8:bw=55,experts=[2,3,4,5,6]; c4:bw=38,experts=[3,4,6]; c7:bw=43,experts=[0,1,2,4]; c0:bw=60,experts=[0,1,2,3,6,7]
   62 | 0.01000 |   1.4319 |   47.67% |   47.67% |    2:45.40
      bandwidth/experts | c8:bw=13,experts=[1]; c6:bw=62,experts=[0,2,3,4,6,7]; c9:bw=16,experts=[4]; c4:bw=60,experts=[0,2,4,5,6,7]; c5:bw=67,experts=[0,3,4,5,6,7]; c0:bw=28,experts=[4,6]; c3:bw=53,experts=[0,1,5,6,7]; c2:bw=42,experts=[1,4,5,7]; c1:bw=75,experts=[0,1,2,3,5,6,7]; c7:bw=44,experts=[4,5,6,7]
   63 | 0.01000 |   1.4250 |   48.31% |   48.31% |    2:43.19
      bandwidth/experts | c5:bw=10,experts=[0]; c9:bw=21,experts=[2,4]; c6:bw=34,experts=[1,3,5]; c3:bw=52,experts=[0,1,3,6,7]; c8:bw=32,experts=[0,2,3]; c1:bw=50,experts=[0,2,3,4,6]; c7:bw=68,experts=[0,2,3,4,6,7]; c0:bw=41,experts=[1,2,3,6]; c2:bw=28,experts=[1,2]; c4:bw=52,experts=[0,1,2,4,6]
   64 | 0.01000 |   1.4039 |   43.17% |   48.31% |    2:45.55
      bandwidth/experts | c6:bw=50,experts=[0,2,4,6,7]; c4:bw=38,experts=[3,4,7]; c5:bw=24,experts=[1,2]; c3:bw=38,experts=[1,3,6]; c7:bw=34,experts=[2,3,6]; c0:bw=32,experts=[1,5,6]; c8:bw=53,experts=[2,3,4,5,6]; c9:bw=59,experts=[0,1,4,5,6]; c2:bw=56,experts=[1,2,4,6,7]; c1:bw=28,experts=[3,7]
   65 | 0.01000 |   1.4126 |   48.45% |   48.45% |    2:44.63
      bandwidth/experts | c7:bw=10,experts=[6]; c5:bw=29,experts=[4,6]; c4:bw=57,experts=[0,1,2,3,7]; c6:bw=50,experts=[0,1,4,5,6]; c8:bw=66,experts=[0,2,3,4,5,6]; c3:bw=42,experts=[3,4,5,7]; c0:bw=41,experts=[0,2,3,6]; c2:bw=28,experts=[4,7]; c1:bw=58,experts=[0,1,4,6,7]; c9:bw=47,experts=[0,1,4,5]
   66 | 0.01000 |   1.3802 |   48.38% |   48.45% |    2:39.90
      bandwidth/experts | c2:bw=41,experts=[0,2,3,5]; c5:bw=17,experts=[0]; c1:bw=54,experts=[0,1,2,3,5]; c8:bw=24,experts=[1,3]; c9:bw=31,experts=[1,3,5]; c6:bw=30,experts=[1,2,6]; c4:bw=41,experts=[0,1,2,5]; c0:bw=38,experts=[0,4,7]; c3:bw=66,experts=[0,1,2,3,4,6]; c7:bw=50,experts=[1,2,4,5,6]
   67 | 0.01000 |   1.3710 |   47.39% |   48.45% |    2:43.75
      bandwidth/experts | c4:bw=51,experts=[1,3,5,6,7]; c5:bw=48,experts=[2,3,5,6]; c1:bw=36,experts=[3,4,7]; c3:bw=25,experts=[0,6]; c6:bw=53,experts=[1,2,3,6,7]; c0:bw=32,experts=[0,1,5]; c2:bw=43,experts=[0,3,6,7]; c9:bw=60,experts=[0,1,2,3,4,7]; c7:bw=59,experts=[1,2,4,5,7]; c8:bw=10,experts=[5]
   68 | 0.01000 |   1.3614 |   47.16% |   48.45% |    2:42.72
      bandwidth/experts | c1:bw=42,experts=[3,5,6,7]; c8:bw=31,experts=[3,5,6]; c2:bw=58,experts=[0,1,3,4,5]; c0:bw=30,experts=[0,4,6]; c3:bw=26,experts=[4,7]; c4:bw=49,experts=[3,5,6,7]; c5:bw=45,experts=[1,2,5,6]; c9:bw=15,experts=[5]; c7:bw=28,experts=[0,2]; c6:bw=32,experts=[0,2,6]
   69 | 0.01000 |   1.3558 |   48.52% |   48.52% |    2:41.58
      bandwidth/experts | c3:bw=41,experts=[0,2,4,7]; c7:bw=58,experts=[0,3,4,6,7]; c1:bw=31,experts=[4,6,7]; c4:bw=41,experts=[1,3,4,7]; c9:bw=35,experts=[1,2,3]; c5:bw=39,experts=[0,4,5]; c0:bw=52,experts=[0,1,3,5,6]; c2:bw=66,experts=[0,1,2,3,6,7]; c8:bw=42,experts=[0,2,3,6]; c6:bw=26,experts=[3,7]
   70 | 0.01000 |   1.3347 |   47.83% |   48.52% |    2:40.15
      bandwidth/experts | c1:bw=24,experts=[4,5]; c9:bw=10,experts=[0]; c7:bw=28,experts=[1,7]; c3:bw=32,experts=[1,4,7]; c0:bw=30,experts=[1,4,7]; c6:bw=26,experts=[2,5]; c2:bw=55,experts=[0,1,5,6,7]; c4:bw=58,experts=[0,1,2,4,6]; c5:bw=23,experts=[0,3]; c8:bw=48,experts=[2,4,5,7]
   71 | 0.01000 |   1.3286 |   48.59% |   48.59% |    2:41.20
      bandwidth/experts | c4:bw=42,experts=[3,4,5,7]; c0:bw=16,experts=[6]; c1:bw=52,experts=[0,1,3,5,6]; c9:bw=40,experts=[1,5,6,7]; c7:bw=20,experts=[1,7]; c5:bw=33,experts=[0,3,5]; c3:bw=62,experts=[0,1,2,3,5,7]; c6:bw=50,experts=[0,2,3,4,7]; c8:bw=39,experts=[2,4,5]; c2:bw=61,experts=[0,1,3,4,6,7]
   72 | 0.01000 |   1.3186 |   46.75% |   48.59% |    2:43.59
      bandwidth/experts | c8:bw=30,experts=[2,3,5]; c1:bw=39,experts=[0,2,6]; c5:bw=43,experts=[0,2,5,7]; c7:bw=48,experts=[3,4,5,6]; c6:bw=19,experts=[2]; c0:bw=52,experts=[2,3,4,5,6]; c3:bw=23,experts=[3,6]; c2:bw=23,experts=[0,7]; c9:bw=38,experts=[3,5,6]; c4:bw=39,experts=[4,5,6]
   73 | 0.01000 |   1.3270 |   48.55% |   48.59% |    2:41.16
      bandwidth/experts | c2:bw=47,experts=[0,4,6,7]; c8:bw=11,experts=[2]; c3:bw=40,experts=[1,2,3,4]; c1:bw=66,experts=[0,2,3,4,5,7]; c5:bw=17,experts=[0]; c9:bw=52,experts=[1,2,3,5,6]; c0:bw=28,experts=[1,7]; c7:bw=37,experts=[3,5,6]; c6:bw=20,experts=[5,7]; c4:bw=41,experts=[0,1,5,6]
   74 | 0.01000 |   1.3040 |   46.17% |   48.59% |    2:40.93
      bandwidth/experts | c3:bw=10,experts=[6]; c0:bw=40,experts=[1,2,3,4]; c1:bw=28,experts=[3,4]; c5:bw=50,experts=[0,1,3,5,6]; c7:bw=65,experts=[1,2,3,5,6,7]; c8:bw=28,experts=[4,7]; c6:bw=10,experts=[2]; c2:bw=10,experts=[5]; c4:bw=47,experts=[0,2,3,7]; c9:bw=32,experts=[0,6,7]
   75 | 0.01000 |   1.2989 |   47.59% |   48.59% |    2:43.68
      bandwidth/experts | c2:bw=40,experts=[1,2,5,6]; c9:bw=61,experts=[0,2,4,5,6,7]; c1:bw=54,experts=[0,3,4,5,6]; c3:bw=20,experts=[5,6]; c7:bw=28,experts=[0,6]; c6:bw=56,experts=[0,3,4,5,7]; c5:bw=31,experts=[1,2,3]; c4:bw=56,experts=[1,2,3,4,6]; c0:bw=60,experts=[2,3,4,5,6,7]; c8:bw=53,experts=[1,4,5,6,7]
   76 | 0.01000 |   1.2832 |   47.95% |   48.59% |    2:38.57
      bandwidth/experts | c8:bw=29,experts=[1,7]; c5:bw=37,experts=[4,6,7]; c0:bw=31,experts=[1,5,6]; c3:bw=15,experts=[6]; c2:bw=25,experts=[0,7]; c6:bw=23,experts=[5,6]; c7:bw=66,experts=[0,1,2,3,5,6]; c4:bw=60,experts=[1,2,4,5,6,7]; c9:bw=57,experts=[1,2,3,5,7]; c1:bw=53,experts=[0,2,3,4,5]
   77 | 0.01000 |   1.2750 |   48.61% |   48.61% |    2:38.87
      bandwidth/experts | c9:bw=29,experts=[2,3]; c2:bw=34,experts=[3,5,6]; c1:bw=62,experts=[0,1,2,4,5,7]; c8:bw=10,experts=[2]; c4:bw=10,experts=[3]; c7:bw=10,experts=[1]; c6:bw=57,experts=[0,1,2,5,6]; c0:bw=63,experts=[0,1,2,3,6,7]; c3:bw=40,experts=[4,5,6,7]; c5:bw=59,experts=[0,1,2,4,5]
   78 | 0.01000 |   1.2694 |   48.74% |   48.74% |    2:48.41
      bandwidth/experts | c0:bw=26,experts=[0,3]; c4:bw=23,experts=[2,3]; c3:bw=38,experts=[0,5,7]; c7:bw=36,experts=[1,4,7]; c8:bw=54,experts=[0,1,2,6,7]; c1:bw=41,experts=[1,4,5,7]; c9:bw=31,experts=[2,3,7]; c6:bw=57,experts=[0,2,3,4,7]; c5:bw=63,experts=[0,1,2,4,6,7]; c2:bw=34,experts=[4,6,7]
   79 | 0.01000 |   1.2613 |   49.26% |   49.26% |    2:51.88
      bandwidth/experts | c6:bw=21,experts=[1,5]; c9:bw=10,experts=[4]; c0:bw=36,experts=[1,6,7]; c4:bw=80,experts=[0,1,2,3,4,5,6,7]; c7:bw=46,experts=[0,2,4,6]; c8:bw=44,experts=[0,4,6,7]; c5:bw=53,experts=[0,3,4,5,7]; c3:bw=26,experts=[0,4]; c1:bw=37,experts=[0,1,7]; c2:bw=33,experts=[2,3,5]
   80 | 0.01000 |   1.2502 |   49.59% |   49.59% |    2:48.14
      bandwidth/experts | c5:bw=65,experts=[0,1,3,4,6,7]; c9:bw=53,experts=[0,1,3,4,6]; c7:bw=48,experts=[0,3,4,6]; c1:bw=31,experts=[4,5,7]; c3:bw=31,experts=[4,5,6]; c4:bw=57,experts=[0,2,4,6,7]; c2:bw=44,experts=[3,4,6,7]; c0:bw=47,experts=[0,2,6,7]; c6:bw=39,experts=[1,2,4]; c8:bw=51,experts=[0,1,2,3,5]
   81 | 0.01000 |   1.2385 |   49.22% |   49.59% |    2:41.54
      bandwidth/experts | c6:bw=51,experts=[0,1,3,4,6]; c2:bw=45,experts=[2,3,4,5]; c3:bw=67,experts=[0,1,3,5,6,7]; c1:bw=49,experts=[0,2,6,7]; c4:bw=42,experts=[0,3,5,6]; c5:bw=30,experts=[3,4,7]; c9:bw=26,experts=[0,5]; c7:bw=58,experts=[1,2,4,5,7]; c8:bw=48,experts=[1,2,4,7]; c0:bw=50,experts=[0,1,2,4,5]
   82 | 0.01000 |   1.2317 |   48.92% |   49.59% |    2:41.69
      bandwidth/experts | c1:bw=64,experts=[0,2,3,5,6,7]; c0:bw=30,experts=[2,5,6]; c6:bw=36,experts=[0,4,7]; c8:bw=58,experts=[1,2,3,4,5]; c7:bw=40,experts=[1,2,5,7]; c3:bw=39,experts=[0,6,7]; c2:bw=30,experts=[3,5,7]; c9:bw=56,experts=[2,3,4,6,7]; c5:bw=40,experts=[1,3,4,6]; c4:bw=30,experts=[0,3,4]
   83 | 0.01000 |   1.2250 |   49.21% |   49.59% |    2:38.30
      bandwidth/experts | c9:bw=51,experts=[0,2,4,5,6]; c4:bw=10,experts=[2]; c2:bw=41,experts=[2,3,4,7]; c7:bw=37,experts=[0,1,4]; c5:bw=10,experts=[2]; c0:bw=10,experts=[6]; c6:bw=53,experts=[2,3,5,6,7]; c1:bw=63,experts=[0,1,3,5,6,7]; c8:bw=39,experts=[0,4,6]; c3:bw=42,experts=[0,1,3,7]
   84 | 0.01000 |   1.2082 |   48.56% |   49.59% |    2:44.57
      bandwidth/experts | c8:bw=67,experts=[1,2,3,4,5,7]; c3:bw=32,experts=[4,5,6]; c1:bw=58,experts=[1,2,5,6,7]; c6:bw=10,experts=[4]; c9:bw=20,experts=[1,7]; c2:bw=36,experts=[0,1,6]; c7:bw=47,experts=[0,1,2,4]; c5:bw=20,experts=[0,6]; c4:bw=27,experts=[1,3]; c0:bw=10,experts=[0]
   85 | 0.01000 |   1.2045 |   49.07% |   49.59% |    2:47.16
      bandwidth/experts | c0:bw=38,experts=[1,3,4]; c2:bw=45,experts=[1,2,6,7]; c8:bw=70,experts=[0,1,2,4,5,6,7]; c6:bw=42,experts=[0,2,5,6]; c1:bw=57,experts=[0,1,2,4,5]; c4:bw=42,experts=[0,2,4,7]; c9:bw=58,experts=[2,3,4,6,7]; c3:bw=51,experts=[0,1,2,3,4]; c5:bw=12,experts=[1]; c7:bw=11,experts=[4]
   86 | 0.01000 |   1.1951 |   48.81% |   49.59% |    2:43.30
      bandwidth/experts | c5:bw=47,experts=[1,2,4,7]; c8:bw=28,experts=[1,7]; c2:bw=24,experts=[4,5]; c6:bw=55,experts=[1,2,4,5,6]; c0:bw=30,experts=[1,2,7]; c4:bw=18,experts=[4]; c7:bw=44,experts=[0,2,3,5]; c3:bw=28,experts=[0,3]; c1:bw=72,experts=[0,1,2,3,4,5,7]; c9:bw=43,experts=[0,2,5,7]
   87 | 0.01000 |   1.1908 |   49.21% |   49.59% |    2:42.63
      bandwidth/experts | c1:bw=29,experts=[2,3]; c2:bw=67,experts=[0,3,4,5,6,7]; c7:bw=22,experts=[1,6]; c5:bw=10,experts=[7]; c6:bw=60,experts=[0,1,2,5,6,7]; c3:bw=68,experts=[0,1,3,4,6,7]; c4:bw=34,experts=[3,5,6]; c9:bw=37,experts=[0,2,7]; c8:bw=46,experts=[0,4,6,7]; c0:bw=35,experts=[1,2,3]
   88 | 0.01000 |   1.1861 |   49.41% |   49.59% |    2:44.60
      bandwidth/experts | c8:bw=43,experts=[0,1,6,7]; c6:bw=27,experts=[1,7]; c3:bw=33,experts=[2,5,6]; c7:bw=41,experts=[0,1,6,7]; c0:bw=62,experts=[0,2,3,4,6,7]; c4:bw=38,experts=[2,4,5]; c9:bw=31,experts=[0,2,5]; c1:bw=28,experts=[1,4]; c5:bw=30,experts=[1,2,5]; c2:bw=46,experts=[0,1,4,5]
   89 | 0.01000 |   1.1809 |   49.65% |   49.65% |    2:43.17
      bandwidth/experts | c3:bw=31,experts=[3,5,6]; c8:bw=74,experts=[0,1,2,3,4,5,7]; c2:bw=44,experts=[4,5,6,7]; c9:bw=60,experts=[0,1,3,4,5,6]; c7:bw=21,experts=[4,6]; c5:bw=46,experts=[0,3,5,6]; c0:bw=13,experts=[0]; c6:bw=32,experts=[0,2,6]; c4:bw=30,experts=[0,2,7]; c1:bw=41,experts=[1,3,5,7]
   90 | 0.01000 |   1.1714 |   49.46% |   49.65% |    2:43.16
      bandwidth/experts | c7:bw=72,experts=[0,1,2,3,4,5,6]; c1:bw=31,experts=[2,4,7]; c3:bw=36,experts=[0,1,2]; c9:bw=63,experts=[0,2,3,5,6,7]; c0:bw=64,experts=[0,2,3,4,5,6]; c6:bw=26,experts=[4,5]; c2:bw=21,experts=[1,3]; c5:bw=27,experts=[1,7]; c8:bw=50,experts=[0,3,4,6,7]; c4:bw=35,experts=[2,4,6]
   91 | 0.01000 |   1.1632 |   48.22% |   49.65% |    2:46.70
      bandwidth/experts | c1:bw=50,experts=[2,3,4,6,7]; c9:bw=35,experts=[1,5,7]; c5:bw=52,experts=[1,2,3,4,5]; c7:bw=51,experts=[0,1,4,5,6]; c3:bw=40,experts=[2,3,6,7]; c4:bw=54,experts=[1,2,5,6,7]; c0:bw=22,experts=[0,7]; c6:bw=29,experts=[3,6]; c2:bw=11,experts=[0]; c8:bw=23,experts=[5,6]
   92 | 0.01000 |   1.1650 |   47.89% |   49.65% |    2:46.30
      bandwidth/experts | c3:bw=28,experts=[1,2]; c7:bw=34,experts=[2,4,6]; c1:bw=20,experts=[5,6]; c0:bw=29,experts=[4,7]; c8:bw=19,experts=[4]; c6:bw=45,experts=[2,3,6,7]; c9:bw=56,experts=[2,3,4,6,7]; c2:bw=25,experts=[0,5]; c5:bw=66,experts=[0,1,2,3,4,7]; c4:bw=26,experts=[0,1]
   93 | 0.01000 |   1.1561 |   39.15% |   49.65% |    2:45.48
      bandwidth/experts | c1:bw=47,experts=[1,2,5,6]; c3:bw=31,experts=[0,2,5]; c7:bw=22,experts=[2,5]; c9:bw=58,experts=[1,2,3,4,6]; c6:bw=22,experts=[2,5]; c8:bw=10,experts=[6]; c5:bw=10,experts=[6]; c4:bw=32,experts=[1,2,4]; c0:bw=19,experts=[7]; c2:bw=51,experts=[3,4,5,6,7]
   94 | 0.01000 |   1.1707 |   49.66% |   49.66% |    2:44.51
      bandwidth/experts | c7:bw=45,experts=[1,2,3,5]; c2:bw=65,experts=[0,2,3,4,5,6]; c5:bw=41,experts=[0,1,3,5]; c4:bw=31,experts=[0,2,7]; c6:bw=30,experts=[0,1,4]; c9:bw=50,experts=[0,1,2,3,4]; c1:bw=70,experts=[0,1,2,3,4,5,7]; c8:bw=10,experts=[1]; c0:bw=55,experts=[0,1,5,6,7]; c3:bw=34,experts=[2,4,6]
   95 | 0.01000 |   1.1430 |   47.88% |   49.66% |    2:42.90
      bandwidth/experts | c7:bw=59,experts=[1,2,3,4,5]; c9:bw=42,experts=[1,3,4,7]; c4:bw=15,experts=[4]; c6:bw=40,experts=[0,1,3,7]; c0:bw=35,experts=[1,3,5]; c3:bw=41,experts=[0,1,2,3]; c1:bw=31,experts=[2,4,6]; c8:bw=76,experts=[0,1,2,3,4,5,6]; c2:bw=23,experts=[3,6]; c5:bw=10,experts=[5]
   96 | 0.01000 |   1.1438 |   38.72% |   49.66% |    2:43.57
      bandwidth/experts | c2:bw=65,experts=[1,2,4,5,6,7]; c9:bw=44,experts=[1,3,4,6]; c3:bw=46,experts=[1,2,3,5]; c1:bw=36,experts=[0,2,5]; c5:bw=60,experts=[2,3,4,5,6,7]; c4:bw=49,experts=[1,4,6,7]; c6:bw=31,experts=[1,5,7]; c7:bw=50,experts=[2,3,4,5,7]; c0:bw=36,experts=[2,4,7]; c8:bw=64,experts=[1,2,3,4,6,7]
   97 | 0.01000 |   1.1741 |   48.74% |   49.66% |    2:42.57
      bandwidth/experts | c0:bw=41,experts=[0,3,4,5]; c9:bw=43,experts=[0,2,4,5]; c8:bw=43,experts=[1,4,5,7]; c4:bw=16,experts=[2]; c7:bw=30,experts=[0,4,5]; c1:bw=50,experts=[2,3,4,5,6]; c3:bw=35,experts=[1,2,5]; c5:bw=46,experts=[0,2,4,6]; c6:bw=50,experts=[1,2,5,6,7]; c2:bw=54,experts=[1,2,4,6,7]
   98 | 0.01000 |   1.1417 |   49.63% |   49.66% |    2:46.07
      bandwidth/experts | c4:bw=52,experts=[0,1,3,4,7]; c8:bw=54,experts=[0,4,5,6,7]; c9:bw=27,experts=[0,2]; c7:bw=24,experts=[1,6]; c6:bw=36,experts=[1,2,3]; c5:bw=49,experts=[0,3,5,7]; c0:bw=33,experts=[0,1,5]; c3:bw=25,experts=[4,6]; c1:bw=26,experts=[0,4]; c2:bw=24,experts=[1,3]
   99 | 0.01000 |   1.1270 |   49.66% |   49.66% |    2:44.99
      bandwidth/experts | c8:bw=34,experts=[2,6,7]; c5:bw=49,experts=[1,2,5,6]; c7:bw=45,experts=[0,3,4,5]; c1:bw=59,experts=[0,3,4,6,7]; c3:bw=38,experts=[0,4,5]; c9:bw=20,experts=[1,2]; c4:bw=24,experts=[0,1]; c0:bw=40,experts=[1,2,3,5]; c2:bw=31,experts=[0,4,6]; c6:bw=35,experts=[1,4,5]
  100 | 0.01000 |   1.1260 |   49.43% |   49.66% |    2:42.66
      bandwidth/experts | c2:bw=30,experts=[0,2,4]; c8:bw=44,experts=[0,1,2,4]; c9:bw=53,experts=[0,1,3,5,6]; c5:bw=18,experts=[7]; c6:bw=44,experts=[1,3,4,5]; c1:bw=17,experts=[6]; c4:bw=65,experts=[0,1,4,5,6,7]; c7:bw=10,experts=[7]; c3:bw=42,experts=[3,4,6,7]; c0:bw=64,experts=[0,2,3,4,6,7]

Done. Best Acc: 49.66% @ round 94
Total time: 4:32:12.17
[Export] 实验目录: /userhome/cs3/duanty/FedMoE/results/exp02-tiny-vgg11-e8-random/20260922-103749
[Export] 每轮明细: /userhome/cs3/duanty/FedMoE/results/exp02-tiny-vgg11-e8-random/20260922-103749/rounds.xlsx
[Export] 总体摘要: /userhome/cs3/duanty/FedMoE/results/exp02-tiny-vgg11-e8-random/20260922-103749/summary.xlsx
[Plot] result = /userhome/cs3/duanty/FedMoE/results/exp02-tiny-vgg11-e8-random/20260922-103749
[Plot] figures -> /userhome/cs3/duanty/FedMoE/results/exp02-tiny-vgg11-e8-random/20260922-103749/figure
  fig01_test_accuracy.pdf
  fig02_train_loss.pdf
  fig03_acc_and_loss.pdf
  fig04_bandwidth_and_k.pdf
  fig05_expert_round_heatmap.pdf
  fig06_client_expert_heatmap.pdf
  fig07_expert_frequency.pdf
  fig08_time_breakdown.pdf
  fig09_accuracy_vs_communication.pdf
  fig10_overview.pdf
[Export] 图片目录: /userhome/cs3/duanty/FedMoE/results/exp02-tiny-vgg11-e8-random/20260922-103749/figure
