========================================
Job    : exp01-svhn-vgg11-e8-random
Host   : gpu-4090-102
Date   : Mon Sep 21 21:23:51 HKT 2026
GPU    : 0
Python : /userhome/cs3/duanty/miniconda3/envs/moe/bin/python
Command: python -u main.py --method ours --dataset svhn --backbone vgg11 --select random --merge ours --device cuda --num_experts 8 --bw_max -1 --output_dir ./results/exp01-svhn-vgg11-e8-random
========================================

==================================================================
 Ours  
  Dataset=svhn | beta=0.1 | Backbone=vgg11 | width_mult=1 | Clients=10 | Experts=8
  Select=random | Merge=ours
  Rounds=100 | LR=0.01
  Bandwidth: expert_bw=10 | bw=[10, 80] | Rayleigh-Shannon, SNR=10 dB | k=floor(bw/10)
==================================================================


[Partition] Dirichlet beta=0.1, 10 clients
  Client 0:   4975 samples | 6/10 classes
  Client 1:  13141 samples | 4/10 classes
  Client 2:   9473 samples | 7/10 classes
  Client 3:   1473 samples | 7/10 classes
  Client 4:   8663 samples | 10/10 classes
  Client 5:   2743 samples | 6/10 classes
  Client 6:  11091 samples | 7/10 classes
  Client 7:  14881 samples | 5/10 classes
  Client 8:   3149 samples | 5/10 classes
  Client 9:   3668 samples | 10/10 classes

[Upload] expert_bw=10 | available bw=[10, 80] | Rayleigh-Shannon, SNR=10 dB | upload k=floor(bw/10), cap=8 | random K experts from bandwidth, then train selected

[Model] Total params: 11,369,616

[Export] 本次实验目录: /userhome/cs3/duanty/FedMoE/results/exp01-svhn-vgg11-e8-random/20260921-212357

Round |      LR |  AvgLoss |  TestAcc |     Best |  RoundTime
--------------------------------------------------------------------------------
    1 | 0.00208 |   1.4276 |    9.16% |    9.16% |    1:26.81
      bandwidth/experts | c8:bw=55,experts=[0,2,3,6,7]; c1:bw=29,experts=[2,6]; c5:bw=44,experts=[0,3,5,7]; c0:bw=10,experts=[7]; c7:bw=20,experts=[4,5]; c2:bw=29,experts=[2,3]; c9:bw=45,experts=[0,1,6,7]; c4:bw=40,experts=[0,5,6,7]; c3:bw=51,experts=[0,1,2,4,6]; c6:bw=41,experts=[0,4,6,7]
    2 | 0.00406 |   1.1435 |   41.16% |   41.16% |    1:25.82
      bandwidth/experts | c0:bw=36,experts=[5,6,7]; c1:bw=41,experts=[2,3,4,5]; c8:bw=48,experts=[0,2,3,4]; c5:bw=69,experts=[1,2,4,5,6,7]; c3:bw=67,experts=[0,1,2,3,5,6]; c4:bw=30,experts=[0,2,4]; c7:bw=55,experts=[0,1,2,3,7]; c9:bw=46,experts=[2,3,4,7]; c6:bw=17,experts=[3]; c2:bw=22,experts=[3,7]
    3 | 0.00604 |   0.9341 |   35.78% |   41.16% |    1:23.50
      bandwidth/experts | c9:bw=48,experts=[2,3,5,7]; c2:bw=42,experts=[0,2,4,6]; c0:bw=50,experts=[1,2,3,5,6]; c6:bw=40,experts=[0,1,2,3]; c8:bw=30,experts=[0,2,3]; c5:bw=13,experts=[6]; c3:bw=26,experts=[2,5]; c7:bw=33,experts=[1,2,5]; c1:bw=13,experts=[1]; c4:bw=52,experts=[2,4,5,6,7]
    4 | 0.00802 |   0.8509 |   54.14% |   54.14% |    1:24.67
      bandwidth/experts | c1:bw=40,experts=[1,2,4,7]; c7:bw=45,experts=[1,3,4,5]; c6:bw=53,experts=[0,3,5,6,7]; c2:bw=60,experts=[0,1,3,4,5,7]; c8:bw=31,experts=[1,3,6]; c0:bw=59,experts=[2,3,4,6,7]; c3:bw=34,experts=[0,4,5]; c4:bw=56,experts=[0,2,3,6,7]; c5:bw=73,experts=[0,1,2,3,4,5,6]; c9:bw=22,experts=[0,6]
    5 | 0.01000 |   0.8104 |   46.89% |   54.14% |    1:25.07
      bandwidth/experts | c1:bw=20,experts=[1,7]; c5:bw=40,experts=[1,4,5,6]; c4:bw=48,experts=[1,2,5,7]; c8:bw=37,experts=[1,2,6]; c0:bw=50,experts=[0,1,3,4,6]; c7:bw=24,experts=[1,6]; c6:bw=53,experts=[1,2,4,6,7]; c3:bw=63,experts=[0,1,4,5,6,7]; c2:bw=10,experts=[1]; c9:bw=62,experts=[0,1,3,5,6,7]
    6 | 0.01000 |   0.7749 |   57.41% |   57.41% |    1:23.63
      bandwidth/experts | c8:bw=67,experts=[0,1,4,5,6,7]; c2:bw=42,experts=[2,4,6,7]; c5:bw=27,experts=[3,4]; c7:bw=58,experts=[1,3,5,6,7]; c3:bw=36,experts=[4,5,7]; c1:bw=32,experts=[1,2,4]; c9:bw=48,experts=[0,3,4,5]; c0:bw=31,experts=[4,5,7]; c4:bw=17,experts=[5]; c6:bw=20,experts=[3,5]
    7 | 0.01000 |   0.7596 |   69.21% |   69.21% |    1:24.42
      bandwidth/experts | c0:bw=36,experts=[0,4,7]; c5:bw=49,experts=[0,2,4,7]; c2:bw=40,experts=[0,3,6,7]; c6:bw=13,experts=[6]; c3:bw=26,experts=[4,5]; c7:bw=31,experts=[1,2,5]; c4:bw=14,experts=[1]; c1:bw=10,experts=[0]; c8:bw=57,experts=[0,3,4,5,7]; c9:bw=10,experts=[6]
    8 | 0.01000 |   0.7387 |   48.36% |   69.21% |    1:26.68
      bandwidth/experts | c4:bw=10,experts=[7]; c8:bw=37,experts=[0,1,7]; c1:bw=58,experts=[0,2,3,6,7]; c3:bw=37,experts=[1,6,7]; c0:bw=32,experts=[4,5,6]; c5:bw=28,experts=[2,7]; c2:bw=54,experts=[2,4,5,6,7]; c9:bw=59,experts=[0,1,2,4,6]; c7:bw=15,experts=[2]; c6:bw=41,experts=[1,3,5,7]
    9 | 0.01000 |   0.7544 |   60.54% |   69.21% |    1:27.99
      bandwidth/experts | c2:bw=21,experts=[2,4]; c0:bw=52,experts=[0,3,4,5,6]; c4:bw=59,experts=[1,2,3,4,6]; c9:bw=26,experts=[4,5]; c8:bw=18,experts=[1]; c6:bw=31,experts=[2,5,7]; c7:bw=46,experts=[0,1,4,5]; c5:bw=52,experts=[2,3,4,5,6]; c1:bw=14,experts=[1]; c3:bw=23,experts=[6,7]
   10 | 0.01000 |   0.7316 |   54.71% |   69.21% |    1:22.68
      bandwidth/experts | c4:bw=37,experts=[1,3,5]; c2:bw=34,experts=[1,3,4]; c7:bw=37,experts=[1,5,6]; c0:bw=59,experts=[1,3,4,6,7]; c6:bw=65,experts=[1,2,4,5,6,7]; c3:bw=46,experts=[1,3,4,5]; c5:bw=58,experts=[0,3,5,6,7]; c8:bw=35,experts=[0,1,5]; c9:bw=35,experts=[2,4,7]; c1:bw=41,experts=[0,1,4,7]
   11 | 0.01000 |   0.7366 |   86.27% |   86.27% |    1:25.25
      bandwidth/experts | c5:bw=28,experts=[2,7]; c2:bw=27,experts=[1,4]; c7:bw=44,experts=[0,3,4,7]; c3:bw=50,experts=[0,3,4,5,7]; c0:bw=28,experts=[2,3]; c8:bw=39,experts=[2,3,5]; c9:bw=33,experts=[3,4,7]; c6:bw=55,experts=[0,1,2,3,4]; c1:bw=40,experts=[1,2,4,6]; c4:bw=16,experts=[5]
   12 | 0.01000 |   0.7048 |   87.12% |   87.12% |    1:21.46
      bandwidth/experts | c1:bw=42,experts=[0,3,5,7]; c5:bw=56,experts=[1,2,5,6,7]; c2:bw=57,experts=[0,1,2,4,5]; c4:bw=28,experts=[5,6]; c3:bw=35,experts=[4,5,7]; c7:bw=30,experts=[3,4,7]; c9:bw=42,experts=[0,1,4,5]; c6:bw=29,experts=[2,5]; c8:bw=55,experts=[0,1,4,6,7]; c0:bw=49,experts=[2,3,4,5]
   13 | 0.01000 |   0.6856 |   90.82% |   90.82% |    1:22.17
      bandwidth/experts | c3:bw=30,experts=[2,4,6]; c1:bw=47,experts=[1,2,6,7]; c4:bw=10,experts=[2]; c5:bw=29,experts=[0,4]; c8:bw=15,experts=[0]; c6:bw=36,experts=[2,4,5]; c9:bw=15,experts=[5]; c7:bw=58,experts=[0,2,3,4,6]; c0:bw=25,experts=[2,4]; c2:bw=16,experts=[3]
   14 | 0.01000 |   0.6768 |   81.96% |   90.82% |    1:23.73
      bandwidth/experts | c2:bw=45,experts=[1,3,5,6]; c4:bw=10,experts=[3]; c5:bw=64,experts=[0,3,4,5,6,7]; c1:bw=38,experts=[0,1,7]; c7:bw=25,experts=[5,7]; c0:bw=25,experts=[1,2]; c9:bw=32,experts=[0,1,7]; c3:bw=45,experts=[3,4,6,7]; c8:bw=21,experts=[1,6]; c6:bw=67,experts=[0,1,2,4,5,6]
   15 | 0.01000 |   0.6773 |   81.48% |   90.82% |    1:22.06
      bandwidth/experts | c7:bw=59,experts=[1,3,4,5,7]; c0:bw=20,experts=[0,1]; c1:bw=14,experts=[0]; c8:bw=52,experts=[1,2,3,4,5]; c3:bw=10,experts=[4]; c2:bw=53,experts=[2,3,4,5,7]; c4:bw=47,experts=[0,2,4,7]; c5:bw=18,experts=[5]; c9:bw=19,experts=[2]; c6:bw=33,experts=[0,3,5]
   16 | 0.01000 |   0.6654 |   86.87% |   90.82% |    1:22.48
      bandwidth/experts | c6:bw=40,experts=[1,4,5,7]; c1:bw=29,experts=[0,3]; c3:bw=43,experts=[0,1,5,6]; c8:bw=49,experts=[0,4,6,7]; c7:bw=22,experts=[6,7]; c5:bw=40,experts=[1,4,6,7]; c4:bw=35,experts=[1,3,5]; c9:bw=24,experts=[0,3]; c0:bw=57,experts=[1,2,5,6,7]; c2:bw=52,experts=[0,1,2,3,5]
   17 | 0.01000 |   0.6698 |   75.14% |   90.82% |    1:25.47
      bandwidth/experts | c4:bw=58,experts=[0,1,3,4,5]; c7:bw=25,experts=[4,6]; c8:bw=10,experts=[6]; c3:bw=52,experts=[1,2,3,5,6]; c5:bw=10,experts=[6]; c1:bw=29,experts=[4,7]; c0:bw=11,experts=[5]; c2:bw=19,experts=[1]; c9:bw=37,experts=[1,5,7]; c6:bw=39,experts=[3,4,7]
   18 | 0.01000 |   0.6719 |   86.75% |   90.82% |    1:20.62
      bandwidth/experts | c1:bw=10,experts=[6]; c8:bw=10,experts=[6]; c5:bw=35,experts=[3,5,7]; c2:bw=37,experts=[3,4,5]; c9:bw=19,experts=[1]; c7:bw=55,experts=[2,3,4,5,6]; c4:bw=56,experts=[0,1,3,5,7]; c3:bw=37,experts=[1,2,5]; c0:bw=49,experts=[1,2,4,5]; c6:bw=31,experts=[5,6,7]
   19 | 0.01000 |   0.6598 |   85.25% |   90.82% |    1:25.73
      bandwidth/experts | c8:bw=56,experts=[0,3,4,5,7]; c0:bw=42,experts=[2,3,4,7]; c4:bw=51,experts=[1,2,4,5,7]; c1:bw=46,experts=[0,1,5,7]; c9:bw=38,experts=[1,4,5]; c5:bw=29,experts=[3,7]; c7:bw=22,experts=[3,6]; c2:bw=14,experts=[1]; c6:bw=66,experts=[0,1,3,4,5,6]; c3:bw=40,experts=[0,4,5,7]
   20 | 0.01000 |   0.6521 |   87.40% |   90.82% |    1:24.50
      bandwidth/experts | c0:bw=28,experts=[1,7]; c2:bw=41,experts=[0,1,3,6]; c1:bw=40,experts=[0,2,5,6]; c9:bw=17,experts=[4]; c7:bw=43,experts=[0,2,5,7]; c6:bw=68,experts=[0,1,3,4,5,7]; c3:bw=18,experts=[2]; c5:bw=10,experts=[5]; c4:bw=59,experts=[0,2,3,4,7]; c8:bw=50,experts=[0,1,3,4,7]
   21 | 0.01000 |   0.6492 |   81.86% |   90.82% |    1:24.89
      bandwidth/experts | c1:bw=41,experts=[0,5,6,7]; c2:bw=39,experts=[2,4,6]; c7:bw=12,experts=[2]; c4:bw=48,experts=[1,2,4,7]; c8:bw=18,experts=[3]; c5:bw=32,experts=[1,2,4]; c0:bw=66,experts=[0,1,2,3,4,7]; c3:bw=10,experts=[5]; c6:bw=16,experts=[0]; c9:bw=25,experts=[4,5]
   22 | 0.01000 |   0.6498 |   76.07% |   90.82% |    1:22.46
      bandwidth/experts | c7:bw=16,experts=[1]; c9:bw=33,experts=[1,3,4]; c1:bw=10,experts=[1]; c6:bw=61,experts=[0,1,2,3,4,7]; c5:bw=17,experts=[0]; c2:bw=66,experts=[0,1,3,4,6,7]; c0:bw=67,experts=[0,2,3,4,6,7]; c4:bw=36,experts=[2,4,7]; c3:bw=56,experts=[1,3,4,5,7]; c8:bw=33,experts=[0,2,5]
   23 | 0.01000 |   0.6457 |   90.52% |   90.82% |    1:20.35
      bandwidth/experts | c5:bw=52,experts=[0,3,5,6,7]; c7:bw=15,experts=[1]; c4:bw=56,experts=[0,1,5,6,7]; c6:bw=10,experts=[1]; c9:bw=50,experts=[0,1,2,4,7]; c8:bw=35,experts=[1,4,7]; c3:bw=15,experts=[0]; c1:bw=62,experts=[0,2,4,5,6,7]; c2:bw=32,experts=[2,5,6]; c0:bw=11,experts=[3]
   24 | 0.01000 |   0.6380 |   84.92% |   90.82% |    1:19.39
      bandwidth/experts | c6:bw=30,experts=[0,4,6]; c4:bw=12,experts=[5]; c7:bw=10,experts=[5]; c9:bw=50,experts=[0,1,2,4,5]; c2:bw=43,experts=[0,5,6,7]; c1:bw=10,experts=[0]; c5:bw=25,experts=[1,5]; c8:bw=18,experts=[0]; c3:bw=10,experts=[5]; c0:bw=31,experts=[4,5,6]
   25 | 0.01000 |   0.6412 |   92.02% |   92.02% |    1:19.76
      bandwidth/experts | c9:bw=40,experts=[1,3,5,7]; c6:bw=16,experts=[4]; c4:bw=58,experts=[0,1,3,4,7]; c3:bw=14,experts=[0]; c5:bw=64,experts=[0,3,4,5,6,7]; c1:bw=49,experts=[0,3,4,5]; c8:bw=55,experts=[0,1,3,5,7]; c2:bw=12,experts=[6]; c0:bw=56,experts=[0,2,3,4,7]; c7:bw=40,experts=[0,4,5,7]
   26 | 0.01000 |   0.6383 |   89.67% |   92.02% |    1:19.97
      bandwidth/experts | c3:bw=44,experts=[0,1,6,7]; c6:bw=34,experts=[0,4,5]; c9:bw=50,experts=[1,2,4,6,7]; c7:bw=31,experts=[0,1,4]; c1:bw=33,experts=[1,5,6]; c5:bw=20,experts=[1,7]; c2:bw=30,experts=[3,6,7]; c8:bw=53,experts=[0,1,3,4,7]; c0:bw=11,experts=[7]; c4:bw=48,experts=[1,2,4,7]
   27 | 0.01000 |   0.6335 |   93.38% |   93.38% |    1:19.60
      bandwidth/experts | c7:bw=51,experts=[0,2,3,6,7]; c1:bw=62,experts=[1,3,4,5,6,7]; c4:bw=12,experts=[3]; c0:bw=36,experts=[0,2,5]; c9:bw=18,experts=[2]; c2:bw=20,experts=[1,4]; c8:bw=55,experts=[0,3,4,5,7]; c3:bw=21,experts=[6,7]; c6:bw=63,experts=[0,1,2,4,5,6]; c5:bw=37,experts=[0,3,4]
   28 | 0.01000 |   0.6304 |   92.94% |   93.38% |    1:19.21
      bandwidth/experts | c6:bw=29,experts=[2,4]; c9:bw=49,experts=[1,2,3,4]; c0:bw=47,experts=[0,2,4,7]; c8:bw=29,experts=[3,6]; c2:bw=10,experts=[7]; c5:bw=33,experts=[2,4,5]; c1:bw=25,experts=[4,6]; c3:bw=12,experts=[3]; c4:bw=10,experts=[2]; c7:bw=10,experts=[3]
   29 | 0.01000 |   0.6293 |   89.78% |   93.38% |    1:21.77
      bandwidth/experts | c4:bw=38,experts=[1,4,5]; c0:bw=44,experts=[1,2,3,4]; c1:bw=33,experts=[2,4,7]; c9:bw=44,experts=[1,2,3,5]; c6:bw=43,experts=[0,1,4,6]; c8:bw=34,experts=[1,3,4]; c7:bw=21,experts=[1,5]; c3:bw=32,experts=[3,5,7]; c2:bw=18,experts=[2]; c5:bw=33,experts=[0,4,5]
   30 | 0.01000 |   0.6247 |   89.21% |   93.38% |    1:21.26
      bandwidth/experts | c5:bw=62,experts=[0,1,2,5,6,7]; c1:bw=35,experts=[0,3,5]; c9:bw=54,experts=[0,3,4,5,7]; c4:bw=51,experts=[1,2,3,4,5]; c0:bw=17,experts=[4]; c8:bw=41,experts=[0,2,3,6]; c6:bw=11,experts=[7]; c7:bw=12,experts=[3]; c3:bw=59,experts=[0,2,3,5,7]; c2:bw=27,experts=[1,2]
   31 | 0.01000 |   0.6247 |   91.93% |   93.38% |    1:21.39
      bandwidth/experts | c6:bw=29,experts=[1,3]; c4:bw=19,experts=[1]; c9:bw=45,experts=[0,2,4,7]; c1:bw=30,experts=[0,1,6]; c5:bw=62,experts=[0,1,2,3,4,7]; c8:bw=33,experts=[4,5,6]; c3:bw=24,experts=[4,7]; c2:bw=15,experts=[1]; c0:bw=47,experts=[2,3,4,5]; c7:bw=63,experts=[0,1,2,4,5,6]
   32 | 0.01000 |   0.6214 |   93.39% |   93.39% |    1:21.18
      bandwidth/experts | c8:bw=21,experts=[1,3]; c5:bw=36,experts=[0,5,6]; c4:bw=49,experts=[0,2,4,7]; c7:bw=47,experts=[0,2,3,6]; c0:bw=46,experts=[0,2,5,6]; c1:bw=21,experts=[2,5]; c3:bw=28,experts=[2,3]; c6:bw=27,experts=[2,4]; c2:bw=54,experts=[0,2,5,6,7]; c9:bw=31,experts=[2,3,6]
   33 | 0.01000 |   0.6188 |   94.26% |   94.26% |    1:20.11
      bandwidth/experts | c7:bw=52,experts=[0,1,3,5,6]; c1:bw=34,experts=[2,6,7]; c3:bw=70,experts=[1,2,3,4,5,6,7]; c6:bw=37,experts=[0,1,2]; c5:bw=29,experts=[2,4]; c9:bw=42,experts=[0,2,3,6]; c2:bw=24,experts=[0,2]; c8:bw=50,experts=[0,1,4,5,6]; c4:bw=45,experts=[0,2,6,7]; c0:bw=62,experts=[0,1,3,4,5,6]
   34 | 0.01000 |   0.6170 |   93.65% |   94.26% |    1:19.71
      bandwidth/experts | c4:bw=46,experts=[0,2,5,6]; c1:bw=46,experts=[2,3,5,6]; c6:bw=48,experts=[0,1,3,5]; c9:bw=68,experts=[2,3,4,5,6,7]; c8:bw=42,experts=[0,5,6,7]; c0:bw=22,experts=[2,5]; c5:bw=60,experts=[0,1,2,3,4,7]; c7:bw=32,experts=[1,2,5]; c3:bw=72,experts=[1,2,3,4,5,6,7]; c2:bw=54,experts=[0,1,4,5,6]
   35 | 0.01000 |   0.6158 |   94.14% |   94.26% |    1:21.39
      bandwidth/experts | c4:bw=33,experts=[2,3,7]; c0:bw=20,experts=[2,5]; c1:bw=31,experts=[1,2,3]; c6:bw=44,experts=[3,5,6,7]; c2:bw=46,experts=[0,2,4,5]; c8:bw=50,experts=[0,2,4,5,6]; c9:bw=27,experts=[0,6]; c7:bw=48,experts=[0,4,6,7]; c5:bw=41,experts=[0,3,6,7]; c3:bw=24,experts=[2,5]
   36 | 0.01000 |   0.6128 |   93.52% |   94.26% |    1:20.63
      bandwidth/experts | c9:bw=37,experts=[1,3,5]; c0:bw=36,experts=[0,2,3]; c3:bw=60,experts=[1,2,3,4,6,7]; c7:bw=27,experts=[5,7]; c6:bw=43,experts=[0,5,6,7]; c5:bw=49,experts=[1,5,6,7]; c1:bw=10,experts=[0]; c4:bw=74,experts=[0,1,2,3,4,6,7]; c8:bw=51,experts=[0,2,3,5,7]; c2:bw=50,experts=[0,1,5,6,7]
   37 | 0.01000 |   0.6147 |   93.58% |   94.26% |    1:21.23
      bandwidth/experts | c1:bw=18,experts=[0]; c5:bw=39,experts=[0,1,5]; c2:bw=36,experts=[0,2,3]; c6:bw=65,experts=[0,1,3,4,5,7]; c4:bw=39,experts=[0,1,3]; c7:bw=42,experts=[0,3,6,7]; c9:bw=40,experts=[0,1,4,5]; c0:bw=54,experts=[0,2,3,5,7]; c3:bw=36,experts=[1,6,7]; c8:bw=10,experts=[0]
   38 | 0.01000 |   0.6119 |   93.44% |   94.26% |    1:19.19
      bandwidth/experts | c8:bw=46,experts=[1,2,5,6]; c6:bw=17,experts=[5]; c4:bw=52,experts=[1,2,3,6,7]; c1:bw=31,experts=[1,2,6]; c5:bw=10,experts=[6]; c2:bw=10,experts=[4]; c3:bw=38,experts=[2,5,7]; c7:bw=51,experts=[0,1,3,6,7]; c9:bw=26,experts=[0,6]; c0:bw=40,experts=[1,2,6,7]
   39 | 0.01000 |   0.6105 |   93.81% |   94.26% |    1:20.60
      bandwidth/experts | c3:bw=26,experts=[3,6]; c0:bw=10,experts=[3]; c1:bw=45,experts=[3,5,6,7]; c7:bw=40,experts=[1,2,4,5]; c6:bw=31,experts=[0,1,6]; c8:bw=45,experts=[0,1,2,4]; c2:bw=36,experts=[0,1,3]; c4:bw=36,experts=[2,3,6]; c9:bw=24,experts=[3,6]; c5:bw=75,experts=[0,2,3,4,5,6,7]
   40 | 0.01000 |   0.6130 |   94.25% |   94.26% |    1:19.88
      bandwidth/experts | c8:bw=26,experts=[0,7]; c1:bw=42,experts=[0,2,3,4]; c5:bw=32,experts=[5,6,7]; c6:bw=46,experts=[0,2,3,5]; c2:bw=65,experts=[1,2,4,5,6,7]; c7:bw=66,experts=[0,1,2,3,6,7]; c3:bw=10,experts=[7]; c4:bw=19,experts=[2]; c9:bw=40,experts=[3,5,6,7]; c0:bw=36,experts=[3,4,7]
   41 | 0.01000 |   0.6093 |   92.80% |   94.26% |    1:20.08
      bandwidth/experts | c2:bw=54,experts=[1,2,3,4,5]; c6:bw=10,experts=[3]; c8:bw=57,experts=[1,2,3,5,7]; c1:bw=10,experts=[7]; c4:bw=50,experts=[0,2,3,6,7]; c5:bw=61,experts=[0,2,3,5,6,7]; c7:bw=68,experts=[0,1,2,4,5,7]; c3:bw=40,experts=[0,1,2,3]; c9:bw=54,experts=[0,1,2,6,7]; c0:bw=10,experts=[2]
   42 | 0.01000 |   0.6066 |   94.16% |   94.26% |    1:20.44
      bandwidth/experts | c5:bw=50,experts=[1,2,3,5,7]; c1:bw=49,experts=[3,4,5,7]; c3:bw=48,experts=[0,1,3,4]; c9:bw=51,experts=[1,3,4,6,7]; c6:bw=34,experts=[3,4,7]; c0:bw=15,experts=[3]; c7:bw=20,experts=[2,4]; c4:bw=55,experts=[1,2,4,5,6]; c8:bw=42,experts=[2,3,5,7]; c2:bw=40,experts=[0,2,4,6]
   43 | 0.01000 |   0.6061 |   94.01% |   94.26% |    1:22.32
      bandwidth/experts | c5:bw=53,experts=[1,2,4,6,7]; c1:bw=58,experts=[0,1,3,5,7]; c2:bw=51,experts=[0,2,3,4,5]; c8:bw=45,experts=[0,2,4,5]; c9:bw=32,experts=[1,3,4]; c7:bw=21,experts=[2,7]; c4:bw=34,experts=[4,6,7]; c6:bw=12,experts=[6]; c3:bw=65,experts=[0,1,2,4,5,7]; c0:bw=21,experts=[3,4]
   44 | 0.01000 |   0.6060 |   94.30% |   94.30% |    1:21.44
      bandwidth/experts | c0:bw=66,experts=[0,2,3,5,6,7]; c3:bw=47,experts=[1,3,4,7]; c4:bw=29,experts=[1,5]; c2:bw=37,experts=[0,2,5]; c7:bw=75,experts=[0,1,2,3,4,6,7]; c5:bw=24,experts=[2,4]; c6:bw=20,experts=[4,6]; c9:bw=37,experts=[3,5,7]; c8:bw=34,experts=[2,4,7]; c1:bw=45,experts=[1,2,5,7]
   45 | 0.01000 |   0.6047 |   94.16% |   94.30% |    1:19.51
      bandwidth/experts | c8:bw=55,experts=[0,2,3,5,6]; c0:bw=36,experts=[3,4,6]; c3:bw=67,experts=[0,1,2,3,4,5]; c4:bw=64,experts=[0,1,3,4,5,7]; c7:bw=36,experts=[0,5,6]; c2:bw=49,experts=[1,4,6,7]; c9:bw=25,experts=[3,6]; c6:bw=10,experts=[0]; c5:bw=44,experts=[1,3,4,7]; c1:bw=56,experts=[0,1,2,3,7]
   46 | 0.01000 |   0.6045 |   93.47% |   94.30% |    1:23.07
      bandwidth/experts | c9:bw=37,experts=[2,5,6]; c3:bw=27,experts=[1,5]; c6:bw=39,experts=[2,5,6]; c1:bw=41,experts=[3,4,5,7]; c4:bw=64,experts=[0,1,3,4,5,6]; c5:bw=41,experts=[0,4,5,6]; c2:bw=57,experts=[0,1,2,5,7]; c8:bw=39,experts=[1,3,6]; c0:bw=55,experts=[1,2,5,6,7]; c7:bw=28,experts=[0,7]
   47 | 0.01000 |   0.6030 |   94.89% |   94.89% |    1:20.74
      bandwidth/experts | c5:bw=52,experts=[0,2,3,6,7]; c6:bw=22,experts=[0,1]; c7:bw=53,experts=[0,1,5,6,7]; c9:bw=17,experts=[7]; c8:bw=39,experts=[4,5,7]; c3:bw=70,experts=[0,1,2,4,5,6,7]; c4:bw=10,experts=[1]; c0:bw=46,experts=[2,4,5,7]; c1:bw=30,experts=[0,1,7]; c2:bw=54,experts=[0,1,2,6,7]
   48 | 0.01000 |   0.6024 |   94.30% |   94.89% |    1:21.94
      bandwidth/experts | c1:bw=50,experts=[1,3,4,5,7]; c8:bw=50,experts=[1,3,4,5,7]; c4:bw=67,experts=[0,1,2,5,6,7]; c2:bw=57,experts=[0,2,3,5,7]; c9:bw=52,experts=[1,4,5,6,7]; c6:bw=45,experts=[0,4,5,7]; c5:bw=55,experts=[2,3,4,6,7]; c7:bw=62,experts=[0,1,3,4,5,6]; c0:bw=16,experts=[5]; c3:bw=18,experts=[1]
   49 | 0.01000 |   0.6000 |   94.14% |   94.89% |    1:20.71
      bandwidth/experts | c4:bw=48,experts=[0,1,4,5]; c3:bw=32,experts=[0,3,5]; c8:bw=26,experts=[0,4]; c0:bw=20,experts=[1,6]; c2:bw=58,experts=[0,2,3,4,5]; c5:bw=56,experts=[2,4,5,6,7]; c6:bw=13,experts=[3]; c7:bw=44,experts=[0,5,6,7]; c9:bw=53,experts=[0,1,2,6,7]; c1:bw=54,experts=[1,2,5,6,7]
   50 | 0.01000 |   0.6007 |   94.66% |   94.89% |    1:20.21
      bandwidth/experts | c8:bw=32,experts=[3,4,5]; c4:bw=10,experts=[0]; c7:bw=34,experts=[3,4,5]; c6:bw=68,experts=[0,1,2,3,5,7]; c2:bw=63,experts=[0,1,2,3,6,7]; c1:bw=64,experts=[0,1,4,5,6,7]; c3:bw=39,experts=[0,3,4]; c0:bw=29,experts=[1,2]; c9:bw=27,experts=[4,5]; c5:bw=31,experts=[2,3,5]
   51 | 0.01000 |   0.5989 |   94.31% |   94.89% |    1:19.77
      bandwidth/experts | c5:bw=47,experts=[2,3,5,7]; c0:bw=53,experts=[0,2,3,5,7]; c1:bw=21,experts=[4,6]; c2:bw=20,experts=[5,7]; c8:bw=46,experts=[0,1,2,4]; c6:bw=52,experts=[0,1,3,4,7]; c9:bw=18,experts=[2]; c3:bw=55,experts=[1,3,5,6,7]; c4:bw=11,experts=[3]; c7:bw=27,experts=[0,3]
   52 | 0.01000 |   0.5987 |   94.54% |   94.89% |    1:20.90
      bandwidth/experts | c0:bw=46,experts=[0,1,3,5]; c8:bw=18,experts=[7]; c5:bw=24,experts=[0,7]; c7:bw=34,experts=[2,4,6]; c1:bw=40,experts=[0,1,4,7]; c4:bw=33,experts=[3,5,7]; c9:bw=31,experts=[2,4,6]; c6:bw=51,experts=[0,2,4,5,6]; c2:bw=29,experts=[2,4]; c3:bw=43,experts=[0,5,6,7]
   53 | 0.01000 |   0.5981 |   94.21% |   94.89% |    1:21.29
      bandwidth/experts | c8:bw=22,experts=[0,2]; c4:bw=28,experts=[3,6]; c5:bw=44,experts=[1,2,3,5]; c1:bw=59,experts=[1,2,3,4,7]; c3:bw=47,experts=[0,1,3,4]; c9:bw=61,experts=[1,2,4,5,6,7]; c6:bw=36,experts=[0,2,7]; c7:bw=44,experts=[1,2,4,5]; c0:bw=39,experts=[0,2,5]; c2:bw=51,experts=[0,1,2,3,4]
   54 | 0.01000 |   0.5968 |   95.10% |   95.10% |    1:20.30
      bandwidth/experts | c2:bw=10,experts=[0]; c1:bw=53,experts=[0,1,2,5,6]; c8:bw=55,experts=[0,2,4,6,7]; c7:bw=61,experts=[1,2,3,4,5,6]; c3:bw=30,experts=[1,4,5]; c0:bw=37,experts=[0,3,5]; c6:bw=54,experts=[1,2,3,5,7]; c5:bw=10,experts=[6]; c9:bw=50,experts=[2,3,4,5,7]; c4:bw=32,experts=[2,4,5]
   55 | 0.01000 |   0.5952 |   92.45% |   95.10% |    1:20.56
      bandwidth/experts | c7:bw=54,experts=[1,3,4,6,7]; c2:bw=41,experts=[1,4,5,7]; c4:bw=14,experts=[1]; c3:bw=52,experts=[0,2,3,5,7]; c8:bw=14,experts=[1]; c5:bw=53,experts=[0,1,2,3,5]; c1:bw=60,experts=[1,2,3,5,6,7]; c6:bw=42,experts=[1,3,4,7]; c0:bw=27,experts=[4,6]; c9:bw=62,experts=[0,2,3,4,5,7]
   56 | 0.01000 |   0.5926 |   93.19% |   95.10% |    1:21.97
      bandwidth/experts | c9:bw=52,experts=[1,3,4,5,6]; c1:bw=56,experts=[1,2,5,6,7]; c3:bw=10,experts=[4]; c2:bw=53,experts=[0,3,4,5,6]; c5:bw=31,experts=[3,5,6]; c4:bw=10,experts=[7]; c8:bw=13,experts=[1]; c7:bw=18,experts=[2]; c6:bw=23,experts=[3,6]; c0:bw=70,experts=[0,1,2,3,5,6,7]
   57 | 0.01000 |   0.5932 |   94.18% |   95.10% |    1:19.69
      bandwidth/experts | c3:bw=64,experts=[0,1,2,4,5,6]; c8:bw=43,experts=[1,3,5,7]; c6:bw=48,experts=[1,2,4,5]; c1:bw=49,experts=[1,2,4,5]; c7:bw=69,experts=[0,1,2,3,4,7]; c0:bw=70,experts=[0,1,2,3,5,6,7]; c5:bw=44,experts=[2,3,5,7]; c4:bw=41,experts=[0,1,3,4]; c2:bw=33,experts=[0,4,5]; c9:bw=19,experts=[6]
   58 | 0.01000 |   0.5928 |   94.98% |   95.10% |    1:22.26
      bandwidth/experts | c7:bw=24,experts=[1,7]; c2:bw=10,experts=[3]; c9:bw=57,experts=[0,1,3,4,6]; c6:bw=55,experts=[0,1,3,4,7]; c5:bw=35,experts=[2,3,6]; c1:bw=30,experts=[4,5,6]; c8:bw=40,experts=[0,2,4,7]; c4:bw=38,experts=[0,4,5]; c3:bw=61,experts=[0,2,3,4,5,6]; c0:bw=47,experts=[0,2,6,7]
   59 | 0.01000 |   0.5912 |   95.08% |   95.10% |    1:25.13
      bandwidth/experts | c2:bw=37,experts=[3,6,7]; c8:bw=56,experts=[0,1,2,4,6]; c9:bw=28,experts=[4,6]; c6:bw=19,experts=[1]; c1:bw=65,experts=[0,2,3,4,6,7]; c4:bw=26,experts=[2,6]; c7:bw=28,experts=[3,5]; c5:bw=32,experts=[0,4,7]; c0:bw=52,experts=[0,1,2,4,6]; c3:bw=35,experts=[0,3,6]
   60 | 0.01000 |   0.5921 |   94.27% |   95.10% |    1:20.56
      bandwidth/experts | c0:bw=53,experts=[0,1,2,5,7]; c7:bw=48,experts=[1,2,5,6]; c4:bw=30,experts=[3,5,7]; c2:bw=30,experts=[0,2,4]; c5:bw=33,experts=[0,5,7]; c8:bw=24,experts=[1,5]; c6:bw=59,experts=[0,4,5,6,7]; c9:bw=10,experts=[0]; c1:bw=54,experts=[2,4,5,6,7]; c3:bw=44,experts=[2,4,5,7]
   61 | 0.01000 |   0.5918 |   94.45% |   95.10% |    1:19.88
      bandwidth/experts | c5:bw=49,experts=[1,2,3,6]; c6:bw=37,experts=[3,5,6]; c2:bw=29,experts=[0,4]; c9:bw=38,experts=[0,4,7]; c1:bw=33,experts=[1,4,5]; c3:bw=43,experts=[0,1,2,7]; c8:bw=55,experts=[2,3,4,5,6]; c4:bw=38,experts=[3,4,6]; c7:bw=43,experts=[0,1,2,4]; c0:bw=60,experts=[0,1,2,3,6,7]
   62 | 0.01000 |   0.5916 |   94.74% |   95.10% |    1:19.26
      bandwidth/experts | c8:bw=13,experts=[1]; c6:bw=62,experts=[0,2,3,4,6,7]; c9:bw=16,experts=[4]; c4:bw=60,experts=[0,2,4,5,6,7]; c5:bw=67,experts=[0,3,4,5,6,7]; c0:bw=28,experts=[4,6]; c3:bw=53,experts=[0,1,5,6,7]; c2:bw=42,experts=[1,4,5,7]; c1:bw=75,experts=[0,1,2,3,5,6,7]; c7:bw=44,experts=[4,5,6,7]
   63 | 0.01000 |   0.5919 |   94.28% |   95.10% |    1:22.04
      bandwidth/experts | c5:bw=10,experts=[0]; c9:bw=21,experts=[2,4]; c6:bw=34,experts=[1,3,5]; c3:bw=52,experts=[0,1,3,6,7]; c8:bw=32,experts=[0,2,3]; c1:bw=50,experts=[0,2,3,4,6]; c7:bw=68,experts=[0,2,3,4,6,7]; c0:bw=41,experts=[1,2,3,6]; c2:bw=28,experts=[1,2]; c4:bw=52,experts=[0,1,2,4,6]
   64 | 0.01000 |   0.5907 |   94.44% |   95.10% |    1:20.64
      bandwidth/experts | c6:bw=50,experts=[0,2,4,6,7]; c4:bw=38,experts=[3,4,7]; c5:bw=24,experts=[1,2]; c3:bw=38,experts=[1,3,6]; c7:bw=34,experts=[2,3,6]; c0:bw=32,experts=[1,5,6]; c8:bw=53,experts=[2,3,4,5,6]; c9:bw=59,experts=[0,1,4,5,6]; c2:bw=56,experts=[1,2,4,6,7]; c1:bw=28,experts=[3,7]
   65 | 0.01000 |   0.5877 |   94.87% |   95.10% |    1:20.38
      bandwidth/experts | c7:bw=10,experts=[6]; c5:bw=29,experts=[4,6]; c4:bw=57,experts=[0,1,2,3,7]; c6:bw=50,experts=[0,1,4,5,6]; c8:bw=66,experts=[0,2,3,4,5,6]; c3:bw=42,experts=[3,4,5,7]; c0:bw=41,experts=[0,2,3,6]; c2:bw=28,experts=[4,7]; c1:bw=58,experts=[0,1,4,6,7]; c9:bw=47,experts=[0,1,4,5]
   66 | 0.01000 |   0.5880 |   94.79% |   95.10% |    1:21.83
      bandwidth/experts | c2:bw=41,experts=[0,2,3,5]; c5:bw=17,experts=[0]; c1:bw=54,experts=[0,1,2,3,5]; c8:bw=24,experts=[1,3]; c9:bw=31,experts=[1,3,5]; c6:bw=30,experts=[1,2,6]; c4:bw=41,experts=[0,1,2,5]; c0:bw=38,experts=[0,4,7]; c3:bw=66,experts=[0,1,2,3,4,6]; c7:bw=50,experts=[1,2,4,5,6]
   67 | 0.01000 |   0.5857 |   94.22% |   95.10% |    1:19.44
      bandwidth/experts | c4:bw=51,experts=[1,3,5,6,7]; c5:bw=48,experts=[2,3,5,6]; c1:bw=36,experts=[3,4,7]; c3:bw=25,experts=[0,6]; c6:bw=53,experts=[1,2,3,6,7]; c0:bw=32,experts=[0,1,5]; c2:bw=43,experts=[0,3,6,7]; c9:bw=60,experts=[0,1,2,3,4,7]; c7:bw=59,experts=[1,2,4,5,7]; c8:bw=10,experts=[5]
   68 | 0.01000 |   0.5868 |   94.87% |   95.10% |    1:21.31
      bandwidth/experts | c1:bw=42,experts=[3,5,6,7]; c8:bw=31,experts=[3,5,6]; c2:bw=58,experts=[0,1,3,4,5]; c0:bw=30,experts=[0,4,6]; c3:bw=26,experts=[4,7]; c4:bw=49,experts=[3,5,6,7]; c5:bw=45,experts=[1,2,5,6]; c9:bw=15,experts=[5]; c7:bw=28,experts=[0,2]; c6:bw=32,experts=[0,2,6]
   69 | 0.01000 |   0.5860 |   93.41% |   95.10% |    1:20.51
      bandwidth/experts | c3:bw=41,experts=[0,2,4,7]; c7:bw=58,experts=[0,3,4,6,7]; c1:bw=31,experts=[4,6,7]; c4:bw=41,experts=[1,3,4,7]; c9:bw=35,experts=[1,2,3]; c5:bw=39,experts=[0,4,5]; c0:bw=52,experts=[0,1,3,5,6]; c2:bw=66,experts=[0,1,2,3,6,7]; c8:bw=42,experts=[0,2,3,6]; c6:bw=26,experts=[3,7]
   70 | 0.01000 |   0.5852 |   94.79% |   95.10% |    1:20.92
      bandwidth/experts | c1:bw=24,experts=[4,5]; c9:bw=10,experts=[0]; c7:bw=28,experts=[1,7]; c3:bw=32,experts=[1,4,7]; c0:bw=30,experts=[1,4,7]; c6:bw=26,experts=[2,5]; c2:bw=55,experts=[0,1,5,6,7]; c4:bw=58,experts=[0,1,2,4,6]; c5:bw=23,experts=[0,3]; c8:bw=48,experts=[2,4,5,7]
   71 | 0.01000 |   0.5855 |   94.19% |   95.10% |    1:19.79
      bandwidth/experts | c4:bw=42,experts=[3,4,5,7]; c0:bw=16,experts=[6]; c1:bw=52,experts=[0,1,3,5,6]; c9:bw=40,experts=[1,5,6,7]; c7:bw=20,experts=[1,7]; c5:bw=33,experts=[0,3,5]; c3:bw=62,experts=[0,1,2,3,5,7]; c6:bw=50,experts=[0,2,3,4,7]; c8:bw=39,experts=[2,4,5]; c2:bw=61,experts=[0,1,3,4,6,7]
   72 | 0.01000 |   0.5853 |   95.20% |   95.20% |    1:20.78
      bandwidth/experts | c8:bw=30,experts=[2,3,5]; c1:bw=39,experts=[0,2,6]; c5:bw=43,experts=[0,2,5,7]; c7:bw=48,experts=[3,4,5,6]; c6:bw=19,experts=[2]; c0:bw=52,experts=[2,3,4,5,6]; c3:bw=23,experts=[3,6]; c2:bw=23,experts=[0,7]; c9:bw=38,experts=[3,5,6]; c4:bw=39,experts=[4,5,6]
   73 | 0.01000 |   0.5854 |   95.11% |   95.20% |    1:19.62
      bandwidth/experts | c2:bw=47,experts=[0,4,6,7]; c8:bw=11,experts=[2]; c3:bw=40,experts=[1,2,3,4]; c1:bw=66,experts=[0,2,3,4,5,7]; c5:bw=17,experts=[0]; c9:bw=52,experts=[1,2,3,5,6]; c0:bw=28,experts=[1,7]; c7:bw=37,experts=[3,5,6]; c6:bw=20,experts=[5,7]; c4:bw=41,experts=[0,1,5,6]
   74 | 0.01000 |   0.5852 |   93.84% |   95.20% |    1:20.37
      bandwidth/experts | c3:bw=10,experts=[6]; c0:bw=40,experts=[1,2,3,4]; c1:bw=28,experts=[3,4]; c5:bw=50,experts=[0,1,3,5,6]; c7:bw=65,experts=[1,2,3,5,6,7]; c8:bw=28,experts=[4,7]; c6:bw=10,experts=[2]; c2:bw=10,experts=[5]; c4:bw=47,experts=[0,2,3,7]; c9:bw=32,experts=[0,6,7]
   75 | 0.01000 |   0.5824 |   94.93% |   95.20% |    1:20.67
      bandwidth/experts | c2:bw=40,experts=[1,2,5,6]; c9:bw=61,experts=[0,2,4,5,6,7]; c1:bw=54,experts=[0,3,4,5,6]; c3:bw=20,experts=[5,6]; c7:bw=28,experts=[0,6]; c6:bw=56,experts=[0,3,4,5,7]; c5:bw=31,experts=[1,2,3]; c4:bw=56,experts=[1,2,3,4,6]; c0:bw=60,experts=[2,3,4,5,6,7]; c8:bw=53,experts=[1,4,5,6,7]
   76 | 0.01000 |   0.5819 |   95.01% |   95.20% |    1:19.94
      bandwidth/experts | c8:bw=29,experts=[1,7]; c5:bw=37,experts=[4,6,7]; c0:bw=31,experts=[1,5,6]; c3:bw=15,experts=[6]; c2:bw=25,experts=[0,7]; c6:bw=23,experts=[5,6]; c7:bw=66,experts=[0,1,2,3,5,6]; c4:bw=60,experts=[1,2,4,5,6,7]; c9:bw=57,experts=[1,2,3,5,7]; c1:bw=53,experts=[0,2,3,4,5]
   77 | 0.01000 |   0.5818 |   95.20% |   95.20% |    1:20.33
      bandwidth/experts | c9:bw=29,experts=[2,3]; c2:bw=34,experts=[3,5,6]; c1:bw=62,experts=[0,1,2,4,5,7]; c8:bw=10,experts=[2]; c4:bw=10,experts=[3]; c7:bw=10,experts=[1]; c6:bw=57,experts=[0,1,2,5,6]; c0:bw=63,experts=[0,1,2,3,6,7]; c3:bw=40,experts=[4,5,6,7]; c5:bw=59,experts=[0,1,2,4,5]
   78 | 0.01000 |   0.5808 |   94.53% |   95.20% |    1:20.44
      bandwidth/experts | c0:bw=26,experts=[0,3]; c4:bw=23,experts=[2,3]; c3:bw=38,experts=[0,5,7]; c7:bw=36,experts=[1,4,7]; c8:bw=54,experts=[0,1,2,6,7]; c1:bw=41,experts=[1,4,5,7]; c9:bw=31,experts=[2,3,7]; c6:bw=57,experts=[0,2,3,4,7]; c5:bw=63,experts=[0,1,2,4,6,7]; c2:bw=34,experts=[4,6,7]
   79 | 0.01000 |   0.5812 |   94.78% |   95.20% |    1:19.72
      bandwidth/experts | c6:bw=21,experts=[1,5]; c9:bw=10,experts=[4]; c0:bw=36,experts=[1,6,7]; c4:bw=80,experts=[0,1,2,3,4,5,6,7]; c7:bw=46,experts=[0,2,4,6]; c8:bw=44,experts=[0,4,6,7]; c5:bw=53,experts=[0,3,4,5,7]; c3:bw=26,experts=[0,4]; c1:bw=37,experts=[0,1,7]; c2:bw=33,experts=[2,3,5]
   80 | 0.01000 |   0.5817 |   94.37% |   95.20% |    1:21.62
      bandwidth/experts | c5:bw=65,experts=[0,1,3,4,6,7]; c9:bw=53,experts=[0,1,3,4,6]; c7:bw=48,experts=[0,3,4,6]; c1:bw=31,experts=[4,5,7]; c3:bw=31,experts=[4,5,6]; c4:bw=57,experts=[0,2,4,6,7]; c2:bw=44,experts=[3,4,6,7]; c0:bw=47,experts=[0,2,6,7]; c6:bw=39,experts=[1,2,4]; c8:bw=51,experts=[0,1,2,3,5]
   81 | 0.01000 |   0.5801 |   94.72% |   95.20% |    1:21.87
      bandwidth/experts | c6:bw=51,experts=[0,1,3,4,6]; c2:bw=45,experts=[2,3,4,5]; c3:bw=67,experts=[0,1,3,5,6,7]; c1:bw=49,experts=[0,2,6,7]; c4:bw=42,experts=[0,3,5,6]; c5:bw=30,experts=[3,4,7]; c9:bw=26,experts=[0,5]; c7:bw=58,experts=[1,2,4,5,7]; c8:bw=48,experts=[1,2,4,7]; c0:bw=50,experts=[0,1,2,4,5]
   82 | 0.01000 |   0.5806 |   94.45% |   95.20% |    1:20.58
      bandwidth/experts | c1:bw=64,experts=[0,2,3,5,6,7]; c0:bw=30,experts=[2,5,6]; c6:bw=36,experts=[0,4,7]; c8:bw=58,experts=[1,2,3,4,5]; c7:bw=40,experts=[1,2,5,7]; c3:bw=39,experts=[0,6,7]; c2:bw=30,experts=[3,5,7]; c9:bw=56,experts=[2,3,4,6,7]; c5:bw=40,experts=[1,3,4,6]; c4:bw=30,experts=[0,3,4]
   83 | 0.01000 |   0.5798 |   94.91% |   95.20% |    1:22.19
      bandwidth/experts | c9:bw=51,experts=[0,2,4,5,6]; c4:bw=10,experts=[2]; c2:bw=41,experts=[2,3,4,7]; c7:bw=37,experts=[0,1,4]; c5:bw=10,experts=[2]; c0:bw=10,experts=[6]; c6:bw=53,experts=[2,3,5,6,7]; c1:bw=63,experts=[0,1,3,5,6,7]; c8:bw=39,experts=[0,4,6]; c3:bw=42,experts=[0,1,3,7]
   84 | 0.01000 |   0.5789 |   94.25% |   95.20% |    1:20.23
      bandwidth/experts | c8:bw=67,experts=[1,2,3,4,5,7]; c3:bw=32,experts=[4,5,6]; c1:bw=58,experts=[1,2,5,6,7]; c6:bw=10,experts=[4]; c9:bw=20,experts=[1,7]; c2:bw=36,experts=[0,1,6]; c7:bw=47,experts=[0,1,2,4]; c5:bw=20,experts=[0,6]; c4:bw=27,experts=[1,3]; c0:bw=10,experts=[0]
   85 | 0.01000 |   0.5783 |   95.25% |   95.25% |    1:22.15
      bandwidth/experts | c0:bw=38,experts=[1,3,4]; c2:bw=45,experts=[1,2,6,7]; c8:bw=70,experts=[0,1,2,4,5,6,7]; c6:bw=42,experts=[0,2,5,6]; c1:bw=57,experts=[0,1,2,4,5]; c4:bw=42,experts=[0,2,4,7]; c9:bw=58,experts=[2,3,4,6,7]; c3:bw=51,experts=[0,1,2,3,4]; c5:bw=12,experts=[1]; c7:bw=11,experts=[4]
   86 | 0.01000 |   0.5795 |   94.76% |   95.25% |    1:22.63
      bandwidth/experts | c5:bw=47,experts=[1,2,4,7]; c8:bw=28,experts=[1,7]; c2:bw=24,experts=[4,5]; c6:bw=55,experts=[1,2,4,5,6]; c0:bw=30,experts=[1,2,7]; c4:bw=18,experts=[4]; c7:bw=44,experts=[0,2,3,5]; c3:bw=28,experts=[0,3]; c1:bw=72,experts=[0,1,2,3,4,5,7]; c9:bw=43,experts=[0,2,5,7]
   87 | 0.01000 |   0.5771 |   95.21% |   95.25% |    1:20.62
      bandwidth/experts | c1:bw=29,experts=[2,3]; c2:bw=67,experts=[0,3,4,5,6,7]; c7:bw=22,experts=[1,6]; c5:bw=10,experts=[7]; c6:bw=60,experts=[0,1,2,5,6,7]; c3:bw=68,experts=[0,1,3,4,6,7]; c4:bw=34,experts=[3,5,6]; c9:bw=37,experts=[0,2,7]; c8:bw=46,experts=[0,4,6,7]; c0:bw=35,experts=[1,2,3]
   88 | 0.01000 |   0.5763 |   94.39% |   95.25% |    1:21.61
      bandwidth/experts | c8:bw=43,experts=[0,1,6,7]; c6:bw=27,experts=[1,7]; c3:bw=33,experts=[2,5,6]; c7:bw=41,experts=[0,1,6,7]; c0:bw=62,experts=[0,2,3,4,6,7]; c4:bw=38,experts=[2,4,5]; c9:bw=31,experts=[0,2,5]; c1:bw=28,experts=[1,4]; c5:bw=30,experts=[1,2,5]; c2:bw=46,experts=[0,1,4,5]
   89 | 0.01000 |   0.5787 |   94.87% |   95.25% |    1:20.73
      bandwidth/experts | c3:bw=31,experts=[3,5,6]; c8:bw=74,experts=[0,1,2,3,4,5,7]; c2:bw=44,experts=[4,5,6,7]; c9:bw=60,experts=[0,1,3,4,5,6]; c7:bw=21,experts=[4,6]; c5:bw=46,experts=[0,3,5,6]; c0:bw=13,experts=[0]; c6:bw=32,experts=[0,2,6]; c4:bw=30,experts=[0,2,7]; c1:bw=41,experts=[1,3,5,7]
   90 | 0.01000 |   0.5771 |   94.22% |   95.25% |    1:20.47
      bandwidth/experts | c7:bw=72,experts=[0,1,2,3,4,5,6]; c1:bw=31,experts=[2,4,7]; c3:bw=36,experts=[0,1,2]; c9:bw=63,experts=[0,2,3,5,6,7]; c0:bw=64,experts=[0,2,3,4,5,6]; c6:bw=26,experts=[4,5]; c2:bw=21,experts=[1,3]; c5:bw=27,experts=[1,7]; c8:bw=50,experts=[0,3,4,6,7]; c4:bw=35,experts=[2,4,6]
   91 | 0.01000 |   0.5755 |   94.92% |   95.25% |    1:19.91
      bandwidth/experts | c1:bw=50,experts=[2,3,4,6,7]; c9:bw=35,experts=[1,5,7]; c5:bw=52,experts=[1,2,3,4,5]; c7:bw=51,experts=[0,1,4,5,6]; c3:bw=40,experts=[2,3,6,7]; c4:bw=54,experts=[1,2,5,6,7]; c0:bw=22,experts=[0,7]; c6:bw=29,experts=[3,6]; c2:bw=11,experts=[0]; c8:bw=23,experts=[5,6]
   92 | 0.01000 |   0.5755 |   94.94% |   95.25% |    1:20.89
      bandwidth/experts | c3:bw=28,experts=[1,2]; c7:bw=34,experts=[2,4,6]; c1:bw=20,experts=[5,6]; c0:bw=29,experts=[4,7]; c8:bw=19,experts=[4]; c6:bw=45,experts=[2,3,6,7]; c9:bw=56,experts=[2,3,4,6,7]; c2:bw=25,experts=[0,5]; c5:bw=66,experts=[0,1,2,3,4,7]; c4:bw=26,experts=[0,1]
   93 | 0.01000 |   0.5747 |   90.36% |   95.25% |    1:19.45
      bandwidth/experts | c1:bw=47,experts=[1,2,5,6]; c3:bw=31,experts=[0,2,5]; c7:bw=22,experts=[2,5]; c9:bw=58,experts=[1,2,3,4,6]; c6:bw=22,experts=[2,5]; c8:bw=10,experts=[6]; c5:bw=10,experts=[6]; c4:bw=32,experts=[1,2,4]; c0:bw=19,experts=[7]; c2:bw=51,experts=[3,4,5,6,7]
   94 | 0.01000 |   0.5744 |   95.09% |   95.25% |    1:21.94
      bandwidth/experts | c7:bw=45,experts=[1,2,3,5]; c2:bw=65,experts=[0,2,3,4,5,6]; c5:bw=41,experts=[0,1,3,5]; c4:bw=31,experts=[0,2,7]; c6:bw=30,experts=[0,1,4]; c9:bw=50,experts=[0,1,2,3,4]; c1:bw=70,experts=[0,1,2,3,4,5,7]; c8:bw=10,experts=[1]; c0:bw=55,experts=[0,1,5,6,7]; c3:bw=34,experts=[2,4,6]
   95 | 0.01000 |   0.5749 |   94.78% |   95.25% |    1:20.32
      bandwidth/experts | c7:bw=59,experts=[1,2,3,4,5]; c9:bw=42,experts=[1,3,4,7]; c4:bw=15,experts=[4]; c6:bw=40,experts=[0,1,3,7]; c0:bw=35,experts=[1,3,5]; c3:bw=41,experts=[0,1,2,3]; c1:bw=31,experts=[2,4,6]; c8:bw=76,experts=[0,1,2,3,4,5,6]; c2:bw=23,experts=[3,6]; c5:bw=10,experts=[5]
   96 | 0.01000 |   0.5753 |   95.72% |   95.72% |    1:20.69
      bandwidth/experts | c2:bw=65,experts=[1,2,4,5,6,7]; c9:bw=44,experts=[1,3,4,6]; c3:bw=46,experts=[1,2,3,5]; c1:bw=36,experts=[0,2,5]; c5:bw=60,experts=[2,3,4,5,6,7]; c4:bw=49,experts=[1,4,6,7]; c6:bw=31,experts=[1,5,7]; c7:bw=50,experts=[2,3,4,5,7]; c0:bw=36,experts=[2,4,7]; c8:bw=64,experts=[1,2,3,4,6,7]
   97 | 0.01000 |   0.5749 |   94.56% |   95.72% |    1:21.63
      bandwidth/experts | c0:bw=41,experts=[0,3,4,5]; c9:bw=43,experts=[0,2,4,5]; c8:bw=43,experts=[1,4,5,7]; c4:bw=16,experts=[2]; c7:bw=30,experts=[0,4,5]; c1:bw=50,experts=[2,3,4,5,6]; c3:bw=35,experts=[1,2,5]; c5:bw=46,experts=[0,2,4,6]; c6:bw=50,experts=[1,2,5,6,7]; c2:bw=54,experts=[1,2,4,6,7]
   98 | 0.01000 |   0.5729 |   95.29% |   95.72% |    1:22.89
      bandwidth/experts | c4:bw=52,experts=[0,1,3,4,7]; c8:bw=54,experts=[0,4,5,6,7]; c9:bw=27,experts=[0,2]; c7:bw=24,experts=[1,6]; c6:bw=36,experts=[1,2,3]; c5:bw=49,experts=[0,3,5,7]; c0:bw=33,experts=[0,1,5]; c3:bw=25,experts=[4,6]; c1:bw=26,experts=[0,4]; c2:bw=24,experts=[1,3]
   99 | 0.01000 |   0.5712 |   94.89% |   95.72% |    1:22.25
      bandwidth/experts | c8:bw=34,experts=[2,6,7]; c5:bw=49,experts=[1,2,5,6]; c7:bw=45,experts=[0,3,4,5]; c1:bw=59,experts=[0,3,4,6,7]; c3:bw=38,experts=[0,4,5]; c9:bw=20,experts=[1,2]; c4:bw=24,experts=[0,1]; c0:bw=40,experts=[1,2,3,5]; c2:bw=31,experts=[0,4,6]; c6:bw=35,experts=[1,4,5]
  100 | 0.01000 |   0.5724 |   95.06% |   95.72% |    1:20.07
      bandwidth/experts | c2:bw=30,experts=[0,2,4]; c8:bw=44,experts=[0,1,2,4]; c9:bw=53,experts=[0,1,3,5,6]; c5:bw=18,experts=[7]; c6:bw=44,experts=[1,3,4,5]; c1:bw=17,experts=[6]; c4:bw=65,experts=[0,1,4,5,6,7]; c7:bw=10,experts=[7]; c3:bw=42,experts=[3,4,6,7]; c0:bw=64,experts=[0,2,3,4,6,7]

Done. Best Acc: 95.72% @ round 96
Total time: 2:15:58.05
[Export] 实验目录: /userhome/cs3/duanty/FedMoE/results/exp01-svhn-vgg11-e8-random/20260921-212357
[Export] 每轮明细: /userhome/cs3/duanty/FedMoE/results/exp01-svhn-vgg11-e8-random/20260921-212357/rounds.xlsx
[Export] 总体摘要: /userhome/cs3/duanty/FedMoE/results/exp01-svhn-vgg11-e8-random/20260921-212357/summary.xlsx
[Plot] result = /userhome/cs3/duanty/FedMoE/results/exp01-svhn-vgg11-e8-random/20260921-212357
[Plot] figures -> /userhome/cs3/duanty/FedMoE/results/exp01-svhn-vgg11-e8-random/20260921-212357/figure
  fig01_test_accuracy.pdf
  fig02_train_loss.pdf
  fig03_acc_and_loss.pdf
  fig04_bandwidth_and_k.pdf
  fig05_expert_round_heatmap.pdf
  fig06_client_expert_heatmap.pdf
  fig07_expert_frequency.pdf
  fig08_time_breakdown.pdf
  fig09_accuracy_vs_communication.pdf
  fig10_overview.pdf
[Export] 图片目录: /userhome/cs3/duanty/FedMoE/results/exp01-svhn-vgg11-e8-random/20260921-212357/figure
