========================================
Job    : exp01-c10-resnet-e8-fedadam-lr1e3
Host   : gpu-4090-114
Date   : Mon Sep 21 06:51:01 HKT 2026
GPU    : 0
Python : /userhome/cs3/duanty/miniconda3/envs/moe/bin/python
Command: python -u main.py --method ours --dataset cifar10 --backbone resnet --select ours --merge fedadam --device cuda --num_experts 8 --bw_max -1 --output_dir ./results/exp01-c10-resnet-e8-fedadam-lr1e3 --fedadam_lr 0.001
========================================

==================================================================
 Ours  
  Dataset=cifar10 | beta=0.1 | Backbone=resnet | width_mult=1 | Clients=10 | Experts=8
  Select=ours | Merge=fedadam
  Expert refresh N_ref=8
  Rounds=100 | LR=0.01
  Bandwidth: expert_bw=10 | bw=[10, 80] | Rayleigh-Shannon, SNR=10 dB | k=floor(bw/10)
==================================================================


[Partition] Dirichlet beta=0.1, 10 clients
  Client 0:   6071 samples | 3/10 classes
  Client 1:  18481 samples | 7/10 classes
  Client 2:    174 samples | 3/10 classes
  Client 3:    462 samples | 3/10 classes
  Client 4:   2759 samples | 3/10 classes
  Client 5:   5740 samples | 7/10 classes
  Client 6:   1703 samples | 4/10 classes
  Client 7:   3407 samples | 7/10 classes
  Client 8:   6483 samples | 7/10 classes
  Client 9:   4720 samples | 10/10 classes

[Upload] expert_bw=10 | available bw=[10, 80] | Rayleigh-Shannon, SNR=10 dB | upload k=floor(bw/10), cap=8 | probe gate scores, refresh stale experts, then train selected

[Model] Total params: 13,315,216

[Export] 本次实验目录: /userhome/cs3/duanty/FedMoE/results/exp01-c10-resnet-e8-fedadam-lr1e3/20260921-065105

Round |      LR |  AvgLoss |  TestAcc |     Best |  RoundTime
--------------------------------------------------------------------------------
    1 | 0.00208 |   1.5093 |   10.00% |   10.00% |    0:52.99
      bandwidth/experts | c8:bw=55,experts=[1,2,4,5,6]; c1:bw=29,experts=[2,4]; c5:bw=44,experts=[1,2,4,6]; c0:bw=10,experts=[2]; c7:bw=20,experts=[2,6]; c2:bw=29,experts=[2,4]; c9:bw=45,experts=[1,2,4,6]; c4:bw=40,experts=[1,2,4,6]; c3:bw=51,experts=[1,2,4,5,6]; c6:bw=41,experts=[1,2,4,6]
    2 | 0.00406 |   1.3795 |   10.00% |   10.00% |    0:52.14
      bandwidth/experts | c0:bw=36,experts=[4,5,6]; c1:bw=41,experts=[1,4,5,6]; c8:bw=48,experts=[1,4,5,6]; c5:bw=69,experts=[0,1,2,4,5,6]; c3:bw=67,experts=[0,1,2,4,5,6]; c4:bw=30,experts=[4,5,6]; c7:bw=55,experts=[1,2,4,5,6]; c9:bw=46,experts=[1,4,5,6]; c6:bw=17,experts=[4]; c2:bw=22,experts=[4,6]
    3 | 0.00604 |   1.3198 |   10.00% |   10.00% |    0:52.36
      bandwidth/experts | c9:bw=48,experts=[1,4,5,6]; c2:bw=42,experts=[1,4,5,6]; c0:bw=50,experts=[1,2,4,5,6]; c6:bw=40,experts=[1,4,5,6]; c8:bw=30,experts=[1,4,6]; c5:bw=13,experts=[4]; c3:bw=26,experts=[4,6]; c7:bw=33,experts=[1,4,6]; c1:bw=13,experts=[4]; c4:bw=52,experts=[1,2,4,5,6]
    4 | 0.00802 |   1.2685 |   10.03% |   10.03% |    0:53.13
      bandwidth/experts | c1:bw=40,experts=[0,4,5,6]; c7:bw=45,experts=[0,4,5,6]; c6:bw=53,experts=[0,1,4,5,6]; c2:bw=60,experts=[0,1,2,4,5,6]; c8:bw=31,experts=[0,4,6]; c0:bw=59,experts=[0,1,4,5,6]; c3:bw=34,experts=[0,4,6]; c4:bw=56,experts=[0,1,4,5,6]; c5:bw=73,experts=[0,1,2,3,4,5,6]; c9:bw=22,experts=[4,6]
    5 | 0.01000 |   1.2359 |   12.40% |   12.40% |    0:53.14
      bandwidth/experts | c1:bw=20,experts=[4,6]; c5:bw=40,experts=[1,4,5,6]; c4:bw=48,experts=[1,4,5,6]; c8:bw=37,experts=[1,4,6]; c0:bw=50,experts=[1,4,5,6,7]; c7:bw=24,experts=[4,6]; c6:bw=53,experts=[1,4,5,6,7]; c3:bw=63,experts=[0,1,2,4,5,6]; c2:bw=10,experts=[4]; c9:bw=62,experts=[0,1,4,5,6,7]
    6 | 0.01000 |   1.2097 |   19.44% |   19.44% |    0:53.33
      bandwidth/experts | c8:bw=67,experts=[0,1,4,5,6,7]; c2:bw=42,experts=[1,4,5,6]; c5:bw=27,experts=[4,6]; c7:bw=58,experts=[0,1,4,5,6]; c3:bw=36,experts=[1,4,6]; c1:bw=32,experts=[1,4,6]; c9:bw=48,experts=[0,1,4,6]; c0:bw=31,experts=[1,4,6]; c4:bw=17,experts=[4]; c6:bw=20,experts=[4,6]
    7 | 0.01000 |   1.1919 |   22.87% |   22.87% |    0:53.40
      bandwidth/experts | c0:bw=36,experts=[4,5,6]; c5:bw=49,experts=[1,4,5,6]; c2:bw=40,experts=[1,4,5,6]; c6:bw=13,experts=[4]; c3:bw=26,experts=[4,6]; c7:bw=31,experts=[4,5,6]; c4:bw=14,experts=[4]; c1:bw=10,experts=[4]; c8:bw=57,experts=[0,1,4,5,6]; c9:bw=10,experts=[4]
    8 | 0.01000 |   1.2475 |   22.23% |   22.87% |    0:52.98
      bandwidth/experts | c4:bw=10,experts=[3]; c8:bw=37,experts=[3,4,6]; c1:bw=58,experts=[3,4,5,6,7]; c3:bw=37,experts=[3,4,7]; c0:bw=32,experts=[3,4,6]; c5:bw=28,experts=[4,7]; c2:bw=54,experts=[3,4,5,6,7]; c9:bw=59,experts=[1,3,4,5,6]; c7:bw=15,experts=[3]; c6:bw=41,experts=[3,4,5,6]
    9 | 0.01000 |   1.1997 |   24.02% |   24.02% |    0:52.74
      bandwidth/experts | c2:bw=21,experts=[4,6]; c0:bw=52,experts=[0,1,4,5,6]; c4:bw=59,experts=[0,4,5,6,7]; c9:bw=26,experts=[2,4]; c8:bw=18,experts=[2]; c6:bw=31,experts=[2,4,6]; c7:bw=46,experts=[0,4,6,7]; c5:bw=52,experts=[0,1,4,5,6]; c1:bw=14,experts=[2]; c3:bw=23,experts=[4,6]
   10 | 0.01000 |   1.1697 |   31.07% |   31.07% |    0:52.89
      bandwidth/experts | c4:bw=37,experts=[4,6,7]; c2:bw=34,experts=[4,5,6]; c7:bw=37,experts=[2,4,6]; c0:bw=59,experts=[1,4,5,6,7]; c6:bw=65,experts=[1,3,4,5,6,7]; c3:bw=46,experts=[4,5,6,7]; c5:bw=58,experts=[1,4,5,6,7]; c8:bw=35,experts=[4,5,6]; c9:bw=35,experts=[4,6,7]; c1:bw=41,experts=[4,5,6,7]
   11 | 0.01000 |   1.2121 |   29.61% |   31.07% |    0:53.11
      bandwidth/experts | c5:bw=28,experts=[4,6]; c2:bw=27,experts=[4,6]; c7:bw=44,experts=[0,1,4,6]; c3:bw=50,experts=[0,1,4,5,6]; c0:bw=28,experts=[2,4]; c8:bw=39,experts=[1,4,6]; c9:bw=33,experts=[1,4,6]; c6:bw=55,experts=[0,1,4,5,6]; c1:bw=40,experts=[0,1,4,6]; c4:bw=16,experts=[2]
   12 | 0.01000 |   1.1445 |   36.62% |   36.62% |    0:53.62
      bandwidth/experts | c1:bw=42,experts=[0,1,4,6]; c5:bw=56,experts=[1,2,3,4,6]; c2:bw=57,experts=[0,1,2,4,6]; c4:bw=28,experts=[4,6]; c3:bw=35,experts=[1,4,6]; c7:bw=30,experts=[1,4,6]; c9:bw=42,experts=[1,4,6,7]; c6:bw=29,experts=[4,6]; c8:bw=55,experts=[1,2,4,5,6]; c0:bw=49,experts=[1,4,6,7]
   13 | 0.01000 |   1.2037 |   39.35% |   39.35% |    0:53.41
      bandwidth/experts | c3:bw=30,experts=[2,4,6]; c1:bw=47,experts=[1,4,5,6]; c4:bw=10,experts=[1]; c5:bw=29,experts=[4,6]; c8:bw=15,experts=[4]; c6:bw=36,experts=[4,5,6]; c9:bw=15,experts=[4]; c7:bw=58,experts=[1,2,4,5,6]; c0:bw=25,experts=[4,6]; c2:bw=16,experts=[4]
   14 | 0.01000 |   1.1275 |   36.60% |   39.35% |    0:53.46
      bandwidth/experts | c2:bw=45,experts=[1,4,5,6]; c4:bw=10,experts=[4]; c5:bw=64,experts=[0,1,4,5,6,7]; c1:bw=38,experts=[4,5,6]; c7:bw=25,experts=[4,6]; c0:bw=25,experts=[4,6]; c9:bw=32,experts=[0,4,6]; c3:bw=45,experts=[0,4,5,6]; c8:bw=21,experts=[4,7]; c6:bw=67,experts=[0,1,4,5,6,7]
   15 | 0.01000 |   1.1182 |   37.19% |   39.35% |    0:53.55
      bandwidth/experts | c7:bw=59,experts=[1,2,4,5,6]; c0:bw=20,experts=[4,6]; c1:bw=14,experts=[4]; c8:bw=52,experts=[0,2,4,5,6]; c3:bw=10,experts=[4]; c2:bw=53,experts=[1,2,4,5,6]; c4:bw=47,experts=[2,4,5,6]; c5:bw=18,experts=[4]; c9:bw=19,experts=[4]; c6:bw=33,experts=[4,5,6]
   16 | 0.01000 |   1.1341 |   36.18% |   39.35% |    0:53.57
      bandwidth/experts | c6:bw=40,experts=[4,5,6,7]; c1:bw=29,experts=[3,4]; c3:bw=43,experts=[3,4,5,6]; c8:bw=49,experts=[3,4,5,6]; c7:bw=22,experts=[3,4]; c5:bw=40,experts=[4,5,6,7]; c4:bw=35,experts=[3,4,6]; c9:bw=24,experts=[3,5]; c0:bw=57,experts=[3,4,5,6,7]; c2:bw=52,experts=[3,4,5,6,7]
   17 | 0.01000 |   1.1500 |   41.10% |   41.10% |    0:53.24
      bandwidth/experts | c4:bw=58,experts=[0,4,5,6,7]; c7:bw=25,experts=[4,7]; c8:bw=10,experts=[4]; c3:bw=52,experts=[1,4,5,6,7]; c5:bw=10,experts=[4]; c1:bw=29,experts=[2,4]; c0:bw=11,experts=[0]; c2:bw=19,experts=[4]; c9:bw=37,experts=[2,4,6]; c6:bw=39,experts=[2,4,6]
   18 | 0.01000 |   1.0898 |   41.64% |   41.64% |    0:53.59
      bandwidth/experts | c1:bw=10,experts=[7]; c8:bw=10,experts=[4]; c5:bw=35,experts=[4,6,7]; c2:bw=37,experts=[2,4,5]; c9:bw=19,experts=[4]; c7:bw=55,experts=[2,4,5,6,7]; c4:bw=56,experts=[2,4,5,6,7]; c3:bw=37,experts=[4,6,7]; c0:bw=49,experts=[4,5,6,7]; c6:bw=31,experts=[3,4,6]
   19 | 0.01000 |   1.0696 |   45.72% |   45.72% |    0:53.50
      bandwidth/experts | c8:bw=56,experts=[2,4,5,6,7]; c0:bw=42,experts=[2,4,6,7]; c4:bw=51,experts=[2,4,5,6,7]; c1:bw=46,experts=[2,4,5,7]; c9:bw=38,experts=[4,6,7]; c5:bw=29,experts=[4,7]; c7:bw=22,experts=[0,4]; c2:bw=14,experts=[4]; c6:bw=66,experts=[2,3,4,5,6,7]; c3:bw=40,experts=[2,4,6,7]
   20 | 0.01000 |   1.1067 |   49.60% |   49.60% |    0:53.38
      bandwidth/experts | c0:bw=28,experts=[1,4]; c2:bw=41,experts=[0,2,4,5]; c1:bw=40,experts=[0,4,5,6]; c9:bw=17,experts=[1]; c7:bw=43,experts=[2,4,5,6]; c6:bw=68,experts=[1,2,4,5,6,7]; c3:bw=18,experts=[4]; c5:bw=10,experts=[2]; c4:bw=59,experts=[2,4,5,6,7]; c8:bw=50,experts=[1,2,4,5,6]
   21 | 0.01000 |   1.0512 |   49.80% |   49.80% |    0:53.36
      bandwidth/experts | c1:bw=41,experts=[1,4,5,6]; c2:bw=39,experts=[4,5,6]; c7:bw=12,experts=[4]; c4:bw=48,experts=[1,4,5,6]; c8:bw=18,experts=[4]; c5:bw=32,experts=[3,4,5]; c0:bw=66,experts=[0,1,4,5,6,7]; c3:bw=10,experts=[4]; c6:bw=16,experts=[4]; c9:bw=25,experts=[4,5]
   22 | 0.01000 |   1.0599 |   51.94% |   51.94% |    0:53.18
      bandwidth/experts | c7:bw=16,experts=[4]; c9:bw=33,experts=[0,4,6]; c1:bw=10,experts=[4]; c6:bw=61,experts=[0,3,4,5,6,7]; c5:bw=17,experts=[0]; c2:bw=66,experts=[1,2,4,5,6,7]; c0:bw=67,experts=[1,2,4,5,6,7]; c4:bw=36,experts=[4,5,6]; c3:bw=56,experts=[0,2,4,5,6]; c8:bw=33,experts=[4,5,6]
   23 | 0.01000 |   1.0572 |   49.28% |   51.94% |    0:53.28
      bandwidth/experts | c5:bw=52,experts=[1,4,5,6,7]; c7:bw=15,experts=[1]; c4:bw=56,experts=[1,2,4,5,6]; c6:bw=10,experts=[4]; c9:bw=50,experts=[2,4,5,6,7]; c8:bw=35,experts=[0,4,5]; c3:bw=15,experts=[4]; c1:bw=62,experts=[1,2,4,5,6,7]; c2:bw=32,experts=[4,5,6]; c0:bw=11,experts=[4]
   24 | 0.01000 |   1.2094 |   49.87% |   51.94% |    0:53.27
      bandwidth/experts | c6:bw=30,experts=[4,5,6]; c4:bw=12,experts=[3]; c7:bw=10,experts=[3]; c9:bw=50,experts=[3,4,5,6,7]; c2:bw=43,experts=[3,4,5,6]; c1:bw=10,experts=[3]; c5:bw=25,experts=[4,5]; c8:bw=18,experts=[3]; c3:bw=10,experts=[3]; c0:bw=31,experts=[3,4,6]
   25 | 0.01000 |   1.0658 |   53.48% |   53.48% |    0:53.45
      bandwidth/experts | c9:bw=40,experts=[4,5,6,7]; c6:bw=16,experts=[4]; c4:bw=58,experts=[0,4,5,6,7]; c3:bw=14,experts=[1]; c5:bw=64,experts=[0,3,4,5,6,7]; c1:bw=49,experts=[4,5,6,7]; c8:bw=55,experts=[2,4,5,6,7]; c2:bw=12,experts=[4]; c0:bw=56,experts=[2,4,5,6,7]; c7:bw=40,experts=[4,5,6,7]
   26 | 0.01000 |   1.0041 |   53.12% |   53.48% |    0:53.32
      bandwidth/experts | c3:bw=44,experts=[2,4,5,6]; c6:bw=34,experts=[4,6,7]; c9:bw=50,experts=[2,4,5,6,7]; c7:bw=31,experts=[4,5,6]; c1:bw=33,experts=[4,5,6]; c5:bw=20,experts=[4,6]; c2:bw=30,experts=[4,5,6]; c8:bw=53,experts=[2,4,5,6,7]; c0:bw=11,experts=[4]; c4:bw=48,experts=[2,4,5,6]
   27 | 0.01000 |   0.9957 |   54.95% |   54.95% |    0:53.63
      bandwidth/experts | c7:bw=51,experts=[0,4,5,6,7]; c1:bw=62,experts=[1,2,4,5,6,7]; c4:bw=12,experts=[4]; c0:bw=36,experts=[4,5,6]; c9:bw=18,experts=[4]; c2:bw=20,experts=[4,6]; c8:bw=55,experts=[1,2,4,5,6]; c3:bw=21,experts=[4,7]; c6:bw=63,experts=[1,2,4,5,6,7]; c5:bw=37,experts=[4,5,6]
   28 | 0.01000 |   1.0613 |   54.69% |   54.95% |    0:53.26
      bandwidth/experts | c6:bw=29,experts=[4,6]; c9:bw=49,experts=[1,4,6,7]; c0:bw=47,experts=[4,5,6,7]; c8:bw=29,experts=[4,6]; c2:bw=10,experts=[0]; c5:bw=33,experts=[2,4,6]; c1:bw=25,experts=[0,4]; c3:bw=12,experts=[4]; c4:bw=10,experts=[4]; c7:bw=10,experts=[2]
   29 | 0.01000 |   0.9845 |   53.30% |   54.95% |    0:53.40
      bandwidth/experts | c4:bw=38,experts=[4,5,6]; c0:bw=44,experts=[0,4,5,6]; c1:bw=33,experts=[4,6,7]; c9:bw=44,experts=[4,5,6,7]; c6:bw=43,experts=[4,5,6,7]; c8:bw=34,experts=[4,5,6]; c7:bw=21,experts=[4,6]; c3:bw=32,experts=[4,5,6]; c2:bw=18,experts=[4]; c5:bw=33,experts=[4,6,7]
   30 | 0.01000 |   1.1157 |   55.87% |   55.87% |    0:53.38
      bandwidth/experts | c5:bw=62,experts=[1,2,4,5,6,7]; c1:bw=35,experts=[4,6,7]; c9:bw=54,experts=[0,4,5,6,7]; c4:bw=51,experts=[2,4,5,6,7]; c0:bw=17,experts=[1]; c8:bw=41,experts=[4,5,6,7]; c6:bw=11,experts=[0]; c7:bw=12,experts=[4]; c3:bw=59,experts=[0,4,5,6,7]; c2:bw=27,experts=[1,2]
   31 | 0.01000 |   1.0774 |   55.34% |   55.87% |    0:53.54
      bandwidth/experts | c6:bw=29,experts=[3,4]; c4:bw=19,experts=[1]; c9:bw=45,experts=[4,5,6,7]; c1:bw=30,experts=[4,6,7]; c5:bw=62,experts=[1,2,4,5,6,7]; c8:bw=33,experts=[0,4,6]; c3:bw=24,experts=[4,6]; c2:bw=15,experts=[7]; c0:bw=47,experts=[4,5,6,7]; c7:bw=63,experts=[1,2,4,5,6,7]
   32 | 0.01000 |   0.9709 |   57.09% |   57.09% |    0:53.57
      bandwidth/experts | c8:bw=21,experts=[3,4]; c5:bw=36,experts=[4,5,6]; c4:bw=49,experts=[3,4,6,7]; c7:bw=47,experts=[3,4,5,6]; c0:bw=46,experts=[3,4,6,7]; c1:bw=21,experts=[3,4]; c3:bw=28,experts=[3,4]; c6:bw=27,experts=[4,7]; c2:bw=54,experts=[2,3,4,5,6]; c9:bw=31,experts=[3,4,6]
   33 | 0.01000 |   0.9866 |   55.38% |   57.09% |    0:53.65
      bandwidth/experts | c7:bw=52,experts=[0,4,5,6,7]; c1:bw=34,experts=[4,6,7]; c3:bw=70,experts=[1,2,3,4,5,6,7]; c6:bw=37,experts=[4,6,7]; c5:bw=29,experts=[0,3]; c9:bw=42,experts=[4,5,6,7]; c2:bw=24,experts=[4,6]; c8:bw=50,experts=[2,4,5,6,7]; c4:bw=45,experts=[0,4,6,7]; c0:bw=62,experts=[0,2,4,5,6,7]
   34 | 0.01000 |   0.9681 |   58.00% |   58.00% |    0:53.50
      bandwidth/experts | c4:bw=46,experts=[4,5,6,7]; c1:bw=46,experts=[4,5,6,7]; c6:bw=48,experts=[1,4,5,6]; c9:bw=68,experts=[1,2,4,5,6,7]; c8:bw=42,experts=[4,5,6,7]; c0:bw=22,experts=[4,6]; c5:bw=60,experts=[0,1,4,5,6,7]; c7:bw=32,experts=[4,5,6]; c3:bw=72,experts=[0,1,3,4,5,6,7]; c2:bw=54,experts=[1,4,5,6,7]
   35 | 0.01000 |   0.9629 |   59.60% |   59.60% |    0:53.44
      bandwidth/experts | c4:bw=33,experts=[4,6,7]; c0:bw=20,experts=[4,6]; c1:bw=31,experts=[1,2,4]; c6:bw=44,experts=[2,4,5,6]; c2:bw=46,experts=[4,5,6,7]; c8:bw=50,experts=[1,2,4,5,6]; c9:bw=27,experts=[4,6]; c7:bw=48,experts=[2,4,5,6]; c5:bw=41,experts=[4,5,6,7]; c3:bw=24,experts=[4,6]
   36 | 0.01000 |   0.9609 |   57.67% |   59.60% |    0:53.39
      bandwidth/experts | c9:bw=37,experts=[4,5,6]; c0:bw=36,experts=[4,5,6]; c3:bw=60,experts=[1,2,4,5,6,7]; c7:bw=27,experts=[4,6]; c6:bw=43,experts=[2,4,5,6]; c5:bw=49,experts=[1,4,5,6]; c1:bw=10,experts=[0]; c4:bw=74,experts=[1,2,3,4,5,6,7]; c8:bw=51,experts=[1,2,4,5,6]; c2:bw=50,experts=[0,4,5,6,7]
   37 | 0.01000 |   0.9547 |   60.02% |   60.02% |    0:53.44
      bandwidth/experts | c1:bw=18,experts=[4]; c5:bw=39,experts=[4,6,7]; c2:bw=36,experts=[4,5,6]; c6:bw=65,experts=[1,3,4,5,6,7]; c4:bw=39,experts=[4,6,7]; c7:bw=42,experts=[4,5,6,7]; c9:bw=40,experts=[4,5,6,7]; c0:bw=54,experts=[3,4,5,6,7]; c3:bw=36,experts=[4,5,6]; c8:bw=10,experts=[4]
   38 | 0.01000 |   1.0067 |   61.77% |   61.77% |    0:53.23
      bandwidth/experts | c8:bw=46,experts=[4,5,6,7]; c6:bw=17,experts=[0]; c4:bw=52,experts=[0,4,5,6,7]; c1:bw=31,experts=[4,6,7]; c5:bw=10,experts=[4]; c2:bw=10,experts=[4]; c3:bw=38,experts=[4,5,6]; c7:bw=51,experts=[2,3,4,5,6]; c9:bw=26,experts=[0,4]; c0:bw=40,experts=[1,4,5,6]
   39 | 0.01000 |   0.9385 |   61.12% |   61.77% |    0:53.34
      bandwidth/experts | c3:bw=26,experts=[4,5]; c0:bw=10,experts=[4]; c1:bw=45,experts=[1,4,5,6]; c7:bw=40,experts=[1,4,6,7]; c6:bw=31,experts=[4,6,7]; c8:bw=45,experts=[0,4,5,6]; c2:bw=36,experts=[4,5,6]; c4:bw=36,experts=[4,6,7]; c9:bw=24,experts=[4,6]; c5:bw=75,experts=[1,2,3,4,5,6,7]
   40 | 0.01000 |   0.9328 |   63.17% |   63.17% |    0:53.57
      bandwidth/experts | c8:bw=26,experts=[3,4]; c1:bw=42,experts=[3,4,6,7]; c5:bw=32,experts=[4,6,7]; c6:bw=46,experts=[4,5,6,7]; c2:bw=65,experts=[1,2,3,4,5,6]; c7:bw=66,experts=[1,2,4,5,6,7]; c3:bw=10,experts=[4]; c4:bw=19,experts=[4]; c9:bw=40,experts=[3,4,6,7]; c0:bw=36,experts=[4,5,6]
   41 | 0.01000 |   0.9767 |   62.92% |   63.17% |    0:53.35
      bandwidth/experts | c2:bw=54,experts=[2,4,5,6,7]; c6:bw=10,experts=[4]; c8:bw=57,experts=[2,4,5,6,7]; c1:bw=10,experts=[4]; c4:bw=50,experts=[2,4,5,6,7]; c5:bw=61,experts=[0,3,4,5,6,7]; c7:bw=68,experts=[0,1,2,4,5,6]; c3:bw=40,experts=[2,4,5,6]; c9:bw=54,experts=[2,4,5,6,7]; c0:bw=10,experts=[0]
   42 | 0.01000 |   0.9732 |   62.73% |   63.17% |    0:53.38
      bandwidth/experts | c5:bw=50,experts=[2,4,5,6,7]; c1:bw=49,experts=[2,4,5,6]; c3:bw=48,experts=[0,2,3,4]; c9:bw=51,experts=[1,4,5,6,7]; c6:bw=34,experts=[4,5,6]; c0:bw=15,experts=[2]; c7:bw=20,experts=[4,5]; c4:bw=55,experts=[2,4,5,6,7]; c8:bw=42,experts=[2,4,5,6]; c2:bw=40,experts=[2,4,5,6]
   43 | 0.01000 |   0.9200 |   62.09% |   63.17% |    0:53.43
      bandwidth/experts | c5:bw=53,experts=[2,4,5,6,7]; c1:bw=58,experts=[1,2,4,5,6]; c2:bw=51,experts=[1,2,4,5,6]; c8:bw=45,experts=[2,4,5,6]; c9:bw=32,experts=[4,6,7]; c7:bw=21,experts=[4,6]; c4:bw=34,experts=[4,5,6]; c6:bw=12,experts=[4]; c3:bw=65,experts=[1,2,4,5,6,7]; c0:bw=21,experts=[4,7]
   44 | 0.01000 |   0.9762 |   61.82% |   63.17% |    0:53.21
      bandwidth/experts | c0:bw=66,experts=[2,3,4,5,6,7]; c3:bw=47,experts=[2,4,5,6]; c4:bw=29,experts=[1,3]; c2:bw=37,experts=[0,4,6]; c7:bw=75,experts=[1,2,3,4,5,6,7]; c5:bw=24,experts=[4,6]; c6:bw=20,experts=[2,4]; c9:bw=37,experts=[2,4,6]; c8:bw=34,experts=[1,2,4]; c1:bw=45,experts=[0,2,4,6]
   45 | 0.01000 |   0.9680 |   61.62% |   63.17% |    0:53.48
      bandwidth/experts | c8:bw=55,experts=[1,2,4,5,6]; c0:bw=36,experts=[4,6,7]; c3:bw=67,experts=[1,2,4,5,6,7]; c4:bw=64,experts=[0,3,4,5,6,7]; c7:bw=36,experts=[4,5,6]; c2:bw=49,experts=[4,5,6,7]; c9:bw=25,experts=[4,6]; c6:bw=10,experts=[1]; c5:bw=44,experts=[2,4,5,6]; c1:bw=56,experts=[3,4,5,6,7]
   46 | 0.01000 |   0.9105 |   63.23% |   63.23% |    0:53.38
      bandwidth/experts | c9:bw=37,experts=[0,4,7]; c3:bw=27,experts=[4,5]; c6:bw=39,experts=[0,3,4]; c1:bw=41,experts=[2,4,5,6]; c4:bw=64,experts=[1,2,4,5,6,7]; c5:bw=41,experts=[4,5,6,7]; c2:bw=57,experts=[2,4,5,6,7]; c8:bw=39,experts=[2,4,5]; c0:bw=55,experts=[1,2,4,5,6]; c7:bw=28,experts=[4,5]
   47 | 0.01000 |   0.9083 |   62.89% |   63.23% |    0:53.14
      bandwidth/experts | c5:bw=52,experts=[1,4,5,6,7]; c6:bw=22,experts=[4,6]; c7:bw=53,experts=[1,2,4,5,6]; c9:bw=17,experts=[4]; c8:bw=39,experts=[0,4,6]; c3:bw=70,experts=[1,2,3,4,5,6,7]; c4:bw=10,experts=[4]; c0:bw=46,experts=[4,5,6,7]; c1:bw=30,experts=[2,4,6]; c2:bw=54,experts=[1,2,4,5,6]
   48 | 0.01000 |   0.9085 |   63.66% |   63.66% |    0:53.48
      bandwidth/experts | c1:bw=50,experts=[1,2,4,5,6]; c8:bw=50,experts=[3,4,5,6,7]; c4:bw=67,experts=[0,3,4,5,6,7]; c2:bw=57,experts=[2,3,4,5,6]; c9:bw=52,experts=[2,3,4,5,6]; c6:bw=45,experts=[4,5,6,7]; c5:bw=55,experts=[3,4,5,6,7]; c7:bw=62,experts=[0,2,4,5,6,7]; c0:bw=16,experts=[4]; c3:bw=18,experts=[4]
   49 | 0.01000 |   0.9032 |   65.12% |   65.12% |    0:53.23
      bandwidth/experts | c4:bw=48,experts=[2,4,5,6]; c3:bw=32,experts=[4,6,7]; c8:bw=26,experts=[4,6]; c0:bw=20,experts=[0,4]; c2:bw=58,experts=[1,2,4,5,6]; c5:bw=56,experts=[0,4,5,6,7]; c6:bw=13,experts=[4]; c7:bw=44,experts=[2,4,5,6]; c9:bw=53,experts=[3,4,5,6,7]; c1:bw=54,experts=[3,4,5,6,7]
   50 | 0.01000 |   0.9006 |   66.60% |   66.60% |    0:53.33
      bandwidth/experts | c8:bw=32,experts=[4,6,7]; c4:bw=10,experts=[4]; c7:bw=34,experts=[4,5,6]; c6:bw=68,experts=[1,2,4,5,6,7]; c2:bw=63,experts=[0,3,4,5,6,7]; c1:bw=64,experts=[1,2,4,5,6,7]; c3:bw=39,experts=[0,4,6]; c0:bw=29,experts=[4,7]; c9:bw=27,experts=[1,4]; c5:bw=31,experts=[4,6,7]
   51 | 0.01000 |   0.8992 |   68.46% |   68.46% |    0:53.20
      bandwidth/experts | c5:bw=47,experts=[4,5,6,7]; c0:bw=53,experts=[3,4,5,6,7]; c1:bw=21,experts=[4,5]; c2:bw=20,experts=[4,6]; c8:bw=46,experts=[4,5,6,7]; c6:bw=52,experts=[0,4,5,6,7]; c9:bw=18,experts=[4]; c3:bw=55,experts=[2,4,5,6,7]; c4:bw=11,experts=[4]; c7:bw=27,experts=[4,5]
   52 | 0.01000 |   0.8996 |   66.47% |   68.46% |    0:53.25
      bandwidth/experts | c0:bw=46,experts=[4,5,6,7]; c8:bw=18,experts=[4]; c5:bw=24,experts=[4,7]; c7:bw=34,experts=[3,4,5]; c1:bw=40,experts=[0,4,5,6]; c4:bw=33,experts=[4,6,7]; c9:bw=31,experts=[4,6,7]; c6:bw=51,experts=[2,4,5,6,7]; c2:bw=29,experts=[4,6]; c3:bw=43,experts=[4,5,6,7]
   53 | 0.01000 |   0.8966 |   65.55% |   68.46% |    0:53.26
      bandwidth/experts | c8:bw=22,experts=[1,4]; c4:bw=28,experts=[4,6]; c5:bw=44,experts=[2,4,6,7]; c1:bw=59,experts=[2,4,5,6,7]; c3:bw=47,experts=[2,4,5,6]; c9:bw=61,experts=[2,3,4,5,6,7]; c6:bw=36,experts=[4,6,7]; c7:bw=44,experts=[2,4,5,6]; c0:bw=39,experts=[4,6,7]; c2:bw=51,experts=[2,4,5,6,7]
   54 | 0.01000 |   0.8983 |   68.72% |   68.72% |    0:53.37
      bandwidth/experts | c2:bw=10,experts=[4]; c1:bw=53,experts=[3,4,5,6,7]; c8:bw=55,experts=[2,4,5,6,7]; c7:bw=61,experts=[1,2,4,5,6,7]; c3:bw=30,experts=[4,5,6]; c0:bw=37,experts=[1,2,4]; c6:bw=54,experts=[3,4,5,6,7]; c5:bw=10,experts=[4]; c9:bw=50,experts=[0,3,4,6,7]; c4:bw=32,experts=[1,4,6]
   55 | 0.01000 |   0.9091 |   70.95% |   70.95% |    0:53.29
      bandwidth/experts | c7:bw=54,experts=[1,2,4,5,6]; c2:bw=41,experts=[2,4,5,6]; c4:bw=14,experts=[4]; c3:bw=52,experts=[1,3,4,5,6]; c8:bw=14,experts=[0]; c5:bw=53,experts=[1,4,5,6,7]; c1:bw=60,experts=[0,3,4,5,6,7]; c6:bw=42,experts=[4,5,6,7]; c0:bw=27,experts=[4,6]; c9:bw=62,experts=[2,3,4,5,6,7]
   56 | 0.01000 |   0.9862 |   68.57% |   70.95% |    0:53.51
      bandwidth/experts | c9:bw=52,experts=[2,4,5,6,7]; c1:bw=56,experts=[2,4,5,6,7]; c3:bw=10,experts=[4]; c2:bw=53,experts=[1,2,4,5,6]; c5:bw=31,experts=[3,4,5]; c4:bw=10,experts=[0]; c8:bw=13,experts=[3]; c7:bw=18,experts=[0]; c6:bw=23,experts=[4,7]; c0:bw=70,experts=[1,2,3,4,5,6,7]
   57 | 0.01000 |   0.8893 |   68.15% |   70.95% |    0:53.32
      bandwidth/experts | c3:bw=64,experts=[1,2,3,4,5,6]; c8:bw=43,experts=[4,5,6,7]; c6:bw=48,experts=[2,4,6,7]; c1:bw=49,experts=[2,4,6,7]; c7:bw=69,experts=[1,2,3,4,5,6]; c0:bw=70,experts=[0,2,3,4,5,6,7]; c5:bw=44,experts=[0,4,6,7]; c4:bw=41,experts=[2,3,4,5]; c2:bw=33,experts=[4,6,7]; c9:bw=19,experts=[4]
   58 | 0.01000 |   0.9199 |   67.74% |   70.95% |    0:53.16
      bandwidth/experts | c7:bw=24,experts=[4,6]; c2:bw=10,experts=[0]; c9:bw=57,experts=[1,4,5,6,7]; c6:bw=55,experts=[1,4,5,6,7]; c5:bw=35,experts=[4,5,6]; c1:bw=30,experts=[1,4,6]; c8:bw=40,experts=[2,4,5,6]; c4:bw=38,experts=[4,5,6]; c3:bw=61,experts=[0,3,4,5,6,7]; c0:bw=47,experts=[4,5,6,7]
   59 | 0.01000 |   0.9387 |   69.32% |   70.95% |    0:53.51
      bandwidth/experts | c2:bw=37,experts=[3,4,6]; c8:bw=56,experts=[2,4,5,6,7]; c9:bw=28,experts=[4,6]; c6:bw=19,experts=[0]; c1:bw=65,experts=[2,3,4,5,6,7]; c4:bw=26,experts=[4,6]; c7:bw=28,experts=[4,6]; c5:bw=32,experts=[4,6,7]; c0:bw=52,experts=[3,4,5,6,7]; c3:bw=35,experts=[4,5,6]
   60 | 0.01000 |   0.8829 |   68.77% |   70.95% |    0:53.36
      bandwidth/experts | c0:bw=53,experts=[3,4,5,6,7]; c7:bw=48,experts=[4,5,6,7]; c4:bw=30,experts=[4,6,7]; c2:bw=30,experts=[2,4,6]; c5:bw=33,experts=[4,6,7]; c8:bw=24,experts=[2,4]; c6:bw=59,experts=[2,4,5,6,7]; c9:bw=10,experts=[4]; c1:bw=54,experts=[3,4,5,6,7]; c3:bw=44,experts=[2,4,5,6]
   61 | 0.01000 |   0.8798 |   70.23% |   70.95% |    0:53.43
      bandwidth/experts | c5:bw=49,experts=[2,4,6,7]; c6:bw=37,experts=[4,6,7]; c2:bw=29,experts=[4,6]; c9:bw=38,experts=[4,6,7]; c1:bw=33,experts=[4,5,6]; c3:bw=43,experts=[2,4,5,6]; c8:bw=55,experts=[1,2,4,5,6]; c4:bw=38,experts=[4,6,7]; c7:bw=43,experts=[2,4,5,6]; c0:bw=60,experts=[1,2,4,5,6,7]
   62 | 0.01000 |   0.8853 |   67.54% |   70.95% |    0:53.43
      bandwidth/experts | c8:bw=13,experts=[4]; c6:bw=62,experts=[2,3,4,5,6,7]; c9:bw=16,experts=[0]; c4:bw=60,experts=[1,2,4,5,6,7]; c5:bw=67,experts=[0,1,4,5,6,7]; c0:bw=28,experts=[4,6]; c3:bw=53,experts=[1,2,4,5,6]; c2:bw=42,experts=[4,5,6,7]; c1:bw=75,experts=[0,2,3,4,5,6,7]; c7:bw=44,experts=[4,5,6,7]
   63 | 0.01000 |   0.8717 |   70.71% |   70.95% |    0:53.43
      bandwidth/experts | c5:bw=10,experts=[4]; c9:bw=21,experts=[3,4]; c6:bw=34,experts=[4,5,6]; c3:bw=52,experts=[2,4,5,6,7]; c8:bw=32,experts=[0,4,6]; c1:bw=50,experts=[3,4,5,6,7]; c7:bw=68,experts=[2,3,4,5,6,7]; c0:bw=41,experts=[4,5,6,7]; c2:bw=28,experts=[4,6]; c4:bw=52,experts=[3,4,5,6,7]
   64 | 0.01000 |   0.8710 |   70.01% |   70.95% |    0:53.17
      bandwidth/experts | c6:bw=50,experts=[2,4,5,6,7]; c4:bw=38,experts=[0,4,6]; c5:bw=24,experts=[3,4]; c3:bw=38,experts=[4,5,6]; c7:bw=34,experts=[0,4,6]; c0:bw=32,experts=[4,6,7]; c8:bw=53,experts=[2,3,4,5,6]; c9:bw=59,experts=[2,4,5,6,7]; c2:bw=56,experts=[1,2,4,5,6]; c1:bw=28,experts=[4,7]
   65 | 0.01000 |   0.8847 |   69.82% |   70.95% |    0:53.30
      bandwidth/experts | c7:bw=10,experts=[1]; c5:bw=29,experts=[4,7]; c4:bw=57,experts=[2,4,5,6,7]; c6:bw=50,experts=[2,4,5,6,7]; c8:bw=66,experts=[2,3,4,5,6,7]; c3:bw=42,experts=[4,5,6,7]; c0:bw=41,experts=[0,4,6,7]; c2:bw=28,experts=[4,6]; c1:bw=58,experts=[2,4,5,6,7]; c9:bw=47,experts=[3,4,6,7]
   66 | 0.01000 |   0.8633 |   67.09% |   70.95% |    0:53.34
      bandwidth/experts | c2:bw=41,experts=[0,2,4,6]; c5:bw=17,experts=[4]; c1:bw=54,experts=[1,4,5,6,7]; c8:bw=24,experts=[4,6]; c9:bw=31,experts=[1,4,7]; c6:bw=30,experts=[1,4,7]; c4:bw=41,experts=[4,5,6,7]; c0:bw=38,experts=[2,4,6]; c3:bw=66,experts=[0,2,3,4,5,6]; c7:bw=50,experts=[2,3,4,5,6]
   67 | 0.01000 |   0.8611 |   70.11% |   70.95% |    0:53.45
      bandwidth/experts | c4:bw=51,experts=[3,4,5,6,7]; c5:bw=48,experts=[4,5,6,7]; c1:bw=36,experts=[4,6,7]; c3:bw=25,experts=[4,5]; c6:bw=53,experts=[0,4,5,6,7]; c0:bw=32,experts=[4,6,7]; c2:bw=43,experts=[3,4,6,7]; c9:bw=60,experts=[0,3,4,5,6,7]; c7:bw=59,experts=[2,4,5,6,7]; c8:bw=10,experts=[4]
   68 | 0.01000 |   0.8639 |   70.80% |   70.95% |    0:53.49
      bandwidth/experts | c1:bw=42,experts=[4,5,6,7]; c8:bw=31,experts=[4,5,6]; c2:bw=58,experts=[2,4,5,6,7]; c0:bw=30,experts=[3,4,6]; c3:bw=26,experts=[4,7]; c4:bw=49,experts=[4,5,6,7]; c5:bw=45,experts=[4,5,6,7]; c9:bw=15,experts=[4]; c7:bw=28,experts=[4,6]; c6:bw=32,experts=[4,6,7]
   69 | 0.01000 |   0.8581 |   71.47% |   71.47% |    0:53.63
      bandwidth/experts | c3:bw=41,experts=[4,5,6,7]; c7:bw=58,experts=[2,4,5,6,7]; c1:bw=31,experts=[4,6,7]; c4:bw=41,experts=[4,5,6,7]; c9:bw=35,experts=[4,6,7]; c5:bw=39,experts=[2,4,7]; c0:bw=52,experts=[1,2,4,6,7]; c2:bw=66,experts=[2,3,4,5,6,7]; c8:bw=42,experts=[1,4,6,7]; c6:bw=26,experts=[4,7]
   70 | 0.01000 |   0.8682 |   70.17% |   71.47% |    0:53.10
      bandwidth/experts | c1:bw=24,experts=[0,4]; c9:bw=10,experts=[4]; c7:bw=28,experts=[4,7]; c3:bw=32,experts=[1,4,6]; c0:bw=30,experts=[4,5,6]; c6:bw=26,experts=[3,4]; c2:bw=55,experts=[1,2,4,5,6]; c4:bw=58,experts=[1,3,4,6,7]; c5:bw=23,experts=[0,1]; c8:bw=48,experts=[2,4,5,6]
   71 | 0.01000 |   0.8594 |   70.97% |   71.47% |    0:53.61
      bandwidth/experts | c4:bw=42,experts=[3,4,6,7]; c0:bw=16,experts=[4]; c1:bw=52,experts=[2,3,4,5,6]; c9:bw=40,experts=[4,5,6,7]; c7:bw=20,experts=[4,6]; c5:bw=33,experts=[4,6,7]; c3:bw=62,experts=[1,2,3,4,5,6]; c6:bw=50,experts=[2,4,5,6,7]; c8:bw=39,experts=[0,4,6]; c2:bw=61,experts=[1,2,4,5,6,7]
   72 | 0.01000 |   0.8521 |   73.17% |   73.17% |    0:53.71
      bandwidth/experts | c8:bw=30,experts=[4,5,6]; c1:bw=39,experts=[4,6,7]; c5:bw=43,experts=[3,4,6,7]; c7:bw=48,experts=[0,2,4,6]; c6:bw=19,experts=[4]; c0:bw=52,experts=[2,4,5,6,7]; c3:bw=23,experts=[4,6]; c2:bw=23,experts=[4,7]; c9:bw=38,experts=[2,4,7]; c4:bw=39,experts=[0,4,6]
   73 | 0.01000 |   0.8667 |   72.77% |   73.17% |    0:53.63
      bandwidth/experts | c2:bw=47,experts=[4,5,6,7]; c8:bw=11,experts=[3]; c3:bw=40,experts=[4,5,6,7]; c1:bw=66,experts=[0,3,4,5,6,7]; c5:bw=17,experts=[4]; c9:bw=52,experts=[2,4,5,6,7]; c0:bw=28,experts=[0,4]; c7:bw=37,experts=[1,4,6]; c6:bw=20,experts=[4,7]; c4:bw=41,experts=[2,4,6,7]
   74 | 0.01000 |   0.9591 |   72.78% |   73.17% |    0:53.61
      bandwidth/experts | c3:bw=10,experts=[0]; c0:bw=40,experts=[2,4,6,7]; c1:bw=28,experts=[1,4]; c5:bw=50,experts=[0,3,4,6,7]; c7:bw=65,experts=[1,2,3,4,6,7]; c8:bw=28,experts=[4,6]; c6:bw=10,experts=[1]; c2:bw=10,experts=[0]; c4:bw=47,experts=[1,2,4,6]; c9:bw=32,experts=[1,4,7]
   75 | 0.01000 |   0.8438 |   72.13% |   73.17% |    0:53.72
      bandwidth/experts | c2:bw=40,experts=[4,5,6,7]; c9:bw=61,experts=[0,3,4,5,6,7]; c1:bw=54,experts=[3,4,5,6,7]; c3:bw=20,experts=[4,6]; c7:bw=28,experts=[4,6]; c6:bw=56,experts=[0,4,5,6,7]; c5:bw=31,experts=[4,6,7]; c4:bw=56,experts=[3,4,5,6,7]; c0:bw=60,experts=[1,2,4,5,6,7]; c8:bw=53,experts=[2,4,5,6,7]
   76 | 0.01000 |   0.8444 |   73.27% |   73.27% |    0:53.58
      bandwidth/experts | c8:bw=29,experts=[4,7]; c5:bw=37,experts=[4,5,7]; c0:bw=31,experts=[3,4,6]; c3:bw=15,experts=[4]; c2:bw=25,experts=[4,6]; c6:bw=23,experts=[4,7]; c7:bw=66,experts=[0,3,4,5,6,7]; c4:bw=60,experts=[1,3,4,5,6,7]; c9:bw=57,experts=[2,4,5,6,7]; c1:bw=53,experts=[3,4,5,6,7]
   77 | 0.01000 |   0.8481 |   73.87% |   73.87% |    0:53.46
      bandwidth/experts | c9:bw=29,experts=[4,7]; c2:bw=34,experts=[3,4,6]; c1:bw=62,experts=[1,2,4,5,6,7]; c8:bw=10,experts=[1]; c4:bw=10,experts=[4]; c7:bw=10,experts=[4]; c6:bw=57,experts=[0,4,5,6,7]; c0:bw=63,experts=[1,2,4,5,6,7]; c3:bw=40,experts=[4,5,6,7]; c5:bw=59,experts=[2,4,5,6,7]
   78 | 0.01000 |   0.8375 |   72.74% |   73.87% |    0:53.50
      bandwidth/experts | c0:bw=26,experts=[4,6]; c4:bw=23,experts=[4,6]; c3:bw=38,experts=[1,4,6]; c7:bw=36,experts=[4,6,7]; c8:bw=54,experts=[1,2,4,5,6]; c1:bw=41,experts=[1,4,6,7]; c9:bw=31,experts=[4,6,7]; c6:bw=57,experts=[1,3,4,5,6]; c5:bw=63,experts=[1,2,4,5,6,7]; c2:bw=34,experts=[4,6,7]
   79 | 0.01000 |   0.8697 |   74.65% |   74.65% |    0:53.34
      bandwidth/experts | c6:bw=21,experts=[2,4]; c9:bw=10,experts=[4]; c0:bw=36,experts=[4,6,7]; c4:bw=80,experts=[0,1,2,3,4,5,6,7]; c7:bw=46,experts=[4,5,6,7]; c8:bw=44,experts=[0,4,6,7]; c5:bw=53,experts=[1,4,5,6,7]; c3:bw=26,experts=[2,3]; c1:bw=37,experts=[4,6,7]; c2:bw=33,experts=[1,2,4]
   80 | 0.01000 |   0.8367 |   74.84% |   74.84% |    0:53.59
      bandwidth/experts | c5:bw=65,experts=[0,1,4,5,6,7]; c9:bw=53,experts=[3,4,5,6,7]; c7:bw=48,experts=[1,2,4,6]; c1:bw=31,experts=[4,6,7]; c3:bw=31,experts=[4,6,7]; c4:bw=57,experts=[1,2,4,6,7]; c2:bw=44,experts=[4,5,6,7]; c0:bw=47,experts=[4,5,6,7]; c6:bw=39,experts=[4,6,7]; c8:bw=51,experts=[2,3,4,5,6]
   81 | 0.01000 |   0.8331 |   72.45% |   74.84% |    0:53.63
      bandwidth/experts | c6:bw=51,experts=[2,4,5,6,7]; c2:bw=45,experts=[4,5,6,7]; c3:bw=67,experts=[1,2,4,5,6,7]; c1:bw=49,experts=[0,4,6,7]; c4:bw=42,experts=[3,4,6,7]; c5:bw=30,experts=[4,6,7]; c9:bw=26,experts=[4,6]; c7:bw=58,experts=[1,2,4,5,6]; c8:bw=48,experts=[4,5,6,7]; c0:bw=50,experts=[0,4,5,6,7]
   82 | 0.01000 |   0.8288 |   72.69% |   74.84% |    0:53.70
      bandwidth/experts | c1:bw=64,experts=[2,3,4,5,6,7]; c0:bw=30,experts=[4,6,7]; c6:bw=36,experts=[4,6,7]; c8:bw=58,experts=[2,4,5,6,7]; c7:bw=40,experts=[2,4,5,6]; c3:bw=39,experts=[0,4,6]; c2:bw=30,experts=[0,4,6]; c9:bw=56,experts=[1,3,4,6,7]; c5:bw=40,experts=[3,4,6,7]; c4:bw=30,experts=[4,6,7]
   83 | 0.01000 |   0.8303 |   73.14% |   74.84% |    0:53.41
      bandwidth/experts | c9:bw=51,experts=[0,3,4,6,7]; c4:bw=10,experts=[4]; c2:bw=41,experts=[2,4,5,6]; c7:bw=37,experts=[2,4,6]; c5:bw=10,experts=[4]; c0:bw=10,experts=[4]; c6:bw=53,experts=[1,4,5,6,7]; c1:bw=63,experts=[0,3,4,5,6,7]; c8:bw=39,experts=[4,6,7]; c3:bw=42,experts=[2,4,5,6]
   84 | 0.01000 |   0.8441 |   74.34% |   74.84% |    0:53.63
      bandwidth/experts | c8:bw=67,experts=[2,3,4,5,6,7]; c3:bw=32,experts=[2,4,6]; c1:bw=58,experts=[2,4,5,6,7]; c6:bw=10,experts=[4]; c9:bw=20,experts=[2,4]; c2:bw=36,experts=[4,5,6]; c7:bw=47,experts=[0,3,4,6]; c5:bw=20,experts=[4,6]; c4:bw=27,experts=[4,6]; c0:bw=10,experts=[3]
   85 | 0.01000 |   0.8245 |   75.66% |   75.66% |    0:53.54
      bandwidth/experts | c0:bw=38,experts=[1,2,4]; c2:bw=45,experts=[2,3,4,5]; c8:bw=70,experts=[0,1,2,4,5,6,7]; c6:bw=42,experts=[0,4,6,7]; c1:bw=57,experts=[0,3,4,6,7]; c4:bw=42,experts=[1,4,6,7]; c9:bw=58,experts=[3,4,5,6,7]; c3:bw=51,experts=[1,2,4,5,6]; c5:bw=12,experts=[4]; c7:bw=11,experts=[4]
   86 | 0.01000 |   0.8201 |   73.68% |   75.66% |    0:53.60
      bandwidth/experts | c5:bw=47,experts=[2,4,6,7]; c8:bw=28,experts=[4,6]; c2:bw=24,experts=[4,6]; c6:bw=55,experts=[3,4,5,6,7]; c0:bw=30,experts=[4,6,7]; c4:bw=18,experts=[4]; c7:bw=44,experts=[4,5,6,7]; c3:bw=28,experts=[2,4]; c1:bw=72,experts=[0,1,3,4,5,6,7]; c9:bw=43,experts=[3,4,6,7]
   87 | 0.01000 |   0.8240 |   75.91% |   75.91% |    0:53.35
      bandwidth/experts | c1:bw=29,experts=[4,7]; c2:bw=67,experts=[1,2,4,5,6,7]; c7:bw=22,experts=[4,5]; c5:bw=10,experts=[4]; c6:bw=60,experts=[0,2,4,5,6,7]; c3:bw=68,experts=[1,2,3,4,5,6]; c4:bw=34,experts=[0,4,5]; c9:bw=37,experts=[4,6,7]; c8:bw=46,experts=[4,5,6,7]; c0:bw=35,experts=[4,6,7]
   88 | 0.01000 |   0.8276 |   76.27% |   76.27% |    0:53.28
      bandwidth/experts | c8:bw=43,experts=[1,2,4,6]; c6:bw=27,experts=[4,7]; c3:bw=33,experts=[2,4,6]; c7:bw=41,experts=[4,5,6,7]; c0:bw=62,experts=[1,2,4,5,6,7]; c4:bw=38,experts=[2,4,6]; c9:bw=31,experts=[4,6,7]; c1:bw=28,experts=[4,6]; c5:bw=30,experts=[0,1,5]; c2:bw=46,experts=[2,4,5,6]
   89 | 0.01000 |   0.8386 |   76.04% |   76.27% |    0:53.47
      bandwidth/experts | c3:bw=31,experts=[4,6,7]; c8:bw=74,experts=[0,2,3,4,5,6,7]; c2:bw=44,experts=[4,5,6,7]; c9:bw=60,experts=[0,3,4,5,6,7]; c7:bw=21,experts=[1,4]; c5:bw=46,experts=[4,5,6,7]; c0:bw=13,experts=[0]; c6:bw=32,experts=[4,6,7]; c4:bw=30,experts=[3,4,6]; c1:bw=41,experts=[2,4,6,7]
   90 | 0.01000 |   0.8172 |   73.48% |   76.27% |    0:53.65
      bandwidth/experts | c7:bw=72,experts=[0,2,3,4,5,6,7]; c1:bw=31,experts=[4,6,7]; c3:bw=36,experts=[0,4,7]; c9:bw=63,experts=[1,2,4,5,6,7]; c0:bw=64,experts=[0,3,4,5,6,7]; c6:bw=26,experts=[4,7]; c2:bw=21,experts=[0,4]; c5:bw=27,experts=[3,4]; c8:bw=50,experts=[1,2,4,5,6]; c4:bw=35,experts=[4,6,7]
   91 | 0.01000 |   0.8143 |   73.89% |   76.27% |    0:53.45
      bandwidth/experts | c1:bw=50,experts=[1,2,4,5,6]; c9:bw=35,experts=[4,6,7]; c5:bw=52,experts=[1,4,5,6,7]; c7:bw=51,experts=[2,4,5,6,7]; c3:bw=40,experts=[2,4,5,6]; c4:bw=54,experts=[3,4,5,6,7]; c0:bw=22,experts=[4,6]; c6:bw=29,experts=[1,4]; c2:bw=11,experts=[4]; c8:bw=23,experts=[4,6]
   92 | 0.01000 |   0.8099 |   73.94% |   76.27% |    0:53.38
      bandwidth/experts | c3:bw=28,experts=[4,7]; c7:bw=34,experts=[4,6,7]; c1:bw=20,experts=[4,7]; c0:bw=29,experts=[4,7]; c8:bw=19,experts=[4]; c6:bw=45,experts=[4,5,6,7]; c9:bw=56,experts=[0,3,4,6,7]; c2:bw=25,experts=[4,6]; c5:bw=66,experts=[0,1,4,5,6,7]; c4:bw=26,experts=[4,6]
   93 | 0.01000 |   0.8146 |   74.95% |   76.27% |    0:53.41
      bandwidth/experts | c1:bw=47,experts=[2,4,6,7]; c3:bw=31,experts=[4,6,7]; c7:bw=22,experts=[4,6]; c9:bw=58,experts=[1,3,4,6,7]; c6:bw=22,experts=[4,7]; c8:bw=10,experts=[4]; c5:bw=10,experts=[4]; c4:bw=32,experts=[1,4,6]; c0:bw=19,experts=[4]; c2:bw=51,experts=[3,4,5,6,7]
   94 | 0.01000 |   0.8102 |   75.63% |   76.27% |    0:53.86
      bandwidth/experts | c7:bw=45,experts=[4,5,6,7]; c2:bw=65,experts=[1,2,3,4,5,6]; c5:bw=41,experts=[2,4,6,7]; c4:bw=31,experts=[4,6,7]; c6:bw=30,experts=[3,4,7]; c9:bw=50,experts=[0,3,4,6,7]; c1:bw=70,experts=[0,1,3,4,5,6,7]; c8:bw=10,experts=[4]; c0:bw=55,experts=[0,4,5,6,7]; c3:bw=34,experts=[2,4,5]
   95 | 0.01000 |   0.8304 |   75.08% |   76.27% |    0:53.60
      bandwidth/experts | c7:bw=59,experts=[3,4,5,6,7]; c9:bw=42,experts=[3,4,6,7]; c4:bw=15,experts=[0]; c6:bw=40,experts=[0,2,4,7]; c0:bw=35,experts=[4,6,7]; c3:bw=41,experts=[1,3,4,7]; c1:bw=31,experts=[4,6,7]; c8:bw=76,experts=[0,2,3,4,5,6,7]; c2:bw=23,experts=[4,6]; c5:bw=10,experts=[4]
   96 | 0.01000 |   0.8045 |   75.40% |   76.27% |    0:53.57
      bandwidth/experts | c2:bw=65,experts=[0,2,4,5,6,7]; c9:bw=44,experts=[3,4,6,7]; c3:bw=46,experts=[4,5,6,7]; c1:bw=36,experts=[4,6,7]; c5:bw=60,experts=[0,1,4,5,6,7]; c4:bw=49,experts=[2,4,6,7]; c6:bw=31,experts=[4,6,7]; c7:bw=50,experts=[1,2,4,6,7]; c0:bw=36,experts=[1,2,4]; c8:bw=64,experts=[0,3,4,5,6,7]
   97 | 0.01000 |   0.8047 |   76.39% |   76.39% |    0:53.58
      bandwidth/experts | c0:bw=41,experts=[4,5,6,7]; c9:bw=43,experts=[3,4,6,7]; c8:bw=43,experts=[2,4,6,7]; c4:bw=16,experts=[4]; c7:bw=30,experts=[4,6,7]; c1:bw=50,experts=[1,2,4,5,6]; c3:bw=35,experts=[4,6,7]; c5:bw=46,experts=[4,5,6,7]; c6:bw=50,experts=[2,4,5,6,7]; c2:bw=54,experts=[0,4,5,6,7]
   98 | 0.01000 |   0.8068 |   75.20% |   76.39% |    0:53.28
      bandwidth/experts | c4:bw=52,experts=[0,3,4,6,7]; c8:bw=54,experts=[1,4,5,6,7]; c9:bw=27,experts=[2,5]; c7:bw=24,experts=[0,4]; c6:bw=36,experts=[4,6,7]; c5:bw=49,experts=[3,4,6,7]; c0:bw=33,experts=[3,4,6]; c3:bw=25,experts=[0,4]; c1:bw=26,experts=[4,7]; c2:bw=24,experts=[4,6]
   99 | 0.01000 |   0.7981 |   75.85% |   76.39% |    0:53.66
      bandwidth/experts | c8:bw=34,experts=[4,6,7]; c5:bw=49,experts=[3,4,6,7]; c7:bw=45,experts=[4,5,6,7]; c1:bw=59,experts=[3,4,5,6,7]; c3:bw=38,experts=[4,6,7]; c9:bw=20,experts=[4,6]; c4:bw=24,experts=[4,5]; c0:bw=40,experts=[4,5,6,7]; c2:bw=31,experts=[4,6,7]; c6:bw=35,experts=[1,4,7]
  100 | 0.01000 |   0.7975 |   77.02% |   77.02% |    0:53.47
      bandwidth/experts | c2:bw=30,experts=[4,6,7]; c8:bw=44,experts=[2,4,6,7]; c9:bw=53,experts=[0,3,4,6,7]; c5:bw=18,experts=[4]; c6:bw=44,experts=[0,4,6,7]; c1:bw=17,experts=[4]; c4:bw=65,experts=[0,3,4,5,6,7]; c7:bw=10,experts=[4]; c3:bw=42,experts=[0,4,6,7]; c0:bw=64,experts=[1,2,3,4,6,7]

Done. Best Acc: 77.02% @ round 100
Total time: 1:29:01.10
[Export] 实验目录: /userhome/cs3/duanty/FedMoE/results/exp01-c10-resnet-e8-fedadam-lr1e3/20260921-065105
[Export] 每轮明细: /userhome/cs3/duanty/FedMoE/results/exp01-c10-resnet-e8-fedadam-lr1e3/20260921-065105/rounds.xlsx
[Export] 总体摘要: /userhome/cs3/duanty/FedMoE/results/exp01-c10-resnet-e8-fedadam-lr1e3/20260921-065105/summary.xlsx
[Plot] result = /userhome/cs3/duanty/FedMoE/results/exp01-c10-resnet-e8-fedadam-lr1e3/20260921-065105
[Plot] figures -> /userhome/cs3/duanty/FedMoE/results/exp01-c10-resnet-e8-fedadam-lr1e3/20260921-065105/figure
  fig01_test_accuracy.pdf
  fig02_train_loss.pdf
  fig03_acc_and_loss.pdf
  fig04_bandwidth_and_k.pdf
  fig05_expert_round_heatmap.pdf
  fig06_client_expert_heatmap.pdf
  fig07_expert_frequency.pdf
  fig08_time_breakdown.pdf
  fig09_accuracy_vs_communication.pdf
  fig10_overview.pdf
[Export] 图片目录: /userhome/cs3/duanty/FedMoE/results/exp01-c10-resnet-e8-fedadam-lr1e3/20260921-065105/figure
