========================================
Job    : exp01-svhn-vgg11-e8-ours
Host   : gpu-4090-101
Date   : Mon Sep 21 20:29:46 HKT 2026
GPU    : 0
Python : /userhome/cs3/duanty/miniconda3/envs/moe/bin/python
Command: python -u main.py --method ours --dataset svhn --backbone vgg11 --select ours --merge ours --device cuda --num_experts 8 --bw_max -1 --output_dir ./results/exp01-svhn-vgg11-e8-ours
========================================

==================================================================
 Ours  
  Dataset=svhn | beta=0.1 | Backbone=vgg11 | width_mult=1 | Clients=10 | Experts=8
  Select=ours | Merge=ours
  Expert refresh N_ref=8
  Rounds=100 | LR=0.01
  Bandwidth: expert_bw=10 | bw=[10, 80] | Rayleigh-Shannon, SNR=10 dB | k=floor(bw/10)
==================================================================


[Partition] Dirichlet beta=0.1, 10 clients
  Client 0:   4975 samples | 6/10 classes
  Client 1:  13141 samples | 4/10 classes
  Client 2:   9473 samples | 7/10 classes
  Client 3:   1473 samples | 7/10 classes
  Client 4:   8663 samples | 10/10 classes
  Client 5:   2743 samples | 6/10 classes
  Client 6:  11091 samples | 7/10 classes
  Client 7:  14881 samples | 5/10 classes
  Client 8:   3149 samples | 5/10 classes
  Client 9:   3668 samples | 10/10 classes

[Upload] expert_bw=10 | available bw=[10, 80] | Rayleigh-Shannon, SNR=10 dB | upload k=floor(bw/10), cap=8 | probe gate scores, refresh stale experts, then train selected

[Model] Total params: 11,369,616

[Export] 本次实验目录: /userhome/cs3/duanty/FedMoE/results/exp01-svhn-vgg11-e8-ours/20260921-202952

Round |      LR |  AvgLoss |  TestAcc |     Best |  RoundTime
--------------------------------------------------------------------------------
    1 | 0.00208 |   1.4131 |   13.45% |   13.45% |    1:14.92
      bandwidth/experts | c8:bw=55,experts=[0,2,3,4,5]; c1:bw=29,experts=[2,3]; c5:bw=44,experts=[0,2,3,5]; c0:bw=10,experts=[3]; c7:bw=20,experts=[2,3]; c2:bw=29,experts=[2,3]; c9:bw=45,experts=[0,2,3,5]; c4:bw=40,experts=[0,2,3,5]; c3:bw=51,experts=[0,2,3,4,5]; c6:bw=41,experts=[0,2,3,5]
    2 | 0.00406 |   1.1143 |   43.80% |   43.80% |    1:00.12
      bandwidth/experts | c0:bw=36,experts=[0,2,3]; c1:bw=41,experts=[0,2,3,6]; c8:bw=48,experts=[0,2,3,6]; c5:bw=69,experts=[0,1,2,3,6,7]; c3:bw=67,experts=[0,1,2,3,6,7]; c4:bw=30,experts=[0,2,3]; c7:bw=55,experts=[0,2,3,6,7]; c9:bw=46,experts=[0,2,3,6]; c6:bw=17,experts=[0]; c2:bw=22,experts=[0,2]
    3 | 0.00604 |   0.9138 |   44.25% |   44.25% |    0:59.21
      bandwidth/experts | c9:bw=48,experts=[0,2,3,6]; c2:bw=42,experts=[0,2,3,6]; c0:bw=50,experts=[0,2,3,6,7]; c6:bw=40,experts=[0,2,3,6]; c8:bw=30,experts=[0,2,3]; c5:bw=13,experts=[3]; c3:bw=26,experts=[0,3]; c7:bw=33,experts=[0,2,3]; c1:bw=13,experts=[0]; c4:bw=52,experts=[0,2,3,6,7]
    4 | 0.00802 |   0.8405 |   70.01% |   70.01% |    0:59.79
      bandwidth/experts | c1:bw=40,experts=[0,2,3,6]; c7:bw=45,experts=[0,2,3,6]; c6:bw=53,experts=[0,1,2,3,6]; c2:bw=60,experts=[0,1,2,3,4,6]; c8:bw=31,experts=[0,2,3]; c0:bw=59,experts=[0,2,3,5,6]; c3:bw=34,experts=[0,2,3]; c4:bw=56,experts=[0,2,3,4,6]; c5:bw=73,experts=[0,1,2,3,4,5,6]; c9:bw=22,experts=[0,3]
    5 | 0.01000 |   0.7923 |   70.42% |   70.42% |    1:00.18
      bandwidth/experts | c1:bw=20,experts=[0,3]; c5:bw=40,experts=[0,2,3,6]; c4:bw=48,experts=[0,2,3,6]; c8:bw=37,experts=[0,2,3]; c0:bw=50,experts=[0,2,3,5,6]; c7:bw=24,experts=[0,3]; c6:bw=53,experts=[0,2,3,4,6]; c3:bw=63,experts=[0,1,2,3,4,6]; c2:bw=10,experts=[0]; c9:bw=62,experts=[0,1,2,3,5,6]
    6 | 0.01000 |   0.7568 |   72.34% |   72.34% |    0:59.43
      bandwidth/experts | c8:bw=67,experts=[0,1,2,3,4,6]; c2:bw=42,experts=[0,2,3,6]; c5:bw=27,experts=[0,3]; c7:bw=58,experts=[0,2,3,6,7]; c3:bw=36,experts=[0,3,6]; c1:bw=32,experts=[0,3,6]; c9:bw=48,experts=[0,2,3,6]; c0:bw=31,experts=[0,3,6]; c4:bw=17,experts=[0]; c6:bw=20,experts=[0,3]
    7 | 0.01000 |   0.7325 |   81.45% |   81.45% |    1:00.95
      bandwidth/experts | c0:bw=36,experts=[0,3,6]; c5:bw=49,experts=[0,2,3,6]; c2:bw=40,experts=[0,2,3,6]; c6:bw=13,experts=[3]; c3:bw=26,experts=[0,3]; c7:bw=31,experts=[0,2,3]; c4:bw=14,experts=[0]; c1:bw=10,experts=[3]; c8:bw=57,experts=[0,1,2,3,6]; c9:bw=10,experts=[3]
    8 | 0.01000 |   0.7251 |   79.86% |   81.45% |    0:58.89
      bandwidth/experts | c4:bw=10,experts=[1]; c8:bw=37,experts=[0,3,7]; c1:bw=58,experts=[0,1,4,5,7]; c3:bw=37,experts=[0,3,6]; c0:bw=32,experts=[0,1,4]; c5:bw=28,experts=[0,3]; c2:bw=54,experts=[0,3,5,6,7]; c9:bw=59,experts=[0,3,4,6,7]; c7:bw=15,experts=[1]; c6:bw=41,experts=[0,3,6,7]
    9 | 0.01000 |   0.7084 |   84.12% |   84.12% |    1:00.23
      bandwidth/experts | c2:bw=21,experts=[0,3]; c0:bw=52,experts=[0,2,3,5,6]; c4:bw=59,experts=[0,2,3,5,6]; c9:bw=26,experts=[0,3]; c8:bw=18,experts=[5]; c6:bw=31,experts=[0,3,5]; c7:bw=46,experts=[0,3,4,5]; c5:bw=52,experts=[0,2,3,4,6]; c1:bw=14,experts=[3]; c3:bw=23,experts=[3,5]
   10 | 0.01000 |   0.7055 |   84.65% |   84.65% |    0:58.63
      bandwidth/experts | c4:bw=37,experts=[0,3,6]; c2:bw=34,experts=[0,3,6]; c7:bw=37,experts=[0,2,3]; c0:bw=59,experts=[0,2,3,5,6]; c6:bw=65,experts=[0,1,3,4,5,6]; c3:bw=46,experts=[0,3,6,7]; c5:bw=58,experts=[0,2,3,6,7]; c8:bw=35,experts=[0,3,6]; c9:bw=35,experts=[0,3,6]; c1:bw=41,experts=[0,1,3,6]
   11 | 0.01000 |   0.6910 |   86.58% |   86.58% |    1:00.41
      bandwidth/experts | c5:bw=28,experts=[0,3]; c2:bw=27,experts=[0,3]; c7:bw=44,experts=[0,2,3,7]; c3:bw=50,experts=[0,1,3,4,6]; c0:bw=28,experts=[0,7]; c8:bw=39,experts=[0,3,6]; c9:bw=33,experts=[0,3,6]; c6:bw=55,experts=[0,1,3,4,6]; c1:bw=40,experts=[0,2,3,6]; c4:bw=16,experts=[7]
   12 | 0.01000 |   0.6790 |   83.94% |   86.58% |    1:00.98
      bandwidth/experts | c1:bw=42,experts=[0,2,3,6]; c5:bw=56,experts=[0,1,3,5,6]; c2:bw=57,experts=[0,1,3,4,6]; c4:bw=28,experts=[0,4]; c3:bw=35,experts=[0,3,6]; c7:bw=30,experts=[0,2,3]; c9:bw=42,experts=[0,1,3,6]; c6:bw=29,experts=[0,3]; c8:bw=55,experts=[0,2,3,5,6]; c0:bw=49,experts=[0,2,3,6]
   13 | 0.01000 |   0.6778 |   82.77% |   86.58% |    0:59.38
      bandwidth/experts | c3:bw=30,experts=[0,2,3]; c1:bw=47,experts=[0,2,3,6]; c4:bw=10,experts=[0]; c5:bw=29,experts=[0,3]; c8:bw=15,experts=[0]; c6:bw=36,experts=[0,2,3]; c9:bw=15,experts=[5]; c7:bw=58,experts=[0,2,3,6,7]; c0:bw=25,experts=[0,3]; c2:bw=16,experts=[0]
   14 | 0.01000 |   0.6771 |   85.33% |   86.58% |    0:59.53
      bandwidth/experts | c2:bw=45,experts=[0,3,4,6]; c4:bw=10,experts=[0]; c5:bw=64,experts=[0,2,3,4,6,7]; c1:bw=38,experts=[0,3,6]; c7:bw=25,experts=[0,3]; c0:bw=25,experts=[0,3]; c9:bw=32,experts=[0,2,3]; c3:bw=45,experts=[0,1,3,6]; c8:bw=21,experts=[3,4]; c6:bw=67,experts=[0,1,3,4,5,6]
   15 | 0.01000 |   0.6681 |   87.22% |   87.22% |    0:59.71
      bandwidth/experts | c7:bw=59,experts=[0,2,3,4,7]; c0:bw=20,experts=[0,3]; c1:bw=14,experts=[0]; c8:bw=52,experts=[0,1,2,3,6]; c3:bw=10,experts=[3]; c2:bw=53,experts=[0,1,2,3,6]; c4:bw=47,experts=[0,3,6,7]; c5:bw=18,experts=[0]; c9:bw=19,experts=[3]; c6:bw=33,experts=[0,3,6]
   16 | 0.01000 |   0.6628 |   88.47% |   88.47% |    1:02.39
      bandwidth/experts | c6:bw=40,experts=[0,3,4,7]; c1:bw=29,experts=[4,5]; c3:bw=43,experts=[0,1,3,6]; c8:bw=49,experts=[0,3,6,7]; c7:bw=22,experts=[1,3]; c5:bw=40,experts=[0,3,4,7]; c4:bw=35,experts=[0,1,3]; c9:bw=24,experts=[4,7]; c0:bw=57,experts=[0,1,3,4,6]; c2:bw=52,experts=[0,3,5,6,7]
   17 | 0.01000 |   0.6562 |   90.70% |   90.70% |    1:01.01
      bandwidth/experts | c4:bw=58,experts=[0,2,3,5,6]; c7:bw=25,experts=[0,5]; c8:bw=10,experts=[0]; c3:bw=52,experts=[0,1,3,5,6]; c5:bw=10,experts=[0]; c1:bw=29,experts=[0,7]; c0:bw=11,experts=[0]; c2:bw=19,experts=[0]; c9:bw=37,experts=[0,3,6]; c6:bw=39,experts=[0,3,6]
   18 | 0.01000 |   0.6538 |   92.38% |   92.38% |    0:59.93
      bandwidth/experts | c1:bw=10,experts=[1]; c8:bw=10,experts=[0]; c5:bw=35,experts=[0,3,6]; c2:bw=37,experts=[0,3,6]; c9:bw=19,experts=[0]; c7:bw=55,experts=[0,2,3,6,7]; c4:bw=56,experts=[0,1,3,5,6]; c3:bw=37,experts=[0,3,7]; c0:bw=49,experts=[0,3,5,6]; c6:bw=31,experts=[0,3,4]
   19 | 0.01000 |   0.6476 |   91.70% |   92.38% |    0:59.66
      bandwidth/experts | c8:bw=56,experts=[0,2,3,6,7]; c0:bw=42,experts=[0,3,6,7]; c4:bw=51,experts=[0,2,3,6,7]; c1:bw=46,experts=[0,2,3,6]; c9:bw=38,experts=[0,3,6]; c5:bw=29,experts=[0,3]; c7:bw=22,experts=[0,3]; c2:bw=14,experts=[0]; c6:bw=66,experts=[0,1,2,3,4,6]; c3:bw=40,experts=[0,1,3,4]
   20 | 0.01000 |   0.6481 |   92.98% |   92.98% |    0:59.94
      bandwidth/experts | c0:bw=28,experts=[0,2]; c2:bw=41,experts=[0,3,4,6]; c1:bw=40,experts=[0,2,3,6]; c9:bw=17,experts=[1]; c7:bw=43,experts=[0,2,3,7]; c6:bw=68,experts=[0,1,2,3,4,6]; c3:bw=18,experts=[3]; c5:bw=10,experts=[1]; c4:bw=59,experts=[0,3,4,6,7]; c8:bw=50,experts=[0,2,3,5,6]
   21 | 0.01000 |   0.6491 |   92.02% |   92.98% |    0:59.53
      bandwidth/experts | c1:bw=41,experts=[0,3,6,7]; c2:bw=39,experts=[0,3,6]; c7:bw=12,experts=[0]; c4:bw=48,experts=[0,3,6,7]; c8:bw=18,experts=[0]; c5:bw=32,experts=[0,3,5]; c0:bw=66,experts=[0,2,3,5,6,7]; c3:bw=10,experts=[2]; c6:bw=16,experts=[0]; c9:bw=25,experts=[3,5]
   22 | 0.01000 |   0.6434 |   91.64% |   92.98% |    1:00.59
      bandwidth/experts | c7:bw=16,experts=[3]; c9:bw=33,experts=[0,2,3]; c1:bw=10,experts=[3]; c6:bw=61,experts=[0,1,3,4,5,6]; c5:bw=17,experts=[2]; c2:bw=66,experts=[0,2,3,4,6,7]; c0:bw=67,experts=[0,2,3,5,6,7]; c4:bw=36,experts=[0,3,6]; c3:bw=56,experts=[0,1,3,5,6]; c8:bw=33,experts=[0,3,4]
   23 | 0.01000 |   0.6381 |   91.46% |   92.98% |    1:02.45
      bandwidth/experts | c5:bw=52,experts=[0,3,4,6,7]; c7:bw=15,experts=[4]; c4:bw=56,experts=[0,2,3,6,7]; c6:bw=10,experts=[0]; c9:bw=50,experts=[0,1,3,6,7]; c8:bw=35,experts=[0,1,3]; c3:bw=15,experts=[3]; c1:bw=62,experts=[0,1,2,3,6,7]; c2:bw=32,experts=[0,1,3]; c0:bw=11,experts=[0]
   24 | 0.01000 |   0.6356 |   92.99% |   92.99% |    1:02.27
      bandwidth/experts | c6:bw=30,experts=[0,3,7]; c4:bw=12,experts=[0]; c7:bw=10,experts=[1]; c9:bw=50,experts=[0,3,4,6,7]; c2:bw=43,experts=[0,3,5,7]; c1:bw=10,experts=[4]; c5:bw=25,experts=[0,3]; c8:bw=18,experts=[3]; c3:bw=10,experts=[3]; c0:bw=31,experts=[1,3,4]
   25 | 0.01000 |   0.6315 |   93.60% |   93.60% |    1:00.73
      bandwidth/experts | c9:bw=40,experts=[0,1,3,6]; c6:bw=16,experts=[0]; c4:bw=58,experts=[0,1,3,6,7]; c3:bw=14,experts=[0]; c5:bw=64,experts=[0,2,3,4,6,7]; c1:bw=49,experts=[0,3,5,7]; c8:bw=55,experts=[0,1,3,6,7]; c2:bw=12,experts=[0]; c0:bw=56,experts=[0,2,3,6,7]; c7:bw=40,experts=[0,2,3,5]
   26 | 0.01000 |   0.6324 |   93.92% |   93.92% |    1:01.05
      bandwidth/experts | c3:bw=44,experts=[0,1,3,7]; c6:bw=34,experts=[0,3,6]; c9:bw=50,experts=[0,1,3,6,7]; c7:bw=31,experts=[0,3,6]; c1:bw=33,experts=[0,3,6]; c5:bw=20,experts=[0,3]; c2:bw=30,experts=[0,3,6]; c8:bw=53,experts=[0,2,3,6,7]; c0:bw=11,experts=[0]; c4:bw=48,experts=[0,3,5,7]
   27 | 0.01000 |   0.6308 |   93.69% |   93.92% |    1:01.06
      bandwidth/experts | c7:bw=51,experts=[0,2,3,4,7]; c1:bw=62,experts=[0,2,3,4,6,7]; c4:bw=12,experts=[0]; c0:bw=36,experts=[0,3,7]; c9:bw=18,experts=[3]; c2:bw=20,experts=[0,3]; c8:bw=55,experts=[0,2,3,6,7]; c3:bw=21,experts=[3,4]; c6:bw=63,experts=[0,1,3,4,5,6]; c5:bw=37,experts=[0,3,6]
   28 | 0.01000 |   0.6275 |   93.45% |   93.92% |    1:01.19
      bandwidth/experts | c6:bw=29,experts=[0,2]; c9:bw=49,experts=[0,1,3,6]; c0:bw=47,experts=[0,2,3,7]; c8:bw=29,experts=[0,5]; c2:bw=10,experts=[3]; c5:bw=33,experts=[0,1,3]; c1:bw=25,experts=[0,3]; c3:bw=12,experts=[3]; c4:bw=10,experts=[4]; c7:bw=10,experts=[3]
   29 | 0.01000 |   0.6260 |   93.24% |   93.92% |    1:01.78
      bandwidth/experts | c4:bw=38,experts=[0,3,7]; c0:bw=44,experts=[0,2,3,7]; c1:bw=33,experts=[0,3,7]; c9:bw=44,experts=[0,3,5,6]; c6:bw=43,experts=[0,3,4,6]; c8:bw=34,experts=[0,3,7]; c7:bw=21,experts=[0,3]; c3:bw=32,experts=[0,2,3]; c2:bw=18,experts=[3]; c5:bw=33,experts=[0,3,5]
   30 | 0.01000 |   0.6234 |   93.64% |   93.92% |    1:01.22
      bandwidth/experts | c5:bw=62,experts=[0,2,3,4,6,7]; c1:bw=35,experts=[0,3,7]; c9:bw=54,experts=[0,1,2,3,6]; c4:bw=51,experts=[0,3,5,6,7]; c0:bw=17,experts=[5]; c8:bw=41,experts=[0,3,4,7]; c6:bw=11,experts=[0]; c7:bw=12,experts=[3]; c3:bw=59,experts=[0,1,3,5,6]; c2:bw=27,experts=[2,4]
   31 | 0.01000 |   0.6204 |   92.22% |   93.92% |    1:01.05
      bandwidth/experts | c6:bw=29,experts=[0,3]; c4:bw=19,experts=[2]; c9:bw=45,experts=[0,1,3,6]; c1:bw=30,experts=[0,1,3]; c5:bw=62,experts=[0,2,3,4,6,7]; c8:bw=33,experts=[0,2,3]; c3:bw=24,experts=[0,3]; c2:bw=15,experts=[1]; c0:bw=47,experts=[0,3,6,7]; c7:bw=63,experts=[0,2,3,4,5,7]
   32 | 0.01000 |   0.6188 |   94.28% |   94.28% |    1:01.17
      bandwidth/experts | c8:bw=21,experts=[0,3]; c5:bw=36,experts=[0,3,4]; c4:bw=49,experts=[0,3,6,7]; c7:bw=47,experts=[0,1,3,7]; c0:bw=46,experts=[0,1,3,4]; c1:bw=21,experts=[0,3]; c3:bw=28,experts=[0,3]; c6:bw=27,experts=[3,7]; c2:bw=54,experts=[0,3,5,6,7]; c9:bw=31,experts=[0,3,4]
   33 | 0.01000 |   0.6203 |   93.32% |   94.28% |    1:00.27
      bandwidth/experts | c7:bw=52,experts=[0,2,3,6,7]; c1:bw=34,experts=[0,3,5]; c3:bw=70,experts=[0,1,2,3,4,5,7]; c6:bw=37,experts=[0,3,4]; c5:bw=29,experts=[0,3]; c9:bw=42,experts=[0,1,3,6]; c2:bw=24,experts=[0,3]; c8:bw=50,experts=[0,1,3,4,7]; c4:bw=45,experts=[0,1,3,7]; c0:bw=62,experts=[0,2,3,5,6,7]
   34 | 0.01000 |   0.6170 |   94.19% |   94.28% |    1:00.63
      bandwidth/experts | c4:bw=46,experts=[0,3,6,7]; c1:bw=46,experts=[0,3,6,7]; c6:bw=48,experts=[0,3,4,6]; c9:bw=68,experts=[0,1,3,5,6,7]; c8:bw=42,experts=[0,2,3,7]; c0:bw=22,experts=[0,3]; c5:bw=60,experts=[0,2,3,4,6,7]; c7:bw=32,experts=[0,3,7]; c3:bw=72,experts=[0,1,3,4,5,6,7]; c2:bw=54,experts=[0,3,4,6,7]
   35 | 0.01000 |   0.6160 |   93.85% |   94.28% |    1:00.13
      bandwidth/experts | c4:bw=33,experts=[0,3,7]; c0:bw=20,experts=[0,3]; c1:bw=31,experts=[2,3,4]; c6:bw=44,experts=[0,1,3,5]; c2:bw=46,experts=[0,3,4,7]; c8:bw=50,experts=[0,1,3,6,7]; c9:bw=27,experts=[0,3]; c7:bw=48,experts=[0,2,3,7]; c5:bw=41,experts=[0,3,6,7]; c3:bw=24,experts=[0,3]
   36 | 0.01000 |   0.6141 |   94.51% |   94.51% |    1:00.31
      bandwidth/experts | c9:bw=37,experts=[0,3,6]; c0:bw=36,experts=[0,3,6]; c3:bw=60,experts=[0,1,3,5,6,7]; c7:bw=27,experts=[0,3]; c6:bw=43,experts=[0,2,3,4]; c5:bw=49,experts=[0,1,3,7]; c1:bw=10,experts=[0]; c4:bw=74,experts=[0,2,3,4,5,6,7]; c8:bw=51,experts=[0,3,5,6,7]; c2:bw=50,experts=[0,3,4,6,7]
   37 | 0.01000 |   0.6117 |   94.21% |   94.51% |    0:59.41
      bandwidth/experts | c1:bw=18,experts=[0]; c5:bw=39,experts=[0,3,5]; c2:bw=36,experts=[0,3,7]; c6:bw=65,experts=[0,1,2,3,4,6]; c4:bw=39,experts=[0,3,7]; c7:bw=42,experts=[0,2,3,7]; c9:bw=40,experts=[0,1,3,6]; c0:bw=54,experts=[0,2,3,6,7]; c3:bw=36,experts=[0,1,3]; c8:bw=10,experts=[0]
   38 | 0.01000 |   0.6133 |   94.00% |   94.51% |    0:59.76
      bandwidth/experts | c8:bw=46,experts=[0,3,6,7]; c6:bw=17,experts=[3]; c4:bw=52,experts=[0,2,3,6,7]; c1:bw=31,experts=[0,3,7]; c5:bw=10,experts=[3]; c2:bw=10,experts=[2]; c3:bw=38,experts=[0,1,3]; c7:bw=51,experts=[0,2,3,6,7]; c9:bw=26,experts=[2,3]; c0:bw=40,experts=[0,3,6,7]
   39 | 0.01000 |   0.6113 |   94.84% |   94.84% |    0:58.38
      bandwidth/experts | c3:bw=26,experts=[0,3]; c0:bw=10,experts=[0]; c1:bw=45,experts=[0,1,3,7]; c7:bw=40,experts=[0,3,4,5]; c6:bw=31,experts=[0,3,4]; c8:bw=45,experts=[0,3,6,7]; c2:bw=36,experts=[0,1,3]; c4:bw=36,experts=[0,3,7]; c9:bw=24,experts=[0,3]; c5:bw=75,experts=[0,1,2,3,4,6,7]
   40 | 0.01000 |   0.6107 |   93.95% |   94.84% |    1:02.17
      bandwidth/experts | c8:bw=26,experts=[0,3]; c1:bw=42,experts=[0,3,6,7]; c5:bw=32,experts=[0,3,7]; c6:bw=46,experts=[0,3,4,7]; c2:bw=65,experts=[0,3,4,5,6,7]; c7:bw=66,experts=[0,1,2,3,6,7]; c3:bw=10,experts=[3]; c4:bw=19,experts=[0]; c9:bw=40,experts=[0,3,4,6]; c0:bw=36,experts=[0,1,4]
   41 | 0.01000 |   0.6066 |   94.30% |   94.84% |    1:02.25
      bandwidth/experts | c2:bw=54,experts=[0,3,4,6,7]; c6:bw=10,experts=[0]; c8:bw=57,experts=[0,3,4,6,7]; c1:bw=10,experts=[5]; c4:bw=50,experts=[0,1,3,6,7]; c5:bw=61,experts=[0,2,3,4,6,7]; c7:bw=68,experts=[0,2,3,5,6,7]; c3:bw=40,experts=[0,1,2,3]; c9:bw=54,experts=[0,1,3,4,6]; c0:bw=10,experts=[5]
   42 | 0.01000 |   0.6064 |   94.53% |   94.84% |    1:02.06
      bandwidth/experts | c5:bw=50,experts=[0,2,3,4,7]; c1:bw=49,experts=[0,3,6,7]; c3:bw=48,experts=[0,3,4,6]; c9:bw=51,experts=[0,3,5,6,7]; c6:bw=34,experts=[0,3,4]; c0:bw=15,experts=[0]; c7:bw=20,experts=[0,3]; c4:bw=55,experts=[0,1,3,6,7]; c8:bw=42,experts=[0,2,3,7]; c2:bw=40,experts=[0,3,4,7]
   43 | 0.01000 |   0.6046 |   94.65% |   94.84% |    1:01.72
      bandwidth/experts | c5:bw=53,experts=[0,2,3,4,7]; c1:bw=58,experts=[0,2,3,4,7]; c2:bw=51,experts=[0,3,4,6,7]; c8:bw=45,experts=[0,1,3,7]; c9:bw=32,experts=[0,3,6]; c7:bw=21,experts=[0,3]; c4:bw=34,experts=[0,3,7]; c6:bw=12,experts=[5]; c3:bw=65,experts=[0,1,3,5,6,7]; c0:bw=21,experts=[0,3]
   44 | 0.01000 |   0.6051 |   94.36% |   94.84% |    1:02.24
      bandwidth/experts | c0:bw=66,experts=[0,2,3,5,6,7]; c3:bw=47,experts=[0,1,3,6]; c4:bw=29,experts=[4,5]; c2:bw=37,experts=[0,3,4]; c7:bw=75,experts=[0,2,3,4,5,6,7]; c5:bw=24,experts=[0,3]; c6:bw=20,experts=[0,3]; c9:bw=37,experts=[0,3,6]; c8:bw=34,experts=[0,3,5]; c1:bw=45,experts=[0,1,3,6]
   45 | 0.01000 |   0.6060 |   94.25% |   94.84% |    1:02.05
      bandwidth/experts | c8:bw=55,experts=[0,3,4,6,7]; c0:bw=36,experts=[0,3,7]; c3:bw=67,experts=[0,1,3,4,5,6]; c4:bw=64,experts=[0,2,3,5,6,7]; c7:bw=36,experts=[0,3,7]; c2:bw=49,experts=[0,3,4,7]; c9:bw=25,experts=[0,3]; c6:bw=10,experts=[1]; c5:bw=44,experts=[0,3,4,5]; c1:bw=56,experts=[0,3,4,6,7]
   46 | 0.01000 |   0.6021 |   94.44% |   94.84% |    1:02.13
      bandwidth/experts | c9:bw=37,experts=[0,2,3]; c3:bw=27,experts=[0,3]; c6:bw=39,experts=[0,2,6]; c1:bw=41,experts=[0,1,3,4]; c4:bw=64,experts=[0,2,3,5,6,7]; c5:bw=41,experts=[0,3,6,7]; c2:bw=57,experts=[0,2,3,4,7]; c8:bw=39,experts=[0,3,7]; c0:bw=55,experts=[0,2,3,6,7]; c7:bw=28,experts=[0,3]
   47 | 0.01000 |   0.6030 |   94.78% |   94.84% |    1:02.80
      bandwidth/experts | c5:bw=52,experts=[0,1,3,4,7]; c6:bw=22,experts=[0,3]; c7:bw=53,experts=[0,2,3,4,7]; c9:bw=17,experts=[3]; c8:bw=39,experts=[0,3,7]; c3:bw=70,experts=[0,1,3,4,5,6,7]; c4:bw=10,experts=[0]; c0:bw=46,experts=[0,3,6,7]; c1:bw=30,experts=[0,3,7]; c2:bw=54,experts=[0,1,3,4,7]
   48 | 0.01000 |   0.6031 |   94.08% |   94.84% |    1:03.63
      bandwidth/experts | c1:bw=50,experts=[0,2,3,6,7]; c8:bw=50,experts=[0,2,3,6,7]; c4:bw=67,experts=[0,2,3,5,6,7]; c2:bw=57,experts=[0,3,5,6,7]; c9:bw=52,experts=[0,1,3,6,7]; c6:bw=45,experts=[0,3,4,7]; c5:bw=55,experts=[0,2,3,4,7]; c7:bw=62,experts=[0,1,2,3,4,7]; c0:bw=16,experts=[1]; c3:bw=18,experts=[3]
   49 | 0.01000 |   0.6004 |   94.88% |   94.88% |    1:03.59
      bandwidth/experts | c4:bw=48,experts=[0,2,3,7]; c3:bw=32,experts=[0,2,3]; c8:bw=26,experts=[0,3]; c0:bw=20,experts=[0,4]; c2:bw=58,experts=[0,3,4,6,7]; c5:bw=56,experts=[0,2,3,4,7]; c6:bw=13,experts=[0]; c7:bw=44,experts=[0,2,3,7]; c9:bw=53,experts=[0,3,4,6,7]; c1:bw=54,experts=[0,3,4,5,7]
   50 | 0.01000 |   0.5997 |   94.74% |   94.88% |    1:01.92
      bandwidth/experts | c8:bw=32,experts=[0,3,7]; c4:bw=10,experts=[1]; c7:bw=34,experts=[0,3,7]; c6:bw=68,experts=[0,2,3,4,6,7]; c2:bw=63,experts=[0,2,3,4,6,7]; c1:bw=64,experts=[0,2,3,4,5,7]; c3:bw=39,experts=[0,1,3]; c0:bw=29,experts=[0,3]; c9:bw=27,experts=[3,5]; c5:bw=31,experts=[0,3,7]
   51 | 0.01000 |   0.5998 |   94.76% |   94.88% |    1:04.14
      bandwidth/experts | c5:bw=47,experts=[0,3,4,7]; c0:bw=53,experts=[0,2,3,6,7]; c1:bw=21,experts=[0,3]; c2:bw=20,experts=[0,3]; c8:bw=46,experts=[0,1,3,7]; c6:bw=52,experts=[0,1,3,4,5]; c9:bw=18,experts=[3]; c3:bw=55,experts=[0,1,3,5,7]; c4:bw=11,experts=[0]; c7:bw=27,experts=[0,3]
   52 | 0.01000 |   0.6004 |   94.93% |   94.93% |    1:03.39
      bandwidth/experts | c0:bw=46,experts=[0,3,5,7]; c8:bw=18,experts=[5]; c5:bw=24,experts=[0,3]; c7:bw=34,experts=[3,5,6]; c1:bw=40,experts=[0,2,3,7]; c4:bw=33,experts=[0,3,4]; c9:bw=31,experts=[0,3,6]; c6:bw=51,experts=[0,1,3,4,6]; c2:bw=29,experts=[0,3]; c3:bw=43,experts=[0,3,5,7]
   53 | 0.01000 |   0.5971 |   94.83% |   94.93% |    1:03.62
      bandwidth/experts | c8:bw=22,experts=[3,4]; c4:bw=28,experts=[0,3]; c5:bw=44,experts=[0,3,4,5]; c1:bw=59,experts=[0,3,5,6,7]; c3:bw=47,experts=[0,3,6,7]; c9:bw=61,experts=[0,1,3,5,6,7]; c6:bw=36,experts=[0,3,4]; c7:bw=44,experts=[0,2,3,7]; c0:bw=39,experts=[0,3,7]; c2:bw=51,experts=[0,3,4,6,7]
   54 | 0.01000 |   0.5966 |   95.03% |   95.03% |    1:01.53
      bandwidth/experts | c2:bw=10,experts=[3]; c1:bw=53,experts=[0,1,2,3,7]; c8:bw=55,experts=[0,3,4,5,7]; c7:bw=61,experts=[0,2,3,4,6,7]; c3:bw=30,experts=[0,3,5]; c0:bw=37,experts=[0,3,7]; c6:bw=54,experts=[0,3,4,5,6]; c5:bw=10,experts=[6]; c9:bw=50,experts=[0,2,3,4,6]; c4:bw=32,experts=[0,3,7]
   55 | 0.01000 |   0.5970 |   94.16% |   95.03% |    1:02.10
      bandwidth/experts | c7:bw=54,experts=[0,2,3,6,7]; c2:bw=41,experts=[0,1,3,4]; c4:bw=14,experts=[0]; c3:bw=52,experts=[0,3,4,6,7]; c8:bw=14,experts=[0]; c5:bw=53,experts=[0,1,3,6,7]; c1:bw=60,experts=[0,2,3,4,6,7]; c6:bw=42,experts=[0,3,4,7]; c0:bw=27,experts=[0,3]; c9:bw=62,experts=[0,1,3,4,6,7]
   56 | 0.01000 |   0.5952 |   94.40% |   95.03% |    1:01.98
      bandwidth/experts | c9:bw=52,experts=[0,1,3,6,7]; c1:bw=56,experts=[0,2,3,4,7]; c3:bw=10,experts=[3]; c2:bw=53,experts=[0,3,4,5,7]; c5:bw=31,experts=[0,3,7]; c4:bw=10,experts=[5]; c8:bw=13,experts=[2]; c7:bw=18,experts=[1]; c6:bw=23,experts=[0,3]; c0:bw=70,experts=[0,1,2,3,5,6,7]
   57 | 0.01000 |   0.5958 |   94.57% |   95.03% |    1:04.99
      bandwidth/experts | c3:bw=64,experts=[0,1,2,3,5,7]; c8:bw=43,experts=[0,2,3,6]; c6:bw=48,experts=[0,3,4,7]; c1:bw=49,experts=[0,3,4,7]; c7:bw=69,experts=[0,2,3,4,6,7]; c0:bw=70,experts=[0,2,3,4,5,6,7]; c5:bw=44,experts=[0,2,3,7]; c4:bw=41,experts=[0,2,3,6]; c2:bw=33,experts=[0,3,7]; c9:bw=19,experts=[3]
   58 | 0.01000 |   0.5940 |   94.77% |   95.03% |    1:04.26
      bandwidth/experts | c7:bw=24,experts=[0,3]; c2:bw=10,experts=[2]; c9:bw=57,experts=[0,1,3,4,6]; c6:bw=55,experts=[0,2,3,4,7]; c5:bw=35,experts=[0,3,4]; c1:bw=30,experts=[0,3,7]; c8:bw=40,experts=[0,2,3,7]; c4:bw=38,experts=[0,1,3]; c3:bw=61,experts=[0,1,3,4,5,7]; c0:bw=47,experts=[0,3,6,7]
   59 | 0.01000 |   0.5931 |   94.88% |   95.03% |    1:05.55
      bandwidth/experts | c2:bw=37,experts=[0,3,7]; c8:bw=56,experts=[0,1,3,5,7]; c9:bw=28,experts=[0,3]; c6:bw=19,experts=[0]; c1:bw=65,experts=[0,1,2,3,5,7]; c4:bw=26,experts=[0,3]; c7:bw=28,experts=[0,3]; c5:bw=32,experts=[0,3,7]; c0:bw=52,experts=[0,3,5,6,7]; c3:bw=35,experts=[0,3,7]
   60 | 0.01000 |   0.5935 |   94.86% |   95.03% |    1:05.28
      bandwidth/experts | c0:bw=53,experts=[0,3,5,6,7]; c7:bw=48,experts=[0,3,5,7]; c4:bw=30,experts=[0,3,4]; c2:bw=30,experts=[0,3,7]; c5:bw=33,experts=[0,3,7]; c8:bw=24,experts=[0,3]; c6:bw=59,experts=[0,1,3,4,7]; c9:bw=10,experts=[3]; c1:bw=54,experts=[0,2,3,4,7]; c3:bw=44,experts=[0,1,3,5]
   61 | 0.01000 |   0.5924 |   95.03% |   95.03% |    1:07.13
      bandwidth/experts | c5:bw=49,experts=[0,3,5,7]; c6:bw=37,experts=[0,3,4]; c2:bw=29,experts=[3,6]; c9:bw=38,experts=[0,3,5]; c1:bw=33,experts=[0,3,7]; c3:bw=43,experts=[0,3,4,7]; c8:bw=55,experts=[0,3,4,6,7]; c4:bw=38,experts=[0,3,7]; c7:bw=43,experts=[0,2,3,7]; c0:bw=60,experts=[0,2,3,5,6,7]
   62 | 0.01000 |   0.5917 |   94.62% |   95.03% |    1:01.15
      bandwidth/experts | c8:bw=13,experts=[3]; c6:bw=62,experts=[0,1,3,4,5,6]; c9:bw=16,experts=[2]; c4:bw=60,experts=[0,2,3,5,6,7]; c5:bw=67,experts=[0,2,3,4,6,7]; c0:bw=28,experts=[0,3]; c3:bw=53,experts=[0,1,3,4,6]; c2:bw=42,experts=[0,3,4,7]; c1:bw=75,experts=[0,1,2,3,4,6,7]; c7:bw=44,experts=[0,2,3,7]
   63 | 0.01000 |   0.5894 |   94.51% |   95.03% |    1:00.88
      bandwidth/experts | c5:bw=10,experts=[1]; c9:bw=21,experts=[0,3]; c6:bw=34,experts=[0,3,6]; c3:bw=52,experts=[0,1,3,4,5]; c8:bw=32,experts=[0,3,7]; c1:bw=50,experts=[0,2,3,4,7]; c7:bw=68,experts=[0,2,3,4,6,7]; c0:bw=41,experts=[0,3,6,7]; c2:bw=28,experts=[1,3]; c4:bw=52,experts=[0,3,5,6,7]
   64 | 0.01000 |   0.5898 |   94.99% |   95.03% |    1:05.51
      bandwidth/experts | c6:bw=50,experts=[0,3,4,6,7]; c4:bw=38,experts=[0,3,7]; c5:bw=24,experts=[0,3]; c3:bw=38,experts=[0,3,7]; c7:bw=34,experts=[0,1,3]; c0:bw=32,experts=[0,1,3]; c8:bw=53,experts=[0,2,3,4,7]; c9:bw=59,experts=[0,1,3,6,7]; c2:bw=56,experts=[0,3,4,5,7]; c1:bw=28,experts=[0,3]
   65 | 0.01000 |   0.5892 |   94.54% |   95.03% |    1:02.32
      bandwidth/experts | c7:bw=10,experts=[0]; c5:bw=29,experts=[0,3]; c4:bw=57,experts=[0,2,3,6,7]; c6:bw=50,experts=[0,3,4,6,7]; c8:bw=66,experts=[0,2,3,4,5,7]; c3:bw=42,experts=[0,1,2,3]; c0:bw=41,experts=[0,3,4,7]; c2:bw=28,experts=[0,3]; c1:bw=58,experts=[0,2,3,4,7]; c9:bw=47,experts=[0,1,3,6]
   66 | 0.01000 |   0.5906 |   95.00% |   95.03% |    0:58.92
      bandwidth/experts | c2:bw=41,experts=[0,2,3,4]; c5:bw=17,experts=[3]; c1:bw=54,experts=[0,2,3,4,7]; c8:bw=24,experts=[0,3]; c9:bw=31,experts=[0,3,4]; c6:bw=30,experts=[0,2,3]; c4:bw=41,experts=[0,1,3,7]; c0:bw=38,experts=[0,3,7]; c3:bw=66,experts=[0,1,2,3,4,5]; c7:bw=50,experts=[0,2,3,4,7]
   67 | 0.01000 |   0.5877 |   94.74% |   95.03% |    0:58.20
      bandwidth/experts | c4:bw=51,experts=[0,2,3,6,7]; c5:bw=48,experts=[0,3,4,7]; c1:bw=36,experts=[0,3,5]; c3:bw=25,experts=[0,3]; c6:bw=53,experts=[0,3,4,5,6]; c0:bw=32,experts=[0,3,7]; c2:bw=43,experts=[0,3,4,7]; c9:bw=60,experts=[0,1,2,3,4,6]; c7:bw=59,experts=[0,2,3,4,7]; c8:bw=10,experts=[1]
   68 | 0.01000 |   0.5883 |   95.03% |   95.03% |    0:58.54
      bandwidth/experts | c1:bw=42,experts=[0,2,3,7]; c8:bw=31,experts=[0,3,7]; c2:bw=58,experts=[0,3,4,6,7]; c0:bw=30,experts=[0,2,3]; c3:bw=26,experts=[0,3]; c4:bw=49,experts=[0,3,4,7]; c5:bw=45,experts=[0,2,3,7]; c9:bw=15,experts=[3]; c7:bw=28,experts=[3,5]; c6:bw=32,experts=[0,3,4]
   69 | 0.01000 |   0.5873 |   94.50% |   95.03% |    0:58.32
      bandwidth/experts | c3:bw=41,experts=[0,1,3,5]; c7:bw=58,experts=[0,2,3,4,7]; c1:bw=31,experts=[0,3,7]; c4:bw=41,experts=[0,3,6,7]; c9:bw=35,experts=[0,3,5]; c5:bw=39,experts=[0,3,5]; c0:bw=52,experts=[0,3,5,6,7]; c2:bw=66,experts=[0,2,3,4,6,7]; c8:bw=42,experts=[0,3,6,7]; c6:bw=26,experts=[0,3]
   70 | 0.01000 |   0.5871 |   95.21% |   95.21% |    0:58.46
      bandwidth/experts | c1:bw=24,experts=[1,6]; c9:bw=10,experts=[3]; c7:bw=28,experts=[0,3]; c3:bw=32,experts=[0,3,6]; c0:bw=30,experts=[0,3,7]; c6:bw=26,experts=[1,3]; c2:bw=55,experts=[0,3,4,6,7]; c4:bw=58,experts=[0,3,5,6,7]; c5:bw=23,experts=[3,6]; c8:bw=48,experts=[0,2,3,7]
   71 | 0.01000 |   0.5856 |   94.87% |   95.21% |    0:58.30
      bandwidth/experts | c4:bw=42,experts=[0,3,6,7]; c0:bw=16,experts=[0]; c1:bw=52,experts=[0,2,3,4,7]; c9:bw=40,experts=[0,1,3,6]; c7:bw=20,experts=[0,6]; c5:bw=33,experts=[0,1,3]; c3:bw=62,experts=[0,1,3,4,5,6]; c6:bw=50,experts=[0,2,3,4,7]; c8:bw=39,experts=[0,3,7]; c2:bw=61,experts=[0,1,3,4,6,7]
   72 | 0.01000 |   0.5883 |   94.83% |   95.21% |    0:58.63
      bandwidth/experts | c8:bw=30,experts=[0,3,7]; c1:bw=39,experts=[0,3,7]; c5:bw=43,experts=[0,2,3,4]; c7:bw=48,experts=[0,1,3,7]; c6:bw=19,experts=[0]; c0:bw=52,experts=[0,1,3,6,7]; c3:bw=23,experts=[3,7]; c2:bw=23,experts=[3,5]; c9:bw=38,experts=[0,3,7]; c4:bw=39,experts=[0,3,7]
   73 | 0.01000 |   0.5839 |   94.86% |   95.21% |    0:58.36
      bandwidth/experts | c2:bw=47,experts=[0,3,4,7]; c8:bw=11,experts=[4]; c3:bw=40,experts=[0,1,3,5]; c1:bw=66,experts=[0,1,3,4,5,7]; c5:bw=17,experts=[3]; c9:bw=52,experts=[0,1,3,4,6]; c0:bw=28,experts=[0,4]; c7:bw=37,experts=[0,3,7]; c6:bw=20,experts=[0,3]; c4:bw=41,experts=[0,3,6,7]
   74 | 0.01000 |   0.5849 |   95.19% |   95.21% |    0:58.71
      bandwidth/experts | c3:bw=10,experts=[2]; c0:bw=40,experts=[0,2,3,7]; c1:bw=28,experts=[0,3]; c5:bw=50,experts=[0,2,3,4,7]; c7:bw=65,experts=[0,2,3,4,6,7]; c8:bw=28,experts=[3,5]; c6:bw=10,experts=[0]; c2:bw=10,experts=[3]; c4:bw=47,experts=[0,1,3,7]; c9:bw=32,experts=[0,3,6]
   75 | 0.01000 |   0.5835 |   94.60% |   95.21% |    0:58.27
      bandwidth/experts | c2:bw=40,experts=[0,3,4,7]; c9:bw=61,experts=[0,2,3,4,6,7]; c1:bw=54,experts=[0,2,3,4,7]; c3:bw=20,experts=[0,3]; c7:bw=28,experts=[0,3]; c6:bw=56,experts=[0,3,4,5,6]; c5:bw=31,experts=[0,3,7]; c4:bw=56,experts=[0,2,3,6,7]; c0:bw=60,experts=[0,2,3,5,6,7]; c8:bw=53,experts=[0,1,2,3,7]
   76 | 0.01000 |   0.5833 |   95.03% |   95.21% |    0:58.51
      bandwidth/experts | c8:bw=29,experts=[0,3]; c5:bw=37,experts=[0,3,7]; c0:bw=31,experts=[0,3,7]; c3:bw=15,experts=[3]; c2:bw=25,experts=[0,3]; c6:bw=23,experts=[0,3]; c7:bw=66,experts=[0,2,3,5,6,7]; c4:bw=60,experts=[0,2,3,4,6,7]; c9:bw=57,experts=[0,1,3,4,6]; c1:bw=53,experts=[0,2,3,4,7]
   77 | 0.01000 |   0.5827 |   94.87% |   95.21% |    0:58.36
      bandwidth/experts | c9:bw=29,experts=[3,5]; c2:bw=34,experts=[0,2,3]; c1:bw=62,experts=[0,1,2,3,4,7]; c8:bw=10,experts=[6]; c4:bw=10,experts=[0]; c7:bw=10,experts=[3]; c6:bw=57,experts=[0,2,3,4,7]; c0:bw=63,experts=[0,2,3,5,6,7]; c3:bw=40,experts=[0,3,4,7]; c5:bw=59,experts=[0,3,4,5,7]
   78 | 0.01000 |   0.5827 |   94.91% |   95.21% |    0:58.55
      bandwidth/experts | c0:bw=26,experts=[0,3]; c4:bw=23,experts=[0,5]; c3:bw=38,experts=[0,3,5]; c7:bw=36,experts=[0,3,7]; c8:bw=54,experts=[0,1,2,3,7]; c1:bw=41,experts=[0,3,6,7]; c9:bw=31,experts=[0,3,6]; c6:bw=57,experts=[0,1,3,4,5]; c5:bw=63,experts=[0,2,3,4,6,7]; c2:bw=34,experts=[0,3,4]
   79 | 0.01000 |   0.5820 |   95.17% |   95.21% |    0:58.36
      bandwidth/experts | c6:bw=21,experts=[0,3]; c9:bw=10,experts=[3]; c0:bw=36,experts=[0,3,7]; c4:bw=80,experts=[0,1,2,3,4,5,6,7]; c7:bw=46,experts=[0,2,3,7]; c8:bw=44,experts=[0,2,3,7]; c5:bw=53,experts=[0,1,3,4,7]; c3:bw=26,experts=[3,6]; c1:bw=37,experts=[0,3,4]; c2:bw=33,experts=[1,3,6]
   80 | 0.01000 |   0.5820 |   94.78% |   95.21% |    0:58.75
      bandwidth/experts | c5:bw=65,experts=[0,2,3,4,6,7]; c9:bw=53,experts=[0,1,3,5,6]; c7:bw=48,experts=[0,1,3,7]; c1:bw=31,experts=[0,2,3]; c3:bw=31,experts=[0,3,7]; c4:bw=57,experts=[0,3,5,6,7]; c2:bw=44,experts=[0,3,5,7]; c0:bw=47,experts=[0,1,3,7]; c6:bw=39,experts=[0,3,4]; c8:bw=51,experts=[0,1,3,5,7]
   81 | 0.01000 |   0.5806 |   95.21% |   95.21% |    0:58.35
      bandwidth/experts | c6:bw=51,experts=[0,1,3,4,5]; c2:bw=45,experts=[0,3,4,7]; c3:bw=67,experts=[0,1,3,4,5,7]; c1:bw=49,experts=[0,3,5,7]; c4:bw=42,experts=[0,3,5,7]; c5:bw=30,experts=[0,3,4]; c9:bw=26,experts=[0,3]; c7:bw=58,experts=[0,2,3,4,7]; c8:bw=48,experts=[0,3,4,7]; c0:bw=50,experts=[0,3,4,6,7]
   82 | 0.01000 |   0.5801 |   94.98% |   95.21% |    0:58.63
      bandwidth/experts | c1:bw=64,experts=[0,1,2,3,4,7]; c0:bw=30,experts=[0,3,7]; c6:bw=36,experts=[0,3,4]; c8:bw=58,experts=[0,2,3,4,7]; c7:bw=40,experts=[0,2,3,7]; c3:bw=39,experts=[0,2,3]; c2:bw=30,experts=[0,3,4]; c9:bw=56,experts=[0,1,3,4,6]; c5:bw=40,experts=[0,3,4,7]; c4:bw=30,experts=[0,3,7]
   83 | 0.01000 |   0.5811 |   94.93% |   95.21% |    0:58.32
      bandwidth/experts | c9:bw=51,experts=[0,2,3,4,7]; c4:bw=10,experts=[0]; c2:bw=41,experts=[0,2,3,7]; c7:bw=37,experts=[0,2,3]; c5:bw=10,experts=[3]; c0:bw=10,experts=[0]; c6:bw=53,experts=[0,2,3,4,6]; c1:bw=63,experts=[0,1,2,3,4,7]; c8:bw=39,experts=[0,3,7]; c3:bw=42,experts=[0,3,4,7]
   84 | 0.01000 |   0.5789 |   94.89% |   95.21% |    0:58.70
      bandwidth/experts | c8:bw=67,experts=[0,1,2,3,4,7]; c3:bw=32,experts=[0,3,5]; c1:bw=58,experts=[0,1,2,3,7]; c6:bw=10,experts=[0]; c9:bw=20,experts=[0,3]; c2:bw=36,experts=[0,3,7]; c7:bw=47,experts=[0,3,5,6]; c5:bw=20,experts=[0,3]; c4:bw=27,experts=[0,3]; c0:bw=10,experts=[0]
   85 | 0.01000 |   0.5802 |   94.98% |   95.21% |    0:58.24
      bandwidth/experts | c0:bw=38,experts=[0,2,5]; c2:bw=45,experts=[0,3,4,7]; c8:bw=70,experts=[0,1,2,3,4,6,7]; c6:bw=42,experts=[0,3,4,7]; c1:bw=57,experts=[0,2,3,4,7]; c4:bw=42,experts=[0,3,6,7]; c9:bw=58,experts=[0,1,3,4,6]; c3:bw=51,experts=[0,1,3,4,5]; c5:bw=12,experts=[5]; c7:bw=11,experts=[3]
   86 | 0.01000 |   0.5804 |   95.06% |   95.21% |    0:58.51
      bandwidth/experts | c5:bw=47,experts=[0,3,4,7]; c8:bw=28,experts=[0,3]; c2:bw=24,experts=[0,3]; c6:bw=55,experts=[0,1,3,4,7]; c0:bw=30,experts=[0,3,7]; c4:bw=18,experts=[0]; c7:bw=44,experts=[0,2,3,7]; c3:bw=28,experts=[0,3]; c1:bw=72,experts=[0,1,2,3,4,6,7]; c9:bw=43,experts=[0,3,6,7]
   87 | 0.01000 |   0.5791 |   95.14% |   95.21% |    0:58.65
      bandwidth/experts | c1:bw=29,experts=[0,3]; c2:bw=67,experts=[0,1,3,4,6,7]; c7:bw=22,experts=[0,3]; c5:bw=10,experts=[1]; c6:bw=60,experts=[0,2,3,4,5,7]; c3:bw=68,experts=[0,2,3,5,6,7]; c4:bw=34,experts=[1,2,4]; c9:bw=37,experts=[0,3,4]; c8:bw=46,experts=[0,2,3,7]; c0:bw=35,experts=[0,3,7]
   88 | 0.01000 |   0.5771 |   95.37% |   95.37% |    0:58.62
      bandwidth/experts | c8:bw=43,experts=[0,3,5,7]; c6:bw=27,experts=[0,3]; c3:bw=33,experts=[0,3,4]; c7:bw=41,experts=[0,1,3,7]; c0:bw=62,experts=[0,1,2,3,6,7]; c4:bw=38,experts=[0,3,7]; c9:bw=31,experts=[0,3,5]; c1:bw=28,experts=[0,3]; c5:bw=30,experts=[2,3,6]; c2:bw=46,experts=[0,3,5,7]
   89 | 0.01000 |   0.5773 |   95.06% |   95.37% |    0:58.27
      bandwidth/experts | c3:bw=31,experts=[0,3,5]; c8:bw=74,experts=[0,1,2,3,4,5,7]; c2:bw=44,experts=[0,3,4,7]; c9:bw=60,experts=[0,1,3,4,5,6]; c7:bw=21,experts=[3,4]; c5:bw=46,experts=[0,2,3,7]; c0:bw=13,experts=[4]; c6:bw=32,experts=[0,3,4]; c4:bw=30,experts=[0,3,5]; c1:bw=41,experts=[0,3,5,7]
   90 | 0.01000 |   0.5755 |   95.08% |   95.37% |    0:58.66
      bandwidth/experts | c7:bw=72,experts=[0,2,3,4,5,6,7]; c1:bw=31,experts=[0,3,7]; c3:bw=36,experts=[0,3,5]; c9:bw=63,experts=[0,1,3,4,5,6]; c0:bw=64,experts=[0,2,3,5,6,7]; c6:bw=26,experts=[0,3]; c2:bw=21,experts=[0,3]; c5:bw=27,experts=[0,3]; c8:bw=50,experts=[0,1,3,4,7]; c4:bw=35,experts=[0,3,7]
   91 | 0.01000 |   0.5768 |   94.99% |   95.37% |    0:58.26
      bandwidth/experts | c1:bw=50,experts=[0,2,3,4,7]; c9:bw=35,experts=[0,2,3]; c5:bw=52,experts=[0,2,3,4,7]; c7:bw=51,experts=[0,2,3,6,7]; c3:bw=40,experts=[0,3,5,7]; c4:bw=54,experts=[0,3,5,6,7]; c0:bw=22,experts=[0,3]; c6:bw=29,experts=[3,6]; c2:bw=11,experts=[2]; c8:bw=23,experts=[0,3]
   92 | 0.01000 |   0.5785 |   95.07% |   95.37% |    0:58.55
      bandwidth/experts | c3:bw=28,experts=[0,3]; c7:bw=34,experts=[0,3,7]; c1:bw=20,experts=[0,3]; c0:bw=29,experts=[0,3]; c8:bw=19,experts=[3]; c6:bw=45,experts=[0,3,4,5]; c9:bw=56,experts=[0,1,3,4,6]; c2:bw=25,experts=[0,3]; c5:bw=66,experts=[0,2,3,4,6,7]; c4:bw=26,experts=[0,3]
   93 | 0.01000 |   0.5762 |   95.32% |   95.37% |    0:58.28
      bandwidth/experts | c1:bw=47,experts=[0,2,3,4]; c3:bw=31,experts=[0,1,3]; c7:bw=22,experts=[0,3]; c9:bw=58,experts=[0,3,4,5,6]; c6:bw=22,experts=[0,3]; c8:bw=10,experts=[6]; c5:bw=10,experts=[5]; c4:bw=32,experts=[0,3,7]; c0:bw=19,experts=[0]; c2:bw=51,experts=[0,3,4,5,7]
   94 | 0.01000 |   0.5769 |   95.23% |   95.37% |    0:58.69
      bandwidth/experts | c7:bw=45,experts=[0,2,3,7]; c2:bw=65,experts=[0,2,3,4,6,7]; c5:bw=41,experts=[0,2,3,4]; c4:bw=31,experts=[0,3,7]; c6:bw=30,experts=[0,1,3]; c9:bw=50,experts=[0,3,4,6,7]; c1:bw=70,experts=[0,1,2,3,5,6,7]; c8:bw=10,experts=[3]; c0:bw=55,experts=[0,2,3,6,7]; c3:bw=34,experts=[0,3,4]
   95 | 0.01000 |   0.5764 |   95.06% |   95.37% |    0:58.64
      bandwidth/experts | c7:bw=59,experts=[0,2,3,4,7]; c9:bw=42,experts=[0,3,4,6]; c4:bw=15,experts=[1]; c6:bw=40,experts=[0,2,3,7]; c0:bw=35,experts=[0,3,6]; c3:bw=41,experts=[0,2,3,6]; c1:bw=31,experts=[0,3,7]; c8:bw=76,experts=[0,1,2,3,4,5,7]; c2:bw=23,experts=[1,3]; c5:bw=10,experts=[1]
   96 | 0.01000 |   0.5757 |   95.40% |   95.40% |    0:58.41
      bandwidth/experts | c2:bw=65,experts=[0,3,4,5,6,7]; c9:bw=44,experts=[0,3,4,6]; c3:bw=46,experts=[0,1,3,5]; c1:bw=36,experts=[0,3,7]; c5:bw=60,experts=[0,1,2,3,4,7]; c4:bw=49,experts=[0,2,3,4]; c6:bw=31,experts=[0,3,4]; c7:bw=50,experts=[0,1,2,3,7]; c0:bw=36,experts=[0,1,3]; c8:bw=64,experts=[0,1,2,3,4,7]
   97 | 0.01000 |   0.5742 |   95.09% |   95.40% |    0:58.25
      bandwidth/experts | c0:bw=41,experts=[0,3,4,7]; c9:bw=43,experts=[0,3,6,7]; c8:bw=43,experts=[0,2,3,5]; c4:bw=16,experts=[0]; c7:bw=30,experts=[0,3,7]; c1:bw=50,experts=[0,1,2,3,4]; c3:bw=35,experts=[0,3,7]; c5:bw=46,experts=[0,2,3,7]; c6:bw=50,experts=[0,3,4,6,7]; c2:bw=54,experts=[0,2,3,4,7]
   98 | 0.01000 |   0.5740 |   95.19% |   95.40% |    0:58.37
      bandwidth/experts | c4:bw=52,experts=[0,3,5,6,7]; c8:bw=54,experts=[0,1,3,5,7]; c9:bw=27,experts=[0,3]; c7:bw=24,experts=[3,5]; c6:bw=36,experts=[0,3,4]; c5:bw=49,experts=[0,3,4,7]; c0:bw=33,experts=[0,3,5]; c3:bw=25,experts=[0,3]; c1:bw=26,experts=[0,3]; c2:bw=24,experts=[0,3]
   99 | 0.01000 |   0.5755 |   95.24% |   95.40% |    0:58.38
      bandwidth/experts | c8:bw=34,experts=[0,3,7]; c5:bw=49,experts=[0,3,4,7]; c7:bw=45,experts=[0,3,6,7]; c1:bw=59,experts=[0,1,2,3,4]; c3:bw=38,experts=[0,3,4]; c9:bw=20,experts=[2,3]; c4:bw=24,experts=[0,3]; c0:bw=40,experts=[0,2,3,7]; c2:bw=31,experts=[0,3,4]; c6:bw=35,experts=[0,3,4]
  100 | 0.01000 |   0.5736 |   95.30% |   95.40% |    0:58.52
      bandwidth/experts | c2:bw=30,experts=[0,3,7]; c8:bw=44,experts=[0,3,4,7]; c9:bw=53,experts=[0,1,3,4,6]; c5:bw=18,experts=[6]; c6:bw=44,experts=[0,3,4,5]; c1:bw=17,experts=[3]; c4:bw=65,experts=[0,2,3,5,6,7]; c7:bw=10,experts=[3]; c3:bw=42,experts=[0,3,4,5]; c0:bw=64,experts=[0,2,3,5,6,7]

Done. Best Acc: 95.40% @ round 96
Total time: 1:40:58.01
[Export] 实验目录: /userhome/cs3/duanty/FedMoE/results/exp01-svhn-vgg11-e8-ours/20260921-202952
[Export] 每轮明细: /userhome/cs3/duanty/FedMoE/results/exp01-svhn-vgg11-e8-ours/20260921-202952/rounds.xlsx
[Export] 总体摘要: /userhome/cs3/duanty/FedMoE/results/exp01-svhn-vgg11-e8-ours/20260921-202952/summary.xlsx
[Plot] result = /userhome/cs3/duanty/FedMoE/results/exp01-svhn-vgg11-e8-ours/20260921-202952
[Plot] figures -> /userhome/cs3/duanty/FedMoE/results/exp01-svhn-vgg11-e8-ours/20260921-202952/figure
  fig01_test_accuracy.pdf
  fig02_train_loss.pdf
  fig03_acc_and_loss.pdf
  fig04_bandwidth_and_k.pdf
  fig05_expert_round_heatmap.pdf
  fig06_client_expert_heatmap.pdf
  fig07_expert_frequency.pdf
  fig08_time_breakdown.pdf
  fig09_accuracy_vs_communication.pdf
  fig10_overview.pdf
[Export] 图片目录: /userhome/cs3/duanty/FedMoE/results/exp01-svhn-vgg11-e8-ours/20260921-202952/figure
