========================================
Job    : exp06-c100-resnet-e8-random
Host   : gpu-4090-801
Date   : Thu Sep 24 17:11:38 HKT 2026
GPU    : 0
Python : /userhome/cs3/duanty/miniconda3/envs/moe/bin/python
Command: python -u main.py --method ours --dataset cifar100 --backbone resnet --select random --merge ours --device cuda --num_experts 8 --bw_max -1 --output_dir ./results/exp06-c100-resnet-e8-random
========================================

==================================================================
 Ours  
  Dataset=cifar100 | beta=0.1 | Backbone=resnet | width_mult=1 | Clients=10 | Experts=8
  Select=random | Merge=ours
  Rounds=100 | LR=0.01
  Bandwidth: expert_bw=10 | bw=[10, 80] | Rayleigh-Shannon, SNR=10 dB | k=floor(bw/10)
==================================================================


[Partition] Dirichlet beta=0.1, 10 clients
  Client 0:   4573 samples | 45/100 classes
  Client 1:   4218 samples | 54/100 classes
  Client 2:   3656 samples | 48/100 classes
  Client 3:   5018 samples | 43/100 classes
  Client 4:   6664 samples | 52/100 classes
  Client 5:   6137 samples | 45/100 classes
  Client 6:   6582 samples | 49/100 classes
  Client 7:   4512 samples | 39/100 classes
  Client 8:   5219 samples | 46/100 classes
  Client 9:   3421 samples | 100/100 classes

[Upload] expert_bw=10 | available bw=[10, 80] | Rayleigh-Shannon, SNR=10 dB | upload k=floor(bw/10), cap=8 | random K experts from bandwidth, then train selected

[Model] Total params: 13,684,576

[Export] 本次实验目录: /userhome/cs3/duanty/FedMoE/results/exp06-c100-resnet-e8-random/20260924-171144

Round |      LR |  AvgLoss |  TestAcc |     Best |  RoundTime
--------------------------------------------------------------------------------
    1 | 0.00208 |   3.9665 |    1.27% |    1.27% |    0:58.85
      bandwidth/experts | c8:bw=55,experts=[0,2,3,6,7]; c1:bw=29,experts=[2,6]; c5:bw=44,experts=[0,3,5,7]; c0:bw=10,experts=[7]; c7:bw=20,experts=[4,5]; c2:bw=29,experts=[2,3]; c9:bw=45,experts=[0,1,6,7]; c4:bw=40,experts=[0,5,6,7]; c3:bw=51,experts=[0,1,2,4,6]; c6:bw=41,experts=[0,4,6,7]
    2 | 0.00406 |   3.5417 |    2.70% |    2.70% |    0:58.50
      bandwidth/experts | c0:bw=36,experts=[5,6,7]; c1:bw=41,experts=[2,3,4,5]; c8:bw=48,experts=[0,2,3,4]; c5:bw=69,experts=[1,2,4,5,6,7]; c3:bw=67,experts=[0,1,2,3,5,6]; c4:bw=30,experts=[0,2,4]; c7:bw=55,experts=[0,1,2,3,7]; c9:bw=46,experts=[2,3,4,7]; c6:bw=17,experts=[3]; c2:bw=22,experts=[3,7]
    3 | 0.00604 |   3.5474 |    3.34% |    3.34% |    0:57.00
      bandwidth/experts | c9:bw=48,experts=[2,3,5,7]; c2:bw=42,experts=[0,2,4,6]; c0:bw=50,experts=[1,2,3,5,6]; c6:bw=40,experts=[0,1,2,3]; c8:bw=30,experts=[0,2,3]; c5:bw=13,experts=[6]; c3:bw=26,experts=[2,5]; c7:bw=33,experts=[1,2,5]; c1:bw=13,experts=[1]; c4:bw=52,experts=[2,4,5,6,7]
    4 | 0.00802 |   3.2494 |    7.41% |    7.41% |    0:58.58
      bandwidth/experts | c1:bw=40,experts=[1,2,4,7]; c7:bw=45,experts=[1,3,4,5]; c6:bw=53,experts=[0,3,5,6,7]; c2:bw=60,experts=[0,1,3,4,5,7]; c8:bw=31,experts=[1,3,6]; c0:bw=59,experts=[2,3,4,6,7]; c3:bw=34,experts=[0,4,5]; c4:bw=56,experts=[0,2,3,6,7]; c5:bw=73,experts=[0,1,2,3,4,5,6]; c9:bw=22,experts=[0,6]
    5 | 0.01000 |   3.2641 |    6.51% |    7.41% |    0:56.80
      bandwidth/experts | c1:bw=20,experts=[1,7]; c5:bw=40,experts=[1,4,5,6]; c4:bw=48,experts=[1,2,5,7]; c8:bw=37,experts=[1,2,6]; c0:bw=50,experts=[0,1,3,4,6]; c7:bw=24,experts=[1,6]; c6:bw=53,experts=[1,2,4,6,7]; c3:bw=63,experts=[0,1,4,5,6,7]; c2:bw=10,experts=[1]; c9:bw=62,experts=[0,1,3,5,6,7]
    6 | 0.01000 |   3.2296 |    9.98% |    9.98% |    0:57.67
      bandwidth/experts | c8:bw=67,experts=[0,1,4,5,6,7]; c2:bw=42,experts=[2,4,6,7]; c5:bw=27,experts=[3,4]; c7:bw=58,experts=[1,3,5,6,7]; c3:bw=36,experts=[4,5,7]; c1:bw=32,experts=[1,2,4]; c9:bw=48,experts=[0,3,4,5]; c0:bw=31,experts=[4,5,7]; c4:bw=17,experts=[5]; c6:bw=20,experts=[3,5]
    7 | 0.01000 |   3.1779 |    9.36% |    9.98% |    0:55.72
      bandwidth/experts | c0:bw=36,experts=[0,4,7]; c5:bw=49,experts=[0,2,4,7]; c2:bw=40,experts=[0,3,6,7]; c6:bw=13,experts=[6]; c3:bw=26,experts=[4,5]; c7:bw=31,experts=[1,2,5]; c4:bw=14,experts=[1]; c1:bw=10,experts=[0]; c8:bw=57,experts=[0,3,4,5,7]; c9:bw=10,experts=[6]
    8 | 0.01000 |   3.1895 |   10.12% |   10.12% |    0:55.74
      bandwidth/experts | c4:bw=10,experts=[7]; c8:bw=37,experts=[0,1,7]; c1:bw=58,experts=[0,2,3,6,7]; c3:bw=37,experts=[1,6,7]; c0:bw=32,experts=[4,5,6]; c5:bw=28,experts=[2,7]; c2:bw=54,experts=[2,4,5,6,7]; c9:bw=59,experts=[0,1,2,4,6]; c7:bw=15,experts=[2]; c6:bw=41,experts=[1,3,5,7]
    9 | 0.01000 |   2.9492 |   16.28% |   16.28% |    0:55.36
      bandwidth/experts | c2:bw=21,experts=[2,4]; c0:bw=52,experts=[0,3,4,5,6]; c4:bw=59,experts=[1,2,3,4,6]; c9:bw=26,experts=[4,5]; c8:bw=18,experts=[1]; c6:bw=31,experts=[2,5,7]; c7:bw=46,experts=[0,1,4,5]; c5:bw=52,experts=[2,3,4,5,6]; c1:bw=14,experts=[1]; c3:bw=23,experts=[6,7]
   10 | 0.01000 |   2.8289 |   17.47% |   17.47% |    0:55.65
      bandwidth/experts | c4:bw=37,experts=[1,3,5]; c2:bw=34,experts=[1,3,4]; c7:bw=37,experts=[1,5,6]; c0:bw=59,experts=[1,3,4,6,7]; c6:bw=65,experts=[1,2,4,5,6,7]; c3:bw=46,experts=[1,3,4,5]; c5:bw=58,experts=[0,3,5,6,7]; c8:bw=35,experts=[0,1,5]; c9:bw=35,experts=[2,4,7]; c1:bw=41,experts=[0,1,4,7]
   11 | 0.01000 |   2.7427 |   21.97% |   21.97% |    0:54.76
      bandwidth/experts | c5:bw=28,experts=[2,7]; c2:bw=27,experts=[1,4]; c7:bw=44,experts=[0,3,4,7]; c3:bw=50,experts=[0,3,4,5,7]; c0:bw=28,experts=[2,3]; c8:bw=39,experts=[2,3,5]; c9:bw=33,experts=[3,4,7]; c6:bw=55,experts=[0,1,2,3,4]; c1:bw=40,experts=[1,2,4,6]; c4:bw=16,experts=[5]
   12 | 0.01000 |   2.6932 |   22.37% |   22.37% |    0:55.28
      bandwidth/experts | c1:bw=42,experts=[0,3,5,7]; c5:bw=56,experts=[1,2,5,6,7]; c2:bw=57,experts=[0,1,2,4,5]; c4:bw=28,experts=[5,6]; c3:bw=35,experts=[4,5,7]; c7:bw=30,experts=[3,4,7]; c9:bw=42,experts=[0,1,4,5]; c6:bw=29,experts=[2,5]; c8:bw=55,experts=[0,1,4,6,7]; c0:bw=49,experts=[2,3,4,5]
   13 | 0.01000 |   2.6402 |   22.02% |   22.37% |    0:54.56
      bandwidth/experts | c3:bw=30,experts=[2,4,6]; c1:bw=47,experts=[1,2,6,7]; c4:bw=10,experts=[2]; c5:bw=29,experts=[0,4]; c8:bw=15,experts=[0]; c6:bw=36,experts=[2,4,5]; c9:bw=15,experts=[5]; c7:bw=58,experts=[0,2,3,4,6]; c0:bw=25,experts=[2,4]; c2:bw=16,experts=[3]
   14 | 0.01000 |   2.6415 |   21.18% |   22.37% |    0:54.68
      bandwidth/experts | c2:bw=45,experts=[1,3,5,6]; c4:bw=10,experts=[3]; c5:bw=64,experts=[0,3,4,5,6,7]; c1:bw=38,experts=[0,1,7]; c7:bw=25,experts=[5,7]; c0:bw=25,experts=[1,2]; c9:bw=32,experts=[0,1,7]; c3:bw=45,experts=[3,4,6,7]; c8:bw=21,experts=[1,6]; c6:bw=67,experts=[0,1,2,4,5,6]
   15 | 0.01000 |   2.5592 |   26.44% |   26.44% |    0:54.88
      bandwidth/experts | c7:bw=59,experts=[1,3,4,5,7]; c0:bw=20,experts=[0,1]; c1:bw=14,experts=[0]; c8:bw=52,experts=[1,2,3,4,5]; c3:bw=10,experts=[4]; c2:bw=53,experts=[2,3,4,5,7]; c4:bw=47,experts=[0,2,4,7]; c5:bw=18,experts=[5]; c9:bw=19,experts=[2]; c6:bw=33,experts=[0,3,5]
   16 | 0.01000 |   2.5620 |   19.53% |   26.44% |    0:54.51
      bandwidth/experts | c6:bw=40,experts=[1,4,5,7]; c1:bw=29,experts=[0,3]; c3:bw=43,experts=[0,1,5,6]; c8:bw=49,experts=[0,4,6,7]; c7:bw=22,experts=[6,7]; c5:bw=40,experts=[1,4,6,7]; c4:bw=35,experts=[1,3,5]; c9:bw=24,experts=[0,3]; c0:bw=57,experts=[1,2,5,6,7]; c2:bw=52,experts=[0,1,2,3,5]
   17 | 0.01000 |   2.5023 |   27.96% |   27.96% |    0:54.25
      bandwidth/experts | c4:bw=58,experts=[0,1,3,4,5]; c7:bw=25,experts=[4,6]; c8:bw=10,experts=[6]; c3:bw=52,experts=[1,2,3,5,6]; c5:bw=10,experts=[6]; c1:bw=29,experts=[4,7]; c0:bw=11,experts=[5]; c2:bw=19,experts=[1]; c9:bw=37,experts=[1,5,7]; c6:bw=39,experts=[3,4,7]
   18 | 0.01000 |   2.4312 |   26.81% |   27.96% |    0:55.60
      bandwidth/experts | c1:bw=10,experts=[6]; c8:bw=10,experts=[6]; c5:bw=35,experts=[3,5,7]; c2:bw=37,experts=[3,4,5]; c9:bw=19,experts=[1]; c7:bw=55,experts=[2,3,4,5,6]; c4:bw=56,experts=[0,1,3,5,7]; c3:bw=37,experts=[1,2,5]; c0:bw=49,experts=[1,2,4,5]; c6:bw=31,experts=[5,6,7]
   19 | 0.01000 |   2.3313 |   32.05% |   32.05% |    0:54.86
      bandwidth/experts | c8:bw=56,experts=[0,3,4,5,7]; c0:bw=42,experts=[2,3,4,7]; c4:bw=51,experts=[1,2,4,5,7]; c1:bw=46,experts=[0,1,5,7]; c9:bw=38,experts=[1,4,5]; c5:bw=29,experts=[3,7]; c7:bw=22,experts=[3,6]; c2:bw=14,experts=[1]; c6:bw=66,experts=[0,1,3,4,5,6]; c3:bw=40,experts=[0,4,5,7]
   20 | 0.01000 |   2.3480 |   31.03% |   32.05% |    0:54.64
      bandwidth/experts | c0:bw=28,experts=[1,7]; c2:bw=41,experts=[0,1,3,6]; c1:bw=40,experts=[0,2,5,6]; c9:bw=17,experts=[4]; c7:bw=43,experts=[0,2,5,7]; c6:bw=68,experts=[0,1,3,4,5,7]; c3:bw=18,experts=[2]; c5:bw=10,experts=[5]; c4:bw=59,experts=[0,2,3,4,7]; c8:bw=50,experts=[0,1,3,4,7]
   21 | 0.01000 |   2.2715 |   32.32% |   32.32% |    0:54.86
      bandwidth/experts | c1:bw=41,experts=[0,5,6,7]; c2:bw=39,experts=[2,4,6]; c7:bw=12,experts=[2]; c4:bw=48,experts=[1,2,4,7]; c8:bw=18,experts=[3]; c5:bw=32,experts=[1,2,4]; c0:bw=66,experts=[0,1,2,3,4,7]; c3:bw=10,experts=[5]; c6:bw=16,experts=[0]; c9:bw=25,experts=[4,5]
   22 | 0.01000 |   2.2284 |   35.83% |   35.83% |    0:55.14
      bandwidth/experts | c7:bw=16,experts=[1]; c9:bw=33,experts=[1,3,4]; c1:bw=10,experts=[1]; c6:bw=61,experts=[0,1,2,3,4,7]; c5:bw=17,experts=[0]; c2:bw=66,experts=[0,1,3,4,6,7]; c0:bw=67,experts=[0,2,3,4,6,7]; c4:bw=36,experts=[2,4,7]; c3:bw=56,experts=[1,3,4,5,7]; c8:bw=33,experts=[0,2,5]
   23 | 0.01000 |   2.2249 |   33.59% |   35.83% |    0:55.02
      bandwidth/experts | c5:bw=52,experts=[0,3,5,6,7]; c7:bw=15,experts=[1]; c4:bw=56,experts=[0,1,5,6,7]; c6:bw=10,experts=[1]; c9:bw=50,experts=[0,1,2,4,7]; c8:bw=35,experts=[1,4,7]; c3:bw=15,experts=[0]; c1:bw=62,experts=[0,2,4,5,6,7]; c2:bw=32,experts=[2,5,6]; c0:bw=11,experts=[3]
   24 | 0.01000 |   2.2040 |   32.80% |   35.83% |    0:54.33
      bandwidth/experts | c6:bw=30,experts=[0,4,6]; c4:bw=12,experts=[5]; c7:bw=10,experts=[5]; c9:bw=50,experts=[0,1,2,4,5]; c2:bw=43,experts=[0,5,6,7]; c1:bw=10,experts=[0]; c5:bw=25,experts=[1,5]; c8:bw=18,experts=[0]; c3:bw=10,experts=[5]; c0:bw=31,experts=[4,5,6]
   25 | 0.01000 |   2.1496 |   39.59% |   39.59% |    0:54.53
      bandwidth/experts | c9:bw=40,experts=[1,3,5,7]; c6:bw=16,experts=[4]; c4:bw=58,experts=[0,1,3,4,7]; c3:bw=14,experts=[0]; c5:bw=64,experts=[0,3,4,5,6,7]; c1:bw=49,experts=[0,3,4,5]; c8:bw=55,experts=[0,1,3,5,7]; c2:bw=12,experts=[6]; c0:bw=56,experts=[0,2,3,4,7]; c7:bw=40,experts=[0,4,5,7]
   26 | 0.01000 |   2.0873 |   38.03% |   39.59% |    0:54.25
      bandwidth/experts | c3:bw=44,experts=[0,1,6,7]; c6:bw=34,experts=[0,4,5]; c9:bw=50,experts=[1,2,4,6,7]; c7:bw=31,experts=[0,1,4]; c1:bw=33,experts=[1,5,6]; c5:bw=20,experts=[1,7]; c2:bw=30,experts=[3,6,7]; c8:bw=53,experts=[0,1,3,4,7]; c0:bw=11,experts=[7]; c4:bw=48,experts=[1,2,4,7]
   27 | 0.01000 |   2.0967 |   39.99% |   39.99% |    0:54.94
      bandwidth/experts | c7:bw=51,experts=[0,2,3,6,7]; c1:bw=62,experts=[1,3,4,5,6,7]; c4:bw=12,experts=[3]; c0:bw=36,experts=[0,2,5]; c9:bw=18,experts=[2]; c2:bw=20,experts=[1,4]; c8:bw=55,experts=[0,3,4,5,7]; c3:bw=21,experts=[6,7]; c6:bw=63,experts=[0,1,2,4,5,6]; c5:bw=37,experts=[0,3,4]
   28 | 0.01000 |   2.0633 |   42.17% |   42.17% |    0:54.63
      bandwidth/experts | c6:bw=29,experts=[2,4]; c9:bw=49,experts=[1,2,3,4]; c0:bw=47,experts=[0,2,4,7]; c8:bw=29,experts=[3,6]; c2:bw=10,experts=[7]; c5:bw=33,experts=[2,4,5]; c1:bw=25,experts=[4,6]; c3:bw=12,experts=[3]; c4:bw=10,experts=[2]; c7:bw=10,experts=[3]
   29 | 0.01000 |   2.0681 |   42.76% |   42.76% |    0:55.21
      bandwidth/experts | c4:bw=38,experts=[1,4,5]; c0:bw=44,experts=[1,2,3,4]; c1:bw=33,experts=[2,4,7]; c9:bw=44,experts=[1,2,3,5]; c6:bw=43,experts=[0,1,4,6]; c8:bw=34,experts=[1,3,4]; c7:bw=21,experts=[1,5]; c3:bw=32,experts=[3,5,7]; c2:bw=18,experts=[2]; c5:bw=33,experts=[0,4,5]
   30 | 0.01000 |   2.0628 |   39.03% |   42.76% |    0:55.78
      bandwidth/experts | c5:bw=62,experts=[0,1,2,5,6,7]; c1:bw=35,experts=[0,3,5]; c9:bw=54,experts=[0,3,4,5,7]; c4:bw=51,experts=[1,2,3,4,5]; c0:bw=17,experts=[4]; c8:bw=41,experts=[0,2,3,6]; c6:bw=11,experts=[7]; c7:bw=12,experts=[3]; c3:bw=59,experts=[0,2,3,5,7]; c2:bw=27,experts=[1,2]
   31 | 0.01000 |   1.9744 |   42.13% |   42.76% |    0:58.81
      bandwidth/experts | c6:bw=29,experts=[1,3]; c4:bw=19,experts=[1]; c9:bw=45,experts=[0,2,4,7]; c1:bw=30,experts=[0,1,6]; c5:bw=62,experts=[0,1,2,3,4,7]; c8:bw=33,experts=[4,5,6]; c3:bw=24,experts=[4,7]; c2:bw=15,experts=[1]; c0:bw=47,experts=[2,3,4,5]; c7:bw=63,experts=[0,1,2,4,5,6]
