========================================
Job    : exp01-svhn-resnet-e8-ours
Host   : gpu-4090-101
Date   : Mon Sep 21 16:07:51 HKT 2026
GPU    : 0
Python : /userhome/cs3/duanty/miniconda3/envs/moe/bin/python
Command: python -u main.py --method ours --dataset svhn --backbone resnet --select ours --merge ours --device cuda --num_experts 8 --bw_max -1 --output_dir ./results/exp01-svhn-resnet-e8-ours
========================================

==================================================================
 Ours  
  Dataset=svhn | beta=0.1 | Backbone=resnet | width_mult=1 | Clients=10 | Experts=8
  Select=ours | Merge=ours
  Expert refresh N_ref=8
  Rounds=100 | LR=0.01
  Bandwidth: expert_bw=10 | bw=[10, 80] | Rayleigh-Shannon, SNR=10 dB | k=floor(bw/10)
==================================================================


[Partition] Dirichlet beta=0.1, 10 clients
  Client 0:   4975 samples | 6/10 classes
  Client 1:  13141 samples | 4/10 classes
  Client 2:   9473 samples | 7/10 classes
  Client 3:   1473 samples | 7/10 classes
  Client 4:   8663 samples | 10/10 classes
  Client 5:   2743 samples | 6/10 classes
  Client 6:  11091 samples | 7/10 classes
  Client 7:  14881 samples | 5/10 classes
  Client 8:   3149 samples | 5/10 classes
  Client 9:   3668 samples | 10/10 classes

[Upload] expert_bw=10 | available bw=[10, 80] | Rayleigh-Shannon, SNR=10 dB | upload k=floor(bw/10), cap=8 | probe gate scores, refresh stale experts, then train selected

[Model] Total params: 13,315,216

[Export] 本次实验目录: /userhome/cs3/duanty/FedMoE/results/exp01-svhn-resnet-e8-ours/20260921-160801

Round |      LR |  AvgLoss |  TestAcc |     Best |  RoundTime
--------------------------------------------------------------------------------
    1 | 0.00208 |   1.4917 |   22.86% |   22.86% |    1:17.21
      bandwidth/experts | c8:bw=55,experts=[0,1,2,4,6]; c1:bw=29,experts=[2,4]; c5:bw=44,experts=[1,2,4,6]; c0:bw=10,experts=[2]; c7:bw=20,experts=[2,4]; c2:bw=29,experts=[2,4]; c9:bw=45,experts=[1,2,4,6]; c4:bw=40,experts=[1,2,4,6]; c3:bw=51,experts=[0,1,2,4,6]; c6:bw=41,experts=[1,2,4,6]
    2 | 0.00406 |   1.1469 |   39.35% |   39.35% |    1:14.68
      bandwidth/experts | c0:bw=36,experts=[2,4,6]; c1:bw=41,experts=[0,2,4,6]; c8:bw=48,experts=[0,2,4,6]; c5:bw=69,experts=[0,1,2,4,5,6]; c3:bw=67,experts=[0,1,2,4,5,6]; c4:bw=30,experts=[2,4,6]; c7:bw=55,experts=[0,2,4,5,6]; c9:bw=46,experts=[0,2,4,6]; c6:bw=17,experts=[4]; c2:bw=22,experts=[4,6]
    3 | 0.00604 |   0.8797 |   61.83% |   61.83% |    1:15.29
      bandwidth/experts | c9:bw=48,experts=[0,2,4,6]; c2:bw=42,experts=[0,2,4,6]; c0:bw=50,experts=[0,1,2,4,6]; c6:bw=40,experts=[0,2,4,6]; c8:bw=30,experts=[2,4,6]; c5:bw=13,experts=[4]; c3:bw=26,experts=[4,6]; c7:bw=33,experts=[2,4,6]; c1:bw=13,experts=[4]; c4:bw=52,experts=[0,1,2,4,6]
    4 | 0.00802 |   0.7818 |   68.31% |   68.31% |    1:15.91
      bandwidth/experts | c1:bw=40,experts=[1,2,4,6]; c7:bw=45,experts=[0,2,4,6]; c6:bw=53,experts=[0,2,4,5,6]; c2:bw=60,experts=[0,1,2,4,5,6]; c8:bw=31,experts=[2,4,6]; c0:bw=59,experts=[0,1,2,4,6]; c3:bw=34,experts=[2,4,6]; c4:bw=56,experts=[0,1,2,4,6]; c5:bw=73,experts=[0,1,2,3,4,5,6]; c9:bw=22,experts=[4,6]
    5 | 0.01000 |   0.7424 |   75.60% |   75.60% |    1:16.36
      bandwidth/experts | c1:bw=20,experts=[4,6]; c5:bw=40,experts=[1,2,4,6]; c4:bw=48,experts=[1,2,4,6]; c8:bw=37,experts=[2,4,6]; c0:bw=50,experts=[0,1,2,4,6]; c7:bw=24,experts=[4,6]; c6:bw=53,experts=[0,2,4,5,6]; c3:bw=63,experts=[0,1,2,4,5,6]; c2:bw=10,experts=[4]; c9:bw=62,experts=[0,1,2,4,5,6]
    6 | 0.01000 |   0.7189 |   84.33% |   84.33% |    1:16.02
      bandwidth/experts | c8:bw=67,experts=[0,1,2,4,5,6]; c2:bw=42,experts=[2,4,5,6]; c5:bw=27,experts=[4,6]; c7:bw=58,experts=[0,2,4,5,6]; c3:bw=36,experts=[2,4,6]; c1:bw=32,experts=[2,4,6]; c9:bw=48,experts=[2,4,5,6]; c0:bw=31,experts=[2,4,6]; c4:bw=17,experts=[4]; c6:bw=20,experts=[4,6]
    7 | 0.01000 |   0.6911 |   86.74% |   86.74% |    1:15.94
      bandwidth/experts | c0:bw=36,experts=[2,4,6]; c5:bw=49,experts=[1,2,4,6]; c2:bw=40,experts=[2,4,5,6]; c6:bw=13,experts=[4]; c3:bw=26,experts=[4,6]; c7:bw=31,experts=[2,4,6]; c4:bw=14,experts=[4]; c1:bw=10,experts=[4]; c8:bw=57,experts=[1,2,4,5,6]; c9:bw=10,experts=[4]
    8 | 0.01000 |   0.6923 |   76.20% |   86.74% |    1:16.33
      bandwidth/experts | c4:bw=10,experts=[3]; c8:bw=37,experts=[3,4,7]; c1:bw=58,experts=[3,4,5,6,7]; c3:bw=37,experts=[3,4,7]; c0:bw=32,experts=[3,5,7]; c5:bw=28,experts=[4,7]; c2:bw=54,experts=[2,3,4,6,7]; c9:bw=59,experts=[2,3,4,6,7]; c7:bw=15,experts=[1]; c6:bw=41,experts=[3,4,6,7]
    9 | 0.01000 |   0.6616 |   89.27% |   89.27% |    1:16.05
      bandwidth/experts | c2:bw=21,experts=[4,6]; c0:bw=52,experts=[0,1,2,4,6]; c4:bw=59,experts=[2,4,5,6,7]; c9:bw=26,experts=[4,6]; c8:bw=18,experts=[4]; c6:bw=31,experts=[1,4,6]; c7:bw=46,experts=[2,3,4,7]; c5:bw=52,experts=[0,1,2,4,6]; c1:bw=14,experts=[4]; c3:bw=23,experts=[4,6]
   10 | 0.01000 |   0.6618 |   89.62% |   89.62% |    1:20.91
      bandwidth/experts | c4:bw=37,experts=[2,4,6]; c2:bw=34,experts=[2,4,6]; c7:bw=37,experts=[2,4,6]; c0:bw=59,experts=[0,1,2,4,6]; c6:bw=65,experts=[0,1,2,4,5,6]; c3:bw=46,experts=[1,2,4,6]; c5:bw=58,experts=[0,1,2,4,6]; c8:bw=35,experts=[2,4,6]; c9:bw=35,experts=[2,4,6]; c1:bw=41,experts=[0,2,4,6]
   11 | 0.01000 |   0.6525 |   92.52% |   92.52% |    1:21.02
      bandwidth/experts | c5:bw=28,experts=[2,4]; c2:bw=27,experts=[4,6]; c7:bw=44,experts=[2,4,5,6]; c3:bw=50,experts=[1,2,4,5,6]; c0:bw=28,experts=[2,4]; c8:bw=39,experts=[2,4,6]; c9:bw=33,experts=[2,4,6]; c6:bw=55,experts=[0,2,4,5,6]; c1:bw=40,experts=[0,2,4,6]; c4:bw=16,experts=[4]
   12 | 0.01000 |   0.6496 |   93.21% |   93.21% |    1:21.14
      bandwidth/experts | c1:bw=42,experts=[1,2,4,6]; c5:bw=56,experts=[2,3,4,5,6]; c2:bw=57,experts=[0,1,2,4,6]; c4:bw=28,experts=[0,4]; c3:bw=35,experts=[2,4,6]; c7:bw=30,experts=[2,4,6]; c9:bw=42,experts=[1,2,4,6]; c6:bw=29,experts=[4,6]; c8:bw=55,experts=[0,1,2,4,6]; c0:bw=49,experts=[1,2,4,6]
   13 | 0.01000 |   0.6495 |   92.84% |   93.21% |    1:19.40
      bandwidth/experts | c3:bw=30,experts=[0,2,4]; c1:bw=47,experts=[1,2,4,6]; c4:bw=10,experts=[1]; c5:bw=29,experts=[2,4]; c8:bw=15,experts=[4]; c6:bw=36,experts=[2,4,6]; c9:bw=15,experts=[0]; c7:bw=58,experts=[1,2,4,5,6]; c0:bw=25,experts=[2,4]; c2:bw=16,experts=[4]
   14 | 0.01000 |   0.6384 |   93.88% |   93.88% |    1:16.02
      bandwidth/experts | c2:bw=45,experts=[2,4,5,6]; c4:bw=10,experts=[4]; c5:bw=64,experts=[0,1,2,4,5,6]; c1:bw=38,experts=[2,4,6]; c7:bw=25,experts=[0,4]; c0:bw=25,experts=[2,4]; c9:bw=32,experts=[4,5,6]; c3:bw=45,experts=[1,2,4,6]; c8:bw=21,experts=[4,6]; c6:bw=67,experts=[0,1,2,4,5,6]
   15 | 0.01000 |   0.6348 |   93.21% |   93.88% |    1:15.99
      bandwidth/experts | c7:bw=59,experts=[1,2,4,5,6]; c0:bw=20,experts=[2,4]; c1:bw=14,experts=[4]; c8:bw=52,experts=[1,2,4,5,6]; c3:bw=10,experts=[4]; c2:bw=53,experts=[0,2,4,5,6]; c4:bw=47,experts=[1,2,4,6]; c5:bw=18,experts=[4]; c9:bw=19,experts=[4]; c6:bw=33,experts=[2,4,6]
   16 | 0.01000 |   0.6369 |   93.36% |   93.88% |    1:21.65
      bandwidth/experts | c6:bw=40,experts=[3,4,6,7]; c1:bw=29,experts=[3,5]; c3:bw=43,experts=[2,3,4,7]; c8:bw=49,experts=[2,3,4,7]; c7:bw=22,experts=[2,4]; c5:bw=40,experts=[2,4,6,7]; c4:bw=35,experts=[3,4,6]; c9:bw=24,experts=[3,7]; c0:bw=57,experts=[2,3,4,5,7]; c2:bw=52,experts=[2,3,4,6,7]
   17 | 0.01000 |   0.6283 |   93.38% |   93.88% |    1:19.04
      bandwidth/experts | c4:bw=58,experts=[2,4,5,6,7]; c7:bw=25,experts=[3,7]; c8:bw=10,experts=[4]; c3:bw=52,experts=[1,2,4,5,6]; c5:bw=10,experts=[4]; c1:bw=29,experts=[4,7]; c0:bw=11,experts=[4]; c2:bw=19,experts=[4]; c9:bw=37,experts=[2,4,6]; c6:bw=39,experts=[2,4,6]
   18 | 0.01000 |   0.6201 |   93.50% |   93.88% |    1:20.25
      bandwidth/experts | c1:bw=10,experts=[4]; c8:bw=10,experts=[4]; c5:bw=35,experts=[2,4,6]; c2:bw=37,experts=[2,4,6]; c9:bw=19,experts=[4]; c7:bw=55,experts=[0,2,4,5,6]; c4:bw=56,experts=[1,2,4,5,6]; c3:bw=37,experts=[2,4,6]; c0:bw=49,experts=[0,2,4,6]; c6:bw=31,experts=[2,4,6]
   19 | 0.01000 |   0.6200 |   93.99% |   93.99% |    1:23.99
      bandwidth/experts | c8:bw=56,experts=[0,1,2,4,6]; c0:bw=42,experts=[2,4,5,6]; c4:bw=51,experts=[1,2,4,5,6]; c1:bw=46,experts=[0,2,4,6]; c9:bw=38,experts=[2,4,6]; c5:bw=29,experts=[2,4]; c7:bw=22,experts=[2,4]; c2:bw=14,experts=[4]; c6:bw=66,experts=[0,1,2,4,5,6]; c3:bw=40,experts=[1,2,4,6]
   20 | 0.01000 |   0.6250 |   94.35% |   94.35% |    1:20.56
      bandwidth/experts | c0:bw=28,experts=[1,4]; c2:bw=41,experts=[1,2,4,6]; c1:bw=40,experts=[1,2,4,6]; c9:bw=17,experts=[1]; c7:bw=43,experts=[2,4,5,6]; c6:bw=68,experts=[0,1,2,4,5,6]; c3:bw=18,experts=[4]; c5:bw=10,experts=[3]; c4:bw=59,experts=[0,1,2,4,6]; c8:bw=50,experts=[0,1,2,4,6]
   21 | 0.01000 |   0.6218 |   94.44% |   94.44% |    1:16.40
      bandwidth/experts | c1:bw=41,experts=[1,2,4,6]; c2:bw=39,experts=[2,4,6]; c7:bw=12,experts=[4]; c4:bw=48,experts=[1,2,4,6]; c8:bw=18,experts=[4]; c5:bw=32,experts=[2,4,6]; c0:bw=66,experts=[0,1,2,4,5,6]; c3:bw=10,experts=[0]; c6:bw=16,experts=[4]; c9:bw=25,experts=[0,4]
   22 | 0.01000 |   0.6170 |   94.52% |   94.52% |    1:15.70
      bandwidth/experts | c7:bw=16,experts=[4]; c9:bw=33,experts=[2,4,5]; c1:bw=10,experts=[4]; c6:bw=61,experts=[0,1,2,4,5,6]; c5:bw=17,experts=[0]; c2:bw=66,experts=[0,1,2,4,5,6]; c0:bw=67,experts=[0,1,2,4,5,6]; c4:bw=36,experts=[2,4,6]; c3:bw=56,experts=[0,1,2,4,6]; c8:bw=33,experts=[2,4,6]
   23 | 0.01000 |   0.6143 |   94.66% |   94.66% |    1:16.27
      bandwidth/experts | c5:bw=52,experts=[1,2,4,5,6]; c7:bw=15,experts=[1]; c4:bw=56,experts=[1,2,4,5,6]; c6:bw=10,experts=[4]; c9:bw=50,experts=[1,2,4,5,6]; c8:bw=35,experts=[2,4,5]; c3:bw=15,experts=[4]; c1:bw=62,experts=[0,1,2,4,5,6]; c2:bw=32,experts=[2,4,6]; c0:bw=11,experts=[4]
   24 | 0.01000 |   0.6152 |   92.64% |   94.66% |    1:16.03
      bandwidth/experts | c6:bw=30,experts=[3,4,7]; c4:bw=12,experts=[3]; c7:bw=10,experts=[4]; c9:bw=50,experts=[2,3,4,6,7]; c2:bw=43,experts=[2,3,4,7]; c1:bw=10,experts=[3]; c5:bw=25,experts=[4,7]; c8:bw=18,experts=[3]; c3:bw=10,experts=[3]; c0:bw=31,experts=[3,4,7]
   25 | 0.01000 |   0.6137 |   95.01% |   95.01% |    1:15.87
      bandwidth/experts | c9:bw=40,experts=[1,2,4,6]; c6:bw=16,experts=[4]; c4:bw=58,experts=[1,2,4,6,7]; c3:bw=14,experts=[7]; c5:bw=64,experts=[0,1,2,4,5,6]; c1:bw=49,experts=[2,4,6,7]; c8:bw=55,experts=[1,2,4,6,7]; c2:bw=12,experts=[4]; c0:bw=56,experts=[0,2,4,5,6]; c7:bw=40,experts=[2,3,4,7]
   26 | 0.01000 |   0.6063 |   95.06% |   95.06% |    1:16.24
      bandwidth/experts | c3:bw=44,experts=[2,4,5,6]; c6:bw=34,experts=[2,4,6]; c9:bw=50,experts=[1,2,4,5,6]; c7:bw=31,experts=[0,2,4]; c1:bw=33,experts=[2,4,6]; c5:bw=20,experts=[2,4]; c2:bw=30,experts=[2,4,6]; c8:bw=53,experts=[0,1,2,4,6]; c0:bw=11,experts=[4]; c4:bw=48,experts=[1,2,4,6]
   27 | 0.01000 |   0.6032 |   95.19% |   95.19% |    1:16.10
      bandwidth/experts | c7:bw=51,experts=[0,2,4,5,6]; c1:bw=62,experts=[0,1,2,4,5,6]; c4:bw=12,experts=[4]; c0:bw=36,experts=[2,4,6]; c9:bw=18,experts=[4]; c2:bw=20,experts=[2,4]; c8:bw=55,experts=[1,2,4,5,6]; c3:bw=21,experts=[2,4]; c6:bw=63,experts=[0,1,2,4,5,6]; c5:bw=37,experts=[2,4,6]
   28 | 0.01000 |   0.6072 |   94.58% |   95.19% |    1:15.84
      bandwidth/experts | c6:bw=29,experts=[4,6]; c9:bw=49,experts=[1,2,4,6]; c0:bw=47,experts=[2,4,5,6]; c8:bw=29,experts=[2,4]; c2:bw=10,experts=[4]; c5:bw=33,experts=[2,3,4]; c1:bw=25,experts=[2,4]; c3:bw=12,experts=[4]; c4:bw=10,experts=[0]; c7:bw=10,experts=[4]
   29 | 0.01000 |   0.6017 |   95.41% |   95.41% |    1:15.95
      bandwidth/experts | c4:bw=38,experts=[1,4,6]; c0:bw=44,experts=[2,4,5,6]; c1:bw=33,experts=[2,4,6]; c9:bw=44,experts=[0,2,4,6]; c6:bw=43,experts=[2,4,5,6]; c8:bw=34,experts=[2,4,6]; c7:bw=21,experts=[2,4]; c3:bw=32,experts=[2,4,6]; c2:bw=18,experts=[4]; c5:bw=33,experts=[2,4,6]
   30 | 0.01000 |   0.6012 |   95.34% |   95.41% |    1:16.00
      bandwidth/experts | c5:bw=62,experts=[0,1,2,4,5,6]; c1:bw=35,experts=[2,4,6]; c9:bw=54,experts=[1,2,4,5,6]; c4:bw=51,experts=[1,2,4,5,6]; c0:bw=17,experts=[1]; c8:bw=41,experts=[1,2,4,6]; c6:bw=11,experts=[4]; c7:bw=12,experts=[4]; c3:bw=59,experts=[0,1,2,4,6]; c2:bw=27,experts=[0,1]
   31 | 0.01000 |   0.5994 |   95.02% |   95.41% |    1:16.03
      bandwidth/experts | c6:bw=29,experts=[4,6]; c4:bw=19,experts=[4]; c9:bw=45,experts=[1,2,4,6]; c1:bw=30,experts=[2,4,6]; c5:bw=62,experts=[0,1,2,4,5,6]; c8:bw=33,experts=[2,4,6]; c3:bw=24,experts=[2,4]; c2:bw=15,experts=[5]; c0:bw=47,experts=[2,4,5,6]; c7:bw=63,experts=[0,1,2,4,5,6]
   32 | 0.01000 |   0.5977 |   95.43% |   95.43% |    1:16.26
      bandwidth/experts | c8:bw=21,experts=[3,4]; c5:bw=36,experts=[2,4,7]; c4:bw=49,experts=[1,3,4,6]; c7:bw=47,experts=[2,4,5,6]; c0:bw=46,experts=[2,3,4,7]; c1:bw=21,experts=[3,4]; c3:bw=28,experts=[3,4]; c6:bw=27,experts=[3,7]; c2:bw=54,experts=[2,3,4,6,7]; c9:bw=31,experts=[3,4,7]
   33 | 0.01000 |   0.5953 |   95.37% |   95.43% |    1:16.47
      bandwidth/experts | c7:bw=52,experts=[2,3,4,6,7]; c1:bw=34,experts=[4,6,7]; c3:bw=70,experts=[0,1,2,4,5,6,7]; c6:bw=37,experts=[2,4,6]; c5:bw=29,experts=[4,6]; c9:bw=42,experts=[1,2,4,6]; c2:bw=24,experts=[2,4]; c8:bw=50,experts=[1,2,4,6,7]; c4:bw=45,experts=[1,4,6,7]; c0:bw=62,experts=[0,1,2,4,5,6]
   34 | 0.01000 |   0.5949 |   95.41% |   95.43% |    1:16.60
      bandwidth/experts | c4:bw=46,experts=[1,2,4,6]; c1:bw=46,experts=[2,4,5,6]; c6:bw=48,experts=[2,4,5,6]; c9:bw=68,experts=[0,1,2,4,5,6]; c8:bw=42,experts=[0,2,4,6]; c0:bw=22,experts=[2,4]; c5:bw=60,experts=[0,1,2,4,5,6]; c7:bw=32,experts=[2,4,6]; c3:bw=72,experts=[0,1,2,3,4,5,6]; c2:bw=54,experts=[0,2,4,5,6]
   35 | 0.01000 |   0.5941 |   95.37% |   95.43% |    1:17.10
      bandwidth/experts | c4:bw=33,experts=[1,4,6]; c0:bw=20,experts=[2,4]; c1:bw=31,experts=[0,1,4]; c6:bw=44,experts=[0,1,4,6]; c2:bw=46,experts=[2,4,5,6]; c8:bw=50,experts=[1,2,4,5,6]; c9:bw=27,experts=[2,4]; c7:bw=48,experts=[2,4,5,6]; c5:bw=41,experts=[0,2,4,6]; c3:bw=24,experts=[2,4]
   36 | 0.01000 |   0.5929 |   95.46% |   95.46% |    1:16.81
      bandwidth/experts | c9:bw=37,experts=[2,4,6]; c0:bw=36,experts=[2,4,6]; c3:bw=60,experts=[0,1,2,4,5,6]; c7:bw=27,experts=[2,4]; c6:bw=43,experts=[2,4,5,6]; c5:bw=49,experts=[2,3,4,6]; c1:bw=10,experts=[4]; c4:bw=74,experts=[0,1,2,3,4,5,6]; c8:bw=51,experts=[0,1,2,4,6]; c2:bw=50,experts=[0,2,4,5,6]
   37 | 0.01000 |   0.5927 |   95.28% |   95.46% |    1:17.66
      bandwidth/experts | c1:bw=18,experts=[4]; c5:bw=39,experts=[2,4,6]; c2:bw=36,experts=[2,4,6]; c6:bw=65,experts=[0,1,2,4,5,6]; c4:bw=39,experts=[1,4,6]; c7:bw=42,experts=[2,4,5,6]; c9:bw=40,experts=[1,2,4,6]; c0:bw=54,experts=[0,2,4,5,6]; c3:bw=36,experts=[2,4,6]; c8:bw=10,experts=[4]
   38 | 0.01000 |   0.5908 |   95.42% |   95.46% |    1:19.42
      bandwidth/experts | c8:bw=46,experts=[1,2,4,6]; c6:bw=17,experts=[4]; c4:bw=52,experts=[1,2,4,5,6]; c1:bw=31,experts=[2,4,6]; c5:bw=10,experts=[4]; c2:bw=10,experts=[1]; c3:bw=38,experts=[2,4,6]; c7:bw=51,experts=[0,2,4,5,6]; c9:bw=26,experts=[4,6]; c0:bw=40,experts=[2,4,5,6]
   39 | 0.01000 |   0.5902 |   95.64% |   95.64% |    1:19.60
      bandwidth/experts | c3:bw=26,experts=[2,4]; c0:bw=10,experts=[4]; c1:bw=45,experts=[1,2,4,6]; c7:bw=40,experts=[1,2,4,6]; c6:bw=31,experts=[2,4,6]; c8:bw=45,experts=[1,2,4,6]; c2:bw=36,experts=[2,4,6]; c4:bw=36,experts=[1,4,6]; c9:bw=24,experts=[4,6]; c5:bw=75,experts=[0,1,2,3,4,5,6]
   40 | 0.01000 |   0.5901 |   95.30% |   95.64% |    1:16.52
      bandwidth/experts | c8:bw=26,experts=[3,4]; c1:bw=42,experts=[2,3,4,6]; c5:bw=32,experts=[2,4,7]; c6:bw=46,experts=[3,4,6,7]; c2:bw=65,experts=[2,3,4,5,6,7]; c7:bw=66,experts=[0,1,2,4,5,6]; c3:bw=10,experts=[4]; c4:bw=19,experts=[4]; c9:bw=40,experts=[3,4,6,7]; c0:bw=36,experts=[3,4,7]
   41 | 0.01000 |   0.5892 |   94.91% |   95.64% |    1:16.29
      bandwidth/experts | c2:bw=54,experts=[0,2,4,5,6]; c6:bw=10,experts=[4]; c8:bw=57,experts=[1,2,4,6,7]; c1:bw=10,experts=[7]; c4:bw=50,experts=[1,2,4,6,7]; c5:bw=61,experts=[0,1,2,4,5,6]; c7:bw=68,experts=[2,3,4,5,6,7]; c3:bw=40,experts=[2,4,6,7]; c9:bw=54,experts=[1,2,4,5,6]; c0:bw=10,experts=[1]
   42 | 0.01000 |   0.5865 |   95.59% |   95.64% |    1:16.47
      bandwidth/experts | c5:bw=50,experts=[0,2,4,5,6]; c1:bw=49,experts=[2,4,5,6]; c3:bw=48,experts=[2,3,4,6]; c9:bw=51,experts=[0,1,2,4,6]; c6:bw=34,experts=[2,4,6]; c0:bw=15,experts=[4]; c7:bw=20,experts=[2,4]; c4:bw=55,experts=[1,2,4,5,6]; c8:bw=42,experts=[1,2,4,6]; c2:bw=40,experts=[2,4,5,6]
   43 | 0.01000 |   0.5847 |   95.68% |   95.68% |    1:16.47
      bandwidth/experts | c5:bw=53,experts=[0,2,4,5,6]; c1:bw=58,experts=[0,1,2,4,6]; c2:bw=51,experts=[0,2,4,5,6]; c8:bw=45,experts=[2,4,5,6]; c9:bw=32,experts=[2,4,6]; c7:bw=21,experts=[2,4]; c4:bw=34,experts=[1,4,6]; c6:bw=12,experts=[4]; c3:bw=65,experts=[0,1,2,4,5,6]; c0:bw=21,experts=[2,4]
   44 | 0.01000 |   0.5845 |   95.51% |   95.68% |    1:16.52
      bandwidth/experts | c0:bw=66,experts=[0,1,2,4,5,6]; c3:bw=47,experts=[1,2,4,6]; c4:bw=29,experts=[0,3]; c2:bw=37,experts=[2,4,6]; c7:bw=75,experts=[0,1,2,3,4,5,6]; c5:bw=24,experts=[2,4]; c6:bw=20,experts=[4,6]; c9:bw=37,experts=[2,4,6]; c8:bw=34,experts=[0,2,4]; c1:bw=45,experts=[1,2,4,6]
   45 | 0.01000 |   0.5853 |   95.56% |   95.68% |    1:16.86
      bandwidth/experts | c8:bw=55,experts=[1,2,4,5,6]; c0:bw=36,experts=[2,4,6]; c3:bw=67,experts=[0,1,2,4,5,6]; c4:bw=64,experts=[0,1,2,4,5,6]; c7:bw=36,experts=[2,4,6]; c2:bw=49,experts=[2,4,5,6]; c9:bw=25,experts=[2,4]; c6:bw=10,experts=[0]; c5:bw=44,experts=[0,2,4,6]; c1:bw=56,experts=[1,2,4,5,6]
   46 | 0.01000 |   0.5825 |   95.37% |   95.68% |    1:16.66
      bandwidth/experts | c9:bw=37,experts=[2,4,6]; c3:bw=27,experts=[4,6]; c6:bw=39,experts=[1,4,5]; c1:bw=41,experts=[1,2,4,6]; c4:bw=64,experts=[0,1,2,4,5,6]; c5:bw=41,experts=[2,4,5,6]; c2:bw=57,experts=[1,2,4,5,6]; c8:bw=39,experts=[2,4,6]; c0:bw=55,experts=[0,2,4,5,6]; c7:bw=28,experts=[2,4]
   47 | 0.01000 |   0.5805 |   95.76% |   95.76% |    1:16.49
      bandwidth/experts | c5:bw=52,experts=[0,2,3,4,6]; c6:bw=22,experts=[4,6]; c7:bw=53,experts=[0,2,4,5,6]; c9:bw=17,experts=[4]; c8:bw=39,experts=[2,4,6]; c3:bw=70,experts=[0,1,2,3,4,5,6]; c4:bw=10,experts=[4]; c0:bw=46,experts=[2,4,5,6]; c1:bw=30,experts=[2,4,6]; c2:bw=54,experts=[0,2,4,5,6]
   48 | 0.01000 |   0.5826 |   95.50% |   95.76% |    1:16.91
      bandwidth/experts | c1:bw=50,experts=[1,2,3,4,6]; c8:bw=50,experts=[1,2,3,4,6]; c4:bw=67,experts=[0,1,2,4,5,6]; c2:bw=57,experts=[2,3,4,6,7]; c9:bw=52,experts=[2,3,4,6,7]; c6:bw=45,experts=[3,4,6,7]; c5:bw=55,experts=[0,2,4,6,7]; c7:bw=62,experts=[0,1,2,4,5,6]; c0:bw=16,experts=[3]; c3:bw=18,experts=[4]
   49 | 0.01000 |   0.5791 |   95.62% |   95.76% |    1:17.25
      bandwidth/experts | c4:bw=48,experts=[1,4,6,7]; c3:bw=32,experts=[2,4,7]; c8:bw=26,experts=[4,7]; c0:bw=20,experts=[4,7]; c2:bw=58,experts=[0,2,4,5,6]; c5:bw=56,experts=[1,2,4,5,6]; c6:bw=13,experts=[4]; c7:bw=44,experts=[2,4,6,7]; c9:bw=53,experts=[1,2,4,5,6]; c1:bw=54,experts=[2,4,5,6,7]
   50 | 0.01000 |   0.5789 |   95.66% |   95.76% |    1:16.88
      bandwidth/experts | c8:bw=32,experts=[2,4,6]; c4:bw=10,experts=[4]; c7:bw=34,experts=[2,4,6]; c6:bw=68,experts=[0,1,2,4,5,6]; c2:bw=63,experts=[0,2,3,4,5,6]; c1:bw=64,experts=[0,1,2,4,5,6]; c3:bw=39,experts=[2,4,6]; c0:bw=29,experts=[2,4]; c9:bw=27,experts=[0,4]; c5:bw=31,experts=[2,4,6]
   51 | 0.01000 |   0.5805 |   95.71% |   95.76% |    1:16.71
      bandwidth/experts | c5:bw=47,experts=[2,4,5,6]; c0:bw=53,experts=[0,2,4,5,6]; c1:bw=21,experts=[2,4]; c2:bw=20,experts=[2,4]; c8:bw=46,experts=[1,2,4,6]; c6:bw=52,experts=[1,2,4,5,6]; c9:bw=18,experts=[4]; c3:bw=55,experts=[0,1,2,4,6]; c4:bw=11,experts=[4]; c7:bw=27,experts=[2,4]
   52 | 0.01000 |   0.5768 |   95.64% |   95.76% |    1:16.85
      bandwidth/experts | c0:bw=46,experts=[1,2,4,6]; c8:bw=18,experts=[0]; c5:bw=24,experts=[2,4]; c7:bw=34,experts=[2,3,4]; c1:bw=40,experts=[1,2,4,6]; c4:bw=33,experts=[3,4,6]; c9:bw=31,experts=[2,4,6]; c6:bw=51,experts=[0,2,4,5,6]; c2:bw=29,experts=[2,4]; c3:bw=43,experts=[1,2,4,6]
   53 | 0.01000 |   0.5765 |   95.74% |   95.76% |    1:17.09
      bandwidth/experts | c8:bw=22,experts=[4,5]; c4:bw=28,experts=[4,6]; c5:bw=44,experts=[0,2,4,6]; c1:bw=59,experts=[1,2,4,5,6]; c3:bw=47,experts=[1,2,4,6]; c9:bw=61,experts=[0,1,2,4,5,6]; c6:bw=36,experts=[2,4,6]; c7:bw=44,experts=[2,4,5,6]; c0:bw=39,experts=[2,4,6]; c2:bw=51,experts=[0,2,4,5,6]
   54 | 0.01000 |   0.5787 |   95.48% |   95.76% |    1:17.13
      bandwidth/experts | c2:bw=10,experts=[1]; c1:bw=53,experts=[1,2,4,5,6]; c8:bw=55,experts=[1,2,4,5,6]; c7:bw=61,experts=[0,1,2,4,5,6]; c3:bw=30,experts=[2,4,6]; c0:bw=37,experts=[2,4,6]; c6:bw=54,experts=[0,2,4,5,6]; c5:bw=10,experts=[4]; c9:bw=50,experts=[1,2,4,5,6]; c4:bw=32,experts=[1,4,6]
   55 | 0.01000 |   0.5768 |   95.70% |   95.76% |    1:17.10
      bandwidth/experts | c7:bw=54,experts=[0,2,4,5,6]; c2:bw=41,experts=[2,4,5,6]; c4:bw=14,experts=[4]; c3:bw=52,experts=[2,3,4,5,6]; c8:bw=14,experts=[4]; c5:bw=53,experts=[2,3,4,5,6]; c1:bw=60,experts=[0,1,2,4,5,6]; c6:bw=42,experts=[2,4,5,6]; c0:bw=27,experts=[2,4]; c9:bw=62,experts=[1,2,3,4,5,6]
   56 | 0.01000 |   0.5768 |   95.52% |   95.76% |    1:16.98
      bandwidth/experts | c9:bw=52,experts=[2,4,5,6,7]; c1:bw=56,experts=[2,3,4,5,6]; c3:bw=10,experts=[4]; c2:bw=53,experts=[2,4,5,6,7]; c5:bw=31,experts=[2,4,7]; c4:bw=10,experts=[0]; c8:bw=13,experts=[3]; c7:bw=18,experts=[4]; c6:bw=23,experts=[3,7]; c0:bw=70,experts=[0,1,2,3,4,5,6]
   57 | 0.01000 |   0.5739 |   96.09% |   96.09% |    1:17.33
      bandwidth/experts | c3:bw=64,experts=[1,2,4,5,6,7]; c8:bw=43,experts=[2,4,6,7]; c6:bw=48,experts=[2,4,5,6]; c1:bw=49,experts=[2,4,6,7]; c7:bw=69,experts=[0,2,4,5,6,7]; c0:bw=70,experts=[0,1,2,4,5,6,7]; c5:bw=44,experts=[1,2,4,6]; c4:bw=41,experts=[2,4,5,7]; c2:bw=33,experts=[2,4,6]; c9:bw=19,experts=[4]
   58 | 0.01000 |   0.5733 |   95.75% |   96.09% |    1:17.36
      bandwidth/experts | c7:bw=24,experts=[2,4]; c2:bw=10,experts=[3]; c9:bw=57,experts=[1,2,4,5,6]; c6:bw=55,experts=[0,2,4,5,6]; c5:bw=35,experts=[2,4,6]; c1:bw=30,experts=[2,4,6]; c8:bw=40,experts=[1,2,4,6]; c4:bw=38,experts=[1,4,6]; c3:bw=61,experts=[0,1,2,4,5,6]; c0:bw=47,experts=[2,4,5,6]
   59 | 0.01000 |   0.5728 |   95.67% |   96.09% |    1:17.64
      bandwidth/experts | c2:bw=37,experts=[2,4,6]; c8:bw=56,experts=[1,2,4,5,6]; c9:bw=28,experts=[4,6]; c6:bw=19,experts=[1]; c1:bw=65,experts=[0,1,2,4,5,6]; c4:bw=26,experts=[1,4]; c7:bw=28,experts=[2,4]; c5:bw=32,experts=[2,4,6]; c0:bw=52,experts=[1,2,4,5,6]; c3:bw=35,experts=[2,4,6]
   60 | 0.01000 |   0.5733 |   95.91% |   96.09% |    1:17.81
      bandwidth/experts | c0:bw=53,experts=[1,2,4,5,6]; c7:bw=48,experts=[2,3,4,6]; c4:bw=30,experts=[1,3,4]; c2:bw=30,experts=[2,4,6]; c5:bw=33,experts=[2,4,6]; c8:bw=24,experts=[0,4]; c6:bw=59,experts=[1,2,4,5,6]; c9:bw=10,experts=[4]; c1:bw=54,experts=[1,2,4,5,6]; c3:bw=44,experts=[1,2,4,6]
   61 | 0.01000 |   0.5728 |   95.92% |   96.09% |    1:16.95
      bandwidth/experts | c5:bw=49,experts=[0,2,4,6]; c6:bw=37,experts=[2,4,6]; c2:bw=29,experts=[0,4]; c9:bw=38,experts=[0,2,4]; c1:bw=33,experts=[2,4,6]; c3:bw=43,experts=[1,2,4,6]; c8:bw=55,experts=[1,2,4,5,6]; c4:bw=38,experts=[1,4,6]; c7:bw=43,experts=[2,4,5,6]; c0:bw=60,experts=[0,1,2,4,5,6]
   62 | 0.01000 |   0.5730 |   95.69% |   96.09% |    1:17.80
      bandwidth/experts | c8:bw=13,experts=[4]; c6:bw=62,experts=[0,1,2,4,5,6]; c9:bw=16,experts=[4]; c4:bw=60,experts=[0,1,2,4,5,6]; c5:bw=67,experts=[0,1,2,4,5,6]; c0:bw=28,experts=[2,4]; c3:bw=53,experts=[0,1,2,4,6]; c2:bw=42,experts=[1,2,4,6]; c1:bw=75,experts=[0,1,2,3,4,5,6]; c7:bw=44,experts=[1,2,4,6]
   63 | 0.01000 |   0.5730 |   95.79% |   96.09% |    1:17.79
      bandwidth/experts | c5:bw=10,experts=[3]; c9:bw=21,experts=[3,4]; c6:bw=34,experts=[2,4,6]; c3:bw=52,experts=[1,2,3,4,6]; c8:bw=32,experts=[2,4,6]; c1:bw=50,experts=[1,2,4,5,6]; c7:bw=68,experts=[0,1,2,4,5,6]; c0:bw=41,experts=[2,4,5,6]; c2:bw=28,experts=[2,4]; c4:bw=52,experts=[1,2,4,5,6]
   64 | 0.01000 |   0.5710 |   95.94% |   96.09% |    1:17.38
      bandwidth/experts | c6:bw=50,experts=[2,3,4,6,7]; c4:bw=38,experts=[1,4,6]; c5:bw=24,experts=[4,7]; c3:bw=38,experts=[2,4,6]; c7:bw=34,experts=[2,4,6]; c0:bw=32,experts=[2,3,4]; c8:bw=53,experts=[1,2,3,4,6]; c9:bw=59,experts=[1,2,4,6,7]; c2:bw=56,experts=[2,4,5,6,7]; c1:bw=28,experts=[2,4]
   65 | 0.01000 |   0.5706 |   95.98% |   96.09% |    1:17.39
      bandwidth/experts | c7:bw=10,experts=[7]; c5:bw=29,experts=[2,4]; c4:bw=57,experts=[1,2,4,6,7]; c6:bw=50,experts=[0,2,4,5,6]; c8:bw=66,experts=[1,2,4,5,6,7]; c3:bw=42,experts=[2,4,6,7]; c0:bw=41,experts=[2,4,6,7]; c2:bw=28,experts=[2,4]; c1:bw=58,experts=[2,4,5,6,7]; c9:bw=47,experts=[1,2,4,6]
   66 | 0.01000 |   0.5706 |   95.69% |   96.09% |    1:17.23
      bandwidth/experts | c2:bw=41,experts=[2,3,4,6]; c5:bw=17,experts=[4]; c1:bw=54,experts=[1,2,4,5,6]; c8:bw=24,experts=[2,4]; c9:bw=31,experts=[2,4,5]; c6:bw=30,experts=[2,4,6]; c4:bw=41,experts=[1,2,4,6]; c0:bw=38,experts=[2,4,6]; c3:bw=66,experts=[0,1,2,4,5,6]; c7:bw=50,experts=[0,2,4,5,6]
   67 | 0.01000 |   0.5680 |   96.01% |   96.09% |    1:17.37
      bandwidth/experts | c4:bw=51,experts=[1,2,4,5,6]; c5:bw=48,experts=[2,4,5,6]; c1:bw=36,experts=[2,4,6]; c3:bw=25,experts=[2,4]; c6:bw=53,experts=[1,2,4,5,6]; c0:bw=32,experts=[2,4,6]; c2:bw=43,experts=[2,4,5,6]; c9:bw=60,experts=[1,2,3,4,5,6]; c7:bw=59,experts=[0,2,4,5,6]; c8:bw=10,experts=[4]
   68 | 0.01000 |   0.5669 |   95.52% |   96.09% |    1:17.21
      bandwidth/experts | c1:bw=42,experts=[2,4,5,6]; c8:bw=31,experts=[0,2,4]; c2:bw=58,experts=[0,2,4,5,6]; c0:bw=30,experts=[2,4,6]; c3:bw=26,experts=[2,4]; c4:bw=49,experts=[1,3,4,6]; c5:bw=45,experts=[2,4,5,6]; c9:bw=15,experts=[4]; c7:bw=28,experts=[3,4]; c6:bw=32,experts=[2,4,6]
   69 | 0.01000 |   0.5658 |   95.35% |   96.09% |    1:17.42
      bandwidth/experts | c3:bw=41,experts=[1,2,4,6]; c7:bw=58,experts=[0,2,4,5,6]; c1:bw=31,experts=[2,4,6]; c4:bw=41,experts=[1,2,4,6]; c9:bw=35,experts=[0,2,4]; c5:bw=39,experts=[2,4,6]; c0:bw=52,experts=[0,1,2,4,6]; c2:bw=66,experts=[0,2,3,4,5,6]; c8:bw=42,experts=[1,2,4,6]; c6:bw=26,experts=[4,6]
   70 | 0.01000 |   0.5676 |   95.78% |   96.09% |    1:16.98
      bandwidth/experts | c1:bw=24,experts=[0,3]; c9:bw=10,experts=[4]; c7:bw=28,experts=[2,4]; c3:bw=32,experts=[2,4,6]; c0:bw=30,experts=[2,4,6]; c6:bw=26,experts=[4,6]; c2:bw=55,experts=[1,2,4,5,6]; c4:bw=58,experts=[0,1,2,4,6]; c5:bw=23,experts=[0,1]; c8:bw=48,experts=[1,2,4,6]
   71 | 0.01000 |   0.5664 |   95.89% |   96.09% |    1:17.33
      bandwidth/experts | c4:bw=42,experts=[1,2,4,6]; c0:bw=16,experts=[5]; c1:bw=52,experts=[1,2,4,5,6]; c9:bw=40,experts=[1,2,4,6]; c7:bw=20,experts=[1,4]; c5:bw=33,experts=[2,3,4]; c3:bw=62,experts=[0,1,2,3,4,6]; c6:bw=50,experts=[0,2,4,5,6]; c8:bw=39,experts=[2,4,6]; c2:bw=61,experts=[0,2,3,4,5,6]
   72 | 0.01000 |   0.5667 |   95.87% |   96.09% |    1:17.23
      bandwidth/experts | c8:bw=30,experts=[2,3,4]; c1:bw=39,experts=[2,4,6]; c5:bw=43,experts=[2,4,6,7]; c7:bw=48,experts=[2,4,5,6]; c6:bw=19,experts=[3]; c0:bw=52,experts=[2,3,4,5,6]; c3:bw=23,experts=[2,4]; c2:bw=23,experts=[4,7]; c9:bw=38,experts=[4,6,7]; c4:bw=39,experts=[1,4,6]
   73 | 0.01000 |   0.5653 |   96.08% |   96.09% |    1:17.14
      bandwidth/experts | c2:bw=47,experts=[2,4,5,6]; c8:bw=11,experts=[5]; c3:bw=40,experts=[2,4,6,7]; c1:bw=66,experts=[1,2,4,5,6,7]; c5:bw=17,experts=[4]; c9:bw=52,experts=[1,2,4,5,6]; c0:bw=28,experts=[4,7]; c7:bw=37,experts=[2,4,7]; c6:bw=20,experts=[4,7]; c4:bw=41,experts=[1,4,6,7]
   74 | 0.01000 |   0.5656 |   95.85% |   96.09% |    1:17.57
      bandwidth/experts | c3:bw=10,experts=[5]; c0:bw=40,experts=[2,4,5,6]; c1:bw=28,experts=[2,4]; c5:bw=50,experts=[0,2,4,5,6]; c7:bw=65,experts=[0,1,2,4,5,6]; c8:bw=28,experts=[4,7]; c6:bw=10,experts=[4]; c2:bw=10,experts=[4]; c4:bw=47,experts=[1,2,4,6]; c9:bw=32,experts=[2,4,6]
   75 | 0.01000 |   0.5640 |   96.16% |   96.16% |    1:17.97
      bandwidth/experts | c2:bw=40,experts=[2,4,5,6]; c9:bw=61,experts=[1,2,3,4,5,6]; c1:bw=54,experts=[1,2,4,5,6]; c3:bw=20,experts=[2,4]; c7:bw=28,experts=[2,4]; c6:bw=56,experts=[1,2,4,5,6]; c5:bw=31,experts=[2,4,6]; c4:bw=56,experts=[1,2,4,5,6]; c0:bw=60,experts=[0,1,2,4,5,6]; c8:bw=53,experts=[1,2,4,5,6]
   76 | 0.01000 |   0.5639 |   95.81% |   96.16% |    1:17.12
      bandwidth/experts | c8:bw=29,experts=[0,4]; c5:bw=37,experts=[2,4,6]; c0:bw=31,experts=[2,4,6]; c3:bw=15,experts=[4]; c2:bw=25,experts=[2,4]; c6:bw=23,experts=[4,6]; c7:bw=66,experts=[0,2,3,4,5,6]; c4:bw=60,experts=[1,2,3,4,5,6]; c9:bw=57,experts=[1,2,4,5,6]; c1:bw=53,experts=[1,2,4,5,6]
   77 | 0.01000 |   0.5651 |   95.70% |   96.16% |    1:17.35
      bandwidth/experts | c9:bw=29,experts=[0,4]; c2:bw=34,experts=[2,4,6]; c1:bw=62,experts=[0,1,2,4,5,6]; c8:bw=10,experts=[4]; c4:bw=10,experts=[4]; c7:bw=10,experts=[4]; c6:bw=57,experts=[0,2,4,5,6]; c0:bw=63,experts=[0,1,2,4,5,6]; c3:bw=40,experts=[1,2,4,6]; c5:bw=59,experts=[0,2,4,5,6]
   78 | 0.01000 |   0.5623 |   96.01% |   96.16% |    1:17.31
      bandwidth/experts | c0:bw=26,experts=[2,4]; c4:bw=23,experts=[0,4]; c3:bw=38,experts=[2,4,6]; c7:bw=36,experts=[2,4,6]; c8:bw=54,experts=[1,2,4,5,6]; c1:bw=41,experts=[2,3,4,6]; c9:bw=31,experts=[2,4,6]; c6:bw=57,experts=[1,2,4,5,6]; c5:bw=63,experts=[0,1,2,4,5,6]; c2:bw=34,experts=[1,2,4]
   79 | 0.01000 |   0.5634 |   95.94% |   96.16% |    1:17.17
      bandwidth/experts | c6:bw=21,experts=[4,6]; c9:bw=10,experts=[4]; c0:bw=36,experts=[2,4,6]; c4:bw=80,experts=[0,1,2,3,4,5,6,7]; c7:bw=46,experts=[2,4,5,6]; c8:bw=44,experts=[1,2,4,6]; c5:bw=53,experts=[2,3,4,5,6]; c3:bw=26,experts=[0,3]; c1:bw=37,experts=[2,4,6]; c2:bw=33,experts=[0,3,4]
   80 | 0.01000 |   0.5627 |   95.67% |   96.16% |    1:17.26
      bandwidth/experts | c5:bw=65,experts=[0,2,4,5,6,7]; c9:bw=53,experts=[1,2,4,6,7]; c7:bw=48,experts=[2,4,5,6]; c1:bw=31,experts=[2,4,6]; c3:bw=31,experts=[2,4,6]; c4:bw=57,experts=[1,2,4,5,6]; c2:bw=44,experts=[2,4,6,7]; c0:bw=47,experts=[2,3,4,6]; c6:bw=39,experts=[3,4,6]; c8:bw=51,experts=[1,2,3,4,6]
   81 | 0.01000 |   0.5617 |   96.00% |   96.16% |    1:17.65
      bandwidth/experts | c6:bw=51,experts=[2,4,5,6,7]; c2:bw=45,experts=[2,4,5,6]; c3:bw=67,experts=[0,1,2,4,6,7]; c1:bw=49,experts=[2,4,6,7]; c4:bw=42,experts=[1,2,4,6]; c5:bw=30,experts=[2,4,6]; c9:bw=26,experts=[2,4]; c7:bw=58,experts=[2,4,5,6,7]; c8:bw=48,experts=[1,2,4,6]; c0:bw=50,experts=[2,4,5,6,7]
   82 | 0.01000 |   0.5625 |   96.41% |   96.41% |    1:17.72
      bandwidth/experts | c1:bw=64,experts=[0,1,2,4,5,6]; c0:bw=30,experts=[2,4,6]; c6:bw=36,experts=[2,4,6]; c8:bw=58,experts=[1,2,4,6,7]; c7:bw=40,experts=[1,2,4,6]; c3:bw=39,experts=[2,4,5]; c2:bw=30,experts=[2,4,6]; c9:bw=56,experts=[1,2,4,5,6]; c5:bw=40,experts=[2,4,5,6]; c4:bw=30,experts=[1,4,6]
   83 | 0.01000 |   0.5604 |   96.07% |   96.41% |    1:17.79
      bandwidth/experts | c9:bw=51,experts=[1,2,3,4,6]; c4:bw=10,experts=[4]; c2:bw=41,experts=[2,4,5,6]; c7:bw=37,experts=[2,4,6]; c5:bw=10,experts=[4]; c0:bw=10,experts=[4]; c6:bw=53,experts=[0,2,4,5,6]; c1:bw=63,experts=[0,1,2,4,5,6]; c8:bw=39,experts=[2,4,6]; c3:bw=42,experts=[1,2,4,6]
   84 | 0.01000 |   0.5599 |   96.06% |   96.41% |    1:17.42
      bandwidth/experts | c8:bw=67,experts=[0,1,2,4,5,6]; c3:bw=32,experts=[2,4,6]; c1:bw=58,experts=[1,2,4,5,6]; c6:bw=10,experts=[4]; c9:bw=20,experts=[2,4]; c2:bw=36,experts=[2,4,6]; c7:bw=47,experts=[0,2,3,4]; c5:bw=20,experts=[2,4]; c4:bw=27,experts=[1,4]; c0:bw=10,experts=[4]
   85 | 0.01000 |   0.5597 |   95.81% |   96.41% |    1:17.32
      bandwidth/experts | c0:bw=38,experts=[0,1,4]; c2:bw=45,experts=[2,4,5,6]; c8:bw=70,experts=[0,1,2,3,4,5,6]; c6:bw=42,experts=[2,4,5,6]; c1:bw=57,experts=[1,2,4,5,6]; c4:bw=42,experts=[1,2,4,6]; c9:bw=58,experts=[0,1,2,4,6]; c3:bw=51,experts=[1,2,4,5,6]; c5:bw=12,experts=[4]; c7:bw=11,experts=[4]
   86 | 0.01000 |   0.5586 |   96.15% |   96.41% |    1:17.56
      bandwidth/experts | c5:bw=47,experts=[1,2,4,6]; c8:bw=28,experts=[2,4]; c2:bw=24,experts=[1,4]; c6:bw=55,experts=[1,2,4,5,6]; c0:bw=30,experts=[2,4,6]; c4:bw=18,experts=[4]; c7:bw=44,experts=[2,4,5,6]; c3:bw=28,experts=[2,4]; c1:bw=72,experts=[0,1,2,3,4,5,6]; c9:bw=43,experts=[2,3,4,6]
   87 | 0.01000 |   0.5599 |   96.04% |   96.41% |    1:17.38
      bandwidth/experts | c1:bw=29,experts=[2,4]; c2:bw=67,experts=[0,2,3,4,5,6]; c7:bw=22,experts=[2,4]; c5:bw=10,experts=[3]; c6:bw=60,experts=[0,1,2,4,5,6]; c3:bw=68,experts=[0,1,2,3,4,6]; c4:bw=34,experts=[0,3,7]; c9:bw=37,experts=[2,4,6]; c8:bw=46,experts=[1,2,4,6]; c0:bw=35,experts=[2,4,6]
   88 | 0.01000 |   0.5589 |   96.01% |   96.41% |    1:17.97
      bandwidth/experts | c8:bw=43,experts=[1,2,4,6]; c6:bw=27,experts=[3,4]; c3:bw=33,experts=[2,4,6]; c7:bw=41,experts=[2,4,5,6]; c0:bw=62,experts=[1,2,3,4,5,6]; c4:bw=38,experts=[1,4,5]; c9:bw=31,experts=[4,6,7]; c1:bw=28,experts=[2,4]; c5:bw=30,experts=[0,4,7]; c2:bw=46,experts=[2,4,6,7]
   89 | 0.01000 |   0.5583 |   96.15% |   96.41% |    1:17.39
      bandwidth/experts | c3:bw=31,experts=[2,4,7]; c8:bw=74,experts=[0,1,2,3,4,5,6]; c2:bw=44,experts=[2,4,5,6]; c9:bw=60,experts=[1,2,3,4,5,6]; c7:bw=21,experts=[4,7]; c5:bw=46,experts=[2,4,5,6]; c0:bw=13,experts=[7]; c6:bw=32,experts=[4,6,7]; c4:bw=30,experts=[1,4,6]; c1:bw=41,experts=[2,4,6,7]
   90 | 0.01000 |   0.5576 |   95.97% |   96.41% |    1:17.63
      bandwidth/experts | c7:bw=72,experts=[0,1,2,4,5,6,7]; c1:bw=31,experts=[2,4,6]; c3:bw=36,experts=[2,4,6]; c9:bw=63,experts=[1,2,3,4,5,6]; c0:bw=64,experts=[0,1,2,4,5,6]; c6:bw=26,experts=[4,6]; c2:bw=21,experts=[2,4]; c5:bw=27,experts=[2,4]; c8:bw=50,experts=[1,2,4,6,7]; c4:bw=35,experts=[1,4,6]
   91 | 0.01000 |   0.5580 |   96.03% |   96.41% |    1:17.50
      bandwidth/experts | c1:bw=50,experts=[1,2,4,5,6]; c9:bw=35,experts=[2,4,6]; c5:bw=52,experts=[0,2,4,5,6]; c7:bw=51,experts=[0,2,4,5,6]; c3:bw=40,experts=[1,2,4,6]; c4:bw=54,experts=[1,2,4,5,6]; c0:bw=22,experts=[2,4]; c6:bw=29,experts=[4,6]; c2:bw=11,experts=[4]; c8:bw=23,experts=[2,4]
   92 | 0.01000 |   0.5585 |   95.97% |   96.41% |    1:17.41
      bandwidth/experts | c3:bw=28,experts=[2,4]; c7:bw=34,experts=[2,3,4]; c1:bw=20,experts=[2,4]; c0:bw=29,experts=[2,4]; c8:bw=19,experts=[4]; c6:bw=45,experts=[2,4,5,6]; c9:bw=56,experts=[1,2,3,4,6]; c2:bw=25,experts=[2,4]; c5:bw=66,experts=[0,1,2,4,5,6]; c4:bw=26,experts=[4,6]
   93 | 0.01000 |   0.5566 |   96.05% |   96.41% |    1:17.13
      bandwidth/experts | c1:bw=47,experts=[2,4,5,6]; c3:bw=31,experts=[2,4,5]; c7:bw=22,experts=[2,4]; c9:bw=58,experts=[0,1,2,4,6]; c6:bw=22,experts=[4,6]; c8:bw=10,experts=[4]; c5:bw=10,experts=[4]; c4:bw=32,experts=[1,4,6]; c0:bw=19,experts=[4]; c2:bw=51,experts=[2,3,4,5,6]
   94 | 0.01000 |   0.5583 |   95.91% |   96.41% |    1:17.51
      bandwidth/experts | c7:bw=45,experts=[2,4,5,6]; c2:bw=65,experts=[1,2,3,4,5,6]; c5:bw=41,experts=[2,4,5,6]; c4:bw=31,experts=[1,4,6]; c6:bw=30,experts=[2,4,6]; c9:bw=50,experts=[1,2,3,4,6]; c1:bw=70,experts=[0,1,2,3,4,5,6]; c8:bw=10,experts=[4]; c0:bw=55,experts=[0,1,2,4,6]; c3:bw=34,experts=[2,4,6]
   95 | 0.01000 |   0.5573 |   96.21% |   96.41% |    1:17.36
      bandwidth/experts | c7:bw=59,experts=[0,2,4,5,6]; c9:bw=42,experts=[1,2,4,6]; c4:bw=15,experts=[0]; c6:bw=40,experts=[0,1,4,6]; c0:bw=35,experts=[2,4,6]; c3:bw=41,experts=[0,2,3,4]; c1:bw=31,experts=[2,4,6]; c8:bw=76,experts=[0,1,2,3,4,5,6]; c2:bw=23,experts=[0,4]; c5:bw=10,experts=[3]
   96 | 0.01000 |   0.5564 |   96.09% |   96.41% |    1:17.43
      bandwidth/experts | c2:bw=65,experts=[2,3,4,5,6,7]; c9:bw=44,experts=[2,4,6,7]; c3:bw=46,experts=[1,2,4,6]; c1:bw=36,experts=[2,4,6]; c5:bw=60,experts=[0,2,4,5,6,7]; c4:bw=49,experts=[1,3,4,7]; c6:bw=31,experts=[3,4,6]; c7:bw=50,experts=[0,2,4,5,6]; c0:bw=36,experts=[2,3,4]; c8:bw=64,experts=[0,1,2,4,5,6]
   97 | 0.01000 |   0.5545 |   96.27% |   96.41% |    1:17.59
      bandwidth/experts | c0:bw=41,experts=[2,4,6,7]; c9:bw=43,experts=[1,2,4,6]; c8:bw=43,experts=[1,2,4,6]; c4:bw=16,experts=[4]; c7:bw=30,experts=[2,4,6]; c1:bw=50,experts=[1,2,4,6,7]; c3:bw=35,experts=[2,4,7]; c5:bw=46,experts=[2,4,5,6]; c6:bw=50,experts=[1,2,4,6,7]; c2:bw=54,experts=[2,3,4,5,6]
   98 | 0.01000 |   0.5540 |   96.16% |   96.41% |    1:17.56
      bandwidth/experts | c4:bw=52,experts=[1,2,4,5,6]; c8:bw=54,experts=[1,2,4,6,7]; c9:bw=27,experts=[4,5]; c7:bw=24,experts=[1,7]; c6:bw=36,experts=[2,4,6]; c5:bw=49,experts=[2,4,5,6]; c0:bw=33,experts=[2,4,5]; c3:bw=25,experts=[2,4]; c1:bw=26,experts=[2,4]; c2:bw=24,experts=[2,4]
   99 | 0.01000 |   0.5531 |   95.72% |   96.41% |    1:17.72
      bandwidth/experts | c8:bw=34,experts=[2,4,6]; c5:bw=49,experts=[2,4,5,6]; c7:bw=45,experts=[2,4,5,6]; c1:bw=59,experts=[1,2,4,5,6]; c3:bw=38,experts=[2,4,6]; c9:bw=20,experts=[2,4]; c4:bw=24,experts=[1,4]; c0:bw=40,experts=[2,4,5,6]; c2:bw=31,experts=[2,4,6]; c6:bw=35,experts=[2,4,6]
  100 | 0.01000 |   0.5541 |   96.05% |   96.41% |    1:18.04
      bandwidth/experts | c2:bw=30,experts=[2,4,6]; c8:bw=44,experts=[1,2,4,6]; c9:bw=53,experts=[1,2,3,4,6]; c5:bw=18,experts=[1]; c6:bw=44,experts=[2,4,5,6]; c1:bw=17,experts=[4]; c4:bw=65,experts=[1,2,3,4,5,6]; c7:bw=10,experts=[3]; c3:bw=42,experts=[1,2,4,6]; c0:bw=64,experts=[0,1,2,4,5,6]

Done. Best Acc: 96.41% @ round 82
Total time: 2:08:56.23
[Export] 实验目录: /userhome/cs3/duanty/FedMoE/results/exp01-svhn-resnet-e8-ours/20260921-160801
[Export] 每轮明细: /userhome/cs3/duanty/FedMoE/results/exp01-svhn-resnet-e8-ours/20260921-160801/rounds.xlsx
[Export] 总体摘要: /userhome/cs3/duanty/FedMoE/results/exp01-svhn-resnet-e8-ours/20260921-160801/summary.xlsx
[Plot] result = /userhome/cs3/duanty/FedMoE/results/exp01-svhn-resnet-e8-ours/20260921-160801
[Plot] figures -> /userhome/cs3/duanty/FedMoE/results/exp01-svhn-resnet-e8-ours/20260921-160801/figure
  fig01_test_accuracy.pdf
  fig02_train_loss.pdf
  fig03_acc_and_loss.pdf
  fig04_bandwidth_and_k.pdf
  fig05_expert_round_heatmap.pdf
  fig06_client_expert_heatmap.pdf
  fig07_expert_frequency.pdf
  fig08_time_breakdown.pdf
  fig09_accuracy_vs_communication.pdf
  fig10_overview.pdf
[Export] 图片目录: /userhome/cs3/duanty/FedMoE/results/exp01-svhn-resnet-e8-ours/20260921-160801/figure
