========================================
Job    : exp03-c100-resnet-n30-fedrolex
Host   : gpu-4090-102
Date   : Wed Sep 23 20:22:27 HKT 2026
GPU    : 0
Python : /userhome/cs3/duanty/miniconda3/envs/moe/bin/python
Command: python -u main.py --method ours --dataset cifar100 --backbone resnet --select fedrolex --merge ours --device cuda --num_experts 8 --num_clients 30 --bw_min 10 --bw_max -1 --output_dir ./results/exp03-c100-resnet-n30-fedrolex
========================================

==================================================================
 Ours  
  Dataset=cifar100 | beta=0.1 | Backbone=resnet | width_mult=1 | Clients=30 | Experts=8
  Select=fedrolex | Merge=ours
  Rounds=100 | LR=0.01
  Bandwidth: expert_bw=10 | bw=[10, 80] | Rayleigh-Shannon, SNR=10 dB | k=floor(bw/10)
==================================================================


[Partition] Dirichlet beta=0.1, 30 clients
  Client 0:   1069 samples | 38/100 classes
  Client 1:   1034 samples | 38/100 classes
  Client 2:   1235 samples | 37/100 classes
  Client 3:   1542 samples | 39/100 classes
  Client 4:   2112 samples | 41/100 classes
  Client 5:   3175 samples | 44/100 classes
  Client 6:   1095 samples | 38/100 classes
  Client 7:   1290 samples | 40/100 classes
  Client 8:   1143 samples | 38/100 classes
  Client 9:   1354 samples | 43/100 classes
  Client 10:   2567 samples | 39/100 classes
  Client 11:   2283 samples | 41/100 classes
  Client 12:   1821 samples | 38/100 classes
  Client 13:   1635 samples | 40/100 classes
  Client 14:   1319 samples | 51/100 classes
  Client 15:   1137 samples | 31/100 classes
  Client 16:   1815 samples | 35/100 classes
  Client 17:   2000 samples | 46/100 classes
  Client 18:   1730 samples | 33/100 classes
  Client 19:   1470 samples | 41/100 classes
  Client 20:   2103 samples | 41/100 classes
  Client 21:    999 samples | 33/100 classes
  Client 22:   1626 samples | 38/100 classes
  Client 23:   1328 samples | 35/100 classes
  Client 24:   1215 samples | 31/100 classes
  Client 25:   2098 samples | 48/100 classes
  Client 26:   1018 samples | 33/100 classes
  Client 27:   1881 samples | 38/100 classes
  Client 28:   1589 samples | 30/100 classes
  Client 29:   3317 samples | 100/100 classes

[Upload] expert_bw=10 | available bw=[10, 80] | Rayleigh-Shannon, SNR=10 dB | upload k=floor(bw/10), cap=8 | rolling-window expert selection

[Model] Total params: 13,684,576

[Export] 本次实验目录: /userhome/cs3/duanty/FedMoE/results/exp03-c100-resnet-n30-fedrolex/20260923-202231

Round |      LR |  AvgLoss |  TestAcc |     Best |  RoundTime
--------------------------------------------------------------------------------
    1 | 0.00208 |   4.1898 |    1.12% |    1.12% |    0:54.93
      bandwidth/experts | c27:bw=21,experts=[3,4]; c15:bw=58,experts=[0,1,2,3,7]; c23:bw=65,experts=[0,1,2,3,4,7]; c17:bw=34,experts=[1,2,3]; c8:bw=55,experts=[0,1,2,3,4]; c9:bw=45,experts=[1,2,3,4]; c28:bw=39,experts=[4,5,6]; c24:bw=34,experts=[0,1,2]; c12:bw=23,experts=[4,5]; c0:bw=10,experts=[0]; c4:bw=40,experts=[4,5,6,7]; c16:bw=48,experts=[0,1,2,3]; c5:bw=44,experts=[0,5,6,7]; c13:bw=42,experts=[0,5,6,7]; c11:bw=24,experts=[3,4]; c22:bw=26,experts=[6,7]; c1:bw=29,experts=[1,2]; c2:bw=29,experts=[2,3]; c25:bw=55,experts=[1,2,3,4,5]; c3:bw=51,experts=[3,4,5,6,7]; c21:bw=20,experts=[5,6]; c26:bw=38,experts=[2,3,4]; c18:bw=30,experts=[2,3,4]; c29:bw=26,experts=[5,6]; c20:bw=55,experts=[0,4,5,6,7]; c7:bw=20,experts=[0,7]; c10:bw=22,experts=[2,3]; c14:bw=54,experts=[0,1,2,6,7]; c19:bw=40,experts=[3,4,5,6]; c6:bw=41,experts=[0,1,6,7]
    2 | 0.00406 |   3.9193 |    2.22% |    2.22% |    0:52.16
      bandwidth/experts | c0:bw=36,experts=[1,2,3]; c5:bw=69,experts=[1,2,3,4,5,6]; c20:bw=15,experts=[1]; c26:bw=35,experts=[5,6,7]; c13:bw=54,experts=[1,2,3,4,5]; c7:bw=55,experts=[1,2,3,4,5]; c21:bw=28,experts=[0,7]; c10:bw=59,experts=[0,4,5,6,7]; c12:bw=16,experts=[6]; c29:bw=60,experts=[0,1,2,3,4,7]; c24:bw=10,experts=[3]; c22:bw=38,experts=[0,1,2]; c16:bw=16,experts=[4]; c3:bw=67,experts=[0,1,2,3,4,5]; c1:bw=41,experts=[3,4,5,6]; c17:bw=51,experts=[0,4,5,6,7]; c8:bw=48,experts=[0,5,6,7]; c6:bw=17,experts=[2]; c23:bw=70,experts=[0,1,2,3,5,6,7]; c4:bw=30,experts=[0,1,2]; c2:bw=22,experts=[4,5]; c19:bw=53,experts=[0,1,2,3,7]; c11:bw=29,experts=[5,6]; c18:bw=24,experts=[5,6]; c25:bw=25,experts=[6,7]; c14:bw=26,experts=[3,4]; c15:bw=62,experts=[0,1,4,5,6,7]; c28:bw=65,experts=[0,1,2,3,4,7]; c27:bw=24,experts=[5,6]; c9:bw=46,experts=[0,5,6,7]
    3 | 0.00604 |   3.7255 |    3.28% |    3.28% |    0:51.59
      bandwidth/experts | c4:bw=52,experts=[3,4,5,6,7]; c25:bw=35,experts=[0,1,2]; c10:bw=10,experts=[1]; c0:bw=50,experts=[0,4,5,6,7]; c8:bw=30,experts=[1,2,3]; c20:bw=56,experts=[2,3,4,5,6]; c29:bw=15,experts=[5]; c26:bw=52,experts=[0,1,2,3,4]; c15:bw=16,experts=[2]; c28:bw=56,experts=[0,1,5,6,7]; c24:bw=29,experts=[4,5]; c23:bw=11,experts=[4]; c18:bw=40,experts=[0,1,2,7]; c12:bw=37,experts=[0,1,7]; c21:bw=48,experts=[1,2,3,4]; c19:bw=24,experts=[4,5]; c9:bw=48,experts=[1,2,3,4]; c5:bw=13,experts=[7]; c1:bw=13,experts=[7]; c22:bw=54,experts=[3,4,5,6,7]; c27:bw=34,experts=[0,1,7]; c17:bw=41,experts=[1,2,3,4]; c3:bw=26,experts=[6,7]; c16:bw=31,experts=[5,6,7]; c13:bw=54,experts=[0,1,2,6,7]; c2:bw=42,experts=[0,1,6,7]; c14:bw=53,experts=[0,1,5,6,7]; c7:bw=33,experts=[0,6,7]; c11:bw=66,experts=[0,1,2,3,4,7]; c6:bw=40,experts=[3,4,5,6]
    4 | 0.00802 |   3.5623 |    4.88% |    4.88% |    0:52.35
      bandwidth/experts | c3:bw=34,experts=[0,1,2]; c1:bw=40,experts=[0,1,2,3]; c4:bw=56,experts=[0,1,2,3,4]; c5:bw=73,experts=[0,1,2,3,4,5,6]; c16:bw=45,experts=[0,1,2,3]; c26:bw=37,experts=[5,6,7]; c9:bw=22,experts=[5,6]; c13:bw=49,experts=[3,4,5,6]; c24:bw=19,experts=[6]; c2:bw=60,experts=[2,3,4,5,6,7]; c10:bw=64,experts=[2,3,4,5,6,7]; c19:bw=47,experts=[0,1,6,7]; c28:bw=63,experts=[2,3,4,5,6,7]; c11:bw=49,experts=[0,5,6,7]; c18:bw=43,experts=[3,4,5,6]; c7:bw=45,experts=[1,2,3,4]; c21:bw=27,experts=[5,6]; c6:bw=53,experts=[0,1,2,3,7]; c0:bw=59,experts=[1,2,3,4,5]; c22:bw=49,experts=[0,1,2,3]; c25:bw=43,experts=[3,4,5,6]; c8:bw=31,experts=[4,5,6]; c27:bw=58,experts=[2,3,4,5,6]; c23:bw=15,experts=[5]; c29:bw=44,experts=[0,1,6,7]; c14:bw=32,experts=[2,3,4]; c17:bw=39,experts=[5,6,7]; c12:bw=63,experts=[2,3,4,5,6,7]; c15:bw=24,experts=[3,4]; c20:bw=70,experts=[0,1,2,3,4,5,7]
    5 | 0.01000 |   3.6615 |    4.36% |    4.88% |    0:51.53
      bandwidth/experts | c26:bw=19,experts=[0]; c3:bw=63,experts=[0,3,4,5,6,7]; c16:bw=32,experts=[4,5,6]; c28:bw=45,experts=[0,1,2,3]; c9:bw=62,experts=[0,1,2,3,4,7]; c20:bw=50,experts=[0,1,2,6,7]; c22:bw=49,experts=[4,5,6,7]; c14:bw=53,experts=[0,1,5,6,7]; c12:bw=55,experts=[0,1,2,3,4]; c17:bw=64,experts=[0,1,2,3,4,5]; c19:bw=19,experts=[2]; c13:bw=36,experts=[0,1,7]; c21:bw=35,experts=[0,1,7]; c18:bw=10,experts=[7]; c10:bw=35,experts=[0,1,2]; c5:bw=40,experts=[0,1,2,7]; c24:bw=12,experts=[7]; c23:bw=29,experts=[6,7]; c2:bw=10,experts=[0]; c4:bw=48,experts=[0,5,6,7]; c15:bw=45,experts=[0,5,6,7]; c0:bw=50,experts=[0,1,2,6,7]; c1:bw=20,experts=[4,5]; c11:bw=21,experts=[1,2]; c7:bw=24,experts=[5,6]; c27:bw=30,experts=[0,1,7]; c29:bw=55,experts=[2,3,4,5,6]; c8:bw=37,experts=[0,1,7]; c25:bw=34,experts=[0,1,7]; c6:bw=53,experts=[0,4,5,6,7]
    6 | 0.01000 |   3.5465 |    4.94% |    4.94% |    0:51.32
      bandwidth/experts | c17:bw=27,experts=[6,7]; c11:bw=31,experts=[3,4,5]; c7:bw=58,experts=[0,1,2,3,7]; c13:bw=15,experts=[2]; c0:bw=31,experts=[3,4,5]; c28:bw=74,experts=[0,1,2,4,5,6,7]; c20:bw=44,experts=[3,4,5,6]; c8:bw=67,experts=[2,3,4,5,6,7]; c1:bw=32,experts=[0,6,7]; c5:bw=27,experts=[3,4]; c2:bw=42,experts=[1,2,3,4]; c23:bw=73,experts=[0,1,2,3,4,5,6]; c22:bw=32,experts=[0,1,2]; c15:bw=33,experts=[1,2,3]; c21:bw=10,experts=[2]; c29:bw=41,experts=[0,1,2,7]; c10:bw=10,experts=[3]; c14:bw=40,experts=[2,3,4,5]; c26:bw=43,experts=[1,2,3,4]; c24:bw=18,experts=[0]; c4:bw=17,experts=[1]; c3:bw=36,experts=[1,2,3]; c19:bw=37,experts=[3,4,5]; c16:bw=54,experts=[0,1,2,3,7]; c6:bw=20,experts=[1,2]; c18:bw=40,experts=[0,1,2,3]; c12:bw=62,experts=[0,1,2,5,6,7]; c27:bw=43,experts=[2,3,4,5]; c9:bw=48,experts=[0,5,6,7]; c25:bw=43,experts=[2,3,4,5]
    7 | 0.01000 |   3.5455 |    7.66% |    7.66% |    0:51.27
      bandwidth/experts | c20:bw=16,experts=[7]; c1:bw=10,experts=[1]; c29:bw=57,experts=[3,4,5,6,7]; c3:bw=26,experts=[4,5]; c13:bw=25,experts=[3,4]; c15:bw=39,experts=[4,5,6]; c9:bw=10,experts=[1]; c16:bw=53,experts=[0,4,5,6,7]; c14:bw=13,experts=[6]; c17:bw=41,experts=[0,1,2,3]; c21:bw=60,experts=[0,3,4,5,6,7]; c4:bw=14,experts=[2]; c18:bw=20,experts=[4,5]; c25:bw=50,experts=[0,1,2,6,7]; c7:bw=31,experts=[4,5,6]; c5:bw=49,experts=[0,5,6,7]; c23:bw=41,experts=[0,1,2,7]; c2:bw=40,experts=[0,5,6,7]; c8:bw=57,experts=[0,1,2,3,4]; c12:bw=47,experts=[3,4,5,6]; c26:bw=49,experts=[0,5,6,7]; c24:bw=31,experts=[1,2,3]; c0:bw=36,experts=[0,6,7]; c6:bw=13,experts=[3]; c22:bw=55,experts=[3,4,5,6,7]; c10:bw=17,experts=[4]; c19:bw=54,experts=[0,1,2,6,7]; c28:bw=10,experts=[3]; c11:bw=60,experts=[0,1,2,3,6,7]; c27:bw=26,experts=[6,7]
    8 | 0.01000 |   3.4050 |    7.73% |    7.73% |    0:51.53
      bandwidth/experts | c10:bw=51,experts=[0,1,5,6,7]; c14:bw=59,experts=[0,1,2,3,7]; c7:bw=15,experts=[7]; c9:bw=59,experts=[2,3,4,5,6]; c13:bw=35,experts=[5,6,7]; c8:bw=37,experts=[5,6,7]; c3:bw=37,experts=[0,6,7]; c12:bw=51,experts=[0,1,2,3,7]; c18:bw=39,experts=[0,6,7]; c23:bw=35,experts=[3,4,5]; c15:bw=66,experts=[0,1,2,3,4,7]; c0:bw=32,experts=[1,2,3]; c21:bw=31,experts=[1,2,3]; c28:bw=38,experts=[4,5,6]; c5:bw=28,experts=[1,2]; c26:bw=55,experts=[1,2,3,4,5]; c17:bw=56,experts=[0,4,5,6,7]; c24:bw=42,experts=[4,5,6,7]; c27:bw=41,experts=[0,1,2,3]; c20:bw=42,experts=[0,1,2,3]; c22:bw=61,experts=[0,1,2,3,4,5]; c4:bw=10,experts=[3]; c29:bw=71,experts=[0,1,2,3,4,5,6]; c2:bw=54,experts=[1,2,3,4,5]; c1:bw=58,experts=[2,3,4,5,6]; c6:bw=41,experts=[4,5,6,7]; c11:bw=45,experts=[4,5,6,7]; c19:bw=31,experts=[3,4,5]; c25:bw=41,experts=[3,4,5,6]; c16:bw=45,experts=[1,2,3,4]
    9 | 0.01000 |   3.4767 |    8.98% |    8.98% |    0:51.25
      bandwidth/experts | c17:bw=49,experts=[1,2,3,4]; c7:bw=46,experts=[0,1,2,3]; c13:bw=41,experts=[0,1,2,3]; c25:bw=67,experts=[0,1,2,3,4,7]; c9:bw=26,experts=[0,7]; c6:bw=31,experts=[0,1,2]; c28:bw=58,experts=[0,1,2,3,7]; c29:bw=46,experts=[0,1,2,7]; c18:bw=53,experts=[1,2,3,4,5]; c14:bw=37,experts=[4,5,6]; c3:bw=23,experts=[1,2]; c2:bw=21,experts=[6,7]; c12:bw=38,experts=[4,5,6]; c22:bw=39,experts=[0,6,7]; c20:bw=58,experts=[0,4,5,6,7]; c11:bw=28,experts=[0,1]; c8:bw=18,experts=[0]; c0:bw=52,experts=[0,4,5,6,7]; c24:bw=25,experts=[0,1]; c15:bw=36,experts=[5,6,7]; c10:bw=34,experts=[2,3,4]; c21:bw=66,experts=[0,1,4,5,6,7]; c27:bw=27,experts=[4,5]; c1:bw=14,experts=[7]; c19:bw=26,experts=[6,7]; c4:bw=59,experts=[0,4,5,6,7]; c23:bw=68,experts=[0,1,2,3,6,7]; c5:bw=52,experts=[3,4,5,6,7]; c16:bw=41,experts=[0,5,6,7]; c26:bw=19,experts=[6]
   10 | 0.01000 |   3.4738 |    7.76% |    8.98% |    0:51.06
      bandwidth/experts | c16:bw=44,experts=[1,2,3,4]; c13:bw=38,experts=[4,5,6]; c14:bw=57,experts=[0,1,2,3,7]; c18:bw=28,experts=[6,7]; c5:bw=58,experts=[0,1,2,3,4]; c22:bw=10,experts=[1]; c19:bw=43,experts=[0,1,2,3]; c24:bw=68,experts=[2,3,4,5,6,7]; c20:bw=10,experts=[1]; c4:bw=37,experts=[1,2,3]; c12:bw=52,experts=[0,1,2,3,7]; c1:bw=41,experts=[0,1,2,3]; c23:bw=10,experts=[4]; c11:bw=21,experts=[2,3]; c3:bw=46,experts=[3,4,5,6]; c29:bw=25,experts=[3,4]; c21:bw=10,experts=[2]; c15:bw=10,experts=[0]; c26:bw=58,experts=[0,1,2,3,7]; c2:bw=34,experts=[0,1,2]; c9:bw=35,experts=[1,2,3]; c25:bw=66,experts=[0,1,2,5,6,7]; c10:bw=54,experts=[0,1,5,6,7]; c28:bw=24,experts=[4,5]; c27:bw=24,experts=[6,7]; c17:bw=35,experts=[5,6,7]; c6:bw=65,experts=[0,3,4,5,6,7]; c7:bw=37,experts=[4,5,6]; c0:bw=59,experts=[1,2,3,4,5]; c8:bw=35,experts=[1,2,3]
   11 | 0.01000 |   3.3365 |   10.19% |   10.19% |    0:51.27
      bandwidth/experts | c6:bw=55,experts=[1,2,3,4,5]; c20:bw=10,experts=[2]; c29:bw=10,experts=[5]; c24:bw=45,experts=[0,1,2,3]; c4:bw=16,experts=[4]; c11:bw=34,experts=[4,5,6]; c17:bw=44,experts=[0,1,2,3]; c25:bw=10,experts=[3]; c9:bw=33,experts=[4,5,6]; c1:bw=40,experts=[4,5,6,7]; c12:bw=20,experts=[4,5]; c14:bw=15,experts=[4]; c8:bw=39,experts=[4,5,6]; c28:bw=26,experts=[6,7]; c13:bw=40,experts=[0,1,2,7]; c18:bw=47,experts=[0,1,2,3]; c22:bw=10,experts=[2]; c5:bw=28,experts=[5,6]; c3:bw=50,experts=[0,1,2,3,7]; c7:bw=44,experts=[0,1,2,7]; c16:bw=43,experts=[0,5,6,7]; c10:bw=35,experts=[2,3,4]; c27:bw=53,experts=[0,1,2,3,4]; c0:bw=28,experts=[6,7]; c26:bw=33,experts=[4,5,6]; c21:bw=34,experts=[3,4,5]; c23:bw=63,experts=[0,1,2,5,6,7]; c19:bw=25,experts=[4,5]; c2:bw=27,experts=[3,4]; c15:bw=44,experts=[1,2,3,4]
   12 | 0.01000 |   3.3760 |   11.49% |   11.49% |    0:51.32
      bandwidth/experts | c8:bw=55,experts=[0,1,2,3,7]; c9:bw=42,experts=[0,1,2,7]; c22:bw=54,experts=[3,4,5,6,7]; c17:bw=39,experts=[4,5,6]; c3:bw=35,experts=[4,5,6]; c25:bw=44,experts=[4,5,6,7]; c10:bw=62,experts=[0,1,2,5,6,7]; c4:bw=28,experts=[5,6]; c1:bw=42,experts=[0,1,2,3]; c24:bw=24,experts=[4,5]; c18:bw=45,experts=[4,5,6,7]; c21:bw=61,experts=[0,1,2,3,6,7]; c12:bw=73,experts=[0,1,2,3,4,6,7]; c14:bw=29,experts=[5,6]; c5:bw=56,experts=[0,1,2,3,7]; c27:bw=51,experts=[0,1,5,6,7]; c28:bw=11,experts=[0]; c11:bw=45,experts=[0,1,2,7]; c26:bw=21,experts=[0,7]; c29:bw=52,experts=[0,1,2,6,7]; c16:bw=28,experts=[1,2]; c2:bw=57,experts=[0,1,5,6,7]; c6:bw=29,experts=[6,7]; c7:bw=30,experts=[3,4,5]; c23:bw=60,experts=[0,3,4,5,6,7]; c19:bw=31,experts=[0,6,7]; c15:bw=36,experts=[5,6,7]; c20:bw=75,experts=[0,1,3,4,5,6,7]; c13:bw=53,experts=[3,4,5,6,7]; c0:bw=49,experts=[0,1,2,3]
   13 | 0.01000 |   3.2931 |   13.67% |   13.67% |    0:51.45
      bandwidth/experts | c17:bw=55,experts=[0,1,2,3,7]; c19:bw=36,experts=[1,2,3]; c1:bw=47,experts=[4,5,6,7]; c9:bw=15,experts=[3]; c21:bw=30,experts=[4,5,6]; c10:bw=42,experts=[3,4,5,6]; c6:bw=36,experts=[0,1,2]; c29:bw=49,experts=[3,4,5,6]; c14:bw=70,experts=[0,1,2,3,4,5,7]; c25:bw=58,experts=[0,1,2,3,4]; c20:bw=10,experts=[2]; c26:bw=17,experts=[1]; c22:bw=75,experts=[0,1,2,3,4,5,6]; c0:bw=25,experts=[4,5]; c12:bw=42,experts=[0,5,6,7]; c7:bw=58,experts=[0,1,2,6,7]; c4:bw=10,experts=[7]; c8:bw=15,experts=[4]; c24:bw=35,experts=[0,6,7]; c5:bw=29,experts=[4,5]; c13:bw=32,experts=[0,1,2]; c11:bw=52,experts=[3,4,5,6,7]; c23:bw=53,experts=[1,2,3,4,5]; c16:bw=10,experts=[3]; c2:bw=16,experts=[2]; c3:bw=30,experts=[0,1,7]; c18:bw=51,experts=[0,1,2,3,4]; c15:bw=38,experts=[0,1,2]; c28:bw=47,experts=[1,2,3,4]; c27:bw=57,experts=[2,3,4,5,6]
   14 | 0.01000 |   3.2644 |   11.73% |   13.67% |    0:51.34
      bandwidth/experts | c12:bw=43,experts=[1,2,3,4]; c24:bw=42,experts=[1,2,3,4]; c28:bw=49,experts=[0,5,6,7]; c22:bw=35,experts=[0,1,7]; c3:bw=45,experts=[2,3,4,5]; c4:bw=10,experts=[0]; c15:bw=12,experts=[3]; c18:bw=63,experts=[0,1,2,5,6,7]; c26:bw=42,experts=[2,3,4,5]; c11:bw=36,experts=[0,1,2]; c19:bw=42,experts=[4,5,6,7]; c6:bw=67,experts=[0,3,4,5,6,7]; c5:bw=64,experts=[0,1,2,3,6,7]; c10:bw=31,experts=[0,1,7]; c8:bw=21,experts=[5,6]; c0:bw=25,experts=[6,7]; c27:bw=40,experts=[0,1,2,7]; c16:bw=19,experts=[4]; c20:bw=31,experts=[3,4,5]; c29:bw=36,experts=[0,1,7]; c1:bw=38,experts=[0,1,2]; c14:bw=25,experts=[6,7]; c17:bw=10,experts=[4]; c23:bw=63,experts=[0,1,2,3,6,7]; c13:bw=34,experts=[3,4,5]; c7:bw=25,experts=[3,4]; c2:bw=45,experts=[3,4,5,6]; c25:bw=53,experts=[0,1,5,6,7]; c21:bw=36,experts=[0,1,7]; c9:bw=32,experts=[4,5,6]
   15 | 0.01000 |   3.2786 |   14.26% |   14.26% |    0:51.22
      bandwidth/experts | c8:bw=52,experts=[0,1,2,3,7]; c17:bw=47,experts=[0,5,6,7]; c2:bw=53,experts=[0,1,2,3,7]; c27:bw=36,experts=[3,4,5]; c28:bw=40,experts=[1,2,3,4]; c6:bw=33,experts=[1,2,3]; c23:bw=58,experts=[0,4,5,6,7]; c21:bw=14,experts=[2]; c25:bw=32,experts=[2,3,4]; c26:bw=48,experts=[0,1,6,7]; c4:bw=47,experts=[1,2,3,4]; c10:bw=13,experts=[2]; c22:bw=60,experts=[2,3,4,5,6,7]; c5:bw=18,experts=[4]; c9:bw=19,experts=[7]; c29:bw=10,experts=[2]; c16:bw=29,experts=[5,6]; c20:bw=43,experts=[0,1,6,7]; c1:bw=14,experts=[3]; c14:bw=50,experts=[0,1,2,3,4]; c18:bw=34,experts=[3,4,5]; c11:bw=55,experts=[3,4,5,6,7]; c24:bw=45,experts=[0,5,6,7]; c15:bw=10,experts=[4]; c13:bw=60,experts=[0,1,2,3,6,7]; c7:bw=59,experts=[0,1,5,6,7]; c0:bw=20,experts=[0,1]; c19:bw=59,experts=[0,1,2,3,4]; c12:bw=10,experts=[5]; c3:bw=10,experts=[6]
   16 | 0.01000 |   3.2190 |   15.82% |   15.82% |    0:51.48
      bandwidth/experts | c23:bw=12,experts=[1]; c25:bw=35,experts=[5,6,7]; c10:bw=22,experts=[3,4]; c3:bw=43,experts=[0,1,2,7]; c11:bw=10,experts=[0]; c29:bw=37,experts=[3,4,5]; c1:bw=29,experts=[4,5]; c20:bw=50,experts=[2,3,4,5,6]; c21:bw=49,experts=[3,4,5,6]; c0:bw=57,experts=[2,3,4,5,6]; c26:bw=51,experts=[2,3,4,5,6]; c8:bw=49,experts=[4,5,6,7]; c6:bw=40,experts=[4,5,6,7]; c13:bw=24,experts=[4,5]; c24:bw=25,experts=[1,2]; c18:bw=12,experts=[6]; c4:bw=35,experts=[5,6,7]; c16:bw=54,experts=[0,1,2,3,7]; c9:bw=24,experts=[0,1]; c17:bw=43,experts=[1,2,3,4]; c28:bw=56,experts=[0,1,5,6,7]; c15:bw=48,experts=[0,5,6,7]; c27:bw=57,experts=[0,1,2,6,7]; c7:bw=22,experts=[2,3]; c22:bw=53,experts=[0,1,2,3,4]; c2:bw=52,experts=[0,4,5,6,7]; c14:bw=29,experts=[5,6]; c19:bw=62,experts=[0,1,2,5,6,7]; c12:bw=14,experts=[6]; c5:bw=40,experts=[0,5,6,7]
   17 | 0.01000 |   3.2083 |   15.67% |   15.82% |    0:51.42
      bandwidth/experts | c5:bw=10,experts=[1]; c7:bw=25,experts=[4,5]; c1:bw=29,experts=[6,7]; c23:bw=39,experts=[2,3,4]; c8:bw=10,experts=[0]; c25:bw=27,experts=[0,1]; c12:bw=74,experts=[0,1,2,3,4,5,7]; c27:bw=27,experts=[3,4]; c24:bw=40,experts=[3,4,5,6]; c10:bw=44,experts=[0,5,6,7]; c9:bw=37,experts=[2,3,4]; c17:bw=11,experts=[5]; c3:bw=52,experts=[3,4,5,6,7]; c16:bw=30,experts=[4,5,6]; c20:bw=58,experts=[0,1,2,3,7]; c29:bw=48,experts=[0,1,6,7]; c14:bw=33,experts=[0,1,7]; c19:bw=40,experts=[3,4,5,6]; c13:bw=27,experts=[6,7]; c26:bw=43,experts=[0,1,2,7]; c18:bw=31,experts=[0,1,7]; c28:bw=18,experts=[2]; c11:bw=10,experts=[1]; c2:bw=19,experts=[1]; c22:bw=31,experts=[5,6,7]; c21:bw=10,experts=[7]; c4:bw=58,experts=[0,1,2,3,4]; c6:bw=39,experts=[0,1,2]; c15:bw=50,experts=[1,2,3,4,5]; c0:bw=11,experts=[7]
   18 | 0.01000 |   3.2010 |   17.21% |   17.21% |    0:51.06
      bandwidth/experts | c13:bw=43,experts=[0,1,2,3]; c20:bw=45,experts=[4,5,6,7]; c6:bw=31,experts=[3,4,5]; c14:bw=40,experts=[2,3,4,5]; c5:bw=35,experts=[2,3,4]; c24:bw=30,experts=[0,1,7]; c29:bw=39,experts=[2,3,4]; c8:bw=10,experts=[1]; c17:bw=50,experts=[0,1,2,6,7]; c2:bw=37,experts=[2,3,4]; c16:bw=38,experts=[0,1,7]; c7:bw=55,experts=[0,1,2,6,7]; c25:bw=32,experts=[2,3,4]; c10:bw=27,experts=[1,2]; c11:bw=57,experts=[2,3,4,5,6]; c22:bw=49,experts=[0,1,2,3]; c26:bw=57,experts=[3,4,5,6,7]; c23:bw=56,experts=[0,1,5,6,7]; c15:bw=51,experts=[0,1,2,6,7]; c27:bw=31,experts=[5,6,7]; c12:bw=18,experts=[6]; c28:bw=43,experts=[3,4,5,6]; c0:bw=49,experts=[0,1,2,3]; c18:bw=60,experts=[2,3,4,5,6,7]; c9:bw=19,experts=[5]; c19:bw=33,experts=[0,1,7]; c1:bw=10,experts=[0]; c3:bw=37,experts=[0,1,2]; c4:bw=56,experts=[0,1,5,6,7]; c21:bw=26,experts=[0,1]
   19 | 0.01000 |   3.0963 |   16.44% |   17.21% |    0:51.24
      bandwidth/experts | c5:bw=29,experts=[5,6]; c19:bw=37,experts=[2,3,4]; c26:bw=33,experts=[0,1,2]; c29:bw=36,experts=[5,6,7]; c15:bw=39,experts=[3,4,5]; c4:bw=51,experts=[2,3,4,5,6]; c23:bw=15,experts=[2]; c3:bw=40,experts=[3,4,5,6]; c6:bw=66,experts=[0,1,2,3,6,7]; c8:bw=56,experts=[2,3,4,5,6]; c20:bw=21,experts=[0,1]; c21:bw=52,experts=[2,3,4,5,6]; c22:bw=29,experts=[4,5]; c14:bw=30,experts=[0,6,7]; c27:bw=34,experts=[0,1,2]; c24:bw=45,experts=[2,3,4,5]; c28:bw=10,experts=[7]; c16:bw=13,experts=[2]; c2:bw=14,experts=[5]; c17:bw=67,experts=[0,3,4,5,6,7]; c18:bw=31,experts=[0,1,2]; c1:bw=46,experts=[1,2,3,4]; c13:bw=10,experts=[4]; c25:bw=59,experts=[0,1,5,6,7]; c12:bw=54,experts=[0,1,2,3,7]; c11:bw=20,experts=[0,7]; c10:bw=35,experts=[3,4,5]; c9:bw=38,experts=[0,6,7]; c7:bw=22,experts=[3,4]; c0:bw=42,experts=[4,5,6,7]
   20 | 0.01000 |   3.1194 |   18.22% |   18.22% |    0:51.41
      bandwidth/experts | c12:bw=44,experts=[4,5,6,7]; c19:bw=48,experts=[0,5,6,7]; c17:bw=48,experts=[1,2,3,4]; c5:bw=10,experts=[7]; c18:bw=21,experts=[3,4]; c29:bw=17,experts=[0]; c21:bw=44,experts=[0,1,2,7]; c10:bw=16,experts=[6]; c11:bw=10,experts=[1]; c14:bw=30,experts=[1,2,3]; c22:bw=75,experts=[0,1,2,3,4,6,7]; c13:bw=40,experts=[0,5,6,7]; c7:bw=43,experts=[0,5,6,7]; c6:bw=68,experts=[0,1,4,5,6,7]; c0:bw=28,experts=[0,1]; c1:bw=40,experts=[0,5,6,7]; c25:bw=21,experts=[2,3]; c15:bw=19,experts=[6]; c26:bw=31,experts=[3,4,5]; c16:bw=40,experts=[3,4,5,6]; c2:bw=41,experts=[0,1,6,7]; c8:bw=50,experts=[0,1,2,3,7]; c4:bw=59,experts=[0,1,2,3,7]; c9:bw=17,experts=[1]; c28:bw=34,experts=[0,1,2]; c27:bw=42,experts=[3,4,5,6]; c20:bw=58,experts=[2,3,4,5,6]; c24:bw=43,experts=[0,1,6,7]; c3:bw=18,experts=[7]; c23:bw=37,experts=[3,4,5]
   21 | 0.01000 |   3.1481 |   17.40% |   18.22% |    0:51.40
      bandwidth/experts | c22:bw=48,experts=[0,5,6,7]; c1:bw=41,experts=[1,2,3,4]; c5:bw=32,experts=[0,1,2]; c7:bw=12,experts=[1]; c27:bw=33,experts=[0,1,7]; c0:bw=66,experts=[2,3,4,5,6,7]; c26:bw=45,experts=[0,1,6,7]; c14:bw=31,experts=[4,5,6]; c10:bw=40,experts=[0,1,2,7]; c4:bw=48,experts=[4,5,6,7]; c9:bw=25,experts=[2,3]; c2:bw=39,experts=[2,3,4]; c25:bw=39,experts=[4,5,6]; c13:bw=23,experts=[1,2]; c17:bw=35,experts=[5,6,7]; c6:bw=16,experts=[2]; c28:bw=13,experts=[3]; c20:bw=40,experts=[0,1,2,7]; c23:bw=37,experts=[0,6,7]; c8:bw=18,experts=[4]; c11:bw=23,experts=[2,3]; c3:bw=10,experts=[0]; c29:bw=52,experts=[1,2,3,4,5]; c18:bw=60,experts=[0,1,2,5,6,7]; c12:bw=38,experts=[0,1,2]; c21:bw=15,experts=[3]; c24:bw=38,experts=[2,3,4]; c15:bw=19,experts=[7]; c19:bw=58,experts=[1,2,3,4,5]; c16:bw=33,experts=[0,1,7]
   22 | 0.01000 |   2.9579 |   20.17% |   20.17% |    0:51.38
      bandwidth/experts | c18:bw=15,experts=[3]; c3:bw=56,experts=[1,2,3,4,5]; c7:bw=16,experts=[2]; c16:bw=34,experts=[2,3,4]; c27:bw=61,experts=[2,3,4,5,6,7]; c19:bw=45,experts=[0,1,6,7]; c26:bw=61,experts=[2,3,4,5,6,7]; c21:bw=23,experts=[4,5]; c5:bw=17,experts=[3]; c0:bw=67,experts=[0,1,2,3,4,5]; c23:bw=28,experts=[1,2]; c28:bw=42,experts=[4,5,6,7]; c8:bw=33,experts=[5,6,7]; c11:bw=43,experts=[4,5,6,7]; c14:bw=48,experts=[0,1,2,7]; c1:bw=10,experts=[5]; c17:bw=62,experts=[0,1,2,3,4,5]; c10:bw=10,experts=[3]; c2:bw=66,experts=[0,1,2,5,6,7]; c4:bw=36,experts=[0,1,2]; c13:bw=34,experts=[3,4,5]; c25:bw=13,experts=[7]; c9:bw=33,experts=[4,5,6]; c29:bw=54,experts=[0,1,2,6,7]; c12:bw=64,experts=[0,3,4,5,6,7]; c6:bw=61,experts=[0,3,4,5,6,7]; c24:bw=25,experts=[5,6]; c15:bw=66,experts=[0,1,2,3,4,5]; c22:bw=44,experts=[1,2,3,4]; c20:bw=25,experts=[3,4]
   23 | 0.01000 |   3.0926 |   20.61% |   20.61% |    0:51.34
      bandwidth/experts | c14:bw=52,experts=[3,4,5,6,7]; c23:bw=70,experts=[0,1,3,4,5,6,7]; c28:bw=26,experts=[0,1]; c20:bw=44,experts=[0,5,6,7]; c26:bw=35,experts=[0,1,2]; c8:bw=35,experts=[0,1,2]; c10:bw=67,experts=[0,1,4,5,6,7]; c9:bw=50,experts=[0,1,2,3,7]; c24:bw=40,experts=[0,1,2,7]; c17:bw=70,experts=[0,1,2,3,4,6,7]; c13:bw=54,experts=[0,1,2,6,7]; c2:bw=32,experts=[3,4,5]; c11:bw=52,experts=[0,1,2,3,4]; c29:bw=43,experts=[3,4,5,6]; c22:bw=62,experts=[0,1,2,5,6,7]; c3:bw=15,experts=[6]; c21:bw=55,experts=[0,1,2,6,7]; c6:bw=10,experts=[1]; c16:bw=56,experts=[0,1,5,6,7]; c19:bw=21,experts=[2,3]; c0:bw=11,experts=[6]; c12:bw=26,experts=[1,2]; c15:bw=29,experts=[6,7]; c7:bw=15,experts=[3]; c18:bw=26,experts=[4,5]; c5:bw=52,experts=[0,4,5,6,7]; c27:bw=18,experts=[0]; c4:bw=56,experts=[3,4,5,6,7]; c1:bw=62,experts=[0,1,2,3,6,7]; c25:bw=18,experts=[0]
   24 | 0.01000 |   2.9230 |   22.67% |   22.67% |    0:51.38
      bandwidth/experts | c20:bw=36,experts=[1,2,3]; c9:bw=50,experts=[0,4,5,6,7]; c24:bw=16,experts=[3]; c1:bw=10,experts=[4]; c27:bw=63,experts=[1,2,3,4,5,6]; c28:bw=58,experts=[2,3,4,5,6]; c26:bw=12,experts=[3]; c22:bw=50,experts=[3,4,5,6,7]; c3:bw=10,experts=[7]; c10:bw=39,experts=[2,3,4]; c13:bw=50,experts=[3,4,5,6,7]; c17:bw=56,experts=[0,1,5,6,7]; c4:bw=12,experts=[0]; c14:bw=42,experts=[0,1,2,3]; c15:bw=44,experts=[0,1,2,3]; c21:bw=42,experts=[3,4,5,6]; c11:bw=10,experts=[5]; c18:bw=72,experts=[0,1,2,3,4,6,7]; c5:bw=25,experts=[1,2]; c23:bw=36,experts=[2,3,4]; c16:bw=41,experts=[2,3,4,5]; c12:bw=37,experts=[3,4,5]; c2:bw=43,experts=[0,1,6,7]; c0:bw=31,experts=[0,1,7]; c6:bw=30,experts=[2,3,4]; c8:bw=18,experts=[3]; c7:bw=10,experts=[4]; c19:bw=55,experts=[0,4,5,6,7]; c25:bw=30,experts=[1,2,3]; c29:bw=65,experts=[0,1,2,3,4,7]
   25 | 0.01000 |   2.9130 |   21.73% |   22.67% |    0:51.45
      bandwidth/experts | c12:bw=36,experts=[0,6,7]; c22:bw=38,experts=[0,1,2]; c26:bw=30,experts=[4,5,6]; c17:bw=52,experts=[2,3,4,5,6]; c6:bw=16,experts=[5]; c8:bw=55,experts=[0,4,5,6,7]; c25:bw=40,experts=[4,5,6,7]; c1:bw=49,experts=[0,5,6,7]; c3:bw=14,experts=[0]; c18:bw=59,experts=[0,1,5,6,7]; c28:bw=41,experts=[0,1,2,7]; c4:bw=58,experts=[1,2,3,4,5]; c27:bw=59,experts=[0,1,2,3,7]; c29:bw=27,experts=[5,6]; c19:bw=57,experts=[1,2,3,4,5]; c5:bw=64,experts=[0,3,4,5,6,7]; c7:bw=40,experts=[0,5,6,7]; c23:bw=21,experts=[5,6]; c9:bw=40,experts=[1,2,3,4]; c11:bw=60,experts=[0,1,2,3,6,7]; c10:bw=25,experts=[5,6]; c15:bw=29,experts=[4,5]; c2:bw=12,experts=[2]; c24:bw=25,experts=[4,5]; c21:bw=35,experts=[0,1,7]; c20:bw=15,experts=[4]; c0:bw=56,experts=[2,3,4,5,6]; c14:bw=26,experts=[4,5]; c13:bw=56,experts=[0,1,2,3,4]; c16:bw=52,experts=[0,1,2,6,7]
   26 | 0.01000 |   2.9728 |   21.72% |   22.67% |    0:51.54
      bandwidth/experts | c10:bw=38,experts=[0,1,7]; c29:bw=45,experts=[0,1,2,7]; c28:bw=61,experts=[0,3,4,5,6,7]; c22:bw=14,experts=[3]; c24:bw=14,experts=[6]; c6:bw=34,experts=[0,6,7]; c18:bw=10,experts=[2]; c14:bw=49,experts=[0,1,6,7]; c11:bw=57,experts=[0,4,5,6,7]; c7:bw=31,experts=[1,2,3]; c9:bw=50,experts=[0,1,5,6,7]; c23:bw=14,experts=[7]; c25:bw=50,experts=[0,1,2,3,4]; c4:bw=48,experts=[0,1,6,7]; c17:bw=32,experts=[0,1,7]; c1:bw=33,experts=[1,2,3]; c5:bw=20,experts=[1,2]; c2:bw=30,experts=[3,4,5]; c13:bw=16,experts=[5]; c27:bw=40,experts=[4,5,6,7]; c15:bw=42,experts=[0,1,6,7]; c12:bw=41,experts=[1,2,3,4]; c19:bw=15,experts=[6]; c20:bw=25,experts=[5,6]; c0:bw=11,experts=[7]; c8:bw=53,experts=[1,2,3,4,5]; c16:bw=10,experts=[3]; c21:bw=35,experts=[2,3,4]; c26:bw=13,experts=[7]; c3:bw=44,experts=[1,2,3,4]
   27 | 0.01000 |   2.9212 |   23.82% |   23.82% |    0:51.35
      bandwidth/experts | c3:bw=21,experts=[5,6]; c7:bw=51,experts=[0,4,5,6,7]; c19:bw=18,experts=[7]; c23:bw=75,experts=[0,1,2,3,4,5,6]; c18:bw=18,experts=[3]; c29:bw=27,experts=[3,4]; c9:bw=18,experts=[2]; c17:bw=36,experts=[2,3,4]; c13:bw=57,experts=[0,1,2,6,7]; c27:bw=54,experts=[0,1,2,3,4]; c15:bw=46,experts=[2,3,4,5]; c22:bw=47,experts=[4,5,6,7]; c11:bw=66,experts=[1,2,3,4,5,6]; c5:bw=37,experts=[3,4,5]; c6:bw=63,experts=[1,2,3,4,5,6]; c4:bw=12,experts=[2]; c26:bw=32,experts=[0,1,2]; c2:bw=20,experts=[6,7]; c8:bw=55,experts=[0,1,2,6,7]; c1:bw=62,experts=[0,1,4,5,6,7]; c0:bw=36,experts=[0,1,2]; c12:bw=22,experts=[5,6]; c28:bw=10,experts=[1]; c21:bw=45,experts=[0,5,6,7]; c24:bw=29,experts=[0,7]; c25:bw=30,experts=[5,6,7]; c20:bw=37,experts=[0,1,7]; c10:bw=62,experts=[2,3,4,5,6,7]; c16:bw=20,experts=[4,5]; c14:bw=26,experts=[2,3]
   28 | 0.01000 |   2.8950 |   22.60% |   23.82% |    0:51.30
      bandwidth/experts | c4:bw=10,experts=[3]; c19:bw=33,experts=[0,1,2]; c22:bw=44,experts=[0,1,2,3]; c25:bw=59,experts=[0,1,2,3,4]; c24:bw=42,experts=[1,2,3,4]; c2:bw=10,experts=[0]; c27:bw=12,experts=[5]; c5:bw=33,experts=[0,6,7]; c14:bw=15,experts=[4]; c10:bw=40,experts=[0,1,2,3]; c9:bw=49,experts=[3,4,5,6]; c6:bw=29,experts=[0,7]; c17:bw=48,experts=[0,5,6,7]; c11:bw=66,experts=[0,1,2,3,4,7]; c1:bw=25,experts=[2,3]; c15:bw=32,experts=[0,6,7]; c7:bw=10,experts=[1]; c28:bw=50,experts=[2,3,4,5,6]; c23:bw=34,experts=[0,1,7]; c3:bw=12,experts=[7]; c21:bw=10,experts=[1]; c12:bw=42,experts=[0,1,2,7]; c29:bw=32,experts=[5,6,7]; c0:bw=47,experts=[3,4,5,6]; c26:bw=35,experts=[3,4,5]; c8:bw=29,experts=[3,4]; c13:bw=31,experts=[3,4,5]; c20:bw=47,experts=[2,3,4,5]; c16:bw=35,experts=[0,6,7]; c18:bw=34,experts=[4,5,6]
   29 | 0.01000 |   2.8856 |   22.20% |   23.82% |    0:51.48
      bandwidth/experts | c8:bw=34,experts=[5,6,7]; c12:bw=10,experts=[3]; c20:bw=42,experts=[0,1,6,7]; c7:bw=21,experts=[2,3]; c0:bw=44,experts=[0,1,2,7]; c3:bw=32,experts=[0,1,2]; c9:bw=44,experts=[0,1,2,7]; c25:bw=35,experts=[5,6,7]; c2:bw=18,experts=[1]; c17:bw=59,experts=[1,2,3,4,5]; c21:bw=74,experts=[0,2,3,4,5,6,7]; c19:bw=39,experts=[3,4,5]; c27:bw=26,experts=[6,7]; c18:bw=24,experts=[0,7]; c29:bw=23,experts=[0,1]; c5:bw=33,experts=[1,2,3]; c6:bw=43,experts=[1,2,3,4]; c10:bw=10,experts=[4]; c1:bw=33,experts=[4,5,6]; c13:bw=13,experts=[6]; c28:bw=50,experts=[0,1,2,3,7]; c23:bw=20,experts=[2,3]; c22:bw=54,experts=[0,4,5,6,7]; c14:bw=35,experts=[5,6,7]; c15:bw=70,experts=[1,2,3,4,5,6,7]; c16:bw=48,experts=[1,2,3,4]; c24:bw=14,experts=[5]; c26:bw=25,experts=[6,7]; c4:bw=38,experts=[4,5,6]; c11:bw=59,experts=[0,1,5,6,7]
   30 | 0.01000 |   2.8428 |   24.70% |   24.70% |    0:51.29
      bandwidth/experts | c13:bw=27,experts=[0,7]; c15:bw=22,experts=[0,1]; c0:bw=17,experts=[3]; c29:bw=44,experts=[2,3,4,5]; c28:bw=36,experts=[4,5,6]; c19:bw=24,experts=[6,7]; c7:bw=12,experts=[4]; c6:bw=11,experts=[5]; c8:bw=41,experts=[0,1,2,3]; c2:bw=27,experts=[2,3]; c11:bw=46,experts=[2,3,4,5]; c10:bw=71,experts=[0,1,2,3,5,6,7]; c12:bw=24,experts=[4,5]; c25:bw=56,experts=[0,1,2,3,4]; c17:bw=19,experts=[6]; c5:bw=62,experts=[0,1,4,5,6,7]; c1:bw=35,experts=[0,1,7]; c23:bw=37,experts=[4,5,6]; c20:bw=60,experts=[2,3,4,5,6,7]; c21:bw=10,experts=[1]; c24:bw=10,experts=[6]; c26:bw=12,experts=[0]; c3:bw=59,experts=[3,4,5,6,7]; c4:bw=51,experts=[0,1,2,3,7]; c16:bw=31,experts=[5,6,7]; c18:bw=57,experts=[1,2,3,4,5]; c9:bw=54,experts=[3,4,5,6,7]; c22:bw=26,experts=[1,2]; c27:bw=53,experts=[0,1,2,3,4]; c14:bw=49,experts=[0,1,2,3]
   31 | 0.01000 |   2.8327 |   23.20% |   24.70% |    0:51.22
      bandwidth/experts | c12:bw=35,experts=[0,6,7]; c3:bw=24,experts=[0,1]; c7:bw=63,experts=[0,1,2,5,6,7]; c21:bw=46,experts=[2,3,4,5]; c29:bw=48,experts=[0,1,6,7]; c19:bw=40,experts=[0,1,2,3]; c15:bw=55,experts=[2,3,4,5,6]; c6:bw=29,experts=[6,7]; c10:bw=33,experts=[4,5,6]; c16:bw=36,experts=[0,1,2]; c14:bw=61,experts=[0,1,4,5,6,7]; c24:bw=72,experts=[0,1,2,3,4,5,7]; c1:bw=30,experts=[2,3,4]; c13:bw=32,experts=[1,2,3]; c23:bw=24,experts=[0,7]; c11:bw=29,experts=[6,7]; c8:bw=33,experts=[4,5,6]; c22:bw=41,experts=[3,4,5,6]; c0:bw=47,experts=[4,5,6,7]; c5:bw=62,experts=[2,3,4,5,6,7]; c9:bw=45,experts=[0,1,2,3]; c27:bw=10,experts=[5]; c4:bw=19,experts=[4]; c20:bw=11,experts=[0]; c28:bw=56,experts=[0,1,2,3,7]; c18:bw=58,experts=[0,1,2,6,7]; c25:bw=46,experts=[0,5,6,7]; c17:bw=35,experts=[0,1,7]; c26:bw=10,experts=[1]; c2:bw=15,experts=[4]
   32 | 0.01000 |   2.8245 |   25.10% |   25.10% |    0:51.29
      bandwidth/experts | c15:bw=36,experts=[0,1,7]; c8:bw=21,experts=[0,7]; c9:bw=31,experts=[4,5,6]; c28:bw=19,experts=[4]; c4:bw=49,experts=[0,5,6,7]; c27:bw=27,experts=[6,7]; c21:bw=64,experts=[0,1,2,3,6,7]; c11:bw=27,experts=[0,1]; c5:bw=36,experts=[0,1,2]; c18:bw=35,experts=[3,4,5]; c17:bw=28,experts=[2,3]; c29:bw=41,experts=[2,3,4,5]; c6:bw=27,experts=[0,1]; c24:bw=10,experts=[6]; c26:bw=29,experts=[2,3]; c10:bw=22,experts=[0,7]; c23:bw=15,experts=[1]; c12:bw=49,experts=[1,2,3,4]; c1:bw=21,experts=[5,6]; c20:bw=39,experts=[1,2,3]; c13:bw=63,experts=[0,1,4,5,6,7]; c22:bw=35,experts=[0,1,7]; c14:bw=32,experts=[2,3,4]; c19:bw=27,experts=[4,5]; c2:bw=54,experts=[0,1,5,6,7]; c16:bw=48,experts=[3,4,5,6]; c7:bw=47,experts=[3,4,5,6]; c0:bw=46,experts=[0,1,2,3]; c3:bw=28,experts=[2,3]; c25:bw=67,experts=[1,2,3,4,5,6]
   33 | 0.01000 |   2.7174 |   27.56% |   27.56% |    0:51.10
      bandwidth/experts | c26:bw=44,experts=[4,5,6,7]; c27:bw=38,experts=[0,1,2]; c23:bw=63,experts=[2,3,4,5,6,7]; c4:bw=45,experts=[1,2,3,4]; c17:bw=59,experts=[0,4,5,6,7]; c29:bw=62,experts=[0,1,2,3,6,7]; c18:bw=55,experts=[0,1,2,6,7]; c13:bw=30,experts=[2,3,4]; c0:bw=62,experts=[0,1,4,5,6,7]; c10:bw=46,experts=[1,2,3,4]; c7:bw=52,experts=[0,1,2,3,7]; c15:bw=24,experts=[2,3]; c5:bw=29,experts=[3,4]; c20:bw=40,experts=[4,5,6,7]; c14:bw=37,experts=[5,6,7]; c1:bw=34,experts=[0,1,7]; c22:bw=56,experts=[2,3,4,5,6]; c8:bw=50,experts=[1,2,3,4,5]; c2:bw=24,experts=[2,3]; c9:bw=42,experts=[0,1,2,7]; c3:bw=70,experts=[0,1,2,4,5,6,7]; c19:bw=25,experts=[6,7]; c12:bw=46,experts=[0,5,6,7]; c28:bw=29,experts=[5,6]; c11:bw=53,experts=[2,3,4,5,6]; c25:bw=14,experts=[7]; c21:bw=65,experts=[0,1,4,5,6,7]; c6:bw=37,experts=[2,3,4]; c16:bw=44,experts=[0,1,2,7]; c24:bw=28,experts=[0,7]
   34 | 0.01000 |   2.6892 |   27.94% |   27.94% |    0:51.65
      bandwidth/experts | c22:bw=30,experts=[0,1,7]; c28:bw=39,experts=[0,1,7]; c29:bw=13,experts=[4]; c18:bw=29,experts=[3,4]; c16:bw=54,experts=[3,4,5,6,7]; c27:bw=34,experts=[3,4,5]; c9:bw=68,experts=[0,3,4,5,6,7]; c14:bw=66,experts=[0,1,2,3,4,5]; c2:bw=54,experts=[0,4,5,6,7]; c11:bw=52,experts=[0,1,2,3,7]; c8:bw=42,experts=[0,1,6,7]; c6:bw=48,experts=[0,5,6,7]; c7:bw=32,experts=[4,5,6]; c17:bw=16,experts=[1]; c10:bw=26,experts=[5,6]; c13:bw=57,experts=[0,1,5,6,7]; c3:bw=72,experts=[0,1,3,4,5,6,7]; c15:bw=10,experts=[4]; c19:bw=50,experts=[0,1,2,3,4]; c24:bw=60,experts=[1,2,3,4,5,6]; c21:bw=48,experts=[2,3,4,5]; c20:bw=62,experts=[0,1,2,3,4,5]; c0:bw=22,experts=[2,3]; c4:bw=46,experts=[0,5,6,7]; c5:bw=60,experts=[0,1,2,5,6,7]; c12:bw=24,experts=[1,2]; c23:bw=36,experts=[0,1,2]; c26:bw=55,experts=[0,1,2,3,4]; c1:bw=46,experts=[2,3,4,5]; c25:bw=49,experts=[0,1,2,3]
   35 | 0.01000 |   2.7156 |   26.83% |   27.94% |    0:51.46
      bandwidth/experts | c6:bw=44,experts=[1,2,3,4]; c28:bw=55,experts=[2,3,4,5,6]; c22:bw=32,experts=[2,3,4]; c8:bw=50,experts=[2,3,4,5,6]; c0:bw=20,experts=[4,5]; c15:bw=47,experts=[0,5,6,7]; c13:bw=48,experts=[2,3,4,5]; c25:bw=40,experts=[4,5,6,7]; c17:bw=32,experts=[2,3,4]; c20:bw=53,experts=[0,1,2,6,7]; c4:bw=33,experts=[1,2,3]; c11:bw=69,experts=[0,1,4,5,6,7]; c12:bw=22,experts=[3,4]; c2:bw=46,experts=[1,2,3,4]; c9:bw=27,experts=[1,2]; c7:bw=48,experts=[0,1,2,7]; c26:bw=59,experts=[0,1,5,6,7]; c24:bw=15,experts=[7]; c29:bw=28,experts=[5,6]; c18:bw=51,experts=[0,1,5,6,7]; c23:bw=13,experts=[3]; c16:bw=10,experts=[0]; c21:bw=10,experts=[6]; c5:bw=41,experts=[3,4,5,6]; c14:bw=20,experts=[6,7]; c3:bw=24,experts=[2,3]; c10:bw=57,experts=[0,1,2,3,7]; c27:bw=64,experts=[0,1,2,3,6,7]; c19:bw=22,experts=[5,6]; c1:bw=31,experts=[0,6,7]
   36 | 0.01000 |   2.7013 |   27.82% |   27.94% |    0:51.58
      bandwidth/experts | c26:bw=41,experts=[2,3,4,5]; c19:bw=48,experts=[0,1,2,7]; c8:bw=51,experts=[0,1,2,3,7]; c17:bw=49,experts=[0,5,6,7]; c20:bw=49,experts=[3,4,5,6]; c15:bw=68,experts=[1,2,3,4,5,6]; c29:bw=53,experts=[0,1,2,3,7]; c18:bw=11,experts=[2]; c22:bw=13,experts=[5]; c21:bw=42,experts=[0,1,2,7]; c7:bw=27,experts=[3,4]; c1:bw=10,experts=[1]; c11:bw=33,experts=[2,3,4]; c16:bw=10,experts=[1]; c6:bw=43,experts=[0,5,6,7]; c24:bw=12,experts=[0]; c9:bw=37,experts=[3,4,5]; c27:bw=40,experts=[4,5,6,7]; c28:bw=37,experts=[0,1,7]; c2:bw=50,experts=[0,1,5,6,7]; c23:bw=58,experts=[0,4,5,6,7]; c12:bw=35,experts=[5,6,7]; c3:bw=60,experts=[0,1,4,5,6,7]; c10:bw=56,experts=[0,4,5,6,7]; c4:bw=74,experts=[0,1,2,4,5,6,7]; c5:bw=49,experts=[0,1,2,7]; c13:bw=47,experts=[0,1,6,7]; c25:bw=11,experts=[0]; c0:bw=36,experts=[0,6,7]; c14:bw=18,experts=[0]
   37 | 0.01000 |   2.6472 |   29.43% |   29.43% |    0:51.45
      bandwidth/experts | c21:bw=18,experts=[3]; c9:bw=40,experts=[0,1,6,7]; c6:bw=65,experts=[1,2,3,4,5,6]; c20:bw=38,experts=[0,1,7]; c29:bw=39,experts=[4,5,6]; c19:bw=42,experts=[3,4,5,6]; c3:bw=36,experts=[2,3,4]; c24:bw=61,experts=[1,2,3,4,5,6]; c28:bw=10,experts=[2]; c18:bw=10,experts=[3]; c12:bw=49,experts=[0,1,2,3]; c27:bw=55,experts=[0,1,2,3,4]; c7:bw=42,experts=[0,5,6,7]; c0:bw=54,experts=[1,2,3,4,5]; c15:bw=51,experts=[0,1,2,3,7]; c25:bw=56,experts=[1,2,3,4,5]; c26:bw=10,experts=[6]; c1:bw=18,experts=[2]; c8:bw=10,experts=[4]; c10:bw=58,experts=[1,2,3,4,5]; c13:bw=12,experts=[2]; c17:bw=56,experts=[1,2,3,4,5]; c11:bw=63,experts=[0,1,2,5,6,7]; c4:bw=39,experts=[3,4,5]; c16:bw=31,experts=[2,3,4]; c2:bw=36,experts=[2,3,4]; c22:bw=10,experts=[6]; c5:bw=39,experts=[3,4,5]; c23:bw=44,experts=[1,2,3,4]; c14:bw=28,experts=[1,2]
   38 | 0.01000 |   2.6680 |   28.00% |   29.43% |    0:51.48
      bandwidth/experts | c16:bw=38,experts=[5,6,7]; c10:bw=39,experts=[0,6,7]; c14:bw=41,experts=[3,4,5,6]; c28:bw=30,experts=[3,4,5]; c4:bw=52,experts=[0,1,2,6,7]; c1:bw=31,experts=[3,4,5]; c21:bw=51,experts=[0,4,5,6,7]; c22:bw=46,experts=[0,1,2,7]; c8:bw=46,experts=[0,5,6,7]; c11:bw=17,experts=[3]; c29:bw=21,experts=[0,7]; c0:bw=40,experts=[0,1,6,7]; c5:bw=10,experts=[6]; c23:bw=30,experts=[5,6,7]; c2:bw=10,experts=[5]; c15:bw=12,experts=[4]; c27:bw=48,experts=[0,5,6,7]; c19:bw=61,experts=[0,1,2,3,4,7]; c6:bw=17,experts=[7]; c20:bw=36,experts=[2,3,4]; c7:bw=51,experts=[1,2,3,4,5]; c17:bw=41,experts=[0,1,6,7]; c9:bw=26,experts=[2,3]; c12:bw=47,experts=[4,5,6,7]; c24:bw=38,experts=[0,1,7]; c3:bw=38,experts=[5,6,7]; c25:bw=58,experts=[0,1,2,6,7]; c13:bw=63,experts=[0,3,4,5,6,7]; c26:bw=44,experts=[0,1,2,7]; c18:bw=44,experts=[4,5,6,7]
   39 | 0.01000 |   2.6468 |   30.01% |   30.01% |    0:51.51
      bandwidth/experts | c22:bw=28,experts=[3,4]; c26:bw=37,experts=[3,4,5]; c13:bw=49,experts=[1,2,3,4]; c11:bw=51,experts=[0,4,5,6,7]; c1:bw=45,experts=[0,1,6,7]; c23:bw=49,experts=[0,1,2,3]; c16:bw=29,experts=[0,1]; c21:bw=52,experts=[1,2,3,4,5]; c15:bw=30,experts=[5,6,7]; c17:bw=42,experts=[2,3,4,5]; c10:bw=24,experts=[1,2]; c4:bw=36,experts=[3,4,5]; c24:bw=44,experts=[2,3,4,5]; c8:bw=45,experts=[1,2,3,4]; c27:bw=39,experts=[1,2,3]; c12:bw=49,experts=[0,1,2,3]; c3:bw=26,experts=[0,1]; c25:bw=35,experts=[3,4,5]; c0:bw=10,experts=[2]; c20:bw=68,experts=[0,1,2,5,6,7]; c14:bw=57,experts=[0,1,2,3,7]; c19:bw=18,experts=[5]; c9:bw=24,experts=[4,5]; c7:bw=40,experts=[0,1,6,7]; c29:bw=16,experts=[1]; c6:bw=31,experts=[0,1,2]; c2:bw=36,experts=[0,6,7]; c28:bw=54,experts=[0,1,2,6,7]; c5:bw=75,experts=[0,1,2,3,4,5,7]; c18:bw=25,experts=[0,1]
   40 | 0.01000 |   2.6080 |   30.60% |   30.60% |    0:51.36
      bandwidth/experts | c28:bw=10,experts=[3]; c27:bw=38,experts=[4,5,6]; c26:bw=63,experts=[0,1,2,3,6,7]; c8:bw=26,experts=[5,6]; c18:bw=38,experts=[2,3,4]; c6:bw=46,experts=[3,4,5,6]; c17:bw=30,experts=[0,6,7]; c13:bw=32,experts=[5,6,7]; c29:bw=43,experts=[2,3,4,5]; c16:bw=29,experts=[2,3]; c15:bw=22,experts=[0,1]; c2:bw=65,experts=[1,2,3,4,5,6]; c10:bw=60,experts=[0,3,4,5,6,7]; c1:bw=42,experts=[2,3,4,5]; c22:bw=43,experts=[0,5,6,7]; c11:bw=15,experts=[1]; c23:bw=50,experts=[0,4,5,6,7]; c20:bw=21,experts=[3,4]; c4:bw=19,experts=[6]; c7:bw=66,experts=[2,3,4,5,6,7]; c24:bw=51,experts=[0,1,2,6,7]; c19:bw=23,experts=[6,7]; c25:bw=67,experts=[0,1,2,3,6,7]; c3:bw=10,experts=[2]; c14:bw=58,experts=[0,4,5,6,7]; c12:bw=42,experts=[4,5,6,7]; c5:bw=32,experts=[0,6,7]; c21:bw=35,experts=[0,6,7]; c0:bw=36,experts=[3,4,5]; c9:bw=40,experts=[0,1,6,7]
   41 | 0.01000 |   2.5803 |   31.53% |   31.53% |    0:51.39
      bandwidth/experts | c6:bw=10,experts=[7]; c26:bw=10,experts=[4]; c2:bw=54,experts=[0,1,2,3,7]; c29:bw=38,experts=[0,6,7]; c16:bw=25,experts=[4,5]; c1:bw=10,experts=[6]; c8:bw=57,experts=[0,1,2,3,7]; c15:bw=24,experts=[2,3]; c4:bw=50,experts=[0,1,2,3,7]; c19:bw=19,experts=[0]; c3:bw=40,experts=[3,4,5,6]; c24:bw=58,experts=[3,4,5,6,7]; c21:bw=18,experts=[1]; c20:bw=39,experts=[5,6,7]; c18:bw=10,experts=[5]; c23:bw=37,experts=[1,2,3]; c0:bw=10,experts=[6]; c17:bw=52,experts=[1,2,3,4,5]; c25:bw=29,experts=[4,5]; c12:bw=18,experts=[0]; c11:bw=41,experts=[2,3,4,5]; c10:bw=42,experts=[1,2,3,4]; c13:bw=45,experts=[0,1,2,3]; c14:bw=61,experts=[1,2,3,4,5,6]; c22:bw=46,experts=[1,2,3,4]; c28:bw=51,experts=[0,4,5,6,7]; c27:bw=52,experts=[0,1,2,3,7]; c5:bw=61,experts=[1,2,3,4,5,6]; c7:bw=68,experts=[0,1,2,3,4,5]; c9:bw=54,experts=[2,3,4,5,6]
   42 | 0.01000 |   2.5940 |   29.89% |   31.53% |    0:51.60
      bandwidth/experts | c12:bw=22,experts=[1,2]; c15:bw=31,experts=[4,5,6]; c27:bw=34,experts=[4,5,6]; c9:bw=51,experts=[0,1,2,3,7]; c11:bw=59,experts=[0,1,2,6,7]; c17:bw=32,experts=[0,6,7]; c1:bw=49,experts=[0,1,2,7]; c16:bw=10,experts=[6]; c22:bw=26,experts=[5,6]; c24:bw=34,experts=[0,1,2]; c19:bw=63,experts=[1,2,3,4,5,6]; c25:bw=28,experts=[6,7]; c2:bw=40,experts=[4,5,6,7]; c6:bw=34,experts=[0,1,2]; c5:bw=50,experts=[0,1,2,3,7]; c14:bw=13,experts=[7]; c23:bw=51,experts=[0,4,5,6,7]; c3:bw=48,experts=[0,1,2,7]; c20:bw=42,experts=[0,1,2,3]; c4:bw=55,experts=[0,4,5,6,7]; c26:bw=16,experts=[5]; c0:bw=15,experts=[7]; c10:bw=15,experts=[5]; c28:bw=54,experts=[1,2,3,4,5]; c29:bw=40,experts=[1,2,3,4]; c7:bw=20,experts=[6,7]; c13:bw=33,experts=[4,5,6]; c18:bw=14,experts=[6]; c21:bw=32,experts=[2,3,4]; c8:bw=42,experts=[4,5,6,7]
   43 | 0.01000 |   2.5844 |   30.60% |   31.53% |    0:51.38
      bandwidth/experts | c29:bw=28,experts=[5,6]; c8:bw=45,experts=[0,1,2,3]; c12:bw=10,experts=[3]; c9:bw=32,experts=[4,5,6]; c15:bw=14,experts=[7]; c28:bw=27,experts=[6,7]; c18:bw=24,experts=[0,7]; c13:bw=16,experts=[7]; c20:bw=48,experts=[4,5,6,7]; c14:bw=66,experts=[0,1,2,3,4,5]; c21:bw=34,experts=[5,6,7]; c0:bw=21,experts=[0,1]; c7:bw=21,experts=[0,1]; c4:bw=34,experts=[1,2,3]; c27:bw=61,experts=[0,1,2,3,4,7]; c3:bw=65,experts=[0,3,4,5,6,7]; c22:bw=41,experts=[0,1,2,7]; c11:bw=55,experts=[3,4,5,6,7]; c26:bw=59,experts=[0,1,2,6,7]; c16:bw=21,experts=[0,7]; c23:bw=34,experts=[1,2,3]; c17:bw=47,experts=[1,2,3,4]; c6:bw=12,experts=[3]; c1:bw=58,experts=[3,4,5,6,7]; c5:bw=53,experts=[0,4,5,6,7]; c10:bw=37,experts=[0,6,7]; c25:bw=44,experts=[0,1,2,3]; c24:bw=54,experts=[3,4,5,6,7]; c19:bw=54,experts=[0,1,2,3,7]; c2:bw=51,experts=[0,1,2,3,4]
   44 | 0.01000 |   2.4457 |   33.78% |   33.78% |    0:51.35
      bandwidth/experts | c3:bw=47,experts=[1,2,3,4]; c19:bw=10,experts=[4]; c8:bw=34,experts=[4,5,6]; c4:bw=29,experts=[4,5]; c20:bw=56,experts=[0,1,2,3,4]; c24:bw=31,experts=[0,1,2]; c9:bw=37,experts=[0,1,7]; c10:bw=56,experts=[1,2,3,4,5]; c13:bw=28,experts=[0,1]; c5:bw=24,experts=[1,2]; c11:bw=16,experts=[0]; c14:bw=65,experts=[0,1,2,3,6,7]; c17:bw=12,experts=[5]; c23:bw=36,experts=[4,5,6]; c1:bw=45,experts=[0,1,2,3]; c2:bw=37,experts=[5,6,7]; c26:bw=45,experts=[3,4,5,6]; c15:bw=50,experts=[0,1,2,3,4]; c22:bw=23,experts=[3,4]; c25:bw=36,experts=[4,5,6]; c28:bw=36,experts=[0,1,2]; c18:bw=54,experts=[1,2,3,4,5]; c12:bw=40,experts=[4,5,6,7]; c0:bw=66,experts=[2,3,4,5,6,7]; c6:bw=20,experts=[4,5]; c16:bw=76,experts=[1,2,3,4,5,6,7]; c7:bw=75,experts=[0,2,3,4,5,6,7]; c27:bw=31,experts=[5,6,7]; c29:bw=68,experts=[0,1,2,3,4,7]; c21:bw=58,experts=[0,1,2,3,4]
   45 | 0.01000 |   2.5982 |   30.88% |   33.78% |    0:51.33
      bandwidth/experts | c3:bw=67,experts=[0,1,2,5,6,7]; c21:bw=58,experts=[0,1,5,6,7]; c24:bw=13,experts=[3]; c15:bw=33,experts=[5,6,7]; c29:bw=50,experts=[0,1,5,6,7]; c4:bw=64,experts=[0,1,2,3,6,7]; c11:bw=53,experts=[1,2,3,4,5]; c16:bw=54,experts=[0,1,2,3,4]; c5:bw=44,experts=[3,4,5,6]; c12:bw=61,experts=[0,1,2,3,4,5]; c10:bw=42,experts=[0,1,6,7]; c14:bw=41,experts=[4,5,6,7]; c19:bw=67,experts=[0,1,2,5,6,7]; c26:bw=22,experts=[0,7]; c23:bw=42,experts=[0,1,2,7]; c8:bw=55,experts=[0,1,2,3,7]; c20:bw=52,experts=[0,1,5,6,7]; c7:bw=36,experts=[1,2,3]; c27:bw=10,experts=[0]; c17:bw=10,experts=[6]; c0:bw=36,experts=[0,1,2]; c1:bw=56,experts=[0,4,5,6,7]; c13:bw=53,experts=[2,3,4,5,6]; c18:bw=16,experts=[6]; c25:bw=32,experts=[0,1,7]; c9:bw=25,experts=[2,3]; c2:bw=49,experts=[0,1,2,3]; c6:bw=10,experts=[6]; c22:bw=37,experts=[5,6,7]; c28:bw=21,experts=[3,4]
   46 | 0.01000 |   2.4810 |   33.50% |   33.78% |    0:51.47
      bandwidth/experts | c21:bw=32,experts=[2,3,4]; c5:bw=41,experts=[0,1,2,7]; c16:bw=28,experts=[5,6]; c11:bw=38,experts=[0,6,7]; c19:bw=10,experts=[3]; c8:bw=39,experts=[4,5,6]; c17:bw=15,experts=[7]; c28:bw=11,experts=[5]; c26:bw=48,experts=[1,2,3,4]; c18:bw=44,experts=[0,1,2,7]; c12:bw=53,experts=[0,1,2,6,7]; c0:bw=55,experts=[3,4,5,6,7]; c29:bw=10,experts=[2]; c9:bw=37,experts=[4,5,6]; c6:bw=39,experts=[0,1,7]; c27:bw=22,experts=[1,2]; c20:bw=50,experts=[2,3,4,5,6]; c22:bw=31,experts=[0,1,2]; c4:bw=64,experts=[0,1,4,5,6,7]; c3:bw=27,experts=[3,4]; c15:bw=14,experts=[0]; c10:bw=59,experts=[2,3,4,5,6]; c24:bw=30,experts=[4,5,6]; c25:bw=20,experts=[2,3]; c13:bw=50,experts=[0,1,2,3,7]; c23:bw=37,experts=[3,4,5]; c2:bw=57,experts=[0,4,5,6,7]; c1:bw=41,experts=[1,2,3,4]; c7:bw=28,experts=[4,5]; c14:bw=39,experts=[0,1,2]
   47 | 0.01000 |   2.5398 |   32.90% |   33.78% |    0:51.47
      bandwidth/experts | c16:bw=68,experts=[0,1,2,3,4,7]; c13:bw=33,experts=[4,5,6]; c28:bw=34,experts=[0,6,7]; c6:bw=22,experts=[2,3]; c12:bw=15,experts=[3]; c25:bw=23,experts=[4,5]; c15:bw=42,experts=[1,2,3,4]; c29:bw=11,experts=[3]; c7:bw=53,experts=[0,1,2,6,7]; c17:bw=20,experts=[0,1]; c24:bw=40,experts=[0,1,2,7]; c3:bw=70,experts=[0,1,2,3,5,6,7]; c22:bw=63,experts=[0,3,4,5,6,7]; c21:bw=45,experts=[0,5,6,7]; c18:bw=10,experts=[3]; c23:bw=10,experts=[6]; c8:bw=39,experts=[0,1,7]; c5:bw=52,experts=[3,4,5,6,7]; c20:bw=53,experts=[0,1,2,3,7]; c27:bw=48,experts=[3,4,5,6]; c26:bw=10,experts=[5]; c11:bw=39,experts=[1,2,3]; c2:bw=54,experts=[1,2,3,4,5]; c1:bw=30,experts=[5,6,7]; c9:bw=17,experts=[7]; c10:bw=51,experts=[0,1,2,3,7]; c19:bw=28,experts=[4,5]; c4:bw=10,experts=[2]; c14:bw=24,experts=[3,4]; c0:bw=46,experts=[0,1,2,3]
   48 | 0.01000 |   2.3971 |   36.32% |   36.32% |    0:51.54
      bandwidth/experts | c27:bw=61,experts=[0,1,2,3,4,7]; c2:bw=57,experts=[0,1,2,6,7]; c19:bw=45,experts=[0,1,6,7]; c0:bw=16,experts=[4]; c26:bw=34,experts=[0,6,7]; c23:bw=49,experts=[0,1,2,7]; c14:bw=10,experts=[5]; c11:bw=32,experts=[4,5,6]; c5:bw=55,experts=[0,1,2,3,4]; c4:bw=67,experts=[0,3,4,5,6,7]; c20:bw=53,experts=[0,4,5,6,7]; c22:bw=35,experts=[1,2,3]; c28:bw=10,experts=[1]; c21:bw=44,experts=[1,2,3,4]; c15:bw=64,experts=[0,1,2,5,6,7]; c9:bw=52,experts=[0,1,2,3,4]; c3:bw=18,experts=[4]; c25:bw=17,experts=[6]; c10:bw=12,experts=[4]; c24:bw=59,experts=[3,4,5,6,7]; c6:bw=45,experts=[4,5,6,7]; c12:bw=31,experts=[4,5,6]; c1:bw=50,experts=[0,1,2,3,4]; c7:bw=62,experts=[0,3,4,5,6,7]; c8:bw=50,experts=[2,3,4,5,6]; c13:bw=50,experts=[0,1,2,3,7]; c29:bw=49,experts=[4,5,6,7]; c18:bw=62,experts=[0,1,4,5,6,7]; c17:bw=38,experts=[2,3,4]; c16:bw=10,experts=[5]
   49 | 0.01000 |   2.5052 |   32.80% |   36.32% |    0:51.60
      bandwidth/experts | c2:bw=58,experts=[3,4,5,6,7]; c10:bw=64,experts=[0,1,2,5,6,7]; c14:bw=58,experts=[0,1,2,6,7]; c18:bw=32,experts=[2,3,4]; c15:bw=42,experts=[3,4,5,6]; c17:bw=30,experts=[5,6,7]; c19:bw=10,experts=[2]; c3:bw=32,experts=[5,6,7]; c13:bw=39,experts=[4,5,6]; c29:bw=16,experts=[0]; c0:bw=20,experts=[5,6]; c21:bw=10,experts=[5]; c6:bw=13,experts=[0]; c28:bw=48,experts=[2,3,4,5]; c8:bw=26,experts=[0,7]; c12:bw=37,experts=[0,1,7]; c27:bw=41,experts=[0,5,6,7]; c1:bw=54,experts=[0,1,5,6,7]; c7:bw=44,experts=[1,2,3,4]; c26:bw=17,experts=[1]; c23:bw=10,experts=[3]; c9:bw=53,experts=[0,1,5,6,7]; c20:bw=16,experts=[1]; c22:bw=29,experts=[4,5]; c11:bw=38,experts=[0,1,7]; c25:bw=58,experts=[0,1,2,3,7]; c5:bw=56,experts=[0,1,5,6,7]; c24:bw=21,experts=[0,1]; c4:bw=48,experts=[1,2,3,4]; c16:bw=30,experts=[0,6,7]
   50 | 0.01000 |   2.4054 |   35.57% |   36.32% |    0:51.69
      bandwidth/experts | c8:bw=32,experts=[1,2,3]; c13:bw=37,experts=[0,1,7]; c9:bw=27,experts=[2,3]; c19:bw=43,experts=[3,4,5,6]; c21:bw=17,experts=[6]; c24:bw=43,experts=[2,3,4,5]; c14:bw=23,experts=[3,4]; c29:bw=62,experts=[1,2,3,4,5,6]; c12:bw=34,experts=[2,3,4]; c4:bw=10,experts=[5]; c11:bw=57,experts=[2,3,4,5,6]; c15:bw=31,experts=[0,1,7]; c17:bw=33,experts=[0,1,2]; c25:bw=32,experts=[4,5,6]; c1:bw=64,experts=[2,3,4,5,6,7]; c5:bw=31,experts=[2,3,4]; c2:bw=63,experts=[0,1,2,3,4,5]; c22:bw=16,experts=[6]; c6:bw=68,experts=[1,2,3,4,5,6]; c16:bw=27,experts=[1,2]; c26:bw=56,experts=[2,3,4,5,6]; c23:bw=41,experts=[4,5,6,7]; c7:bw=34,experts=[5,6,7]; c10:bw=23,experts=[3,4]; c27:bw=57,experts=[1,2,3,4,5]; c28:bw=35,experts=[0,6,7]; c3:bw=39,experts=[0,1,2]; c20:bw=46,experts=[2,3,4,5]; c18:bw=44,experts=[0,5,6,7]; c0:bw=29,experts=[0,7]
   51 | 0.01000 |   2.4477 |   34.34% |   36.32% |    0:51.35
      bandwidth/experts | c17:bw=43,experts=[3,4,5,6]; c11:bw=60,experts=[0,1,2,3,4,7]; c14:bw=30,experts=[5,6,7]; c5:bw=47,experts=[0,5,6,7]; c3:bw=55,experts=[3,4,5,6,7]; c4:bw=11,experts=[6]; c22:bw=22,experts=[0,7]; c13:bw=40,experts=[2,3,4,5]; c2:bw=20,experts=[6,7]; c6:bw=52,experts=[0,1,2,3,7]; c15:bw=57,experts=[2,3,4,5,6]; c9:bw=18,experts=[4]; c18:bw=37,experts=[1,2,3]; c25:bw=53,experts=[0,1,2,3,7]; c27:bw=10,experts=[6]; c19:bw=10,experts=[7]; c0:bw=53,experts=[1,2,3,4,5]; c28:bw=51,experts=[1,2,3,4,5]; c7:bw=27,experts=[0,1]; c21:bw=14,experts=[7]; c23:bw=38,experts=[0,1,2]; c20:bw=30,experts=[0,6,7]; c24:bw=54,experts=[0,1,2,6,7]; c8:bw=46,experts=[4,5,6,7]; c1:bw=21,experts=[0,1]; c29:bw=44,experts=[0,1,2,7]; c12:bw=43,experts=[0,5,6,7]; c26:bw=31,experts=[0,1,7]; c16:bw=30,experts=[3,4,5]; c10:bw=37,experts=[5,6,7]
   52 | 0.01000 |   2.4632 |   33.13% |   36.32% |    0:51.75
      bandwidth/experts | c21:bw=45,experts=[0,1,2,3]; c12:bw=10,experts=[1]; c26:bw=52,experts=[2,3,4,5,6]; c2:bw=29,experts=[0,1]; c3:bw=43,experts=[0,1,2,3]; c8:bw=18,experts=[0]; c28:bw=35,experts=[0,6,7]; c13:bw=23,experts=[6,7]; c20:bw=10,experts=[1]; c10:bw=31,experts=[0,1,2]; c29:bw=43,experts=[3,4,5,6]; c17:bw=19,experts=[7]; c6:bw=51,experts=[0,4,5,6,7]; c0:bw=46,experts=[0,1,6,7]; c25:bw=62,experts=[0,1,4,5,6,7]; c19:bw=46,experts=[0,1,2,3]; c7:bw=34,experts=[2,3,4]; c15:bw=31,experts=[0,1,7]; c24:bw=35,experts=[3,4,5]; c14:bw=42,experts=[0,1,2,3]; c22:bw=21,experts=[1,2]; c9:bw=31,experts=[5,6,7]; c23:bw=10,experts=[3]; c16:bw=59,experts=[0,1,2,6,7]; c27:bw=40,experts=[0,1,2,7]; c4:bw=33,experts=[0,1,7]; c18:bw=49,experts=[4,5,6,7]; c11:bw=60,experts=[0,1,2,5,6,7]; c1:bw=40,experts=[2,3,4,5]; c5:bw=24,experts=[1,2]
   53 | 0.01000 |   2.3512 |   38.66% |   38.66% |    0:51.33
      bandwidth/experts | c27:bw=58,experts=[3,4,5,6,7]; c4:bw=28,experts=[2,3]; c0:bw=39,experts=[2,3,4]; c5:bw=44,experts=[3,4,5,6]; c22:bw=10,experts=[3]; c18:bw=17,experts=[0]; c28:bw=66,experts=[1,2,3,4,5,6]; c24:bw=37,experts=[0,6,7]; c11:bw=11,experts=[3]; c3:bw=47,experts=[4,5,6,7]; c19:bw=10,experts=[4]; c17:bw=28,experts=[0,1]; c10:bw=52,experts=[3,4,5,6,7]; c1:bw=59,experts=[0,1,2,6,7]; c7:bw=44,experts=[0,5,6,7]; c2:bw=51,experts=[2,3,4,5,6]; c29:bw=46,experts=[0,1,2,7]; c21:bw=37,experts=[4,5,6]; c26:bw=39,experts=[0,1,7]; c13:bw=10,experts=[0]; c23:bw=10,experts=[4]; c20:bw=62,experts=[2,3,4,5,6,7]; c16:bw=44,experts=[3,4,5,6]; c6:bw=36,experts=[1,2,3]; c15:bw=27,experts=[2,3]; c9:bw=61,experts=[0,1,2,3,4,5]; c14:bw=34,experts=[4,5,6]; c25:bw=44,experts=[2,3,4,5]; c12:bw=45,experts=[2,3,4,5]; c8:bw=22,experts=[1,2]
   54 | 0.01000 |   2.3597 |   39.12% |   39.12% |    0:51.37
      bandwidth/experts | c17:bw=27,experts=[2,3]; c22:bw=16,experts=[4]; c21:bw=71,experts=[0,1,2,3,4,5,7]; c29:bw=44,experts=[3,4,5,6]; c18:bw=33,experts=[1,2,3]; c13:bw=55,experts=[1,2,3,4,5]; c24:bw=80,experts=[0,1,2,3,4,5,6,7]; c19:bw=21,experts=[5,6]; c20:bw=52,experts=[0,1,2,3,4]; c9:bw=50,experts=[0,1,2,6,7]; c0:bw=37,experts=[5,6,7]; c25:bw=57,experts=[0,1,2,6,7]; c15:bw=32,experts=[4,5,6]; c8:bw=55,experts=[3,4,5,6,7]; c5:bw=10,experts=[7]; c26:bw=37,experts=[2,3,4]; c3:bw=30,experts=[0,1,2]; c16:bw=10,experts=[7]; c14:bw=33,experts=[0,1,7]; c6:bw=54,experts=[0,4,5,6,7]; c27:bw=46,experts=[0,1,2,3]; c7:bw=61,experts=[1,2,3,4,5,6]; c10:bw=10,experts=[0]; c4:bw=32,experts=[4,5,6]; c28:bw=48,experts=[0,1,2,7]; c1:bw=53,experts=[3,4,5,6,7]; c12:bw=74,experts=[0,1,2,3,4,6,7]; c11:bw=58,experts=[0,4,5,6,7]; c2:bw=10,experts=[7]; c23:bw=40,experts=[0,5,6,7]
   55 | 0.01000 |   2.3393 |   39.01% |   39.12% |    0:51.65
      bandwidth/experts | c22:bw=47,experts=[0,5,6,7]; c27:bw=27,experts=[4,5]; c7:bw=54,experts=[0,1,2,3,7]; c28:bw=57,experts=[3,4,5,6,7]; c1:bw=60,experts=[0,1,2,3,4,5]; c23:bw=10,experts=[1]; c5:bw=53,experts=[0,1,2,3,4]; c18:bw=70,experts=[0,1,2,4,5,6,7]; c26:bw=33,experts=[5,6,7]; c10:bw=57,experts=[1,2,3,4,5]; c0:bw=27,experts=[0,1]; c4:bw=14,experts=[7]; c3:bw=52,experts=[3,4,5,6,7]; c25:bw=26,experts=[3,4]; c8:bw=14,experts=[0]; c24:bw=16,experts=[1]; c9:bw=62,experts=[0,3,4,5,6,7]; c14:bw=33,experts=[2,3,4]; c21:bw=10,experts=[6]; c15:bw=30,experts=[0,1,7]; c11:bw=40,experts=[1,2,3,4]; c20:bw=35,experts=[5,6,7]; c16:bw=57,experts=[0,1,2,3,4]; c19:bw=60,experts=[0,1,2,3,4,7]; c13:bw=24,experts=[6,7]; c6:bw=42,experts=[1,2,3,4]; c2:bw=41,experts=[0,1,2,3]; c17:bw=39,experts=[4,5,6]; c29:bw=26,experts=[0,7]; c12:bw=62,experts=[0,1,2,5,6,7]
   56 | 0.01000 |   2.3488 |   38.44% |   39.12% |    0:51.30
      bandwidth/experts | c9:bw=52,experts=[1,2,3,4,5]; c25:bw=37,experts=[5,6,7]; c26:bw=37,experts=[0,1,2]; c28:bw=24,experts=[0,1]; c2:bw=53,experts=[0,4,5,6,7]; c27:bw=43,experts=[0,1,6,7]; c19:bw=10,experts=[5]; c12:bw=38,experts=[3,4,5]; c22:bw=29,experts=[1,2]; c1:bw=56,experts=[0,1,2,6,7]; c21:bw=49,experts=[0,1,2,7]; c7:bw=18,experts=[4]; c6:bw=23,experts=[5,6]; c5:bw=31,experts=[5,6,7]; c18:bw=54,experts=[3,4,5,6,7]; c10:bw=20,experts=[6,7]; c17:bw=10,experts=[7]; c29:bw=53,experts=[1,2,3,4,5]; c11:bw=26,experts=[5,6]; c3:bw=10,experts=[0]; c16:bw=42,experts=[0,5,6,7]; c23:bw=41,experts=[2,3,4,5]; c8:bw=13,experts=[1]; c14:bw=42,experts=[0,5,6,7]; c13:bw=18,experts=[0]; c20:bw=52,experts=[0,1,2,3,4]; c0:bw=70,experts=[0,2,3,4,5,6,7]; c15:bw=35,experts=[2,3,4]; c24:bw=33,experts=[2,3,4]; c4:bw=10,experts=[0]
   57 | 0.01000 |   2.3422 |   36.99% |   39.12% |    0:51.37
      bandwidth/experts | c11:bw=26,experts=[0,7]; c7:bw=69,experts=[0,1,2,5,6,7]; c24:bw=44,experts=[0,5,6,7]; c15:bw=36,experts=[5,6,7]; c25:bw=42,experts=[0,1,2,3]; c22:bw=39,experts=[3,4,5]; c23:bw=45,experts=[0,1,6,7]; c28:bw=19,experts=[2]; c26:bw=26,experts=[3,4]; c3:bw=64,experts=[1,2,3,4,5,6]; c19:bw=44,experts=[0,1,6,7]; c29:bw=67,experts=[0,1,2,3,6,7]; c0:bw=70,experts=[1,2,3,4,5,6,7]; c6:bw=48,experts=[0,1,2,7]; c14:bw=36,experts=[1,2,3]; c27:bw=10,experts=[2]; c17:bw=52,experts=[0,1,2,3,4]; c4:bw=41,experts=[1,2,3,4]; c5:bw=44,experts=[0,1,2,3]; c2:bw=33,experts=[1,2,3]; c16:bw=33,experts=[1,2,3]; c8:bw=43,experts=[2,3,4,5]; c1:bw=49,experts=[3,4,5,6]; c10:bw=58,experts=[0,1,2,3,4]; c9:bw=19,experts=[6]; c13:bw=31,experts=[1,2,3]; c12:bw=17,experts=[6]; c18:bw=44,experts=[0,1,2,3]; c20:bw=56,experts=[0,1,5,6,7]; c21:bw=32,experts=[3,4,5]
   58 | 0.01000 |   2.2918 |   40.50% |   40.50% |    0:51.59
      bandwidth/experts | c25:bw=39,experts=[4,5,6]; c6:bw=55,experts=[3,4,5,6,7]; c18:bw=50,experts=[0,4,5,6,7]; c9:bw=57,experts=[0,1,2,3,7]; c0:bw=47,experts=[0,1,2,3]; c22:bw=61,experts=[0,1,2,3,6,7]; c20:bw=53,experts=[2,3,4,5,6]; c17:bw=12,experts=[5]; c24:bw=10,experts=[1]; c19:bw=43,experts=[2,3,4,5]; c15:bw=38,experts=[0,1,2]; c11:bw=47,experts=[1,2,3,4]; c29:bw=38,experts=[4,5,6]; c26:bw=34,experts=[5,6,7]; c7:bw=24,experts=[3,4]; c21:bw=73,experts=[0,1,2,3,4,6,7]; c10:bw=43,experts=[0,5,6,7]; c1:bw=30,experts=[0,1,7]; c4:bw=38,experts=[5,6,7]; c13:bw=40,experts=[4,5,6,7]; c3:bw=61,experts=[0,1,2,3,4,7]; c8:bw=40,experts=[0,1,6,7]; c14:bw=22,experts=[4,5]; c28:bw=10,experts=[3]; c12:bw=29,experts=[0,7]; c5:bw=35,experts=[4,5,6]; c27:bw=36,experts=[3,4,5]; c2:bw=10,experts=[4]; c23:bw=30,experts=[2,3,4]; c16:bw=42,experts=[4,5,6,7]
   59 | 0.01000 |   2.3336 |   38.97% |   40.50% |    0:51.49
      bandwidth/experts | c19:bw=14,experts=[6]; c6:bw=19,experts=[0]; c3:bw=35,experts=[5,6,7]; c13:bw=13,experts=[0]; c25:bw=57,experts=[0,1,2,3,7]; c8:bw=56,experts=[2,3,4,5,6]; c20:bw=68,experts=[0,1,2,3,4,7]; c29:bw=55,experts=[0,1,2,3,7]; c9:bw=28,experts=[4,5]; c2:bw=37,experts=[5,6,7]; c28:bw=19,experts=[4]; c27:bw=34,experts=[0,6,7]; c0:bw=52,experts=[0,4,5,6,7]; c16:bw=23,experts=[0,1]; c18:bw=10,experts=[1]; c11:bw=34,experts=[5,6,7]; c12:bw=47,experts=[1,2,3,4]; c21:bw=29,experts=[5,6]; c22:bw=43,experts=[4,5,6,7]; c24:bw=36,experts=[2,3,4]; c17:bw=55,experts=[0,1,2,6,7]; c15:bw=50,experts=[3,4,5,6,7]; c4:bw=26,experts=[0,1]; c7:bw=28,experts=[5,6]; c5:bw=32,experts=[0,1,7]; c14:bw=40,experts=[0,1,6,7]; c23:bw=36,experts=[5,6,7]; c1:bw=65,experts=[2,3,4,5,6,7]; c26:bw=43,experts=[0,1,2,3]; c10:bw=26,experts=[1,2]
   60 | 0.01000 |   2.2841 |   40.28% |   40.50% |    0:51.59
      bandwidth/experts | c14:bw=42,experts=[2,3,4,5]; c25:bw=45,experts=[4,5,6,7]; c11:bw=40,experts=[0,1,2,3]; c26:bw=41,experts=[4,5,6,7]; c28:bw=35,experts=[5,6,7]; c1:bw=54,experts=[0,1,2,3,4]; c13:bw=59,experts=[1,2,3,4,5]; c17:bw=39,experts=[3,4,5]; c24:bw=26,experts=[5,6]; c16:bw=63,experts=[2,3,4,5,6,7]; c2:bw=30,experts=[0,1,2]; c29:bw=30,experts=[4,5,6]; c19:bw=60,experts=[0,1,2,3,4,7]; c20:bw=78,experts=[0,1,2,3,5,6,7]; c21:bw=37,experts=[0,1,7]; c4:bw=30,experts=[2,3,4]; c6:bw=59,experts=[1,2,3,4,5]; c5:bw=33,experts=[2,3,4]; c3:bw=44,experts=[0,1,2,3]; c9:bw=10,experts=[6]; c22:bw=45,experts=[0,1,2,3]; c10:bw=10,experts=[3]; c12:bw=16,experts=[5]; c8:bw=24,experts=[0,7]; c27:bw=27,experts=[1,2]; c0:bw=53,experts=[1,2,3,4,5]; c7:bw=48,experts=[0,1,2,7]; c15:bw=51,experts=[0,1,2,3,4]; c18:bw=26,experts=[2,3]; c23:bw=55,experts=[0,1,2,3,4]
   61 | 0.01000 |   2.2691 |   41.04% |   41.04% |    0:51.63
      bandwidth/experts | c0:bw=60,experts=[0,1,2,3,6,7]; c14:bw=38,experts=[0,6,7]; c29:bw=13,experts=[7]; c20:bw=58,experts=[0,4,5,6,7]; c18:bw=50,experts=[0,4,5,6,7]; c3:bw=43,experts=[4,5,6,7]; c21:bw=59,experts=[2,3,4,5,6]; c10:bw=11,experts=[4]; c4:bw=38,experts=[5,6,7]; c19:bw=52,experts=[0,1,5,6,7]; c22:bw=12,experts=[4]; c9:bw=38,experts=[0,1,7]; c27:bw=50,experts=[3,4,5,6,7]; c24:bw=39,experts=[0,1,7]; c17:bw=46,experts=[0,1,6,7]; c5:bw=49,experts=[0,5,6,7]; c15:bw=16,experts=[5]; c2:bw=29,experts=[3,4]; c25:bw=59,experts=[0,1,2,3,4]; c26:bw=17,experts=[0]; c7:bw=43,experts=[3,4,5,6]; c23:bw=28,experts=[5,6]; c8:bw=55,experts=[1,2,3,4,5]; c16:bw=38,experts=[0,1,2]; c13:bw=34,experts=[0,6,7]; c12:bw=27,experts=[6,7]; c1:bw=33,experts=[5,6,7]; c6:bw=37,experts=[0,6,7]; c11:bw=39,experts=[4,5,6]; c28:bw=19,experts=[0]
   62 | 0.01000 |   2.2846 |   38.77% |   41.04% |    0:51.63
      bandwidth/experts | c24:bw=37,experts=[2,3,4]; c12:bw=11,experts=[0]; c4:bw=60,experts=[0,1,2,3,4,5]; c1:bw=75,experts=[0,1,2,3,4,5,6]; c8:bw=13,experts=[6]; c18:bw=26,experts=[1,2]; c7:bw=44,experts=[0,1,2,7]; c19:bw=42,experts=[2,3,4,5]; c5:bw=67,experts=[1,2,3,4,5,6]; c22:bw=13,experts=[5]; c6:bw=62,experts=[1,2,3,4,5,6]; c25:bw=65,experts=[0,1,2,5,6,7]; c15:bw=46,experts=[0,1,6,7]; c2:bw=42,experts=[0,5,6,7]; c10:bw=21,experts=[5,6]; c3:bw=53,experts=[0,1,2,3,4]; c27:bw=36,experts=[0,1,2]; c14:bw=14,experts=[1]; c13:bw=30,experts=[1,2,3]; c20:bw=31,experts=[1,2,3]; c17:bw=19,experts=[2]; c23:bw=44,experts=[0,1,2,7]; c0:bw=28,experts=[4,5]; c29:bw=52,experts=[0,1,2,3,4]; c9:bw=16,experts=[2]; c28:bw=46,experts=[1,2,3,4]; c21:bw=33,experts=[0,1,7]; c11:bw=36,experts=[0,1,7]; c16:bw=26,experts=[3,4]; c26:bw=49,experts=[1,2,3,4]
   63 | 0.01000 |   2.2148 |   40.76% |   41.04% |    0:51.48
      bandwidth/experts | c9:bw=21,experts=[3,4]; c23:bw=26,experts=[3,4]; c17:bw=37,experts=[3,4,5]; c18:bw=47,experts=[3,4,5,6]; c15:bw=61,experts=[2,3,4,5,6,7]; c11:bw=45,experts=[2,3,4,5]; c22:bw=80,experts=[0,1,2,3,4,5,6,7]; c21:bw=31,experts=[2,3,4]; c4:bw=52,experts=[0,1,2,6,7]; c7:bw=68,experts=[0,3,4,5,6,7]; c0:bw=41,experts=[0,1,6,7]; c24:bw=33,experts=[5,6,7]; c25:bw=61,experts=[0,3,4,5,6,7]; c19:bw=34,experts=[0,6,7]; c5:bw=10,experts=[7]; c26:bw=44,experts=[0,5,6,7]; c28:bw=38,experts=[5,6,7]; c20:bw=51,experts=[0,4,5,6,7]; c27:bw=34,experts=[3,4,5]; c10:bw=27,experts=[0,7]; c14:bw=41,experts=[2,3,4,5]; c6:bw=34,experts=[0,1,7]; c8:bw=32,experts=[0,1,7]; c12:bw=51,experts=[1,2,3,4,5]; c2:bw=28,experts=[1,2]; c16:bw=58,experts=[0,1,5,6,7]; c3:bw=52,experts=[0,1,5,6,7]; c29:bw=10,experts=[5]; c13:bw=58,experts=[0,4,5,6,7]; c1:bw=50,experts=[0,1,2,3,7]
   64 | 0.01000 |   2.2626 |   38.56% |   41.04% |    0:51.50
      bandwidth/experts | c9:bw=59,experts=[0,1,5,6,7]; c18:bw=37,experts=[0,1,7]; c12:bw=27,experts=[6,7]; c3:bw=38,experts=[2,3,4]; c22:bw=58,experts=[0,1,2,6,7]; c24:bw=12,experts=[0]; c21:bw=47,experts=[0,5,6,7]; c6:bw=50,experts=[2,3,4,5,6]; c13:bw=42,experts=[1,2,3,4]; c29:bw=19,experts=[6]; c27:bw=25,experts=[6,7]; c8:bw=53,experts=[2,3,4,5,6]; c20:bw=39,experts=[1,2,3]; c7:bw=34,experts=[1,2,3]; c10:bw=49,experts=[1,2,3,4]; c15:bw=59,experts=[0,1,2,3,4]; c19:bw=10,experts=[1]; c23:bw=55,experts=[0,1,5,6,7]; c17:bw=10,experts=[6]; c11:bw=57,experts=[0,1,2,6,7]; c16:bw=16,experts=[2]; c28:bw=15,experts=[0]; c1:bw=28,experts=[4,5]; c14:bw=46,experts=[0,1,6,7]; c5:bw=24,experts=[0,1]; c25:bw=66,experts=[1,2,3,4,5,6]; c0:bw=32,experts=[2,3,4]; c26:bw=26,experts=[1,2]; c2:bw=56,experts=[3,4,5,6,7]; c4:bw=38,experts=[3,4,5]
   65 | 0.01000 |   2.2513 |   40.32% |   41.04% |    0:51.10
      bandwidth/experts | c26:bw=29,experts=[3,4]; c7:bw=10,experts=[4]; c10:bw=26,experts=[5,6]; c18:bw=18,experts=[2]; c0:bw=41,experts=[0,5,6,7]; c27:bw=30,experts=[0,1,2]; c24:bw=55,experts=[1,2,3,4,5]; c1:bw=58,experts=[0,1,2,6,7]; c9:bw=47,experts=[2,3,4,5]; c4:bw=57,experts=[0,1,2,6,7]; c12:bw=44,experts=[0,1,2,3]; c21:bw=42,experts=[1,2,3,4]; c17:bw=26,experts=[0,7]; c15:bw=38,experts=[5,6,7]; c5:bw=29,experts=[2,3]; c8:bw=66,experts=[0,1,2,3,4,7]; c3:bw=42,experts=[0,5,6,7]; c29:bw=10,experts=[7]; c16:bw=45,experts=[3,4,5,6]; c6:bw=50,experts=[0,1,2,3,7]; c22:bw=51,experts=[3,4,5,6,7]; c14:bw=45,experts=[2,3,4,5]; c13:bw=48,experts=[0,5,6,7]; c19:bw=28,experts=[2,3]; c2:bw=28,experts=[0,1]; c25:bw=64,experts=[0,1,2,3,4,7]; c23:bw=10,experts=[2]; c20:bw=35,experts=[4,5,6]; c11:bw=10,experts=[3]; c28:bw=31,experts=[1,2,3]
   66 | 0.01000 |   2.2282 |   42.26% |   42.26% |    0:51.38
      bandwidth/experts | c15:bw=50,experts=[0,1,2,3,4]; c2:bw=41,experts=[2,3,4,5]; c4:bw=41,experts=[3,4,5,6]; c6:bw=30,experts=[4,5,6]; c9:bw=31,experts=[0,6,7]; c18:bw=24,experts=[3,4]; c1:bw=54,experts=[3,4,5,6,7]; c26:bw=54,experts=[0,1,5,6,7]; c19:bw=56,experts=[0,4,5,6,7]; c22:bw=69,experts=[0,1,2,3,4,5]; c3:bw=66,experts=[1,2,3,4,5,6]; c23:bw=14,experts=[3]; c21:bw=41,experts=[0,5,6,7]; c27:bw=42,experts=[3,4,5,6]; c28:bw=68,experts=[0,1,4,5,6,7]; c11:bw=10,experts=[4]; c16:bw=59,experts=[0,1,2,3,7]; c20:bw=52,experts=[0,1,2,3,7]; c24:bw=30,experts=[0,6,7]; c7:bw=50,experts=[0,1,5,6,7]; c8:bw=24,experts=[5,6]; c25:bw=30,experts=[5,6,7]; c0:bw=38,experts=[1,2,3]; c12:bw=42,experts=[4,5,6,7]; c10:bw=46,experts=[0,1,2,7]; c5:bw=17,experts=[4]; c14:bw=23,experts=[6,7]; c13:bw=32,experts=[1,2,3]; c17:bw=35,experts=[1,2,3]; c29:bw=31,experts=[0,1,2]
   67 | 0.01000 |   2.1947 |   42.25% |   42.26% |    0:51.44
      bandwidth/experts | c4:bw=51,experts=[0,1,2,3,7]; c15:bw=49,experts=[0,5,6,7]; c3:bw=25,experts=[0,7]; c16:bw=53,experts=[0,4,5,6,7]; c18:bw=31,experts=[5,6,7]; c25:bw=51,experts=[0,1,2,3,4]; c29:bw=25,experts=[3,4]; c26:bw=31,experts=[2,3,4]; c24:bw=44,experts=[1,2,3,4]; c2:bw=43,experts=[0,1,6,7]; c10:bw=36,experts=[3,4,5]; c7:bw=59,experts=[2,3,4,5,6]; c27:bw=59,experts=[0,1,2,3,7]; c11:bw=43,experts=[0,5,6,7]; c20:bw=27,experts=[4,5]; c9:bw=60,experts=[1,2,3,4,5,6]; c22:bw=47,experts=[0,1,6,7]; c14:bw=18,experts=[0]; c17:bw=48,experts=[4,5,6,7]; c13:bw=39,experts=[4,5,6]; c23:bw=53,experts=[0,4,5,6,7]; c5:bw=48,experts=[0,5,6,7]; c1:bw=36,experts=[0,1,2]; c6:bw=53,experts=[0,1,2,3,7]; c21:bw=53,experts=[1,2,3,4,5]; c19:bw=14,experts=[1]; c28:bw=10,experts=[2]; c0:bw=32,experts=[4,5,6]; c12:bw=44,experts=[0,1,2,3]; c8:bw=10,experts=[7]
   68 | 0.01000 |   2.2005 |   43.46% |   43.46% |    0:51.44
      bandwidth/experts | c27:bw=48,experts=[4,5,6,7]; c22:bw=15,experts=[2]; c0:bw=30,experts=[0,1,7]; c7:bw=28,experts=[0,7]; c4:bw=49,experts=[4,5,6,7]; c21:bw=29,experts=[6,7]; c16:bw=54,experts=[1,2,3,4,5]; c12:bw=67,experts=[0,1,4,5,6,7]; c17:bw=72,experts=[0,1,2,3,4,5,6]; c23:bw=46,experts=[1,2,3,4]; c18:bw=54,experts=[0,1,2,3,4]; c25:bw=47,experts=[0,5,6,7]; c11:bw=14,experts=[1]; c20:bw=38,experts=[0,6,7]; c1:bw=42,experts=[3,4,5,6]; c24:bw=32,experts=[5,6,7]; c13:bw=35,experts=[0,1,7]; c9:bw=15,experts=[7]; c8:bw=31,experts=[0,1,2]; c2:bw=58,experts=[2,3,4,5,6]; c5:bw=45,experts=[1,2,3,4]; c3:bw=26,experts=[1,2]; c15:bw=28,experts=[1,2]; c28:bw=40,experts=[3,4,5,6]; c10:bw=31,experts=[0,6,7]; c6:bw=32,experts=[4,5,6]; c26:bw=40,experts=[0,5,6,7]; c14:bw=10,experts=[1]; c19:bw=28,experts=[2,3]; c29:bw=57,experts=[0,1,5,6,7]
   69 | 0.01000 |   2.1697 |   43.56% |   43.56% |    0:51.46
      bandwidth/experts | c10:bw=16,experts=[1]; c16:bw=60,experts=[0,1,2,3,6,7]; c1:bw=31,experts=[0,1,7]; c26:bw=42,experts=[1,2,3,4]; c13:bw=67,experts=[2,3,4,5,6,7]; c19:bw=43,experts=[4,5,6,7]; c23:bw=33,experts=[5,6,7]; c3:bw=41,experts=[3,4,5,6]; c7:bw=58,experts=[1,2,3,4,5]; c29:bw=34,experts=[2,3,4]; c14:bw=37,experts=[2,3,4]; c6:bw=26,experts=[0,7]; c0:bw=52,experts=[2,3,4,5,6]; c24:bw=53,experts=[0,1,2,3,4]; c15:bw=20,experts=[3,4]; c12:bw=10,experts=[2]; c28:bw=58,experts=[0,1,2,3,7]; c9:bw=35,experts=[0,1,2]; c2:bw=66,experts=[0,1,2,3,4,7]; c8:bw=42,experts=[3,4,5,6]; c4:bw=41,experts=[0,1,2,3]; c21:bw=58,experts=[0,1,2,3,4]; c27:bw=46,experts=[0,1,2,3]; c25:bw=31,experts=[1,2,3]; c5:bw=39,experts=[5,6,7]; c17:bw=48,experts=[0,1,2,7]; c11:bw=45,experts=[2,3,4,5]; c18:bw=10,experts=[5]; c22:bw=44,experts=[3,4,5,6]; c20:bw=28,experts=[1,2]
   70 | 0.01000 |   2.2094 |   43.38% |   43.56% |    0:51.47
      bandwidth/experts | c10:bw=58,experts=[2,3,4,5,6]; c26:bw=27,experts=[5,6]; c25:bw=10,experts=[4]; c24:bw=10,experts=[5]; c0:bw=30,experts=[0,1,7]; c7:bw=28,experts=[6,7]; c29:bw=29,experts=[5,6]; c4:bw=58,experts=[0,4,5,6,7]; c11:bw=53,experts=[0,1,2,6,7]; c15:bw=75,experts=[0,1,2,3,5,6,7]; c13:bw=33,experts=[0,1,2]; c12:bw=40,experts=[3,4,5,6]; c2:bw=55,experts=[0,1,5,6,7]; c9:bw=10,experts=[3]; c6:bw=26,experts=[1,2]; c5:bw=23,experts=[0,1]; c22:bw=10,experts=[7]; c19:bw=37,experts=[0,1,2]; c14:bw=10,experts=[5]; c21:bw=35,experts=[5,6,7]; c28:bw=63,experts=[0,1,4,5,6,7]; c1:bw=24,experts=[2,3]; c20:bw=36,experts=[3,4,5]; c3:bw=32,experts=[0,1,7]; c8:bw=48,experts=[0,1,2,7]; c18:bw=63,experts=[0,1,2,3,6,7]; c16:bw=67,experts=[0,1,4,5,6,7]; c17:bw=41,experts=[3,4,5,6]; c23:bw=30,experts=[0,1,2]; c27:bw=24,experts=[4,5]
   71 | 0.01000 |   2.1456 |   44.02% |   44.02% |    0:51.42
      bandwidth/experts | c26:bw=45,experts=[0,1,2,7]; c20:bw=31,experts=[0,6,7]; c10:bw=69,experts=[0,1,2,3,4,7]; c25:bw=38,experts=[5,6,7]; c18:bw=45,experts=[4,5,6,7]; c16:bw=19,experts=[2]; c2:bw=61,experts=[2,3,4,5,6,7]; c0:bw=16,experts=[2]; c19:bw=54,experts=[3,4,5,6,7]; c28:bw=18,experts=[2]; c27:bw=43,experts=[0,1,6,7]; c29:bw=53,experts=[0,1,2,3,7]; c17:bw=61,experts=[0,1,2,3,4,7]; c6:bw=50,experts=[3,4,5,6,7]; c7:bw=20,experts=[0,1]; c23:bw=33,experts=[3,4,5]; c14:bw=10,experts=[6]; c8:bw=39,experts=[3,4,5]; c12:bw=43,experts=[0,1,2,7]; c5:bw=33,experts=[2,3,4]; c21:bw=30,experts=[0,1,2]; c4:bw=42,experts=[1,2,3,4]; c1:bw=52,experts=[0,4,5,6,7]; c24:bw=58,experts=[0,1,2,6,7]; c13:bw=25,experts=[3,4]; c11:bw=44,experts=[3,4,5,6]; c9:bw=40,experts=[4,5,6,7]; c22:bw=29,experts=[0,1]; c15:bw=28,experts=[4,5]; c3:bw=62,experts=[2,3,4,5,6,7]
   72 | 0.01000 |   2.1741 |   44.17% |   44.17% |    0:51.35
      bandwidth/experts | c5:bw=43,experts=[0,5,6,7]; c6:bw=19,experts=[0]; c1:bw=39,experts=[1,2,3]; c17:bw=18,experts=[5]; c20:bw=41,experts=[1,2,3,4]; c21:bw=62,experts=[0,3,4,5,6,7]; c18:bw=29,experts=[0,1]; c26:bw=44,experts=[3,4,5,6]; c24:bw=18,experts=[3]; c28:bw=23,experts=[3,4]; c27:bw=46,experts=[2,3,4,5]; c8:bw=30,experts=[0,6,7]; c25:bw=29,experts=[0,1]; c16:bw=46,experts=[3,4,5,6]; c22:bw=75,experts=[0,2,3,4,5,6,7]; c19:bw=32,experts=[0,1,2]; c15:bw=41,experts=[0,1,6,7]; c13:bw=54,experts=[0,1,5,6,7]; c2:bw=23,experts=[0,1]; c9:bw=38,experts=[0,1,2]; c10:bw=28,experts=[5,6]; c14:bw=43,experts=[0,1,2,7]; c12:bw=28,experts=[3,4]; c3:bw=23,experts=[0,1]; c23:bw=41,experts=[0,1,6,7]; c11:bw=10,experts=[7]; c7:bw=48,experts=[2,3,4,5]; c0:bw=52,experts=[3,4,5,6,7]; c29:bw=59,experts=[0,4,5,6,7]; c4:bw=39,experts=[5,6,7]
   73 | 0.01000 |   2.1563 |   43.60% |   44.17% |    0:51.32
      bandwidth/experts | c20:bw=62,experts=[0,1,2,5,6,7]; c6:bw=20,experts=[1,2]; c7:bw=37,experts=[0,6,7]; c2:bw=47,experts=[2,3,4,5]; c0:bw=28,experts=[0,1]; c9:bw=52,experts=[3,4,5,6,7]; c17:bw=17,experts=[6]; c13:bw=50,experts=[2,3,4,5,6]; c22:bw=24,experts=[1,2]; c8:bw=11,experts=[1]; c15:bw=47,experts=[2,3,4,5]; c1:bw=66,experts=[0,1,4,5,6,7]; c3:bw=40,experts=[2,3,4,5]; c12:bw=37,experts=[5,6,7]; c29:bw=13,experts=[1]; c19:bw=10,experts=[3]; c5:bw=17,experts=[1]; c18:bw=34,experts=[2,3,4]; c25:bw=24,experts=[2,3]; c23:bw=33,experts=[2,3,4]; c21:bw=29,experts=[1,2]; c16:bw=61,experts=[0,1,2,3,4,7]; c28:bw=33,experts=[5,6,7]; c11:bw=46,experts=[0,1,2,3]; c26:bw=10,experts=[7]; c14:bw=16,experts=[3]; c4:bw=41,experts=[0,1,2,3]; c10:bw=42,experts=[0,1,2,7]; c24:bw=66,experts=[0,1,4,5,6,7]; c27:bw=48,experts=[0,1,6,7]
   74 | 0.01000 |   2.1552 |   45.01% |   45.01% |    0:51.37
      bandwidth/experts | c25:bw=59,experts=[0,4,5,6,7]; c2:bw=10,experts=[6]; c28:bw=16,experts=[0]; c22:bw=45,experts=[3,4,5,6]; c27:bw=20,experts=[2,3]; c23:bw=46,experts=[0,5,6,7]; c5:bw=50,experts=[2,3,4,5,6]; c3:bw=10,experts=[6]; c21:bw=66,experts=[0,3,4,5,6,7]; c14:bw=32,experts=[4,5,6]; c7:bw=65,experts=[1,2,3,4,5,6]; c6:bw=10,experts=[3]; c15:bw=50,experts=[0,1,2,6,7]; c12:bw=10,experts=[0]; c24:bw=16,experts=[2]; c8:bw=28,experts=[2,3]; c1:bw=28,experts=[2,3]; c10:bw=25,experts=[3,4]; c17:bw=62,experts=[0,1,2,3,4,7]; c19:bw=20,experts=[4,5]; c9:bw=32,experts=[0,1,2]; c11:bw=37,experts=[4,5,6]; c13:bw=42,experts=[0,1,2,7]; c18:bw=60,experts=[0,1,2,5,6,7]; c16:bw=48,experts=[0,5,6,7]; c0:bw=40,experts=[2,3,4,5]; c29:bw=14,experts=[2]; c26:bw=32,experts=[0,1,2]; c20:bw=42,experts=[3,4,5,6]; c4:bw=47,experts=[4,5,6,7]
   75 | 0.01000 |   2.1090 |   45.33% |   45.33% |    0:51.42
      bandwidth/experts | c25:bw=17,experts=[1]; c23:bw=35,experts=[1,2,3]; c21:bw=50,experts=[1,2,3,4,5]; c2:bw=40,experts=[0,1,2,7]; c3:bw=20,experts=[0,7]; c8:bw=53,experts=[0,4,5,6,7]; c18:bw=68,experts=[0,3,4,5,6,7]; c11:bw=42,experts=[0,1,2,7]; c16:bw=46,experts=[1,2,3,4]; c12:bw=40,experts=[1,2,3,4]; c26:bw=10,experts=[3]; c13:bw=46,experts=[3,4,5,6]; c10:bw=23,experts=[5,6]; c9:bw=61,experts=[0,3,4,5,6,7]; c15:bw=20,experts=[3,4]; c6:bw=56,experts=[0,4,5,6,7]; c24:bw=73,experts=[0,1,3,4,5,6,7]; c1:bw=54,experts=[0,4,5,6,7]; c19:bw=19,experts=[6]; c14:bw=60,experts=[0,1,2,3,4,7]; c4:bw=56,experts=[0,1,2,3,4]; c5:bw=31,experts=[0,1,7]; c29:bw=29,experts=[3,4]; c28:bw=55,experts=[1,2,3,4,5]; c0:bw=60,experts=[0,1,2,3,6,7]; c20:bw=44,experts=[0,1,2,7]; c17:bw=43,experts=[0,5,6,7]; c7:bw=28,experts=[0,7]; c22:bw=10,experts=[7]; c27:bw=36,experts=[4,5,6]
   76 | 0.01000 |   2.1218 |   44.85% |   45.33% |    0:51.46
      bandwidth/experts | c22:bw=26,experts=[0,1]; c6:bw=23,experts=[1,2]; c2:bw=25,experts=[3,4]; c7:bw=66,experts=[1,2,3,4,5,6]; c9:bw=57,experts=[1,2,3,4,5]; c26:bw=37,experts=[4,5,6]; c10:bw=46,experts=[0,1,2,7]; c19:bw=44,experts=[0,1,2,7]; c29:bw=36,experts=[5,6,7]; c11:bw=42,experts=[3,4,5,6]; c21:bw=42,experts=[0,1,6,7]; c24:bw=61,experts=[2,3,4,5,6,7]; c12:bw=21,experts=[5,6]; c14:bw=22,experts=[5,6]; c16:bw=39,experts=[5,6,7]; c27:bw=39,experts=[0,1,7]; c23:bw=29,experts=[4,5]; c5:bw=37,experts=[2,3,4]; c17:bw=33,experts=[1,2,3]; c1:bw=53,experts=[1,2,3,4,5]; c8:bw=29,experts=[1,2]; c4:bw=60,experts=[0,1,2,5,6,7]; c25:bw=10,experts=[2]; c20:bw=54,experts=[3,4,5,6,7]; c13:bw=39,experts=[0,1,7]; c15:bw=42,experts=[0,5,6,7]; c18:bw=39,experts=[1,2,3]; c28:bw=30,experts=[0,6,7]; c0:bw=31,experts=[4,5,6]; c3:bw=15,experts=[1]
   77 | 0.01000 |   2.1191 |   44.81% |   45.33% |    0:51.40
      bandwidth/experts | c23:bw=54,experts=[0,1,2,6,7]; c15:bw=43,experts=[1,2,3,4]; c16:bw=34,experts=[0,1,2]; c7:bw=10,experts=[7]; c29:bw=41,experts=[0,1,2,3]; c5:bw=59,experts=[0,1,5,6,7]; c3:bw=40,experts=[2,3,4,5]; c13:bw=37,experts=[2,3,4]; c9:bw=29,experts=[6,7]; c25:bw=15,experts=[3]; c24:bw=12,experts=[0]; c26:bw=10,experts=[7]; c28:bw=37,experts=[1,2,3]; c2:bw=34,experts=[5,6,7]; c4:bw=10,experts=[3]; c19:bw=37,experts=[3,4,5]; c20:bw=45,experts=[0,1,2,3]; c11:bw=28,experts=[0,7]; c21:bw=57,experts=[2,3,4,5,6]; c14:bw=64,experts=[0,1,2,3,4,7]; c6:bw=57,experts=[3,4,5,6,7]; c0:bw=63,experts=[0,1,2,3,4,7]; c10:bw=39,experts=[3,4,5]; c27:bw=24,experts=[2,3]; c18:bw=31,experts=[4,5,6]; c22:bw=34,experts=[2,3,4]; c8:bw=10,experts=[3]; c12:bw=46,experts=[0,1,2,7]; c17:bw=37,experts=[4,5,6]; c1:bw=62,experts=[0,1,2,3,6,7]
   78 | 0.01000 |   2.0920 |   47.35% |   47.35% |    0:51.46
      bandwidth/experts | c24:bw=45,experts=[1,2,3,4]; c21:bw=54,experts=[0,1,2,3,7]; c27:bw=13,experts=[4]; c0:bw=26,experts=[5,6]; c14:bw=52,experts=[0,1,5,6,7]; c25:bw=11,experts=[4]; c23:bw=57,experts=[3,4,5,6,7]; c12:bw=31,experts=[3,4,5]; c22:bw=63,experts=[0,1,2,5,6,7]; c18:bw=35,experts=[0,1,7]; c6:bw=57,experts=[0,1,2,3,4]; c10:bw=59,experts=[0,1,2,6,7]; c3:bw=38,experts=[0,6,7]; c17:bw=31,experts=[0,1,7]; c16:bw=44,experts=[3,4,5,6]; c19:bw=12,experts=[6]; c4:bw=23,experts=[4,5]; c11:bw=37,experts=[1,2,3]; c5:bw=63,experts=[2,3,4,5,6,7]; c26:bw=40,experts=[0,1,2,3]; c15:bw=38,experts=[5,6,7]; c7:bw=36,experts=[0,1,2]; c20:bw=37,experts=[4,5,6]; c2:bw=34,experts=[0,1,2]; c8:bw=54,experts=[0,4,5,6,7]; c28:bw=24,experts=[4,5]; c1:bw=41,experts=[4,5,6,7]; c9:bw=31,experts=[0,1,2]; c29:bw=69,experts=[0,1,4,5,6,7]; c13:bw=59,experts=[0,1,5,6,7]
   79 | 0.01000 |   2.0753 |   47.65% |   47.65% |    0:51.38
      bandwidth/experts | c11:bw=32,experts=[4,5,6]; c8:bw=44,experts=[1,2,3,4]; c9:bw=10,experts=[3]; c16:bw=59,experts=[0,1,2,3,7]; c0:bw=36,experts=[0,1,7]; c6:bw=21,experts=[5,6]; c17:bw=58,experts=[2,3,4,5,6]; c5:bw=53,experts=[0,1,2,3,4]; c28:bw=37,experts=[0,6,7]; c7:bw=46,experts=[3,4,5,6]; c2:bw=33,experts=[3,4,5]; c29:bw=43,experts=[2,3,4,5]; c26:bw=41,experts=[4,5,6,7]; c4:bw=80,experts=[0,1,2,3,4,5,6,7]; c19:bw=26,experts=[0,7]; c21:bw=46,experts=[4,5,6,7]; c13:bw=43,experts=[2,3,4,5]; c1:bw=37,experts=[0,1,2]; c12:bw=10,experts=[6]; c23:bw=46,experts=[0,1,2,3]; c25:bw=29,experts=[5,6]; c18:bw=12,experts=[2]; c10:bw=34,experts=[3,4,5]; c3:bw=26,experts=[1,2]; c24:bw=58,experts=[0,1,5,6,7]; c27:bw=52,experts=[0,1,5,6,7]; c20:bw=39,experts=[0,1,7]; c14:bw=62,experts=[2,3,4,5,6,7]; c15:bw=54,experts=[0,1,2,3,4]; c22:bw=33,experts=[3,4,5]
   80 | 0.01000 |   2.1005 |   44.59% |   47.65% |    0:51.43
      bandwidth/experts | c2:bw=44,experts=[0,1,6,7]; c13:bw=39,experts=[0,6,7]; c1:bw=31,experts=[3,4,5]; c14:bw=30,experts=[0,1,2]; c17:bw=61,experts=[0,1,2,3,4,7]; c23:bw=36,experts=[4,5,6]; c4:bw=57,experts=[0,1,2,6,7]; c8:bw=51,experts=[0,1,5,6,7]; c15:bw=41,experts=[0,5,6,7]; c21:bw=64,experts=[0,1,2,3,4,5]; c28:bw=10,experts=[1]; c19:bw=35,experts=[1,2,3]; c7:bw=48,experts=[0,1,2,7]; c26:bw=41,experts=[0,1,2,3]; c0:bw=47,experts=[2,3,4,5]; c5:bw=65,experts=[0,1,2,5,6,7]; c22:bw=43,experts=[0,1,6,7]; c18:bw=13,experts=[3]; c3:bw=31,experts=[3,4,5]; c20:bw=25,experts=[2,3]; c25:bw=38,experts=[0,1,7]; c16:bw=44,experts=[4,5,6,7]; c24:bw=43,experts=[2,3,4,5]; c12:bw=10,experts=[7]; c27:bw=27,experts=[2,3]; c9:bw=53,experts=[0,4,5,6,7]; c11:bw=62,experts=[0,1,2,3,4,7]; c6:bw=39,experts=[0,1,7]; c10:bw=18,experts=[6]; c29:bw=10,experts=[6]
   81 | 0.01000 |   2.0546 |   47.10% |   47.65% |    0:51.34
      bandwidth/experts | c29:bw=28,experts=[0,7]; c5:bw=30,experts=[3,4,5]; c27:bw=13,experts=[4]; c11:bw=22,experts=[5,6]; c12:bw=75,experts=[0,1,2,3,4,5,6]; c10:bw=44,experts=[0,1,2,7]; c20:bw=12,experts=[4]; c13:bw=21,experts=[1,2]; c21:bw=54,experts=[0,1,2,6,7]; c0:bw=50,experts=[0,1,2,6,7]; c22:bw=10,experts=[2]; c18:bw=60,experts=[0,1,4,5,6,7]; c2:bw=45,experts=[2,3,4,5]; c1:bw=49,experts=[0,1,6,7]; c8:bw=48,experts=[2,3,4,5]; c26:bw=39,experts=[4,5,6]; c6:bw=51,experts=[2,3,4,5,6]; c19:bw=52,experts=[0,4,5,6,7]; c17:bw=27,experts=[5,6]; c3:bw=67,experts=[0,1,2,3,6,7]; c4:bw=42,experts=[3,4,5,6]; c16:bw=35,experts=[0,1,2]; c15:bw=65,experts=[1,2,3,4,5,6]; c7:bw=58,experts=[3,4,5,6,7]; c28:bw=61,experts=[2,3,4,5,6,7]; c24:bw=57,experts=[0,1,2,6,7]; c25:bw=34,experts=[2,3,4]; c23:bw=27,experts=[0,7]; c9:bw=26,experts=[1,2]; c14:bw=46,experts=[3,4,5,6]
   82 | 0.01000 |   2.0941 |   46.33% |   47.65% |    0:51.30
      bandwidth/experts | c5:bw=40,experts=[0,1,6,7]; c3:bw=39,experts=[4,5,6]; c0:bw=30,experts=[3,4,5]; c19:bw=21,experts=[1,2]; c25:bw=33,experts=[5,6,7]; c7:bw=40,experts=[0,1,2,3]; c28:bw=46,experts=[0,1,2,3]; c11:bw=47,experts=[0,1,2,7]; c24:bw=53,experts=[3,4,5,6,7]; c26:bw=35,experts=[0,1,7]; c29:bw=39,experts=[1,2,3]; c1:bw=64,experts=[2,3,4,5,6,7]; c23:bw=14,experts=[1]; c17:bw=44,experts=[0,1,2,7]; c18:bw=45,experts=[2,3,4,5]; c27:bw=32,experts=[5,6,7]; c12:bw=63,experts=[0,1,2,3,4,7]; c13:bw=35,experts=[3,4,5]; c8:bw=58,experts=[0,1,2,6,7]; c9:bw=56,experts=[3,4,5,6,7]; c10:bw=18,experts=[3]; c6:bw=36,experts=[0,1,7]; c2:bw=30,experts=[0,6,7]; c14:bw=54,experts=[0,1,2,3,7]; c4:bw=30,experts=[0,1,7]; c15:bw=16,experts=[7]; c21:bw=44,experts=[3,4,5,6]; c16:bw=32,experts=[3,4,5]; c20:bw=11,experts=[5]; c22:bw=51,experts=[3,4,5,6,7]
   83 | 0.01000 |   2.0376 |   47.69% |   47.69% |    0:51.16
      bandwidth/experts | c22:bw=70,experts=[0,1,2,3,4,5,6]; c19:bw=67,experts=[0,3,4,5,6,7]; c1:bw=63,experts=[0,1,2,3,4,5]; c11:bw=27,experts=[3,4]; c29:bw=46,experts=[4,5,6,7]; c16:bw=49,experts=[0,1,6,7]; c14:bw=39,experts=[4,5,6]; c21:bw=53,experts=[0,1,2,3,7]; c20:bw=50,experts=[0,1,2,6,7]; c27:bw=58,experts=[0,1,2,3,4]; c15:bw=39,experts=[0,1,2]; c17:bw=31,experts=[3,4,5]; c8:bw=39,experts=[3,4,5]; c2:bw=41,experts=[1,2,3,4]; c25:bw=48,experts=[0,1,2,3]; c0:bw=10,experts=[6]; c4:bw=10,experts=[2]; c7:bw=37,experts=[4,5,6]; c24:bw=43,experts=[0,1,2,3]; c26:bw=17,experts=[2]; c12:bw=44,experts=[0,5,6,7]; c28:bw=10,experts=[4]; c9:bw=51,experts=[0,1,2,3,4]; c5:bw=10,experts=[2]; c3:bw=42,experts=[0,1,2,7]; c18:bw=21,experts=[6,7]; c13:bw=46,experts=[0,1,6,7]; c23:bw=34,experts=[2,3,4]; c6:bw=53,experts=[2,3,4,5,6]; c10:bw=37,experts=[4,5,6]
   84 | 0.01000 |   2.0322 |   46.93% |   47.69% |    0:51.32
      bandwidth/experts | c8:bw=67,experts=[0,1,2,3,6,7]; c12:bw=45,experts=[1,2,3,4]; c29:bw=12,experts=[0]; c13:bw=30,experts=[2,3,4]; c10:bw=10,experts=[7]; c16:bw=47,experts=[2,3,4,5]; c9:bw=20,experts=[5,6]; c14:bw=45,experts=[0,1,2,7]; c23:bw=58,experts=[0,1,5,6,7]; c3:bw=32,experts=[3,4,5]; c6:bw=10,experts=[7]; c15:bw=75,experts=[0,1,3,4,5,6,7]; c19:bw=22,experts=[1,2]; c0:bw=10,experts=[7]; c18:bw=55,experts=[0,1,2,3,4]; c22:bw=67,experts=[0,1,2,3,4,7]; c27:bw=21,experts=[5,6]; c1:bw=58,experts=[0,1,2,6,7]; c24:bw=37,experts=[4,5,6]; c21:bw=10,experts=[4]; c28:bw=30,experts=[5,6,7]; c2:bw=36,experts=[5,6,7]; c17:bw=43,experts=[0,1,6,7]; c25:bw=17,experts=[4]; c5:bw=20,experts=[3,4]; c7:bw=47,experts=[0,1,2,7]; c20:bw=64,experts=[0,3,4,5,6,7]; c26:bw=38,experts=[3,4,5]; c11:bw=50,experts=[0,1,5,6,7]; c4:bw=27,experts=[3,4]
   85 | 0.01000 |   2.0943 |   44.77% |   47.69% |    0:51.18
      bandwidth/experts | c10:bw=44,experts=[0,1,2,3]; c8:bw=70,experts=[0,1,2,4,5,6,7]; c1:bw=57,experts=[3,4,5,6,7]; c25:bw=19,experts=[5]; c0:bw=38,experts=[0,1,2]; c29:bw=35,experts=[1,2,3]; c3:bw=51,experts=[0,1,2,6,7]; c4:bw=42,experts=[0,5,6,7]; c5:bw=12,experts=[5]; c17:bw=49,experts=[2,3,4,5]; c20:bw=30,experts=[1,2,3]; c18:bw=51,experts=[0,1,5,6,7]; c6:bw=42,experts=[0,1,2,3]; c12:bw=47,experts=[0,5,6,7]; c13:bw=35,experts=[5,6,7]; c19:bw=54,experts=[3,4,5,6,7]; c2:bw=45,experts=[0,1,2,3]; c7:bw=11,experts=[3]; c21:bw=64,experts=[0,1,2,5,6,7]; c23:bw=57,experts=[2,3,4,5,6]; c16:bw=19,experts=[6]; c11:bw=10,experts=[2]; c26:bw=36,experts=[0,6,7]; c27:bw=53,experts=[0,1,2,3,7]; c28:bw=47,experts=[0,1,2,3]; c9:bw=58,experts=[0,1,2,3,7]; c15:bw=70,experts=[0,2,3,4,5,6,7]; c22:bw=27,experts=[5,6]; c24:bw=18,experts=[7]; c14:bw=44,experts=[3,4,5,6]
   86 | 0.01000 |   1.9935 |   49.17% |   49.17% |    0:55.81
      bandwidth/experts | c9:bw=43,experts=[4,5,6,7]; c10:bw=47,experts=[4,5,6,7]; c16:bw=50,experts=[0,1,2,3,7]; c25:bw=36,experts=[0,6,7]; c29:bw=18,experts=[4]; c14:bw=45,experts=[0,1,2,7]; c27:bw=44,experts=[4,5,6,7]; c2:bw=24,experts=[4,5]; c22:bw=44,experts=[0,1,2,7]; c4:bw=18,experts=[1]; c8:bw=28,experts=[3,4]; c26:bw=66,experts=[1,2,3,4,5,6]; c12:bw=28,experts=[1,2]; c18:bw=52,experts=[2,3,4,5,6]; c24:bw=24,experts=[0,1]; c23:bw=47,experts=[0,1,2,7]; c3:bw=28,experts=[3,4]; c13:bw=55,experts=[0,1,2,3,4]; c1:bw=72,experts=[0,1,2,3,4,5,6]; c28:bw=42,experts=[4,5,6,7]; c11:bw=38,experts=[3,4,5]; c15:bw=55,experts=[1,2,3,4,5]; c20:bw=27,experts=[4,5]; c0:bw=30,experts=[3,4,5]; c6:bw=55,experts=[0,4,5,6,7]; c7:bw=44,experts=[4,5,6,7]; c17:bw=40,experts=[0,1,6,7]; c21:bw=34,experts=[3,4,5]; c5:bw=47,experts=[0,1,6,7]; c19:bw=18,experts=[0]
   87 | 0.01000 |   2.0369 |   48.04% |   49.17% |    0:51.50
      bandwidth/experts | c16:bw=45,experts=[4,5,6,7]; c8:bw=46,experts=[0,5,6,7]; c18:bw=45,experts=[0,1,2,7]; c13:bw=45,experts=[0,5,6,7]; c15:bw=63,experts=[0,1,2,3,6,7]; c26:bw=47,experts=[0,1,2,7]; c6:bw=60,experts=[1,2,3,4,5,6]; c20:bw=54,experts=[0,1,2,6,7]; c12:bw=45,experts=[3,4,5,6]; c7:bw=22,experts=[0,1]; c24:bw=30,experts=[2,3,4]; c1:bw=29,experts=[0,7]; c23:bw=30,experts=[3,4,5]; c27:bw=62,experts=[0,1,2,3,4,5]; c0:bw=35,experts=[0,6,7]; c19:bw=33,experts=[1,2,3]; c11:bw=18,experts=[6]; c9:bw=37,experts=[0,1,2]; c4:bw=34,experts=[2,3,4]; c14:bw=36,experts=[3,4,5]; c10:bw=49,experts=[0,1,2,3]; c21:bw=36,experts=[0,6,7]; c2:bw=67,experts=[0,1,2,3,6,7]; c5:bw=10,experts=[2]; c28:bw=31,experts=[0,1,2]; c17:bw=25,experts=[2,3]; c3:bw=68,experts=[0,1,2,5,6,7]; c25:bw=67,experts=[1,2,3,4,5,6]; c22:bw=21,experts=[3,4]; c29:bw=24,experts=[5,6]
   88 | 0.01000 |   1.9962 |   47.69% |   49.17% |    0:51.52
      bandwidth/experts | c21:bw=42,experts=[1,2,3,4]; c11:bw=10,experts=[7]; c6:bw=27,experts=[0,7]; c20:bw=41,experts=[3,4,5,6]; c7:bw=41,experts=[2,3,4,5]; c4:bw=38,experts=[5,6,7]; c16:bw=30,experts=[0,1,2]; c14:bw=10,experts=[6]; c8:bw=43,experts=[1,2,3,4]; c10:bw=71,experts=[0,1,2,4,5,6,7]; c28:bw=24,experts=[3,4]; c18:bw=22,experts=[3,4]; c12:bw=61,experts=[0,1,2,3,4,7]; c15:bw=60,experts=[0,1,4,5,6,7]; c5:bw=30,experts=[3,4,5]; c22:bw=57,experts=[0,1,5,6,7]; c23:bw=52,experts=[0,1,2,6,7]; c24:bw=36,experts=[5,6,7]; c3:bw=33,experts=[3,4,5]; c0:bw=62,experts=[1,2,3,4,5,6]; c27:bw=40,experts=[0,1,6,7]; c9:bw=31,experts=[3,4,5]; c25:bw=26,experts=[0,7]; c19:bw=23,experts=[4,5]; c13:bw=34,experts=[1,2,3]; c17:bw=30,experts=[4,5,6]; c2:bw=46,experts=[4,5,6,7]; c29:bw=16,experts=[7]; c26:bw=69,experts=[0,3,4,5,6,7]; c1:bw=28,experts=[1,2]
   89 | 0.01000 |   2.0426 |   47.65% |   49.17% |    0:51.10
      bandwidth/experts | c22:bw=42,experts=[2,3,4,5]; c26:bw=10,experts=[1]; c16:bw=50,experts=[3,4,5,6,7]; c21:bw=28,experts=[5,6]; c23:bw=24,experts=[3,4]; c15:bw=61,experts=[2,3,4,5,6,7]; c0:bw=13,experts=[7]; c6:bw=32,experts=[1,2,3]; c7:bw=21,experts=[6,7]; c28:bw=20,experts=[5,6]; c18:bw=55,experts=[0,1,5,6,7]; c27:bw=10,experts=[2]; c8:bw=74,experts=[0,1,2,3,5,6,7]; c9:bw=60,experts=[0,1,2,3,6,7]; c20:bw=31,experts=[0,1,7]; c2:bw=44,experts=[0,1,2,3]; c4:bw=30,experts=[0,1,2]; c1:bw=41,experts=[3,4,5,6]; c10:bw=28,experts=[3,4]; c5:bw=46,experts=[0,1,6,7]; c17:bw=40,experts=[0,1,2,7]; c19:bw=16,experts=[6]; c13:bw=10,experts=[4]; c25:bw=17,experts=[1]; c11:bw=36,experts=[0,1,2]; c12:bw=34,experts=[5,6,7]; c29:bw=14,experts=[0]; c14:bw=30,experts=[0,1,7]; c24:bw=58,experts=[0,1,2,3,4]; c3:bw=31,experts=[0,6,7]
   90 | 0.01000 |   1.9796 |   48.59% |   49.17% |    0:51.48
      bandwidth/experts | c8:bw=50,experts=[0,4,5,6,7]; c23:bw=44,experts=[0,5,6,7]; c10:bw=10,experts=[5]; c2:bw=21,experts=[4,5]; c19:bw=15,experts=[7]; c24:bw=43,experts=[0,5,6,7]; c17:bw=22,experts=[3,4]; c9:bw=63,experts=[0,1,4,5,6,7]; c1:bw=31,experts=[0,1,7]; c29:bw=17,experts=[1]; c5:bw=27,experts=[2,3]; c28:bw=44,experts=[0,1,2,7]; c14:bw=16,experts=[2]; c12:bw=43,experts=[0,1,2,3]; c21:bw=66,experts=[0,1,2,3,4,7]; c11:bw=41,experts=[3,4,5,6]; c20:bw=56,experts=[2,3,4,5,6]; c4:bw=35,experts=[3,4,5]; c16:bw=57,experts=[0,1,2,3,4]; c7:bw=72,experts=[0,1,2,3,4,5,6]; c26:bw=55,experts=[2,3,4,5,6]; c22:bw=31,experts=[0,6,7]; c3:bw=36,experts=[1,2,3]; c0:bw=64,experts=[0,1,2,3,4,5]; c25:bw=51,experts=[2,3,4,5,6]; c15:bw=61,experts=[0,1,2,3,4,5]; c6:bw=26,experts=[4,5]; c18:bw=50,experts=[2,3,4,5,6]; c13:bw=65,experts=[0,1,2,5,6,7]; c27:bw=27,experts=[3,4]
   91 | 0.01000 |   2.0263 |   49.00% |   49.17% |    0:51.13
      bandwidth/experts | c7:bw=51,experts=[0,1,2,3,7]; c19:bw=51,experts=[0,1,2,3,4]; c2:bw=11,experts=[6]; c18:bw=13,experts=[7]; c3:bw=40,experts=[4,5,6,7]; c16:bw=24,experts=[5,6]; c8:bw=23,experts=[1,2]; c10:bw=49,experts=[0,1,6,7]; c11:bw=67,experts=[0,1,2,3,4,7]; c29:bw=14,experts=[2]; c24:bw=41,experts=[1,2,3,4]; c17:bw=63,experts=[0,1,2,5,6,7]; c15:bw=45,experts=[0,1,6,7]; c12:bw=62,experts=[0,1,4,5,6,7]; c0:bw=22,experts=[6,7]; c23:bw=22,experts=[1,2]; c26:bw=63,experts=[0,1,2,3,4,7]; c9:bw=35,experts=[2,3,4]; c14:bw=42,experts=[3,4,5,6]; c5:bw=52,experts=[0,4,5,6,7]; c20:bw=20,experts=[0,7]; c1:bw=50,experts=[2,3,4,5,6]; c22:bw=21,experts=[1,2]; c25:bw=49,experts=[0,1,2,7]; c28:bw=42,experts=[3,4,5,6]; c4:bw=54,experts=[0,1,2,6,7]; c6:bw=29,experts=[6,7]; c13:bw=46,experts=[3,4,5,6]; c21:bw=46,experts=[0,5,6,7]; c27:bw=46,experts=[0,5,6,7]
   92 | 0.01000 |   2.0276 |   50.43% |   50.43% |    0:51.30
      bandwidth/experts | c14:bw=30,experts=[0,1,7]; c21:bw=57,experts=[1,2,3,4,5]; c25:bw=30,experts=[3,4,5]; c28:bw=40,experts=[0,1,2,7]; c13:bw=17,experts=[7]; c6:bw=45,experts=[0,1,2,3]; c18:bw=37,experts=[0,1,2]; c16:bw=14,experts=[7]; c0:bw=29,experts=[0,1]; c11:bw=15,experts=[5]; c4:bw=26,experts=[3,4]; c9:bw=56,experts=[0,1,5,6,7]; c5:bw=66,experts=[1,2,3,4,5,6]; c24:bw=33,experts=[5,6,7]; c23:bw=19,experts=[3]; c12:bw=48,experts=[2,3,4,5]; c8:bw=19,experts=[3]; c2:bw=25,experts=[0,7]; c7:bw=34,experts=[4,5,6]; c17:bw=32,experts=[3,4,5]; c15:bw=19,experts=[2]; c26:bw=46,experts=[0,5,6,7]; c1:bw=20,experts=[0,7]; c3:bw=28,experts=[0,1]; c29:bw=35,experts=[3,4,5]; c22:bw=44,experts=[3,4,5,6]; c19:bw=54,experts=[0,1,5,6,7]; c20:bw=56,experts=[1,2,3,4,5]; c10:bw=37,experts=[2,3,4]; c27:bw=63,experts=[1,2,3,4,5,6]
   93 | 0.01000 |   1.9610 |   49.66% |   50.43% |    0:52.51
      bandwidth/experts | c21:bw=34,experts=[0,6,7]; c8:bw=10,experts=[4]; c3:bw=31,experts=[2,3,4]; c5:bw=10,experts=[7]; c29:bw=47,experts=[0,1,6,7]; c26:bw=61,experts=[1,2,3,4,5,6]; c13:bw=63,experts=[0,1,2,3,4,5]; c22:bw=14,experts=[7]; c25:bw=52,experts=[0,1,2,6,7]; c27:bw=39,experts=[0,1,7]; c4:bw=32,experts=[5,6,7]; c2:bw=51,experts=[1,2,3,4,5]; c12:bw=52,experts=[0,1,2,6,7]; c19:bw=39,experts=[2,3,4]; c6:bw=22,experts=[4,5]; c11:bw=32,experts=[0,6,7]; c18:bw=23,experts=[3,4]; c14:bw=25,experts=[2,3]; c16:bw=46,experts=[0,1,2,3]; c23:bw=22,experts=[4,5]; c24:bw=50,experts=[0,1,2,3,4]; c1:bw=47,experts=[1,2,3,4]; c10:bw=15,experts=[5]; c20:bw=57,experts=[0,1,2,6,7]; c7:bw=22,experts=[0,7]; c17:bw=32,experts=[0,6,7]; c9:bw=58,experts=[2,3,4,5,6]; c0:bw=19,experts=[2]; c28:bw=47,experts=[3,4,5,6]; c15:bw=36,experts=[3,4,5]
   94 | 0.01000 |   2.0323 |   46.31% |   50.43% |    0:51.61
      bandwidth/experts | c27:bw=26,experts=[2,3]; c26:bw=55,experts=[0,1,2,3,7]; c21:bw=30,experts=[1,2,3]; c28:bw=60,experts=[0,1,2,3,4,7]; c1:bw=70,experts=[0,1,2,3,5,6,7]; c11:bw=48,experts=[1,2,3,4]; c8:bw=10,experts=[5]; c17:bw=12,experts=[1]; c0:bw=55,experts=[3,4,5,6,7]; c12:bw=14,experts=[3]; c15:bw=40,experts=[0,1,6,7]; c22:bw=52,experts=[0,1,2,3,4]; c5:bw=41,experts=[0,1,2,3]; c18:bw=47,experts=[0,5,6,7]; c25:bw=18,experts=[3]; c9:bw=50,experts=[0,1,2,3,7]; c24:bw=39,experts=[5,6,7]; c6:bw=30,experts=[0,6,7]; c14:bw=38,experts=[4,5,6]; c10:bw=61,experts=[0,1,2,3,6,7]; c3:bw=34,experts=[5,6,7]; c13:bw=44,experts=[0,1,6,7]; c7:bw=45,experts=[1,2,3,4]; c20:bw=10,experts=[3]; c19:bw=48,experts=[0,5,6,7]; c4:bw=31,experts=[0,1,2]; c16:bw=28,experts=[4,5]; c29:bw=10,experts=[2]; c2:bw=65,experts=[0,1,2,3,6,7]; c23:bw=38,experts=[0,6,7]
   95 | 0.01000 |   1.9499 |   50.12% |   50.43% |    0:51.37
      bandwidth/experts | c26:bw=28,experts=[4,5]; c6:bw=40,experts=[1,2,3,4]; c2:bw=23,experts=[4,5]; c19:bw=42,experts=[1,2,3,4]; c15:bw=34,experts=[2,3,4]; c24:bw=33,experts=[0,1,2]; c14:bw=49,experts=[0,1,2,7]; c23:bw=32,experts=[1,2,3]; c0:bw=35,experts=[0,1,2]; c21:bw=46,experts=[4,5,6,7]; c10:bw=42,experts=[4,5,6,7]; c29:bw=48,experts=[3,4,5,6]; c18:bw=28,experts=[1,2]; c4:bw=15,experts=[3]; c12:bw=10,experts=[4]; c5:bw=10,experts=[4]; c1:bw=31,experts=[4,5,6]; c7:bw=59,experts=[0,1,5,6,7]; c11:bw=10,experts=[5]; c27:bw=10,experts=[4]; c20:bw=56,experts=[0,4,5,6,7]; c9:bw=42,experts=[4,5,6,7]; c17:bw=47,experts=[2,3,4,5]; c22:bw=10,experts=[5]; c25:bw=36,experts=[4,5,6]; c8:bw=76,experts=[0,1,2,3,4,6,7]; c13:bw=59,experts=[2,3,4,5,6]; c28:bw=30,experts=[5,6,7]; c3:bw=41,experts=[0,1,2,3]; c16:bw=24,experts=[6,7]
   96 | 0.01000 |   1.9890 |   49.67% |   50.43% |    0:51.40
      bandwidth/experts | c15:bw=78,experts=[0,1,2,3,5,6,7]; c10:bw=53,experts=[0,1,2,3,4]; c12:bw=71,experts=[0,1,2,3,5,6,7]; c23:bw=27,experts=[4,5]; c26:bw=60,experts=[0,1,2,3,6,7]; c3:bw=46,experts=[4,5,6,7]; c22:bw=55,experts=[0,1,2,6,7]; c5:bw=60,experts=[0,1,2,5,6,7]; c9:bw=44,experts=[0,1,2,3]; c7:bw=50,experts=[2,3,4,5,6]; c14:bw=10,experts=[3]; c4:bw=49,experts=[4,5,6,7]; c1:bw=36,experts=[0,1,7]; c8:bw=64,experts=[0,1,2,5,6,7]; c28:bw=38,experts=[0,1,2]; c0:bw=36,experts=[3,4,5]; c6:bw=31,experts=[5,6,7]; c2:bw=65,experts=[0,1,2,3,6,7]; c16:bw=72,experts=[0,1,2,3,4,5,6]; c13:bw=55,experts=[0,1,2,3,7]; c18:bw=29,experts=[3,4]; c11:bw=44,experts=[0,1,6,7]; c20:bw=37,experts=[1,2,3]; c29:bw=55,experts=[0,1,2,3,7]; c19:bw=38,experts=[5,6,7]; c21:bw=17,experts=[0]; c17:bw=35,experts=[0,6,7]; c24:bw=45,experts=[3,4,5,6]; c25:bw=29,experts=[0,7]; c27:bw=43,experts=[0,5,6,7]
   97 | 0.01000 |   1.9440 |   51.52% |   51.52% |    0:51.44
      bandwidth/experts | c8:bw=43,experts=[3,4,5,6]; c28:bw=20,experts=[3,4]; c23:bw=10,experts=[6]; c27:bw=34,experts=[1,2,3]; c3:bw=35,experts=[0,1,2]; c13:bw=51,experts=[0,4,5,6,7]; c6:bw=50,experts=[0,1,2,3,4]; c9:bw=43,experts=[4,5,6,7]; c15:bw=59,experts=[0,4,5,6,7]; c2:bw=54,experts=[0,4,5,6,7]; c7:bw=30,experts=[0,1,7]; c0:bw=41,experts=[0,1,6,7]; c16:bw=54,experts=[0,1,2,3,7]; c4:bw=16,experts=[0]; c29:bw=33,experts=[4,5,6]; c5:bw=46,experts=[3,4,5,6]; c26:bw=71,experts=[0,1,2,4,5,6,7]; c11:bw=22,experts=[2,3]; c18:bw=70,experts=[0,1,2,3,5,6,7]; c22:bw=32,experts=[3,4,5]; c25:bw=44,experts=[1,2,3,4]; c19:bw=30,experts=[0,1,2]; c14:bw=23,experts=[4,5]; c20:bw=42,experts=[4,5,6,7]; c1:bw=50,experts=[2,3,4,5,6]; c17:bw=54,experts=[1,2,3,4,5]; c12:bw=13,experts=[4]; c21:bw=35,experts=[1,2,3]; c24:bw=46,experts=[0,1,2,7]; c10:bw=51,experts=[0,1,5,6,7]
   98 | 0.01000 |   1.9480 |   50.88% |   51.52% |    0:51.74
      bandwidth/experts | c5:bw=49,experts=[0,1,2,7]; c21:bw=22,experts=[4,5]; c12:bw=16,experts=[5]; c17:bw=17,experts=[6]; c18:bw=32,experts=[4,5,6]; c13:bw=31,experts=[1,2,3]; c16:bw=41,experts=[4,5,6,7]; c24:bw=48,experts=[3,4,5,6]; c6:bw=36,experts=[5,6,7]; c20:bw=36,experts=[0,1,2]; c28:bw=52,experts=[0,1,5,6,7]; c8:bw=54,experts=[0,1,2,3,7]; c10:bw=45,experts=[2,3,4,5]; c1:bw=26,experts=[0,7]; c26:bw=54,experts=[3,4,5,6,7]; c19:bw=45,experts=[3,4,5,6]; c23:bw=40,experts=[0,1,2,7]; c3:bw=25,experts=[3,4]; c22:bw=34,experts=[0,6,7]; c2:bw=24,experts=[1,2]; c29:bw=47,experts=[0,1,2,7]; c11:bw=10,experts=[4]; c0:bw=33,experts=[2,3,4]; c27:bw=41,experts=[4,5,6,7]; c15:bw=17,experts=[1]; c25:bw=55,experts=[0,1,5,6,7]; c9:bw=27,experts=[0,1]; c7:bw=24,experts=[2,3]; c14:bw=67,experts=[0,1,2,3,6,7]; c4:bw=52,experts=[1,2,3,4,5]
   99 | 0.01000 |   1.9715 |   51.37% |   51.52% |    0:51.36
      bandwidth/experts | c6:bw=35,experts=[0,1,2]; c12:bw=34,experts=[0,6,7]; c0:bw=40,experts=[0,5,6,7]; c8:bw=34,experts=[4,5,6]; c20:bw=26,experts=[3,4]; c29:bw=57,experts=[3,4,5,6,7]; c14:bw=33,experts=[4,5,6]; c22:bw=18,experts=[1]; c17:bw=43,experts=[0,1,2,7]; c18:bw=55,experts=[0,1,2,3,7]; c23:bw=33,experts=[3,4,5]; c28:bw=28,experts=[2,3]; c26:bw=18,experts=[0]; c4:bw=24,experts=[6,7]; c2:bw=31,experts=[3,4,5]; c7:bw=45,experts=[4,5,6,7]; c5:bw=49,experts=[3,4,5,6]; c15:bw=47,experts=[2,3,4,5]; c10:bw=11,experts=[6]; c1:bw=59,experts=[1,2,3,4,5]; c24:bw=42,experts=[0,1,2,7]; c13:bw=25,experts=[4,5]; c16:bw=34,experts=[0,1,2]; c11:bw=10,experts=[5]; c27:bw=10,experts=[0]; c25:bw=27,experts=[2,3]; c9:bw=20,experts=[2,3]; c21:bw=56,experts=[0,1,2,6,7]; c3:bw=38,experts=[5,6,7]; c19:bw=48,experts=[0,1,2,7]
  100 | 0.01000 |   1.9279 |   51.07% |   51.52% |    0:51.50
      bandwidth/experts | c22:bw=36,experts=[2,3,4]; c0:bw=64,experts=[1,2,3,4,5,6]; c10:bw=56,experts=[0,1,2,3,7]; c14:bw=10,experts=[7]; c27:bw=20,experts=[1,2]; c8:bw=44,experts=[0,1,2,7]; c25:bw=45,experts=[4,5,6,7]; c1:bw=17,experts=[6]; c17:bw=55,experts=[3,4,5,6,7]; c15:bw=30,experts=[0,6,7]; c11:bw=17,experts=[6]; c18:bw=80,experts=[0,1,2,3,4,5,6,7]; c21:bw=47,experts=[3,4,5,6]; c26:bw=38,experts=[1,2,3]; c4:bw=65,experts=[0,1,2,3,4,5]; c29:bw=33,experts=[0,1,2]; c2:bw=30,experts=[0,6,7]; c24:bw=53,experts=[3,4,5,6,7]; c23:bw=16,experts=[6]; c28:bw=50,experts=[0,4,5,6,7]; c16:bw=46,experts=[3,4,5,6]; c19:bw=18,experts=[3]; c12:bw=37,experts=[1,2,3]; c3:bw=42,experts=[0,1,2,3]; c13:bw=10,experts=[6]; c5:bw=18,experts=[7]; c9:bw=53,experts=[0,4,5,6,7]; c20:bw=47,experts=[0,5,6,7]; c6:bw=44,experts=[3,4,5,6]; c7:bw=10,experts=[0]

Done. Best Acc: 51.52% @ round 97
Total time: 1:25:54.67
[Export] 实验目录: /userhome/cs3/duanty/FedMoE/results/exp03-c100-resnet-n30-fedrolex/20260923-202231
[Export] 每轮明细: /userhome/cs3/duanty/FedMoE/results/exp03-c100-resnet-n30-fedrolex/20260923-202231/rounds.xlsx
[Export] 总体摘要: /userhome/cs3/duanty/FedMoE/results/exp03-c100-resnet-n30-fedrolex/20260923-202231/summary.xlsx
[Plot] result = /userhome/cs3/duanty/FedMoE/results/exp03-c100-resnet-n30-fedrolex/20260923-202231
[Plot] figures -> /userhome/cs3/duanty/FedMoE/results/exp03-c100-resnet-n30-fedrolex/20260923-202231/figure
  fig01_test_accuracy.pdf
  fig02_train_loss.pdf
  fig03_acc_and_loss.pdf
  fig04_bandwidth_and_k.pdf
  fig05_expert_round_heatmap.pdf
  fig06_client_expert_heatmap.pdf
  fig07_expert_frequency.pdf
  fig08_time_breakdown.pdf
  fig09_accuracy_vs_communication.pdf
  fig10_overview.pdf
[Export] 图片目录: /userhome/cs3/duanty/FedMoE/results/exp03-c100-resnet-n30-fedrolex/20260923-202231/figure
