========================================
Job    : exp10-c100-vgg11-e32-bw1-80-posthoc
Host   : gpu-4090-a01
Date   : Fri Sep 25 19:36:03 HKT 2026
GPU    : 0
Python : /userhome/cs3/duanty/miniconda3/envs/moe/bin/python
Command: python -u main.py --method ours --dataset cifar100 --backbone vgg11 --select posthoc --merge ours --device cuda --num_experts 32 --bw_min 1 --bw_max 80 --output_dir ./results/exp10-c100-vgg11-e32-bw1-80-posthoc
========================================

==================================================================
 Ours  
  Dataset=cifar100 | beta=0.1 | Backbone=vgg11 | width_mult=1 | Clients=10 | Experts=32
  Select=posthoc | Merge=ours
  Rounds=100 | LR=0.01
  Bandwidth: expert_bw=10 | bw=[1, 80] | Rayleigh-Shannon, SNR=10 dB | k=floor(bw/10)
==================================================================


[Partition] Dirichlet beta=0.1, 10 clients
  Client 0:   4573 samples | 45/100 classes
  Client 1:   4218 samples | 54/100 classes
  Client 2:   3656 samples | 48/100 classes
  Client 3:   5018 samples | 43/100 classes
  Client 4:   6664 samples | 52/100 classes
  Client 5:   6137 samples | 45/100 classes
  Client 6:   6582 samples | 49/100 classes
  Client 7:   4512 samples | 39/100 classes
  Client 8:   5219 samples | 46/100 classes
  Client 9:   3421 samples | 100/100 classes

[Upload] expert_bw=10 | available bw=[1, 80] | Rayleigh-Shannon, SNR=10 dB | upload k=floor(bw/10), cap=32 | train all experts, then upload top-k by gate scores

[Model] Total params: 19,286,208

[Export] 本次实验目录: /userhome/cs3/duanty/FedMoE/results/exp10-c100-vgg11-e32-bw1-80-posthoc/20260925-193607

Round |      LR |  AvgLoss |  TestAcc |     Best |  RoundTime
--------------------------------------------------------------------------------
    1 | 0.00208 |   3.6342 |    2.24% |    2.24% |    0:51.01
      bandwidth/experts | c8:bw=50,experts=[0,2,10,11,15]; c1:bw=26,experts=[17,23]; c5:bw=40,experts=[10,11,15,17]; c0:bw=2,experts=[]; c7:bw=18,experts=[11]; c2:bw=26,experts=[11,15]; c9:bw=41,experts=[0,11,15,30]; c4:bw=36,experts=[11,15,20]; c3:bw=46,experts=[10,17,20,30]; c6:bw=37,experts=[11,15,20]
    2 | 0.00406 |   3.2152 |    4.31% |    4.31% |    0:50.36
      bandwidth/experts | c0:bw=32,experts=[10,11,15]; c1:bw=37,experts=[0,11,17]; c8:bw=43,experts=[0,10,11,15]; c5:bw=62,experts=[0,2,10,11,17,23]; c3:bw=60,experts=[0,10,11,15,17,20]; c4:bw=27,experts=[11,15]; c7:bw=50,experts=[0,10,11,15,20]; c9:bw=42,experts=[15,17,20,23]; c6:bw=15,experts=[20]; c2:bw=19,experts=[15]
    3 | 0.00604 |   3.0875 |    8.34% |    8.34% |    0:52.90
      bandwidth/experts | c9:bw=43,experts=[11,15,17,20]; c2:bw=37,experts=[11,15,20]; c0:bw=45,experts=[11,15,17,20]; c6:bw=36,experts=[10,11,20]; c8:bw=27,experts=[11,15]; c5:bw=12,experts=[17]; c3:bw=23,experts=[11,20]; c7:bw=29,experts=[15,20]; c1:bw=12,experts=[17]; c4:bw=47,experts=[11,15,17,20]
    4 | 0.00802 |   3.0030 |    9.74% |    9.74% |    0:55.68
      bandwidth/experts | c1:bw=36,experts=[11,15,17]; c7:bw=40,experts=[0,11,15,20]; c6:bw=48,experts=[0,11,20,23]; c2:bw=54,experts=[0,10,11,15,17]; c8:bw=28,experts=[11,15]; c0:bw=53,experts=[0,10,11,15,17]; c3:bw=30,experts=[11,17,20]; c4:bw=50,experts=[0,10,11,15,17]; c5:bw=66,experts=[0,2,3,10,11,17]; c9:bw=19,experts=[15]
    5 | 0.01000 |   2.9216 |   11.62% |   11.62% |    0:55.48
      bandwidth/experts | c1:bw=18,experts=[17]; c5:bw=36,experts=[11,17,20]; c4:bw=44,experts=[11,15,17,20]; c8:bw=33,experts=[15,17,20]; c0:bw=45,experts=[11,15,17,20]; c7:bw=22,experts=[15,20]; c6:bw=48,experts=[11,15,17,20]; c3:bw=57,experts=[11,15,17,20,29]; c2:bw=6,experts=[]; c9:bw=56,experts=[10,11,15,17,20]
    6 | 0.01000 |   2.8289 |   16.32% |   16.32% |    0:55.60
      bandwidth/experts | c8:bw=60,experts=[0,10,11,15,20,30]; c2:bw=37,experts=[11,15,20]; c5:bw=24,experts=[17,20]; c7:bw=52,experts=[0,2,11,15,20]; c3:bw=33,experts=[15,17,20]; c1:bw=29,experts=[15,17]; c9:bw=43,experts=[11,15,17,20]; c0:bw=28,experts=[15,20]; c4:bw=16,experts=[15]; c6:bw=18,experts=[15]
    7 | 0.01000 |   2.7339 |   18.29% |   18.29% |    0:55.53
      bandwidth/experts | c0:bw=33,experts=[15,17,20]; c5:bw=44,experts=[11,15,17,20]; c2:bw=36,experts=[15,17,20]; c6:bw=12,experts=[15]; c3:bw=24,experts=[15,17]; c7:bw=28,experts=[15,17]; c4:bw=12,experts=[15]; c1:bw=9,experts=[]; c8:bw=52,experts=[10,11,15,17,20]; c9:bw=1,experts=[]
    8 | 0.01000 |   2.6512 |   22.03% |   22.03% |    0:56.13
      bandwidth/experts | c4:bw=4,experts=[]; c8:bw=33,experts=[15,17,20]; c1:bw=52,experts=[0,11,15,17,20]; c3:bw=33,experts=[15,17,20]; c0:bw=29,experts=[15,17]; c5:bw=25,experts=[17,20]; c2:bw=48,experts=[11,15,17,20]; c9:bw=53,experts=[0,11,15,17,20]; c7:bw=14,experts=[15]; c6:bw=37,experts=[15,17,20]
    9 | 0.01000 |   2.5783 |   23.86% |   23.86% |    0:55.53
      bandwidth/experts | c2:bw=19,experts=[15]; c0:bw=47,experts=[11,15,17,20]; c4:bw=53,experts=[0,11,15,17,20]; c9:bw=24,experts=[15,17]; c8:bw=16,experts=[15]; c6:bw=28,experts=[15,20]; c7:bw=41,experts=[11,15,17,20]; c5:bw=47,experts=[2,11,17,20]; c1:bw=13,experts=[15]; c3:bw=21,experts=[15,17]
   10 | 0.01000 |   2.5185 |   26.11% |   26.11% |    0:54.54
      bandwidth/experts | c4:bw=33,experts=[15,17,20]; c2:bw=31,experts=[15,17,20]; c7:bw=34,experts=[15,17,20]; c0:bw=53,experts=[10,11,15,17,20]; c6:bw=58,experts=[0,11,15,17,20]; c3:bw=41,experts=[11,15,17,20]; c5:bw=52,experts=[0,2,11,17,20]; c8:bw=32,experts=[15,17,20]; c9:bw=32,experts=[15,17,20]; c1:bw=37,experts=[15,17,20]
   11 | 0.01000 |   2.4636 |   27.86% |   27.86% |    0:50.56
      bandwidth/experts | c5:bw=25,experts=[17,20]; c2:bw=25,experts=[15,17]; c7:bw=39,experts=[11,15,20]; c3:bw=45,experts=[11,15,17,20]; c0:bw=25,experts=[15,17]; c8:bw=35,experts=[11,15,20]; c9:bw=30,experts=[15,17,20]; c6:bw=50,experts=[0,10,11,15,20]; c1:bw=36,experts=[15,17,20]; c4:bw=14,experts=[15]
   12 | 0.01000 |   2.4269 |   30.71% |   30.71% |    0:50.55
      bandwidth/experts | c1:bw=38,experts=[15,17,20]; c5:bw=50,experts=[0,11,15,17,20]; c2:bw=52,experts=[0,11,15,17,20]; c4:bw=25,experts=[15,17]; c3:bw=31,experts=[15,17,20]; c7:bw=27,experts=[15,17]; c9:bw=38,experts=[15,17,20]; c6:bw=26,experts=[15,17]; c8:bw=49,experts=[11,15,17,20]; c0:bw=44,experts=[11,15,17,20]
   13 | 0.01000 |   2.3745 |   32.33% |   32.33% |    0:50.38
      bandwidth/experts | c3:bw=27,experts=[15,17]; c1:bw=43,experts=[11,15,17,20]; c4:bw=3,experts=[]; c5:bw=26,experts=[15,17]; c8:bw=14,experts=[15]; c6:bw=33,experts=[15,17,20]; c9:bw=13,experts=[15]; c7:bw=53,experts=[0,11,15,17,20]; c0:bw=23,experts=[15,17]; c2:bw=15,experts=[15]
   14 | 0.01000 |   2.3422 |   33.44% |   33.44% |    0:50.51
      bandwidth/experts | c2:bw=40,experts=[11,15,17,20]; c4:bw=5,experts=[]; c5:bw=58,experts=[0,6,11,17,20]; c1:bw=35,experts=[15,17,20]; c7:bw=23,experts=[15,17]; c0:bw=23,experts=[15,17]; c9:bw=29,experts=[15,17]; c3:bw=41,experts=[11,15,17,20]; c8:bw=19,experts=[15]; c6:bw=60,experts=[0,10,11,15,17,20]
   15 | 0.01000 |   2.3070 |   33.50% |   33.50% |    0:50.42
      bandwidth/experts | c7:bw=53,experts=[3,11,15,17,20]; c0:bw=18,experts=[15]; c1:bw=13,experts=[15]; c8:bw=47,experts=[11,15,17,20]; c3:bw=9,experts=[]; c2:bw=47,experts=[11,15,17,20]; c4:bw=42,experts=[11,15,17,20]; c5:bw=16,experts=[17]; c9:bw=18,experts=[15]; c6:bw=29,experts=[15,17]
   16 | 0.01000 |   2.2746 |   36.01% |   36.01% |    0:50.48
      bandwidth/experts | c6:bw=36,experts=[15,17,20]; c1:bw=26,experts=[15,17]; c3:bw=39,experts=[15,17,20]; c8:bw=44,experts=[11,15,17,20]; c7:bw=20,experts=[15,17]; c5:bw=36,experts=[0,17,20]; c4:bw=32,experts=[15,17,20]; c9:bw=22,experts=[15,17]; c0:bw=51,experts=[3,11,15,17,20]; c2:bw=46,experts=[11,15,17,20]
   17 | 0.01000 |   2.2448 |   37.01% |   37.01% |    0:50.62
      bandwidth/experts | c4:bw=52,experts=[0,11,15,17,20]; c7:bw=22,experts=[15,17]; c8:bw=7,experts=[]; c3:bw=47,experts=[11,15,17,20]; c5:bw=3,experts=[]; c1:bw=26,experts=[15,17]; c0:bw=10,experts=[15]; c2:bw=17,experts=[15]; c9:bw=33,experts=[15,17,20]; c6:bw=35,experts=[15,17,20]
   18 | 0.01000 |   2.2124 |   37.20% |   37.20% |    0:50.67
      bandwidth/experts | c1:bw=6,experts=[]; c8:bw=4,experts=[]; c5:bw=31,experts=[0,17,20]; c2:bw=34,experts=[15,17,20]; c9:bw=17,experts=[15]; c7:bw=49,experts=[11,15,17,20]; c4:bw=50,experts=[0,11,15,17,20]; c3:bw=34,experts=[15,17,20]; c0:bw=44,experts=[11,15,17,20]; c6:bw=28,experts=[15,17]
   19 | 0.01000 |   2.1820 |   39.78% |   39.78% |    0:50.73
      bandwidth/experts | c8:bw=50,experts=[0,11,15,17,20]; c0:bw=38,experts=[15,17,20]; c4:bw=46,experts=[11,15,17,20]; c1:bw=42,experts=[11,15,17,20]; c9:bw=34,experts=[15,17,20]; c5:bw=26,experts=[17,20]; c7:bw=20,experts=[15,17]; c2:bw=13,experts=[15]; c6:bw=59,experts=[10,11,15,17,20]; c3:bw=36,experts=[15,17,20]
   20 | 0.01000 |   2.1618 |   39.79% |   39.79% |    0:50.75
      bandwidth/experts | c0:bw=25,experts=[15,17]; c2:bw=37,experts=[15,17,20]; c1:bw=36,experts=[15,17,20]; c9:bw=15,experts=[15]; c7:bw=38,experts=[15,17,20]; c6:bw=61,experts=[8,10,11,15,17,20]; c3:bw=16,experts=[15]; c5:bw=3,experts=[]; c4:bw=53,experts=[0,11,15,17,20]; c8:bw=45,experts=[0,15,17,20]
   21 | 0.01000 |   2.1355 |   39.96% |   39.96% |    0:50.63
      bandwidth/experts | c1:bw=37,experts=[15,17,20]; c2:bw=36,experts=[15,17,20]; c7:bw=11,experts=[15]; c4:bw=43,experts=[11,15,17,20]; c8:bw=16,experts=[15]; c5:bw=29,experts=[17,20]; c0:bw=60,experts=[0,11,15,17,20,30]; c3:bw=7,experts=[]; c6:bw=14,experts=[15]; c9:bw=23,experts=[15,17]
   22 | 0.01000 |   2.1131 |   39.49% |   39.96% |    0:50.74
      bandwidth/experts | c7:bw=15,experts=[15]; c9:bw=29,experts=[15,17]; c1:bw=6,experts=[]; c6:bw=55,experts=[0,11,15,17,20]; c5:bw=15,experts=[17]; c2:bw=59,experts=[0,11,15,17,20]; c0:bw=60,experts=[0,11,15,17,20,30]; c4:bw=33,experts=[15,17,20]; c3:bw=50,experts=[0,11,15,17,20]; c8:bw=29,experts=[15,17]
   23 | 0.01000 |   2.0967 |   42.07% |   42.07% |    0:50.78
      bandwidth/experts | c5:bw=47,experts=[6,15,17,20]; c7:bw=14,experts=[15]; c4:bw=50,experts=[0,11,15,17,20]; c6:bw=9,experts=[]; c9:bw=45,experts=[0,15,17,20]; c8:bw=31,experts=[15,17,20]; c3:bw=14,experts=[15]; c1:bw=56,experts=[10,11,15,17,20]; c2:bw=29,experts=[15,17]; c0:bw=10,experts=[15]
   24 | 0.01000 |   2.0687 |   40.42% |   42.07% |    0:50.53
      bandwidth/experts | c6:bw=27,experts=[15,17]; c4:bw=11,experts=[15]; c7:bw=3,experts=[]; c9:bw=45,experts=[11,15,17,20]; c2:bw=39,experts=[15,17,20]; c1:bw=1,experts=[]; c5:bw=22,experts=[17,20]; c8:bw=16,experts=[15]; c3:bw=1,experts=[]; c0:bw=28,experts=[15,17]
   25 | 0.01000 |   2.0563 |   43.52% |   43.52% |    0:50.66
      bandwidth/experts | c9:bw=36,experts=[15,17,20]; c6:bw=14,experts=[15]; c4:bw=53,experts=[0,11,15,17,20]; c3:bw=12,experts=[15]; c5:bw=57,experts=[1,2,6,17,20]; c1:bw=44,experts=[6,15,17,20]; c8:bw=49,experts=[11,15,17,20]; c2:bw=11,experts=[15]; c0:bw=51,experts=[0,11,15,17,20]; c7:bw=36,experts=[15,17,20]
   26 | 0.01000 |   2.0383 |   42.91% |   43.52% |    0:50.67
      bandwidth/experts | c3:bw=40,experts=[11,15,17,20]; c6:bw=30,experts=[15,17,20]; c9:bw=45,experts=[11,15,17,20]; c7:bw=28,experts=[15,17]; c1:bw=30,experts=[15,17,20]; c5:bw=18,experts=[17]; c2:bw=27,experts=[15,17]; c8:bw=48,experts=[11,15,17,20]; c0:bw=9,experts=[]; c4:bw=43,experts=[0,15,17,20]
   27 | 0.01000 |   2.0174 |   44.29% |   44.29% |    0:50.76
      bandwidth/experts | c7:bw=46,experts=[0,15,17,20]; c1:bw=56,experts=[0,11,15,17,20]; c4:bw=11,experts=[15]; c0:bw=32,experts=[15,17,20]; c9:bw=16,experts=[15]; c2:bw=18,experts=[15]; c8:bw=50,experts=[0,11,15,17,20]; c3:bw=19,experts=[15]; c6:bw=57,experts=[0,11,15,17,20]; c5:bw=33,experts=[1,17,20]
   28 | 0.01000 |   2.0092 |   44.83% |   44.83% |    0:50.91
      bandwidth/experts | c6:bw=26,experts=[15,17]; c9:bw=44,experts=[11,15,17,20]; c0:bw=42,experts=[11,15,17,20]; c8:bw=26,experts=[15,17]; c2:bw=2,experts=[]; c5:bw=30,experts=[15,17,20]; c1:bw=22,experts=[15,17]; c3:bw=10,experts=[15]; c4:bw=7,experts=[]; c7:bw=2,experts=[]
   29 | 0.01000 |   1.9831 |   46.78% |   46.78% |    0:50.75
      bandwidth/experts | c4:bw=34,experts=[15,17,20]; c0:bw=40,experts=[11,15,17,20]; c1:bw=30,experts=[15,17,20]; c9:bw=39,experts=[15,17,20]; c6:bw=39,experts=[15,17,20]; c8:bw=30,experts=[15,17,20]; c7:bw=19,experts=[15]; c3:bw=28,experts=[15,17]; c2:bw=16,experts=[15]; c5:bw=30,experts=[0,17,20]
   30 | 0.01000 |   1.9647 |   46.02% |   46.78% |    0:50.69
      bandwidth/experts | c5:bw=55,experts=[0,2,6,17,20]; c1:bw=32,experts=[15,17,20]; c9:bw=49,experts=[11,15,17,20]; c4:bw=46,experts=[11,15,17,20]; c0:bw=16,experts=[15]; c8:bw=37,experts=[15,17,20]; c6:bw=9,experts=[]; c7:bw=11,experts=[15]; c3:bw=53,experts=[0,11,15,17,20]; c2:bw=24,experts=[15,17]
   31 | 0.01000 |   1.9563 |   47.30% |   47.30% |    0:50.57
      bandwidth/experts | c6:bw=26,experts=[15,17]; c4:bw=17,experts=[15]; c9:bw=40,experts=[11,15,17,20]; c1:bw=27,experts=[15,17]; c5:bw=55,experts=[0,2,17,20,30]; c8:bw=29,experts=[15,17]; c3:bw=21,experts=[15,17]; c2:bw=14,experts=[15]; c0:bw=42,experts=[11,15,17,20]; c7:bw=57,experts=[0,11,15,17,20]
   32 | 0.01000 |   1.9380 |   47.42% |   47.42% |    0:50.62
      bandwidth/experts | c8:bw=19,experts=[1]; c5:bw=32,experts=[4,5,7]; c4:bw=44,experts=[1,2,3,4]; c7:bw=42,experts=[1,4,5,6]; c0:bw=41,experts=[1,2,4,5]; c1:bw=19,experts=[1]; c3:bw=25,experts=[1,2]; c6:bw=24,experts=[1,2]; c2:bw=48,experts=[1,2,3,4]; c9:bw=28,experts=[1,2]
   33 | 0.01000 |   1.9233 |   47.67% |   47.67% |    0:50.56
      bandwidth/experts | c7:bw=47,experts=[7,8,9,12]; c1:bw=31,experts=[2,3,4]; c3:bw=63,experts=[3,4,5,6,7,8]; c6:bw=33,experts=[3,4,5]; c5:bw=26,experts=[8,9]; c9:bw=37,experts=[3,4,5]; c2:bw=21,experts=[5,6]; c8:bw=45,experts=[3,4,5,6]; c4:bw=41,experts=[5,6,7,8]; c0:bw=56,experts=[6,7,8,9,12]
   34 | 0.01000 |   1.9182 |   48.35% |   48.35% |    0:50.63
      bandwidth/experts | c4:bw=41,experts=[9,12,13,14]; c1:bw=42,experts=[5,7,8,9]; c6:bw=43,experts=[6,7,9,12]; c9:bw=61,experts=[6,7,8,9,12,13]; c8:bw=38,experts=[7,8,9]; c0:bw=20,experts=[13,14]; c5:bw=54,experts=[12,13,14,16,18]; c7:bw=29,experts=[13,14]; c3:bw=65,experts=[9,12,13,14,16,18]; c2:bw=48,experts=[7,8,9,12]
   35 | 0.01000 |   1.9049 |   48.91% |   48.91% |    0:50.62
      bandwidth/experts | c4:bw=29,experts=[16,18]; c0:bw=18,experts=[16]; c1:bw=28,experts=[12,13]; c6:bw=39,experts=[13,14,16]; c2:bw=41,experts=[13,14,16,18]; c8:bw=45,experts=[12,13,14,16]; c9:bw=24,experts=[14,16]; c7:bw=43,experts=[16,18,19,21]; c5:bw=37,experts=[19,21,22]; c3:bw=21,experts=[19,21]
   36 | 0.01000 |   1.8873 |   48.96% |   48.96% |    0:50.74
      bandwidth/experts | c9:bw=34,experts=[18,19,21]; c0:bw=32,experts=[18,19,21]; c3:bw=54,experts=[22,23,24,25,26]; c7:bw=25,experts=[22,23]; c6:bw=39,experts=[18,19,21]; c5:bw=44,experts=[24,25,26,27]; c1:bw=8,experts=[]; c4:bw=67,experts=[19,21,22,23,24,25]; c8:bw=46,experts=[18,19,21,22]; c2:bw=45,experts=[19,21,22,23]
   37 | 0.01000 |   1.8839 |   49.43% |   49.43% |    0:50.68
      bandwidth/experts | c1:bw=16,experts=[14]; c5:bw=35,experts=[28,29,31]; c2:bw=32,experts=[24,25,26]; c6:bw=59,experts=[22,24,25,26,27]; c4:bw=35,experts=[26,27,28]; c7:bw=38,experts=[24,25,26]; c9:bw=36,experts=[22,24,25]; c0:bw=49,experts=[22,23,24,25]; c3:bw=32,experts=[27,28,31]; c8:bw=5,experts=[]
   38 | 0.01000 |   1.8713 |   49.07% |   49.43% |    0:50.55
      bandwidth/experts | c8:bw=41,experts=[23,24,25,26]; c6:bw=15,experts=[28]; c4:bw=47,experts=[10,29,30,31]; c1:bw=28,experts=[16,18]; c5:bw=1,experts=[]; c2:bw=3,experts=[]; c3:bw=34,experts=[10,29,30]; c7:bw=46,experts=[27,28,29,30]; c9:bw=23,experts=[26,27]; c0:bw=36,experts=[26,27,28]
   39 | 0.01000 |   1.8592 |   40.45% |   49.43% |    0:50.74
      bandwidth/experts | c3:bw=23,experts=[15,17]; c0:bw=3,experts=[]; c1:bw=40,experts=[19,21,22,24]; c7:bw=36,experts=[2,10,31]; c6:bw=28,experts=[29,30]; c8:bw=40,experts=[27,28,29,31]; c2:bw=32,experts=[27,28,29]; c4:bw=32,experts=[15,17,20]; c9:bw=21,experts=[28,29]; c5:bw=67,experts=[2,3,10,17,20,23]
   40 | 0.01000 |   1.8650 |   46.60% |   49.43% |    0:50.59
      bandwidth/experts | c8:bw=23,experts=[2,30]; c1:bw=38,experts=[25,26,27]; c5:bw=28,experts=[17,20]; c6:bw=42,experts=[15,17,23,31]; c2:bw=58,experts=[10,15,17,30,31]; c7:bw=60,experts=[0,10,11,15,17,20]; c3:bw=6,experts=[]; c4:bw=17,experts=[15]; c9:bw=36,experts=[23,30,31]; c0:bw=32,experts=[15,29,31]
   41 | 0.01000 |   1.8477 |   48.23% |   49.43% |    0:50.50
      bandwidth/experts | c2:bw=48,experts=[11,15,17,20]; c6:bw=2,experts=[]; c8:bw=51,experts=[10,11,15,17,20]; c1:bw=7,experts=[]; c4:bw=45,experts=[0,15,17,20]; c5:bw=55,experts=[0,2,6,17,20]; c7:bw=61,experts=[0,10,11,15,17,20]; c3:bw=36,experts=[15,17,20]; c9:bw=48,experts=[10,15,17,20]; c0:bw=2,experts=[]
   42 | 0.01000 |   1.8275 |   48.68% |   49.43% |    0:50.65
      bandwidth/experts | c5:bw=45,experts=[0,11,17,20]; c1:bw=44,experts=[28,29,30,31]; c3:bw=43,experts=[11,15,17,20]; c9:bw=46,experts=[0,15,17,20]; c6:bw=31,experts=[15,17,20]; c0:bw=13,experts=[10]; c7:bw=18,experts=[15]; c4:bw=49,experts=[11,15,17,20]; c8:bw=38,experts=[15,17,20]; c2:bw=36,experts=[15,17,20]
   43 | 0.01000 |   1.8250 |   51.50% |   51.50% |    0:50.46
      bandwidth/experts | c5:bw=48,experts=[0,15,17,20]; c1:bw=52,experts=[11,15,17,20,23]; c2:bw=46,experts=[11,15,17,20]; c8:bw=41,experts=[11,15,17,20]; c9:bw=29,experts=[15,17]; c7:bw=19,experts=[15]; c4:bw=31,experts=[15,17,20]; c6:bw=11,experts=[15]; c3:bw=58,experts=[0,11,15,17,20]; c0:bw=19,experts=[15]
   44 | 0.01000 |   1.8081 |   51.62% |   51.62% |    0:50.64
      bandwidth/experts | c0:bw=60,experts=[0,11,15,17,20,30]; c3:bw=42,experts=[11,15,17,20]; c4:bw=26,experts=[15,17]; c2:bw=33,experts=[15,17,20]; c7:bw=67,experts=[0,10,11,15,17,20]; c5:bw=22,experts=[6,17]; c6:bw=18,experts=[15]; c9:bw=33,experts=[15,17,20]; c8:bw=31,experts=[15,17,20]; c1:bw=40,experts=[11,15,17,20]
   45 | 0.01000 |   1.7960 |   51.10% |   51.62% |    0:50.57
      bandwidth/experts | c8:bw=49,experts=[11,15,17,20]; c0:bw=32,experts=[15,17,20]; c3:bw=60,experts=[0,10,11,15,17,20]; c4:bw=58,experts=[0,11,15,17,20]; c7:bw=32,experts=[15,17,20]; c2:bw=44,experts=[11,15,17,20]; c9:bw=22,experts=[15,17]; c6:bw=3,experts=[]; c5:bw=40,experts=[0,2,17,20]; c1:bw=50,experts=[0,11,15,17,20]
   46 | 0.01000 |   1.7813 |   52.64% |   52.64% |    0:50.32
      bandwidth/experts | c9:bw=33,experts=[15,17,20]; c3:bw=24,experts=[15,17]; c6:bw=35,experts=[15,17,20]; c1:bw=36,experts=[15,17,20]; c4:bw=57,experts=[6,11,15,17,20]; c5:bw=37,experts=[6,17,20]; c2:bw=51,experts=[0,11,15,17,20]; c8:bw=35,experts=[15,17,20]; c0:bw=49,experts=[11,15,17,20]; c7:bw=25,experts=[15,17]
   47 | 0.01000 |   1.7721 |   52.76% |   52.76% |    0:50.34
      bandwidth/experts | c5:bw=46,experts=[0,2,17,20]; c6:bw=20,experts=[15,17]; c7:bw=48,experts=[3,15,17,20]; c9:bw=15,experts=[15]; c8:bw=35,experts=[15,17,20]; c3:bw=63,experts=[0,10,11,15,17,20]; c4:bw=9,experts=[]; c0:bw=41,experts=[11,15,17,20]; c1:bw=27,experts=[15,17]; c2:bw=49,experts=[11,15,17,20]
   48 | 0.01000 |   1.7657 |   51.60% |   52.76% |    0:50.52
      bandwidth/experts | c1:bw=45,experts=[11,15,17,20]; c8:bw=45,experts=[11,15,17,20]; c4:bw=60,experts=[0,11,15,17,20,30]; c2:bw=51,experts=[10,11,15,17,20]; c9:bw=47,experts=[11,15,17,20]; c6:bw=41,experts=[11,15,17,20]; c5:bw=50,experts=[0,1,6,17,20]; c7:bw=56,experts=[10,11,15,17,20]; c0:bw=14,experts=[3]; c3:bw=16,experts=[15]
   49 | 0.01000 |   1.7608 |   53.64% |   53.64% |    0:50.44
      bandwidth/experts | c4:bw=43,experts=[11,15,17,20]; c3:bw=29,experts=[15,17]; c8:bw=24,experts=[15,17]; c0:bw=18,experts=[15]; c2:bw=53,experts=[0,11,15,17,20]; c5:bw=50,experts=[0,2,6,17,20]; c6:bw=11,experts=[15]; c7:bw=40,experts=[11,15,17,20]; c9:bw=48,experts=[11,15,17,20]; c1:bw=49,experts=[11,15,17,20]
   50 | 0.01000 |   1.7448 |   52.96% |   53.64% |    0:50.56
      bandwidth/experts | c8:bw=29,experts=[15,17]; c4:bw=7,experts=[]; c7:bw=31,experts=[15,17,20]; c6:bw=61,experts=[0,10,11,15,17,20]; c2:bw=57,experts=[8,11,15,17,20]; c1:bw=58,experts=[0,11,15,17,20]; c3:bw=35,experts=[15,17,20]; c0:bw=26,experts=[15,17]; c9:bw=24,experts=[15,17]; c5:bw=28,experts=[17,20]
   51 | 0.01000 |   1.7427 |   54.36% |   54.36% |    0:50.50
      bandwidth/experts | c5:bw=43,experts=[0,17,20,30]; c0:bw=48,experts=[11,15,17,20]; c1:bw=19,experts=[15]; c2:bw=18,experts=[15]; c8:bw=41,experts=[11,15,17,20]; c6:bw=47,experts=[11,15,17,20]; c9:bw=16,experts=[15]; c3:bw=50,experts=[11,15,17,20,23]; c4:bw=10,experts=[15]; c7:bw=24,experts=[15,17]
   52 | 0.01000 |   1.7299 |   53.81% |   54.36% |    0:50.70
      bandwidth/experts | c0:bw=41,experts=[11,15,17,20]; c8:bw=16,experts=[15]; c5:bw=22,experts=[17,20]; c7:bw=31,experts=[15,17,20]; c1:bw=36,experts=[15,17,20]; c4:bw=30,experts=[15,17,20]; c9:bw=28,experts=[15,17]; c6:bw=46,experts=[8,15,17,20]; c2:bw=26,experts=[15,17]; c3:bw=38,experts=[15,17,20]
   53 | 0.01000 |   1.7244 |   54.38% |   54.38% |    0:50.63
      bandwidth/experts | c8:bw=20,experts=[15,17]; c4:bw=25,experts=[15,17]; c5:bw=40,experts=[2,6,17,20]; c1:bw=53,experts=[0,11,15,17,20]; c3:bw=42,experts=[11,15,17,20]; c9:bw=55,experts=[0,11,15,17,20]; c6:bw=32,experts=[15,17,20]; c7:bw=39,experts=[15,17,20]; c0:bw=35,experts=[15,17,20]; c2:bw=46,experts=[11,15,17,20]
   54 | 0.01000 |   1.7081 |   53.97% |   54.38% |    0:50.56
      bandwidth/experts | c2:bw=7,experts=[]; c1:bw=47,experts=[11,15,17,20]; c8:bw=50,experts=[6,11,15,17,20]; c7:bw=55,experts=[0,11,15,17,20]; c3:bw=27,experts=[15,17]; c0:bw=33,experts=[15,17,20]; c6:bw=49,experts=[11,15,17,20]; c5:bw=2,experts=[]; c9:bw=45,experts=[11,15,17,20]; c4:bw=28,experts=[15,17]
   55 | 0.01000 |   1.7083 |   55.25% |   55.25% |    0:50.71
      bandwidth/experts | c7:bw=49,experts=[11,15,17,20]; c2:bw=37,experts=[15,17,20]; c4:bw=13,experts=[15]; c3:bw=47,experts=[11,15,17,20]; c8:bw=12,experts=[15]; c5:bw=48,experts=[6,15,17,20]; c1:bw=54,experts=[10,11,15,17,20]; c6:bw=38,experts=[15,17,20]; c0:bw=25,experts=[15,17]; c9:bw=56,experts=[0,11,15,17,20]
   56 | 0.01000 |   1.6956 |   53.80% |   55.25% |    0:50.68
      bandwidth/experts | c9:bw=47,experts=[11,15,17,20]; c1:bw=50,experts=[2,11,15,17,20]; c3:bw=8,experts=[]; c2:bw=48,experts=[11,15,17,20]; c5:bw=28,experts=[17,20]; c4:bw=8,experts=[]; c8:bw=12,experts=[15]; c7:bw=16,experts=[15]; c6:bw=21,experts=[15,17]; c0:bw=63,experts=[0,10,11,15,17,20]
   57 | 0.01000 |   1.6931 |   55.73% |   55.73% |    0:50.55
      bandwidth/experts | c3:bw=57,experts=[11,15,17,20,23]; c8:bw=38,experts=[15,17,20]; c6:bw=43,experts=[11,15,17,20]; c1:bw=44,experts=[6,15,17,20]; c7:bw=62,experts=[0,10,11,15,17,20]; c0:bw=63,experts=[0,10,11,15,17,20]; c5:bw=39,experts=[6,17,20]; c4:bw=37,experts=[15,17,20]; c2:bw=29,experts=[15,17]; c9:bw=17,experts=[15]
   58 | 0.01000 |   1.6831 |   55.02% |   55.73% |    0:50.50
      bandwidth/experts | c7:bw=22,experts=[15,17]; c2:bw=4,experts=[]; c9:bw=51,experts=[0,11,15,17,20]; c6:bw=49,experts=[11,15,17,20]; c5:bw=31,experts=[6,17,20]; c1:bw=27,experts=[15,17]; c8:bw=36,experts=[15,17,20]; c4:bw=34,experts=[15,17,20]; c3:bw=55,experts=[11,15,17,18,20]; c0:bw=43,experts=[11,15,17,20]
   59 | 0.01000 |   1.6748 |   55.17% |   55.73% |    0:50.65
      bandwidth/experts | c2:bw=33,experts=[15,17,20]; c8:bw=50,experts=[0,11,15,17,20]; c9:bw=25,experts=[15,17]; c6:bw=17,experts=[15]; c1:bw=59,experts=[0,11,15,17,20]; c4:bw=23,experts=[15,17]; c7:bw=25,experts=[15,17]; c5:bw=29,experts=[17,20]; c0:bw=47,experts=[11,15,17,20]; c3:bw=32,experts=[15,17,20]
   60 | 0.01000 |   1.6681 |   55.28% |   55.73% |    0:50.67
      bandwidth/experts | c0:bw=48,experts=[0,15,17,20]; c7:bw=43,experts=[11,15,17,20]; c4:bw=27,experts=[15,17]; c2:bw=27,experts=[15,17]; c5:bw=30,experts=[6,17,20]; c8:bw=22,experts=[15,17]; c6:bw=53,experts=[6,11,15,17,20]; c9:bw=7,experts=[]; c1:bw=48,experts=[11,15,17,20]; c3:bw=39,experts=[15,17,20]
   61 | 0.01000 |   1.6644 |   56.58% |   56.58% |    0:50.70
      bandwidth/experts | c5:bw=44,experts=[11,15,17,20]; c6:bw=33,experts=[15,17,20]; c2:bw=26,experts=[15,17]; c9:bw=34,experts=[15,17,20]; c1:bw=30,experts=[15,17,20]; c3:bw=39,experts=[15,17,20]; c8:bw=50,experts=[0,11,15,17,20]; c4:bw=34,experts=[15,17,20]; c7:bw=39,experts=[15,17,20]; c0:bw=54,experts=[0,11,15,17,20]
   62 | 0.01000 |   1.6528 |   56.57% |   56.58% |    0:50.69
      bandwidth/experts | c8:bw=12,experts=[15]; c6:bw=56,experts=[6,11,15,17,20]; c9:bw=15,experts=[15]; c4:bw=54,experts=[0,11,15,17,20]; c5:bw=60,experts=[0,2,6,17,20,30]; c0:bw=25,experts=[15,17]; c3:bw=47,experts=[11,15,17,20]; c2:bw=38,experts=[15,17,20]; c1:bw=67,experts=[0,6,11,15,17,20]; c7:bw=40,experts=[11,15,17,20]
   63 | 0.01000 |   1.6393 |   56.27% |   56.58% |    0:50.61
      bandwidth/experts | c5:bw=8,experts=[]; c9:bw=19,experts=[15]; c6:bw=30,experts=[15,17,20]; c3:bw=47,experts=[11,15,17,20]; c8:bw=28,experts=[15,17]; c1:bw=45,experts=[11,15,17,20]; c7:bw=62,experts=[0,10,11,15,17,20]; c0:bw=37,experts=[15,17,20]; c2:bw=25,experts=[15,17]; c4:bw=47,experts=[11,15,17,20]
   64 | 0.01000 |   1.6370 |   55.24% |   56.58% |    0:50.53
      bandwidth/experts | c6:bw=45,experts=[1,2,15,17]; c4:bw=34,experts=[1,2,3]; c5:bw=21,experts=[4,5]; c3:bw=34,experts=[1,2,15]; c7:bw=30,experts=[1,4,5]; c0:bw=28,experts=[1,2]; c8:bw=48,experts=[1,15,17,20]; c9:bw=53,experts=[1,2,15,17,20]; c2:bw=50,experts=[1,2,3,4,15]; c1:bw=26,experts=[1,15]
   65 | 0.01000 |   1.6305 |   53.24% |   56.58% |    0:50.58
      bandwidth/experts | c7:bw=8,experts=[]; c5:bw=26,experts=[7,8]; c4:bw=51,experts=[4,5,7,8,15]; c6:bw=45,experts=[3,4,5,15]; c8:bw=59,experts=[3,4,5,15,17]; c3:bw=38,experts=[3,4,5]; c0:bw=37,experts=[4,5,6]; c2:bw=25,experts=[5,6]; c1:bw=52,experts=[3,4,15,17,20]; c9:bw=42,experts=[3,4,5,15]
   66 | 0.01000 |   1.6331 |   54.22% |   56.58% |    0:50.43
      bandwidth/experts | c2:bw=37,experts=[7,9,12]; c5:bw=15,experts=[9]; c1:bw=49,experts=[5,7,8,9]; c8:bw=22,experts=[7,8]; c9:bw=28,experts=[6,7]; c6:bw=27,experts=[7,9]; c4:bw=37,experts=[9,12,13]; c0:bw=34,experts=[7,8,9]; c3:bw=60,experts=[6,7,8,9,12,13]; c7:bw=45,experts=[6,7,8,9]
   67 | 0.01000 |   1.6170 |   48.19% |   56.58% |    0:50.65
      bandwidth/experts | c4:bw=46,experts=[14,15,16,18]; c5:bw=43,experts=[12,13,14,16]; c1:bw=33,experts=[12,13,15]; c3:bw=23,experts=[14,16]; c6:bw=48,experts=[12,13,14,16]; c0:bw=29,experts=[12,13]; c2:bw=39,experts=[13,14,16]; c9:bw=54,experts=[8,9,12,13,14]; c7:bw=53,experts=[12,13,14,16,18]; c8:bw=8,experts=[]
   68 | 0.01000 |   1.6224 |   41.87% |   56.58% |    0:50.60
      bandwidth/experts | c1:bw=38,experts=[15,17,20]; c8:bw=28,experts=[9,12]; c2:bw=52,experts=[18,19,21,22,23]; c0:bw=27,experts=[14,16]; c3:bw=23,experts=[19,21]; c4:bw=44,experts=[19,21,22,23]; c5:bw=40,experts=[18,19,21,22]; c9:bw=14,experts=[16]; c7:bw=25,experts=[19,21]; c6:bw=29,experts=[18,19]
   69 | 0.01000 |   1.6266 |   48.37% |   56.58% |    0:50.45
      bandwidth/experts | c3:bw=37,experts=[22,24,25]; c7:bw=53,experts=[22,23,24,25,26]; c1:bw=28,experts=[14,15]; c4:bw=37,experts=[24,25,26]; c9:bw=32,experts=[18,19,21]; c5:bw=35,experts=[24,25,26]; c0:bw=47,experts=[18,19,21,22]; c2:bw=60,experts=[15,17,20,24,25,26]; c8:bw=38,experts=[13,14,16]; c6:bw=24,experts=[21,22]
   70 | 0.01000 |   1.6129 |   38.66% |   56.58% |    0:50.61
      bandwidth/experts | c1:bw=22,experts=[16,18]; c9:bw=2,experts=[]; c7:bw=25,experts=[27,28]; c3:bw=28,experts=[26,27]; c0:bw=27,experts=[23,24]; c6:bw=23,experts=[24,25]; c2:bw=50,experts=[11,15,17,20,29]; c4:bw=52,experts=[10,27,28,29,31]; c5:bw=20,experts=[27,28]; c8:bw=43,experts=[18,19,21,22]
   71 | 0.01000 |   1.6226 |   51.34% |   56.58% |    0:50.73
      bandwidth/experts | c4:bw=38,experts=[15,17,20]; c0:bw=15,experts=[25]; c1:bw=47,experts=[19,21,22,24]; c9:bw=36,experts=[22,24,25]; c7:bw=18,experts=[29]; c5:bw=30,experts=[3,29,31]; c3:bw=55,experts=[15,28,29,30,31]; c6:bw=45,experts=[26,27,28,29]; c8:bw=35,experts=[23,24,25]; c2:bw=55,experts=[15,17,20,27,28]
   72 | 0.01000 |   1.5952 |   52.49% |   56.58% |    0:50.93
      bandwidth/experts | c8:bw=27,experts=[26,27]; c1:bw=36,experts=[25,26,27]; c5:bw=39,experts=[10,17,23]; c7:bw=43,experts=[2,15,30,31]; c6:bw=17,experts=[30]; c0:bw=47,experts=[26,27,28,29]; c3:bw=21,experts=[15,17]; c2:bw=21,experts=[30,31]; c9:bw=34,experts=[26,27,28]; c4:bw=35,experts=[15,17,20]
   73 | 0.01000 |   1.5947 |   55.77% |   56.58% |    0:50.88
      bandwidth/experts | c2:bw=42,experts=[11,15,17,20]; c8:bw=9,experts=[]; c3:bw=36,experts=[15,17,20]; c1:bw=59,experts=[0,11,15,17,20]; c5:bw=15,experts=[17]; c9:bw=47,experts=[23,29,30,31]; c0:bw=25,experts=[15,31]; c7:bw=33,experts=[15,17,20]; c6:bw=18,experts=[23]; c4:bw=37,experts=[15,17,20]
   74 | 0.01000 |   1.5794 |   53.44% |   56.58% |    0:50.65
      bandwidth/experts | c3:bw=6,experts=[]; c0:bw=36,experts=[15,17,20]; c1:bw=25,experts=[28,29]; c5:bw=45,experts=[0,11,17,20]; c7:bw=58,experts=[0,11,15,17,20]; c8:bw=25,experts=[28,29]; c6:bw=7,experts=[]; c2:bw=5,experts=[]; c4:bw=42,experts=[11,15,17,20]; c9:bw=29,experts=[10,15]
   75 | 0.01000 |   1.5758 |   57.98% |   57.98% |    0:50.70
      bandwidth/experts | c2:bw=36,experts=[15,17,20]; c9:bw=55,experts=[0,11,15,17,20]; c1:bw=49,experts=[15,23,30,31]; c3:bw=18,experts=[15]; c7:bw=26,experts=[15,17]; c6:bw=50,experts=[11,15,17,20,31]; c5:bw=28,experts=[17,20]; c4:bw=51,experts=[0,11,15,17,20]; c0:bw=54,experts=[0,11,15,17,20]; c8:bw=48,experts=[2,10,30,31]
   76 | 0.01000 |   1.5665 |   57.36% |   57.98% |    0:50.68
      bandwidth/experts | c8:bw=26,experts=[15,17]; c5:bw=33,experts=[0,17,20]; c0:bw=28,experts=[15,30]; c3:bw=13,experts=[15]; c2:bw=22,experts=[15,17]; c6:bw=21,experts=[15,17]; c7:bw=60,experts=[0,10,11,15,17,20]; c4:bw=54,experts=[1,11,15,17,20]; c9:bw=51,experts=[0,11,15,17,20]; c1:bw=48,experts=[0,15,17,20]
   77 | 0.01000 |   1.5568 |   57.77% |   57.98% |    0:50.79
      bandwidth/experts | c9:bw=26,experts=[15,17]; c2:bw=31,experts=[15,17,20]; c1:bw=56,experts=[10,11,15,17,20]; c8:bw=1,experts=[]; c4:bw=4,experts=[]; c7:bw=8,experts=[]; c6:bw=51,experts=[0,11,15,17,20]; c0:bw=57,experts=[0,11,15,17,20]; c3:bw=36,experts=[15,17,20]; c5:bw=53,experts=[0,11,15,17,20]
   78 | 0.01000 |   1.5499 |   59.05% |   59.05% |    0:50.77
      bandwidth/experts | c0:bw=24,experts=[15,17]; c4:bw=21,experts=[6,15]; c3:bw=34,experts=[15,17,20]; c7:bw=33,experts=[15,17,20]; c8:bw=48,experts=[11,15,17,20]; c1:bw=37,experts=[15,17,20]; c9:bw=28,experts=[15,17]; c6:bw=52,experts=[0,11,15,17,20]; c5:bw=57,experts=[0,1,11,17,20]; c2:bw=31,experts=[15,17,20]
   79 | 0.01000 |   1.5450 |   58.53% |   59.05% |    0:50.83
      bandwidth/experts | c6:bw=19,experts=[15]; c9:bw=8,experts=[]; c0:bw=32,experts=[15,17,20]; c4:bw=76,experts=[0,10,11,15,17,18,20]; c7:bw=41,experts=[3,15,17,20]; c8:bw=40,experts=[11,15,17,20]; c5:bw=48,experts=[0,6,17,20]; c3:bw=24,experts=[0,10]; c1:bw=33,experts=[15,17,20]; c2:bw=30,experts=[15,17,20]
   80 | 0.01000 |   1.5416 |   58.65% |   59.05% |    0:50.71
      bandwidth/experts | c5:bw=59,experts=[0,1,6,17,20]; c9:bw=47,experts=[11,15,17,20]; c7:bw=43,experts=[11,15,17,20]; c1:bw=28,experts=[15,17]; c3:bw=28,experts=[15,17]; c4:bw=52,experts=[11,15,17,20,30]; c2:bw=39,experts=[10,15,17]; c0:bw=43,experts=[3,15,17,20]; c6:bw=35,experts=[15,17,20]; c8:bw=46,experts=[11,15,17,20]
   81 | 0.01000 |   1.5334 |   58.53% |   59.05% |    0:52.53
      bandwidth/experts | c6:bw=46,experts=[11,15,17,20]; c2:bw=40,experts=[0,15,17,20]; c3:bw=60,experts=[0,10,11,15,17,20]; c1:bw=44,experts=[2,15,17,20]; c4:bw=38,experts=[15,17,20]; c5:bw=27,experts=[6,17]; c9:bw=24,experts=[15,17]; c7:bw=52,experts=[0,11,15,17,20]; c8:bw=43,experts=[11,15,17,20]; c0:bw=45,experts=[11,15,17,20]
   82 | 0.01000 |   1.5285 |   58.89% |   59.05% |    0:55.58
      bandwidth/experts | c1:bw=58,experts=[7,11,15,17,20]; c0:bw=27,experts=[15,17]; c6:bw=33,experts=[10,15,17]; c8:bw=52,experts=[0,11,15,17,20]; c7:bw=36,experts=[15,17,20]; c3:bw=35,experts=[15,17,20]; c2:bw=27,experts=[8,15]; c9:bw=50,experts=[0,11,15,17,20]; c5:bw=36,experts=[6,17,20]; c4:bw=27,experts=[15,17]
   83 | 0.01000 |   1.5279 |   58.70% |   59.05% |    0:54.05
      bandwidth/experts | c9:bw=46,experts=[11,15,17,20]; c4:bw=9,experts=[]; c2:bw=37,experts=[15,17,20]; c7:bw=34,experts=[15,17,20]; c5:bw=2,experts=[]; c0:bw=1,experts=[]; c6:bw=47,experts=[11,15,17,20]; c1:bw=57,experts=[0,11,15,17,20]; c8:bw=35,experts=[15,17,20]; c3:bw=38,experts=[15,17,20]
   84 | 0.01000 |   1.5160 |   58.63% |   59.05% |    0:54.34
      bandwidth/experts | c8:bw=60,experts=[0,10,11,15,17,20]; c3:bw=29,experts=[15,17]; c1:bw=52,experts=[8,11,15,17,20]; c6:bw=3,experts=[]; c9:bw=18,experts=[15]; c2:bw=33,experts=[15,17,20]; c7:bw=42,experts=[11,15,17,20]; c5:bw=18,experts=[17]; c4:bw=25,experts=[15,17]; c0:bw=9,experts=[]
   85 | 0.01000 |   1.5129 |   59.20% |   59.20% |    0:53.90
      bandwidth/experts | c0:bw=34,experts=[15,17,20]; c2:bw=41,experts=[11,15,17,20]; c8:bw=63,experts=[10,11,15,17,20,23]; c6:bw=38,experts=[8,15,17]; c1:bw=51,experts=[0,11,15,17,20]; c4:bw=38,experts=[15,17,20]; c9:bw=52,experts=[10,11,15,17,20]; c3:bw=46,experts=[11,15,17,20]; c5:bw=11,experts=[17]; c7:bw=10,experts=[15]
   86 | 0.01000 |   1.5079 |   59.32% |   59.32% |    0:55.58
      bandwidth/experts | c5:bw=43,experts=[1,6,17,20]; c8:bw=25,experts=[6,15]; c2:bw=22,experts=[15,17]; c6:bw=50,experts=[0,11,15,17,20]; c0:bw=27,experts=[15,17]; c4:bw=16,experts=[15]; c7:bw=40,experts=[11,15,17,20]; c3:bw=25,experts=[15,17]; c1:bw=65,experts=[0,10,11,15,17,20]; c9:bw=38,experts=[15,17,20]
   87 | 0.01000 |   1.4975 |   59.22% |   59.32% |    0:54.80
      bandwidth/experts | c1:bw=26,experts=[15,17]; c2:bw=60,experts=[3,10,11,15,17,20]; c7:bw=20,experts=[15,17]; c5:bw=2,experts=[]; c6:bw=54,experts=[0,11,15,17,20]; c3:bw=61,experts=[0,11,15,17,18,20]; c4:bw=31,experts=[15,17,20]; c9:bw=34,experts=[15,17,20]; c8:bw=42,experts=[0,15,17,20]; c0:bw=31,experts=[15,17,20]
   88 | 0.01000 |   1.5042 |   59.80% |   59.80% |    0:54.33
      bandwidth/experts | c8:bw=39,experts=[15,17,20]; c6:bw=24,experts=[15,17]; c3:bw=29,experts=[15,17]; c7:bw=37,experts=[15,17,20]; c0:bw=56,experts=[10,11,15,17,20]; c4:bw=34,experts=[15,17,20]; c9:bw=28,experts=[15,17]; c1:bw=25,experts=[15,17]; c5:bw=27,experts=[15,17]; c2:bw=41,experts=[11,15,17,20]
   89 | 0.01000 |   1.4982 |   60.32% |   60.32% |    0:56.14
      bandwidth/experts | c3:bw=28,experts=[15,23]; c8:bw=66,experts=[0,10,11,15,17,20]; c2:bw=40,experts=[11,15,17,20]; c9:bw=54,experts=[10,11,15,17,20]; c7:bw=19,experts=[15]; c5:bw=41,experts=[2,6,17,20]; c0:bw=11,experts=[15]; c6:bw=28,experts=[15,17]; c4:bw=27,experts=[15,17]; c1:bw=37,experts=[15,17,20]
   90 | 0.01000 |   1.4830 |   60.36% |   60.36% |    0:58.69
      bandwidth/experts | c7:bw=64,experts=[0,11,15,17,20,30]; c1:bw=28,experts=[15,17]; c3:bw=32,experts=[15,17,20]; c9:bw=57,experts=[11,15,17,20,23]; c0:bw=57,experts=[0,11,15,17,20]; c6:bw=23,experts=[15,17]; c2:bw=19,experts=[15]; c5:bw=24,experts=[17,20]; c8:bw=45,experts=[11,15,17,20]; c4:bw=32,experts=[15,17,20]
   91 | 0.01000 |   1.4823 |   59.78% |   60.36% |    0:56.16
      bandwidth/experts | c1:bw=45,experts=[11,15,17,20]; c9:bw=32,experts=[15,17,20]; c5:bw=47,experts=[0,11,17,20]; c7:bw=46,experts=[11,15,17,20]; c3:bw=36,experts=[11,15,17]; c4:bw=49,experts=[11,15,17,20]; c0:bw=20,experts=[15,17]; c6:bw=26,experts=[15,17]; c2:bw=10,experts=[15]; c8:bw=20,experts=[15,17]
   92 | 0.01000 |   1.4833 |   60.55% |   60.55% |    0:55.97
      bandwidth/experts | c3:bw=26,experts=[15,17]; c7:bw=31,experts=[15,17,20]; c1:bw=18,experts=[15]; c0:bw=27,experts=[15,17]; c8:bw=17,experts=[15]; c6:bw=41,experts=[0,15,17,20]; c9:bw=50,experts=[10,11,15,17,20]; c2:bw=23,experts=[15,17]; c5:bw=59,experts=[0,6,11,17,20]; c4:bw=24,experts=[15,17]
   93 | 0.01000 |   1.4728 |   60.41% |   60.55% |    0:55.87
      bandwidth/experts | c1:bw=42,experts=[11,15,17,20]; c3:bw=28,experts=[15,17]; c7:bw=20,experts=[15,17]; c9:bw=52,experts=[0,11,15,17,20]; c6:bw=20,experts=[15,17]; c8:bw=4,experts=[]; c5:bw=7,experts=[]; c4:bw=29,experts=[15,17]; c0:bw=17,experts=[15]; c2:bw=46,experts=[11,15,17,20]
   94 | 0.01000 |   1.4663 |   59.82% |   60.55% |    0:51.99
      bandwidth/experts | c7:bw=40,experts=[11,15,17,20]; c2:bw=58,experts=[0,11,15,17,20]; c5:bw=36,experts=[17,20,30]; c4:bw=28,experts=[15,17]; c6:bw=27,experts=[6,15]; c9:bw=45,experts=[11,15,17,20]; c1:bw=63,experts=[0,6,11,15,17,20]; c8:bw=7,experts=[]; c0:bw=50,experts=[0,11,15,17,20]; c3:bw=31,experts=[15,17,20]
   95 | 0.01000 |   1.4628 |   60.56% |   60.56% |    0:51.75
      bandwidth/experts | c7:bw=53,experts=[10,11,15,17,20]; c9:bw=38,experts=[15,17,20]; c4:bw=14,experts=[15]; c6:bw=36,experts=[15,17,20]; c0:bw=31,experts=[15,17,20]; c3:bw=36,experts=[15,17,20]; c1:bw=28,experts=[15,17]; c8:bw=68,experts=[10,11,15,17,20,30]; c2:bw=21,experts=[15,17]; c5:bw=8,experts=[]
   96 | 0.01000 |   1.4532 |   59.80% |   60.56% |    0:52.56
      bandwidth/experts | c2:bw=58,experts=[1,2,4,15,17]; c9:bw=40,experts=[1,2,15,17]; c3:bw=41,experts=[1,2,15,17]; c1:bw=32,experts=[1,15,17]; c5:bw=54,experts=[0,4,5,17,20]; c4:bw=44,experts=[2,3,15,17]; c6:bw=28,experts=[1,2]; c7:bw=45,experts=[1,4,5,15]; c0:bw=32,experts=[1,2,15]; c8:bw=58,experts=[1,11,15,17,20]
   97 | 0.01000 |   1.4518 |   57.77% |   60.56% |    0:52.12
      bandwidth/experts | c0:bw=37,experts=[4,5,6]; c9:bw=39,experts=[3,4,5]; c8:bw=39,experts=[3,4,5]; c4:bw=15,experts=[4]; c7:bw=27,experts=[15,17]; c1:bw=45,experts=[3,4,15,17]; c3:bw=31,experts=[3,4,5]; c5:bw=42,experts=[7,8,17,20]; c6:bw=45,experts=[3,4,5,15]; c2:bw=49,experts=[5,6,15,17]
   98 | 0.01000 |   1.4537 |   50.09% |   60.56% |    0:51.24
      bandwidth/experts | c4:bw=47,experts=[5,7,8,9]; c8:bw=48,experts=[7,8,15,17]; c9:bw=24,experts=[6,7]; c7:bw=21,experts=[6,7]; c6:bw=33,experts=[7,9,15]; c5:bw=44,experts=[0,9,17,20]; c0:bw=30,experts=[7,8,9]; c3:bw=23,experts=[6,7]; c1:bw=24,experts=[5,9]; c2:bw=22,experts=[7,9]
   99 | 0.01000 |   1.4575 |   55.19% |   60.56% |    0:50.96
      bandwidth/experts | c8:bw=30,experts=[15,17,20]; c5:bw=44,experts=[12,13,14,16]; c7:bw=41,experts=[8,9,12,13]; c1:bw=53,experts=[12,13,15,17,20]; c3:bw=34,experts=[8,9,12]; c9:bw=18,experts=[8]; c4:bw=22,experts=[12,13]; c0:bw=36,experts=[12,13,15]; c2:bw=28,experts=[12,13]; c6:bw=31,experts=[12,13,14]
  100 | 0.01000 |   1.4509 |   57.28% |   60.56% |    0:51.43
      bandwidth/experts | c2:bw=27,experts=[14,16]; c8:bw=40,experts=[9,12,15,17]; c9:bw=48,experts=[9,12,13,14]; c5:bw=17,experts=[18]; c6:bw=40,experts=[15,16,18,19]; c1:bw=16,experts=[15]; c4:bw=59,experts=[14,16,19,21,22]; c7:bw=6,experts=[]; c3:bw=37,experts=[13,14,16]; c0:bw=58,experts=[14,15,16,17,20]

Done. Best Acc: 60.56% @ round 95
Total time: 1:26:09.31
[Export] 实验目录: /userhome/cs3/duanty/FedMoE/results/exp10-c100-vgg11-e32-bw1-80-posthoc/20260925-193607
[Export] 每轮明细: /userhome/cs3/duanty/FedMoE/results/exp10-c100-vgg11-e32-bw1-80-posthoc/20260925-193607/rounds.xlsx
[Export] 总体摘要: /userhome/cs3/duanty/FedMoE/results/exp10-c100-vgg11-e32-bw1-80-posthoc/20260925-193607/summary.xlsx
[Plot] result = /userhome/cs3/duanty/FedMoE/results/exp10-c100-vgg11-e32-bw1-80-posthoc/20260925-193607
[Plot] figures -> /userhome/cs3/duanty/FedMoE/results/exp10-c100-vgg11-e32-bw1-80-posthoc/20260925-193607/figure
  fig01_test_accuracy.pdf
  fig02_train_loss.pdf
  fig03_acc_and_loss.pdf
  fig04_bandwidth_and_k.pdf
  fig05_expert_round_heatmap.pdf
  fig06_client_expert_heatmap.pdf
  fig07_expert_frequency.pdf
  fig08_time_breakdown.pdf
  fig09_accuracy_vs_communication.pdf
  fig10_overview.pdf
[Export] 图片目录: /userhome/cs3/duanty/FedMoE/results/exp10-c100-vgg11-e32-bw1-80-posthoc/20260925-193607/figure
