========================================
Job    : exp11-c100-resnet-probe-agreement
Host   : gpu-4090-101
Date   : Sat Sep 26 04:58:53 HKT 2026
GPU    : 0
Python : /userhome/cs3/duanty/miniconda3/envs/moe/bin/python
Command: python -u probe_agreement.py --dataset cifar100 --backbone resnet --method ours --select ours --merge ours --device cuda --num_experts 8 --num_clients 10 --rounds 100 --bw_min 10 --bw_max 80 --k_min 1 --k_max 3 --output_dir ./results/exp11-c100-resnet-probe-agreement
========================================

[Partition] Dirichlet beta=0.1, 10 clients
  Client 0:   4573 samples | 45/100 classes
  Client 1:   4218 samples | 54/100 classes
  Client 2:   3656 samples | 48/100 classes
  Client 3:   5018 samples | 43/100 classes
  Client 4:   6664 samples | 52/100 classes
  Client 5:   6137 samples | 45/100 classes
  Client 6:   6582 samples | 49/100 classes
  Client 7:   4512 samples | 39/100 classes
  Client 8:   5219 samples | 46/100 classes
  Client 9:   3421 samples | 100/100 classes

[Export] /userhome/cs3/duanty/FedMoE/results/exp11-c100-resnet-probe-agreement/20260926-045857
[Probe] cifar100 / resnet | experts=8 | clients=10 | tight K=[1, 3] | bw=[10, 80]
    1 | loss 3.7791 | acc   1.55% | best   1.55% | tight 4 | total 4 | stop 16.00 | agree 100.0% | 1:03.24
    2 | loss 3.3071 | acc   3.81% | best   3.81% | tight 4 | total 8 | stop 14.12 | agree 100.0% | 1:02.75
    3 | loss 3.1859 | acc   6.09% | best   6.09% | tight 5 | total 13 | stop 12.54 | agree 100.0% | 1:05.56
    4 | loss 3.0934 | acc   8.94% | best   8.94% | tight 3 | total 16 | stop 13.19 | agree 100.0% | 1:01.38
    5 | loss 3.0042 | acc  12.46% | best  12.46% | tight 4 | total 20 | stop 13.00 | agree 100.0% | 1:02.14
    6 | loss 2.8798 | acc  15.51% | best  15.51% | tight 6 | total 26 | stop 13.12 | agree 100.0% | 1:10.44
    7 | loss 2.7644 | acc  18.44% | best  18.44% | tight 7 | total 33 | stop 11.91 | agree 100.0% | 1:10.43
    8 | loss 2.7665 | acc  18.94% | best  18.94% | tight 6 | total 39 | stop 11.77 | agree 100.0% | 1:09.30
    9 | loss 2.6159 | acc  22.06% | best  22.06% | tight 6 | total 45 | stop 11.67 | agree 100.0% | 1:07.18
   10 | loss 2.5005 | acc  25.07% | best  25.07% | tight 5 | total 50 | stop 12.10 | agree 98.0% | 1:05.30
   11 | loss 2.4295 | acc  27.70% | best  27.70% | tight 6 | total 56 | stop 12.25 | agree 96.4% | 1:08.77
   12 | loss 2.3626 | acc  29.54% | best  29.54% | tight 4 | total 60 | stop 12.50 | agree 96.7% | 1:06.89
   13 | loss 2.3801 | acc  29.96% | best  29.96% | tight 8 | total 68 | stop 12.03 | agree 95.6% | 1:13.34
   14 | loss 2.2558 | acc  32.98% | best  32.98% | tight 6 | total 74 | stop 12.15 | agree 95.9% | 1:08.85
   15 | loss 2.2169 | acc  35.12% | best  35.12% | tight 6 | total 80 | stop 11.69 | agree 96.2% | 1:08.57
   16 | loss 2.2426 | acc  35.01% | best  35.12% | tight 4 | total 84 | stop 11.89 | agree 96.4% | 1:05.34
   17 | loss 2.2101 | acc  38.12% | best  38.12% | tight 8 | total 92 | stop 11.60 | agree 96.7% | 1:12.80
   18 | loss 2.0974 | acc  40.06% | best  40.06% | tight 7 | total 99 | stop 11.45 | agree 97.0% | 1:11.77
   19 | loss 2.0691 | acc  41.29% | best  41.29% | tight 4 | total 103 | stop 11.49 | agree 97.1% | 1:05.09
   20 | loss 2.0615 | acc  42.92% | best  42.92% | tight 4 | total 107 | stop 11.23 | agree 97.2% | 1:04.65
   21 | loss 2.0287 | acc  42.66% | best  42.92% | tight 7 | total 114 | stop 11.00 | agree 97.4% | 1:11.82
   22 | loss 2.0025 | acc  44.51% | best  44.51% | tight 6 | total 120 | stop 10.88 | agree 97.5% | 1:10.37
   23 | loss 1.9571 | acc  45.03% | best  45.03% | tight 6 | total 126 | stop 10.64 | agree 97.6% | 1:09.90
   24 | loss 2.0544 | acc  41.42% | best  45.03% | tight 8 | total 134 | stop 10.40 | agree 97.8% | 1:13.47
   25 | loss 1.9477 | acc  47.28% | best  47.28% | tight 3 | total 137 | stop 10.20 | agree 97.8% | 1:04.41
   26 | loss 1.9011 | acc  48.36% | best  48.36% | tight 6 | total 143 | stop 10.34 | agree 96.5% | 1:09.86
   27 | loss 1.8721 | acc  48.68% | best  48.68% | tight 6 | total 149 | stop 10.36 | agree 96.6% | 1:10.59
   28 | loss 1.8619 | acc  49.42% | best  49.42% | tight 8 | total 157 | stop 10.27 | agree 96.8% | 1:14.93
   29 | loss 1.8420 | acc  49.94% | best  49.94% | tight 7 | total 164 | stop 10.42 | agree 97.0% | 1:11.07
   30 | loss 1.8679 | acc  50.11% | best  50.11% | tight 5 | total 169 | stop 10.32 | agree 97.0% | 1:07.77
   31 | loss 1.8280 | acc  51.92% | best  51.92% | tight 6 | total 175 | stop 10.34 | agree 97.1% | 1:10.87
   32 | loss 1.8089 | acc  51.25% | best  51.92% | tight 6 | total 181 | stop 10.53 | agree 97.2% | 1:10.44
   33 | loss 1.7728 | acc  52.49% | best  52.49% | tight 4 | total 185 | stop 10.65 | agree 97.3% | 1:07.51
   34 | loss 1.7631 | acc  53.25% | best  53.25% | tight 2 | total 187 | stop 10.71 | agree 97.3% | 1:02.24
   35 | loss 1.7479 | acc  54.19% | best  54.19% | tight 5 | total 192 | stop 10.84 | agree 97.4% | 1:08.28
   36 | loss 1.7428 | acc  53.49% | best  54.19% | tight 4 | total 196 | stop 10.87 | agree 97.4% | 1:06.06
   37 | loss 1.7242 | acc  53.48% | best  54.19% | tight 6 | total 202 | stop 10.88 | agree 97.5% | 1:11.05
   38 | loss 1.7324 | acc  54.18% | best  54.19% | tight 6 | total 208 | stop 10.81 | agree 97.6% | 1:10.02
   39 | loss 1.7006 | acc  54.96% | best  54.96% | tight 6 | total 214 | stop 10.88 | agree 97.7% | 1:08.91
   40 | loss 1.6878 | acc  55.31% | best  55.31% | tight 5 | total 219 | stop 10.86 | agree 97.7% | 1:09.08
   41 | loss 1.7102 | acc  54.72% | best  55.31% | tight 3 | total 222 | stop 10.73 | agree 97.7% | 1:05.21
   42 | loss 1.6746 | acc  55.92% | best  55.92% | tight 3 | total 225 | stop 10.73 | agree 97.8% | 1:05.77
   43 | loss 1.6543 | acc  56.24% | best  56.24% | tight 5 | total 230 | stop 10.78 | agree 97.8% | 1:09.39
   44 | loss 1.6588 | acc  57.22% | best  57.22% | tight 6 | total 236 | stop 10.92 | agree 97.9% | 1:09.96
   45 | loss 1.6524 | acc  56.69% | best  57.22% | tight 4 | total 240 | stop 10.94 | agree 97.9% | 1:05.50
   46 | loss 1.6305 | acc  57.62% | best  57.62% | tight 5 | total 245 | stop 11.04 | agree 98.0% | 1:08.69
   47 | loss 1.6242 | acc  57.32% | best  57.62% | tight 5 | total 250 | stop 11.02 | agree 98.0% | 1:09.45
   48 | loss 1.6324 | acc  57.60% | best  57.62% | tight 2 | total 252 | stop 10.94 | agree 98.0% | 1:03.39
   49 | loss 1.6049 | acc  57.92% | best  57.92% | tight 4 | total 256 | stop 10.96 | agree 98.0% | 1:06.96
   50 | loss 1.5966 | acc  58.39% | best  58.39% | tight 7 | total 263 | stop 11.04 | agree 98.1% | 1:11.89
   51 | loss 1.5857 | acc  58.40% | best  58.40% | tight 5 | total 268 | stop 11.02 | agree 98.1% | 1:08.14
   52 | loss 1.5989 | acc  58.58% | best  58.58% | tight 6 | total 274 | stop 11.07 | agree 98.2% | 1:10.67
   53 | loss 1.5695 | acc  59.04% | best  59.04% | tight 4 | total 278 | stop 11.14 | agree 98.2% | 1:08.62
   54 | loss 1.5683 | acc  59.41% | best  59.41% | tight 5 | total 283 | stop 11.12 | agree 97.5% | 1:08.25
   55 | loss 1.5606 | acc  59.82% | best  59.82% | tight 3 | total 286 | stop 11.07 | agree 97.6% | 1:05.28
   56 | loss 1.5604 | acc  59.83% | best  59.83% | tight 6 | total 292 | stop 10.97 | agree 97.6% | 1:12.48
   57 | loss 1.5384 | acc  60.14% | best  60.14% | tight 2 | total 294 | stop 10.95 | agree 97.6% | 1:02.66
   58 | loss 1.5504 | acc  60.11% | best  60.14% | tight 5 | total 299 | stop 10.98 | agree 97.7% | 1:09.43
   59 | loss 1.5270 | acc  60.97% | best  60.97% | tight 7 | total 306 | stop 11.05 | agree 97.7% | 1:12.00
   60 | loss 1.5181 | acc  60.88% | best  60.97% | tight 5 | total 311 | stop 11.08 | agree 97.7% | 1:08.13
   61 | loss 1.5130 | acc  61.20% | best  61.20% | tight 5 | total 316 | stop 11.16 | agree 97.8% | 1:09.07
   62 | loss 1.5088 | acc  61.36% | best  61.36% | tight 3 | total 319 | stop 11.11 | agree 97.8% | 1:04.75
   63 | loss 1.4982 | acc  61.33% | best  61.36% | tight 5 | total 324 | stop 11.14 | agree 97.8% | 1:09.03
   64 | loss 1.4900 | acc  61.14% | best  61.36% | tight 6 | total 330 | stop 11.23 | agree 97.9% | 1:10.01
   65 | loss 1.5054 | acc  61.65% | best  61.65% | tight 3 | total 333 | stop 11.23 | agree 97.9% | 1:03.77
   66 | loss 1.4800 | acc  61.98% | best  61.98% | tight 5 | total 338 | stop 11.25 | agree 97.9% | 1:09.32
   67 | loss 1.4751 | acc  61.44% | best  61.98% | tight 4 | total 342 | stop 11.26 | agree 98.0% | 1:06.93
   68 | loss 1.4615 | acc  62.16% | best  62.16% | tight 6 | total 348 | stop 11.30 | agree 97.7% | 1:10.90
   69 | loss 1.4634 | acc  62.65% | best  62.65% | tight 4 | total 352 | stop 11.36 | agree 97.7% | 1:06.74
   70 | loss 1.4725 | acc  62.39% | best  62.65% | tight 7 | total 359 | stop 11.40 | agree 97.8% | 1:11.09
   71 | loss 1.4535 | acc  62.63% | best  62.65% | tight 4 | total 363 | stop 11.41 | agree 97.8% | 1:07.59
   72 | loss 1.4522 | acc  62.43% | best  62.65% | tight 7 | total 370 | stop 11.46 | agree 97.8% | 1:12.62
   73 | loss 1.4571 | acc  62.05% | best  62.65% | tight 5 | total 375 | stop 11.44 | agree 97.9% | 1:10.02
   74 | loss 1.4443 | acc  62.83% | best  62.83% | tight 6 | total 381 | stop 11.39 | agree 97.9% | 1:08.50
   75 | loss 1.4294 | acc  63.18% | best  63.18% | tight 3 | total 384 | stop 11.43 | agree 97.9% | 1:05.16
   76 | loss 1.4220 | acc  63.51% | best  63.51% | tight 6 | total 390 | stop 11.46 | agree 97.9% | 1:11.53
   77 | loss 1.4151 | acc  63.11% | best  63.51% | tight 5 | total 395 | stop 11.41 | agree 98.0% | 1:08.57
   78 | loss 1.4164 | acc  63.13% | best  63.51% | tight 6 | total 401 | stop 11.47 | agree 98.0% | 1:09.77
   79 | loss 1.4311 | acc  63.72% | best  63.72% | tight 6 | total 407 | stop 11.50 | agree 98.0% | 1:08.79
   80 | loss 1.4068 | acc  64.47% | best  64.47% | tight 3 | total 410 | stop 11.54 | agree 97.8% | 1:05.70
   81 | loss 1.4034 | acc  64.59% | best  64.59% | tight 2 | total 412 | stop 11.56 | agree 97.8% | 1:03.60
   82 | loss 1.3958 | acc  63.70% | best  64.59% | tight 5 | total 417 | stop 11.61 | agree 97.8% | 1:09.73
   83 | loss 1.3994 | acc  64.54% | best  64.59% | tight 5 | total 422 | stop 11.56 | agree 97.9% | 1:09.81
   84 | loss 1.3832 | acc  64.78% | best  64.78% | tight 7 | total 429 | stop 11.56 | agree 97.7% | 1:11.57
   85 | loss 1.3805 | acc  64.43% | best  64.78% | tight 3 | total 432 | stop 11.52 | agree 97.5% | 1:04.96
   86 | loss 1.3718 | acc  65.36% | best  65.36% | tight 5 | total 437 | stop 11.54 | agree 97.5% | 1:08.98
   87 | loss 1.3780 | acc  64.96% | best  65.36% | tight 6 | total 443 | stop 11.56 | agree 97.5% | 1:10.78
   88 | loss 1.3680 | acc  64.72% | best  65.36% | tight 6 | total 449 | stop 11.62 | agree 97.6% | 1:11.57
   89 | loss 1.3635 | acc  65.41% | best  65.41% | tight 5 | total 454 | stop 11.64 | agree 97.6% | 1:09.03
   90 | loss 1.3616 | acc  65.92% | best  65.92% | tight 6 | total 460 | stop 11.70 | agree 97.6% | 1:11.75
   91 | loss 1.3590 | acc  65.57% | best  65.92% | tight 5 | total 465 | stop 11.71 | agree 97.6% | 1:09.13
   92 | loss 1.3480 | acc  65.54% | best  65.92% | tight 7 | total 472 | stop 11.74 | agree 97.7% | 1:12.53
   93 | loss 1.3412 | acc  65.64% | best  65.92% | tight 7 | total 479 | stop 11.71 | agree 97.5% | 1:13.99
   94 | loss 1.3409 | acc  66.35% | best  66.35% | tight 4 | total 483 | stop 11.71 | agree 97.3% | 1:06.90
   95 | loss 1.3396 | acc  65.51% | best  66.35% | tight 5 | total 488 | stop 11.70 | agree 97.3% | 1:09.15
   96 | loss 1.3329 | acc  66.16% | best  66.35% | tight 3 | total 491 | stop 11.72 | agree 97.4% | 1:05.86
   97 | loss 1.3300 | acc  66.33% | best  66.35% | tight 3 | total 494 | stop 11.72 | agree 97.4% | 1:05.81
   98 | loss 1.3391 | acc  65.57% | best  66.35% | tight 7 | total 501 | stop 11.78 | agree 97.4% | 1:11.94
   99 | loss 1.3222 | acc  66.88% | best  66.88% | tight 6 | total 507 | stop 11.83 | agree 97.4% | 1:08.80
  100 | loss 1.3219 | acc  66.18% | best  66.88% | tight 4 | total 511 | stop 11.77 | agree 97.5% | 1:06.81
/userhome/cs3/duanty/FedMoE/results/exp11-c100-resnet-probe-agreement/20260926-045857/fig04_probe_agreement.png
/userhome/cs3/duanty/FedMoE/results/exp11-c100-resnet-probe-agreement/20260926-045857/fig04_probe_agreement.pdf
[Done] samples=511 best_acc=66.88% time=1:54:07.57
[Done] started 2026-09-26 04:58:57 dir=/userhome/cs3/duanty/FedMoE/results/exp11-c100-resnet-probe-agreement/20260926-045857
[Fixed]  ProbeBatches  Agreement  Count
            1   0.825832    511
            2   0.894325    511
            4   0.935421    511
            8   0.958904    511
           16   0.974560    511
[Adaptive] n=511 mean_stop=11.773 agreement=0.9746 certified=0.2818
