========================================
Job    : stl10-resnet-e8-fedadam
Host   : gpu-4090-104
Date   : Sun Sep 20 09:21:17 HKT 2026
GPU    : 0
Python : /userhome/cs3/duanty/miniconda3/envs/moe/bin/python
Command: python -u main.py --method ours --dataset stl10 --backbone resnet --select ours --merge fedadam --device cuda --num_experts 8
========================================

==================================================================
 Ours  
  Dataset=stl10 | beta=0.1 | Backbone=resnet | width_mult=1 | Clients=10 | Experts=8
  Select=ours | Merge=fedadam
  Expert refresh N_ref=8
  Rounds=100 | LR=0.01
  Bandwidth: expert_bw=10 | bw=[10, 40] | Rayleigh-Shannon, SNR=10 dB | k=floor(bw/10)
==================================================================


[Partition] Dirichlet beta=0.1, 10 clients
  Client 0:    416 samples | 5/10 classes
  Client 1:    666 samples | 5/10 classes
  Client 2:    674 samples | 7/10 classes
  Client 3:    833 samples | 4/10 classes
  Client 4:    557 samples | 4/10 classes
  Client 5:    414 samples | 2/10 classes
  Client 6:    295 samples | 3/10 classes
  Client 7:    999 samples | 5/10 classes
  Client 8:     23 samples | 3/10 classes
  Client 9:    123 samples | 10/10 classes

[Upload] expert_bw=10 | available bw=[10, 40] | Rayleigh-Shannon, SNR=10 dB | upload k=floor(bw/10), cap=8 | probe gate scores, refresh stale experts, then train selected

[Model] Total params: 13,315,216

[Export] 本次实验目录: /userhome/cs3/duanty/FedMoE/results/20260920-092128

Round |      LR |  AvgLoss |  TestAcc |     Best |  RoundTime
--------------------------------------------------------------------------------
    1 | 0.00208 |   2.1863 |   10.00% |   10.00% |    0:10.12
      bandwidth/experts | c8:bw=31,experts=[2,4,6]; c1:bw=16,experts=[2]; c5:bw=25,experts=[2,6]; c0:bw=10,experts=[2]; c7:bw=11,experts=[2]; c2:bw=16,experts=[2]; c9:bw=25,experts=[2,6]; c4:bw=22,experts=[2,6]; c3:bw=28,experts=[2,6]; c6:bw=23,experts=[2,6]
    2 | 0.00406 |   1.8733 |   12.40% |   12.40% |    0:09.22
      bandwidth/experts | c0:bw=20,experts=[4,6]; c1:bw=23,experts=[4,6]; c8:bw=27,experts=[4,6]; c5:bw=38,experts=[0,4,6]; c3:bw=37,experts=[0,4,6]; c4:bw=17,experts=[4]; c7:bw=31,experts=[0,4,6]; c9:bw=26,experts=[4,6]; c6:bw=10,experts=[4]; c2:bw=12,experts=[4]
    3 | 0.00604 |   1.6450 |   25.04% |   25.04% |    0:09.25
      bandwidth/experts | c9:bw=26,experts=[4,6]; c2:bw=23,experts=[4,6]; c0:bw=28,experts=[4,6]; c6:bw=22,experts=[4,6]; c8:bw=17,experts=[4]; c5:bw=10,experts=[4]; c3:bw=14,experts=[6]; c7:bw=18,experts=[6]; c1:bw=10,experts=[6]; c4:bw=29,experts=[4,6]
    4 | 0.00802 |   1.4163 |   20.09% |   25.04% |    0:09.29
      bandwidth/experts | c1:bw=22,experts=[4,6]; c7:bw=25,experts=[4,6]; c6:bw=29,experts=[2,6]; c2:bw=33,experts=[2,4,6]; c8:bw=17,experts=[6]; c0:bw=33,experts=[2,4,6]; c3:bw=19,experts=[6]; c4:bw=31,experts=[2,4,6]; c5:bw=40,experts=[2,4,6,7]; c9:bw=12,experts=[6]
    5 | 0.01000 |   1.3515 |   15.68% |   25.04% |    0:09.22
      bandwidth/experts | c1:bw=11,experts=[6]; c5:bw=22,experts=[4,6]; c4:bw=27,experts=[4,6]; c8:bw=20,experts=[4,6]; c0:bw=28,experts=[4,6]; c7:bw=14,experts=[6]; c6:bw=29,experts=[4,6]; c3:bw=35,experts=[2,4,6]; c2:bw=10,experts=[6]; c9:bw=35,experts=[2,4,6]
    6 | 0.01000 |   1.6568 |   21.89% |   25.04% |    0:09.20
      bandwidth/experts | c8:bw=37,experts=[2,4,6]; c2:bw=23,experts=[2,6]; c5:bw=15,experts=[6]; c7:bw=32,experts=[2,4,6]; c3:bw=20,experts=[2,6]; c1:bw=18,experts=[6]; c9:bw=27,experts=[4,6]; c0:bw=17,experts=[6]; c4:bw=10,experts=[6]; c6:bw=11,experts=[6]
    7 | 0.01000 |   1.4875 |   22.46% |   25.04% |    0:09.23
      bandwidth/experts | c0:bw=20,experts=[2,6]; c5:bw=27,experts=[4,6]; c2:bw=22,experts=[2,6]; c6:bw=10,experts=[6]; c3:bw=15,experts=[6]; c7:bw=17,experts=[6]; c4:bw=10,experts=[6]; c1:bw=10,experts=[6]; c8:bw=32,experts=[2,4,6]; c9:bw=10,experts=[6]
    8 | 0.01000 |   1.8256 |   24.48% |   25.04% |    0:09.11
      bandwidth/experts | c4:bw=10,experts=[0]; c8:bw=20,experts=[0,1]; c1:bw=32,experts=[0,1,3]; c3:bw=21,experts=[1,3]; c0:bw=18,experts=[0]; c5:bw=16,experts=[1]; c2:bw=30,experts=[0,1,3]; c9:bw=33,experts=[0,1,3]; c7:bw=10,experts=[1]; c6:bw=23,experts=[0,1]
    9 | 0.01000 |   1.7905 |   27.39% |   27.39% |    0:09.21
      bandwidth/experts | c2:bw=12,experts=[5]; c0:bw=29,experts=[1,3]; c4:bw=33,experts=[1,3,5]; c9:bw=15,experts=[5]; c8:bw=10,experts=[3]; c6:bw=17,experts=[3]; c7:bw=25,experts=[3,5]; c5:bw=29,experts=[3,5]; c1:bw=10,experts=[5]; c3:bw=13,experts=[5]
   10 | 0.01000 |   1.4888 |   18.56% |   27.39% |    0:09.18
      bandwidth/experts | c4:bw=20,experts=[6,7]; c2:bw=19,experts=[7]; c7:bw=21,experts=[0,7]; c0:bw=33,experts=[5,6,7]; c6:bw=36,experts=[5,6,7]; c3:bw=26,experts=[0,7]; c5:bw=32,experts=[0,4,6]; c8:bw=20,experts=[5,7]; c9:bw=20,experts=[6,7]; c1:bw=23,experts=[2,7]
   11 | 0.01000 |   1.3115 |   24.49% |   27.39% |    0:09.22
      bandwidth/experts | c5:bw=15,experts=[6]; c2:bw=15,experts=[6]; c7:bw=24,experts=[4,6]; c3:bw=28,experts=[4,6]; c0:bw=16,experts=[6]; c8:bw=22,experts=[4,6]; c9:bw=18,experts=[6]; c6:bw=31,experts=[2,4,6]; c1:bw=22,experts=[4,6]; c4:bw=10,experts=[6]
   12 | 0.01000 |   1.5276 |   25.05% |   27.39% |    0:09.21
      bandwidth/experts | c1:bw=24,experts=[4,6]; c5:bw=31,experts=[2,4,7]; c2:bw=32,experts=[2,4,6]; c4:bw=16,experts=[2]; c3:bw=19,experts=[6]; c7:bw=16,experts=[6]; c9:bw=23,experts=[4,6]; c6:bw=16,experts=[6]; c8:bw=31,experts=[2,4,6]; c0:bw=27,experts=[4,6]
   13 | 0.01000 |   1.5302 |   21.25% |   27.39% |    0:09.24
      bandwidth/experts | c3:bw=17,experts=[6]; c1:bw=26,experts=[2,6]; c4:bw=10,experts=[4]; c5:bw=16,experts=[6]; c8:bw=10,experts=[6]; c6:bw=20,experts=[2,6]; c9:bw=10,experts=[2]; c7:bw=32,experts=[2,4,6]; c0:bw=14,experts=[2]; c2:bw=10,experts=[6]
   14 | 0.01000 |   1.4554 |   21.66% |   27.39% |    0:09.28
      bandwidth/experts | c2:bw=25,experts=[2,6]; c4:bw=10,experts=[6]; c5:bw=36,experts=[2,4,6]; c1:bw=21,experts=[2,6]; c7:bw=14,experts=[2]; c0:bw=14,experts=[2]; c9:bw=18,experts=[6]; c3:bw=25,experts=[2,6]; c8:bw=12,experts=[6]; c6:bw=37,experts=[2,4,6]
   15 | 0.01000 |   1.4978 |   27.14% |   27.39% |    0:09.21
      bandwidth/experts | c7:bw=33,experts=[2,4,6]; c0:bw=11,experts=[2]; c1:bw=10,experts=[2]; c8:bw=29,experts=[4,6]; c3:bw=10,experts=[2]; c2:bw=29,experts=[2,6]; c4:bw=26,experts=[2,6]; c5:bw=10,experts=[6]; c9:bw=11,experts=[6]; c6:bw=18,experts=[2]
   16 | 0.01000 |   1.5900 |   27.27% |   27.39% |    0:09.19
      bandwidth/experts | c6:bw=22,experts=[0,1]; c1:bw=16,experts=[0]; c3:bw=24,experts=[1,3]; c8:bw=27,experts=[0,1]; c7:bw=12,experts=[1]; c5:bw=22,experts=[1,6]; c4:bw=20,experts=[0,6]; c9:bw=13,experts=[0]; c0:bw=32,experts=[0,2,6]; c2:bw=29,experts=[0,1]
   17 | 0.01000 |   1.6401 |   25.77% |   27.39% |    0:09.15
      bandwidth/experts | c4:bw=32,experts=[1,3,5]; c7:bw=14,experts=[3]; c8:bw=10,experts=[3]; c3:bw=29,experts=[2,5]; c5:bw=10,experts=[3]; c1:bw=16,experts=[1]; c0:bw=10,experts=[1]; c2:bw=11,experts=[3]; c9:bw=21,experts=[1,3]; c6:bw=21,experts=[2,3]
   18 | 0.01000 |   1.5996 |   19.26% |   27.39% |    0:09.18
      bandwidth/experts | c1:bw=10,experts=[3]; c8:bw=10,experts=[5]; c5:bw=19,experts=[5]; c2:bw=21,experts=[5,7]; c9:bw=10,experts=[5]; c7:bw=30,experts=[0,5,7]; c4:bw=31,experts=[4,6,7]; c3:bw=21,experts=[0,7]; c0:bw=27,experts=[3,5]; c6:bw=17,experts=[5]
   19 | 0.01000 |   1.6298 |   17.98% |   27.39% |    0:09.20
      bandwidth/experts | c8:bw=31,experts=[4,6,7]; c0:bw=23,experts=[6,7]; c4:bw=28,experts=[4,6]; c1:bw=26,experts=[5,7]; c9:bw=21,experts=[6,7]; c5:bw=16,experts=[0]; c7:bw=12,experts=[6]; c2:bw=10,experts=[6]; c6:bw=36,experts=[4,6,7]; c3:bw=22,experts=[4,6]
   20 | 0.01000 |   1.6869 |   29.21% |   29.21% |    0:09.18
      bandwidth/experts | c0:bw=15,experts=[4]; c2:bw=23,experts=[4,6]; c1:bw=22,experts=[4,6]; c9:bw=10,experts=[4]; c7:bw=24,experts=[4,6]; c6:bw=38,experts=[2,4,6]; c3:bw=10,experts=[6]; c5:bw=10,experts=[7]; c4:bw=33,experts=[2,4,6]; c8:bw=28,experts=[2,6]
   21 | 0.01000 |   1.5087 |   32.33% |   32.33% |    0:09.23
      bandwidth/experts | c1:bw=23,experts=[4,6]; c2:bw=22,experts=[4,6]; c7:bw=10,experts=[6]; c4:bw=26,experts=[4,6]; c8:bw=10,experts=[6]; c5:bw=18,experts=[6]; c0:bw=37,experts=[2,4,6]; c3:bw=10,experts=[6]; c6:bw=10,experts=[6]; c9:bw=14,experts=[2]
   22 | 0.01000 |   1.5026 |   31.25% |   32.33% |    0:09.20
      bandwidth/experts | c7:bw=10,experts=[6]; c9:bw=18,experts=[6]; c1:bw=10,experts=[6]; c6:bw=34,experts=[2,4,6]; c5:bw=10,experts=[2]; c2:bw=37,experts=[2,4,6]; c0:bw=37,experts=[2,4,6]; c4:bw=20,experts=[4,6]; c3:bw=31,experts=[2,4,6]; c8:bw=18,experts=[6]
   23 | 0.01000 |   1.3912 |   29.50% |   32.33% |    0:09.23
      bandwidth/experts | c5:bw=29,experts=[4,6]; c7:bw=10,experts=[2]; c4:bw=31,experts=[2,4,6]; c6:bw=10,experts=[6]; c9:bw=28,experts=[4,6]; c8:bw=19,experts=[6]; c3:bw=10,experts=[6]; c1:bw=34,experts=[2,4,6]; c2:bw=18,experts=[6]; c0:bw=10,experts=[6]
   24 | 0.01000 |   1.8293 |   30.19% |   32.33% |    0:09.30
      bandwidth/experts | c6:bw=17,experts=[0]; c4:bw=10,experts=[0]; c7:bw=10,experts=[1]; c9:bw=28,experts=[0,6]; c2:bw=24,experts=[0,1]; c1:bw=10,experts=[0]; c5:bw=14,experts=[1]; c8:bw=10,experts=[0]; c3:bw=10,experts=[1]; c0:bw=17,experts=[0]
   25 | 0.01000 |   1.5730 |   31.35% |   32.33% |    0:09.27
      bandwidth/experts | c9:bw=22,experts=[1,3]; c6:bw=10,experts=[1]; c4:bw=32,experts=[1,3,5]; c3:bw=10,experts=[3]; c5:bw=35,experts=[3,4,6]; c1:bw=27,experts=[1,6]; c8:bw=30,experts=[1,3,6]; c2:bw=10,experts=[3]; c0:bw=31,experts=[1,4,6]; c7:bw=22,experts=[3,6]
   26 | 0.01000 |   1.5674 |   31.60% |   32.33% |    0:09.21
      bandwidth/experts | c3:bw=25,experts=[0,5]; c6:bw=19,experts=[3]; c9:bw=28,experts=[4,5]; c7:bw=17,experts=[0]; c1:bw=18,experts=[3]; c5:bw=11,experts=[5]; c2:bw=17,experts=[5]; c8:bw=30,experts=[4,5,6]; c0:bw=10,experts=[3]; c4:bw=26,experts=[4,7]
   27 | 0.01000 |   1.5442 |   26.07% |   32.33% |    0:09.18
      bandwidth/experts | c7:bw=29,experts=[5,7]; c1:bw=34,experts=[5,6,7]; c4:bw=10,experts=[4]; c0:bw=20,experts=[5,7]; c9:bw=10,experts=[7]; c2:bw=11,experts=[7]; c8:bw=31,experts=[4,6,7]; c3:bw=12,experts=[7]; c6:bw=35,experts=[2,5,7]; c5:bw=20,experts=[0,4]
   28 | 0.01000 |   1.4825 |   19.88% |   32.33% |    0:09.17
      bandwidth/experts | c6:bw=16,experts=[4]; c9:bw=27,experts=[4,6]; c0:bw=26,experts=[2,4]; c8:bw=16,experts=[2]; c2:bw=10,experts=[4]; c5:bw=18,experts=[7]; c1:bw=14,experts=[4]; c3:bw=10,experts=[4]; c4:bw=10,experts=[4]; c7:bw=10,experts=[4]
   29 | 0.01000 |   1.3962 |   25.24% |   32.33% |    0:09.22
      bandwidth/experts | c4:bw=21,experts=[4,6]; c0:bw=24,experts=[2,4]; c1:bw=18,experts=[4]; c9:bw=24,experts=[2,4]; c6:bw=24,experts=[2,4]; c8:bw=19,experts=[4]; c7:bw=12,experts=[4]; c3:bw=18,experts=[4]; c2:bw=10,experts=[4]; c5:bw=19,experts=[4]
   30 | 0.01000 |   1.4093 |   27.04% |   32.33% |    0:09.27
      bandwidth/experts | c5:bw=34,experts=[2,4,6]; c1:bw=20,experts=[2,4]; c9:bw=30,experts=[2,4,6]; c4:bw=29,experts=[2,4]; c0:bw=10,experts=[4]; c8:bw=23,experts=[4,6]; c6:bw=10,experts=[4]; c7:bw=10,experts=[4]; c3:bw=33,experts=[2,4,6]; c2:bw=15,experts=[2]
   31 | 0.01000 |   1.4315 |   28.91% |   32.33% |    0:09.21
      bandwidth/experts | c6:bw=16,experts=[6]; c4:bw=11,experts=[4]; c9:bw=25,experts=[4,6]; c1:bw=17,experts=[4]; c5:bw=34,experts=[2,4,6]; c8:bw=18,experts=[4]; c3:bw=13,experts=[4]; c2:bw=10,experts=[6]; c0:bw=26,experts=[2,4]; c7:bw=35,experts=[2,4,6]
   32 | 0.01000 |   1.4614 |   29.02% |   32.33% |    0:09.22
      bandwidth/experts | c8:bw=12,experts=[0]; c5:bw=20,experts=[1,4]; c4:bw=27,experts=[0,4]; c7:bw=26,experts=[1,4]; c0:bw=25,experts=[0,4]; c1:bw=12,experts=[0]; c3:bw=16,experts=[1]; c6:bw=15,experts=[0]; c2:bw=30,experts=[0,1,4]; c9:bw=17,experts=[0]
   33 | 0.01000 |   1.5537 |   30.88% |   32.33% |    0:09.20
      bandwidth/experts | c7:bw=29,experts=[3,4]; c1:bw=19,experts=[1]; c3:bw=39,experts=[3,4,6]; c6:bw=20,experts=[1,4]; c5:bw=16,experts=[3]; c9:bw=23,experts=[1,3]; c2:bw=13,experts=[3]; c8:bw=28,experts=[1,3]; c4:bw=25,experts=[1,3]; c0:bw=35,experts=[1,4,6]
   34 | 0.01000 |   1.4616 |   33.12% |   33.12% |    0:09.20
      bandwidth/experts | c4:bw=26,experts=[5,7]; c1:bw=26,experts=[3,4]; c6:bw=27,experts=[3,4]; c9:bw=38,experts=[4,5,6]; c8:bw=23,experts=[4,5]; c0:bw=12,experts=[3]; c5:bw=33,experts=[4,5,6]; c7:bw=18,experts=[0]; c3:bw=40,experts=[0,4,5,6]; c2:bw=30,experts=[4,5,6]
   35 | 0.01000 |   1.4240 |   32.52% |   33.12% |    0:09.17
      bandwidth/experts | c4:bw=18,experts=[4]; c0:bw=11,experts=[5]; c1:bw=17,experts=[5]; c6:bw=24,experts=[5,7]; c2:bw=25,experts=[4,7]; c8:bw=28,experts=[4,7]; c9:bw=15,experts=[7]; c7:bw=27,experts=[5,7]; c5:bw=23,experts=[0,4]; c3:bw=13,experts=[7]
   36 | 0.01000 |   1.2683 |   29.65% |   33.12% |    0:09.17
      bandwidth/experts | c9:bw=21,experts=[4,6]; c0:bw=20,experts=[4,7]; c3:bw=33,experts=[2,4,6]; c7:bw=15,experts=[4]; c6:bw=24,experts=[2,4]; c5:bw=27,experts=[4,7]; c1:bw=10,experts=[6]; c4:bw=40,experts=[2,4,6,7]; c8:bw=28,experts=[2,4]; c2:bw=28,experts=[2,4]
   37 | 0.01000 |   1.2789 |   35.04% |   35.04% |    0:09.29
      bandwidth/experts | c1:bw=10,experts=[7]; c5:bw=22,experts=[4,6]; c2:bw=20,experts=[4,6]; c6:bw=36,experts=[2,4,6]; c4:bw=22,experts=[4,6]; c7:bw=23,experts=[4,6]; c9:bw=22,experts=[4,6]; c0:bw=30,experts=[2,4,6]; c3:bw=20,experts=[4,6]; c8:bw=10,experts=[4]
   38 | 0.01000 |   1.3211 |   35.02% |   35.04% |    0:09.21
      bandwidth/experts | c8:bw=25,experts=[4,6]; c6:bw=10,experts=[4]; c4:bw=29,experts=[4,6]; c1:bw=17,experts=[2]; c5:bw=10,experts=[4]; c2:bw=10,experts=[4]; c3:bw=21,experts=[4,6]; c7:bw=28,experts=[4,6]; c9:bw=14,experts=[2]; c0:bw=22,experts=[4,6]
   39 | 0.01000 |   1.3188 |   34.98% |   35.04% |    0:09.22
      bandwidth/experts | c3:bw=14,experts=[4]; c0:bw=10,experts=[4]; c1:bw=25,experts=[4,6]; c7:bw=22,experts=[2,4]; c6:bw=17,experts=[4]; c8:bw=25,experts=[4,6]; c2:bw=20,experts=[4,6]; c4:bw=20,experts=[4,6]; c9:bw=13,experts=[4]; c5:bw=40,experts=[2,4,6,7]
   40 | 0.01000 |   1.5239 |   32.66% |   35.04% |    0:09.22
      bandwidth/experts | c8:bw=14,experts=[0]; c1:bw=23,experts=[0,4]; c5:bw=18,experts=[1]; c6:bw=26,experts=[0,4]; c2:bw=36,experts=[0,1,4]; c7:bw=37,experts=[1,4,6]; c3:bw=10,experts=[1]; c4:bw=11,experts=[0]; c9:bw=22,experts=[0,4]; c0:bw=20,experts=[0,4]
   41 | 0.01000 |   1.4816 |   31.80% |   35.04% |    0:09.19
      bandwidth/experts | c2:bw=30,experts=[3,4,6]; c6:bw=10,experts=[1]; c8:bw=31,experts=[1,3,4]; c1:bw=10,experts=[1]; c4:bw=28,experts=[1,3]; c5:bw=34,experts=[3,4,6]; c7:bw=38,experts=[3,4,6]; c3:bw=22,experts=[3,4]; c9:bw=30,experts=[1,3,4]; c0:bw=10,experts=[1]
   42 | 0.01000 |   1.5022 |   29.27% |   35.04% |    0:09.18
      bandwidth/experts | c5:bw=28,experts=[5,6]; c1:bw=27,experts=[3,4]; c3:bw=27,experts=[0,5]; c9:bw=28,experts=[5,6]; c6:bw=19,experts=[3]; c0:bw=10,experts=[3]; c7:bw=11,experts=[0]; c4:bw=30,experts=[4,5,6]; c8:bw=23,experts=[5,6]; c2:bw=22,experts=[4,5]
   43 | 0.01000 |   1.5265 |   27.39% |   35.04% |    0:09.20
      bandwidth/experts | c5:bw=29,experts=[0,6]; c1:bw=32,experts=[4,5,6]; c2:bw=28,experts=[6,7]; c8:bw=25,experts=[6,7]; c9:bw=18,experts=[7]; c7:bw=12,experts=[5]; c4:bw=19,experts=[6]; c6:bw=10,experts=[5]; c3:bw=36,experts=[4,6,7]; c0:bw=12,experts=[5]
   44 | 0.01000 |   1.5240 |   29.07% |   35.04% |    0:09.19
      bandwidth/experts | c0:bw=37,experts=[4,6,7]; c3:bw=26,experts=[2,6]; c4:bw=16,experts=[2]; c2:bw=20,experts=[2,6]; c7:bw=40,experts=[2,4,6,7]; c5:bw=13,experts=[6]; c6:bw=11,experts=[7]; c9:bw=21,experts=[4,6]; c8:bw=19,experts=[2]; c1:bw=25,experts=[4,6]
   45 | 0.01000 |   1.3267 |   32.30% |   35.04% |    0:09.22
      bandwidth/experts | c8:bw=31,experts=[2,4,6]; c0:bw=20,experts=[2,4]; c3:bw=37,experts=[2,4,6]; c4:bw=36,experts=[4,6,7]; c7:bw=20,experts=[4,6]; c2:bw=27,experts=[4,6]; c9:bw=14,experts=[6]; c6:bw=10,experts=[2]; c5:bw=25,experts=[4,6]; c1:bw=31,experts=[4,6,7]
   46 | 0.01000 |   1.3041 |   31.20% |   35.04% |    0:09.20
      bandwidth/experts | c9:bw=20,experts=[2,4]; c3:bw=15,experts=[4]; c6:bw=21,experts=[4,6]; c1:bw=23,experts=[2,4]; c4:bw=35,experts=[2,4,6]; c5:bw=23,experts=[4,6]; c2:bw=32,experts=[2,4,6]; c8:bw=22,experts=[4,6]; c0:bw=30,experts=[2,4,6]; c7:bw=16,experts=[4]
   47 | 0.01000 |   1.3326 |   30.85% |   35.04% |    0:09.20
      bandwidth/experts | c5:bw=29,experts=[2,7]; c6:bw=12,experts=[4]; c7:bw=29,experts=[4,6]; c9:bw=10,experts=[4]; c8:bw=22,experts=[4,6]; c3:bw=39,experts=[2,4,6]; c4:bw=10,experts=[4]; c0:bw=25,experts=[2,4]; c1:bw=17,experts=[4]; c2:bw=30,experts=[2,4,6]
   48 | 0.01000 |   1.2582 |   32.12% |   35.04% |    0:09.22
      bandwidth/experts | c1:bw=28,experts=[0,4]; c8:bw=28,experts=[0,4]; c4:bw=37,experts=[0,4,6]; c2:bw=31,experts=[0,1,4]; c9:bw=29,experts=[0,4]; c6:bw=25,experts=[0,4]; c5:bw=31,experts=[1,4,6]; c7:bw=35,experts=[1,4,6]; c0:bw=10,experts=[0]; c3:bw=10,experts=[1]
   49 | 0.01000 |   1.3749 |   27.26% |   35.04% |    0:09.19
      bandwidth/experts | c4:bw=27,experts=[1,3]; c3:bw=18,experts=[3]; c8:bw=15,experts=[1]; c0:bw=11,experts=[1]; c2:bw=32,experts=[3,4,6]; c5:bw=31,experts=[3,4,6]; c6:bw=10,experts=[1]; c7:bw=24,experts=[3,4]; c9:bw=29,experts=[1,3]; c1:bw=30,experts=[1,2,4]
   50 | 0.01000 |   1.4178 |   26.60% |   35.04% |    0:09.25
      bandwidth/experts | c8:bw=18,experts=[3]; c4:bw=10,experts=[5]; c7:bw=19,experts=[0]; c6:bw=38,experts=[2,3,4]; c2:bw=35,experts=[4,5,6]; c1:bw=36,experts=[3,4,6]; c3:bw=22,experts=[0,5]; c0:bw=16,experts=[3]; c9:bw=15,experts=[5]; c5:bw=17,experts=[5]
   51 | 0.01000 |   1.3117 |   29.82% |   35.04% |    0:09.19
      bandwidth/experts | c5:bw=26,experts=[0,6]; c0:bw=30,experts=[4,5,6]; c1:bw=12,experts=[5]; c2:bw=11,experts=[7]; c8:bw=26,experts=[5,7]; c6:bw=29,experts=[4,5]; c9:bw=10,experts=[7]; c3:bw=31,experts=[4,6,7]; c4:bw=10,experts=[4]; c7:bw=15,experts=[5]
   52 | 0.01000 |   1.2245 |   34.39% |   35.04% |    0:09.23
      bandwidth/experts | c0:bw=26,experts=[4,7]; c8:bw=10,experts=[4]; c5:bw=13,experts=[4]; c7:bw=19,experts=[2]; c1:bw=22,experts=[4,6]; c4:bw=18,experts=[4]; c9:bw=17,experts=[4]; c6:bw=28,experts=[4,7]; c2:bw=16,experts=[4]; c3:bw=24,experts=[4,6]
   53 | 0.01000 |   1.2995 |   38.86% |   38.86% |    0:09.26
      bandwidth/experts | c8:bw=12,experts=[2]; c4:bw=16,experts=[7]; c5:bw=24,experts=[2,4]; c1:bw=33,experts=[2,4,7]; c3:bw=26,experts=[4,6]; c9:bw=34,experts=[2,4,6]; c6:bw=20,experts=[2,4]; c7:bw=24,experts=[4,7]; c0:bw=21,experts=[2,4]; c2:bw=29,experts=[2,4]
   54 | 0.01000 |   1.2686 |   37.05% |   38.86% |    0:09.30
      bandwidth/experts | c2:bw=10,experts=[4]; c1:bw=29,experts=[2,4]; c8:bw=31,experts=[2,4,6]; c7:bw=34,experts=[2,4,6]; c3:bw=17,experts=[4]; c0:bw=20,experts=[2,4]; c6:bw=30,experts=[2,4,6]; c5:bw=10,experts=[4]; c9:bw=28,experts=[4,6]; c4:bw=18,experts=[2]
   55 | 0.01000 |   1.1698 |   34.39% |   38.86% |    0:09.26
      bandwidth/experts | c7:bw=30,experts=[2,4,6]; c2:bw=23,experts=[4,6]; c4:bw=10,experts=[4]; c3:bw=29,experts=[2,4]; c8:bw=10,experts=[4]; c5:bw=29,experts=[4,7]; c1:bw=33,experts=[2,4,6]; c6:bw=23,experts=[2,4]; c0:bw=15,experts=[4]; c9:bw=34,experts=[2,4,6]
   56 | 0.01000 |   1.3986 |   33.66% |   38.86% |    0:09.26
      bandwidth/experts | c9:bw=29,experts=[0,4]; c1:bw=31,experts=[0,4,6]; c3:bw=10,experts=[1]; c2:bw=29,experts=[0,1]; c5:bw=17,experts=[1]; c4:bw=10,experts=[0]; c8:bw=10,experts=[0]; c7:bw=10,experts=[1]; c6:bw=13,experts=[0]; c0:bw=39,experts=[0,4,6]
   57 | 0.01000 |   1.2682 |   27.73% |   38.86% |    0:09.24
      bandwidth/experts | c3:bw=35,experts=[3,4,6]; c8:bw=24,experts=[1,4]; c6:bw=27,experts=[1,4]; c1:bw=27,experts=[1,4]; c7:bw=38,experts=[3,4,6]; c0:bw=39,experts=[1,2,4]; c5:bw=24,experts=[3,4]; c4:bw=23,experts=[1,6]; c2:bw=18,experts=[3]; c9:bw=11,experts=[1]
   58 | 0.01000 |   1.3282 |   29.66% |   38.86% |    0:09.22
      bandwidth/experts | c7:bw=13,experts=[0]; c2:bw=10,experts=[5]; c9:bw=32,experts=[3,4,5]; c6:bw=30,experts=[2,3,4]; c5:bw=19,experts=[5]; c1:bw=17,experts=[3]; c8:bw=22,experts=[3,4]; c4:bw=21,experts=[3,5]; c3:bw=34,experts=[0,4,5]; c0:bw=26,experts=[3,4]
   59 | 0.01000 |   1.2290 |   32.74% |   38.86% |    0:09.20
      bandwidth/experts | c2:bw=20,experts=[4,7]; c8:bw=31,experts=[4,5,7]; c9:bw=15,experts=[7]; c6:bw=11,experts=[5]; c1:bw=36,experts=[4,5,6]; c4:bw=14,experts=[4]; c7:bw=15,experts=[5]; c5:bw=18,experts=[0]; c0:bw=29,experts=[4,5]; c3:bw=20,experts=[4,7]
   60 | 0.01000 |   1.2018 |   37.04% |   38.86% |    0:09.20
      bandwidth/experts | c0:bw=29,experts=[4,7]; c7:bw=26,experts=[4,6]; c4:bw=17,experts=[4]; c2:bw=17,experts=[4]; c5:bw=18,experts=[6]; c8:bw=14,experts=[4]; c6:bw=33,experts=[4,6,7]; c9:bw=10,experts=[4]; c1:bw=30,experts=[2,4,6]; c3:bw=24,experts=[4,6]
   61 | 0.01000 |   1.1880 |   37.49% |   38.86% |    0:09.19
      bandwidth/experts | c5:bw=27,experts=[2,4]; c6:bw=21,experts=[4,6]; c2:bw=16,experts=[2]; c9:bw=21,experts=[4,6]; c1:bw=19,experts=[7]; c3:bw=24,experts=[4,6]; c8:bw=31,experts=[2,4,6]; c4:bw=21,experts=[4,7]; c7:bw=24,experts=[4,7]; c0:bw=33,experts=[2,4,6]
   62 | 0.01000 |   1.1560 |   40.06% |   40.06% |    0:09.32
      bandwidth/experts | c8:bw=10,experts=[4]; c6:bw=35,experts=[2,4,6]; c9:bw=10,experts=[4]; c4:bw=33,experts=[2,4,6]; c5:bw=37,experts=[2,4,6]; c0:bw=16,experts=[4]; c3:bw=29,experts=[4,6]; c2:bw=23,experts=[4,6]; c1:bw=40,experts=[2,4,6,7]; c7:bw=25,experts=[4,6]
   63 | 0.01000 |   1.2357 |   34.88% |   40.06% |    0:09.21
      bandwidth/experts | c5:bw=10,experts=[7]; c9:bw=12,experts=[2]; c6:bw=19,experts=[4]; c3:bw=29,experts=[2,4]; c8:bw=18,experts=[4]; c1:bw=28,experts=[4,6]; c7:bw=38,experts=[2,4,6]; c0:bw=23,experts=[2,4]; c2:bw=15,experts=[4]; c4:bw=29,experts=[2,4]
   64 | 0.01000 |   1.2415 |   32.27% |   40.06% |    0:09.18
      bandwidth/experts | c6:bw=28,experts=[0,4]; c4:bw=21,experts=[0,4]; c5:bw=13,experts=[1]; c3:bw=21,experts=[1,4]; c7:bw=19,experts=[1]; c0:bw=18,experts=[0]; c8:bw=30,experts=[0,4,6]; c9:bw=33,experts=[0,4,6]; c2:bw=31,experts=[0,1,4]; c1:bw=16,experts=[0]
   65 | 0.01000 |   1.2393 |   35.51% |   40.06% |    0:09.22
      bandwidth/experts | c7:bw=10,experts=[3]; c5:bw=16,experts=[3]; c4:bw=32,experts=[1,4,6]; c6:bw=28,experts=[1,4]; c8:bw=37,experts=[1,4,6]; c3:bw=24,experts=[3,4]; c0:bw=23,experts=[1,4]; c2:bw=16,experts=[3]; c1:bw=32,experts=[1,4,6]; c9:bw=26,experts=[1,4]
   66 | 0.01000 |   1.3244 |   34.10% |   40.06% |    0:09.17
      bandwidth/experts | c2:bw=23,experts=[4,5]; c5:bw=10,experts=[5]; c1:bw=30,experts=[3,4,6]; c8:bw=13,experts=[3]; c9:bw=17,experts=[3]; c6:bw=16,experts=[3]; c4:bw=23,experts=[3,5]; c0:bw=21,experts=[3,4]; c3:bw=37,experts=[0,4,5]; c7:bw=28,experts=[0,4]
   67 | 0.01000 |   1.1617 |   37.62% |   40.06% |    0:09.15
      bandwidth/experts | c4:bw=28,experts=[4,6]; c5:bw=27,experts=[0,4]; c1:bw=20,experts=[4,5]; c3:bw=14,experts=[7]; c6:bw=29,experts=[4,5]; c0:bw=18,experts=[5]; c2:bw=24,experts=[4,7]; c9:bw=33,experts=[4,5,7]; c7:bw=33,experts=[4,5,6]; c8:bw=10,experts=[5]
   68 | 0.01000 |   1.1394 |   38.01% |   40.06% |    0:09.13
      bandwidth/experts | c1:bw=23,experts=[2,4]; c8:bw=17,experts=[7]; c2:bw=32,experts=[2,4,6]; c0:bw=17,experts=[7]; c3:bw=14,experts=[4]; c4:bw=27,experts=[4,6]; c5:bw=25,experts=[4,6]; c9:bw=10,experts=[4]; c7:bw=15,experts=[4]; c6:bw=18,experts=[7]
   69 | 0.01000 |   1.0960 |   36.91% |   40.06% |    0:09.28
      bandwidth/experts | c3:bw=23,experts=[2,4]; c7:bw=32,experts=[4,6,7]; c1:bw=17,experts=[4]; c4:bw=23,experts=[4,7]; c9:bw=20,experts=[4,6]; c5:bw=22,experts=[4,6]; c0:bw=29,experts=[4,6]; c2:bw=37,experts=[2,4,6]; c8:bw=23,experts=[2,4]; c6:bw=15,experts=[4]
   70 | 0.01000 |   1.1273 |   35.38% |   40.06% |    0:09.17
      bandwidth/experts | c1:bw=13,experts=[7]; c9:bw=10,experts=[4]; c7:bw=16,experts=[4]; c3:bw=18,experts=[6]; c0:bw=17,experts=[4]; c6:bw=14,experts=[2]; c2:bw=31,experts=[2,4,6]; c4:bw=32,experts=[2,4,6]; c5:bw=13,experts=[2]; c8:bw=27,experts=[4,6]
   71 | 0.01000 |   1.1087 |   34.05% |   40.06% |    0:09.42
      bandwidth/experts | c4:bw=24,experts=[4,6]; c0:bw=10,experts=[2]; c1:bw=29,experts=[2,4]; c9:bw=22,experts=[2,4]; c7:bw=11,experts=[2]; c5:bw=19,experts=[7]; c3:bw=34,experts=[2,4,6]; c6:bw=28,experts=[4,6]; c8:bw=21,experts=[4,6]; c2:bw=34,experts=[2,4,6]
   72 | 0.01000 |   1.0865 |   33.21% |   40.06% |    0:09.24
      bandwidth/experts | c8:bw=16,experts=[0]; c1:bw=22,experts=[0,4]; c5:bw=24,experts=[1,4]; c7:bw=27,experts=[1,4]; c6:bw=11,experts=[0]; c0:bw=29,experts=[0,4]; c3:bw=13,experts=[1]; c2:bw=13,experts=[0]; c9:bw=21,experts=[0,4]; c4:bw=22,experts=[0,4]
   73 | 0.01000 |   1.1810 |   32.62% |   40.06% |    0:09.25
      bandwidth/experts | c2:bw=26,experts=[1,3]; c8:bw=10,experts=[1]; c3:bw=22,experts=[3,4]; c1:bw=37,experts=[1,4,6]; c5:bw=10,experts=[3]; c9:bw=29,experts=[1,6]; c0:bw=16,experts=[1]; c7:bw=20,experts=[3,4]; c6:bw=11,experts=[1]; c4:bw=23,experts=[1,4]
   74 | 0.01000 |   1.2211 |   37.35% |   40.06% |    0:09.20
      bandwidth/experts | c3:bw=10,experts=[0]; c0:bw=22,experts=[3,4]; c1:bw=15,experts=[3]; c5:bw=28,experts=[4,5]; c7:bw=36,experts=[0,4,6]; c8:bw=16,experts=[3]; c6:bw=10,experts=[3]; c2:bw=10,experts=[5]; c4:bw=26,experts=[3,5]; c9:bw=18,experts=[3]
   75 | 0.01000 |   1.1084 |   38.33% |   40.06% |    0:09.20
      bandwidth/experts | c2:bw=22,experts=[4,7]; c9:bw=34,experts=[4,5,7]; c1:bw=30,experts=[4,5,6]; c3:bw=11,experts=[5]; c7:bw=16,experts=[5]; c6:bw=31,experts=[2,4,5]; c5:bw=17,experts=[0]; c4:bw=31,experts=[2,4,6]; c0:bw=34,experts=[4,5,6]; c8:bw=30,experts=[4,5,6]
   76 | 0.01000 |   1.0060 |   37.15% |   40.06% |    0:09.22
      bandwidth/experts | c8:bw=16,experts=[7]; c5:bw=21,experts=[4,6]; c0:bw=17,experts=[7]; c3:bw=10,experts=[7]; c2:bw=14,experts=[4]; c6:bw=13,experts=[7]; c7:bw=37,experts=[2,4,6]; c4:bw=34,experts=[2,4,6]; c9:bw=32,experts=[2,4,6]; c1:bw=30,experts=[2,4,6]
   77 | 0.01000 |   1.0395 |   34.89% |   40.06% |    0:09.20
      bandwidth/experts | c9:bw=16,experts=[4]; c2:bw=19,experts=[4]; c1:bw=35,experts=[2,4,6]; c8:bw=10,experts=[2]; c4:bw=10,experts=[7]; c7:bw=10,experts=[7]; c6:bw=32,experts=[2,4,6]; c0:bw=35,experts=[2,4,6]; c3:bw=22,experts=[4,6]; c5:bw=33,experts=[2,4,6]
   78 | 0.01000 |   0.9326 |   34.62% |   40.06% |    0:09.21
      bandwidth/experts | c0:bw=15,experts=[4]; c4:bw=13,experts=[4]; c3:bw=21,experts=[4,6]; c7:bw=20,experts=[4,6]; c8:bw=30,experts=[2,4,6]; c1:bw=23,experts=[4,7]; c9:bw=17,experts=[4]; c6:bw=32,experts=[2,4,6]; c5:bw=35,experts=[2,4,6]; c2:bw=19,experts=[4]
   79 | 0.01000 |   0.9378 |   34.71% |   40.06% |    0:09.21
      bandwidth/experts | c6:bw=12,experts=[4]; c9:bw=10,experts=[4]; c0:bw=20,experts=[2,4]; c4:bw=40,experts=[2,4,6,7]; c7:bw=25,experts=[4,6]; c8:bw=25,experts=[4,6]; c5:bw=29,experts=[4,7]; c3:bw=15,experts=[2]; c1:bw=21,experts=[4,6]; c2:bw=18,experts=[2]
   80 | 0.01000 |   0.9381 |   38.81% |   40.06% |    0:09.23
      bandwidth/experts | c5:bw=36,experts=[1,4,6]; c9:bw=29,experts=[0,4]; c7:bw=26,experts=[1,4]; c1:bw=17,experts=[0]; c3:bw=17,experts=[1]; c4:bw=32,experts=[0,4,6]; c2:bw=24,experts=[0,6]; c0:bw=26,experts=[0,4]; c6:bw=22,experts=[0,4]; c8:bw=28,experts=[0,4]
   81 | 0.01000 |   0.9931 |   41.67% |   41.67% |    0:09.25
      bandwidth/experts | c6:bw=29,experts=[1,4]; c2:bw=25,experts=[1,3]; c3:bw=37,experts=[3,4,6]; c1:bw=27,experts=[1,4]; c4:bw=23,experts=[1,4]; c5:bw=17,experts=[3]; c9:bw=15,experts=[1]; c7:bw=32,experts=[3,4,6]; c8:bw=26,experts=[1,4]; c0:bw=28,experts=[1,4]
   82 | 0.01000 |   1.0395 |   42.38% |   42.38% |    0:09.20
      bandwidth/experts | c1:bw=36,experts=[3,4,6]; c0:bw=17,experts=[3]; c6:bw=20,experts=[3,4]; c8:bw=32,experts=[3,4,6]; c7:bw=22,experts=[0,4]; c3:bw=22,experts=[0,4]; c2:bw=16,experts=[5]; c9:bw=31,experts=[3,4,6]; c5:bw=22,experts=[4,5]; c4:bw=16,experts=[3]
   83 | 0.01000 |   1.1066 |   41.89% |   42.38% |    0:09.23
      bandwidth/experts | c9:bw=29,experts=[5,7]; c4:bw=10,experts=[5]; c2:bw=23,experts=[4,7]; c7:bw=21,experts=[4,5]; c5:bw=10,experts=[0]; c0:bw=10,experts=[5]; c6:bw=29,experts=[4,5]; c1:bw=35,experts=[4,5,6]; c8:bw=22,experts=[4,5]; c3:bw=24,experts=[4,5]
   84 | 0.01000 |   1.0009 |   39.99% |   42.38% |    0:09.31
      bandwidth/experts | c8:bw=37,experts=[4,6,7]; c3:bw=18,experts=[7]; c1:bw=32,experts=[2,4,6]; c6:bw=10,experts=[7]; c9:bw=11,experts=[2]; c2:bw=20,experts=[4,6]; c7:bw=26,experts=[2,4]; c5:bw=11,experts=[4]; c4:bw=15,experts=[4]; c0:bw=10,experts=[7]
   85 | 0.01000 |   0.9444 |   35.00% |   42.38% |    0:09.20
      bandwidth/experts | c0:bw=21,experts=[4,6]; c2:bw=25,experts=[4,6]; c8:bw=39,experts=[2,4,6]; c6:bw=23,experts=[2,4]; c1:bw=31,experts=[2,4,6]; c4:bw=23,experts=[4,6]; c9:bw=32,experts=[2,4,6]; c3:bw=28,experts=[4,6]; c5:bw=10,experts=[4]; c7:bw=10,experts=[7]
   86 | 0.01000 |   0.9334 |   35.51% |   42.38% |    0:09.21
      bandwidth/experts | c5:bw=26,experts=[2,4]; c8:bw=15,experts=[4]; c2:bw=13,experts=[4]; c6:bw=31,experts=[2,4,6]; c0:bw=17,experts=[4]; c4:bw=10,experts=[4]; c7:bw=24,experts=[4,6]; c3:bw=15,experts=[4]; c1:bw=40,experts=[2,4,6,7]; c9:bw=24,experts=[4,6]
   87 | 0.01000 |   1.0422 |   40.24% |   42.38% |    0:09.18
      bandwidth/experts | c1:bw=16,experts=[4]; c2:bw=37,experts=[2,4,6]; c7:bw=12,experts=[4]; c5:bw=10,experts=[7]; c6:bw=33,experts=[2,4,6]; c3:bw=38,experts=[2,4,6]; c4:bw=19,experts=[2]; c9:bw=21,experts=[4,6]; c8:bw=26,experts=[4,6]; c0:bw=19,experts=[2]
   88 | 0.01000 |   1.0231 |   38.65% |   42.38% |    0:09.23
      bandwidth/experts | c8:bw=24,experts=[0,4]; c6:bw=15,experts=[0]; c3:bw=18,experts=[1]; c7:bw=23,experts=[1,4]; c0:bw=34,experts=[0,4,6]; c4:bw=21,experts=[0,7]; c9:bw=17,experts=[0]; c1:bw=16,experts=[0]; c5:bw=17,experts=[1]; c2:bw=25,experts=[0,4]
   89 | 0.01000 |   1.0001 |   33.30% |   42.38% |    0:09.22
      bandwidth/experts | c3:bw=17,experts=[3]; c8:bw=40,experts=[1,2,4,6]; c2:bw=25,experts=[1,3]; c9:bw=34,experts=[1,4,6]; c7:bw=12,experts=[3]; c5:bw=25,experts=[3,6]; c0:bw=10,experts=[1]; c6:bw=18,experts=[1]; c4:bw=17,experts=[1]; c1:bw=23,experts=[1,4]
   90 | 0.01000 |   0.9235 |   35.85% |   42.38% |    0:09.20
      bandwidth/experts | c7:bw=40,experts=[0,2,4,6]; c1:bw=17,experts=[3]; c3:bw=20,experts=[0,4]; c9:bw=35,experts=[3,4,6]; c0:bw=35,experts=[2,3,4]; c6:bw=14,experts=[3]; c2:bw=12,experts=[5]; c5:bw=15,experts=[5]; c8:bw=28,experts=[3,4]; c4:bw=20,experts=[3,4]
   91 | 0.01000 |   0.9059 |   39.17% |   42.38% |    0:09.20
      bandwidth/experts | c1:bw=28,experts=[4,5]; c9:bw=19,experts=[5]; c5:bw=29,experts=[0,4]; c7:bw=29,experts=[4,5]; c3:bw=22,experts=[4,5]; c4:bw=30,experts=[4,5,6]; c0:bw=12,experts=[5]; c6:bw=16,experts=[5]; c2:bw=10,experts=[7]; c8:bw=13,experts=[5]
   92 | 0.01000 |   0.8915 |   36.58% |   42.38% |    0:09.19
      bandwidth/experts | c3:bw=16,experts=[7]; c7:bw=19,experts=[4]; c1:bw=11,experts=[4]; c0:bw=16,experts=[7]; c8:bw=11,experts=[7]; c6:bw=25,experts=[4,7]; c9:bw=31,experts=[4,6,7]; c2:bw=14,experts=[4]; c5:bw=37,experts=[2,4,6]; c4:bw=15,experts=[4]
   93 | 0.01000 |   0.8803 |   35.56% |   42.38% |    0:09.28
      bandwidth/experts | c1:bw=26,experts=[2,4]; c3:bw=17,experts=[4]; c7:bw=12,experts=[7]; c9:bw=32,experts=[2,4,6]; c6:bw=12,experts=[4]; c8:bw=10,experts=[4]; c5:bw=10,experts=[4]; c4:bw=18,experts=[4]; c0:bw=10,experts=[4]; c2:bw=28,experts=[4,6]
   94 | 0.01000 |   0.9150 |   36.29% |   42.38% |    0:09.29
      bandwidth/experts | c7:bw=25,experts=[4,6]; c2:bw=36,experts=[2,4,6]; c5:bw=23,experts=[4,6]; c4:bw=17,experts=[4]; c6:bw=17,experts=[4]; c9:bw=28,experts=[4,6]; c1:bw=39,experts=[4,6,7]; c8:bw=10,experts=[4]; c0:bw=31,experts=[2,4,6]; c3:bw=19,experts=[4]
   95 | 0.01000 |   0.9914 |   40.70% |   42.38% |    0:09.30
      bandwidth/experts | c7:bw=33,experts=[2,4,6]; c9:bw=23,experts=[4,6]; c4:bw=10,experts=[2]; c6:bw=22,experts=[2,6]; c0:bw=19,experts=[4]; c3:bw=23,experts=[2,6]; c1:bw=17,experts=[4]; c8:bw=40,experts=[2,4,6,7]; c2:bw=13,experts=[4]; c5:bw=10,experts=[7]
   96 | 0.01000 |   0.9367 |   39.00% |   42.38% |    0:09.23
      bandwidth/experts | c2:bw=36,experts=[0,4,6]; c9:bw=25,experts=[0,4]; c3:bw=25,experts=[1,4]; c1:bw=20,experts=[0,4]; c5:bw=33,experts=[1,4,6]; c4:bw=27,experts=[0,7]; c6:bw=17,experts=[0]; c7:bw=28,experts=[1,4]; c0:bw=20,experts=[0,4]; c8:bw=36,experts=[0,4,6]
   97 | 0.01000 |   0.9554 |   37.06% |   42.38% |    0:09.22
      bandwidth/experts | c0:bw=23,experts=[1,4]; c9:bw=24,experts=[1,4]; c8:bw=24,experts=[1,4]; c4:bw=10,experts=[1]; c7:bw=17,experts=[3]; c1:bw=28,experts=[1,4]; c3:bw=19,experts=[3]; c5:bw=26,experts=[3,4]; c6:bw=28,experts=[1,4]; c2:bw=30,experts=[1,3,4]
   98 | 0.01000 |   0.9276 |   37.08% |   42.38% |    0:09.20
      bandwidth/experts | c4:bw=29,experts=[3,4]; c8:bw=30,experts=[3,4,6]; c9:bw=15,experts=[3]; c7:bw=13,experts=[0]; c6:bw=20,experts=[3,4]; c5:bw=27,experts=[4,5]; c0:bw=19,experts=[3]; c3:bw=14,experts=[0]; c1:bw=15,experts=[3]; c2:bw=13,experts=[5]
   99 | 0.01000 |   1.0049 |   40.56% |   42.38% |    0:09.21
      bandwidth/experts | c8:bw=19,experts=[5]; c5:bw=27,experts=[0,4]; c7:bw=25,experts=[4,5]; c1:bw=33,experts=[4,5,6]; c3:bw=21,experts=[4,5]; c9:bw=11,experts=[5]; c4:bw=14,experts=[5]; c0:bw=22,experts=[4,5]; c2:bw=17,experts=[7]; c6:bw=19,experts=[5]
  100 | 0.01000 |   0.8672 |   39.79% |   42.38% |    0:09.29
      bandwidth/experts | c2:bw=17,experts=[4]; c8:bw=25,experts=[4,6]; c9:bw=29,experts=[4,7]; c5:bw=10,experts=[2]; c6:bw=25,experts=[4,7]; c1:bw=10,experts=[4]; c4:bw=36,experts=[2,4,6]; c7:bw=10,experts=[4]; c3:bw=23,experts=[4,7]; c0:bw=36,experts=[2,4,7]

Done. Best Acc: 42.38% @ round 82
Total time: 15:25.43
[Export] 实验目录: /userhome/cs3/duanty/FedMoE/results/20260920-092128
[Export] 每轮明细: /userhome/cs3/duanty/FedMoE/results/20260920-092128/rounds.xlsx
[Export] 总体摘要: /userhome/cs3/duanty/FedMoE/results/20260920-092128/summary.xlsx
[Plot] result = /userhome/cs3/duanty/FedMoE/results/20260920-092128
[Plot] figures -> /userhome/cs3/duanty/FedMoE/results/20260920-092128/figure
  fig01_test_accuracy.pdf
  fig02_train_loss.pdf
  fig03_acc_and_loss.pdf
  fig04_bandwidth_and_k.pdf
  fig05_expert_round_heatmap.pdf
  fig06_client_expert_heatmap.pdf
  fig07_expert_frequency.pdf
  fig08_time_breakdown.pdf
  fig09_accuracy_vs_communication.pdf
  fig10_overview.pdf
[Export] 图片目录: /userhome/cs3/duanty/FedMoE/results/20260920-092128/figure
