========================================
Job    : stl10-resnet-e8-fedrolex
Host   : gpu-4090-104
Date   : Sun Sep 20 09:06:23 HKT 2026
GPU    : 0
Python : /userhome/cs3/duanty/miniconda3/envs/moe/bin/python
Command: python -u main.py --method ours --dataset stl10 --backbone resnet --select fedrolex --merge ours --device cuda --num_experts 8
========================================

==================================================================
 Ours  
  Dataset=stl10 | beta=0.1 | Backbone=resnet | width_mult=1 | Clients=10 | Experts=8
  Select=fedrolex | Merge=ours
  Rounds=100 | LR=0.01
  Bandwidth: expert_bw=10 | bw=[10, 40] | Rayleigh-Shannon, SNR=10 dB | k=floor(bw/10)
==================================================================


[Partition] Dirichlet beta=0.1, 10 clients
  Client 0:    416 samples | 5/10 classes
  Client 1:    666 samples | 5/10 classes
  Client 2:    674 samples | 7/10 classes
  Client 3:    833 samples | 4/10 classes
  Client 4:    557 samples | 4/10 classes
  Client 5:    414 samples | 2/10 classes
  Client 6:    295 samples | 3/10 classes
  Client 7:    999 samples | 5/10 classes
  Client 8:     23 samples | 3/10 classes
  Client 9:    123 samples | 10/10 classes

[Upload] expert_bw=10 | available bw=[10, 40] | Rayleigh-Shannon, SNR=10 dB | upload k=floor(bw/10), cap=8 | rolling-window expert selection

[Model] Total params: 13,315,216

[Export] 本次实验目录: /userhome/cs3/duanty/FedMoE/results/20260920-090639

Round |      LR |  AvgLoss |  TestAcc |     Best |  RoundTime
--------------------------------------------------------------------------------
    1 | 0.00208 |   2.1475 |   10.16% |   10.16% |    0:09.55
      bandwidth/experts | c8:bw=31,experts=[0,1,2]; c1:bw=16,experts=[1]; c5:bw=25,experts=[5,6]; c0:bw=10,experts=[0]; c7:bw=11,experts=[7]; c2:bw=16,experts=[2]; c9:bw=25,experts=[1,2]; c4:bw=22,experts=[4,5]; c3:bw=28,experts=[3,4]; c6:bw=23,experts=[6,7]
    2 | 0.00406 |   2.1349 |   14.80% |   14.80% |    0:08.74
      bandwidth/experts | c0:bw=20,experts=[1,2]; c1:bw=23,experts=[2,3]; c8:bw=27,experts=[3,4]; c5:bw=38,experts=[0,1,7]; c3:bw=37,experts=[5,6,7]; c4:bw=17,experts=[6]; c7:bw=31,experts=[0,1,2]; c9:bw=26,experts=[3,4]; c6:bw=10,experts=[0]; c2:bw=12,experts=[3]
    3 | 0.00604 |   2.0253 |   10.21% |   14.80% |    0:08.76
      bandwidth/experts | c9:bw=26,experts=[5,6]; c2:bw=23,experts=[4,5]; c0:bw=28,experts=[3,4]; c6:bw=22,experts=[1,2]; c8:bw=17,experts=[5]; c5:bw=10,experts=[2]; c3:bw=14,experts=[0]; c7:bw=18,experts=[3]; c1:bw=10,experts=[4]; c4:bw=29,experts=[0,7]
    4 | 0.00802 |   1.6094 |   18.27% |   18.27% |    0:08.77
      bandwidth/experts | c1:bw=22,experts=[5,6]; c7:bw=25,experts=[4,5]; c6:bw=29,experts=[3,4]; c2:bw=33,experts=[0,6,7]; c8:bw=17,experts=[6]; c0:bw=33,experts=[5,6,7]; c3:bw=19,experts=[1]; c4:bw=31,experts=[1,2,3]; c5:bw=40,experts=[3,4,5,6]; c9:bw=12,experts=[7]
    5 | 0.01000 |   1.7350 |   18.49% |   18.49% |    0:08.71
      bandwidth/experts | c1:bw=11,experts=[7]; c5:bw=22,experts=[0,7]; c4:bw=27,experts=[4,5]; c8:bw=20,experts=[0,7]; c0:bw=28,experts=[0,1]; c7:bw=14,experts=[6]; c6:bw=29,experts=[5,6]; c3:bw=35,experts=[2,3,4]; c2:bw=10,experts=[1]; c9:bw=35,experts=[0,1,2]
    6 | 0.01000 |   2.0367 |   14.07% |   18.49% |    0:08.61
      bandwidth/experts | c8:bw=37,experts=[1,2,3]; c2:bw=23,experts=[2,3]; c5:bw=15,experts=[1]; c7:bw=32,experts=[0,1,7]; c3:bw=20,experts=[5,6]; c1:bw=18,experts=[0]; c9:bw=27,experts=[3,4]; c0:bw=17,experts=[2]; c4:bw=10,experts=[6]; c6:bw=11,experts=[7]
    7 | 0.01000 |   1.7034 |   18.38% |   18.49% |    0:08.73
      bandwidth/experts | c0:bw=20,experts=[3,4]; c5:bw=27,experts=[2,3]; c2:bw=22,experts=[4,5]; c6:bw=10,experts=[0]; c3:bw=15,experts=[7]; c7:bw=17,experts=[2]; c4:bw=10,experts=[7]; c1:bw=10,experts=[1]; c8:bw=32,experts=[4,5,6]; c9:bw=10,experts=[5]
    8 | 0.01000 |   1.9148 |   25.89% |   25.89% |    0:08.75
      bandwidth/experts | c4:bw=10,experts=[0]; c8:bw=20,experts=[0,7]; c1:bw=32,experts=[2,3,4]; c3:bw=21,experts=[0,1]; c0:bw=18,experts=[5]; c5:bw=16,experts=[4]; c2:bw=30,experts=[0,6,7]; c9:bw=33,experts=[0,6,7]; c7:bw=10,experts=[3]; c6:bw=23,experts=[1,2]
    9 | 0.01000 |   1.5759 |   20.16% |   25.89% |    0:08.78
      bandwidth/experts | c2:bw=12,experts=[1]; c0:bw=29,experts=[6,7]; c4:bw=33,experts=[1,2,3]; c9:bw=15,experts=[1]; c8:bw=10,experts=[1]; c6:bw=17,experts=[3]; c7:bw=25,experts=[4,5]; c5:bw=29,experts=[5,6]; c1:bw=10,experts=[5]; c3:bw=13,experts=[2]
   10 | 0.01000 |   1.9683 |   17.09% |   25.89% |    0:08.74
      bandwidth/experts | c4:bw=20,experts=[4,5]; c2:bw=19,experts=[2]; c7:bw=21,experts=[6,7]; c0:bw=33,experts=[0,1,2]; c6:bw=36,experts=[4,5,6]; c3:bw=26,experts=[3,4]; c5:bw=32,experts=[0,1,7]; c8:bw=20,experts=[2,3]; c9:bw=20,experts=[2,3]; c1:bw=23,experts=[6,7]
   11 | 0.01000 |   1.6671 |   18.51% |   25.89% |    0:08.72
      bandwidth/experts | c5:bw=15,experts=[2]; c2:bw=15,experts=[3]; c7:bw=24,experts=[0,1]; c3:bw=28,experts=[5,6]; c0:bw=16,experts=[3]; c8:bw=22,experts=[4,5]; c9:bw=18,experts=[4]; c6:bw=31,experts=[0,1,7]; c1:bw=22,experts=[0,1]; c4:bw=10,experts=[6]
   12 | 0.01000 |   2.0556 |   23.40% |   25.89% |    0:08.89
      bandwidth/experts | c1:bw=24,experts=[2,3]; c5:bw=31,experts=[3,4,5]; c2:bw=32,experts=[4,5,6]; c4:bw=16,experts=[7]; c3:bw=19,experts=[7]; c7:bw=16,experts=[2]; c9:bw=23,experts=[5,6]; c6:bw=16,experts=[2]; c8:bw=31,experts=[0,6,7]; c0:bw=27,experts=[4,5]
   13 | 0.01000 |   1.7528 |   20.16% |   25.89% |    0:08.71
      bandwidth/experts | c3:bw=17,experts=[0]; c1:bw=26,experts=[4,5]; c4:bw=10,experts=[0]; c5:bw=16,experts=[6]; c8:bw=10,experts=[1]; c6:bw=20,experts=[3,4]; c9:bw=10,experts=[7]; c7:bw=32,experts=[3,4,5]; c0:bw=14,experts=[6]; c2:bw=10,experts=[7]
   14 | 0.01000 |   1.7535 |   17.74% |   25.89% |    0:08.71
      bandwidth/experts | c2:bw=25,experts=[0,1]; c4:bw=10,experts=[1]; c5:bw=36,experts=[0,1,7]; c1:bw=21,experts=[6,7]; c7:bw=14,experts=[6]; c0:bw=14,experts=[7]; c9:bw=18,experts=[0]; c3:bw=25,experts=[1,2]; c8:bw=12,experts=[2]; c6:bw=37,experts=[5,6,7]
   15 | 0.01000 |   1.8332 |   18.90% |   25.89% |    0:08.71
      bandwidth/experts | c7:bw=33,experts=[0,1,7]; c0:bw=11,experts=[0]; c1:bw=10,experts=[0]; c8:bw=29,experts=[3,4]; c3:bw=10,experts=[3]; c2:bw=29,experts=[2,3]; c4:bw=26,experts=[2,3]; c5:bw=10,experts=[2]; c9:bw=11,experts=[1]; c6:bw=18,experts=[0]
   16 | 0.01000 |   1.6709 |   23.89% |   25.89% |    0:08.67
      bandwidth/experts | c6:bw=22,experts=[1,2]; c1:bw=16,experts=[1]; c3:bw=24,experts=[4,5]; c8:bw=27,experts=[5,6]; c7:bw=12,experts=[2]; c5:bw=22,experts=[3,4]; c4:bw=20,experts=[4,5]; c9:bw=13,experts=[2]; c0:bw=32,experts=[1,2,3]; c2:bw=29,experts=[4,5]
   17 | 0.01000 |   1.7698 |   25.31% |   25.89% |    0:08.65
      bandwidth/experts | c4:bw=32,experts=[0,6,7]; c7:bw=14,experts=[3]; c8:bw=10,experts=[7]; c3:bw=29,experts=[6,7]; c5:bw=10,experts=[5]; c1:bw=16,experts=[2]; c0:bw=10,experts=[4]; c2:bw=11,experts=[6]; c9:bw=21,experts=[3,4]; c6:bw=21,experts=[3,4]
   18 | 0.01000 |   1.9105 |   19.43% |   25.89% |    0:08.76
      bandwidth/experts | c1:bw=10,experts=[3]; c8:bw=10,experts=[0]; c5:bw=19,experts=[6]; c2:bw=21,experts=[0,7]; c9:bw=10,experts=[5]; c7:bw=30,experts=[4,5,6]; c4:bw=31,experts=[1,2,3]; c3:bw=21,experts=[0,1]; c0:bw=27,experts=[5,6]; c6:bw=17,experts=[5]
   19 | 0.01000 |   1.6690 |   10.60% |   25.89% |    0:08.69
      bandwidth/experts | c8:bw=31,experts=[1,2,3]; c0:bw=23,experts=[0,7]; c4:bw=28,experts=[4,5]; c1:bw=26,experts=[4,5]; c9:bw=21,experts=[6,7]; c5:bw=16,experts=[7]; c7:bw=12,experts=[7]; c2:bw=10,experts=[1]; c6:bw=36,experts=[0,6,7]; c3:bw=22,experts=[2,3]
   20 | 0.01000 |   1.7471 |   19.45% |   25.89% |    0:08.71
      bandwidth/experts | c0:bw=15,experts=[1]; c2:bw=23,experts=[2,3]; c1:bw=22,experts=[6,7]; c9:bw=10,experts=[0]; c7:bw=24,experts=[0,1]; c6:bw=38,experts=[1,2,3]; c3:bw=10,experts=[4]; c5:bw=10,experts=[0]; c4:bw=33,experts=[0,6,7]; c8:bw=28,experts=[4,5]
   21 | 0.01000 |   1.9234 |   18.24% |   25.89% |    0:08.78
      bandwidth/experts | c1:bw=23,experts=[0,1]; c2:bw=22,experts=[4,5]; c7:bw=10,experts=[2]; c4:bw=26,experts=[1,2]; c8:bw=10,experts=[6]; c5:bw=18,experts=[1]; c0:bw=37,experts=[2,3,4]; c3:bw=10,experts=[5]; c6:bw=10,experts=[4]; c9:bw=14,experts=[1]
   22 | 0.01000 |   2.2614 |   19.05% |   25.89% |    0:08.73
      bandwidth/experts | c7:bw=10,experts=[3]; c9:bw=18,experts=[2]; c1:bw=10,experts=[2]; c6:bw=34,experts=[5,6,7]; c5:bw=10,experts=[2]; c2:bw=37,experts=[0,6,7]; c0:bw=37,experts=[5,6,7]; c4:bw=20,experts=[3,4]; c3:bw=31,experts=[0,6,7]; c8:bw=18,experts=[7]
   23 | 0.01000 |   1.7669 |   17.49% |   25.89% |    0:08.60
      bandwidth/experts | c5:bw=29,experts=[3,4]; c7:bw=10,experts=[4]; c4:bw=31,experts=[5,6,7]; c6:bw=10,experts=[0]; c9:bw=28,experts=[3,4]; c8:bw=19,experts=[0]; c3:bw=10,experts=[1]; c1:bw=34,experts=[3,4,5]; c2:bw=18,experts=[1]; c0:bw=10,experts=[0]
   24 | 0.01000 |   2.5827 |   17.81% |   25.89% |    0:08.69
      bandwidth/experts | c6:bw=17,experts=[1]; c4:bw=10,experts=[0]; c7:bw=10,experts=[5]; c9:bw=28,experts=[5,6]; c2:bw=24,experts=[2,3]; c1:bw=10,experts=[6]; c5:bw=14,experts=[5]; c8:bw=10,experts=[1]; c3:bw=10,experts=[2]; c0:bw=17,experts=[1]
   25 | 0.01000 |   1.7395 |   19.01% |   25.89% |    0:08.74
      bandwidth/experts | c9:bw=22,experts=[0,7]; c6:bw=10,experts=[2]; c4:bw=32,experts=[1,2,3]; c3:bw=10,experts=[3]; c5:bw=35,experts=[0,6,7]; c1:bw=27,experts=[0,7]; c8:bw=30,experts=[2,3,4]; c2:bw=10,experts=[4]; c0:bw=31,experts=[2,3,4]; c7:bw=22,experts=[6,7]
   26 | 0.01000 |   1.6554 |   21.15% |   25.89% |    0:08.77
      bandwidth/experts | c3:bw=25,experts=[4,5]; c6:bw=19,experts=[3]; c9:bw=28,experts=[1,2]; c7:bw=17,experts=[0]; c1:bw=18,experts=[1]; c5:bw=11,experts=[1]; c2:bw=17,experts=[5]; c8:bw=30,experts=[5,6,7]; c0:bw=10,experts=[5]; c4:bw=26,experts=[4,5]
   27 | 0.01000 |   1.6063 |   20.23% |   25.89% |    0:08.74
      bandwidth/experts | c7:bw=29,experts=[1,2]; c1:bw=34,experts=[2,3,4]; c4:bw=10,experts=[6]; c0:bw=20,experts=[6,7]; c9:bw=10,experts=[3]; c2:bw=11,experts=[6]; c8:bw=31,experts=[0,1,2]; c3:bw=12,experts=[6]; c6:bw=35,experts=[4,5,6]; c5:bw=20,experts=[2,3]
   28 | 0.01000 |   1.5069 |   22.20% |   25.89% |    0:08.68
      bandwidth/experts | c6:bw=16,experts=[7]; c9:bw=27,experts=[4,5]; c0:bw=26,experts=[0,1]; c8:bw=16,experts=[3]; c2:bw=10,experts=[7]; c5:bw=18,experts=[4]; c1:bw=14,experts=[5]; c3:bw=10,experts=[7]; c4:bw=10,experts=[7]; c7:bw=10,experts=[3]
   29 | 0.01000 |   1.7554 |   18.75% |   25.89% |    0:08.70
      bandwidth/experts | c4:bw=21,experts=[0,1]; c0:bw=24,experts=[2,3]; c1:bw=18,experts=[6]; c9:bw=24,experts=[6,7]; c6:bw=24,experts=[0,1]; c8:bw=19,experts=[4]; c7:bw=12,experts=[4]; c3:bw=18,experts=[0]; c2:bw=10,experts=[0]; c5:bw=19,experts=[5]
   30 | 0.01000 |   2.0061 |   10.15% |   25.89% |    0:08.73
      bandwidth/experts | c5:bw=34,experts=[0,6,7]; c1:bw=20,experts=[0,7]; c9:bw=30,experts=[0,1,2]; c4:bw=29,experts=[2,3]; c0:bw=10,experts=[4]; c8:bw=23,experts=[5,6]; c6:bw=10,experts=[2]; c7:bw=10,experts=[5]; c3:bw=33,experts=[1,2,3]; c2:bw=15,experts=[1]
   31 | 0.01000 |   1.9137 |   14.76% |   25.89% |    0:08.68
      bandwidth/experts | c6:bw=16,experts=[3]; c4:bw=11,experts=[4]; c9:bw=25,experts=[3,4]; c1:bw=17,experts=[1]; c5:bw=34,experts=[1,2,3]; c8:bw=18,experts=[7]; c3:bw=13,experts=[4]; c2:bw=10,experts=[2]; c0:bw=26,experts=[5,6]; c7:bw=35,experts=[0,6,7]
   32 | 0.01000 |   1.8743 |   24.07% |   25.89% |    0:08.76
      bandwidth/experts | c8:bw=12,experts=[0]; c5:bw=20,experts=[4,5]; c4:bw=27,experts=[5,6]; c7:bw=26,experts=[1,2]; c0:bw=25,experts=[0,7]; c1:bw=12,experts=[2]; c3:bw=16,experts=[5]; c6:bw=15,experts=[4]; c2:bw=30,experts=[3,4,5]; c9:bw=17,experts=[5]
   33 | 0.01000 |   1.8007 |   18.66% |   25.89% |    0:08.71
      bandwidth/experts | c7:bw=29,experts=[3,4]; c1:bw=19,experts=[3]; c3:bw=39,experts=[0,6,7]; c6:bw=20,experts=[5,6]; c5:bw=16,experts=[6]; c9:bw=23,experts=[6,7]; c2:bw=13,experts=[6]; c8:bw=28,experts=[1,2]; c4:bw=25,experts=[0,7]; c0:bw=35,experts=[1,2,3]
   34 | 0.01000 |   1.8005 |   19.01% |   25.89% |    0:08.76
      bandwidth/experts | c4:bw=26,experts=[1,2]; c1:bw=26,experts=[4,5]; c6:bw=27,experts=[0,7]; c9:bw=38,experts=[0,1,2]; c8:bw=23,experts=[3,4]; c0:bw=12,experts=[4]; c5:bw=33,experts=[0,1,7]; c7:bw=18,experts=[5]; c3:bw=40,experts=[1,2,3,4]; c2:bw=30,experts=[0,1,7]
   35 | 0.01000 |   1.7198 |   17.12% |   25.89% |    0:08.66
      bandwidth/experts | c4:bw=18,experts=[3]; c0:bw=11,experts=[5]; c1:bw=17,experts=[6]; c6:bw=24,experts=[1,2]; c2:bw=25,experts=[2,3]; c8:bw=28,experts=[5,6]; c9:bw=15,experts=[3]; c7:bw=27,experts=[6,7]; c5:bw=23,experts=[2,3]; c3:bw=13,experts=[5]
   36 | 0.01000 |   1.7480 |   22.68% |   25.89% |    0:08.74
      bandwidth/experts | c9:bw=21,experts=[4,5]; c0:bw=20,experts=[6,7]; c3:bw=33,experts=[0,6,7]; c7:bw=15,experts=[0]; c6:bw=24,experts=[3,4]; c5:bw=27,experts=[4,5]; c1:bw=10,experts=[7]; c4:bw=40,experts=[4,5,6,7]; c8:bw=28,experts=[0,7]; c2:bw=28,experts=[4,5]
   37 | 0.01000 |   1.6789 |   26.61% |   26.61% |    0:08.69
      bandwidth/experts | c1:bw=10,experts=[0]; c5:bw=22,experts=[6,7]; c2:bw=20,experts=[6,7]; c6:bw=36,experts=[5,6,7]; c4:bw=22,experts=[0,1]; c7:bw=23,experts=[1,2]; c9:bw=22,experts=[6,7]; c0:bw=30,experts=[0,1,2]; c3:bw=20,experts=[1,2]; c8:bw=10,experts=[1]
   38 | 0.01000 |   1.5885 |   25.29% |   26.61% |    0:08.66
      bandwidth/experts | c8:bw=25,experts=[2,3]; c6:bw=10,experts=[0]; c4:bw=29,experts=[2,3]; c1:bw=17,experts=[1]; c5:bw=10,experts=[0]; c2:bw=10,experts=[0]; c3:bw=21,experts=[3,4]; c7:bw=28,experts=[3,4]; c9:bw=14,experts=[0]; c0:bw=22,experts=[3,4]
   39 | 0.01000 |   1.4915 |   19.38% |   26.61% |    0:08.79
      bandwidth/experts | c3:bw=14,experts=[5]; c0:bw=10,experts=[5]; c1:bw=25,experts=[2,3]; c7:bw=22,experts=[5,6]; c6:bw=17,experts=[1]; c8:bw=25,experts=[4,5]; c2:bw=20,experts=[1,2]; c4:bw=20,experts=[4,5]; c9:bw=13,experts=[1]; c5:bw=40,experts=[1,2,3,4]
   40 | 0.01000 |   1.8653 |   22.39% |   26.61% |    0:08.69
      bandwidth/experts | c8:bw=14,experts=[6]; c1:bw=23,experts=[4,5]; c5:bw=18,experts=[5]; c6:bw=26,experts=[2,3]; c2:bw=36,experts=[3,4,5]; c7:bw=37,experts=[0,1,7]; c3:bw=10,experts=[6]; c4:bw=11,experts=[6]; c9:bw=22,experts=[2,3]; c0:bw=20,experts=[6,7]
   41 | 0.01000 |   1.5594 |   20.38% |   26.61% |    0:08.72
      bandwidth/experts | c2:bw=30,experts=[0,6,7]; c6:bw=10,experts=[4]; c8:bw=31,experts=[0,1,7]; c1:bw=10,experts=[6]; c4:bw=28,experts=[0,7]; c5:bw=34,experts=[0,6,7]; c7:bw=38,experts=[2,3,4]; c3:bw=22,experts=[0,7]; c9:bw=30,experts=[4,5,6]; c0:bw=10,experts=[0]
   42 | 0.01000 |   1.8459 |   18.52% |   26.61% |    0:08.71
      bandwidth/experts | c5:bw=28,experts=[1,2]; c1:bw=27,experts=[0,7]; c3:bw=27,experts=[1,2]; c9:bw=28,experts=[0,7]; c6:bw=19,experts=[5]; c0:bw=10,experts=[1]; c7:bw=11,experts=[5]; c4:bw=30,experts=[1,2,3]; c8:bw=23,experts=[2,3]; c2:bw=22,experts=[1,2]
   43 | 0.01000 |   2.1477 |   22.32% |   26.61% |    0:08.72
      bandwidth/experts | c5:bw=29,experts=[3,4]; c1:bw=32,experts=[1,2,3]; c2:bw=28,experts=[3,4]; c8:bw=25,experts=[4,5]; c9:bw=18,experts=[1]; c7:bw=12,experts=[6]; c4:bw=19,experts=[4]; c6:bw=10,experts=[6]; c3:bw=36,experts=[3,4,5]; c0:bw=12,experts=[2]
   44 | 0.01000 |   1.8429 |   19.14% |   26.61% |    0:08.70
      bandwidth/experts | c0:bw=37,experts=[3,4,5]; c3:bw=26,experts=[6,7]; c4:bw=16,experts=[5]; c2:bw=20,experts=[5,6]; c7:bw=40,experts=[0,1,2,7]; c5:bw=13,experts=[5]; c6:bw=11,experts=[7]; c9:bw=21,experts=[2,3]; c8:bw=19,experts=[6]; c1:bw=25,experts=[4,5]
   45 | 0.01000 |   1.9712 |   22.64% |   26.61% |    0:08.64
      bandwidth/experts | c8:bw=31,experts=[0,1,7]; c0:bw=20,experts=[6,7]; c3:bw=37,experts=[0,1,2]; c4:bw=36,experts=[0,6,7]; c7:bw=20,experts=[3,4]; c2:bw=27,experts=[0,7]; c9:bw=14,experts=[4]; c6:bw=10,experts=[0]; c5:bw=25,experts=[6,7]; c1:bw=31,experts=[0,6,7]
   46 | 0.01000 |   1.7347 |   23.93% |   26.61% |    0:08.63
      bandwidth/experts | c9:bw=20,experts=[5,6]; c3:bw=15,experts=[3]; c6:bw=21,experts=[1,2]; c1:bw=23,experts=[1,2]; c4:bw=35,experts=[1,2,3]; c5:bw=23,experts=[0,1]; c2:bw=32,experts=[1,2,3]; c8:bw=22,experts=[2,3]; c0:bw=30,experts=[0,1,2]; c7:bw=16,experts=[5]
   47 | 0.01000 |   1.5752 |   29.15% |   29.15% |    0:08.67
      bandwidth/experts | c5:bw=29,experts=[2,3]; c6:bw=12,experts=[3]; c7:bw=29,experts=[6,7]; c9:bw=10,experts=[7]; c8:bw=22,experts=[4,5]; c3:bw=39,experts=[4,5,6]; c4:bw=10,experts=[4]; c0:bw=25,experts=[3,4]; c1:bw=17,experts=[3]; c2:bw=30,experts=[4,5,6]
   48 | 0.01000 |   1.6305 |   19.05% |   29.15% |    0:08.65
      bandwidth/experts | c1:bw=28,experts=[4,5]; c8:bw=28,experts=[6,7]; c4:bw=37,experts=[5,6,7]; c2:bw=31,experts=[0,1,7]; c9:bw=29,experts=[0,1]; c6:bw=25,experts=[4,5]; c5:bw=31,experts=[4,5,6]; c7:bw=35,experts=[0,1,2]; c0:bw=10,experts=[5]; c3:bw=10,experts=[7]
   49 | 0.01000 |   1.4808 |   27.10% |   29.15% |    0:08.65
      bandwidth/experts | c4:bw=27,experts=[0,1]; c3:bw=18,experts=[0]; c8:bw=15,experts=[0]; c0:bw=11,experts=[6]; c2:bw=32,experts=[2,3,4]; c5:bw=31,experts=[0,1,7]; c6:bw=10,experts=[6]; c7:bw=24,experts=[3,4]; c9:bw=29,experts=[2,3]; c1:bw=30,experts=[0,6,7]
   50 | 0.01000 |   1.4998 |   24.68% |   29.15% |    0:08.65
      bandwidth/experts | c8:bw=18,experts=[1]; c4:bw=10,experts=[2]; c7:bw=19,experts=[5]; c6:bw=38,experts=[0,1,7]; c2:bw=35,experts=[5,6,7]; c1:bw=36,experts=[1,2,3]; c3:bw=22,experts=[1,2]; c0:bw=16,experts=[7]; c9:bw=15,experts=[4]; c5:bw=17,experts=[2]
   51 | 0.01000 |   1.7537 |   22.52% |   29.15% |    0:08.73
      bandwidth/experts | c5:bw=26,experts=[3,4]; c0:bw=30,experts=[0,1,2]; c1:bw=12,experts=[4]; c2:bw=11,experts=[0]; c8:bw=26,experts=[2,3]; c6:bw=29,experts=[2,3]; c9:bw=10,experts=[5]; c3:bw=31,experts=[3,4,5]; c4:bw=10,experts=[3]; c7:bw=15,experts=[6]
   52 | 0.01000 |   1.7085 |   22.66% |   29.15% |    0:08.63
      bandwidth/experts | c0:bw=26,experts=[3,4]; c8:bw=10,experts=[4]; c5:bw=13,experts=[5]; c7:bw=19,experts=[7]; c1:bw=22,experts=[5,6]; c4:bw=18,experts=[4]; c9:bw=17,experts=[6]; c6:bw=28,experts=[4,5]; c2:bw=16,experts=[1]; c3:bw=24,experts=[6,7]
   53 | 0.01000 |   1.4365 |   18.89% |   29.15% |    0:08.67
      bandwidth/experts | c8:bw=12,experts=[5]; c4:bw=16,experts=[5]; c5:bw=24,experts=[6,7]; c1:bw=33,experts=[0,1,7]; c3:bw=26,experts=[0,1]; c9:bw=34,experts=[0,1,7]; c6:bw=20,experts=[6,7]; c7:bw=24,experts=[0,1]; c0:bw=21,experts=[5,6]; c2:bw=29,experts=[2,3]
   54 | 0.01000 |   1.6025 |   24.85% |   29.15% |    0:08.68
      bandwidth/experts | c2:bw=10,experts=[4]; c1:bw=29,experts=[2,3]; c8:bw=31,experts=[0,6,7]; c7:bw=34,experts=[2,3,4]; c3:bw=17,experts=[2]; c0:bw=20,experts=[0,7]; c6:bw=30,experts=[0,1,2]; c5:bw=10,experts=[0]; c9:bw=28,experts=[2,3]; c4:bw=18,experts=[6]
   55 | 0.01000 |   1.5162 |   19.70% |   29.15% |    0:08.63
      bandwidth/experts | c7:bw=30,experts=[5,6,7]; c2:bw=23,experts=[5,6]; c4:bw=10,experts=[7]; c3:bw=29,experts=[3,4]; c8:bw=10,experts=[1]; c5:bw=29,experts=[1,2]; c1:bw=33,experts=[4,5,6]; c6:bw=23,experts=[3,4]; c0:bw=15,experts=[1]; c9:bw=34,experts=[4,5,6]
   56 | 0.01000 |   1.6460 |   19.35% |   29.15% |    0:08.67
      bandwidth/experts | c9:bw=29,experts=[0,7]; c1:bw=31,experts=[0,1,7]; c3:bw=10,experts=[5]; c2:bw=29,experts=[0,7]; c5:bw=17,experts=[3]; c4:bw=10,experts=[0]; c8:bw=10,experts=[2]; c7:bw=10,experts=[0]; c6:bw=13,experts=[5]; c0:bw=39,experts=[2,3,4]
   57 | 0.01000 |   1.6728 |   20.20% |   29.15% |    0:08.62
      bandwidth/experts | c3:bw=35,experts=[0,6,7]; c8:bw=24,experts=[3,4]; c6:bw=27,experts=[6,7]; c1:bw=27,experts=[2,3]; c7:bw=38,experts=[1,2,3]; c0:bw=39,experts=[5,6,7]; c5:bw=24,experts=[4,5]; c4:bw=23,experts=[1,2]; c2:bw=18,experts=[1]; c9:bw=11,experts=[1]
   58 | 0.01000 |   2.0261 |   17.74% |   29.15% |    0:08.61
      bandwidth/experts | c7:bw=13,experts=[4]; c2:bw=10,experts=[2]; c9:bw=32,experts=[2,3,4]; c6:bw=30,experts=[0,1,2]; c5:bw=19,experts=[6]; c1:bw=17,experts=[4]; c8:bw=22,experts=[5,6]; c4:bw=21,experts=[3,4]; c3:bw=34,experts=[1,2,3]; c0:bw=26,experts=[0,1]
   59 | 0.01000 |   1.8188 |   23.96% |   29.15% |    0:08.59
      bandwidth/experts | c2:bw=20,experts=[3,4]; c8:bw=31,experts=[0,1,7]; c9:bw=15,experts=[5]; c6:bw=11,experts=[3]; c1:bw=36,experts=[5,6,7]; c4:bw=14,experts=[5]; c7:bw=15,experts=[5]; c5:bw=18,experts=[7]; c0:bw=29,experts=[2,3]; c3:bw=20,experts=[4,5]
   60 | 0.01000 |   1.6078 |   22.04% |   29.15% |    0:08.63
      bandwidth/experts | c0:bw=29,experts=[4,5]; c7:bw=26,experts=[6,7]; c4:bw=17,experts=[6]; c2:bw=17,experts=[5]; c5:bw=18,experts=[0]; c8:bw=14,experts=[2]; c6:bw=33,experts=[4,5,6]; c9:bw=10,experts=[6]; c1:bw=30,experts=[0,1,2]; c3:bw=24,experts=[6,7]
   61 | 0.01000 |   1.5922 |   29.57% |   29.57% |    0:08.62
      bandwidth/experts | c5:bw=27,experts=[1,2]; c6:bw=21,experts=[0,7]; c2:bw=16,experts=[6]; c9:bw=21,experts=[0,7]; c1:bw=19,experts=[3]; c3:bw=24,experts=[0,1]; c8:bw=31,experts=[3,4,5]; c4:bw=21,experts=[0,7]; c7:bw=24,experts=[0,1]; c0:bw=33,experts=[0,6,7]
   62 | 0.01000 |   1.6467 |   25.90% |   29.57% |    0:08.63
      bandwidth/experts | c8:bw=10,experts=[6]; c6:bw=35,experts=[1,2,3]; c9:bw=10,experts=[1]; c4:bw=33,experts=[1,2,3]; c5:bw=37,experts=[3,4,5]; c0:bw=16,experts=[1]; c3:bw=29,experts=[2,3]; c2:bw=23,experts=[0,7]; c1:bw=40,experts=[4,5,6,7]; c7:bw=25,experts=[2,3]
   63 | 0.01000 |   1.5053 |   19.96% |   29.57% |    0:08.61
      bandwidth/experts | c5:bw=10,experts=[6]; c9:bw=12,experts=[2]; c6:bw=19,experts=[4]; c3:bw=29,experts=[4,5]; c8:bw=18,experts=[7]; c1:bw=28,experts=[0,1]; c7:bw=38,experts=[4,5,6]; c0:bw=23,experts=[2,3]; c2:bw=15,experts=[1]; c4:bw=29,experts=[4,5]
   64 | 0.01000 |   1.7401 |   28.00% |   29.57% |    0:08.69
      bandwidth/experts | c6:bw=28,experts=[5,6]; c4:bw=21,experts=[6,7]; c5:bw=13,experts=[7]; c3:bw=21,experts=[6,7]; c7:bw=19,experts=[7]; c0:bw=18,experts=[4]; c8:bw=30,experts=[0,1,2]; c9:bw=33,experts=[3,4,5]; c2:bw=31,experts=[2,3,4]; c1:bw=16,experts=[2]
   65 | 0.01000 |   1.4641 |   28.70% |   29.57% |    0:08.60
      bandwidth/experts | c7:bw=10,experts=[0]; c5:bw=16,experts=[0]; c4:bw=32,experts=[0,1,2]; c6:bw=28,experts=[0,7]; c8:bw=37,experts=[3,4,5]; c3:bw=24,experts=[0,1]; c0:bw=23,experts=[5,6]; c2:bw=16,experts=[5]; c1:bw=32,experts=[3,4,5]; c9:bw=26,experts=[6,7]
   66 | 0.01000 |   1.4638 |   22.52% |   29.57% |    0:08.61
      bandwidth/experts | c2:bw=23,experts=[6,7]; c5:bw=10,experts=[1]; c1:bw=30,experts=[0,6,7]; c8:bw=13,experts=[6]; c9:bw=17,experts=[0]; c6:bw=16,experts=[1]; c4:bw=23,experts=[3,4]; c0:bw=21,experts=[0,7]; c3:bw=37,experts=[2,3,4]; c7:bw=28,experts=[1,2]
   67 | 0.01000 |   1.6147 |   27.02% |   29.57% |    0:08.70
      bandwidth/experts | c4:bw=28,experts=[5,6]; c5:bw=27,experts=[2,3]; c1:bw=20,experts=[1,2]; c3:bw=14,experts=[5]; c6:bw=29,experts=[2,3]; c0:bw=18,experts=[1]; c2:bw=24,experts=[0,1]; c9:bw=33,experts=[1,2,3]; c7:bw=33,experts=[3,4,5]; c8:bw=10,experts=[7]
   68 | 0.01000 |   1.5124 |   29.25% |   29.57% |    0:08.62
      bandwidth/experts | c1:bw=23,experts=[3,4]; c8:bw=17,experts=[0]; c2:bw=32,experts=[2,3,4]; c0:bw=17,experts=[2]; c3:bw=14,experts=[6]; c4:bw=27,experts=[0,7]; c5:bw=25,experts=[4,5]; c9:bw=10,experts=[4]; c7:bw=15,experts=[6]; c6:bw=18,experts=[4]
   69 | 0.01000 |   1.5516 |   31.98% |   31.98% |    0:08.62
      bandwidth/experts | c3:bw=23,experts=[0,7]; c7:bw=32,experts=[0,1,7]; c1:bw=17,experts=[5]; c4:bw=23,experts=[1,2]; c9:bw=20,experts=[5,6]; c5:bw=22,experts=[6,7]; c0:bw=29,experts=[3,4]; c2:bw=37,experts=[5,6,7]; c8:bw=23,experts=[1,2]; c6:bw=15,experts=[5]
   70 | 0.01000 |   1.6860 |   19.09% |   31.98% |    0:08.65
      bandwidth/experts | c1:bw=13,experts=[6]; c9:bw=10,experts=[7]; c7:bw=16,experts=[2]; c3:bw=18,experts=[1]; c0:bw=17,experts=[5]; c6:bw=14,experts=[6]; c2:bw=31,experts=[0,1,2]; c4:bw=32,experts=[3,4,5]; c5:bw=13,experts=[0]; c8:bw=27,experts=[3,4]
   71 | 0.01000 |   1.3765 |   24.91% |   31.98% |    0:08.64
      bandwidth/experts | c4:bw=24,experts=[6,7]; c0:bw=10,experts=[6]; c1:bw=29,experts=[0,7]; c9:bw=22,experts=[0,1]; c7:bw=11,experts=[3]; c5:bw=19,experts=[1]; c3:bw=34,experts=[2,3,4]; c6:bw=28,experts=[0,7]; c8:bw=21,experts=[5,6]; c2:bw=34,experts=[3,4,5]
   72 | 0.01000 |   1.6631 |   25.25% |   31.98% |    0:08.63
      bandwidth/experts | c8:bw=16,experts=[7]; c1:bw=22,experts=[1,2]; c5:bw=24,experts=[2,3]; c7:bw=27,experts=[4,5]; c6:bw=11,experts=[1]; c0:bw=29,experts=[0,7]; c3:bw=13,experts=[5]; c2:bw=13,experts=[6]; c9:bw=21,experts=[2,3]; c4:bw=22,experts=[0,1]
   73 | 0.01000 |   1.4064 |   24.41% |   31.98% |    0:08.67
      bandwidth/experts | c2:bw=26,experts=[0,7]; c8:bw=10,experts=[0]; c3:bw=22,experts=[6,7]; c1:bw=37,experts=[3,4,5]; c5:bw=10,experts=[4]; c9:bw=29,experts=[4,5]; c0:bw=16,experts=[1]; c7:bw=20,experts=[6,7]; c6:bw=11,experts=[2]; c4:bw=23,experts=[2,3]
   74 | 0.01000 |   1.7870 |   22.89% |   31.98% |    0:08.64
      bandwidth/experts | c3:bw=10,experts=[0]; c0:bw=22,experts=[2,3]; c1:bw=15,experts=[6]; c5:bw=28,experts=[5,6]; c7:bw=36,experts=[0,1,2]; c8:bw=16,experts=[1]; c6:bw=10,experts=[3]; c2:bw=10,experts=[1]; c4:bw=26,experts=[4,5]; c9:bw=18,experts=[6]
   75 | 0.01000 |   1.4776 |   22.06% |   31.98% |    0:08.73
      bandwidth/experts | c2:bw=22,experts=[2,3]; c9:bw=34,experts=[0,1,7]; c1:bw=30,experts=[0,1,7]; c3:bw=11,experts=[1]; c7:bw=16,experts=[3]; c6:bw=31,experts=[4,5,6]; c5:bw=17,experts=[7]; c4:bw=31,experts=[0,6,7]; c0:bw=34,experts=[4,5,6]; c8:bw=30,experts=[2,3,4]
   76 | 0.01000 |   1.4905 |   11.44% |   31.98% |    0:08.66
      bandwidth/experts | c8:bw=16,experts=[5]; c5:bw=21,experts=[0,1]; c0:bw=17,experts=[7]; c3:bw=10,experts=[2]; c2:bw=14,experts=[4]; c6:bw=13,experts=[7]; c7:bw=37,experts=[4,5,6]; c4:bw=34,experts=[1,2,3]; c9:bw=32,experts=[2,3,4]; c1:bw=30,experts=[2,3,4]
   77 | 0.01000 |   1.8219 |   20.99% |   31.98% |    0:08.67
      bandwidth/experts | c9:bw=16,experts=[5]; c2:bw=19,experts=[5]; c1:bw=35,experts=[5,6,7]; c8:bw=10,experts=[6]; c4:bw=10,experts=[4]; c7:bw=10,experts=[7]; c6:bw=32,experts=[0,1,2]; c0:bw=35,experts=[0,1,2]; c3:bw=22,experts=[3,4]; c5:bw=33,experts=[2,3,4]
   78 | 0.01000 |   1.9181 |   22.95% |   31.98% |    0:08.72
      bandwidth/experts | c0:bw=15,experts=[3]; c4:bw=13,experts=[5]; c3:bw=21,experts=[5,6]; c7:bw=20,experts=[0,1]; c8:bw=30,experts=[0,1,7]; c1:bw=23,experts=[0,1]; c9:bw=17,experts=[6]; c6:bw=32,experts=[3,4,5]; c5:bw=35,experts=[5,6,7]; c2:bw=19,experts=[6]
   79 | 0.01000 |   1.6215 |   16.11% |   31.98% |    0:08.70
      bandwidth/experts | c6:bw=12,experts=[6]; c9:bw=10,experts=[7]; c0:bw=20,experts=[4,5]; c4:bw=40,experts=[0,1,6,7]; c7:bw=25,experts=[2,3]; c8:bw=25,experts=[2,3]; c5:bw=29,experts=[0,1]; c3:bw=15,experts=[7]; c1:bw=21,experts=[2,3]; c2:bw=18,experts=[7]
   80 | 0.01000 |   2.1120 |   23.86% |   31.98% |    0:08.67
      bandwidth/experts | c5:bw=36,experts=[2,3,4]; c9:bw=29,experts=[0,1]; c7:bw=26,experts=[4,5]; c1:bw=17,experts=[4]; c3:bw=17,experts=[0]; c4:bw=32,experts=[2,3,4]; c2:bw=24,experts=[0,1]; c0:bw=26,experts=[6,7]; c6:bw=22,experts=[0,7]; c8:bw=28,experts=[4,5]
   81 | 0.01000 |   2.0117 |   17.40% |   31.98% |    0:08.69
      bandwidth/experts | c6:bw=29,experts=[1,2]; c2:bw=25,experts=[2,3]; c3:bw=37,experts=[1,2,3]; c1:bw=27,experts=[5,6]; c4:bw=23,experts=[5,6]; c5:bw=17,experts=[5]; c9:bw=15,experts=[2]; c7:bw=32,experts=[0,6,7]; c8:bw=26,experts=[6,7]; c0:bw=28,experts=[0,1]
   82 | 0.01000 |   1.9632 |   10.00% |   31.98% |    0:08.70
      bandwidth/experts | c1:bw=36,experts=[0,1,7]; c0:bw=17,experts=[2]; c6:bw=20,experts=[3,4]; c8:bw=32,experts=[0,1,2]; c7:bw=22,experts=[1,2]; c3:bw=22,experts=[4,5]; c2:bw=16,experts=[4]; c9:bw=31,experts=[3,4,5]; c5:bw=22,experts=[6,7]; c4:bw=16,experts=[7]
   83 | 0.01000 |   2.0082 |   23.96% |   31.98% |    0:08.69
      bandwidth/experts | c9:bw=29,experts=[6,7]; c4:bw=10,experts=[0]; c2:bw=23,experts=[5,6]; c7:bw=21,experts=[3,4]; c5:bw=10,experts=[0]; c0:bw=10,experts=[3]; c6:bw=29,experts=[5,6]; c1:bw=35,experts=[2,3,4]; c8:bw=22,experts=[3,4]; c3:bw=24,experts=[6,7]
   84 | 0.01000 |   1.7798 |   22.02% |   31.98% |    0:08.71
      bandwidth/experts | c8:bw=37,experts=[5,6,7]; c3:bw=18,experts=[0]; c1:bw=32,experts=[5,6,7]; c6:bw=10,experts=[7]; c9:bw=11,experts=[0]; c2:bw=20,experts=[0,7]; c7:bw=26,experts=[5,6]; c5:bw=11,experts=[1]; c4:bw=15,experts=[1]; c0:bw=10,experts=[4]
   85 | 0.01000 |   1.7597 |   23.39% |   31.98% |    0:08.68
      bandwidth/experts | c0:bw=21,experts=[5,6]; c2:bw=25,experts=[1,2]; c8:bw=39,experts=[0,1,2]; c6:bw=23,experts=[0,1]; c1:bw=31,experts=[0,1,2]; c4:bw=23,experts=[2,3]; c9:bw=32,experts=[1,2,3]; c3:bw=28,experts=[1,2]; c5:bw=10,experts=[2]; c7:bw=10,experts=[7]
   86 | 0.01000 |   2.1908 |   18.54% |   31.98% |    0:08.76
      bandwidth/experts | c5:bw=26,experts=[3,4]; c8:bw=15,experts=[3]; c2:bw=13,experts=[3]; c6:bw=31,experts=[2,3,4]; c0:bw=17,experts=[7]; c4:bw=10,experts=[4]; c7:bw=24,experts=[0,1]; c3:bw=15,experts=[3]; c1:bw=40,experts=[3,4,5,6]; c9:bw=24,experts=[4,5]
   87 | 0.01000 |   1.8762 |   28.99% |   31.98% |    0:08.69
      bandwidth/experts | c1:bw=16,experts=[7]; c2:bw=37,experts=[4,5,6]; c7:bw=12,experts=[2]; c5:bw=10,experts=[5]; c6:bw=33,experts=[5,6,7]; c3:bw=38,experts=[4,5,6]; c4:bw=19,experts=[5]; c9:bw=21,experts=[6,7]; c8:bw=26,experts=[4,5]; c0:bw=19,experts=[0]
   88 | 0.01000 |   1.6619 |   16.43% |   31.98% |    0:08.70
      bandwidth/experts | c8:bw=24,experts=[6,7]; c6:bw=15,experts=[0]; c3:bw=18,experts=[7]; c7:bw=23,experts=[3,4]; c0:bw=34,experts=[1,2,3]; c4:bw=21,experts=[6,7]; c9:bw=17,experts=[0]; c1:bw=16,experts=[0]; c5:bw=17,experts=[6]; c2:bw=25,experts=[0,7]
   89 | 0.01000 |   1.9809 |   18.86% |   31.98% |    0:08.66
      bandwidth/experts | c3:bw=17,experts=[0]; c8:bw=40,experts=[0,1,2,3]; c2:bw=25,experts=[1,2]; c9:bw=34,experts=[1,2,3]; c7:bw=12,experts=[5]; c5:bw=25,experts=[0,7]; c0:bw=10,experts=[4]; c6:bw=18,experts=[1]; c4:bw=17,experts=[0]; c1:bw=23,experts=[1,2]
   90 | 0.01000 |   1.5937 |   23.11% |   31.98% |    0:08.73
      bandwidth/experts | c7:bw=40,experts=[0,1,6,7]; c1:bw=17,experts=[3]; c3:bw=20,experts=[1,2]; c9:bw=35,experts=[4,5,6]; c0:bw=35,experts=[5,6,7]; c6:bw=14,experts=[2]; c2:bw=12,experts=[3]; c5:bw=15,experts=[1]; c8:bw=28,experts=[4,5]; c4:bw=20,experts=[1,2]
   91 | 0.01000 |   1.7602 |   26.12% |   31.98% |    0:08.67
      bandwidth/experts | c1:bw=28,experts=[4,5]; c9:bw=19,experts=[7]; c5:bw=29,experts=[2,3]; c7:bw=29,experts=[2,3]; c3:bw=22,experts=[3,4]; c4:bw=30,experts=[3,4,5]; c0:bw=12,experts=[0]; c6:bw=16,experts=[3]; c2:bw=10,experts=[4]; c8:bw=13,experts=[6]
   92 | 0.01000 |   1.3396 |   26.76% |   31.98% |    0:08.67
      bandwidth/experts | c3:bw=16,experts=[5]; c7:bw=19,experts=[4]; c1:bw=11,experts=[6]; c0:bw=16,experts=[1]; c8:bw=11,experts=[7]; c6:bw=25,experts=[4,5]; c9:bw=31,experts=[0,1,2]; c2:bw=14,experts=[5]; c5:bw=37,experts=[4,5,6]; c4:bw=15,experts=[6]
   93 | 0.01000 |   1.4585 |   24.62% |   31.98% |    0:08.75
      bandwidth/experts | c1:bw=26,experts=[0,7]; c3:bw=17,experts=[6]; c7:bw=12,experts=[5]; c9:bw=32,experts=[3,4,5]; c6:bw=12,experts=[6]; c8:bw=10,experts=[0]; c5:bw=10,experts=[7]; c4:bw=18,experts=[7]; c0:bw=10,experts=[2]; c2:bw=28,experts=[6,7]
   94 | 0.01000 |   1.5705 |   22.68% |   31.98% |    0:08.74
      bandwidth/experts | c7:bw=25,experts=[6,7]; c2:bw=36,experts=[0,1,2]; c5:bw=23,experts=[0,1]; c4:bw=17,experts=[0]; c6:bw=17,experts=[7]; c9:bw=28,experts=[6,7]; c1:bw=39,experts=[1,2,3]; c8:bw=10,experts=[1]; c0:bw=31,experts=[3,4,5]; c3:bw=19,experts=[7]
   95 | 0.01000 |   1.6571 |   26.12% |   31.98% |    0:08.77
      bandwidth/experts | c7:bw=33,experts=[0,1,2]; c9:bw=23,experts=[0,1]; c4:bw=10,experts=[1]; c6:bw=22,experts=[0,1]; c0:bw=19,experts=[6]; c3:bw=23,experts=[0,1]; c1:bw=17,experts=[4]; c8:bw=40,experts=[2,3,4,5]; c2:bw=13,experts=[3]; c5:bw=10,experts=[2]
   96 | 0.01000 |   1.4739 |   28.50% |   31.98% |    0:08.66
      bandwidth/experts | c2:bw=36,experts=[4,5,6]; c9:bw=25,experts=[2,3]; c3:bw=25,experts=[2,3]; c1:bw=20,experts=[5,6]; c5:bw=33,experts=[3,4,5]; c4:bw=27,experts=[2,3]; c6:bw=17,experts=[2]; c7:bw=28,experts=[3,4]; c0:bw=20,experts=[0,7]; c8:bw=36,experts=[0,6,7]
   97 | 0.01000 |   1.5213 |   11.22% |   31.98% |    0:08.63
      bandwidth/experts | c0:bw=23,experts=[1,2]; c9:bw=24,experts=[4,5]; c8:bw=24,experts=[1,2]; c4:bw=10,experts=[4]; c7:bw=17,experts=[5]; c1:bw=28,experts=[0,7]; c3:bw=19,experts=[4]; c5:bw=26,experts=[6,7]; c6:bw=28,experts=[3,4]; c2:bw=30,experts=[0,1,7]
   98 | 0.01000 |   1.7031 |   22.16% |   31.98% |    0:08.65
      bandwidth/experts | c4:bw=29,experts=[5,6]; c8:bw=30,experts=[3,4,5]; c9:bw=15,experts=[6]; c7:bw=13,experts=[6]; c6:bw=20,experts=[5,6]; c5:bw=27,experts=[0,1]; c0:bw=19,experts=[3]; c3:bw=14,experts=[5]; c1:bw=15,experts=[1]; c2:bw=13,experts=[2]
   99 | 0.01000 |   1.5159 |   21.45% |   31.98% |    0:08.69
      bandwidth/experts | c8:bw=19,experts=[6]; c5:bw=27,experts=[2,3]; c7:bw=25,experts=[0,7]; c1:bw=33,experts=[2,3,4]; c3:bw=21,experts=[6,7]; c9:bw=11,experts=[7]; c4:bw=14,experts=[7]; c0:bw=22,experts=[4,5]; c2:bw=17,experts=[3]; c6:bw=19,experts=[7]
  100 | 0.01000 |   1.7958 |   24.34% |   31.98% |    0:08.70
      bandwidth/experts | c2:bw=17,experts=[4]; c8:bw=25,experts=[0,7]; c9:bw=29,experts=[0,1]; c5:bw=10,experts=[4]; c6:bw=25,experts=[0,1]; c1:bw=10,experts=[5]; c4:bw=36,experts=[0,1,2]; c7:bw=10,experts=[1]; c3:bw=23,experts=[0,1]; c0:bw=36,experts=[0,6,7]

Done. Best Acc: 31.98% @ round 69
Total time: 14:32.27
[Export] 实验目录: /userhome/cs3/duanty/FedMoE/results/20260920-090639
[Export] 每轮明细: /userhome/cs3/duanty/FedMoE/results/20260920-090639/rounds.xlsx
[Export] 总体摘要: /userhome/cs3/duanty/FedMoE/results/20260920-090639/summary.xlsx
[Plot] result = /userhome/cs3/duanty/FedMoE/results/20260920-090639
[Plot] figures -> /userhome/cs3/duanty/FedMoE/results/20260920-090639/figure
  fig01_test_accuracy.pdf
  fig02_train_loss.pdf
  fig03_acc_and_loss.pdf
  fig04_bandwidth_and_k.pdf
  fig05_expert_round_heatmap.pdf
  fig06_client_expert_heatmap.pdf
  fig07_expert_frequency.pdf
  fig08_time_breakdown.pdf
  fig09_accuracy_vs_communication.pdf
  fig10_overview.pdf
[Export] 图片目录: /userhome/cs3/duanty/FedMoE/results/20260920-090639/figure
