========================================
Job    : stl10-resnet-e8-ours
Host   : gpu-4090-103
Date   : Sun Sep 20 08:57:18 HKT 2026
GPU    : 0
Python : /userhome/cs3/duanty/miniconda3/envs/moe/bin/python
Command: python -u main.py --method ours --dataset stl10 --backbone resnet --select ours --merge ours --device cuda --num_experts 8
========================================

==================================================================
 Ours  
  Dataset=stl10 | beta=0.1 | Backbone=resnet | width_mult=1 | Clients=10 | Experts=8
  Select=ours | Merge=ours
  Expert refresh N_ref=8
  Rounds=100 | LR=0.01
  Bandwidth: expert_bw=10 | bw=[10, 40] | Rayleigh-Shannon, SNR=10 dB | k=floor(bw/10)
==================================================================


[Partition] Dirichlet beta=0.1, 10 clients
  Client 0:    416 samples | 5/10 classes
  Client 1:    666 samples | 5/10 classes
  Client 2:    674 samples | 7/10 classes
  Client 3:    833 samples | 4/10 classes
  Client 4:    557 samples | 4/10 classes
  Client 5:    414 samples | 2/10 classes
  Client 6:    295 samples | 3/10 classes
  Client 7:    999 samples | 5/10 classes
  Client 8:     23 samples | 3/10 classes
  Client 9:    123 samples | 10/10 classes

[Upload] expert_bw=10 | available bw=[10, 40] | Rayleigh-Shannon, SNR=10 dB | upload k=floor(bw/10), cap=8 | probe gate scores, refresh stale experts, then train selected

[Model] Total params: 13,315,216

[Export] 本次实验目录: /userhome/cs3/duanty/FedMoE/results/20260920-085735

Round |      LR |  AvgLoss |  TestAcc |     Best |  RoundTime
--------------------------------------------------------------------------------
    1 | 0.00208 |   2.1863 |   10.00% |   10.00% |    0:09.93
      bandwidth/experts | c8:bw=31,experts=[2,4,6]; c1:bw=16,experts=[2]; c5:bw=25,experts=[2,6]; c0:bw=10,experts=[2]; c7:bw=11,experts=[2]; c2:bw=16,experts=[2]; c9:bw=25,experts=[2,6]; c4:bw=22,experts=[2,6]; c3:bw=28,experts=[2,6]; c6:bw=23,experts=[2,6]
    2 | 0.00406 |   1.7678 |   12.45% |   12.45% |    0:09.79
      bandwidth/experts | c0:bw=20,experts=[4,6]; c1:bw=23,experts=[4,6]; c8:bw=27,experts=[4,6]; c5:bw=38,experts=[0,4,6]; c3:bw=37,experts=[0,4,6]; c4:bw=17,experts=[6]; c7:bw=31,experts=[0,4,6]; c9:bw=26,experts=[4,6]; c6:bw=10,experts=[6]; c2:bw=12,experts=[6]
    3 | 0.00604 |   1.5116 |   19.20% |   19.20% |    0:09.30
      bandwidth/experts | c9:bw=26,experts=[4,6]; c2:bw=23,experts=[4,6]; c0:bw=28,experts=[4,6]; c6:bw=22,experts=[4,6]; c8:bw=17,experts=[6]; c5:bw=10,experts=[6]; c3:bw=14,experts=[6]; c7:bw=18,experts=[6]; c1:bw=10,experts=[6]; c4:bw=29,experts=[4,6]
    4 | 0.00802 |   1.4628 |   19.85% |   19.85% |    0:09.29
      bandwidth/experts | c1:bw=22,experts=[4,6]; c7:bw=25,experts=[4,6]; c6:bw=29,experts=[2,6]; c2:bw=33,experts=[2,4,6]; c8:bw=17,experts=[6]; c0:bw=33,experts=[2,4,6]; c3:bw=19,experts=[6]; c4:bw=31,experts=[2,4,6]; c5:bw=40,experts=[1,2,4,6]; c9:bw=12,experts=[6]
    5 | 0.01000 |   1.3680 |   18.59% |   19.85% |    0:09.23
      bandwidth/experts | c1:bw=11,experts=[6]; c5:bw=22,experts=[4,6]; c4:bw=27,experts=[4,6]; c8:bw=20,experts=[4,6]; c0:bw=28,experts=[4,6]; c7:bw=14,experts=[6]; c6:bw=29,experts=[4,6]; c3:bw=35,experts=[2,4,6]; c2:bw=10,experts=[6]; c9:bw=35,experts=[2,4,6]
    6 | 0.01000 |   1.4643 |   24.00% |   24.00% |    0:09.26
      bandwidth/experts | c8:bw=37,experts=[2,4,6]; c2:bw=23,experts=[4,6]; c5:bw=15,experts=[6]; c7:bw=32,experts=[2,4,6]; c3:bw=20,experts=[4,6]; c1:bw=18,experts=[6]; c9:bw=27,experts=[4,6]; c0:bw=17,experts=[6]; c4:bw=10,experts=[6]; c6:bw=11,experts=[6]
    7 | 0.01000 |   1.3603 |   22.54% |   24.00% |    0:09.27
      bandwidth/experts | c0:bw=20,experts=[4,6]; c5:bw=27,experts=[4,6]; c2:bw=22,experts=[4,6]; c6:bw=10,experts=[6]; c3:bw=15,experts=[6]; c7:bw=17,experts=[6]; c4:bw=10,experts=[6]; c1:bw=10,experts=[6]; c8:bw=32,experts=[2,4,6]; c9:bw=10,experts=[6]
    8 | 0.01000 |   1.8598 |   28.60% |   28.60% |    0:09.22
      bandwidth/experts | c4:bw=10,experts=[0]; c8:bw=20,experts=[0,1]; c1:bw=32,experts=[0,1,3]; c3:bw=21,experts=[1,3]; c0:bw=18,experts=[0]; c5:bw=16,experts=[3]; c2:bw=30,experts=[0,1,3]; c9:bw=33,experts=[0,1,3]; c7:bw=10,experts=[1]; c6:bw=23,experts=[0,1]
    9 | 0.01000 |   1.7989 |   27.82% |   28.60% |    0:09.16
      bandwidth/experts | c2:bw=12,experts=[5]; c0:bw=29,experts=[1,3]; c4:bw=33,experts=[1,3,5]; c9:bw=15,experts=[5]; c8:bw=10,experts=[3]; c6:bw=17,experts=[3]; c7:bw=25,experts=[3,5]; c5:bw=29,experts=[5,7]; c1:bw=10,experts=[5]; c3:bw=13,experts=[5]
   10 | 0.01000 |   1.4490 |   22.90% |   28.60% |    0:09.21
      bandwidth/experts | c4:bw=20,experts=[6,7]; c2:bw=19,experts=[7]; c7:bw=21,experts=[0,7]; c0:bw=33,experts=[5,6,7]; c6:bw=36,experts=[5,6,7]; c3:bw=26,experts=[0,7]; c5:bw=32,experts=[0,4,6]; c8:bw=20,experts=[5,7]; c9:bw=20,experts=[6,7]; c1:bw=23,experts=[2,7]
   11 | 0.01000 |   1.2714 |   26.64% |   28.60% |    0:09.21
      bandwidth/experts | c5:bw=15,experts=[6]; c2:bw=15,experts=[6]; c7:bw=24,experts=[2,6]; c3:bw=28,experts=[4,6]; c0:bw=16,experts=[6]; c8:bw=22,experts=[4,6]; c9:bw=18,experts=[6]; c6:bw=31,experts=[2,4,6]; c1:bw=22,experts=[2,6]; c4:bw=10,experts=[6]
   12 | 0.01000 |   1.5792 |   28.46% |   28.60% |    0:09.24
      bandwidth/experts | c1:bw=24,experts=[4,6]; c5:bw=31,experts=[1,2,6]; c2:bw=32,experts=[2,4,6]; c4:bw=16,experts=[2]; c3:bw=19,experts=[6]; c7:bw=16,experts=[6]; c9:bw=23,experts=[4,6]; c6:bw=16,experts=[6]; c8:bw=31,experts=[0,4,6]; c0:bw=27,experts=[2,6]
   13 | 0.01000 |   1.5049 |   24.69% |   28.60% |    0:09.22
      bandwidth/experts | c3:bw=17,experts=[2]; c1:bw=26,experts=[2,6]; c4:bw=10,experts=[4]; c5:bw=16,experts=[6]; c8:bw=10,experts=[6]; c6:bw=20,experts=[4,6]; c9:bw=10,experts=[2]; c7:bw=32,experts=[2,4,6]; c0:bw=14,experts=[6]; c2:bw=10,experts=[6]
   14 | 0.01000 |   1.3664 |   28.81% |   28.81% |    0:09.18
      bandwidth/experts | c2:bw=25,experts=[4,6]; c4:bw=10,experts=[6]; c5:bw=36,experts=[2,4,6]; c1:bw=21,experts=[2,6]; c7:bw=14,experts=[6]; c0:bw=14,experts=[6]; c9:bw=18,experts=[6]; c3:bw=25,experts=[4,6]; c8:bw=12,experts=[6]; c6:bw=37,experts=[2,4,6]
   15 | 0.01000 |   1.3908 |   26.01% |   28.81% |    0:09.31
      bandwidth/experts | c7:bw=33,experts=[2,4,6]; c0:bw=11,experts=[4]; c1:bw=10,experts=[6]; c8:bw=29,experts=[2,6]; c3:bw=10,experts=[6]; c2:bw=29,experts=[4,6]; c4:bw=26,experts=[4,6]; c5:bw=10,experts=[6]; c9:bw=11,experts=[6]; c6:bw=18,experts=[6]
   16 | 0.01000 |   1.5325 |   21.40% |   28.81% |    0:09.20
      bandwidth/experts | c6:bw=22,experts=[0,1]; c1:bw=16,experts=[0]; c3:bw=24,experts=[1,3]; c8:bw=27,experts=[1,6]; c7:bw=12,experts=[1]; c5:bw=22,experts=[3,6]; c4:bw=20,experts=[0,6]; c9:bw=13,experts=[0]; c0:bw=32,experts=[0,2,6]; c2:bw=29,experts=[0,1]
   17 | 0.01000 |   1.5209 |   20.20% |   28.81% |    0:09.24
      bandwidth/experts | c4:bw=32,experts=[1,3,5]; c7:bw=14,experts=[3]; c8:bw=10,experts=[3]; c3:bw=29,experts=[5,6]; c5:bw=10,experts=[5]; c1:bw=16,experts=[1]; c0:bw=10,experts=[1]; c2:bw=11,experts=[3]; c9:bw=21,experts=[1,3]; c6:bw=21,experts=[3,6]
   18 | 0.01000 |   1.9351 |   17.36% |   28.81% |    0:09.17
      bandwidth/experts | c1:bw=10,experts=[3]; c8:bw=10,experts=[5]; c5:bw=19,experts=[7]; c2:bw=21,experts=[5,7]; c9:bw=10,experts=[5]; c7:bw=30,experts=[0,5,7]; c4:bw=31,experts=[4,6,7]; c3:bw=21,experts=[0,7]; c0:bw=27,experts=[3,5]; c6:bw=17,experts=[5]
   19 | 0.01000 |   2.2354 |   26.77% |   28.81% |    0:09.17
      bandwidth/experts | c8:bw=31,experts=[2,6,7]; c0:bw=23,experts=[6,7]; c4:bw=28,experts=[2,6]; c1:bw=26,experts=[5,7]; c9:bw=21,experts=[6,7]; c5:bw=16,experts=[0]; c7:bw=12,experts=[6]; c2:bw=10,experts=[6]; c6:bw=36,experts=[2,6,7]; c3:bw=22,experts=[2,6]
   20 | 0.01000 |   1.5321 |   25.20% |   28.81% |    0:09.20
      bandwidth/experts | c0:bw=15,experts=[6]; c2:bw=23,experts=[2,6]; c1:bw=22,experts=[4,6]; c9:bw=10,experts=[4]; c7:bw=24,experts=[4,6]; c6:bw=38,experts=[2,4,6]; c3:bw=10,experts=[6]; c5:bw=10,experts=[1]; c4:bw=33,experts=[2,4,6]; c8:bw=28,experts=[0,4]
   21 | 0.01000 |   1.5123 |   27.64% |   28.81% |    0:09.18
      bandwidth/experts | c1:bw=23,experts=[2,6]; c2:bw=22,experts=[2,6]; c7:bw=10,experts=[6]; c4:bw=26,experts=[2,6]; c8:bw=10,experts=[6]; c5:bw=18,experts=[6]; c0:bw=37,experts=[2,4,6]; c3:bw=10,experts=[6]; c6:bw=10,experts=[6]; c9:bw=14,experts=[2]
   22 | 0.01000 |   1.4199 |   22.88% |   28.81% |    0:09.20
      bandwidth/experts | c7:bw=10,experts=[6]; c9:bw=18,experts=[6]; c1:bw=10,experts=[6]; c6:bw=34,experts=[2,4,6]; c5:bw=10,experts=[2]; c2:bw=37,experts=[2,4,6]; c0:bw=37,experts=[2,4,6]; c4:bw=20,experts=[4,6]; c3:bw=31,experts=[2,4,6]; c8:bw=18,experts=[6]
   23 | 0.01000 |   1.4953 |   29.30% |   29.30% |    0:09.26
      bandwidth/experts | c5:bw=29,experts=[4,6]; c7:bw=10,experts=[2]; c4:bw=31,experts=[2,4,6]; c6:bw=10,experts=[6]; c9:bw=28,experts=[2,6]; c8:bw=19,experts=[6]; c3:bw=10,experts=[6]; c1:bw=34,experts=[2,4,6]; c2:bw=18,experts=[6]; c0:bw=10,experts=[6]
   24 | 0.01000 |   1.6538 |   19.59% |   29.30% |    0:09.22
      bandwidth/experts | c6:bw=17,experts=[0]; c4:bw=10,experts=[0]; c7:bw=10,experts=[1]; c9:bw=28,experts=[0,6]; c2:bw=24,experts=[0,1]; c1:bw=10,experts=[0]; c5:bw=14,experts=[3]; c8:bw=10,experts=[1]; c3:bw=10,experts=[1]; c0:bw=17,experts=[0]
   25 | 0.01000 |   1.5995 |   23.48% |   29.30% |    0:09.24
      bandwidth/experts | c9:bw=22,experts=[1,3]; c6:bw=10,experts=[1]; c4:bw=32,experts=[1,3,5]; c3:bw=10,experts=[3]; c5:bw=35,experts=[2,5,6]; c1:bw=27,experts=[1,2]; c8:bw=30,experts=[2,3,6]; c2:bw=10,experts=[3]; c0:bw=31,experts=[1,2,6]; c7:bw=22,experts=[3,6]
   26 | 0.01000 |   1.7925 |   10.19% |   29.30% |    0:09.13
      bandwidth/experts | c3:bw=25,experts=[0,5]; c6:bw=19,experts=[3]; c9:bw=28,experts=[5,6]; c7:bw=17,experts=[0]; c1:bw=18,experts=[3]; c5:bw=11,experts=[7]; c2:bw=17,experts=[5]; c8:bw=30,experts=[2,5,6]; c0:bw=10,experts=[3]; c4:bw=26,experts=[6,7]
   27 | 0.01000 |   2.3060 |   19.27% |   29.30% |    0:09.19
      bandwidth/experts | c7:bw=29,experts=[5,7]; c1:bw=34,experts=[5,6,7]; c4:bw=10,experts=[6]; c0:bw=20,experts=[5,7]; c9:bw=10,experts=[7]; c2:bw=11,experts=[7]; c8:bw=31,experts=[2,6,7]; c3:bw=12,experts=[7]; c6:bw=35,experts=[5,6,7]; c5:bw=20,experts=[0,6]
   28 | 0.01000 |   1.5798 |   22.73% |   29.30% |    0:09.23
      bandwidth/experts | c6:bw=16,experts=[6]; c9:bw=27,experts=[4,6]; c0:bw=26,experts=[4,6]; c8:bw=16,experts=[0]; c2:bw=10,experts=[6]; c5:bw=18,experts=[1]; c1:bw=14,experts=[6]; c3:bw=10,experts=[6]; c4:bw=10,experts=[6]; c7:bw=10,experts=[4]
   29 | 0.01000 |   1.4317 |   24.05% |   29.30% |    0:09.23
      bandwidth/experts | c4:bw=21,experts=[4,6]; c0:bw=24,experts=[4,6]; c1:bw=18,experts=[6]; c9:bw=24,experts=[4,6]; c6:bw=24,experts=[4,6]; c8:bw=19,experts=[4]; c7:bw=12,experts=[6]; c3:bw=18,experts=[6]; c2:bw=10,experts=[6]; c5:bw=19,experts=[6]
   30 | 0.01000 |   1.4689 |   29.79% |   29.79% |    0:09.30
      bandwidth/experts | c5:bw=34,experts=[2,4,6]; c1:bw=20,experts=[4,6]; c9:bw=30,experts=[2,4,6]; c4:bw=29,experts=[4,6]; c0:bw=10,experts=[6]; c8:bw=23,experts=[4,6]; c6:bw=10,experts=[2]; c7:bw=10,experts=[6]; c3:bw=33,experts=[2,4,6]; c2:bw=15,experts=[2]
   31 | 0.01000 |   1.4966 |   26.59% |   29.79% |    0:09.27
      bandwidth/experts | c6:bw=16,experts=[6]; c4:bw=11,experts=[2]; c9:bw=25,experts=[4,6]; c1:bw=17,experts=[6]; c5:bw=34,experts=[2,4,6]; c8:bw=18,experts=[6]; c3:bw=13,experts=[6]; c2:bw=10,experts=[4]; c0:bw=26,experts=[4,6]; c7:bw=35,experts=[2,4,6]
   32 | 0.01000 |   1.5066 |   24.02% |   29.79% |    0:09.21
      bandwidth/experts | c8:bw=12,experts=[1]; c5:bw=20,experts=[3,6]; c4:bw=27,experts=[0,6]; c7:bw=26,experts=[1,6]; c0:bw=25,experts=[0,6]; c1:bw=12,experts=[0]; c3:bw=16,experts=[1]; c6:bw=15,experts=[0]; c2:bw=30,experts=[0,1,6]; c9:bw=17,experts=[0]
   33 | 0.01000 |   1.5563 |   28.52% |   29.79% |    0:09.23
      bandwidth/experts | c7:bw=29,experts=[3,6]; c1:bw=19,experts=[1]; c3:bw=39,experts=[3,4,6]; c6:bw=20,experts=[1,6]; c5:bw=16,experts=[5]; c9:bw=23,experts=[1,3]; c2:bw=13,experts=[3]; c8:bw=28,experts=[3,6]; c4:bw=25,experts=[1,3]; c0:bw=35,experts=[1,2,6]
   34 | 0.01000 |   1.6079 |   27.64% |   29.79% |    0:09.19
      bandwidth/experts | c4:bw=26,experts=[5,7]; c1:bw=26,experts=[2,3]; c6:bw=27,experts=[3,6]; c9:bw=38,experts=[4,5,6]; c8:bw=23,experts=[5,6]; c0:bw=12,experts=[3]; c5:bw=33,experts=[4,6,7]; c7:bw=18,experts=[0]; c3:bw=40,experts=[0,4,5,6]; c2:bw=30,experts=[4,5,6]
   35 | 0.01000 |   1.5495 |   22.61% |   29.79% |    0:09.17
      bandwidth/experts | c4:bw=18,experts=[6]; c0:bw=11,experts=[5]; c1:bw=17,experts=[5]; c6:bw=24,experts=[5,7]; c2:bw=25,experts=[6,7]; c8:bw=28,experts=[2,7]; c9:bw=15,experts=[7]; c7:bw=27,experts=[5,7]; c5:bw=23,experts=[0,6]; c3:bw=13,experts=[7]
   36 | 0.01000 |   1.4283 |   26.34% |   29.79% |    0:09.22
      bandwidth/experts | c9:bw=21,experts=[4,6]; c0:bw=20,experts=[6,7]; c3:bw=33,experts=[2,4,6]; c7:bw=15,experts=[6]; c6:bw=24,experts=[4,6]; c5:bw=27,experts=[1,6]; c1:bw=10,experts=[7]; c4:bw=40,experts=[2,4,5,6]; c8:bw=28,experts=[0,6]; c2:bw=28,experts=[4,6]
   37 | 0.01000 |   1.3309 |   36.69% |   36.69% |    0:09.28
      bandwidth/experts | c1:bw=10,experts=[6]; c5:bw=22,experts=[4,6]; c2:bw=20,experts=[4,6]; c6:bw=36,experts=[2,4,6]; c4:bw=22,experts=[4,6]; c7:bw=23,experts=[4,6]; c9:bw=22,experts=[4,6]; c0:bw=30,experts=[2,4,6]; c3:bw=20,experts=[4,6]; c8:bw=10,experts=[6]
   38 | 0.01000 |   1.3660 |   32.41% |   36.69% |    0:09.31
      bandwidth/experts | c8:bw=25,experts=[4,6]; c6:bw=10,experts=[6]; c4:bw=29,experts=[4,6]; c1:bw=17,experts=[4]; c5:bw=10,experts=[6]; c2:bw=10,experts=[2]; c3:bw=21,experts=[4,6]; c7:bw=28,experts=[4,6]; c9:bw=14,experts=[2]; c0:bw=22,experts=[4,6]
   39 | 0.01000 |   1.3363 |   27.23% |   36.69% |    0:09.19
      bandwidth/experts | c3:bw=14,experts=[6]; c0:bw=10,experts=[6]; c1:bw=25,experts=[4,6]; c7:bw=22,experts=[2,6]; c6:bw=17,experts=[6]; c8:bw=25,experts=[4,6]; c2:bw=20,experts=[4,6]; c4:bw=20,experts=[4,6]; c9:bw=13,experts=[6]; c5:bw=40,experts=[1,2,4,6]
   40 | 0.01000 |   1.4107 |   27.02% |   36.69% |    0:09.23
      bandwidth/experts | c8:bw=14,experts=[1]; c1:bw=23,experts=[0,6]; c5:bw=18,experts=[3]; c6:bw=26,experts=[0,6]; c2:bw=36,experts=[0,1,6]; c7:bw=37,experts=[1,4,6]; c3:bw=10,experts=[1]; c4:bw=11,experts=[0]; c9:bw=22,experts=[0,6]; c0:bw=20,experts=[0,6]
   41 | 0.01000 |   1.5402 |   31.74% |   36.69% |    0:09.19
      bandwidth/experts | c2:bw=30,experts=[3,4,6]; c6:bw=10,experts=[1]; c8:bw=31,experts=[3,4,6]; c1:bw=10,experts=[1]; c4:bw=28,experts=[1,3]; c5:bw=34,experts=[4,5,6]; c7:bw=38,experts=[3,4,6]; c3:bw=22,experts=[3,6]; c9:bw=30,experts=[1,3,6]; c0:bw=10,experts=[1]
   42 | 0.01000 |   1.4338 |   20.40% |   36.69% |    0:09.17
      bandwidth/experts | c5:bw=28,experts=[6,7]; c1:bw=27,experts=[2,3]; c3:bw=27,experts=[0,5]; c9:bw=28,experts=[5,6]; c6:bw=19,experts=[3]; c0:bw=10,experts=[3]; c7:bw=11,experts=[0]; c4:bw=30,experts=[4,6,7]; c8:bw=23,experts=[5,6]; c2:bw=22,experts=[5,6]
   43 | 0.01000 |   1.4651 |   27.65% |   36.69% |    0:09.19
      bandwidth/experts | c5:bw=29,experts=[0,6]; c1:bw=32,experts=[4,5,6]; c2:bw=28,experts=[6,7]; c8:bw=25,experts=[2,7]; c9:bw=18,experts=[7]; c7:bw=12,experts=[5]; c4:bw=19,experts=[6]; c6:bw=10,experts=[5]; c3:bw=36,experts=[4,6,7]; c0:bw=12,experts=[5]
   44 | 0.01000 |   1.5050 |   28.18% |   36.69% |    0:09.16
      bandwidth/experts | c0:bw=37,experts=[4,6,7]; c3:bw=26,experts=[2,6]; c4:bw=16,experts=[2]; c2:bw=20,experts=[4,6]; c7:bw=40,experts=[2,4,6,7]; c5:bw=13,experts=[6]; c6:bw=11,experts=[7]; c9:bw=21,experts=[4,6]; c8:bw=19,experts=[0]; c1:bw=25,experts=[6,7]
   45 | 0.01000 |   1.3754 |   35.33% |   36.69% |    0:09.23
      bandwidth/experts | c8:bw=31,experts=[2,4,6]; c0:bw=20,experts=[2,6]; c3:bw=37,experts=[2,4,6]; c4:bw=36,experts=[4,5,6]; c7:bw=20,experts=[4,6]; c2:bw=27,experts=[4,6]; c9:bw=14,experts=[6]; c6:bw=10,experts=[2]; c5:bw=25,experts=[4,6]; c1:bw=31,experts=[2,4,6]
   46 | 0.01000 |   1.2900 |   34.09% |   36.69% |    0:09.26
      bandwidth/experts | c9:bw=20,experts=[2,6]; c3:bw=15,experts=[6]; c6:bw=21,experts=[4,6]; c1:bw=23,experts=[4,6]; c4:bw=35,experts=[2,4,6]; c5:bw=23,experts=[4,6]; c2:bw=32,experts=[2,4,6]; c8:bw=22,experts=[4,6]; c0:bw=30,experts=[2,4,6]; c7:bw=16,experts=[6]
   47 | 0.01000 |   1.3115 |   34.81% |   36.69% |    0:09.19
      bandwidth/experts | c5:bw=29,experts=[1,2]; c6:bw=12,experts=[6]; c7:bw=29,experts=[4,6]; c9:bw=10,experts=[6]; c8:bw=22,experts=[4,6]; c3:bw=39,experts=[2,4,6]; c4:bw=10,experts=[6]; c0:bw=25,experts=[4,6]; c1:bw=17,experts=[6]; c2:bw=30,experts=[2,4,6]
   48 | 0.01000 |   1.2840 |   27.10% |   36.69% |    0:09.21
      bandwidth/experts | c1:bw=28,experts=[0,6]; c8:bw=28,experts=[1,6]; c4:bw=37,experts=[0,4,6]; c2:bw=31,experts=[0,1,6]; c9:bw=29,experts=[0,6]; c6:bw=25,experts=[0,6]; c5:bw=31,experts=[3,4,6]; c7:bw=35,experts=[1,4,6]; c0:bw=10,experts=[0]; c3:bw=10,experts=[1]
   49 | 0.01000 |   1.4845 |   37.24% |   37.24% |    0:09.23
      bandwidth/experts | c4:bw=27,experts=[1,3]; c3:bw=18,experts=[3]; c8:bw=15,experts=[3]; c0:bw=11,experts=[1]; c2:bw=32,experts=[3,4,6]; c5:bw=31,experts=[4,5,6]; c6:bw=10,experts=[1]; c7:bw=24,experts=[3,6]; c9:bw=29,experts=[1,3]; c1:bw=30,experts=[1,4,6]
   50 | 0.01000 |   1.3837 |   26.76% |   37.24% |    0:09.22
      bandwidth/experts | c8:bw=18,experts=[5]; c4:bw=10,experts=[7]; c7:bw=19,experts=[0]; c6:bw=38,experts=[3,4,6]; c2:bw=35,experts=[4,5,6]; c1:bw=36,experts=[3,4,6]; c3:bw=22,experts=[0,5]; c0:bw=16,experts=[3]; c9:bw=15,experts=[5]; c5:bw=17,experts=[7]
   51 | 0.01000 |   1.3525 |   32.25% |   37.24% |    0:09.28
      bandwidth/experts | c5:bw=26,experts=[0,6]; c0:bw=30,experts=[4,5,6]; c1:bw=12,experts=[5]; c2:bw=11,experts=[7]; c8:bw=26,experts=[6,7]; c6:bw=29,experts=[5,6]; c9:bw=10,experts=[7]; c3:bw=31,experts=[4,6,7]; c4:bw=10,experts=[6]; c7:bw=15,experts=[5]
   52 | 0.01000 |   1.2982 |   30.64% |   37.24% |    0:09.17
      bandwidth/experts | c0:bw=26,experts=[6,7]; c8:bw=10,experts=[0]; c5:bw=13,experts=[6]; c7:bw=19,experts=[2]; c1:bw=22,experts=[6,7]; c4:bw=18,experts=[6]; c9:bw=17,experts=[4]; c6:bw=28,experts=[6,7]; c2:bw=16,experts=[6]; c3:bw=24,experts=[4,6]
   53 | 0.01000 |   1.2939 |   35.86% |   37.24% |    0:09.26
      bandwidth/experts | c8:bw=12,experts=[2]; c4:bw=16,experts=[5]; c5:bw=24,experts=[4,6]; c1:bw=33,experts=[2,4,6]; c3:bw=26,experts=[4,6]; c9:bw=34,experts=[2,4,6]; c6:bw=20,experts=[2,6]; c7:bw=24,experts=[6,7]; c0:bw=21,experts=[4,6]; c2:bw=29,experts=[4,6]
   54 | 0.01000 |   1.2982 |   33.40% |   37.24% |    0:09.24
      bandwidth/experts | c2:bw=10,experts=[6]; c1:bw=29,experts=[4,6]; c8:bw=31,experts=[2,4,6]; c7:bw=34,experts=[2,4,6]; c3:bw=17,experts=[6]; c0:bw=20,experts=[2,6]; c6:bw=30,experts=[2,4,6]; c5:bw=10,experts=[6]; c9:bw=28,experts=[4,6]; c4:bw=18,experts=[2]
   55 | 0.01000 |   1.2321 |   32.31% |   37.24% |    0:09.20
      bandwidth/experts | c7:bw=30,experts=[2,4,6]; c2:bw=23,experts=[2,6]; c4:bw=10,experts=[6]; c3:bw=29,experts=[2,6]; c8:bw=10,experts=[6]; c5:bw=29,experts=[1,2]; c1:bw=33,experts=[2,4,6]; c6:bw=23,experts=[4,6]; c0:bw=15,experts=[6]; c9:bw=34,experts=[2,4,6]
   56 | 0.01000 |   1.4242 |   19.27% |   37.24% |    0:09.15
      bandwidth/experts | c9:bw=29,experts=[0,6]; c1:bw=31,experts=[0,4,6]; c3:bw=10,experts=[1]; c2:bw=29,experts=[0,1]; c5:bw=17,experts=[3]; c4:bw=10,experts=[0]; c8:bw=10,experts=[1]; c7:bw=10,experts=[1]; c6:bw=13,experts=[0]; c0:bw=39,experts=[0,4,6]
   57 | 0.01000 |   1.5186 |   28.43% |   37.24% |    0:09.25
      bandwidth/experts | c3:bw=35,experts=[3,4,6]; c8:bw=24,experts=[3,6]; c6:bw=27,experts=[1,6]; c1:bw=27,experts=[1,6]; c7:bw=38,experts=[3,4,6]; c0:bw=39,experts=[1,4,6]; c5:bw=24,experts=[5,6]; c4:bw=23,experts=[1,4]; c2:bw=18,experts=[3]; c9:bw=11,experts=[1]
   58 | 0.01000 |   1.5153 |   37.48% |   37.48% |    0:09.21
      bandwidth/experts | c7:bw=13,experts=[0]; c2:bw=10,experts=[5]; c9:bw=32,experts=[3,5,6]; c6:bw=30,experts=[3,4,6]; c5:bw=19,experts=[7]; c1:bw=17,experts=[3]; c8:bw=22,experts=[5,6]; c4:bw=21,experts=[3,7]; c3:bw=34,experts=[0,5,6]; c0:bw=26,experts=[3,6]
   59 | 0.01000 |   1.3818 |   23.75% |   37.48% |    0:09.15
      bandwidth/experts | c2:bw=20,experts=[6,7]; c8:bw=31,experts=[4,6,7]; c9:bw=15,experts=[7]; c6:bw=11,experts=[5]; c1:bw=36,experts=[4,5,6]; c4:bw=14,experts=[6]; c7:bw=15,experts=[5]; c5:bw=18,experts=[0]; c0:bw=29,experts=[5,6]; c3:bw=20,experts=[6,7]
   60 | 0.01000 |   1.3277 |   35.52% |   37.48% |    0:09.18
      bandwidth/experts | c0:bw=29,experts=[6,7]; c7:bw=26,experts=[4,6]; c4:bw=17,experts=[6]; c2:bw=17,experts=[6]; c5:bw=18,experts=[6]; c8:bw=14,experts=[0]; c6:bw=33,experts=[4,6,7]; c9:bw=10,experts=[6]; c1:bw=30,experts=[4,6,7]; c3:bw=24,experts=[4,6]
   61 | 0.01000 |   1.1997 |   31.59% |   37.48% |    0:09.19
      bandwidth/experts | c5:bw=27,experts=[4,6]; c6:bw=21,experts=[4,6]; c2:bw=16,experts=[4]; c9:bw=21,experts=[4,6]; c1:bw=19,experts=[6]; c3:bw=24,experts=[4,6]; c8:bw=31,experts=[2,4,6]; c4:bw=21,experts=[5,6]; c7:bw=24,experts=[6,7]; c0:bw=33,experts=[2,4,6]
   62 | 0.01000 |   1.2564 |   37.30% |   37.48% |    0:09.20
      bandwidth/experts | c8:bw=10,experts=[6]; c6:bw=35,experts=[2,4,6]; c9:bw=10,experts=[6]; c4:bw=33,experts=[2,4,6]; c5:bw=37,experts=[2,4,6]; c0:bw=16,experts=[6]; c3:bw=29,experts=[4,6]; c2:bw=23,experts=[4,6]; c1:bw=40,experts=[0,2,4,6]; c7:bw=25,experts=[4,6]
   63 | 0.01000 |   1.2195 |   29.07% |   37.48% |    0:09.18
      bandwidth/experts | c5:bw=10,experts=[1]; c9:bw=12,experts=[2]; c6:bw=19,experts=[6]; c3:bw=29,experts=[2,6]; c8:bw=18,experts=[6]; c1:bw=28,experts=[4,6]; c7:bw=38,experts=[2,4,6]; c0:bw=23,experts=[4,6]; c2:bw=15,experts=[2]; c4:bw=29,experts=[4,6]
   64 | 0.01000 |   1.3630 |   31.80% |   37.48% |    0:09.15
      bandwidth/experts | c6:bw=28,experts=[0,6]; c4:bw=21,experts=[0,6]; c5:bw=13,experts=[3]; c3:bw=21,experts=[1,6]; c7:bw=19,experts=[1]; c0:bw=18,experts=[0]; c8:bw=30,experts=[1,4,6]; c9:bw=33,experts=[0,4,6]; c2:bw=31,experts=[0,1,6]; c1:bw=16,experts=[6]
   65 | 0.01000 |   1.2753 |   25.61% |   37.48% |    0:09.27
      bandwidth/experts | c7:bw=10,experts=[3]; c5:bw=16,experts=[5]; c4:bw=32,experts=[1,4,6]; c6:bw=28,experts=[1,6]; c8:bw=37,experts=[3,4,6]; c3:bw=24,experts=[3,6]; c0:bw=23,experts=[1,6]; c2:bw=16,experts=[3]; c1:bw=32,experts=[1,4,6]; c9:bw=26,experts=[1,6]
   66 | 0.01000 |   1.3859 |   33.34% |   37.48% |    0:09.18
      bandwidth/experts | c2:bw=23,experts=[5,6]; c5:bw=10,experts=[7]; c1:bw=30,experts=[3,4,6]; c8:bw=13,experts=[5]; c9:bw=17,experts=[3]; c6:bw=16,experts=[3]; c4:bw=23,experts=[3,7]; c0:bw=21,experts=[3,6]; c3:bw=37,experts=[0,5,6]; c7:bw=28,experts=[0,6]
   67 | 0.01000 |   1.2063 |   28.90% |   37.48% |    0:09.15
      bandwidth/experts | c4:bw=28,experts=[4,6]; c5:bw=27,experts=[0,6]; c1:bw=20,experts=[5,6]; c3:bw=14,experts=[7]; c6:bw=29,experts=[5,6]; c0:bw=18,experts=[5]; c2:bw=24,experts=[6,7]; c9:bw=33,experts=[5,6,7]; c7:bw=33,experts=[4,5,6]; c8:bw=10,experts=[7]
   68 | 0.01000 |   1.2225 |   33.52% |   37.48% |    0:09.14
      bandwidth/experts | c1:bw=23,experts=[6,7]; c8:bw=17,experts=[0]; c2:bw=32,experts=[2,4,6]; c0:bw=17,experts=[7]; c3:bw=14,experts=[6]; c4:bw=27,experts=[4,6]; c5:bw=25,experts=[4,6]; c9:bw=10,experts=[6]; c7:bw=15,experts=[6]; c6:bw=18,experts=[7]
   69 | 0.01000 |   1.2169 |   36.41% |   37.48% |    0:09.23
      bandwidth/experts | c3:bw=23,experts=[4,6]; c7:bw=32,experts=[4,6,7]; c1:bw=17,experts=[6]; c4:bw=23,experts=[5,6]; c9:bw=20,experts=[4,6]; c5:bw=22,experts=[4,6]; c0:bw=29,experts=[2,6]; c2:bw=37,experts=[2,4,6]; c8:bw=23,experts=[2,6]; c6:bw=15,experts=[6]
   70 | 0.01000 |   1.1884 |   33.11% |   37.48% |    0:09.19
      bandwidth/experts | c1:bw=13,experts=[0]; c9:bw=10,experts=[6]; c7:bw=16,experts=[6]; c3:bw=18,experts=[6]; c0:bw=17,experts=[6]; c6:bw=14,experts=[2]; c2:bw=31,experts=[2,4,6]; c4:bw=32,experts=[2,4,6]; c5:bw=13,experts=[2]; c8:bw=27,experts=[4,6]
   71 | 0.01000 |   1.3096 |   33.67% |   37.48% |    0:09.29
      bandwidth/experts | c4:bw=24,experts=[4,6]; c0:bw=10,experts=[4]; c1:bw=29,experts=[2,6]; c9:bw=22,experts=[2,6]; c7:bw=11,experts=[2]; c5:bw=19,experts=[1]; c3:bw=34,experts=[2,4,6]; c6:bw=28,experts=[4,6]; c8:bw=21,experts=[4,6]; c2:bw=34,experts=[2,4,6]
   72 | 0.01000 |   1.1659 |   30.29% |   37.48% |    0:09.11
      bandwidth/experts | c8:bw=16,experts=[1]; c1:bw=22,experts=[4,6]; c5:bw=24,experts=[3,6]; c7:bw=27,experts=[1,6]; c6:bw=11,experts=[0]; c0:bw=29,experts=[0,6]; c3:bw=13,experts=[1]; c2:bw=13,experts=[0]; c9:bw=21,experts=[0,6]; c4:bw=22,experts=[0,6]
   73 | 0.01000 |   1.3353 |   28.96% |   37.48% |    0:09.12
      bandwidth/experts | c2:bw=26,experts=[1,3]; c8:bw=10,experts=[3]; c3:bw=22,experts=[3,6]; c1:bw=37,experts=[1,4,6]; c5:bw=10,experts=[5]; c9:bw=29,experts=[1,6]; c0:bw=16,experts=[1]; c7:bw=20,experts=[3,6]; c6:bw=11,experts=[1]; c4:bw=23,experts=[1,6]
   74 | 0.01000 |   1.3465 |   22.55% |   37.48% |    0:09.15
      bandwidth/experts | c3:bw=10,experts=[0]; c0:bw=22,experts=[3,6]; c1:bw=15,experts=[3]; c5:bw=28,experts=[6,7]; c7:bw=36,experts=[0,4,6]; c8:bw=16,experts=[5]; c6:bw=10,experts=[3]; c2:bw=10,experts=[5]; c4:bw=26,experts=[3,7]; c9:bw=18,experts=[3]
   75 | 0.01000 |   1.3050 |   31.66% |   37.48% |    0:09.16
      bandwidth/experts | c2:bw=22,experts=[6,7]; c9:bw=34,experts=[5,6,7]; c1:bw=30,experts=[4,5,6]; c3:bw=11,experts=[5]; c7:bw=16,experts=[5]; c6:bw=31,experts=[4,5,6]; c5:bw=17,experts=[0]; c4:bw=31,experts=[2,4,6]; c0:bw=34,experts=[4,5,6]; c8:bw=30,experts=[4,6,7]
   76 | 0.01000 |   1.2961 |   32.36% |   37.48% |    0:09.13
      bandwidth/experts | c8:bw=16,experts=[0]; c5:bw=21,experts=[4,6]; c0:bw=17,experts=[7]; c3:bw=10,experts=[7]; c2:bw=14,experts=[6]; c6:bw=13,experts=[7]; c7:bw=37,experts=[2,4,6]; c4:bw=34,experts=[2,4,6]; c9:bw=32,experts=[2,4,6]; c1:bw=30,experts=[4,6,7]
   77 | 0.01000 |   1.2674 |   36.60% |   37.48% |    0:09.20
      bandwidth/experts | c9:bw=16,experts=[6]; c2:bw=19,experts=[6]; c1:bw=35,experts=[2,4,6]; c8:bw=10,experts=[2]; c4:bw=10,experts=[5]; c7:bw=10,experts=[7]; c6:bw=32,experts=[2,4,6]; c0:bw=35,experts=[2,4,6]; c3:bw=22,experts=[4,6]; c5:bw=33,experts=[2,4,6]
   78 | 0.01000 |   1.0825 |   33.02% |   37.48% |    0:09.16
      bandwidth/experts | c0:bw=15,experts=[6]; c4:bw=13,experts=[6]; c3:bw=21,experts=[4,6]; c7:bw=20,experts=[4,6]; c8:bw=30,experts=[2,4,6]; c1:bw=23,experts=[0,6]; c9:bw=17,experts=[6]; c6:bw=32,experts=[2,4,6]; c5:bw=35,experts=[2,4,6]; c2:bw=19,experts=[6]
   79 | 0.01000 |   1.2287 |   34.73% |   37.48% |    0:09.17
      bandwidth/experts | c6:bw=12,experts=[6]; c9:bw=10,experts=[6]; c0:bw=20,experts=[4,6]; c4:bw=40,experts=[1,2,4,6]; c7:bw=25,experts=[4,6]; c8:bw=25,experts=[4,6]; c5:bw=29,experts=[1,6]; c3:bw=15,experts=[2]; c1:bw=21,experts=[4,6]; c2:bw=18,experts=[2]
   80 | 0.01000 |   1.0784 |   30.73% |   37.48% |    0:09.15
      bandwidth/experts | c5:bw=36,experts=[3,4,6]; c9:bw=29,experts=[0,6]; c7:bw=26,experts=[1,6]; c1:bw=17,experts=[6]; c3:bw=17,experts=[1]; c4:bw=32,experts=[0,4,6]; c2:bw=24,experts=[0,4]; c0:bw=26,experts=[0,6]; c6:bw=22,experts=[0,6]; c8:bw=28,experts=[1,6]
   81 | 0.01000 |   1.2200 |   39.58% |   39.58% |    0:09.18
      bandwidth/experts | c6:bw=29,experts=[1,6]; c2:bw=25,experts=[1,3]; c3:bw=37,experts=[3,4,6]; c1:bw=27,experts=[1,6]; c4:bw=23,experts=[4,6]; c5:bw=17,experts=[5]; c9:bw=15,experts=[1]; c7:bw=32,experts=[3,4,6]; c8:bw=26,experts=[3,6]; c0:bw=28,experts=[1,6]
   82 | 0.01000 |   1.1363 |   32.81% |   39.58% |    0:09.18
      bandwidth/experts | c1:bw=36,experts=[3,4,6]; c0:bw=17,experts=[3]; c6:bw=20,experts=[3,6]; c8:bw=32,experts=[4,5,6]; c7:bw=22,experts=[0,6]; c3:bw=22,experts=[0,6]; c2:bw=16,experts=[5]; c9:bw=31,experts=[3,4,6]; c5:bw=22,experts=[6,7]; c4:bw=16,experts=[3]
   83 | 0.01000 |   1.2284 |   34.17% |   39.58% |    0:09.19
      bandwidth/experts | c9:bw=29,experts=[5,7]; c4:bw=10,experts=[7]; c2:bw=23,experts=[6,7]; c7:bw=21,experts=[5,6]; c5:bw=10,experts=[0]; c0:bw=10,experts=[5]; c6:bw=29,experts=[5,6]; c1:bw=35,experts=[4,5,6]; c8:bw=22,experts=[6,7]; c3:bw=24,experts=[5,6]
   84 | 0.01000 |   1.1457 |   30.36% |   39.58% |    0:09.18
      bandwidth/experts | c8:bw=37,experts=[0,4,6]; c3:bw=18,experts=[7]; c1:bw=32,experts=[4,6,7]; c6:bw=10,experts=[7]; c9:bw=11,experts=[2]; c2:bw=20,experts=[4,6]; c7:bw=26,experts=[2,6]; c5:bw=11,experts=[6]; c4:bw=15,experts=[6]; c0:bw=10,experts=[7]
   85 | 0.01000 |   1.1589 |   30.01% |   39.58% |    0:09.16
      bandwidth/experts | c0:bw=21,experts=[2,6]; c2:bw=25,experts=[4,6]; c8:bw=39,experts=[2,4,6]; c6:bw=23,experts=[4,6]; c1:bw=31,experts=[2,4,6]; c4:bw=23,experts=[5,6]; c9:bw=32,experts=[2,4,6]; c3:bw=28,experts=[4,6]; c5:bw=10,experts=[6]; c7:bw=10,experts=[7]
   86 | 0.01000 |   1.1407 |   31.36% |   39.58% |    0:09.31
      bandwidth/experts | c5:bw=26,experts=[2,6]; c8:bw=15,experts=[6]; c2:bw=13,experts=[6]; c6:bw=31,experts=[2,4,6]; c0:bw=17,experts=[6]; c4:bw=10,experts=[6]; c7:bw=24,experts=[4,6]; c3:bw=15,experts=[6]; c1:bw=40,experts=[0,2,4,6]; c9:bw=24,experts=[4,6]
   87 | 0.01000 |   1.1276 |   33.62% |   39.58% |    0:09.17
      bandwidth/experts | c1:bw=16,experts=[6]; c2:bw=37,experts=[2,4,6]; c7:bw=12,experts=[6]; c5:bw=10,experts=[1]; c6:bw=33,experts=[2,4,6]; c3:bw=38,experts=[2,4,6]; c4:bw=19,experts=[1]; c9:bw=21,experts=[4,6]; c8:bw=26,experts=[4,6]; c0:bw=19,experts=[4]
   88 | 0.01000 |   1.3480 |   31.45% |   39.58% |    0:09.18
      bandwidth/experts | c8:bw=24,experts=[1,6]; c6:bw=15,experts=[0]; c3:bw=18,experts=[1]; c7:bw=23,experts=[1,6]; c0:bw=34,experts=[0,4,6]; c4:bw=21,experts=[0,2]; c9:bw=17,experts=[0]; c1:bw=16,experts=[6]; c5:bw=17,experts=[3]; c2:bw=25,experts=[0,6]
   89 | 0.01000 |   1.1510 |   24.23% |   39.58% |    0:09.12
      bandwidth/experts | c3:bw=17,experts=[3]; c8:bw=40,experts=[2,3,4,6]; c2:bw=25,experts=[1,3]; c9:bw=34,experts=[1,4,6]; c7:bw=12,experts=[3]; c5:bw=25,experts=[4,5]; c0:bw=10,experts=[1]; c6:bw=18,experts=[1]; c4:bw=17,experts=[4]; c1:bw=23,experts=[1,6]
   90 | 0.01000 |   1.3730 |   34.65% |   39.58% |    0:09.11
      bandwidth/experts | c7:bw=40,experts=[0,2,4,6]; c1:bw=17,experts=[3]; c3:bw=20,experts=[0,6]; c9:bw=35,experts=[3,4,6]; c0:bw=35,experts=[3,4,6]; c6:bw=14,experts=[3]; c2:bw=12,experts=[5]; c5:bw=15,experts=[7]; c8:bw=28,experts=[5,6]; c4:bw=20,experts=[3,6]
   91 | 0.01000 |   1.2517 |   32.34% |   39.58% |    0:09.11
      bandwidth/experts | c1:bw=28,experts=[5,6]; c9:bw=19,experts=[5]; c5:bw=29,experts=[0,6]; c7:bw=29,experts=[5,6]; c3:bw=22,experts=[5,6]; c4:bw=30,experts=[4,6,7]; c0:bw=12,experts=[5]; c6:bw=16,experts=[5]; c2:bw=10,experts=[7]; c8:bw=13,experts=[7]
   92 | 0.01000 |   1.1875 |   32.48% |   39.58% |    0:09.13
      bandwidth/experts | c3:bw=16,experts=[7]; c7:bw=19,experts=[6]; c1:bw=11,experts=[7]; c0:bw=16,experts=[7]; c8:bw=11,experts=[0]; c6:bw=25,experts=[6,7]; c9:bw=31,experts=[4,6,7]; c2:bw=14,experts=[6]; c5:bw=37,experts=[2,4,6]; c4:bw=15,experts=[6]
   93 | 0.01000 |   1.1260 |   30.57% |   39.58% |    0:09.16
      bandwidth/experts | c1:bw=26,experts=[4,6]; c3:bw=17,experts=[6]; c7:bw=12,experts=[7]; c9:bw=32,experts=[2,4,6]; c6:bw=12,experts=[6]; c8:bw=10,experts=[6]; c5:bw=10,experts=[6]; c4:bw=18,experts=[5]; c0:bw=10,experts=[2]; c2:bw=28,experts=[4,6]
   94 | 0.01000 |   1.1465 |   41.66% |   41.66% |    0:09.14
      bandwidth/experts | c7:bw=25,experts=[4,6]; c2:bw=36,experts=[2,4,6]; c5:bw=23,experts=[4,6]; c4:bw=17,experts=[6]; c6:bw=17,experts=[6]; c9:bw=28,experts=[4,6]; c1:bw=39,experts=[0,2,6]; c8:bw=10,experts=[6]; c0:bw=31,experts=[2,4,6]; c3:bw=19,experts=[6]
   95 | 0.01000 |   1.1095 |   36.86% |   41.66% |    0:09.15
      bandwidth/experts | c7:bw=33,experts=[2,4,6]; c9:bw=23,experts=[4,6]; c4:bw=10,experts=[1]; c6:bw=22,experts=[2,4]; c0:bw=19,experts=[6]; c3:bw=23,experts=[2,4]; c1:bw=17,experts=[6]; c8:bw=40,experts=[2,4,5,6]; c2:bw=13,experts=[6]; c5:bw=10,experts=[1]
   96 | 0.01000 |   1.1537 |   32.80% |   41.66% |    0:09.19
      bandwidth/experts | c2:bw=36,experts=[0,4,6]; c9:bw=25,experts=[0,6]; c3:bw=25,experts=[1,6]; c1:bw=20,experts=[4,6]; c5:bw=33,experts=[3,4,6]; c4:bw=27,experts=[0,2]; c6:bw=17,experts=[0]; c7:bw=28,experts=[1,6]; c0:bw=20,experts=[0,6]; c8:bw=36,experts=[1,4,6]
   97 | 0.01000 |   1.0402 |   35.12% |   41.66% |    0:09.16
      bandwidth/experts | c0:bw=23,experts=[1,6]; c9:bw=24,experts=[1,6]; c8:bw=24,experts=[3,6]; c4:bw=10,experts=[6]; c7:bw=17,experts=[3]; c1:bw=28,experts=[1,6]; c3:bw=19,experts=[3]; c5:bw=26,experts=[5,6]; c6:bw=28,experts=[1,6]; c2:bw=30,experts=[1,3,6]
   98 | 0.01000 |   1.1487 |   35.71% |   41.66% |    0:09.18
      bandwidth/experts | c4:bw=29,experts=[3,6]; c8:bw=30,experts=[2,4,6]; c9:bw=15,experts=[3]; c7:bw=13,experts=[0]; c6:bw=20,experts=[3,6]; c5:bw=27,experts=[6,7]; c0:bw=19,experts=[3]; c3:bw=14,experts=[0]; c1:bw=15,experts=[3]; c2:bw=13,experts=[5]
   99 | 0.01000 |   1.0828 |   29.70% |   41.66% |    0:09.22
      bandwidth/experts | c8:bw=19,experts=[7]; c5:bw=27,experts=[0,6]; c7:bw=25,experts=[5,6]; c1:bw=33,experts=[4,5,6]; c3:bw=21,experts=[5,6]; c9:bw=11,experts=[5]; c4:bw=14,experts=[4]; c0:bw=22,experts=[5,6]; c2:bw=17,experts=[7]; c6:bw=19,experts=[5]
  100 | 0.01000 |   1.2213 |   43.96% |   43.96% |    0:09.21
      bandwidth/experts | c2:bw=17,experts=[6]; c8:bw=25,experts=[0,6]; c9:bw=29,experts=[6,7]; c5:bw=10,experts=[2]; c6:bw=25,experts=[6,7]; c1:bw=10,experts=[7]; c4:bw=36,experts=[4,6,7]; c7:bw=10,experts=[6]; c3:bw=23,experts=[6,7]; c0:bw=36,experts=[4,6,7]

Done. Best Acc: 43.96% @ round 100
Total time: 15:24.00
[Export] 实验目录: /userhome/cs3/duanty/FedMoE/results/20260920-085735
[Export] 每轮明细: /userhome/cs3/duanty/FedMoE/results/20260920-085735/rounds.xlsx
[Export] 总体摘要: /userhome/cs3/duanty/FedMoE/results/20260920-085735/summary.xlsx
[Plot] result = /userhome/cs3/duanty/FedMoE/results/20260920-085735
[Plot] figures -> /userhome/cs3/duanty/FedMoE/results/20260920-085735/figure
  fig01_test_accuracy.pdf
  fig02_train_loss.pdf
  fig03_acc_and_loss.pdf
  fig04_bandwidth_and_k.pdf
  fig05_expert_round_heatmap.pdf
  fig06_client_expert_heatmap.pdf
  fig07_expert_frequency.pdf
  fig08_time_breakdown.pdf
  fig09_accuracy_vs_communication.pdf
  fig10_overview.pdf
[Export] 图片目录: /userhome/cs3/duanty/FedMoE/results/20260920-085735/figure
