========================================
Job    : stl10-vgg11-e8-fedrolex
Host   : gpu-4090-102
Date   : Sun Sep 20 09:30:57 HKT 2026
GPU    : 0
Python : /userhome/cs3/duanty/miniconda3/envs/moe/bin/python
Command: python -u main.py --method ours --dataset stl10 --backbone vgg11 --select fedrolex --merge ours --device cuda --num_experts 8
========================================

==================================================================
 Ours  
  Dataset=stl10 | beta=0.1 | Backbone=vgg11 | width_mult=1 | Clients=10 | Experts=8
  Select=fedrolex | Merge=ours
  Rounds=100 | LR=0.01
  Bandwidth: expert_bw=10 | bw=[10, 40] | Rayleigh-Shannon, SNR=10 dB | k=floor(bw/10)
==================================================================


[Partition] Dirichlet beta=0.1, 10 clients
  Client 0:    416 samples | 5/10 classes
  Client 1:    666 samples | 5/10 classes
  Client 2:    674 samples | 7/10 classes
  Client 3:    833 samples | 4/10 classes
  Client 4:    557 samples | 4/10 classes
  Client 5:    414 samples | 2/10 classes
  Client 6:    295 samples | 3/10 classes
  Client 7:    999 samples | 5/10 classes
  Client 8:     23 samples | 3/10 classes
  Client 9:    123 samples | 10/10 classes

[Upload] expert_bw=10 | available bw=[10, 40] | Rayleigh-Shannon, SNR=10 dB | upload k=floor(bw/10), cap=8 | rolling-window expert selection

[Model] Total params: 11,369,616

[Export] 本次实验目录: /userhome/cs3/duanty/FedMoE/results/20260920-093108

Round |      LR |  AvgLoss |  TestAcc |     Best |  RoundTime
--------------------------------------------------------------------------------
    1 | 0.00208 |   2.2284 |   10.00% |   10.00% |    0:09.70
      bandwidth/experts | c8:bw=31,experts=[0,1,2]; c1:bw=16,experts=[1]; c5:bw=25,experts=[5,6]; c0:bw=10,experts=[0]; c7:bw=11,experts=[7]; c2:bw=16,experts=[2]; c9:bw=25,experts=[1,2]; c4:bw=22,experts=[4,5]; c3:bw=28,experts=[3,4]; c6:bw=23,experts=[6,7]
    2 | 0.00406 |   1.8215 |   17.68% |   17.68% |    0:08.90
      bandwidth/experts | c0:bw=20,experts=[1,2]; c1:bw=23,experts=[2,3]; c8:bw=27,experts=[3,4]; c5:bw=38,experts=[0,1,7]; c3:bw=37,experts=[5,6,7]; c4:bw=17,experts=[6]; c7:bw=31,experts=[0,1,2]; c9:bw=26,experts=[3,4]; c6:bw=10,experts=[0]; c2:bw=12,experts=[3]
    3 | 0.00604 |   1.8565 |   19.44% |   19.44% |    0:08.88
      bandwidth/experts | c9:bw=26,experts=[5,6]; c2:bw=23,experts=[4,5]; c0:bw=28,experts=[3,4]; c6:bw=22,experts=[1,2]; c8:bw=17,experts=[5]; c5:bw=10,experts=[2]; c3:bw=14,experts=[0]; c7:bw=18,experts=[3]; c1:bw=10,experts=[4]; c4:bw=29,experts=[0,7]
    4 | 0.00802 |   2.2641 |   16.20% |   19.44% |    0:08.89
      bandwidth/experts | c1:bw=22,experts=[5,6]; c7:bw=25,experts=[4,5]; c6:bw=29,experts=[3,4]; c2:bw=33,experts=[0,6,7]; c8:bw=17,experts=[6]; c0:bw=33,experts=[5,6,7]; c3:bw=19,experts=[1]; c4:bw=31,experts=[1,2,3]; c5:bw=40,experts=[3,4,5,6]; c9:bw=12,experts=[7]
    5 | 0.01000 |   1.6281 |   17.27% |   19.44% |    0:08.93
      bandwidth/experts | c1:bw=11,experts=[7]; c5:bw=22,experts=[0,7]; c4:bw=27,experts=[4,5]; c8:bw=20,experts=[0,7]; c0:bw=28,experts=[0,1]; c7:bw=14,experts=[6]; c6:bw=29,experts=[5,6]; c3:bw=35,experts=[2,3,4]; c2:bw=10,experts=[1]; c9:bw=35,experts=[0,1,2]
    6 | 0.01000 |   2.2102 |   19.38% |   19.44% |    0:09.04
      bandwidth/experts | c8:bw=37,experts=[1,2,3]; c2:bw=23,experts=[2,3]; c5:bw=15,experts=[1]; c7:bw=32,experts=[0,1,7]; c3:bw=20,experts=[5,6]; c1:bw=18,experts=[0]; c9:bw=27,experts=[3,4]; c0:bw=17,experts=[2]; c4:bw=10,experts=[6]; c6:bw=11,experts=[7]
    7 | 0.01000 |   1.9447 |   17.88% |   19.44% |    0:08.98
      bandwidth/experts | c0:bw=20,experts=[3,4]; c5:bw=27,experts=[2,3]; c2:bw=22,experts=[4,5]; c6:bw=10,experts=[0]; c3:bw=15,experts=[7]; c7:bw=17,experts=[2]; c4:bw=10,experts=[7]; c1:bw=10,experts=[1]; c8:bw=32,experts=[4,5,6]; c9:bw=10,experts=[5]
    8 | 0.01000 |   1.7246 |   16.39% |   19.44% |    0:08.90
      bandwidth/experts | c4:bw=10,experts=[0]; c8:bw=20,experts=[0,7]; c1:bw=32,experts=[2,3,4]; c3:bw=21,experts=[0,1]; c0:bw=18,experts=[5]; c5:bw=16,experts=[4]; c2:bw=30,experts=[0,6,7]; c9:bw=33,experts=[0,6,7]; c7:bw=10,experts=[3]; c6:bw=23,experts=[1,2]
    9 | 0.01000 |   2.0192 |   16.98% |   19.44% |    0:08.86
      bandwidth/experts | c2:bw=12,experts=[1]; c0:bw=29,experts=[6,7]; c4:bw=33,experts=[1,2,3]; c9:bw=15,experts=[1]; c8:bw=10,experts=[1]; c6:bw=17,experts=[3]; c7:bw=25,experts=[4,5]; c5:bw=29,experts=[5,6]; c1:bw=10,experts=[5]; c3:bw=13,experts=[2]
   10 | 0.01000 |   1.7986 |   13.09% |   19.44% |    0:08.88
      bandwidth/experts | c4:bw=20,experts=[4,5]; c2:bw=19,experts=[2]; c7:bw=21,experts=[6,7]; c0:bw=33,experts=[0,1,2]; c6:bw=36,experts=[4,5,6]; c3:bw=26,experts=[3,4]; c5:bw=32,experts=[0,1,7]; c8:bw=20,experts=[2,3]; c9:bw=20,experts=[2,3]; c1:bw=23,experts=[6,7]
   11 | 0.01000 |   1.8979 |   22.44% |   22.44% |    0:08.88
      bandwidth/experts | c5:bw=15,experts=[2]; c2:bw=15,experts=[3]; c7:bw=24,experts=[0,1]; c3:bw=28,experts=[5,6]; c0:bw=16,experts=[3]; c8:bw=22,experts=[4,5]; c9:bw=18,experts=[4]; c6:bw=31,experts=[0,1,7]; c1:bw=22,experts=[0,1]; c4:bw=10,experts=[6]
   12 | 0.01000 |   1.7134 |   19.49% |   22.44% |    0:08.89
      bandwidth/experts | c1:bw=24,experts=[2,3]; c5:bw=31,experts=[3,4,5]; c2:bw=32,experts=[4,5,6]; c4:bw=16,experts=[7]; c3:bw=19,experts=[7]; c7:bw=16,experts=[2]; c9:bw=23,experts=[5,6]; c6:bw=16,experts=[2]; c8:bw=31,experts=[0,6,7]; c0:bw=27,experts=[4,5]
   13 | 0.01000 |   1.7586 |   28.65% |   28.65% |    0:08.87
      bandwidth/experts | c3:bw=17,experts=[0]; c1:bw=26,experts=[4,5]; c4:bw=10,experts=[0]; c5:bw=16,experts=[6]; c8:bw=10,experts=[1]; c6:bw=20,experts=[3,4]; c9:bw=10,experts=[7]; c7:bw=32,experts=[3,4,5]; c0:bw=14,experts=[6]; c2:bw=10,experts=[7]
   14 | 0.01000 |   1.7831 |   21.62% |   28.65% |    0:08.75
      bandwidth/experts | c2:bw=25,experts=[0,1]; c4:bw=10,experts=[1]; c5:bw=36,experts=[0,1,7]; c1:bw=21,experts=[6,7]; c7:bw=14,experts=[6]; c0:bw=14,experts=[7]; c9:bw=18,experts=[0]; c3:bw=25,experts=[1,2]; c8:bw=12,experts=[2]; c6:bw=37,experts=[5,6,7]
   15 | 0.01000 |   1.9839 |   24.04% |   28.65% |    0:08.80
      bandwidth/experts | c7:bw=33,experts=[0,1,7]; c0:bw=11,experts=[0]; c1:bw=10,experts=[0]; c8:bw=29,experts=[3,4]; c3:bw=10,experts=[3]; c2:bw=29,experts=[2,3]; c4:bw=26,experts=[2,3]; c5:bw=10,experts=[2]; c9:bw=11,experts=[1]; c6:bw=18,experts=[0]
   16 | 0.01000 |   1.6602 |   23.20% |   28.65% |    0:08.72
      bandwidth/experts | c6:bw=22,experts=[1,2]; c1:bw=16,experts=[1]; c3:bw=24,experts=[4,5]; c8:bw=27,experts=[5,6]; c7:bw=12,experts=[2]; c5:bw=22,experts=[3,4]; c4:bw=20,experts=[4,5]; c9:bw=13,experts=[2]; c0:bw=32,experts=[1,2,3]; c2:bw=29,experts=[4,5]
   17 | 0.01000 |   1.5149 |   23.49% |   28.65% |    0:08.80
      bandwidth/experts | c4:bw=32,experts=[0,6,7]; c7:bw=14,experts=[3]; c8:bw=10,experts=[7]; c3:bw=29,experts=[6,7]; c5:bw=10,experts=[5]; c1:bw=16,experts=[2]; c0:bw=10,experts=[4]; c2:bw=11,experts=[6]; c9:bw=21,experts=[3,4]; c6:bw=21,experts=[3,4]
   18 | 0.01000 |   1.6173 |   25.15% |   28.65% |    0:08.76
      bandwidth/experts | c1:bw=10,experts=[3]; c8:bw=10,experts=[0]; c5:bw=19,experts=[6]; c2:bw=21,experts=[0,7]; c9:bw=10,experts=[5]; c7:bw=30,experts=[4,5,6]; c4:bw=31,experts=[1,2,3]; c3:bw=21,experts=[0,1]; c0:bw=27,experts=[5,6]; c6:bw=17,experts=[5]
   19 | 0.01000 |   1.5962 |   17.54% |   28.65% |    0:08.72
      bandwidth/experts | c8:bw=31,experts=[1,2,3]; c0:bw=23,experts=[0,7]; c4:bw=28,experts=[4,5]; c1:bw=26,experts=[4,5]; c9:bw=21,experts=[6,7]; c5:bw=16,experts=[7]; c7:bw=12,experts=[7]; c2:bw=10,experts=[1]; c6:bw=36,experts=[0,6,7]; c3:bw=22,experts=[2,3]
   20 | 0.01000 |   1.7806 |   25.49% |   28.65% |    0:08.73
      bandwidth/experts | c0:bw=15,experts=[1]; c2:bw=23,experts=[2,3]; c1:bw=22,experts=[6,7]; c9:bw=10,experts=[0]; c7:bw=24,experts=[0,1]; c6:bw=38,experts=[1,2,3]; c3:bw=10,experts=[4]; c5:bw=10,experts=[0]; c4:bw=33,experts=[0,6,7]; c8:bw=28,experts=[4,5]
   21 | 0.01000 |   1.7334 |   23.80% |   28.65% |    0:08.78
      bandwidth/experts | c1:bw=23,experts=[0,1]; c2:bw=22,experts=[4,5]; c7:bw=10,experts=[2]; c4:bw=26,experts=[1,2]; c8:bw=10,experts=[6]; c5:bw=18,experts=[1]; c0:bw=37,experts=[2,3,4]; c3:bw=10,experts=[5]; c6:bw=10,experts=[4]; c9:bw=14,experts=[1]
   22 | 0.01000 |   2.0567 |   24.90% |   28.65% |    0:08.73
      bandwidth/experts | c7:bw=10,experts=[3]; c9:bw=18,experts=[2]; c1:bw=10,experts=[2]; c6:bw=34,experts=[5,6,7]; c5:bw=10,experts=[2]; c2:bw=37,experts=[0,6,7]; c0:bw=37,experts=[5,6,7]; c4:bw=20,experts=[3,4]; c3:bw=31,experts=[0,6,7]; c8:bw=18,experts=[7]
   23 | 0.01000 |   1.9030 |   19.07% |   28.65% |    0:08.87
      bandwidth/experts | c5:bw=29,experts=[3,4]; c7:bw=10,experts=[4]; c4:bw=31,experts=[5,6,7]; c6:bw=10,experts=[0]; c9:bw=28,experts=[3,4]; c8:bw=19,experts=[0]; c3:bw=10,experts=[1]; c1:bw=34,experts=[3,4,5]; c2:bw=18,experts=[1]; c0:bw=10,experts=[0]
   24 | 0.01000 |   2.9408 |   20.40% |   28.65% |    0:08.85
      bandwidth/experts | c6:bw=17,experts=[1]; c4:bw=10,experts=[0]; c7:bw=10,experts=[5]; c9:bw=28,experts=[5,6]; c2:bw=24,experts=[2,3]; c1:bw=10,experts=[6]; c5:bw=14,experts=[5]; c8:bw=10,experts=[1]; c3:bw=10,experts=[2]; c0:bw=17,experts=[1]
   25 | 0.01000 |   1.7564 |   26.19% |   28.65% |    0:08.93
      bandwidth/experts | c9:bw=22,experts=[0,7]; c6:bw=10,experts=[2]; c4:bw=32,experts=[1,2,3]; c3:bw=10,experts=[3]; c5:bw=35,experts=[0,6,7]; c1:bw=27,experts=[0,7]; c8:bw=30,experts=[2,3,4]; c2:bw=10,experts=[4]; c0:bw=31,experts=[2,3,4]; c7:bw=22,experts=[6,7]
   26 | 0.01000 |   1.8621 |   10.00% |   28.65% |    0:08.81
      bandwidth/experts | c3:bw=25,experts=[4,5]; c6:bw=19,experts=[3]; c9:bw=28,experts=[1,2]; c7:bw=17,experts=[0]; c1:bw=18,experts=[1]; c5:bw=11,experts=[1]; c2:bw=17,experts=[5]; c8:bw=30,experts=[5,6,7]; c0:bw=10,experts=[5]; c4:bw=26,experts=[4,5]
   27 | 0.01000 |   2.5201 |   22.91% |   28.65% |    0:08.92
      bandwidth/experts | c7:bw=29,experts=[1,2]; c1:bw=34,experts=[2,3,4]; c4:bw=10,experts=[6]; c0:bw=20,experts=[6,7]; c9:bw=10,experts=[3]; c2:bw=11,experts=[6]; c8:bw=31,experts=[0,1,2]; c3:bw=12,experts=[6]; c6:bw=35,experts=[4,5,6]; c5:bw=20,experts=[2,3]
   28 | 0.01000 |   2.0847 |   29.57% |   29.57% |    0:09.10
      bandwidth/experts | c6:bw=16,experts=[7]; c9:bw=27,experts=[4,5]; c0:bw=26,experts=[0,1]; c8:bw=16,experts=[3]; c2:bw=10,experts=[7]; c5:bw=18,experts=[4]; c1:bw=14,experts=[5]; c3:bw=10,experts=[7]; c4:bw=10,experts=[7]; c7:bw=10,experts=[3]
   29 | 0.01000 |   1.9741 |   17.85% |   29.57% |    0:09.01
      bandwidth/experts | c4:bw=21,experts=[0,1]; c0:bw=24,experts=[2,3]; c1:bw=18,experts=[6]; c9:bw=24,experts=[6,7]; c6:bw=24,experts=[0,1]; c8:bw=19,experts=[4]; c7:bw=12,experts=[4]; c3:bw=18,experts=[0]; c2:bw=10,experts=[0]; c5:bw=19,experts=[5]
   30 | 0.01000 |   2.0190 |   18.73% |   29.57% |    0:08.97
      bandwidth/experts | c5:bw=34,experts=[0,6,7]; c1:bw=20,experts=[0,7]; c9:bw=30,experts=[0,1,2]; c4:bw=29,experts=[2,3]; c0:bw=10,experts=[4]; c8:bw=23,experts=[5,6]; c6:bw=10,experts=[2]; c7:bw=10,experts=[5]; c3:bw=33,experts=[1,2,3]; c2:bw=15,experts=[1]
   31 | 0.01000 |   2.0573 |   16.44% |   29.57% |    0:08.90
      bandwidth/experts | c6:bw=16,experts=[3]; c4:bw=11,experts=[4]; c9:bw=25,experts=[3,4]; c1:bw=17,experts=[1]; c5:bw=34,experts=[1,2,3]; c8:bw=18,experts=[7]; c3:bw=13,experts=[4]; c2:bw=10,experts=[2]; c0:bw=26,experts=[5,6]; c7:bw=35,experts=[0,6,7]
   32 | 0.01000 |   1.7914 |   25.49% |   29.57% |    0:08.91
      bandwidth/experts | c8:bw=12,experts=[0]; c5:bw=20,experts=[4,5]; c4:bw=27,experts=[5,6]; c7:bw=26,experts=[1,2]; c0:bw=25,experts=[0,7]; c1:bw=12,experts=[2]; c3:bw=16,experts=[5]; c6:bw=15,experts=[4]; c2:bw=30,experts=[3,4,5]; c9:bw=17,experts=[5]
   33 | 0.01000 |   1.7077 |   23.16% |   29.57% |    0:08.84
      bandwidth/experts | c7:bw=29,experts=[3,4]; c1:bw=19,experts=[3]; c3:bw=39,experts=[0,6,7]; c6:bw=20,experts=[5,6]; c5:bw=16,experts=[6]; c9:bw=23,experts=[6,7]; c2:bw=13,experts=[6]; c8:bw=28,experts=[1,2]; c4:bw=25,experts=[0,7]; c0:bw=35,experts=[1,2,3]
   34 | 0.01000 |   1.7179 |   29.49% |   29.57% |    0:08.79
      bandwidth/experts | c4:bw=26,experts=[1,2]; c1:bw=26,experts=[4,5]; c6:bw=27,experts=[0,7]; c9:bw=38,experts=[0,1,2]; c8:bw=23,experts=[3,4]; c0:bw=12,experts=[4]; c5:bw=33,experts=[0,1,7]; c7:bw=18,experts=[5]; c3:bw=40,experts=[1,2,3,4]; c2:bw=30,experts=[0,1,7]
   35 | 0.01000 |   1.6835 |   29.76% |   29.76% |    0:08.75
      bandwidth/experts | c4:bw=18,experts=[3]; c0:bw=11,experts=[5]; c1:bw=17,experts=[6]; c6:bw=24,experts=[1,2]; c2:bw=25,experts=[2,3]; c8:bw=28,experts=[5,6]; c9:bw=15,experts=[3]; c7:bw=27,experts=[6,7]; c5:bw=23,experts=[2,3]; c3:bw=13,experts=[5]
   36 | 0.01000 |   1.5177 |   31.30% |   31.30% |    0:08.76
      bandwidth/experts | c9:bw=21,experts=[4,5]; c0:bw=20,experts=[6,7]; c3:bw=33,experts=[0,6,7]; c7:bw=15,experts=[0]; c6:bw=24,experts=[3,4]; c5:bw=27,experts=[4,5]; c1:bw=10,experts=[7]; c4:bw=40,experts=[4,5,6,7]; c8:bw=28,experts=[0,7]; c2:bw=28,experts=[4,5]
   37 | 0.01000 |   1.6449 |   31.98% |   31.98% |    0:08.75
      bandwidth/experts | c1:bw=10,experts=[0]; c5:bw=22,experts=[6,7]; c2:bw=20,experts=[6,7]; c6:bw=36,experts=[5,6,7]; c4:bw=22,experts=[0,1]; c7:bw=23,experts=[1,2]; c9:bw=22,experts=[6,7]; c0:bw=30,experts=[0,1,2]; c3:bw=20,experts=[1,2]; c8:bw=10,experts=[1]
   38 | 0.01000 |   1.3957 |   29.06% |   31.98% |    0:08.77
      bandwidth/experts | c8:bw=25,experts=[2,3]; c6:bw=10,experts=[0]; c4:bw=29,experts=[2,3]; c1:bw=17,experts=[1]; c5:bw=10,experts=[0]; c2:bw=10,experts=[0]; c3:bw=21,experts=[3,4]; c7:bw=28,experts=[3,4]; c9:bw=14,experts=[0]; c0:bw=22,experts=[3,4]
   39 | 0.01000 |   1.6530 |   29.27% |   31.98% |    0:08.69
      bandwidth/experts | c3:bw=14,experts=[5]; c0:bw=10,experts=[5]; c1:bw=25,experts=[2,3]; c7:bw=22,experts=[5,6]; c6:bw=17,experts=[1]; c8:bw=25,experts=[4,5]; c2:bw=20,experts=[1,2]; c4:bw=20,experts=[4,5]; c9:bw=13,experts=[1]; c5:bw=40,experts=[1,2,3,4]
   40 | 0.01000 |   1.3890 |   23.54% |   31.98% |    0:08.73
      bandwidth/experts | c8:bw=14,experts=[6]; c1:bw=23,experts=[4,5]; c5:bw=18,experts=[5]; c6:bw=26,experts=[2,3]; c2:bw=36,experts=[3,4,5]; c7:bw=37,experts=[0,1,7]; c3:bw=10,experts=[6]; c4:bw=11,experts=[6]; c9:bw=22,experts=[2,3]; c0:bw=20,experts=[6,7]
   41 | 0.01000 |   1.5976 |   30.35% |   31.98% |    0:08.78
      bandwidth/experts | c2:bw=30,experts=[0,6,7]; c6:bw=10,experts=[4]; c8:bw=31,experts=[0,1,7]; c1:bw=10,experts=[6]; c4:bw=28,experts=[0,7]; c5:bw=34,experts=[0,6,7]; c7:bw=38,experts=[2,3,4]; c3:bw=22,experts=[0,7]; c9:bw=30,experts=[4,5,6]; c0:bw=10,experts=[0]
   42 | 0.01000 |   1.3757 |   32.06% |   32.06% |    0:08.76
      bandwidth/experts | c5:bw=28,experts=[1,2]; c1:bw=27,experts=[0,7]; c3:bw=27,experts=[1,2]; c9:bw=28,experts=[0,7]; c6:bw=19,experts=[5]; c0:bw=10,experts=[1]; c7:bw=11,experts=[5]; c4:bw=30,experts=[1,2,3]; c8:bw=23,experts=[2,3]; c2:bw=22,experts=[1,2]
   43 | 0.01000 |   1.4595 |   25.95% |   32.06% |    0:08.74
      bandwidth/experts | c5:bw=29,experts=[3,4]; c1:bw=32,experts=[1,2,3]; c2:bw=28,experts=[3,4]; c8:bw=25,experts=[4,5]; c9:bw=18,experts=[1]; c7:bw=12,experts=[6]; c4:bw=19,experts=[4]; c6:bw=10,experts=[6]; c3:bw=36,experts=[3,4,5]; c0:bw=12,experts=[2]
   44 | 0.01000 |   1.2720 |   28.98% |   32.06% |    0:08.76
      bandwidth/experts | c0:bw=37,experts=[3,4,5]; c3:bw=26,experts=[6,7]; c4:bw=16,experts=[5]; c2:bw=20,experts=[5,6]; c7:bw=40,experts=[0,1,2,7]; c5:bw=13,experts=[5]; c6:bw=11,experts=[7]; c9:bw=21,experts=[2,3]; c8:bw=19,experts=[6]; c1:bw=25,experts=[4,5]
   45 | 0.01000 |   1.7149 |   24.44% |   32.06% |    0:08.77
      bandwidth/experts | c8:bw=31,experts=[0,1,7]; c0:bw=20,experts=[6,7]; c3:bw=37,experts=[0,1,2]; c4:bw=36,experts=[0,6,7]; c7:bw=20,experts=[3,4]; c2:bw=27,experts=[0,7]; c9:bw=14,experts=[4]; c6:bw=10,experts=[0]; c5:bw=25,experts=[6,7]; c1:bw=31,experts=[0,6,7]
   46 | 0.01000 |   1.5651 |   25.21% |   32.06% |    0:08.72
      bandwidth/experts | c9:bw=20,experts=[5,6]; c3:bw=15,experts=[3]; c6:bw=21,experts=[1,2]; c1:bw=23,experts=[1,2]; c4:bw=35,experts=[1,2,3]; c5:bw=23,experts=[0,1]; c2:bw=32,experts=[1,2,3]; c8:bw=22,experts=[2,3]; c0:bw=30,experts=[0,1,2]; c7:bw=16,experts=[5]
   47 | 0.01000 |   1.5215 |   24.18% |   32.06% |    0:08.74
      bandwidth/experts | c5:bw=29,experts=[2,3]; c6:bw=12,experts=[3]; c7:bw=29,experts=[6,7]; c9:bw=10,experts=[7]; c8:bw=22,experts=[4,5]; c3:bw=39,experts=[4,5,6]; c4:bw=10,experts=[4]; c0:bw=25,experts=[3,4]; c1:bw=17,experts=[3]; c2:bw=30,experts=[4,5,6]
   48 | 0.01000 |   1.5297 |   37.46% |   37.46% |    0:08.78
      bandwidth/experts | c1:bw=28,experts=[4,5]; c8:bw=28,experts=[6,7]; c4:bw=37,experts=[5,6,7]; c2:bw=31,experts=[0,1,7]; c9:bw=29,experts=[0,1]; c6:bw=25,experts=[4,5]; c5:bw=31,experts=[4,5,6]; c7:bw=35,experts=[0,1,2]; c0:bw=10,experts=[5]; c3:bw=10,experts=[7]
   49 | 0.01000 |   1.2426 |   28.48% |   37.46% |    0:08.78
      bandwidth/experts | c4:bw=27,experts=[0,1]; c3:bw=18,experts=[0]; c8:bw=15,experts=[0]; c0:bw=11,experts=[6]; c2:bw=32,experts=[2,3,4]; c5:bw=31,experts=[0,1,7]; c6:bw=10,experts=[6]; c7:bw=24,experts=[3,4]; c9:bw=29,experts=[2,3]; c1:bw=30,experts=[0,6,7]
   50 | 0.01000 |   1.6100 |   24.81% |   37.46% |    0:08.80
      bandwidth/experts | c8:bw=18,experts=[1]; c4:bw=10,experts=[2]; c7:bw=19,experts=[5]; c6:bw=38,experts=[0,1,7]; c2:bw=35,experts=[5,6,7]; c1:bw=36,experts=[1,2,3]; c3:bw=22,experts=[1,2]; c0:bw=16,experts=[7]; c9:bw=15,experts=[4]; c5:bw=17,experts=[2]
   51 | 0.01000 |   1.6656 |   31.55% |   37.46% |    0:08.86
      bandwidth/experts | c5:bw=26,experts=[3,4]; c0:bw=30,experts=[0,1,2]; c1:bw=12,experts=[4]; c2:bw=11,experts=[0]; c8:bw=26,experts=[2,3]; c6:bw=29,experts=[2,3]; c9:bw=10,experts=[5]; c3:bw=31,experts=[3,4,5]; c4:bw=10,experts=[3]; c7:bw=15,experts=[6]
   52 | 0.01000 |   1.8376 |   25.05% |   37.46% |    0:08.76
      bandwidth/experts | c0:bw=26,experts=[3,4]; c8:bw=10,experts=[4]; c5:bw=13,experts=[5]; c7:bw=19,experts=[7]; c1:bw=22,experts=[5,6]; c4:bw=18,experts=[4]; c9:bw=17,experts=[6]; c6:bw=28,experts=[4,5]; c2:bw=16,experts=[1]; c3:bw=24,experts=[6,7]
   53 | 0.01000 |   1.7016 |   24.82% |   37.46% |    0:08.80
      bandwidth/experts | c8:bw=12,experts=[5]; c4:bw=16,experts=[5]; c5:bw=24,experts=[6,7]; c1:bw=33,experts=[0,1,7]; c3:bw=26,experts=[0,1]; c9:bw=34,experts=[0,1,7]; c6:bw=20,experts=[6,7]; c7:bw=24,experts=[0,1]; c0:bw=21,experts=[5,6]; c2:bw=29,experts=[2,3]
   54 | 0.01000 |   1.5013 |   33.86% |   37.46% |    0:08.73
      bandwidth/experts | c2:bw=10,experts=[4]; c1:bw=29,experts=[2,3]; c8:bw=31,experts=[0,6,7]; c7:bw=34,experts=[2,3,4]; c3:bw=17,experts=[2]; c0:bw=20,experts=[0,7]; c6:bw=30,experts=[0,1,2]; c5:bw=10,experts=[0]; c9:bw=28,experts=[2,3]; c4:bw=18,experts=[6]
   55 | 0.01000 |   1.6727 |   25.04% |   37.46% |    0:08.67
      bandwidth/experts | c7:bw=30,experts=[5,6,7]; c2:bw=23,experts=[5,6]; c4:bw=10,experts=[7]; c3:bw=29,experts=[3,4]; c8:bw=10,experts=[1]; c5:bw=29,experts=[1,2]; c1:bw=33,experts=[4,5,6]; c6:bw=23,experts=[3,4]; c0:bw=15,experts=[1]; c9:bw=34,experts=[4,5,6]
   56 | 0.01000 |   1.6792 |   24.38% |   37.46% |    0:08.67
      bandwidth/experts | c9:bw=29,experts=[0,7]; c1:bw=31,experts=[0,1,7]; c3:bw=10,experts=[5]; c2:bw=29,experts=[0,7]; c5:bw=17,experts=[3]; c4:bw=10,experts=[0]; c8:bw=10,experts=[2]; c7:bw=10,experts=[0]; c6:bw=13,experts=[5]; c0:bw=39,experts=[2,3,4]
   57 | 0.01000 |   1.3371 |   27.81% |   37.46% |    0:08.74
      bandwidth/experts | c3:bw=35,experts=[0,6,7]; c8:bw=24,experts=[3,4]; c6:bw=27,experts=[6,7]; c1:bw=27,experts=[2,3]; c7:bw=38,experts=[1,2,3]; c0:bw=39,experts=[5,6,7]; c5:bw=24,experts=[4,5]; c4:bw=23,experts=[1,2]; c2:bw=18,experts=[1]; c9:bw=11,experts=[1]
   58 | 0.01000 |   2.0007 |   20.29% |   37.46% |    0:08.77
      bandwidth/experts | c7:bw=13,experts=[4]; c2:bw=10,experts=[2]; c9:bw=32,experts=[2,3,4]; c6:bw=30,experts=[0,1,2]; c5:bw=19,experts=[6]; c1:bw=17,experts=[4]; c8:bw=22,experts=[5,6]; c4:bw=21,experts=[3,4]; c3:bw=34,experts=[1,2,3]; c0:bw=26,experts=[0,1]
   59 | 0.01000 |   1.6760 |   36.23% |   37.46% |    0:08.77
      bandwidth/experts | c2:bw=20,experts=[3,4]; c8:bw=31,experts=[0,1,7]; c9:bw=15,experts=[5]; c6:bw=11,experts=[3]; c1:bw=36,experts=[5,6,7]; c4:bw=14,experts=[5]; c7:bw=15,experts=[5]; c5:bw=18,experts=[7]; c0:bw=29,experts=[2,3]; c3:bw=20,experts=[4,5]
   60 | 0.01000 |   1.5255 |   32.89% |   37.46% |    0:08.73
      bandwidth/experts | c0:bw=29,experts=[4,5]; c7:bw=26,experts=[6,7]; c4:bw=17,experts=[6]; c2:bw=17,experts=[5]; c5:bw=18,experts=[0]; c8:bw=14,experts=[2]; c6:bw=33,experts=[4,5,6]; c9:bw=10,experts=[6]; c1:bw=30,experts=[0,1,2]; c3:bw=24,experts=[6,7]
   61 | 0.01000 |   1.4891 |   19.34% |   37.46% |    0:08.72
      bandwidth/experts | c5:bw=27,experts=[1,2]; c6:bw=21,experts=[0,7]; c2:bw=16,experts=[6]; c9:bw=21,experts=[0,7]; c1:bw=19,experts=[3]; c3:bw=24,experts=[0,1]; c8:bw=31,experts=[3,4,5]; c4:bw=21,experts=[0,7]; c7:bw=24,experts=[0,1]; c0:bw=33,experts=[0,6,7]
   62 | 0.01000 |   1.7532 |   27.81% |   37.46% |    0:08.85
      bandwidth/experts | c8:bw=10,experts=[6]; c6:bw=35,experts=[1,2,3]; c9:bw=10,experts=[1]; c4:bw=33,experts=[1,2,3]; c5:bw=37,experts=[3,4,5]; c0:bw=16,experts=[1]; c3:bw=29,experts=[2,3]; c2:bw=23,experts=[0,7]; c1:bw=40,experts=[4,5,6,7]; c7:bw=25,experts=[2,3]
   63 | 0.01000 |   1.7613 |   22.74% |   37.46% |    0:08.76
      bandwidth/experts | c5:bw=10,experts=[6]; c9:bw=12,experts=[2]; c6:bw=19,experts=[4]; c3:bw=29,experts=[4,5]; c8:bw=18,experts=[7]; c1:bw=28,experts=[0,1]; c7:bw=38,experts=[4,5,6]; c0:bw=23,experts=[2,3]; c2:bw=15,experts=[1]; c4:bw=29,experts=[4,5]
   64 | 0.01000 |   2.1061 |   22.75% |   37.46% |    0:08.76
      bandwidth/experts | c6:bw=28,experts=[5,6]; c4:bw=21,experts=[6,7]; c5:bw=13,experts=[7]; c3:bw=21,experts=[6,7]; c7:bw=19,experts=[7]; c0:bw=18,experts=[4]; c8:bw=30,experts=[0,1,2]; c9:bw=33,experts=[3,4,5]; c2:bw=31,experts=[2,3,4]; c1:bw=16,experts=[2]
   65 | 0.01000 |   1.5887 |   17.98% |   37.46% |    0:08.74
      bandwidth/experts | c7:bw=10,experts=[0]; c5:bw=16,experts=[0]; c4:bw=32,experts=[0,1,2]; c6:bw=28,experts=[0,7]; c8:bw=37,experts=[3,4,5]; c3:bw=24,experts=[0,1]; c0:bw=23,experts=[5,6]; c2:bw=16,experts=[5]; c1:bw=32,experts=[3,4,5]; c9:bw=26,experts=[6,7]
   66 | 0.01000 |   2.0376 |   29.19% |   37.46% |    0:08.74
      bandwidth/experts | c2:bw=23,experts=[6,7]; c5:bw=10,experts=[1]; c1:bw=30,experts=[0,6,7]; c8:bw=13,experts=[6]; c9:bw=17,experts=[0]; c6:bw=16,experts=[1]; c4:bw=23,experts=[3,4]; c0:bw=21,experts=[0,7]; c3:bw=37,experts=[2,3,4]; c7:bw=28,experts=[1,2]
   67 | 0.01000 |   1.7950 |   31.57% |   37.46% |    0:08.81
      bandwidth/experts | c4:bw=28,experts=[5,6]; c5:bw=27,experts=[2,3]; c1:bw=20,experts=[1,2]; c3:bw=14,experts=[5]; c6:bw=29,experts=[2,3]; c0:bw=18,experts=[1]; c2:bw=24,experts=[0,1]; c9:bw=33,experts=[1,2,3]; c7:bw=33,experts=[3,4,5]; c8:bw=10,experts=[7]
   68 | 0.01000 |   1.6122 |   39.44% |   39.44% |    0:08.79
      bandwidth/experts | c1:bw=23,experts=[3,4]; c8:bw=17,experts=[0]; c2:bw=32,experts=[2,3,4]; c0:bw=17,experts=[2]; c3:bw=14,experts=[6]; c4:bw=27,experts=[0,7]; c5:bw=25,experts=[4,5]; c9:bw=10,experts=[4]; c7:bw=15,experts=[6]; c6:bw=18,experts=[4]
   69 | 0.01000 |   1.4750 |   30.02% |   39.44% |    0:08.78
      bandwidth/experts | c3:bw=23,experts=[0,7]; c7:bw=32,experts=[0,1,7]; c1:bw=17,experts=[5]; c4:bw=23,experts=[1,2]; c9:bw=20,experts=[5,6]; c5:bw=22,experts=[6,7]; c0:bw=29,experts=[3,4]; c2:bw=37,experts=[5,6,7]; c8:bw=23,experts=[1,2]; c6:bw=15,experts=[5]
   70 | 0.01000 |   1.7227 |   27.02% |   39.44% |    0:08.76
      bandwidth/experts | c1:bw=13,experts=[6]; c9:bw=10,experts=[7]; c7:bw=16,experts=[2]; c3:bw=18,experts=[1]; c0:bw=17,experts=[5]; c6:bw=14,experts=[6]; c2:bw=31,experts=[0,1,2]; c4:bw=32,experts=[3,4,5]; c5:bw=13,experts=[0]; c8:bw=27,experts=[3,4]
   71 | 0.01000 |   1.7247 |   33.58% |   39.44% |    0:08.82
      bandwidth/experts | c4:bw=24,experts=[6,7]; c0:bw=10,experts=[6]; c1:bw=29,experts=[0,7]; c9:bw=22,experts=[0,1]; c7:bw=11,experts=[3]; c5:bw=19,experts=[1]; c3:bw=34,experts=[2,3,4]; c6:bw=28,experts=[0,7]; c8:bw=21,experts=[5,6]; c2:bw=34,experts=[3,4,5]
   72 | 0.01000 |   1.5953 |   27.39% |   39.44% |    0:08.84
      bandwidth/experts | c8:bw=16,experts=[7]; c1:bw=22,experts=[1,2]; c5:bw=24,experts=[2,3]; c7:bw=27,experts=[4,5]; c6:bw=11,experts=[1]; c0:bw=29,experts=[0,7]; c3:bw=13,experts=[5]; c2:bw=13,experts=[6]; c9:bw=21,experts=[2,3]; c4:bw=22,experts=[0,1]
   73 | 0.01000 |   1.4052 |   25.73% |   39.44% |    0:08.77
      bandwidth/experts | c2:bw=26,experts=[0,7]; c8:bw=10,experts=[0]; c3:bw=22,experts=[6,7]; c1:bw=37,experts=[3,4,5]; c5:bw=10,experts=[4]; c9:bw=29,experts=[4,5]; c0:bw=16,experts=[1]; c7:bw=20,experts=[6,7]; c6:bw=11,experts=[2]; c4:bw=23,experts=[2,3]
   74 | 0.01000 |   1.6270 |   37.46% |   39.44% |    0:08.74
      bandwidth/experts | c3:bw=10,experts=[0]; c0:bw=22,experts=[2,3]; c1:bw=15,experts=[6]; c5:bw=28,experts=[5,6]; c7:bw=36,experts=[0,1,2]; c8:bw=16,experts=[1]; c6:bw=10,experts=[3]; c2:bw=10,experts=[1]; c4:bw=26,experts=[4,5]; c9:bw=18,experts=[6]
   75 | 0.01000 |   1.3621 |   31.91% |   39.44% |    0:08.72
      bandwidth/experts | c2:bw=22,experts=[2,3]; c9:bw=34,experts=[0,1,7]; c1:bw=30,experts=[0,1,7]; c3:bw=11,experts=[1]; c7:bw=16,experts=[3]; c6:bw=31,experts=[4,5,6]; c5:bw=17,experts=[7]; c4:bw=31,experts=[0,6,7]; c0:bw=34,experts=[4,5,6]; c8:bw=30,experts=[2,3,4]
   76 | 0.01000 |   1.2615 |   36.04% |   39.44% |    0:08.72
      bandwidth/experts | c8:bw=16,experts=[5]; c5:bw=21,experts=[0,1]; c0:bw=17,experts=[7]; c3:bw=10,experts=[2]; c2:bw=14,experts=[4]; c6:bw=13,experts=[7]; c7:bw=37,experts=[4,5,6]; c4:bw=34,experts=[1,2,3]; c9:bw=32,experts=[2,3,4]; c1:bw=30,experts=[2,3,4]
   77 | 0.01000 |   1.4150 |   43.39% |   43.39% |    0:08.79
      bandwidth/experts | c9:bw=16,experts=[5]; c2:bw=19,experts=[5]; c1:bw=35,experts=[5,6,7]; c8:bw=10,experts=[6]; c4:bw=10,experts=[4]; c7:bw=10,experts=[7]; c6:bw=32,experts=[0,1,2]; c0:bw=35,experts=[0,1,2]; c3:bw=22,experts=[3,4]; c5:bw=33,experts=[2,3,4]
   78 | 0.01000 |   1.1991 |   39.86% |   43.39% |    0:08.77
      bandwidth/experts | c0:bw=15,experts=[3]; c4:bw=13,experts=[5]; c3:bw=21,experts=[5,6]; c7:bw=20,experts=[0,1]; c8:bw=30,experts=[0,1,7]; c1:bw=23,experts=[0,1]; c9:bw=17,experts=[6]; c6:bw=32,experts=[3,4,5]; c5:bw=35,experts=[5,6,7]; c2:bw=19,experts=[6]
   79 | 0.01000 |   1.4139 |   35.35% |   43.39% |    0:08.73
      bandwidth/experts | c6:bw=12,experts=[6]; c9:bw=10,experts=[7]; c0:bw=20,experts=[4,5]; c4:bw=40,experts=[0,1,6,7]; c7:bw=25,experts=[2,3]; c8:bw=25,experts=[2,3]; c5:bw=29,experts=[0,1]; c3:bw=15,experts=[7]; c1:bw=21,experts=[2,3]; c2:bw=18,experts=[7]
   80 | 0.01000 |   1.2325 |   44.15% |   44.15% |    0:08.75
      bandwidth/experts | c5:bw=36,experts=[2,3,4]; c9:bw=29,experts=[0,1]; c7:bw=26,experts=[4,5]; c1:bw=17,experts=[4]; c3:bw=17,experts=[0]; c4:bw=32,experts=[2,3,4]; c2:bw=24,experts=[0,1]; c0:bw=26,experts=[6,7]; c6:bw=22,experts=[0,7]; c8:bw=28,experts=[4,5]
   81 | 0.01000 |   1.2311 |   43.25% |   44.15% |    0:08.75
      bandwidth/experts | c6:bw=29,experts=[1,2]; c2:bw=25,experts=[2,3]; c3:bw=37,experts=[1,2,3]; c1:bw=27,experts=[5,6]; c4:bw=23,experts=[5,6]; c5:bw=17,experts=[5]; c9:bw=15,experts=[2]; c7:bw=32,experts=[0,6,7]; c8:bw=26,experts=[6,7]; c0:bw=28,experts=[0,1]
   82 | 0.01000 |   1.1787 |   32.94% |   44.15% |    0:08.71
      bandwidth/experts | c1:bw=36,experts=[0,1,7]; c0:bw=17,experts=[2]; c6:bw=20,experts=[3,4]; c8:bw=32,experts=[0,1,2]; c7:bw=22,experts=[1,2]; c3:bw=22,experts=[4,5]; c2:bw=16,experts=[4]; c9:bw=31,experts=[3,4,5]; c5:bw=22,experts=[6,7]; c4:bw=16,experts=[7]
   83 | 0.01000 |   1.2864 |   30.51% |   44.15% |    0:08.77
      bandwidth/experts | c9:bw=29,experts=[6,7]; c4:bw=10,experts=[0]; c2:bw=23,experts=[5,6]; c7:bw=21,experts=[3,4]; c5:bw=10,experts=[0]; c0:bw=10,experts=[3]; c6:bw=29,experts=[5,6]; c1:bw=35,experts=[2,3,4]; c8:bw=22,experts=[3,4]; c3:bw=24,experts=[6,7]
   84 | 0.01000 |   1.2793 |   39.33% |   44.15% |    0:08.78
      bandwidth/experts | c8:bw=37,experts=[5,6,7]; c3:bw=18,experts=[0]; c1:bw=32,experts=[5,6,7]; c6:bw=10,experts=[7]; c9:bw=11,experts=[0]; c2:bw=20,experts=[0,7]; c7:bw=26,experts=[5,6]; c5:bw=11,experts=[1]; c4:bw=15,experts=[1]; c0:bw=10,experts=[4]
   85 | 0.01000 |   1.1284 |   36.20% |   44.15% |    0:08.72
      bandwidth/experts | c0:bw=21,experts=[5,6]; c2:bw=25,experts=[1,2]; c8:bw=39,experts=[0,1,2]; c6:bw=23,experts=[0,1]; c1:bw=31,experts=[0,1,2]; c4:bw=23,experts=[2,3]; c9:bw=32,experts=[1,2,3]; c3:bw=28,experts=[1,2]; c5:bw=10,experts=[2]; c7:bw=10,experts=[7]
   86 | 0.01000 |   1.4203 |   35.49% |   44.15% |    0:08.76
      bandwidth/experts | c5:bw=26,experts=[3,4]; c8:bw=15,experts=[3]; c2:bw=13,experts=[3]; c6:bw=31,experts=[2,3,4]; c0:bw=17,experts=[7]; c4:bw=10,experts=[4]; c7:bw=24,experts=[0,1]; c3:bw=15,experts=[3]; c1:bw=40,experts=[3,4,5,6]; c9:bw=24,experts=[4,5]
   87 | 0.01000 |   1.4085 |   31.29% |   44.15% |    0:08.72
      bandwidth/experts | c1:bw=16,experts=[7]; c2:bw=37,experts=[4,5,6]; c7:bw=12,experts=[2]; c5:bw=10,experts=[5]; c6:bw=33,experts=[5,6,7]; c3:bw=38,experts=[4,5,6]; c4:bw=19,experts=[5]; c9:bw=21,experts=[6,7]; c8:bw=26,experts=[4,5]; c0:bw=19,experts=[0]
   88 | 0.01000 |   1.3099 |   46.29% |   46.29% |    0:08.78
      bandwidth/experts | c8:bw=24,experts=[6,7]; c6:bw=15,experts=[0]; c3:bw=18,experts=[7]; c7:bw=23,experts=[3,4]; c0:bw=34,experts=[1,2,3]; c4:bw=21,experts=[6,7]; c9:bw=17,experts=[0]; c1:bw=16,experts=[0]; c5:bw=17,experts=[6]; c2:bw=25,experts=[0,7]
   89 | 0.01000 |   1.2089 |   35.48% |   46.29% |    0:08.74
      bandwidth/experts | c3:bw=17,experts=[0]; c8:bw=40,experts=[0,1,2,3]; c2:bw=25,experts=[1,2]; c9:bw=34,experts=[1,2,3]; c7:bw=12,experts=[5]; c5:bw=25,experts=[0,7]; c0:bw=10,experts=[4]; c6:bw=18,experts=[1]; c4:bw=17,experts=[0]; c1:bw=23,experts=[1,2]
   90 | 0.01000 |   1.2327 |   42.17% |   46.29% |    0:08.74
      bandwidth/experts | c7:bw=40,experts=[0,1,6,7]; c1:bw=17,experts=[3]; c3:bw=20,experts=[1,2]; c9:bw=35,experts=[4,5,6]; c0:bw=35,experts=[5,6,7]; c6:bw=14,experts=[2]; c2:bw=12,experts=[3]; c5:bw=15,experts=[1]; c8:bw=28,experts=[4,5]; c4:bw=20,experts=[1,2]
   91 | 0.01000 |   1.0798 |   31.88% |   46.29% |    0:08.87
      bandwidth/experts | c1:bw=28,experts=[4,5]; c9:bw=19,experts=[7]; c5:bw=29,experts=[2,3]; c7:bw=29,experts=[2,3]; c3:bw=22,experts=[3,4]; c4:bw=30,experts=[3,4,5]; c0:bw=12,experts=[0]; c6:bw=16,experts=[3]; c2:bw=10,experts=[4]; c8:bw=13,experts=[6]
   92 | 0.01000 |   1.3340 |   42.49% |   46.29% |    0:08.73
      bandwidth/experts | c3:bw=16,experts=[5]; c7:bw=19,experts=[4]; c1:bw=11,experts=[6]; c0:bw=16,experts=[1]; c8:bw=11,experts=[7]; c6:bw=25,experts=[4,5]; c9:bw=31,experts=[0,1,2]; c2:bw=14,experts=[5]; c5:bw=37,experts=[4,5,6]; c4:bw=15,experts=[6]
   93 | 0.01000 |   1.2441 |   30.10% |   46.29% |    0:08.71
      bandwidth/experts | c1:bw=26,experts=[0,7]; c3:bw=17,experts=[6]; c7:bw=12,experts=[5]; c9:bw=32,experts=[3,4,5]; c6:bw=12,experts=[6]; c8:bw=10,experts=[0]; c5:bw=10,experts=[7]; c4:bw=18,experts=[7]; c0:bw=10,experts=[2]; c2:bw=28,experts=[6,7]
   94 | 0.01000 |   1.2434 |   32.94% |   46.29% |    0:08.76
      bandwidth/experts | c7:bw=25,experts=[6,7]; c2:bw=36,experts=[0,1,2]; c5:bw=23,experts=[0,1]; c4:bw=17,experts=[0]; c6:bw=17,experts=[7]; c9:bw=28,experts=[6,7]; c1:bw=39,experts=[1,2,3]; c8:bw=10,experts=[1]; c0:bw=31,experts=[3,4,5]; c3:bw=19,experts=[7]
   95 | 0.01000 |   1.2787 |   33.95% |   46.29% |    0:08.80
      bandwidth/experts | c7:bw=33,experts=[0,1,2]; c9:bw=23,experts=[0,1]; c4:bw=10,experts=[1]; c6:bw=22,experts=[0,1]; c0:bw=19,experts=[6]; c3:bw=23,experts=[0,1]; c1:bw=17,experts=[4]; c8:bw=40,experts=[2,3,4,5]; c2:bw=13,experts=[3]; c5:bw=10,experts=[2]
   96 | 0.01000 |   1.1361 |   40.44% |   46.29% |    0:08.77
      bandwidth/experts | c2:bw=36,experts=[4,5,6]; c9:bw=25,experts=[2,3]; c3:bw=25,experts=[2,3]; c1:bw=20,experts=[5,6]; c5:bw=33,experts=[3,4,5]; c4:bw=27,experts=[2,3]; c6:bw=17,experts=[2]; c7:bw=28,experts=[3,4]; c0:bw=20,experts=[0,7]; c8:bw=36,experts=[0,6,7]
   97 | 0.01000 |   1.3179 |   36.26% |   46.29% |    0:08.76
      bandwidth/experts | c0:bw=23,experts=[1,2]; c9:bw=24,experts=[4,5]; c8:bw=24,experts=[1,2]; c4:bw=10,experts=[4]; c7:bw=17,experts=[5]; c1:bw=28,experts=[0,7]; c3:bw=19,experts=[4]; c5:bw=26,experts=[6,7]; c6:bw=28,experts=[3,4]; c2:bw=30,experts=[0,1,7]
   98 | 0.01000 |   1.3833 |   35.61% |   46.29% |    0:08.73
      bandwidth/experts | c4:bw=29,experts=[5,6]; c8:bw=30,experts=[3,4,5]; c9:bw=15,experts=[6]; c7:bw=13,experts=[6]; c6:bw=20,experts=[5,6]; c5:bw=27,experts=[0,1]; c0:bw=19,experts=[3]; c3:bw=14,experts=[5]; c1:bw=15,experts=[1]; c2:bw=13,experts=[2]
   99 | 0.01000 |   1.3031 |   45.00% |   46.29% |    0:08.72
      bandwidth/experts | c8:bw=19,experts=[6]; c5:bw=27,experts=[2,3]; c7:bw=25,experts=[0,7]; c1:bw=33,experts=[2,3,4]; c3:bw=21,experts=[6,7]; c9:bw=11,experts=[7]; c4:bw=14,experts=[7]; c0:bw=22,experts=[4,5]; c2:bw=17,experts=[3]; c6:bw=19,experts=[7]
  100 | 0.01000 |   1.1460 |   42.21% |   46.29% |    0:08.76
      bandwidth/experts | c2:bw=17,experts=[4]; c8:bw=25,experts=[0,7]; c9:bw=29,experts=[0,1]; c5:bw=10,experts=[4]; c6:bw=25,experts=[0,1]; c1:bw=10,experts=[5]; c4:bw=36,experts=[0,1,2]; c7:bw=10,experts=[1]; c3:bw=23,experts=[0,1]; c0:bw=36,experts=[0,6,7]

Done. Best Acc: 46.29% @ round 88
Total time: 14:42.70
[Export] 实验目录: /userhome/cs3/duanty/FedMoE/results/20260920-093108
[Export] 每轮明细: /userhome/cs3/duanty/FedMoE/results/20260920-093108/rounds.xlsx
[Export] 总体摘要: /userhome/cs3/duanty/FedMoE/results/20260920-093108/summary.xlsx
[Plot] result = /userhome/cs3/duanty/FedMoE/results/20260920-093108
[Plot] figures -> /userhome/cs3/duanty/FedMoE/results/20260920-093108/figure
  fig01_test_accuracy.pdf
  fig02_train_loss.pdf
  fig03_acc_and_loss.pdf
  fig04_bandwidth_and_k.pdf
  fig05_expert_round_heatmap.pdf
  fig06_client_expert_heatmap.pdf
  fig07_expert_frequency.pdf
  fig08_time_breakdown.pdf
  fig09_accuracy_vs_communication.pdf
  fig10_overview.pdf
[Export] 图片目录: /userhome/cs3/duanty/FedMoE/results/20260920-093108/figure
