========================================
Job    : stl10-vgg11-e8-random
Host   : gpu-4090-111
Date   : Sun Sep 20 09:33:51 HKT 2026
GPU    : 0
Python : /userhome/cs3/duanty/miniconda3/envs/moe/bin/python
Command: python -u main.py --method ours --dataset stl10 --backbone vgg11 --select random --merge ours --device cuda --num_experts 8
========================================

==================================================================
 Ours  
  Dataset=stl10 | beta=0.1 | Backbone=vgg11 | width_mult=1 | Clients=10 | Experts=8
  Select=random | Merge=ours
  Rounds=100 | LR=0.01
  Bandwidth: expert_bw=10 | bw=[10, 40] | Rayleigh-Shannon, SNR=10 dB | k=floor(bw/10)
==================================================================


[Partition] Dirichlet beta=0.1, 10 clients
  Client 0:    416 samples | 5/10 classes
  Client 1:    666 samples | 5/10 classes
  Client 2:    674 samples | 7/10 classes
  Client 3:    833 samples | 4/10 classes
  Client 4:    557 samples | 4/10 classes
  Client 5:    414 samples | 2/10 classes
  Client 6:    295 samples | 3/10 classes
  Client 7:    999 samples | 5/10 classes
  Client 8:     23 samples | 3/10 classes
  Client 9:    123 samples | 10/10 classes

[Upload] expert_bw=10 | available bw=[10, 40] | Rayleigh-Shannon, SNR=10 dB | upload k=floor(bw/10), cap=8 | random K experts from bandwidth, then train selected

[Model] Total params: 11,369,616

[Export] 本次实验目录: /userhome/cs3/duanty/FedMoE/results/20260920-093407

Round |      LR |  AvgLoss |  TestAcc |     Best |  RoundTime
--------------------------------------------------------------------------------
    1 | 0.00208 |   2.1498 |   10.26% |   10.26% |    0:09.39
      bandwidth/experts | c8:bw=31,experts=[3,6,7]; c1:bw=16,experts=[2]; c5:bw=25,experts=[0,3]; c0:bw=10,experts=[7]; c7:bw=11,experts=[5]; c2:bw=16,experts=[3]; c9:bw=25,experts=[0,7]; c4:bw=22,experts=[0,7]; c3:bw=28,experts=[0,1]; c6:bw=23,experts=[0,7]
    2 | 0.00406 |   1.9670 |   21.30% |   21.30% |    0:08.74
      bandwidth/experts | c0:bw=20,experts=[6,7]; c1:bw=23,experts=[2,4]; c8:bw=27,experts=[0,3]; c5:bw=38,experts=[4,6,7]; c3:bw=37,experts=[0,1,2]; c4:bw=17,experts=[0]; c7:bw=31,experts=[0,1,7]; c9:bw=26,experts=[3,7]; c6:bw=10,experts=[3]; c2:bw=12,experts=[7]
    3 | 0.00604 |   1.7172 |   20.61% |   21.30% |    0:08.75
      bandwidth/experts | c9:bw=26,experts=[3,5]; c2:bw=23,experts=[0,6]; c0:bw=28,experts=[5,6]; c6:bw=22,experts=[0,1]; c8:bw=17,experts=[3]; c5:bw=10,experts=[6]; c3:bw=14,experts=[5]; c7:bw=18,experts=[2]; c1:bw=10,experts=[1]; c4:bw=29,experts=[2,7]
    4 | 0.00802 |   1.6619 |   11.53% |   21.30% |    0:08.65
      bandwidth/experts | c1:bw=22,experts=[1,4]; c7:bw=25,experts=[1,3]; c6:bw=29,experts=[3,5]; c2:bw=33,experts=[1,3,5]; c8:bw=17,experts=[1]; c0:bw=33,experts=[2,3,7]; c3:bw=19,experts=[5]; c4:bw=31,experts=[0,2,3]; c5:bw=40,experts=[1,2,4,6]; c9:bw=12,experts=[6]
    5 | 0.01000 |   1.7557 |   18.54% |   21.30% |    0:08.67
      bandwidth/experts | c1:bw=11,experts=[1]; c5:bw=22,experts=[5,6]; c4:bw=27,experts=[2,5]; c8:bw=20,experts=[1,2]; c0:bw=28,experts=[1,6]; c7:bw=14,experts=[6]; c6:bw=29,experts=[1,2]; c3:bw=35,experts=[0,1,6]; c2:bw=10,experts=[1]; c9:bw=35,experts=[0,6,7]
    6 | 0.01000 |   2.0111 |   17.21% |   21.30% |    0:08.76
      bandwidth/experts | c8:bw=37,experts=[1,6,7]; c2:bw=23,experts=[2,6]; c5:bw=15,experts=[4]; c7:bw=32,experts=[1,3,5]; c3:bw=20,experts=[4,7]; c1:bw=18,experts=[1]; c9:bw=27,experts=[0,5]; c0:bw=17,experts=[5]; c4:bw=10,experts=[5]; c6:bw=11,experts=[5]
    7 | 0.01000 |   1.8550 |   17.32% |   21.30% |    0:08.79
      bandwidth/experts | c0:bw=20,experts=[4,7]; c5:bw=27,experts=[0,2]; c2:bw=22,experts=[3,6]; c6:bw=10,experts=[6]; c3:bw=15,experts=[4]; c7:bw=17,experts=[5]; c4:bw=10,experts=[1]; c1:bw=10,experts=[0]; c8:bw=32,experts=[3,4,7]; c9:bw=10,experts=[6]
    8 | 0.01000 |   1.6505 |   17.59% |   21.30% |    0:08.84
      bandwidth/experts | c4:bw=10,experts=[7]; c8:bw=20,experts=[0,1]; c1:bw=32,experts=[2,3,6]; c3:bw=21,experts=[1,6]; c0:bw=18,experts=[6]; c5:bw=16,experts=[2]; c2:bw=30,experts=[2,4,7]; c9:bw=33,experts=[0,1,4]; c7:bw=10,experts=[2]; c6:bw=23,experts=[3,5]
    9 | 0.01000 |   1.8171 |   19.57% |   21.30% |    0:08.76
      bandwidth/experts | c2:bw=12,experts=[2]; c0:bw=29,experts=[0,5]; c4:bw=33,experts=[1,2,4]; c9:bw=15,experts=[5]; c8:bw=10,experts=[1]; c6:bw=17,experts=[2]; c7:bw=25,experts=[4,5]; c5:bw=29,experts=[3,4]; c1:bw=10,experts=[1]; c3:bw=13,experts=[6]
   10 | 0.01000 |   1.7417 |   23.79% |   23.79% |    0:08.67
      bandwidth/experts | c4:bw=20,experts=[3,5]; c2:bw=19,experts=[1]; c7:bw=21,experts=[5,6]; c0:bw=33,experts=[3,6,7]; c6:bw=36,experts=[1,2,5]; c3:bw=26,experts=[4,5]; c5:bw=32,experts=[3,6,7]; c8:bw=20,experts=[1,5]; c9:bw=20,experts=[4,7]; c1:bw=23,experts=[0,1]
   11 | 0.01000 |   1.6462 |   22.62% |   23.79% |    0:08.73
      bandwidth/experts | c5:bw=15,experts=[2]; c2:bw=15,experts=[1]; c7:bw=24,experts=[3,4]; c3:bw=28,experts=[3,7]; c0:bw=16,experts=[2]; c8:bw=22,experts=[2,5]; c9:bw=18,experts=[7]; c6:bw=31,experts=[0,1,2]; c1:bw=22,experts=[1,2]; c4:bw=10,experts=[5]
   12 | 0.01000 |   1.5823 |   23.10% |   23.79% |    0:08.73
      bandwidth/experts | c1:bw=24,experts=[0,7]; c5:bw=31,experts=[2,5,7]; c2:bw=32,experts=[0,2,4]; c4:bw=16,experts=[5]; c3:bw=19,experts=[7]; c7:bw=16,experts=[3]; c9:bw=23,experts=[4,5]; c6:bw=16,experts=[2]; c8:bw=31,experts=[4,6,7]; c0:bw=27,experts=[2,3]
   13 | 0.01000 |   1.7679 |   21.77% |   23.79% |    0:08.75
      bandwidth/experts | c3:bw=17,experts=[6]; c1:bw=26,experts=[1,2]; c4:bw=10,experts=[2]; c5:bw=16,experts=[4]; c8:bw=10,experts=[0]; c6:bw=20,experts=[2,4]; c9:bw=10,experts=[5]; c7:bw=32,experts=[2,4,6]; c0:bw=14,experts=[2]; c2:bw=10,experts=[3]
   14 | 0.01000 |   1.5327 |   25.96% |   25.96% |    0:08.72
      bandwidth/experts | c2:bw=25,experts=[1,5]; c4:bw=10,experts=[3]; c5:bw=36,experts=[3,4,7]; c1:bw=21,experts=[1,7]; c7:bw=14,experts=[5]; c0:bw=14,experts=[1]; c9:bw=18,experts=[7]; c3:bw=25,experts=[4,6]; c8:bw=12,experts=[1]; c6:bw=37,experts=[0,4,6]
   15 | 0.01000 |   1.5308 |   22.68% |   25.96% |    0:08.70
      bandwidth/experts | c7:bw=33,experts=[1,4,7]; c0:bw=11,experts=[0]; c1:bw=10,experts=[0]; c8:bw=29,experts=[1,4]; c3:bw=10,experts=[4]; c2:bw=29,experts=[3,4]; c4:bw=26,experts=[2,7]; c5:bw=10,experts=[5]; c9:bw=11,experts=[2]; c6:bw=18,experts=[5]
   16 | 0.01000 |   1.5709 |   32.50% |   32.50% |    0:08.68
      bandwidth/experts | c6:bw=22,experts=[5,7]; c1:bw=16,experts=[0]; c3:bw=24,experts=[0,5]; c8:bw=27,experts=[6,7]; c7:bw=12,experts=[6]; c5:bw=22,experts=[4,6]; c4:bw=20,experts=[1,5]; c9:bw=13,experts=[0]; c0:bw=32,experts=[5,6,7]; c2:bw=29,experts=[1,5]
   17 | 0.01000 |   1.5927 |   23.06% |   32.50% |    0:08.71
      bandwidth/experts | c4:bw=32,experts=[0,1,3]; c7:bw=14,experts=[6]; c8:bw=10,experts=[6]; c3:bw=29,experts=[3,6]; c5:bw=10,experts=[6]; c1:bw=16,experts=[4]; c0:bw=10,experts=[5]; c2:bw=11,experts=[1]; c9:bw=21,experts=[1,5]; c6:bw=21,experts=[4,7]
   18 | 0.01000 |   1.7346 |   20.40% |   32.50% |    0:08.66
      bandwidth/experts | c1:bw=10,experts=[6]; c8:bw=10,experts=[6]; c5:bw=19,experts=[7]; c2:bw=21,experts=[3,4]; c9:bw=10,experts=[1]; c7:bw=30,experts=[3,4,5]; c4:bw=31,experts=[0,3,7]; c3:bw=21,experts=[1,5]; c0:bw=27,experts=[2,4]; c6:bw=17,experts=[7]
   19 | 0.01000 |   2.2424 |   22.60% |   32.50% |    0:08.61
      bandwidth/experts | c8:bw=31,experts=[0,5,7]; c0:bw=23,experts=[2,4]; c4:bw=28,experts=[1,4]; c1:bw=26,experts=[0,5]; c9:bw=21,experts=[1,4]; c5:bw=16,experts=[7]; c7:bw=12,experts=[3]; c2:bw=10,experts=[1]; c6:bw=36,experts=[1,4,5]; c3:bw=22,experts=[5,7]
   20 | 0.01000 |   1.8155 |   21.56% |   32.50% |    0:08.55
      bandwidth/experts | c0:bw=15,experts=[1]; c2:bw=23,experts=[0,3]; c1:bw=22,experts=[2,5]; c9:bw=10,experts=[4]; c7:bw=24,experts=[2,7]; c6:bw=38,experts=[0,1,5]; c3:bw=10,experts=[2]; c5:bw=10,experts=[5]; c4:bw=33,experts=[0,2,3]; c8:bw=28,experts=[3,7]
   21 | 0.01000 |   1.7506 |   19.30% |   32.50% |    0:08.55
      bandwidth/experts | c1:bw=23,experts=[5,6]; c2:bw=22,experts=[2,4]; c7:bw=10,experts=[2]; c4:bw=26,experts=[2,7]; c8:bw=10,experts=[3]; c5:bw=18,experts=[2]; c0:bw=37,experts=[1,2,7]; c3:bw=10,experts=[5]; c6:bw=10,experts=[0]; c9:bw=14,experts=[4]
   22 | 0.01000 |   2.1160 |   19.80% |   32.50% |    0:08.64
      bandwidth/experts | c7:bw=10,experts=[1]; c9:bw=18,experts=[3]; c1:bw=10,experts=[1]; c6:bw=34,experts=[0,3,7]; c5:bw=10,experts=[0]; c2:bw=37,experts=[1,3,7]; c0:bw=37,experts=[2,3,7]; c4:bw=20,experts=[4,7]; c3:bw=31,experts=[4,5,7]; c8:bw=18,experts=[5]
   23 | 0.01000 |   2.2027 |   29.46% |   32.50% |    0:08.77
      bandwidth/experts | c5:bw=29,experts=[0,6]; c7:bw=10,experts=[1]; c4:bw=31,experts=[0,6,7]; c6:bw=10,experts=[1]; c9:bw=28,experts=[1,4]; c8:bw=19,experts=[4]; c3:bw=10,experts=[0]; c1:bw=34,experts=[0,4,6]; c2:bw=18,experts=[6]; c0:bw=10,experts=[3]
   24 | 0.01000 |   1.7504 |   33.62% |   33.62% |    0:08.76
      bandwidth/experts | c6:bw=17,experts=[0]; c4:bw=10,experts=[5]; c7:bw=10,experts=[5]; c9:bw=28,experts=[0,1]; c2:bw=24,experts=[5,7]; c1:bw=10,experts=[0]; c5:bw=14,experts=[5]; c8:bw=10,experts=[0]; c3:bw=10,experts=[5]; c0:bw=17,experts=[4]
   25 | 0.01000 |   1.6875 |   18.31% |   33.62% |    0:08.73
      bandwidth/experts | c9:bw=22,experts=[1,3]; c6:bw=10,experts=[4]; c4:bw=32,experts=[1,3,4]; c3:bw=10,experts=[0]; c5:bw=35,experts=[0,6,7]; c1:bw=27,experts=[0,3]; c8:bw=30,experts=[3,5,7]; c2:bw=10,experts=[6]; c0:bw=31,experts=[2,3,4]; c7:bw=22,experts=[5,7]
   26 | 0.01000 |   2.0580 |   11.88% |   33.62% |    0:08.69
      bandwidth/experts | c3:bw=25,experts=[0,6]; c6:bw=19,experts=[5]; c9:bw=28,experts=[1,2]; c7:bw=17,experts=[0]; c1:bw=18,experts=[6]; c5:bw=11,experts=[7]; c2:bw=17,experts=[7]; c8:bw=30,experts=[0,3,4]; c0:bw=10,experts=[7]; c4:bw=26,experts=[1,7]
   27 | 0.01000 |   2.5949 |   18.54% |   33.62% |    0:08.74
      bandwidth/experts | c7:bw=29,experts=[3,6]; c1:bw=34,experts=[1,6,7]; c4:bw=10,experts=[3]; c0:bw=20,experts=[2,5]; c9:bw=10,experts=[2]; c2:bw=11,experts=[1]; c8:bw=31,experts=[0,3,4]; c3:bw=12,experts=[7]; c6:bw=35,experts=[2,5,6]; c5:bw=20,experts=[0,3]
   28 | 0.01000 |   1.7170 |   10.34% |   33.62% |    0:08.83
      bandwidth/experts | c6:bw=16,experts=[2]; c9:bw=27,experts=[3,4]; c0:bw=26,experts=[0,7]; c8:bw=16,experts=[3]; c2:bw=10,experts=[7]; c5:bw=18,experts=[5]; c1:bw=14,experts=[6]; c3:bw=10,experts=[3]; c4:bw=10,experts=[2]; c7:bw=10,experts=[3]
   29 | 0.01000 |   2.4414 |   23.07% |   33.62% |    0:08.68
      bandwidth/experts | c4:bw=21,experts=[1,5]; c0:bw=24,experts=[1,2]; c1:bw=18,experts=[2]; c9:bw=24,experts=[3,5]; c6:bw=24,experts=[1,4]; c8:bw=19,experts=[4]; c7:bw=12,experts=[5]; c3:bw=18,experts=[7]; c2:bw=10,experts=[2]; c5:bw=19,experts=[4]
   30 | 0.01000 |   1.9958 |   22.21% |   33.62% |    0:08.72
      bandwidth/experts | c5:bw=34,experts=[1,5,7]; c1:bw=20,experts=[0,3]; c9:bw=30,experts=[3,5,7]; c4:bw=29,experts=[3,4]; c0:bw=10,experts=[4]; c8:bw=23,experts=[2,6]; c6:bw=10,experts=[7]; c7:bw=10,experts=[3]; c3:bw=33,experts=[0,2,5]; c2:bw=15,experts=[1]
   31 | 0.01000 |   1.9654 |   22.50% |   33.62% |    0:08.82
      bandwidth/experts | c6:bw=16,experts=[1]; c4:bw=11,experts=[1]; c9:bw=25,experts=[4,7]; c1:bw=17,experts=[6]; c5:bw=34,experts=[1,4,7]; c8:bw=18,experts=[5]; c3:bw=13,experts=[7]; c2:bw=10,experts=[1]; c0:bw=26,experts=[2,5]; c7:bw=35,experts=[0,1,6]
   32 | 0.01000 |   1.9785 |   19.23% |   33.62% |    0:08.69
      bandwidth/experts | c8:bw=12,experts=[1]; c5:bw=20,experts=[0,5]; c4:bw=27,experts=[0,2]; c7:bw=26,experts=[3,6]; c0:bw=25,experts=[0,2]; c1:bw=12,experts=[5]; c3:bw=16,experts=[2]; c6:bw=15,experts=[2]; c2:bw=30,experts=[2,5,6]; c9:bw=17,experts=[2]
   33 | 0.01000 |   1.8431 |   28.80% |   33.62% |    0:08.61
      bandwidth/experts | c7:bw=29,experts=[5,6]; c1:bw=19,experts=[6]; c3:bw=39,experts=[1,5,7]; c6:bw=20,experts=[0,2]; c5:bw=16,experts=[2]; c9:bw=23,experts=[2,6]; c2:bw=13,experts=[2]; c8:bw=28,experts=[4,6]; c4:bw=25,experts=[2,6]; c0:bw=35,experts=[1,3,4]
   34 | 0.01000 |   2.0284 |   24.01% |   33.62% |    0:08.58
      bandwidth/experts | c4:bw=26,experts=[0,6]; c1:bw=26,experts=[2,3]; c6:bw=27,experts=[3,5]; c9:bw=38,experts=[2,3,5]; c8:bw=23,experts=[0,7]; c0:bw=12,experts=[2]; c5:bw=33,experts=[1,3,7]; c7:bw=18,experts=[2]; c3:bw=40,experts=[2,3,6,7]; c2:bw=30,experts=[1,5,6]
   35 | 0.01000 |   1.6297 |   10.79% |   33.62% |    0:08.66
      bandwidth/experts | c4:bw=18,experts=[7]; c0:bw=11,experts=[5]; c1:bw=17,experts=[3]; c6:bw=24,experts=[5,7]; c2:bw=25,experts=[0,2]; c8:bw=28,experts=[0,5]; c9:bw=15,experts=[6]; c7:bw=27,experts=[6,7]; c5:bw=23,experts=[6,7]; c3:bw=13,experts=[2]
   36 | 0.01000 |   1.9560 |    9.96% |   33.62% |    0:08.58
      bandwidth/experts | c9:bw=21,experts=[1,3]; c0:bw=20,experts=[0,3]; c3:bw=33,experts=[2,3,4]; c7:bw=15,experts=[7]; c6:bw=24,experts=[0,6]; c5:bw=27,experts=[1,5]; c1:bw=10,experts=[0]; c4:bw=40,experts=[0,2,4,6]; c8:bw=28,experts=[0,2]; c2:bw=28,experts=[1,6]
   37 | 0.01000 |   1.9004 |   23.12% |   33.62% |    0:08.67
      bandwidth/experts | c1:bw=10,experts=[0]; c5:bw=22,experts=[0,5]; c2:bw=20,experts=[2,3]; c6:bw=36,experts=[3,4,7]; c4:bw=22,experts=[0,1]; c7:bw=23,experts=[3,6]; c9:bw=22,experts=[4,5]; c0:bw=30,experts=[2,3,7]; c3:bw=20,experts=[1,6]; c8:bw=10,experts=[0]
   38 | 0.01000 |   2.0185 |   21.90% |   33.62% |    0:08.72
      bandwidth/experts | c8:bw=25,experts=[1,6]; c6:bw=10,experts=[5]; c4:bw=29,experts=[3,6]; c1:bw=17,experts=[2]; c5:bw=10,experts=[6]; c2:bw=10,experts=[4]; c3:bw=21,experts=[2,7]; c7:bw=28,experts=[6,7]; c9:bw=14,experts=[0]; c0:bw=22,experts=[2,6]
   39 | 0.01000 |   1.7911 |   21.75% |   33.62% |    0:08.70
      bandwidth/experts | c3:bw=14,experts=[3]; c0:bw=10,experts=[3]; c1:bw=25,experts=[3,6]; c7:bw=22,experts=[4,5]; c6:bw=17,experts=[1]; c8:bw=25,experts=[2,4]; c2:bw=20,experts=[1,3]; c4:bw=20,experts=[2,3]; c9:bw=13,experts=[6]; c5:bw=40,experts=[2,5,6,7]
   40 | 0.01000 |   1.9642 |   10.00% |   33.62% |    0:08.75
      bandwidth/experts | c8:bw=14,experts=[0]; c1:bw=23,experts=[2,4]; c5:bw=18,experts=[6]; c6:bw=26,experts=[2,5]; c2:bw=36,experts=[4,5,7]; c7:bw=37,experts=[0,2,3]; c3:bw=10,experts=[7]; c4:bw=11,experts=[2]; c9:bw=22,experts=[3,7]; c0:bw=20,experts=[3,7]
   41 | 0.01000 |   2.2725 |   10.93% |   33.62% |    0:08.70
      bandwidth/experts | c2:bw=30,experts=[3,4,5]; c6:bw=10,experts=[3]; c8:bw=31,experts=[2,3,7]; c1:bw=10,experts=[7]; c4:bw=28,experts=[2,7]; c5:bw=34,experts=[3,5,6]; c7:bw=38,experts=[0,1,4]; c3:bw=22,experts=[0,2]; c9:bw=30,experts=[2,6,7]; c0:bw=10,experts=[2]
   42 | 0.01000 |   1.8553 |   15.40% |   33.62% |    0:08.72
      bandwidth/experts | c5:bw=28,experts=[3,7]; c1:bw=27,experts=[4,7]; c3:bw=27,experts=[0,1]; c9:bw=28,experts=[3,6]; c6:bw=19,experts=[3]; c0:bw=10,experts=[3]; c7:bw=11,experts=[4]; c4:bw=30,experts=[1,5,6]; c8:bw=23,experts=[3,7]; c2:bw=22,experts=[2,4]
   43 | 0.01000 |   2.2958 |   23.98% |   33.62% |    0:08.67
      bandwidth/experts | c5:bw=29,experts=[6,7]; c1:bw=32,experts=[3,5,7]; c2:bw=28,experts=[3,4]; c8:bw=25,experts=[0,5]; c9:bw=18,experts=[1]; c7:bw=12,experts=[7]; c4:bw=19,experts=[7]; c6:bw=10,experts=[6]; c3:bw=36,experts=[1,2,4]; c0:bw=12,experts=[4]
   44 | 0.01000 |   1.9126 |   24.59% |   33.62% |    0:08.73
      bandwidth/experts | c0:bw=37,experts=[0,5,6]; c3:bw=26,experts=[3,4]; c4:bw=16,experts=[1]; c2:bw=20,experts=[0,5]; c7:bw=40,experts=[0,2,3,6]; c5:bw=13,experts=[2]; c6:bw=11,experts=[4]; c9:bw=21,experts=[3,5]; c8:bw=19,experts=[2]; c1:bw=25,experts=[2,5]
   45 | 0.01000 |   1.7454 |   28.16% |   33.62% |    0:08.76
      bandwidth/experts | c8:bw=31,experts=[0,2,3]; c0:bw=20,experts=[3,6]; c3:bw=37,experts=[0,4,5]; c4:bw=36,experts=[0,4,5]; c7:bw=20,experts=[0,5]; c2:bw=27,experts=[1,4]; c9:bw=14,experts=[6]; c6:bw=10,experts=[0]; c5:bw=25,experts=[1,4]; c1:bw=31,experts=[0,2,3]
   46 | 0.01000 |   1.8661 |   24.27% |   33.62% |    0:08.65
      bandwidth/experts | c9:bw=20,experts=[5,6]; c3:bw=15,experts=[5]; c6:bw=21,experts=[5,6]; c1:bw=23,experts=[5,7]; c4:bw=35,experts=[3,4,6]; c5:bw=23,experts=[0,5]; c2:bw=32,experts=[1,2,5]; c8:bw=22,experts=[3,6]; c0:bw=30,experts=[1,5,6]; c7:bw=16,experts=[0]
   47 | 0.01000 |   1.6231 |   26.99% |   33.62% |    0:08.66
      bandwidth/experts | c5:bw=29,experts=[2,3]; c6:bw=12,experts=[1]; c7:bw=29,experts=[0,7]; c9:bw=10,experts=[7]; c8:bw=22,experts=[5,7]; c3:bw=39,experts=[0,2,4]; c4:bw=10,experts=[1]; c0:bw=25,experts=[4,7]; c1:bw=17,experts=[0]; c2:bw=30,experts=[1,2,7]
   48 | 0.01000 |   1.4903 |   22.93% |   33.62% |    0:08.65
      bandwidth/experts | c1:bw=28,experts=[4,7]; c8:bw=28,experts=[1,3]; c4:bw=37,experts=[0,2,6]; c2:bw=31,experts=[0,3,7]; c9:bw=29,experts=[4,5]; c6:bw=25,experts=[0,4]; c5:bw=31,experts=[3,4,6]; c7:bw=35,experts=[0,5,6]; c0:bw=10,experts=[5]; c3:bw=10,experts=[1]
   49 | 0.01000 |   1.6638 |   29.56% |   33.62% |    0:08.61
      bandwidth/experts | c4:bw=27,experts=[0,4]; c3:bw=18,experts=[0]; c8:bw=15,experts=[4]; c0:bw=11,experts=[1]; c2:bw=32,experts=[2,3,5]; c5:bw=31,experts=[4,5,6]; c6:bw=10,experts=[3]; c7:bw=24,experts=[0,5]; c9:bw=29,experts=[2,7]; c1:bw=30,experts=[2,5,7]
   50 | 0.01000 |   1.5543 |   27.49% |   33.62% |    0:08.68
      bandwidth/experts | c8:bw=18,experts=[4]; c4:bw=10,experts=[0]; c7:bw=19,experts=[5]; c6:bw=38,experts=[1,2,7]; c2:bw=35,experts=[0,1,3]; c1:bw=36,experts=[0,1,7]; c3:bw=22,experts=[0,3]; c0:bw=16,experts=[1]; c9:bw=15,experts=[4]; c5:bw=17,experts=[3]
   51 | 0.01000 |   1.7442 |   31.06% |   33.62% |    0:08.72
      bandwidth/experts | c5:bw=26,experts=[2,5]; c0:bw=30,experts=[0,2,3]; c1:bw=12,experts=[4]; c2:bw=11,experts=[7]; c8:bw=26,experts=[2,4]; c6:bw=29,experts=[3,7]; c9:bw=10,experts=[2]; c3:bw=31,experts=[5,6,7]; c4:bw=10,experts=[3]; c7:bw=15,experts=[3]
   52 | 0.01000 |   1.6070 |   22.85% |   33.62% |    0:08.64
      bandwidth/experts | c0:bw=26,experts=[1,3]; c8:bw=10,experts=[7]; c5:bw=13,experts=[0]; c7:bw=19,experts=[2]; c1:bw=22,experts=[1,7]; c4:bw=18,experts=[5]; c9:bw=17,experts=[4]; c6:bw=28,experts=[2,5]; c2:bw=16,experts=[2]; c3:bw=24,experts=[6,7]
   53 | 0.01000 |   1.3878 |   31.74% |   33.62% |    0:08.68
      bandwidth/experts | c8:bw=12,experts=[2]; c4:bw=16,experts=[6]; c5:bw=24,experts=[1,5]; c1:bw=33,experts=[1,3,4]; c3:bw=26,experts=[1,4]; c9:bw=34,experts=[4,6,7]; c6:bw=20,experts=[2,7]; c7:bw=24,experts=[2,5]; c0:bw=21,experts=[2,5]; c2:bw=29,experts=[0,3]
   54 | 0.01000 |   1.5885 |   22.81% |   33.62% |    0:08.63
      bandwidth/experts | c2:bw=10,experts=[0]; c1:bw=29,experts=[0,1]; c8:bw=31,experts=[0,2,6]; c7:bw=34,experts=[2,3,5]; c3:bw=17,experts=[5]; c0:bw=20,experts=[0,5]; c6:bw=30,experts=[2,3,5]; c5:bw=10,experts=[6]; c9:bw=28,experts=[3,5]; c4:bw=18,experts=[5]
   55 | 0.01000 |   1.4386 |   25.56% |   33.62% |    0:08.60
      bandwidth/experts | c7:bw=30,experts=[3,4,7]; c2:bw=23,experts=[5,7]; c4:bw=10,experts=[1]; c3:bw=29,experts=[2,3]; c8:bw=10,experts=[1]; c5:bw=29,experts=[0,1]; c1:bw=33,experts=[2,5,6]; c6:bw=23,experts=[1,3]; c0:bw=15,experts=[4]; c9:bw=34,experts=[0,2,4]
   56 | 0.01000 |   1.5314 |   27.44% |   33.62% |    0:08.58
      bandwidth/experts | c9:bw=29,experts=[1,5]; c1:bw=31,experts=[2,6,7]; c3:bw=10,experts=[4]; c2:bw=29,experts=[5,6]; c5:bw=17,experts=[6]; c4:bw=10,experts=[7]; c8:bw=10,experts=[1]; c7:bw=10,experts=[2]; c6:bw=13,experts=[3]; c0:bw=39,experts=[0,1,6]
   57 | 0.01000 |   1.3224 |   33.49% |   33.62% |    0:08.58
      bandwidth/experts | c3:bw=35,experts=[0,1,5]; c8:bw=24,experts=[1,5]; c6:bw=27,experts=[2,5]; c1:bw=27,experts=[2,5]; c7:bw=38,experts=[2,3,4]; c0:bw=39,experts=[2,6,7]; c5:bw=24,experts=[2,7]; c4:bw=23,experts=[1,4]; c2:bw=18,experts=[4]; c9:bw=11,experts=[6]
   58 | 0.01000 |   1.5876 |   31.71% |   33.62% |    0:08.54
      bandwidth/experts | c7:bw=13,experts=[1]; c2:bw=10,experts=[3]; c9:bw=32,experts=[0,3,4]; c6:bw=30,experts=[0,3,4]; c5:bw=19,experts=[3]; c1:bw=17,experts=[4]; c8:bw=22,experts=[2,7]; c4:bw=21,experts=[0,4]; c3:bw=34,experts=[2,4,5]; c0:bw=26,experts=[0,2]
   59 | 0.01000 |   1.6099 |   36.26% |   36.26% |    0:08.57
      bandwidth/experts | c2:bw=20,experts=[3,6]; c8:bw=31,experts=[0,4,6]; c9:bw=15,experts=[4]; c6:bw=11,experts=[1]; c1:bw=36,experts=[0,2,7]; c4:bw=14,experts=[2]; c7:bw=15,experts=[3]; c5:bw=18,experts=[4]; c0:bw=29,experts=[2,4]; c3:bw=20,experts=[3,6]
   60 | 0.01000 |   1.4726 |   26.55% |   36.26% |    0:08.60
      bandwidth/experts | c0:bw=29,experts=[1,2]; c7:bw=26,experts=[2,5]; c4:bw=17,experts=[5]; c2:bw=17,experts=[4]; c5:bw=18,experts=[7]; c8:bw=14,experts=[1]; c6:bw=33,experts=[0,4,7]; c9:bw=10,experts=[0]; c1:bw=30,experts=[2,6,7]; c3:bw=24,experts=[2,4]
   61 | 0.01000 |   1.5722 |   32.44% |   36.26% |    0:08.55
      bandwidth/experts | c5:bw=27,experts=[3,6]; c6:bw=21,experts=[5,6]; c2:bw=16,experts=[4]; c9:bw=21,experts=[4,7]; c1:bw=19,experts=[4]; c3:bw=24,experts=[2,7]; c8:bw=31,experts=[3,4,5]; c4:bw=21,experts=[3,4]; c7:bw=24,experts=[1,2]; c0:bw=33,experts=[1,2,7]
   62 | 0.01000 |   1.3407 |   27.02% |   36.26% |    0:08.59
      bandwidth/experts | c8:bw=10,experts=[1]; c6:bw=35,experts=[0,2,3]; c9:bw=10,experts=[4]; c4:bw=33,experts=[4,5,6]; c5:bw=37,experts=[5,6,7]; c0:bw=16,experts=[4]; c3:bw=29,experts=[1,6]; c2:bw=23,experts=[5,7]; c1:bw=40,experts=[0,3,5,6]; c7:bw=25,experts=[5,7]
   63 | 0.01000 |   1.5469 |   22.93% |   36.26% |    0:08.56
      bandwidth/experts | c5:bw=10,experts=[0]; c9:bw=12,experts=[2]; c6:bw=19,experts=[5]; c3:bw=29,experts=[0,7]; c8:bw=18,experts=[3]; c1:bw=28,experts=[0,4]; c7:bw=38,experts=[3,4,6]; c0:bw=23,experts=[2,3]; c2:bw=15,experts=[1]; c4:bw=29,experts=[4,6]
   64 | 0.01000 |   1.7598 |   28.45% |   36.26% |    0:08.53
      bandwidth/experts | c6:bw=28,experts=[4,7]; c4:bw=21,experts=[4,7]; c5:bw=13,experts=[1]; c3:bw=21,experts=[1,3]; c7:bw=19,experts=[3]; c0:bw=18,experts=[5]; c8:bw=30,experts=[2,4,6]; c9:bw=33,experts=[0,1,5]; c2:bw=31,experts=[1,2,4]; c1:bw=16,experts=[3]
   65 | 0.01000 |   1.3599 |   20.96% |   36.26% |    0:08.56
      bandwidth/experts | c7:bw=10,experts=[6]; c5:bw=16,experts=[6]; c4:bw=32,experts=[0,1,7]; c6:bw=28,experts=[0,5]; c8:bw=37,experts=[0,2,6]; c3:bw=24,experts=[3,7]; c0:bw=23,experts=[0,6]; c2:bw=16,experts=[4]; c1:bw=32,experts=[0,1,7]; c9:bw=26,experts=[1,4]
   66 | 0.01000 |   1.5960 |   38.24% |   38.24% |    0:08.56
      bandwidth/experts | c2:bw=23,experts=[2,5]; c5:bw=10,experts=[0]; c1:bw=30,experts=[0,2,3]; c8:bw=13,experts=[1]; c9:bw=17,experts=[1]; c6:bw=16,experts=[1]; c4:bw=23,experts=[0,2]; c0:bw=21,experts=[4,7]; c3:bw=37,experts=[1,2,3]; c7:bw=28,experts=[1,5]
   67 | 0.01000 |   1.3058 |   37.19% |   38.24% |    0:08.59
      bandwidth/experts | c4:bw=28,experts=[1,3]; c5:bw=27,experts=[3,5]; c1:bw=20,experts=[3,7]; c3:bw=14,experts=[0]; c6:bw=29,experts=[1,6]; c0:bw=18,experts=[0]; c2:bw=24,experts=[0,6]; c9:bw=33,experts=[0,1,3]; c7:bw=33,experts=[4,5,7]; c8:bw=10,experts=[5]
   68 | 0.01000 |   1.4199 |   23.52% |   38.24% |    0:08.58
      bandwidth/experts | c1:bw=23,experts=[3,5]; c8:bw=17,experts=[6]; c2:bw=32,experts=[1,3,4]; c0:bw=17,experts=[6]; c3:bw=14,experts=[7]; c4:bw=27,experts=[5,7]; c5:bw=25,experts=[1,2]; c9:bw=10,experts=[5]; c7:bw=15,experts=[2]; c6:bw=18,experts=[2]
   69 | 0.01000 |   1.3953 |   30.90% |   38.24% |    0:08.56
      bandwidth/experts | c3:bw=23,experts=[2,7]; c7:bw=32,experts=[3,4,7]; c1:bw=17,experts=[6]; c4:bw=23,experts=[1,4]; c9:bw=20,experts=[2,3]; c5:bw=22,experts=[4,5]; c0:bw=29,experts=[0,5]; c2:bw=37,experts=[2,6,7]; c8:bw=23,experts=[3,6]; c6:bw=15,experts=[7]
   70 | 0.01000 |   1.3882 |   38.66% |   38.66% |    0:08.54
      bandwidth/experts | c1:bw=13,experts=[4]; c9:bw=10,experts=[0]; c7:bw=16,experts=[1]; c3:bw=18,experts=[7]; c0:bw=17,experts=[7]; c6:bw=14,experts=[5]; c2:bw=31,experts=[0,5,7]; c4:bw=32,experts=[1,2,4]; c5:bw=13,experts=[0]; c8:bw=27,experts=[5,7]
   71 | 0.01000 |   1.2298 |   35.46% |   38.66% |    0:08.54
      bandwidth/experts | c4:bw=24,experts=[5,7]; c0:bw=10,experts=[6]; c1:bw=29,experts=[3,6]; c9:bw=22,experts=[6,7]; c7:bw=11,experts=[7]; c5:bw=19,experts=[5]; c3:bw=34,experts=[3,5,7]; c6:bw=28,experts=[0,4]; c8:bw=21,experts=[2,5]; c2:bw=34,experts=[3,6,7]
   72 | 0.01000 |   1.3284 |   40.81% |   40.81% |    0:08.68
      bandwidth/experts | c8:bw=16,experts=[5]; c1:bw=22,experts=[2,6]; c5:bw=24,experts=[0,7]; c7:bw=27,experts=[3,4]; c6:bw=11,experts=[2]; c0:bw=29,experts=[3,5]; c3:bw=13,experts=[3]; c2:bw=13,experts=[7]; c9:bw=21,experts=[3,5]; c4:bw=22,experts=[5,6]
   73 | 0.01000 |   1.3193 |   27.91% |   40.81% |    0:08.55
      bandwidth/experts | c2:bw=26,experts=[0,6]; c8:bw=10,experts=[2]; c3:bw=22,experts=[1,4]; c1:bw=37,experts=[4,5,7]; c5:bw=10,experts=[0]; c9:bw=29,experts=[2,6]; c0:bw=16,experts=[1]; c7:bw=20,experts=[3,5]; c6:bw=11,experts=[7]; c4:bw=23,experts=[1,6]
   74 | 0.01000 |   1.3949 |   33.90% |   40.81% |    0:08.55
      bandwidth/experts | c3:bw=10,experts=[6]; c0:bw=22,experts=[1,2]; c1:bw=15,experts=[3]; c5:bw=28,experts=[1,5]; c7:bw=36,experts=[1,2,7]; c8:bw=16,experts=[4]; c6:bw=10,experts=[2]; c2:bw=10,experts=[5]; c4:bw=26,experts=[3,7]; c9:bw=18,experts=[6]
   75 | 0.01000 |   1.5870 |   34.58% |   40.81% |    0:08.57
      bandwidth/experts | c2:bw=22,experts=[2,5]; c9:bw=34,experts=[4,5,7]; c1:bw=30,experts=[3,4,6]; c3:bw=11,experts=[6]; c7:bw=16,experts=[0]; c6:bw=31,experts=[0,3,5]; c5:bw=17,experts=[2]; c4:bw=31,experts=[1,3,4]; c0:bw=34,experts=[3,5,6]; c8:bw=30,experts=[5,6,7]
   76 | 0.01000 |   1.2143 |   35.12% |   40.81% |    0:08.64
      bandwidth/experts | c8:bw=16,experts=[7]; c5:bw=21,experts=[6,7]; c0:bw=17,experts=[6]; c3:bw=10,experts=[6]; c2:bw=14,experts=[0]; c6:bw=13,experts=[5]; c7:bw=37,experts=[3,5,6]; c4:bw=34,experts=[1,2,7]; c9:bw=32,experts=[1,5,7]; c1:bw=30,experts=[0,4,5]
   77 | 0.01000 |   1.3316 |   35.31% |   40.81% |    0:08.55
      bandwidth/experts | c9:bw=16,experts=[2]; c2:bw=19,experts=[3]; c1:bw=35,experts=[2,4,7]; c8:bw=10,experts=[2]; c4:bw=10,experts=[3]; c7:bw=10,experts=[1]; c6:bw=32,experts=[0,5,6]; c0:bw=35,experts=[0,3,6]; c3:bw=22,experts=[6,7]; c5:bw=33,experts=[1,2,5]
   78 | 0.01000 |   1.1347 |   43.42% |   43.42% |    0:08.58
      bandwidth/experts | c0:bw=15,experts=[3]; c4:bw=13,experts=[2]; c3:bw=21,experts=[0,5]; c7:bw=20,experts=[1,4]; c8:bw=30,experts=[0,6,7]; c1:bw=23,experts=[5,7]; c9:bw=17,experts=[2]; c6:bw=32,experts=[0,2,7]; c5:bw=35,experts=[0,6,7]; c2:bw=19,experts=[6]
   79 | 0.01000 |   1.2107 |   44.19% |   44.19% |    0:08.56
      bandwidth/experts | c6:bw=12,experts=[5]; c9:bw=10,experts=[4]; c0:bw=20,experts=[6,7]; c4:bw=40,experts=[1,3,4,6]; c7:bw=25,experts=[0,4]; c8:bw=25,experts=[4,7]; c5:bw=29,experts=[0,3]; c3:bw=15,experts=[0]; c1:bw=21,experts=[0,1]; c2:bw=18,experts=[5]
   80 | 0.01000 |   1.2052 |   42.49% |   44.19% |    0:08.56
      bandwidth/experts | c5:bw=36,experts=[4,6,7]; c9:bw=29,experts=[4,6]; c7:bw=26,experts=[3,4]; c1:bw=17,experts=[4]; c3:bw=17,experts=[4]; c4:bw=32,experts=[0,4,6]; c2:bw=24,experts=[3,7]; c0:bw=26,experts=[0,7]; c6:bw=22,experts=[1,4]; c8:bw=28,experts=[1,2]
   81 | 0.01000 |   1.0858 |   41.92% |   44.19% |    0:08.57
      bandwidth/experts | c6:bw=29,experts=[1,6]; c2:bw=25,experts=[4,5]; c3:bw=37,experts=[0,1,5]; c1:bw=27,experts=[2,6]; c4:bw=23,experts=[3,6]; c5:bw=17,experts=[3]; c9:bw=15,experts=[0]; c7:bw=32,experts=[1,2,4]; c8:bw=26,experts=[1,7]; c0:bw=28,experts=[1,4]
   82 | 0.01000 |   1.2634 |   43.02% |   44.19% |    0:08.58
      bandwidth/experts | c1:bw=36,experts=[0,5,7]; c0:bw=17,experts=[2]; c6:bw=20,experts=[0,7]; c8:bw=32,experts=[1,2,3]; c7:bw=22,experts=[1,5]; c3:bw=22,experts=[0,6]; c2:bw=16,experts=[7]; c9:bw=31,experts=[2,3,7]; c5:bw=22,experts=[1,4]; c4:bw=16,experts=[0]
   83 | 0.01000 |   1.1446 |   43.50% |   44.19% |    0:08.54
      bandwidth/experts | c9:bw=29,experts=[2,6]; c4:bw=10,experts=[2]; c2:bw=23,experts=[3,4]; c7:bw=21,experts=[1,4]; c5:bw=10,experts=[2]; c0:bw=10,experts=[6]; c6:bw=29,experts=[6,7]; c1:bw=35,experts=[0,6,7]; c8:bw=22,experts=[4,6]; c3:bw=24,experts=[1,3]
   84 | 0.01000 |   1.1557 |   36.91% |   44.19% |    0:08.61
      bandwidth/experts | c8:bw=37,experts=[1,2,3]; c3:bw=18,experts=[6]; c1:bw=32,experts=[2,5,6]; c6:bw=10,experts=[4]; c9:bw=11,experts=[1]; c2:bw=20,experts=[1,6]; c7:bw=26,experts=[0,1]; c5:bw=11,experts=[6]; c4:bw=15,experts=[3]; c0:bw=10,experts=[0]
   85 | 0.01000 |   1.2727 |   40.06% |   44.19% |    0:08.55
      bandwidth/experts | c0:bw=21,experts=[1,3]; c2:bw=25,experts=[1,2]; c8:bw=39,experts=[2,4,7]; c6:bw=23,experts=[0,6]; c1:bw=31,experts=[0,1,2]; c4:bw=23,experts=[0,4]; c9:bw=32,experts=[2,3,4]; c3:bw=28,experts=[1,2]; c5:bw=10,experts=[1]; c7:bw=10,experts=[4]
   86 | 0.01000 |   1.0802 |   38.36% |   44.19% |    0:08.57
      bandwidth/experts | c5:bw=26,experts=[1,7]; c8:bw=15,experts=[1]; c2:bw=13,experts=[4]; c6:bw=31,experts=[2,4,6]; c0:bw=17,experts=[1]; c4:bw=10,experts=[4]; c7:bw=24,experts=[0,3]; c3:bw=15,experts=[0]; c1:bw=40,experts=[0,1,4,7]; c9:bw=24,experts=[0,2]
   87 | 0.01000 |   1.2262 |   45.75% |   45.75% |    0:08.57
      bandwidth/experts | c1:bw=16,experts=[2]; c2:bw=37,experts=[0,5,7]; c7:bw=12,experts=[1]; c5:bw=10,experts=[7]; c6:bw=33,experts=[2,5,7]; c3:bw=38,experts=[1,3,7]; c4:bw=19,experts=[5]; c9:bw=21,experts=[0,7]; c8:bw=26,experts=[0,4]; c0:bw=19,experts=[2]
   88 | 0.01000 |   1.0916 |   34.65% |   45.75% |    0:08.62
      bandwidth/experts | c8:bw=24,experts=[1,6]; c6:bw=15,experts=[7]; c3:bw=18,experts=[5]; c7:bw=23,experts=[0,7]; c0:bw=34,experts=[4,6,7]; c4:bw=21,experts=[2,5]; c9:bw=17,experts=[0]; c1:bw=16,experts=[4]; c5:bw=17,experts=[1]; c2:bw=25,experts=[1,4]
   89 | 0.01000 |   1.3626 |   47.26% |   47.26% |    0:08.60
      bandwidth/experts | c3:bw=17,experts=[5]; c8:bw=40,experts=[1,2,4,7]; c2:bw=25,experts=[5,7]; c9:bw=34,experts=[0,1,6]; c7:bw=12,experts=[6]; c5:bw=25,experts=[5,6]; c0:bw=10,experts=[0]; c6:bw=18,experts=[0]; c4:bw=17,experts=[7]; c1:bw=23,experts=[3,5]
   90 | 0.01000 |   1.0975 |   23.55% |   47.26% |    0:08.60
      bandwidth/experts | c7:bw=40,experts=[0,2,3,4]; c1:bw=17,experts=[2]; c3:bw=20,experts=[1,2]; c9:bw=35,experts=[0,6,7]; c0:bw=35,experts=[0,2,3]; c6:bw=14,experts=[5]; c2:bw=12,experts=[3]; c5:bw=15,experts=[1]; c8:bw=28,experts=[4,7]; c4:bw=20,experts=[2,6]
   91 | 0.01000 |   1.2611 |   36.65% |   47.26% |    0:08.62
      bandwidth/experts | c1:bw=28,experts=[6,7]; c9:bw=19,experts=[5]; c5:bw=29,experts=[1,2]; c7:bw=29,experts=[1,4]; c3:bw=22,experts=[2,3]; c4:bw=30,experts=[2,5,6]; c0:bw=12,experts=[7]; c6:bw=16,experts=[6]; c2:bw=10,experts=[0]; c8:bw=13,experts=[6]
   92 | 0.01000 |   1.1445 |   38.59% |   47.26% |    0:08.56
      bandwidth/experts | c3:bw=16,experts=[1]; c7:bw=19,experts=[6]; c1:bw=11,experts=[6]; c0:bw=16,experts=[7]; c8:bw=11,experts=[4]; c6:bw=25,experts=[3,7]; c9:bw=31,experts=[3,4,6]; c2:bw=14,experts=[5]; c5:bw=37,experts=[0,3,4]; c4:bw=15,experts=[1]
   93 | 0.01000 |   1.0814 |   35.19% |   47.26% |    0:08.55
      bandwidth/experts | c1:bw=26,experts=[2,6]; c3:bw=17,experts=[5]; c7:bw=12,experts=[5]; c9:bw=32,experts=[2,3,6]; c6:bw=12,experts=[5]; c8:bw=10,experts=[6]; c5:bw=10,experts=[6]; c4:bw=18,experts=[1]; c0:bw=10,experts=[7]; c2:bw=28,experts=[3,7]
   94 | 0.01000 |   1.1849 |   38.60% |   47.26% |    0:08.55
      bandwidth/experts | c7:bw=25,experts=[2,5]; c2:bw=36,experts=[2,5,6]; c5:bw=23,experts=[1,5]; c4:bw=17,experts=[0]; c6:bw=17,experts=[0]; c9:bw=28,experts=[0,4]; c1:bw=39,experts=[1,5,7]; c8:bw=10,experts=[1]; c0:bw=31,experts=[0,5,7]; c3:bw=19,experts=[4]
   95 | 0.01000 |   1.1243 |   24.54% |   47.26% |    0:08.54
      bandwidth/experts | c7:bw=33,experts=[1,2,4]; c9:bw=23,experts=[1,7]; c4:bw=10,experts=[4]; c6:bw=22,experts=[3,7]; c0:bw=19,experts=[3]; c3:bw=23,experts=[0,1]; c1:bw=17,experts=[4]; c8:bw=40,experts=[0,3,4,5]; c2:bw=13,experts=[6]; c5:bw=10,experts=[5]
   96 | 0.01000 |   1.1131 |   35.54% |   47.26% |    0:08.60
      bandwidth/experts | c2:bw=36,experts=[1,2,4]; c9:bw=25,experts=[1,3]; c3:bw=25,experts=[2,5]; c1:bw=20,experts=[0,5]; c5:bw=33,experts=[3,4,6]; c4:bw=27,experts=[4,6]; c6:bw=17,experts=[1]; c7:bw=28,experts=[2,7]; c0:bw=20,experts=[2,7]; c8:bw=36,experts=[1,4,6]
   97 | 0.01000 |   1.3096 |   39.95% |   47.26% |    0:08.58
      bandwidth/experts | c0:bw=23,experts=[4,5]; c9:bw=24,experts=[0,5]; c8:bw=24,experts=[4,5]; c4:bw=10,experts=[2]; c7:bw=17,experts=[0]; c1:bw=28,experts=[2,5]; c3:bw=19,experts=[2]; c5:bw=26,experts=[2,6]; c6:bw=28,experts=[6,7]; c2:bw=30,experts=[1,4,6]
   98 | 0.01000 |   1.1534 |   38.15% |   47.26% |    0:08.57
      bandwidth/experts | c4:bw=29,experts=[1,3]; c8:bw=30,experts=[0,4,6]; c9:bw=15,experts=[0]; c7:bw=13,experts=[6]; c6:bw=20,experts=[2,3]; c5:bw=27,experts=[0,5]; c0:bw=19,experts=[1]; c3:bw=14,experts=[6]; c1:bw=15,experts=[4]; c2:bw=13,experts=[1]
   99 | 0.01000 |   1.2575 |   27.06% |   47.26% |    0:08.58
      bandwidth/experts | c8:bw=19,experts=[2]; c5:bw=27,experts=[5,6]; c7:bw=25,experts=[4,5]; c1:bw=33,experts=[0,3,4]; c3:bw=21,experts=[4,5]; c9:bw=11,experts=[2]; c4:bw=14,experts=[1]; c0:bw=22,experts=[1,5]; c2:bw=17,experts=[4]; c6:bw=19,experts=[5]
  100 | 0.01000 |   1.2674 |   44.83% |   47.26% |    0:08.57
      bandwidth/experts | c2:bw=17,experts=[4]; c8:bw=25,experts=[0,4]; c9:bw=29,experts=[1,5]; c5:bw=10,experts=[7]; c6:bw=25,experts=[4,5]; c1:bw=10,experts=[6]; c4:bw=36,experts=[1,6,7]; c7:bw=10,experts=[7]; c3:bw=23,experts=[3,7]; c0:bw=36,experts=[2,6,7]

Done. Best Acc: 47.26% @ round 89
Total time: 14:27.10
[Export] 实验目录: /userhome/cs3/duanty/FedMoE/results/20260920-093407
[Export] 每轮明细: /userhome/cs3/duanty/FedMoE/results/20260920-093407/rounds.xlsx
[Export] 总体摘要: /userhome/cs3/duanty/FedMoE/results/20260920-093407/summary.xlsx
[Plot] result = /userhome/cs3/duanty/FedMoE/results/20260920-093407
[Plot] figures -> /userhome/cs3/duanty/FedMoE/results/20260920-093407/figure
  fig01_test_accuracy.pdf
  fig02_train_loss.pdf
  fig03_acc_and_loss.pdf
  fig04_bandwidth_and_k.pdf
  fig05_expert_round_heatmap.pdf
  fig06_client_expert_heatmap.pdf
  fig07_expert_frequency.pdf
  fig08_time_breakdown.pdf
  fig09_accuracy_vs_communication.pdf
  fig10_overview.pdf
[Export] 图片目录: /userhome/cs3/duanty/FedMoE/results/20260920-093407/figure
